Classfile jar:file:/Users/lordcasser/workspace/projects/jarde/openspec/evidence/same-class-generic-call-consumers-2026-10-09/frozen-inputs-v1/corretto8/debug/ExceptionHold/ExceptionHold.jar!/ExceptionHold.class
  Last modified 2026-10-8; size 843 bytes
  MD5 checksum 9b2f95be8b759243e4f9899844a2bb36
  Compiled from "ExceptionHold.java"
public class ExceptionHold<T extends java.lang.Object> extends java.lang.Object
  minor version: 0
  major version: 52
  flags: ACC_PUBLIC, ACC_SUPER
Constant pool:
   #1 = Methodref          #6.#34         // java/lang/Object."<init>":()V
   #2 = Methodref          #5.#35         // ExceptionHold.maybe:(Ljava/lang/Object;)Ljava/lang/Object;
   #3 = Fieldref           #5.#36         // ExceptionHold.v:Ljava/lang/Object;
   #4 = Class              #37            // java/lang/RuntimeException
   #5 = Class              #38            // ExceptionHold
   #6 = Class              #39            // java/lang/Object
   #7 = Utf8               v
   #8 = Utf8               Ljava/lang/Object;
   #9 = Utf8               Signature
  #10 = Utf8               TT;
  #11 = Utf8               <init>
  #12 = Utf8               (Ljava/lang/Object;)V
  #13 = Utf8               Code
  #14 = Utf8               LineNumberTable
  #15 = Utf8               LocalVariableTable
  #16 = Utf8               ex
  #17 = Utf8               Ljava/lang/RuntimeException;
  #18 = Utf8               this
  #19 = Utf8               LExceptionHold;
  #20 = Utf8               LocalVariableTypeTable
  #21 = Utf8               LExceptionHold<TT;>;
  #22 = Utf8               StackMapTable
  #23 = Class              #38            // ExceptionHold
  #24 = Class              #39            // java/lang/Object
  #25 = Class              #37            // java/lang/RuntimeException
  #26 = Utf8               (TT;)V
  #27 = Utf8               maybe
  #28 = Utf8               (Ljava/lang/Object;)Ljava/lang/Object;
  #29 = Utf8               x
  #30 = Utf8               (TT;)TT;
  #31 = Utf8               <T:Ljava/lang/Object;>Ljava/lang/Object;
  #32 = Utf8               SourceFile
  #33 = Utf8               ExceptionHold.java
  #34 = NameAndType        #11:#40        // "<init>":()V
  #35 = NameAndType        #27:#28        // maybe:(Ljava/lang/Object;)Ljava/lang/Object;
  #36 = NameAndType        #7:#8          // v:Ljava/lang/Object;
  #37 = Utf8               java/lang/RuntimeException
  #38 = Utf8               ExceptionHold
  #39 = Utf8               java/lang/Object
  #40 = Utf8               ()V
{
  public T v;
    descriptor: Ljava/lang/Object;
    flags: ACC_PUBLIC
    Signature: #10                          // TT;

  public ExceptionHold(T);
    descriptor: (Ljava/lang/Object;)V
    flags: ACC_PUBLIC
    Code:
      stack=3, locals=3, args_size=2
         0: aload_0
         1: invokespecial #1                  // Method java/lang/Object."<init>":()V
         4: aload_0
         5: aload_0
         6: aload_1
         7: invokespecial #2                  // Method maybe:(Ljava/lang/Object;)Ljava/lang/Object;
        10: putfield      #3                  // Field v:Ljava/lang/Object;
        13: goto          22
        16: astore_2
        17: aload_0
        18: aconst_null
        19: putfield      #3                  // Field v:Ljava/lang/Object;
        22: return
      Exception table:
         from    to  target type
             4    13    16   Class java/lang/RuntimeException
      LineNumberTable:
        line 1: 0
      LocalVariableTable:
        Start  Length  Slot  Name   Signature
           17       5     2    ex   Ljava/lang/RuntimeException;
            0      23     0  this   LExceptionHold;
            0      23     1     v   Ljava/lang/Object;
      LocalVariableTypeTable:
        Start  Length  Slot  Name   Signature
            0      23     0  this   LExceptionHold<TT;>;
            0      23     1     v   TT;
      StackMapTable: number_of_entries = 2
        frame_type = 255 /* full_frame */
          offset_delta = 16
          locals = [ class ExceptionHold, class java/lang/Object ]
          stack = [ class java/lang/RuntimeException ]
        frame_type = 5 /* same */
    Signature: #26                          // (TT;)V

  private T maybe(T);
    descriptor: (Ljava/lang/Object;)Ljava/lang/Object;
    flags: ACC_PRIVATE
    Code:
      stack=1, locals=2, args_size=2
         0: aload_1
         1: areturn
      LineNumberTable:
        line 1: 0
      LocalVariableTable:
        Start  Length  Slot  Name   Signature
            0       2     0  this   LExceptionHold;
            0       2     1     x   Ljava/lang/Object;
      LocalVariableTypeTable:
        Start  Length  Slot  Name   Signature
            0       2     0  this   LExceptionHold<TT;>;
            0       2     1     x   TT;
    Signature: #30                          // (TT;)TT;
}
Signature: #31                          // <T:Ljava/lang/Object;>Ljava/lang/Object;
SourceFile: "ExceptionHold.java"
