Classfile jar:file:///Users/lordcasser/workspace/projects/jarde/openspec/evidence/same-class-generic-call-consumers-2026-10-09/frozen-inputs-v1/openjdk23/nodebug/IndependentCallee/IndependentCallee.jar!/IndependentCallee.class
  Last modified 2026年10月9日; size 385 bytes
  SHA-256 checksum 011c68dfc6353e8dd1d99a33e7c0c98450018b8223934bb311852e608e00aa03
public class IndependentCallee<T extends java.lang.Object> extends java.lang.Object
  minor version: 0
  major version: 52
  flags: (0x0021) ACC_PUBLIC, ACC_SUPER
  this_class: #8                          // IndependentCallee
  super_class: #2                         // java/lang/Object
  interfaces: 0, fields: 0, methods: 3, attributes: 1
Constant pool:
   #1 = Methodref          #2.#3          // java/lang/Object."<init>":()V
   #2 = Class              #4             // java/lang/Object
   #3 = NameAndType        #5:#6          // "<init>":()V
   #4 = Utf8               java/lang/Object
   #5 = Utf8               <init>
   #6 = Utf8               ()V
   #7 = Methodref          #8.#9          // IndependentCallee.identity:(Ljava/lang/Object;)Ljava/lang/Object;
   #8 = Class              #10            // IndependentCallee
   #9 = NameAndType        #11:#12        // identity:(Ljava/lang/Object;)Ljava/lang/Object;
  #10 = Utf8               IndependentCallee
  #11 = Utf8               identity
  #12 = Utf8               (Ljava/lang/Object;)Ljava/lang/Object;
  #13 = Utf8               Code
  #14 = Utf8               Signature
  #15 = Utf8               <U:Ljava/lang/Object;>(TU;)TU;
  #16 = Utf8               relay
  #17 = Utf8               (TT;)TT;
  #18 = Utf8               <T:Ljava/lang/Object;>Ljava/lang/Object;
{
  public IndependentCallee();
    descriptor: ()V
    flags: (0x0001) ACC_PUBLIC
    Code:
      stack=1, locals=1, args_size=1
         0: aload_0
         1: invokespecial #1                  // Method java/lang/Object."<init>":()V
         4: return

  public <U extends java.lang.Object> U identity(U);
    descriptor: (Ljava/lang/Object;)Ljava/lang/Object;
    flags: (0x0001) ACC_PUBLIC
    Code:
      stack=1, locals=2, args_size=2
         0: aload_1
         1: areturn
    Signature: #15                          // <U:Ljava/lang/Object;>(TU;)TU;

  public T relay(T);
    descriptor: (Ljava/lang/Object;)Ljava/lang/Object;
    flags: (0x0001) ACC_PUBLIC
    Code:
      stack=2, locals=2, args_size=2
         0: aload_0
         1: aload_1
         2: invokevirtual #7                  // Method identity:(Ljava/lang/Object;)Ljava/lang/Object;
         5: areturn
    Signature: #17                          // (TT;)TT;
}
Signature: #18                          // <T:Ljava/lang/Object;>Ljava/lang/Object;
