警告: [options] 源值 8 已过时，将在未来发行版中删除
警告: [options] 目标值 8 已过时，将在未来发行版中删除
警告: [options] 要隐藏有关已过时选项的警告, 请使用 -Xlint:-options。
/var/folders/gm/lzn3ylzx4lz7mx29lftngdz40000gn/T/jarde-floating-cli-e2b6_xv_/FloatingConstants.java:21: 错误: 缺少返回语句
    }
    ^
/var/folders/gm/lzn3ylzx4lz7mx29lftngdz40000gn/T/jarde-floating-cli-e2b6_xv_/FloatingConstants.java:32: 错误: 缺少返回语句
    }
    ^
/var/folders/gm/lzn3ylzx4lz7mx29lftngdz40000gn/T/jarde-floating-cli-e2b6_xv_/FloatingConstants.java:43: 错误: 缺少返回语句
    }
    ^
/var/folders/gm/lzn3ylzx4lz7mx29lftngdz40000gn/T/jarde-floating-cli-e2b6_xv_/FloatingConstants.java:54: 错误: 缺少返回语句
    }
    ^
/var/folders/gm/lzn3ylzx4lz7mx29lftngdz40000gn/T/jarde-floating-cli-e2b6_xv_/FloatingConstants.java:65: 错误: 缺少返回语句
    }
    ^
/var/folders/gm/lzn3ylzx4lz7mx29lftngdz40000gn/T/jarde-floating-cli-e2b6_xv_/FloatingConstants.java:76: 错误: 缺少返回语句
    }
    ^
/var/folders/gm/lzn3ylzx4lz7mx29lftngdz40000gn/T/jarde-floating-cli-e2b6_xv_/FloatingConstants.java:87: 错误: 缺少返回语句
    }
    ^
/var/folders/gm/lzn3ylzx4lz7mx29lftngdz40000gn/T/jarde-floating-cli-e2b6_xv_/FloatingConstants.java:98: 错误: 缺少返回语句
    }
    ^
/var/folders/gm/lzn3ylzx4lz7mx29lftngdz40000gn/T/jarde-floating-cli-e2b6_xv_/FloatingConstants.java:109: 错误: 缺少返回语句
    }
    ^
/var/folders/gm/lzn3ylzx4lz7mx29lftngdz40000gn/T/jarde-floating-cli-e2b6_xv_/FloatingConstants.java:120: 错误: 缺少返回语句
    }
    ^
/var/folders/gm/lzn3ylzx4lz7mx29lftngdz40000gn/T/jarde-floating-cli-e2b6_xv_/FloatingConstants.java:131: 错误: 缺少返回语句
    }
    ^
/var/folders/gm/lzn3ylzx4lz7mx29lftngdz40000gn/T/jarde-floating-cli-e2b6_xv_/FloatingConstants.java:142: 错误: 缺少返回语句
    }
    ^
/var/folders/gm/lzn3ylzx4lz7mx29lftngdz40000gn/T/jarde-floating-cli-e2b6_xv_/FloatingConstants.java:153: 错误: 缺少返回语句
    }
    ^
/var/folders/gm/lzn3ylzx4lz7mx29lftngdz40000gn/T/jarde-floating-cli-e2b6_xv_/FloatingConstants.java:164: 错误: 缺少返回语句
    }
    ^
/var/folders/gm/lzn3ylzx4lz7mx29lftngdz40000gn/T/jarde-floating-cli-e2b6_xv_/FloatingConstants.java:175: 错误: 缺少返回语句
    }
    ^
/var/folders/gm/lzn3ylzx4lz7mx29lftngdz40000gn/T/jarde-floating-cli-e2b6_xv_/FloatingConstants.java:186: 错误: 缺少返回语句
    }
    ^
/var/folders/gm/lzn3ylzx4lz7mx29lftngdz40000gn/T/jarde-floating-cli-e2b6_xv_/FloatingConstants.java:197: 错误: 缺少返回语句
    }
    ^
/var/folders/gm/lzn3ylzx4lz7mx29lftngdz40000gn/T/jarde-floating-cli-e2b6_xv_/FloatingConstants.java:208: 错误: 缺少返回语句
    }
    ^
/var/folders/gm/lzn3ylzx4lz7mx29lftngdz40000gn/T/jarde-floating-cli-e2b6_xv_/FloatingConstants.java:219: 错误: 缺少返回语句
    }
    ^
/var/folders/gm/lzn3ylzx4lz7mx29lftngdz40000gn/T/jarde-floating-cli-e2b6_xv_/FloatingConstants.java:230: 错误: 缺少返回语句
    }
    ^
/var/folders/gm/lzn3ylzx4lz7mx29lftngdz40000gn/T/jarde-floating-cli-e2b6_xv_/FloatingConstants.java:241: 错误: 缺少返回语句
    }
    ^
/var/folders/gm/lzn3ylzx4lz7mx29lftngdz40000gn/T/jarde-floating-cli-e2b6_xv_/FloatingConstants.java:252: 错误: 缺少返回语句
    }
    ^
/var/folders/gm/lzn3ylzx4lz7mx29lftngdz40000gn/T/jarde-floating-cli-e2b6_xv_/FloatingConstants.java:263: 错误: 缺少返回语句
    }
    ^
/var/folders/gm/lzn3ylzx4lz7mx29lftngdz40000gn/T/jarde-floating-cli-e2b6_xv_/FloatingConstants.java:274: 错误: 缺少返回语句
    }
    ^
/var/folders/gm/lzn3ylzx4lz7mx29lftngdz40000gn/T/jarde-floating-cli-e2b6_xv_/FloatingConstants.java:285: 错误: 缺少返回语句
    }
    ^
/var/folders/gm/lzn3ylzx4lz7mx29lftngdz40000gn/T/jarde-floating-cli-e2b6_xv_/FloatingConstants.java:296: 错误: 缺少返回语句
    }
    ^
/var/folders/gm/lzn3ylzx4lz7mx29lftngdz40000gn/T/jarde-floating-cli-e2b6_xv_/FloatingConstants.java:307: 错误: 缺少返回语句
    }
    ^
/var/folders/gm/lzn3ylzx4lz7mx29lftngdz40000gn/T/jarde-floating-cli-e2b6_xv_/FloatingConstants.java:318: 错误: 缺少返回语句
    }
    ^
28 个错误
3 个警告
