   Compiling proc-macro2 v1.0.107
   Compiling unicode-ident v1.0.24
   Compiling quote v1.0.47
   Compiling serde_core v1.0.229
   Compiling shlex v2.0.1
   Compiling find-msvc-tools v0.1.12
   Compiling crc32fast v1.5.2
   Compiling hashbrown v0.17.1
   Compiling cfg-if v1.0.4
   Compiling equivalent v1.0.2
   Compiling simd-adler32 v0.3.10
   Compiling thiserror v2.0.20
   Compiling adler2 v2.0.1
   Compiling serde v1.0.229
   Compiling miniz_oxide v0.9.1
   Compiling cc v1.4.6
   Compiling arrayvec v0.7.8
   Compiling constant_time_eq v0.4.2
   Compiling bitflags v2.13.2
   Compiling rawzip v0.5.1
   Compiling foldhash v0.1.5
   Compiling fixedbitset v0.5.7
   Compiling utf8parse v0.2.2
   Compiling indexmap v2.14.2
   Compiling anstyle-parse v1.0.0
   Compiling is_terminal_polyfill v1.70.2
   Compiling hashbrown v0.15.5
   Compiling colorchoice v1.0.5
   Compiling anstyle v1.0.14
   Compiling zmij v1.0.23
   Compiling flate2 v1.1.10
   Compiling anstyle-query v1.1.5
   Compiling anstream v1.0.0
   Compiling heck v0.5.0
   Compiling serde_json v1.0.151
   Compiling strsim v0.11.1
   Compiling clap_lex v1.1.1
   Compiling noak v0.7.0
   Compiling petgraph v0.8.3
   Compiling itoa v1.0.18
   Compiling memchr v2.8.3
   Compiling clap_builder v4.6.7
   Compiling syn v3.0.5
   Compiling blake3 v1.8.7
   Compiling serde_derive v1.0.229
   Compiling thiserror-impl v2.0.20
   Compiling clap_derive v4.6.7
   Compiling clap v4.6.7
   Compiling jarde-reader v0.1.0 (<REPO>/crates/jarde-reader)
   Compiling jarde-query v0.1.0 (<REPO>/crates/jarde-query)
   Compiling jarde-jvm v0.1.0 (<REPO>/crates/jarde-jvm)
   Compiling jarde-java v0.1.0 (<REPO>/crates/jarde-java)
   Compiling jarde v0.1.0 (<REPO>)
warning: unused variable: `root_nesting`
    --> src/facade.rs:1365:83
     |
1365 |         let (mut report, family_scan, _root_method_asts, _anonymous_return_sites, root_nesting) =
     |                                                                                   ^^^^^^^^^^^^ help: if this is intentional, prefix it with an underscore: `_root_nesting`
     |
     = note: `#[warn(unused_variables)]` (part of `#[warn(unused)]`) on by default

warning: methods `anonymous_projection_text` and `anonymous_return_projection_text` are never used
    --> src/class_source.rs:5557:19
     |
5431 | impl ClassSourceMethod {
     | ---------------------- methods in this implementation
...
5557 |     pub(crate) fn anonymous_projection_text(&self, body: &str) -> Option<String> {
     |                   ^^^^^^^^^^^^^^^^^^^^^^^^^
...
5575 |     pub(crate) fn anonymous_return_projection_text(&self, body: &str) -> Option<String> {
     |                   ^^^^^^^^^^^^^^^^^^^^^^^^^^^^^^^^
     |
     = note: `#[warn(dead_code)]` (part of `#[warn(unused)]`) on by default

warning: `jarde` (lib) generated 2 warnings (run `cargo fix --lib -p jarde` to apply 1 suggestion)
   Compiling jarde-cli v0.1.0 (<REPO>/crates/jarde-cli)
    Finished `dev` profile [unoptimized + debuginfo] target(s) in 14.65s
exit=0
