Classfile jar:file:/Users/lordcasser/workspace/projects/jarde/openspec/evidence/same-class-generic-call-consumers-2026-10-09/frozen-inputs-v1/corretto8/nodebug/VarargsCall/VarargsCall.jar!/VarargsCall.class
  Last modified 2026-10-9; size 494 bytes
  MD5 checksum 4e2d2c01f4259c8f088d126562070c6a
public class VarargsCall<T extends java.lang.Object> extends java.lang.Object
  minor version: 0
  major version: 52
  flags: ACC_PUBLIC, ACC_SUPER
Constant pool:
   #1 = Methodref          #2.#18         // java/lang/Object."<init>":()V
   #2 = Class              #19            // java/lang/Object
   #3 = Methodref          #4.#20         // VarargsCall.first:([Ljava/lang/Object;)Ljava/lang/Object;
   #4 = Class              #21            // VarargsCall
   #5 = Utf8               <init>
   #6 = Utf8               ()V
   #7 = Utf8               Code
   #8 = Utf8               first
   #9 = Utf8               ([Ljava/lang/Object;)Ljava/lang/Object;
  #10 = Utf8               Signature
  #11 = Utf8               <U:Ljava/lang/Object;>([TU;)TU;
  #12 = Utf8               RuntimeVisibleAnnotations
  #13 = Utf8               Ljava/lang/SafeVarargs;
  #14 = Utf8               relay
  #15 = Utf8               (Ljava/lang/Object;)Ljava/lang/Object;
  #16 = Utf8               (TT;)TT;
  #17 = Utf8               <T:Ljava/lang/Object;>Ljava/lang/Object;
  #18 = NameAndType        #5:#6          // "<init>":()V
  #19 = Utf8               java/lang/Object
  #20 = NameAndType        #8:#9          // first:([Ljava/lang/Object;)Ljava/lang/Object;
  #21 = Utf8               VarargsCall
{
  public VarargsCall();
    descriptor: ()V
    flags: ACC_PUBLIC
    Code:
      stack=1, locals=1, args_size=1
         0: aload_0
         1: invokespecial #1                  // Method java/lang/Object."<init>":()V
         4: return

  public final <U extends java.lang.Object> U first(U...);
    descriptor: ([Ljava/lang/Object;)Ljava/lang/Object;
    flags: ACC_PUBLIC, ACC_FINAL, ACC_VARARGS
    Code:
      stack=2, locals=2, args_size=2
         0: aload_1
         1: iconst_0
         2: aaload
         3: areturn
    Signature: #11                          // <U:Ljava/lang/Object;>([TU;)TU;
    RuntimeVisibleAnnotations:
      0: #13()

  public T relay(T);
    descriptor: (Ljava/lang/Object;)Ljava/lang/Object;
    flags: ACC_PUBLIC
    Code:
      stack=5, locals=2, args_size=2
         0: aload_0
         1: iconst_1
         2: anewarray     #2                  // class java/lang/Object
         5: dup
         6: iconst_0
         7: aload_1
         8: aastore
         9: invokevirtual #3                  // Method first:([Ljava/lang/Object;)Ljava/lang/Object;
        12: areturn
    Signature: #16                          // (TT;)TT;
}
Signature: #17                          // <T:Ljava/lang/Object;>Ljava/lang/Object;
