B:instance:value:-32769:stored:-32769
B:instance:value:-32768:stored:-32768
B:instance:value:-257:stored:-257
B:instance:value:-256:stored:-256
B:instance:value:-129:stored:-129
B:instance:value:-128:stored:-128
B:instance:value:-2:stored:-2
B:instance:value:-1:stored:-1
B:instance:value:0:stored:0
B:instance:value:1:stored:1
B:instance:value:2:stored:2
B:instance:value:127:stored:127
B:instance:value:128:stored:128
B:instance:value:255:stored:255
B:instance:value:256:stored:256
B:instance:value:32767:stored:32767
B:instance:value:32768:stored:32768
B:instance:value:65535:stored:65535
B:instance:value:65536:stored:65536
B:instance:value:-2147483648:stored:-2147483648
B:instance:value:2147483647:stored:2147483647
B:instance:null:error:java.lang.NullPointerException
B:instance-produced:value:-32769:stored:-32769:calls:1
B:instance-produced:value:-32768:stored:-32768:calls:1
B:instance-produced:value:-257:stored:-257:calls:1
B:instance-produced:value:-256:stored:-256:calls:1
B:instance-produced:value:-129:stored:-129:calls:1
B:instance-produced:value:-128:stored:-128:calls:1
B:instance-produced:value:-2:stored:-2:calls:1
B:instance-produced:value:-1:stored:-1:calls:1
B:instance-produced:value:0:stored:0:calls:1
B:instance-produced:value:1:stored:1:calls:1
B:instance-produced:value:2:stored:2:calls:1
B:instance-produced:value:127:stored:127:calls:1
B:instance-produced:value:128:stored:128:calls:1
B:instance-produced:value:255:stored:255:calls:1
B:instance-produced:value:256:stored:256:calls:1
B:instance-produced:value:32767:stored:32767:calls:1
B:instance-produced:value:32768:stored:32768:calls:1
B:instance-produced:value:65535:stored:65535:calls:1
B:instance-produced:value:65536:stored:65536:calls:1
B:instance-produced:value:-2147483648:stored:-2147483648:calls:1
B:instance-produced:value:2147483647:stored:2147483647:calls:1
B:instance-produced:producer-fail:error:java.lang.IllegalStateException:stored:77:calls:1
B:instance-produced:null-fail:error:java.lang.IllegalStateException:calls:1
B:instance-produced:null-ok:error:java.lang.NullPointerException:calls:1
B:static:value:-32769:stored:-32769
B:static:value:-32768:stored:-32768
B:static:value:-257:stored:-257
B:static:value:-256:stored:-256
B:static:value:-129:stored:-129
B:static:value:-128:stored:-128
B:static:value:-2:stored:-2
B:static:value:-1:stored:-1
B:static:value:0:stored:0
B:static:value:1:stored:1
B:static:value:2:stored:2
B:static:value:127:stored:127
B:static:value:128:stored:128
B:static:value:255:stored:255
B:static:value:256:stored:256
B:static:value:32767:stored:32767
B:static:value:32768:stored:32768
B:static:value:65535:stored:65535
B:static:value:65536:stored:65536
B:static:value:-2147483648:stored:-2147483648
B:static:value:2147483647:stored:2147483647
B:static-produced:value:-32769:stored:-32769:calls:1
B:static-produced:value:-32768:stored:-32768:calls:1
B:static-produced:value:-257:stored:-257:calls:1
B:static-produced:value:-256:stored:-256:calls:1
B:static-produced:value:-129:stored:-129:calls:1
B:static-produced:value:-128:stored:-128:calls:1
B:static-produced:value:-2:stored:-2:calls:1
B:static-produced:value:-1:stored:-1:calls:1
B:static-produced:value:0:stored:0:calls:1
B:static-produced:value:1:stored:1:calls:1
B:static-produced:value:2:stored:2:calls:1
B:static-produced:value:127:stored:127:calls:1
B:static-produced:value:128:stored:128:calls:1
B:static-produced:value:255:stored:255:calls:1
B:static-produced:value:256:stored:256:calls:1
B:static-produced:value:32767:stored:32767:calls:1
B:static-produced:value:32768:stored:32768:calls:1
B:static-produced:value:65535:stored:65535:calls:1
B:static-produced:value:65536:stored:65536:calls:1
B:static-produced:value:-2147483648:stored:-2147483648:calls:1
B:static-produced:value:2147483647:stored:2147483647:calls:1
B:static-produced:producer-fail:error:java.lang.IllegalStateException:stored:77:calls:1
B:ordinary-instance:local:1
B:ordinary-instance:zero:0
B:ordinary-instance:one:1
B:ordinary-static:local:1
B:ordinary-static:zero:0
B:ordinary-static:one:1
C:instance:value:-32769:stored:-32769
C:instance:value:-32768:stored:-32768
C:instance:value:-257:stored:-257
C:instance:value:-256:stored:-256
C:instance:value:-129:stored:-129
C:instance:value:-128:stored:-128
C:instance:value:-2:stored:-2
C:instance:value:-1:stored:-1
C:instance:value:0:stored:0
C:instance:value:1:stored:1
C:instance:value:2:stored:2
C:instance:value:127:stored:127
C:instance:value:128:stored:128
C:instance:value:255:stored:255
C:instance:value:256:stored:256
C:instance:value:32767:stored:32767
C:instance:value:32768:stored:32768
C:instance:value:65535:stored:65535
C:instance:value:65536:stored:65536
C:instance:value:-2147483648:stored:-2147483648
C:instance:value:2147483647:stored:2147483647
C:instance:null:error:java.lang.NullPointerException
C:instance-produced:value:-32769:stored:-32769:calls:1
C:instance-produced:value:-32768:stored:-32768:calls:1
C:instance-produced:value:-257:stored:-257:calls:1
C:instance-produced:value:-256:stored:-256:calls:1
C:instance-produced:value:-129:stored:-129:calls:1
C:instance-produced:value:-128:stored:-128:calls:1
C:instance-produced:value:-2:stored:-2:calls:1
C:instance-produced:value:-1:stored:-1:calls:1
C:instance-produced:value:0:stored:0:calls:1
C:instance-produced:value:1:stored:1:calls:1
C:instance-produced:value:2:stored:2:calls:1
C:instance-produced:value:127:stored:127:calls:1
C:instance-produced:value:128:stored:128:calls:1
C:instance-produced:value:255:stored:255:calls:1
C:instance-produced:value:256:stored:256:calls:1
C:instance-produced:value:32767:stored:32767:calls:1
C:instance-produced:value:32768:stored:32768:calls:1
C:instance-produced:value:65535:stored:65535:calls:1
C:instance-produced:value:65536:stored:65536:calls:1
C:instance-produced:value:-2147483648:stored:-2147483648:calls:1
C:instance-produced:value:2147483647:stored:2147483647:calls:1
C:instance-produced:producer-fail:error:java.lang.IllegalStateException:stored:77:calls:1
C:instance-produced:null-fail:error:java.lang.IllegalStateException:calls:1
C:instance-produced:null-ok:error:java.lang.NullPointerException:calls:1
C:static:value:-32769:stored:-32769
C:static:value:-32768:stored:-32768
C:static:value:-257:stored:-257
C:static:value:-256:stored:-256
C:static:value:-129:stored:-129
C:static:value:-128:stored:-128
C:static:value:-2:stored:-2
C:static:value:-1:stored:-1
C:static:value:0:stored:0
C:static:value:1:stored:1
C:static:value:2:stored:2
C:static:value:127:stored:127
C:static:value:128:stored:128
C:static:value:255:stored:255
C:static:value:256:stored:256
C:static:value:32767:stored:32767
C:static:value:32768:stored:32768
C:static:value:65535:stored:65535
C:static:value:65536:stored:65536
C:static:value:-2147483648:stored:-2147483648
C:static:value:2147483647:stored:2147483647
C:static-produced:value:-32769:stored:-32769:calls:1
C:static-produced:value:-32768:stored:-32768:calls:1
C:static-produced:value:-257:stored:-257:calls:1
C:static-produced:value:-256:stored:-256:calls:1
C:static-produced:value:-129:stored:-129:calls:1
C:static-produced:value:-128:stored:-128:calls:1
C:static-produced:value:-2:stored:-2:calls:1
C:static-produced:value:-1:stored:-1:calls:1
C:static-produced:value:0:stored:0:calls:1
C:static-produced:value:1:stored:1:calls:1
C:static-produced:value:2:stored:2:calls:1
C:static-produced:value:127:stored:127:calls:1
C:static-produced:value:128:stored:128:calls:1
C:static-produced:value:255:stored:255:calls:1
C:static-produced:value:256:stored:256:calls:1
C:static-produced:value:32767:stored:32767:calls:1
C:static-produced:value:32768:stored:32768:calls:1
C:static-produced:value:65535:stored:65535:calls:1
C:static-produced:value:65536:stored:65536:calls:1
C:static-produced:value:-2147483648:stored:-2147483648:calls:1
C:static-produced:value:2147483647:stored:2147483647:calls:1
C:static-produced:producer-fail:error:java.lang.IllegalStateException:stored:77:calls:1
C:ordinary-instance:local:1
C:ordinary-instance:zero:0
C:ordinary-instance:one:1
C:ordinary-static:local:1
C:ordinary-static:zero:0
C:ordinary-static:one:1
S:instance:value:-32769:stored:-32769
S:instance:value:-32768:stored:-32768
S:instance:value:-257:stored:-257
S:instance:value:-256:stored:-256
S:instance:value:-129:stored:-129
S:instance:value:-128:stored:-128
S:instance:value:-2:stored:-2
S:instance:value:-1:stored:-1
S:instance:value:0:stored:0
S:instance:value:1:stored:1
S:instance:value:2:stored:2
S:instance:value:127:stored:127
S:instance:value:128:stored:128
S:instance:value:255:stored:255
S:instance:value:256:stored:256
S:instance:value:32767:stored:32767
S:instance:value:32768:stored:32768
S:instance:value:65535:stored:65535
S:instance:value:65536:stored:65536
S:instance:value:-2147483648:stored:-2147483648
S:instance:value:2147483647:stored:2147483647
S:instance:null:error:java.lang.NullPointerException
S:instance-produced:value:-32769:stored:-32769:calls:1
S:instance-produced:value:-32768:stored:-32768:calls:1
S:instance-produced:value:-257:stored:-257:calls:1
S:instance-produced:value:-256:stored:-256:calls:1
S:instance-produced:value:-129:stored:-129:calls:1
S:instance-produced:value:-128:stored:-128:calls:1
S:instance-produced:value:-2:stored:-2:calls:1
S:instance-produced:value:-1:stored:-1:calls:1
S:instance-produced:value:0:stored:0:calls:1
S:instance-produced:value:1:stored:1:calls:1
S:instance-produced:value:2:stored:2:calls:1
S:instance-produced:value:127:stored:127:calls:1
S:instance-produced:value:128:stored:128:calls:1
S:instance-produced:value:255:stored:255:calls:1
S:instance-produced:value:256:stored:256:calls:1
S:instance-produced:value:32767:stored:32767:calls:1
S:instance-produced:value:32768:stored:32768:calls:1
S:instance-produced:value:65535:stored:65535:calls:1
S:instance-produced:value:65536:stored:65536:calls:1
S:instance-produced:value:-2147483648:stored:-2147483648:calls:1
S:instance-produced:value:2147483647:stored:2147483647:calls:1
S:instance-produced:producer-fail:error:java.lang.IllegalStateException:stored:77:calls:1
S:instance-produced:null-fail:error:java.lang.IllegalStateException:calls:1
S:instance-produced:null-ok:error:java.lang.NullPointerException:calls:1
S:static:value:-32769:stored:-32769
S:static:value:-32768:stored:-32768
S:static:value:-257:stored:-257
S:static:value:-256:stored:-256
S:static:value:-129:stored:-129
S:static:value:-128:stored:-128
S:static:value:-2:stored:-2
S:static:value:-1:stored:-1
S:static:value:0:stored:0
S:static:value:1:stored:1
S:static:value:2:stored:2
S:static:value:127:stored:127
S:static:value:128:stored:128
S:static:value:255:stored:255
S:static:value:256:stored:256
S:static:value:32767:stored:32767
S:static:value:32768:stored:32768
S:static:value:65535:stored:65535
S:static:value:65536:stored:65536
S:static:value:-2147483648:stored:-2147483648
S:static:value:2147483647:stored:2147483647
S:static-produced:value:-32769:stored:-32769:calls:1
S:static-produced:value:-32768:stored:-32768:calls:1
S:static-produced:value:-257:stored:-257:calls:1
S:static-produced:value:-256:stored:-256:calls:1
S:static-produced:value:-129:stored:-129:calls:1
S:static-produced:value:-128:stored:-128:calls:1
S:static-produced:value:-2:stored:-2:calls:1
S:static-produced:value:-1:stored:-1:calls:1
S:static-produced:value:0:stored:0:calls:1
S:static-produced:value:1:stored:1:calls:1
S:static-produced:value:2:stored:2:calls:1
S:static-produced:value:127:stored:127:calls:1
S:static-produced:value:128:stored:128:calls:1
S:static-produced:value:255:stored:255:calls:1
S:static-produced:value:256:stored:256:calls:1
S:static-produced:value:32767:stored:32767:calls:1
S:static-produced:value:32768:stored:32768:calls:1
S:static-produced:value:65535:stored:65535:calls:1
S:static-produced:value:65536:stored:65536:calls:1
S:static-produced:value:-2147483648:stored:-2147483648:calls:1
S:static-produced:value:2147483647:stored:2147483647:calls:1
S:static-produced:producer-fail:error:java.lang.IllegalStateException:stored:77:calls:1
S:ordinary-instance:local:1
S:ordinary-instance:zero:0
S:ordinary-instance:one:1
S:ordinary-static:local:1
S:ordinary-static:zero:0
S:ordinary-static:one:1
