警告: [options] 源值 8 已过时，将在未来发行版中删除
警告: [options] 目标值 8 已过时，将在未来发行版中删除
警告: [options] 要隐藏有关已过时选项的警告, 请使用 -Xlint:-options。
/var/folders/gm/lzn3ylzx4lz7mx29lftngdz40000gn/T/jarde-postfix-boundary-5a60p184/jarde/BoundaryProbe.java:135: 错误: 缺少返回语句
    }
    ^
/var/folders/gm/lzn3ylzx4lz7mx29lftngdz40000gn/T/jarde-postfix-boundary-5a60p184/jarde/BoundaryProbe.java:150: 错误: 缺少返回语句
    }
    ^
/var/folders/gm/lzn3ylzx4lz7mx29lftngdz40000gn/T/jarde-postfix-boundary-5a60p184/jarde/BoundaryProbe.java:165: 错误: 缺少返回语句
    }
    ^
/var/folders/gm/lzn3ylzx4lz7mx29lftngdz40000gn/T/jarde-postfix-boundary-5a60p184/jarde/BoundaryProbe.java:180: 错误: 缺少返回语句
    }
    ^
/var/folders/gm/lzn3ylzx4lz7mx29lftngdz40000gn/T/jarde-postfix-boundary-5a60p184/jarde/BoundaryProbe.java:195: 错误: 缺少返回语句
    }
    ^
/var/folders/gm/lzn3ylzx4lz7mx29lftngdz40000gn/T/jarde-postfix-boundary-5a60p184/jarde/BoundaryProbe.java:210: 错误: 缺少返回语句
    }
    ^
/var/folders/gm/lzn3ylzx4lz7mx29lftngdz40000gn/T/jarde-postfix-boundary-5a60p184/jarde/BoundaryProbe.java:228: 错误: 缺少返回语句
    }
    ^
/var/folders/gm/lzn3ylzx4lz7mx29lftngdz40000gn/T/jarde-postfix-boundary-5a60p184/jarde/BoundaryProbe.java:246: 错误: 缺少返回语句
    }
    ^
/var/folders/gm/lzn3ylzx4lz7mx29lftngdz40000gn/T/jarde-postfix-boundary-5a60p184/jarde/BoundaryProbe.java:264: 错误: 缺少返回语句
    }
    ^
/var/folders/gm/lzn3ylzx4lz7mx29lftngdz40000gn/T/jarde-postfix-boundary-5a60p184/jarde/BoundaryProbe.java:286: 错误: 缺少返回语句
    }
    ^
/var/folders/gm/lzn3ylzx4lz7mx29lftngdz40000gn/T/jarde-postfix-boundary-5a60p184/jarde/BoundaryProbe.java:301: 错误: 缺少返回语句
    }
    ^
/var/folders/gm/lzn3ylzx4lz7mx29lftngdz40000gn/T/jarde-postfix-boundary-5a60p184/jarde/BoundaryProbe.java:314: 错误: 缺少返回语句
    }
    ^
12 个错误
3 个警告
