// jarde: presentation of `DuplicateTarget` from the class file's own declaration and one recovery run per member.
// jarde: not a compilable project: no imports and no resources are claimed (the `package` line is the class file's own name, not a claim about a directory); every place this text is not a full recovery carries a marker of this prefix.
@Tags(value = {@Tag(value = "one"), @Tag(value = "two")})

class DuplicateTarget extends java.lang.Object {
    DuplicateTarget() {
        // @method <init>()V
        // @declaration a constructor of `DuplicateTarget`, member flags 0x0000
        // recovered from bytecode; presentation is not claimed to compile
        super();
        return;
    }
}
class.class_bytes.digest = "c0b3e366ce421360b421a41bc26c1859291dd6763fce46876d8b4d1579236a69"
class.class_bytes.length = 234
class.location.kind = "standalone_root"
class.location.snapshot = "c0b3e366ce421360b421a41bc26c1859291dd6763fce46876d8b4d1579236a69"
class.variant.kind = "base"
coverage.artifact_structural.scanned.0.end = 1
coverage.artifact_structural.scanned.0.label = "navigation_candidates"
coverage.artifact_structural.scanned.0.start = 0
coverage.artifact_structural.scanned.1.end = 1
coverage.artifact_structural.scanned.1.label = "class_methods"
coverage.artifact_structural.scanned.1.start = 0
coverage.artifact_structural.scanned.2.end = 1
coverage.artifact_structural.scanned.2.label = "class_source_bodies"
coverage.artifact_structural.scanned.2.start = 0
coverage.artifact_structural.skipped = []
coverage.artifact_structural.state = "complete_within_schema"
coverage.artifact_structural.uninterpreted_extensions = []
coverage.dynamic_analysis.scanned = []
coverage.dynamic_analysis.skipped = []
coverage.dynamic_analysis.state = "not_requested"
coverage.dynamic_analysis.uninterpreted_extensions = []
coverage.runtime_resolution.scanned = []
coverage.runtime_resolution.skipped = []
coverage.runtime_resolution.state = "not_requested"
coverage.runtime_resolution.uninterpreted_extensions = []
declaration.annotation_attributes.0.annotations.0.Annotation.elements.0.name = [118,97,108,117,101]
declaration.annotation_attributes.0.annotations.0.Annotation.elements.0.value.Array.0.Annotation.elements.0.name = [118,97,108,117,101]
declaration.annotation_attributes.0.annotations.0.Annotation.elements.0.value.Array.0.Annotation.elements.0.value.Utf8 = [111,110,101]
declaration.annotation_attributes.0.annotations.0.Annotation.elements.0.value.Array.0.Annotation.type_descriptor = [76,84,97,103,59]
declaration.annotation_attributes.0.annotations.0.Annotation.elements.0.value.Array.1.Annotation.elements.0.name = [118,97,108,117,101]
declaration.annotation_attributes.0.annotations.0.Annotation.elements.0.value.Array.1.Annotation.elements.0.value.Utf8 = [116,119,111]
declaration.annotation_attributes.0.annotations.0.Annotation.elements.0.value.Array.1.Annotation.type_descriptor = [76,84,97,103,59]
declaration.annotation_attributes.0.annotations.0.Annotation.type_descriptor = [76,84,97,103,115,59]
declaration.annotation_attributes.0.attribute.content_span.length = 31
declaration.annotation_attributes.0.attribute.content_span.start = 203
declaration.annotation_attributes.0.attribute.name.escaped = "RuntimeInvisibleAnnotations"
declaration.annotation_attributes.0.attribute.name.raw = [82,117,110,116,105,109,101,73,110,118,105,115,105,98,108,101,65,110,110,111,116,97,116,105,111,110,115]
declaration.annotation_attributes.0.attribute.name.utf16 = [82,117,110,116,105,109,101,73,110,118,105,115,105,98,108,101,65,110,110,111,116,97,116,105,111,110,115]
declaration.annotation_attributes.0.attribute.span.length = 37
declaration.annotation_attributes.0.attribute.span.start = 197
declaration.annotation_refusals = []
declaration.annotation_uses = ["@Tags(value = {@Tag(value = \"one\"), @Tag(value = \"two\")})"]
declaration.declaration = "class DuplicateTarget extends java.lang.Object"
declaration.item.binding.kind = "standalone_root"
declaration.item.declaration.access_flags = 32
declaration.item.declaration.interfaces = []
declaration.item.declaration.super_class.escaped = "java/lang/Object"
declaration.item.declaration.super_class.raw = [106,97,118,97,47,108,97,110,103,47,79,98,106,101,99,116]
declaration.item.declaration.super_class.utf16 = [106,97,118,97,47,108,97,110,103,47,79,98,106,101,99,116]
declaration.item.declaration.this_class.escaped = "DuplicateTarget"
declaration.item.declaration.this_class.raw = [68,117,112,108,105,99,97,116,101,84,97,114,103,101,116]
declaration.item.declaration.this_class.utf16 = [68,117,112,108,105,99,97,116,101,84,97,114,103,101,116]
declaration.item.definition.class_bytes.digest = "c0b3e366ce421360b421a41bc26c1859291dd6763fce46876d8b4d1579236a69"
declaration.item.definition.class_bytes.length = 234
declaration.item.definition.location.kind = "standalone_root"
declaration.item.definition.location.snapshot = "c0b3e366ce421360b421a41bc26c1859291dd6763fce46876d8b4d1579236a69"
declaration.item.definition.variant.kind = "base"
declaration.item.member_table = null
declaration.name = "DuplicateTarget"
diagnostics = []
execution.status = "complete"
execution.usage.analysis_steps = 26
execution.usage.archive_entries = 0
execution.usage.attribute_bytes = 180
execution.usage.class_bytes = 468
execution.usage.class_headers = 1
execution.usage.code_bytes = 5
execution.usage.dependency_depth = 0
execution.usage.elapsed_millis = 0
execution.usage.entry_bytes = 0
execution.usage.input_bytes = 234
execution.usage.ir_edges = 2
execution.usage.ir_items = 57
execution.usage.method_bodies = 1
execution.usage.nested_depth = 0
execution.usage.normalization_clones = 0
execution.usage.output_bytes = 423
execution.usage.read_bytes = 234
execution.usage.result_items = 5
fields = []
limits.analysis_steps = 4194304
limits.archive_entries = 65536
limits.attribute_bytes = 67108864
limits.class_bytes = 67108864
limits.class_headers = 4096
limits.code_bytes = 16777216
limits.dependency_depth = 8
limits.elapsed_millis = 30000
limits.entry_bytes = 67108864
limits.input_bytes = 67108864
limits.ir_edges = 4194304
limits.ir_items = 4194304
limits.method_bodies = 4096
limits.nested_depth = 4
limits.normalization_clones = 1048576
limits.output_bytes = 16777216
limits.read_bytes = 67108864
limits.result_items = 65536
methods.0.declaration = "DuplicateTarget()"
methods.0.item.access_flags = 0
methods.0.item.body.content_span.length = 17
methods.0.item.body.content_span.start = 178
methods.0.item.body.kind = "code_attribute"
methods.0.item.descriptor.escaped = "()V"
methods.0.item.descriptor.raw = [40,41,86]
methods.0.item.descriptor.utf16 = [40,41,86]
methods.0.item.identity.descriptor = [40,41,86]
methods.0.item.identity.name = [60,105,110,105,116,62]
methods.0.item.identity.owner.class_bytes.digest = "c0b3e366ce421360b421a41bc26c1859291dd6763fce46876d8b4d1579236a69"
methods.0.item.identity.owner.class_bytes.length = 234
methods.0.item.identity.owner.location.kind = "standalone_root"
methods.0.item.identity.owner.location.snapshot = "c0b3e366ce421360b421a41bc26c1859291dd6763fce46876d8b4d1579236a69"
methods.0.item.identity.owner.variant.kind = "base"
methods.0.item.index = 0
methods.0.item.name.escaped = "<init>"
methods.0.item.name.raw = [60,105,110,105,116,62]
methods.0.item.name.utf16 = [60,105,110,105,116,62]
methods.0.markers = []
methods.0.no_body_kind = null
methods.0.outcome.analysis.diagnostics = 0
methods.0.outcome.analysis.execution.status = "complete"
methods.0.outcome.analysis.execution.usage.analysis_steps = 21
methods.0.outcome.analysis.execution.usage.archive_entries = 0
methods.0.outcome.analysis.execution.usage.attribute_bytes = 180
methods.0.outcome.analysis.execution.usage.class_bytes = 468
methods.0.outcome.analysis.execution.usage.class_headers = 1
methods.0.outcome.analysis.execution.usage.code_bytes = 5
methods.0.outcome.analysis.execution.usage.dependency_depth = 0
methods.0.outcome.analysis.execution.usage.elapsed_millis = 0
methods.0.outcome.analysis.execution.usage.entry_bytes = 0
methods.0.outcome.analysis.execution.usage.input_bytes = 234
methods.0.outcome.analysis.execution.usage.ir_edges = 2
methods.0.outcome.analysis.execution.usage.ir_items = 48
methods.0.outcome.analysis.execution.usage.method_bodies = 1
methods.0.outcome.analysis.execution.usage.nested_depth = 0
methods.0.outcome.analysis.execution.usage.normalization_clones = 0
methods.0.outcome.analysis.execution.usage.output_bytes = 234
methods.0.outcome.analysis.execution.usage.read_bytes = 234
methods.0.outcome.analysis.execution.usage.result_items = 4
methods.0.outcome.kind = "recovered"
methods.0.outcome.report.accessors = []
methods.0.outcome.report.aliased_names = []
methods.0.outcome.report.artifact.agreement.state = "not_stated"
methods.0.outcome.report.artifact.binding.engine = "0.1.0"
methods.0.outcome.report.artifact.binding.environment.content = ["c0b3e366ce421360b421a41bc26c1859291dd6763fce46876d8b4d1579236a69"]
methods.0.outcome.report.artifact.binding.environment.domain_loaders = ["app"]
methods.0.outcome.report.artifact.binding.environment.providers = []
methods.0.outcome.report.artifact.binding.environment.runtime.load_domain.delegation.kind = "parent_first"
methods.0.outcome.report.artifact.binding.environment.runtime.load_domain.external_override = "none"
methods.0.outcome.report.artifact.binding.environment.runtime.load_domain.loader = "app"
methods.0.outcome.report.artifact.binding.environment.runtime.load_domain.module_mode.kind = "class_path"
methods.0.outcome.report.artifact.binding.environment.runtime.load_domain.parent_loader = null
methods.0.outcome.report.artifact.binding.environment.runtime.load_domain.roots.0.kind = "standalone_class"
methods.0.outcome.report.artifact.binding.environment.runtime.load_domain.roots.0.snapshot = "c0b3e366ce421360b421a41bc26c1859291dd6763fce46876d8b4d1579236a69"
methods.0.outcome.report.artifact.binding.environment.runtime.load_domain.runtime_transformation = "none"
methods.0.outcome.report.artifact.binding.environment.runtime.physical.scope.kind = "snapshot_all"
methods.0.outcome.report.artifact.binding.environment.runtime.physical.snapshot = "c0b3e366ce421360b421a41bc26c1859291dd6763fce46876d8b4d1579236a69"
methods.0.outcome.report.artifact.binding.environment.runtime.profile.java_release = 8
methods.0.outcome.report.artifact.binding.environment.runtime.profile.layout.kind = "generic"
methods.0.outcome.report.artifact.binding.environment.runtime.profile.multi_release.kind = "disabled"
methods.0.outcome.report.artifact.binding.member_ordinal = 0
methods.0.outcome.report.artifact.binding.method.descriptor = [40,41,86]
methods.0.outcome.report.artifact.binding.method.name = [60,105,110,105,116,62]
methods.0.outcome.report.artifact.binding.method.owner.class_bytes.digest = "c0b3e366ce421360b421a41bc26c1859291dd6763fce46876d8b4d1579236a69"
methods.0.outcome.report.artifact.binding.method.owner.class_bytes.length = 234
methods.0.outcome.report.artifact.binding.method.owner.location.kind = "standalone_root"
methods.0.outcome.report.artifact.binding.method.owner.location.snapshot = "c0b3e366ce421360b421a41bc26c1859291dd6763fce46876d8b4d1579236a69"
methods.0.outcome.report.artifact.binding.method.owner.variant.kind = "base"
methods.0.outcome.report.artifact.binding.profile.java_release = 8
methods.0.outcome.report.artifact.binding.profile.layout.kind = "generic"
methods.0.outcome.report.artifact.binding.profile.multi_release.kind = "disabled"
methods.0.outcome.report.artifact.binding.registry = 71
methods.0.outcome.report.artifact.binding.rules = ["straight@1","if@1","loop@1","switch@1","lambda@1","concat@1","bridge@1","accessor@1","new@1","field@1","enumswitch@1","init@1","declaration@1","twr@1","monitor@1"]
methods.0.outcome.report.artifact.binding.schema = 1
methods.0.outcome.report.artifact.binding.text_bytes = 189
methods.0.outcome.report.artifact.binding.text_digest = "11163daa569c40fa9da27883ae01e76b"
methods.0.outcome.report.bridges = []
methods.0.outcome.report.compile_status = "not_attempted"
methods.0.outcome.report.concats = []
methods.0.outcome.report.content = "contains_statements"
methods.0.outcome.report.declaration = null
methods.0.outcome.report.diagnostics.0.code = "jre_recovery_produced"
methods.0.outcome.report.diagnostics.0.message = "1 region(s), 2 statement(s), 2 segment(s), 189 byte(s) written from 1 canonical block(s)"
methods.0.outcome.report.diagnostics.0.provenance = null
methods.0.outcome.report.diagnostics.0.severity = "info"
methods.0.outcome.report.diagnostics.1.code = "jre_constructor_prologue"
methods.0.outcome.report.diagnostics.1.message = "the body is an instance initializer and its prologue is written under init@1 as `super`: the call at BCI 1 names `java/lang/Object`, and the class that declares this constructor is `DuplicateTarget`"
methods.0.outcome.report.diagnostics.1.provenance = null
methods.0.outcome.report.diagnostics.1.severity = "info"
methods.0.outcome.report.diagnostics.2.code = "jre_declaration"
methods.0.outcome.report.diagnostics.2.message = "the artifact's envelope states the member's declaration under declaration@1: a constructor"
methods.0.outcome.report.diagnostics.2.provenance = null
methods.0.outcome.report.diagnostics.2.severity = "info"
methods.0.outcome.report.enum_switches = []
methods.0.outcome.report.evidence.categories.0.kind = "source_map"
methods.0.outcome.report.evidence.categories.0.state.state = "not_requested"
methods.0.outcome.report.evidence.categories.1.kind = "region_details"
methods.0.outcome.report.evidence.categories.1.state.state = "not_requested"
methods.0.outcome.report.evidence.categories.2.kind = "rule_details"
methods.0.outcome.report.evidence.categories.2.state.state = "not_requested"
methods.0.outcome.report.evidence.categories.3.kind = "name_details"
methods.0.outcome.report.evidence.categories.3.state.state = "not_requested"
methods.0.outcome.report.evidence.categories.4.kind = "read_details"
methods.0.outcome.report.evidence.categories.4.state.state = "not_requested"
methods.0.outcome.report.evidence.requested.driver_bci_range = null
methods.0.outcome.report.evidence.requested.expected_artifact = null
methods.0.outcome.report.evidence.requested.kinds = []
methods.0.outcome.report.execution.status = "complete"
methods.0.outcome.report.execution.usage.analysis_steps = 26
methods.0.outcome.report.execution.usage.archive_entries = 0
methods.0.outcome.report.execution.usage.attribute_bytes = 180
methods.0.outcome.report.execution.usage.class_bytes = 468
methods.0.outcome.report.execution.usage.class_headers = 1
methods.0.outcome.report.execution.usage.code_bytes = 5
methods.0.outcome.report.execution.usage.dependency_depth = 0
methods.0.outcome.report.execution.usage.elapsed_millis = 0
methods.0.outcome.report.execution.usage.entry_bytes = 0
methods.0.outcome.report.execution.usage.input_bytes = 234
methods.0.outcome.report.execution.usage.ir_edges = 2
methods.0.outcome.report.execution.usage.ir_items = 57
methods.0.outcome.report.execution.usage.method_bodies = 1
methods.0.outcome.report.execution.usage.nested_depth = 0
methods.0.outcome.report.execution.usage.normalization_clones = 0
methods.0.outcome.report.execution.usage.output_bytes = 423
methods.0.outcome.report.execution.usage.read_bytes = 234
methods.0.outcome.report.execution.usage.result_items = 4
methods.0.outcome.report.fallbacks = []
methods.0.outcome.report.fields = []
methods.0.outcome.report.init = null
methods.0.outcome.report.lambdas = []
methods.0.outcome.report.method = "<init>()V"
methods.0.outcome.report.news = []
methods.0.outcome.report.outcome = "produced"
methods.0.outcome.report.profile.java_release = 8
methods.0.outcome.report.profile.layout.kind = "generic"
methods.0.outcome.report.profile.multi_release.kind = "disabled"
methods.0.outcome.report.quality = "structured"
methods.0.outcome.report.regions = []
methods.0.outcome.report.representation = "java"
methods.0.outcome.report.rules = []
methods.0.outcome.report.semantic_validation = "unproven"
methods.0.outcome.report.source_map.segments = []
methods.0.outcome.report.syntax_status = "unchecked"
methods.0.outcome.report.text = "// @method <init>()V\n// @declaration a constructor of `DuplicateTarget`, member flags 0x0000\n// recovered from bytecode; presentation is not claimed to compile\n{\n    super();\n    return;\n}\n"
methods.0.outcome.report.verification = "not_performed"
methods.0.text = "    DuplicateTarget() {\n        // @method <init>()V\n        // @declaration a constructor of `DuplicateTarget`, member flags 0x0000\n        // recovered from bytecode; presentation is not claimed to compile\n        super();\n        return;\n    }\n"
outcome = "performed"
stages = ["raw_facts","raw_cfg","legacy_normalization","canonical_cfg","frame","ssa"]
usage.analysis_steps = 26
usage.archive_entries = 0
usage.attribute_bytes = 180
usage.class_bytes = 468
usage.class_headers = 1
usage.code_bytes = 5
usage.dependency_depth = 0
usage.elapsed_millis = 0
usage.entry_bytes = 0
usage.input_bytes = 234
usage.ir_edges = 2
usage.ir_items = 57
usage.method_bodies = 1
usage.nested_depth = 0
usage.normalization_clones = 0
usage.output_bytes = 423
usage.read_bytes = 234
usage.result_items = 5
view.scope.kind = "snapshot_all"
view.snapshot = "c0b3e366ce421360b421a41bc26c1859291dd6763fce46876d8b4d1579236a69"
