bridge_proofs = []
class.class_bytes.digest = "ac68f7f7897510018c4810b72848146535cd88857979a463e076cfa1842fc994"
class.class_bytes.length = 775
class.location.entry.ordinal = 3
class.location.entry.origin.root_container = "root"
class.location.entry.origin.snapshot = "46f6226b14bccd2392416f4e5a91593cb55d1d77d2a89e753a07266d8e8f6eda"
class.location.entry.origin.steps = []
class.location.entry.raw_name = [77,105,120,101,100,83,104,111,114,116,67,105,114,99,117,105,116,70,105,101,108,100,46,99,108,97,115,115]
class.location.kind = "archive_entry"
class.variant.kind = "base"
coverage.artifact_structural.scanned.0.end = 10
coverage.artifact_structural.scanned.0.label = "central_directory_entries"
coverage.artifact_structural.scanned.0.start = 0
coverage.artifact_structural.scanned.1.end = 1
coverage.artifact_structural.scanned.1.label = "navigation_candidates"
coverage.artifact_structural.scanned.1.start = 0
coverage.artifact_structural.scanned.2.end = 6
coverage.artifact_structural.scanned.2.label = "class_fields"
coverage.artifact_structural.scanned.2.start = 0
coverage.artifact_structural.scanned.3.end = 5
coverage.artifact_structural.scanned.3.label = "class_methods"
coverage.artifact_structural.scanned.3.start = 0
coverage.artifact_structural.scanned.4.end = 5
coverage.artifact_structural.scanned.4.label = "class_source_bodies"
coverage.artifact_structural.scanned.4.start = 0
coverage.artifact_structural.skipped = []
coverage.artifact_structural.state = "complete_within_schema"
coverage.artifact_structural.uninterpreted_extensions = []
coverage.dynamic_analysis.scanned = []
coverage.dynamic_analysis.skipped = []
coverage.dynamic_analysis.state = "not_requested"
coverage.dynamic_analysis.uninterpreted_extensions = []
coverage.runtime_resolution.scanned = []
coverage.runtime_resolution.skipped = []
coverage.runtime_resolution.state = "not_requested"
coverage.runtime_resolution.uninterpreted_extensions = []
declaration.annotation_attributes = []
declaration.annotation_refusals = []
declaration.annotation_uses = []
declaration.declaration = "public final class MixedShortCircuitField extends java.lang.Object"
declaration.generic_refusal = null
declaration.generic_signature = null
declaration.item.binding.kind = "path_name_agrees"
declaration.item.declaration.access_flags = 49
declaration.item.declaration.interfaces = []
declaration.item.declaration.super_class.escaped = "java/lang/Object"
declaration.item.declaration.super_class.raw = [106,97,118,97,47,108,97,110,103,47,79,98,106,101,99,116]
declaration.item.declaration.super_class.utf16 = [106,97,118,97,47,108,97,110,103,47,79,98,106,101,99,116]
declaration.item.declaration.this_class.escaped = "MixedShortCircuitField"
declaration.item.declaration.this_class.raw = [77,105,120,101,100,83,104,111,114,116,67,105,114,99,117,105,116,70,105,101,108,100]
declaration.item.declaration.this_class.utf16 = [77,105,120,101,100,83,104,111,114,116,67,105,114,99,117,105,116,70,105,101,108,100]
declaration.item.definition.class_bytes.digest = "ac68f7f7897510018c4810b72848146535cd88857979a463e076cfa1842fc994"
declaration.item.definition.class_bytes.length = 775
declaration.item.definition.location.entry.ordinal = 3
declaration.item.definition.location.entry.origin.root_container = "root"
declaration.item.definition.location.entry.origin.snapshot = "46f6226b14bccd2392416f4e5a91593cb55d1d77d2a89e753a07266d8e8f6eda"
declaration.item.definition.location.entry.origin.steps = []
declaration.item.definition.location.entry.raw_name = [77,105,120,101,100,83,104,111,114,116,67,105,114,99,117,105,116,70,105,101,108,100,46,99,108,97,115,115]
declaration.item.definition.location.kind = "archive_entry"
declaration.item.definition.variant.kind = "base"
declaration.item.member_table = null
declaration.name = "MixedShortCircuitField"
diagnostics = []
enum_switch_proofs = []
execution.status = "complete"
execution.usage.analysis_steps = 546
execution.usage.archive_entries = 24
execution.usage.attribute_bytes = 690
execution.usage.class_bytes = 1550
execution.usage.class_headers = 1
execution.usage.code_bytes = 78
execution.usage.dependency_depth = 0
execution.usage.elapsed_millis = 7
execution.usage.entry_bytes = 775
execution.usage.input_bytes = 4960
execution.usage.ir_edges = 106
execution.usage.ir_items = 1092
execution.usage.method_bodies = 5
execution.usage.nested_depth = 0
execution.usage.normalization_clones = 0
execution.usage.output_bytes = 1454
execution.usage.read_bytes = 482
execution.usage.result_items = 49
fields.0.annotations.attributes = []
fields.0.annotations.refusals = []
fields.0.annotations.uses = []
fields.0.declaration = "static boolean bValue"
fields.0.item.access_flags = 8
fields.0.item.descriptor.escaped = "Z"
fields.0.item.descriptor.raw = [90]
fields.0.item.descriptor.utf16 = [90]
fields.0.item.identity.member.descriptor = [90]
fields.0.item.identity.member.kind = "field"
fields.0.item.identity.member.name = [98,86,97,108,117,101]
fields.0.item.identity.owner.class_bytes.digest = "ac68f7f7897510018c4810b72848146535cd88857979a463e076cfa1842fc994"
fields.0.item.identity.owner.class_bytes.length = 775
fields.0.item.identity.owner.location.entry.ordinal = 3
fields.0.item.identity.owner.location.entry.origin.root_container = "root"
fields.0.item.identity.owner.location.entry.origin.snapshot = "46f6226b14bccd2392416f4e5a91593cb55d1d77d2a89e753a07266d8e8f6eda"
fields.0.item.identity.owner.location.entry.origin.steps = []
fields.0.item.identity.owner.location.entry.raw_name = [77,105,120,101,100,83,104,111,114,116,67,105,114,99,117,105,116,70,105,101,108,100,46,99,108,97,115,115]
fields.0.item.identity.owner.location.kind = "archive_entry"
fields.0.item.identity.owner.variant.kind = "base"
fields.0.item.index = 0
fields.0.item.name.escaped = "bValue"
fields.0.item.name.raw = [98,86,97,108,117,101]
fields.0.item.name.utf16 = [98,86,97,108,117,101]
fields.0.markers = []
fields.0.type_annotations.attributes = []
fields.0.type_annotations.field_uses = []
fields.0.type_annotations.parameter_uses = []
fields.0.type_annotations.refusals = []
fields.0.type_annotations.return_uses = []
fields.1.annotations.attributes = []
fields.1.annotations.refusals = []
fields.1.annotations.uses = []
fields.1.declaration = "static boolean cValue"
fields.1.item.access_flags = 8
fields.1.item.descriptor.escaped = "Z"
fields.1.item.descriptor.raw = [90]
fields.1.item.descriptor.utf16 = [90]
fields.1.item.identity.member.descriptor = [90]
fields.1.item.identity.member.kind = "field"
fields.1.item.identity.member.name = [99,86,97,108,117,101]
fields.1.item.identity.owner.class_bytes.digest = "ac68f7f7897510018c4810b72848146535cd88857979a463e076cfa1842fc994"
fields.1.item.identity.owner.class_bytes.length = 775
fields.1.item.identity.owner.location.entry.ordinal = 3
fields.1.item.identity.owner.location.entry.origin.root_container = "root"
fields.1.item.identity.owner.location.entry.origin.snapshot = "46f6226b14bccd2392416f4e5a91593cb55d1d77d2a89e753a07266d8e8f6eda"
fields.1.item.identity.owner.location.entry.origin.steps = []
fields.1.item.identity.owner.location.entry.raw_name = [77,105,120,101,100,83,104,111,114,116,67,105,114,99,117,105,116,70,105,101,108,100,46,99,108,97,115,115]
fields.1.item.identity.owner.location.kind = "archive_entry"
fields.1.item.identity.owner.variant.kind = "base"
fields.1.item.index = 1
fields.1.item.name.escaped = "cValue"
fields.1.item.name.raw = [99,86,97,108,117,101]
fields.1.item.name.utf16 = [99,86,97,108,117,101]
fields.1.markers = []
fields.1.type_annotations.attributes = []
fields.1.type_annotations.field_uses = []
fields.1.type_annotations.parameter_uses = []
fields.1.type_annotations.refusals = []
fields.1.type_annotations.return_uses = []
fields.2.annotations.attributes = []
fields.2.annotations.refusals = []
fields.2.annotations.uses = []
fields.2.declaration = "static int bCalls"
fields.2.item.access_flags = 8
fields.2.item.descriptor.escaped = "I"
fields.2.item.descriptor.raw = [73]
fields.2.item.descriptor.utf16 = [73]
fields.2.item.identity.member.descriptor = [73]
fields.2.item.identity.member.kind = "field"
fields.2.item.identity.member.name = [98,67,97,108,108,115]
fields.2.item.identity.owner.class_bytes.digest = "ac68f7f7897510018c4810b72848146535cd88857979a463e076cfa1842fc994"
fields.2.item.identity.owner.class_bytes.length = 775
fields.2.item.identity.owner.location.entry.ordinal = 3
fields.2.item.identity.owner.location.entry.origin.root_container = "root"
fields.2.item.identity.owner.location.entry.origin.snapshot = "46f6226b14bccd2392416f4e5a91593cb55d1d77d2a89e753a07266d8e8f6eda"
fields.2.item.identity.owner.location.entry.origin.steps = []
fields.2.item.identity.owner.location.entry.raw_name = [77,105,120,101,100,83,104,111,114,116,67,105,114,99,117,105,116,70,105,101,108,100,46,99,108,97,115,115]
fields.2.item.identity.owner.location.kind = "archive_entry"
fields.2.item.identity.owner.variant.kind = "base"
fields.2.item.index = 2
fields.2.item.name.escaped = "bCalls"
fields.2.item.name.raw = [98,67,97,108,108,115]
fields.2.item.name.utf16 = [98,67,97,108,108,115]
fields.2.markers = []
fields.2.type_annotations.attributes = []
fields.2.type_annotations.field_uses = []
fields.2.type_annotations.parameter_uses = []
fields.2.type_annotations.refusals = []
fields.2.type_annotations.return_uses = []
fields.3.annotations.attributes = []
fields.3.annotations.refusals = []
fields.3.annotations.uses = []
fields.3.declaration = "static int cCalls"
fields.3.item.access_flags = 8
fields.3.item.descriptor.escaped = "I"
fields.3.item.descriptor.raw = [73]
fields.3.item.descriptor.utf16 = [73]
fields.3.item.identity.member.descriptor = [73]
fields.3.item.identity.member.kind = "field"
fields.3.item.identity.member.name = [99,67,97,108,108,115]
fields.3.item.identity.owner.class_bytes.digest = "ac68f7f7897510018c4810b72848146535cd88857979a463e076cfa1842fc994"
fields.3.item.identity.owner.class_bytes.length = 775
fields.3.item.identity.owner.location.entry.ordinal = 3
fields.3.item.identity.owner.location.entry.origin.root_container = "root"
fields.3.item.identity.owner.location.entry.origin.snapshot = "46f6226b14bccd2392416f4e5a91593cb55d1d77d2a89e753a07266d8e8f6eda"
fields.3.item.identity.owner.location.entry.origin.steps = []
fields.3.item.identity.owner.location.entry.raw_name = [77,105,120,101,100,83,104,111,114,116,67,105,114,99,117,105,116,70,105,101,108,100,46,99,108,97,115,115]
fields.3.item.identity.owner.location.kind = "archive_entry"
fields.3.item.identity.owner.variant.kind = "base"
fields.3.item.index = 3
fields.3.item.name.escaped = "cCalls"
fields.3.item.name.raw = [99,67,97,108,108,115]
fields.3.item.name.utf16 = [99,67,97,108,108,115]
fields.3.markers = []
fields.3.type_annotations.attributes = []
fields.3.type_annotations.field_uses = []
fields.3.type_annotations.parameter_uses = []
fields.3.type_annotations.refusals = []
fields.3.type_annotations.return_uses = []
fields.4.annotations.attributes = []
fields.4.annotations.refusals = []
fields.4.annotations.uses = []
fields.4.declaration = "static int receiverCalls"
fields.4.item.access_flags = 8
fields.4.item.descriptor.escaped = "I"
fields.4.item.descriptor.raw = [73]
fields.4.item.descriptor.utf16 = [73]
fields.4.item.identity.member.descriptor = [73]
fields.4.item.identity.member.kind = "field"
fields.4.item.identity.member.name = [114,101,99,101,105,118,101,114,67,97,108,108,115]
fields.4.item.identity.owner.class_bytes.digest = "ac68f7f7897510018c4810b72848146535cd88857979a463e076cfa1842fc994"
fields.4.item.identity.owner.class_bytes.length = 775
fields.4.item.identity.owner.location.entry.ordinal = 3
fields.4.item.identity.owner.location.entry.origin.root_container = "root"
fields.4.item.identity.owner.location.entry.origin.snapshot = "46f6226b14bccd2392416f4e5a91593cb55d1d77d2a89e753a07266d8e8f6eda"
fields.4.item.identity.owner.location.entry.origin.steps = []
fields.4.item.identity.owner.location.entry.raw_name = [77,105,120,101,100,83,104,111,114,116,67,105,114,99,117,105,116,70,105,101,108,100,46,99,108,97,115,115]
fields.4.item.identity.owner.location.kind = "archive_entry"
fields.4.item.identity.owner.variant.kind = "base"
fields.4.item.index = 4
fields.4.item.name.escaped = "receiverCalls"
fields.4.item.name.raw = [114,101,99,101,105,118,101,114,67,97,108,108,115]
fields.4.item.name.utf16 = [114,101,99,101,105,118,101,114,67,97,108,108,115]
fields.4.markers = []
fields.4.type_annotations.attributes = []
fields.4.type_annotations.field_uses = []
fields.4.type_annotations.parameter_uses = []
fields.4.type_annotations.refusals = []
fields.4.type_annotations.return_uses = []
fields.5.annotations.attributes = []
fields.5.annotations.refusals = []
fields.5.annotations.uses = []
fields.5.declaration = "static MixedShortCircuitField$Box receiver"
fields.5.item.access_flags = 8
fields.5.item.descriptor.escaped = "LMixedShortCircuitField$Box;"
fields.5.item.descriptor.raw = [76,77,105,120,101,100,83,104,111,114,116,67,105,114,99,117,105,116,70,105,101,108,100,36,66,111,120,59]
fields.5.item.descriptor.utf16 = [76,77,105,120,101,100,83,104,111,114,116,67,105,114,99,117,105,116,70,105,101,108,100,36,66,111,120,59]
fields.5.item.identity.member.descriptor = [76,77,105,120,101,100,83,104,111,114,116,67,105,114,99,117,105,116,70,105,101,108,100,36,66,111,120,59]
fields.5.item.identity.member.kind = "field"
fields.5.item.identity.member.name = [114,101,99,101,105,118,101,114]
fields.5.item.identity.owner.class_bytes.digest = "ac68f7f7897510018c4810b72848146535cd88857979a463e076cfa1842fc994"
fields.5.item.identity.owner.class_bytes.length = 775
fields.5.item.identity.owner.location.entry.ordinal = 3
fields.5.item.identity.owner.location.entry.origin.root_container = "root"
fields.5.item.identity.owner.location.entry.origin.snapshot = "46f6226b14bccd2392416f4e5a91593cb55d1d77d2a89e753a07266d8e8f6eda"
fields.5.item.identity.owner.location.entry.origin.steps = []
fields.5.item.identity.owner.location.entry.raw_name = [77,105,120,101,100,83,104,111,114,116,67,105,114,99,117,105,116,70,105,101,108,100,46,99,108,97,115,115]
fields.5.item.identity.owner.location.kind = "archive_entry"
fields.5.item.identity.owner.variant.kind = "base"
fields.5.item.index = 5
fields.5.item.name.escaped = "receiver"
fields.5.item.name.raw = [114,101,99,101,105,118,101,114]
fields.5.item.name.utf16 = [114,101,99,101,105,118,101,114]
fields.5.markers = []
fields.5.type_annotations.attributes = []
fields.5.type_annotations.field_uses = []
fields.5.type_annotations.parameter_uses = []
fields.5.type_annotations.refusals = []
fields.5.type_annotations.return_uses = []
initializer_proof.kind = "not_applicable"
limits.analysis_steps = 4194304
limits.archive_entries = 65536
limits.attribute_bytes = 67108864
limits.class_bytes = 67108864
limits.class_headers = 4096
limits.code_bytes = 16777216
limits.dependency_depth = 8
limits.elapsed_millis = 30000
limits.entry_bytes = 67108864
limits.input_bytes = 67108864
limits.ir_edges = 4194304
limits.ir_items = 4194304
limits.method_bodies = 4096
limits.nested_depth = 4
limits.normalization_clones = 1048576
limits.output_bytes = 16777216
limits.read_bytes = 67108864
limits.result_items = 65536
methods.0.annotations.attributes = []
methods.0.annotations.refusals = []
methods.0.annotations.uses = []
methods.0.declaration = "public MixedShortCircuitField()"
methods.0.item.access_flags = 1
methods.0.item.body.content_span.length = 17
methods.0.item.body.content_span.start = 517
methods.0.item.body.kind = "code_attribute"
methods.0.item.descriptor.escaped = "()V"
methods.0.item.descriptor.raw = [40,41,86]
methods.0.item.descriptor.utf16 = [40,41,86]
methods.0.item.identity.descriptor = [40,41,86]
methods.0.item.identity.name = [60,105,110,105,116,62]
methods.0.item.identity.owner.class_bytes.digest = "ac68f7f7897510018c4810b72848146535cd88857979a463e076cfa1842fc994"
methods.0.item.identity.owner.class_bytes.length = 775
methods.0.item.identity.owner.location.entry.ordinal = 3
methods.0.item.identity.owner.location.entry.origin.root_container = "root"
methods.0.item.identity.owner.location.entry.origin.snapshot = "46f6226b14bccd2392416f4e5a91593cb55d1d77d2a89e753a07266d8e8f6eda"
methods.0.item.identity.owner.location.entry.origin.steps = []
methods.0.item.identity.owner.location.entry.raw_name = [77,105,120,101,100,83,104,111,114,116,67,105,114,99,117,105,116,70,105,101,108,100,46,99,108,97,115,115]
methods.0.item.identity.owner.location.kind = "archive_entry"
methods.0.item.identity.owner.variant.kind = "base"
methods.0.item.index = 0
methods.0.item.name.escaped = "<init>"
methods.0.item.name.raw = [60,105,110,105,116,62]
methods.0.item.name.utf16 = [60,105,110,105,116,62]
methods.0.markers = []
methods.0.no_body_kind = null
methods.0.outcome.analysis.diagnostics = 0
methods.0.outcome.analysis.execution.status = "complete"
methods.0.outcome.analysis.execution.usage.analysis_steps = 21
methods.0.outcome.analysis.execution.usage.archive_entries = 24
methods.0.outcome.analysis.execution.usage.attribute_bytes = 499
methods.0.outcome.analysis.execution.usage.class_bytes = 1550
methods.0.outcome.analysis.execution.usage.class_headers = 1
methods.0.outcome.analysis.execution.usage.code_bytes = 5
methods.0.outcome.analysis.execution.usage.dependency_depth = 0
methods.0.outcome.analysis.execution.usage.elapsed_millis = 3
methods.0.outcome.analysis.execution.usage.entry_bytes = 775
methods.0.outcome.analysis.execution.usage.input_bytes = 4960
methods.0.outcome.analysis.execution.usage.ir_edges = 2
methods.0.outcome.analysis.execution.usage.ir_items = 48
methods.0.outcome.analysis.execution.usage.method_bodies = 1
methods.0.outcome.analysis.execution.usage.nested_depth = 0
methods.0.outcome.analysis.execution.usage.normalization_clones = 0
methods.0.outcome.analysis.execution.usage.output_bytes = 0
methods.0.outcome.analysis.execution.usage.read_bytes = 482
methods.0.outcome.analysis.execution.usage.result_items = 44
methods.0.outcome.kind = "recovered"
methods.0.outcome.report.accessors = []
methods.0.outcome.report.aliased_names = []
methods.0.outcome.report.artifact.agreement.state = "not_stated"
methods.0.outcome.report.artifact.binding.engine = "0.1.0"
methods.0.outcome.report.artifact.binding.environment.content = ["46f6226b14bccd2392416f4e5a91593cb55d1d77d2a89e753a07266d8e8f6eda"]
methods.0.outcome.report.artifact.binding.environment.domain_loaders = ["app"]
methods.0.outcome.report.artifact.binding.environment.providers = []
methods.0.outcome.report.artifact.binding.environment.runtime.load_domain.delegation.kind = "parent_first"
methods.0.outcome.report.artifact.binding.environment.runtime.load_domain.external_override = "none"
methods.0.outcome.report.artifact.binding.environment.runtime.load_domain.loader = "app"
methods.0.outcome.report.artifact.binding.environment.runtime.load_domain.module_mode.kind = "class_path"
methods.0.outcome.report.artifact.binding.environment.runtime.load_domain.parent_loader = null
methods.0.outcome.report.artifact.binding.environment.runtime.load_domain.roots.0.kind = "container"
methods.0.outcome.report.artifact.binding.environment.runtime.load_domain.roots.0.origin.root_container = "root"
methods.0.outcome.report.artifact.binding.environment.runtime.load_domain.roots.0.origin.snapshot = "46f6226b14bccd2392416f4e5a91593cb55d1d77d2a89e753a07266d8e8f6eda"
methods.0.outcome.report.artifact.binding.environment.runtime.load_domain.roots.0.origin.steps = []
methods.0.outcome.report.artifact.binding.environment.runtime.load_domain.roots.0.prefix = []
methods.0.outcome.report.artifact.binding.environment.runtime.load_domain.runtime_transformation = "none"
methods.0.outcome.report.artifact.binding.environment.runtime.physical.scope.kind = "snapshot_all"
methods.0.outcome.report.artifact.binding.environment.runtime.physical.snapshot = "46f6226b14bccd2392416f4e5a91593cb55d1d77d2a89e753a07266d8e8f6eda"
methods.0.outcome.report.artifact.binding.environment.runtime.profile.java_release = 8
methods.0.outcome.report.artifact.binding.environment.runtime.profile.layout.kind = "generic"
methods.0.outcome.report.artifact.binding.environment.runtime.profile.multi_release.kind = "disabled"
methods.0.outcome.report.artifact.binding.member_ordinal = 0
methods.0.outcome.report.artifact.binding.method.descriptor = [40,41,86]
methods.0.outcome.report.artifact.binding.method.name = [60,105,110,105,116,62]
methods.0.outcome.report.artifact.binding.method.owner.class_bytes.digest = "ac68f7f7897510018c4810b72848146535cd88857979a463e076cfa1842fc994"
methods.0.outcome.report.artifact.binding.method.owner.class_bytes.length = 775
methods.0.outcome.report.artifact.binding.method.owner.location.entry.ordinal = 3
methods.0.outcome.report.artifact.binding.method.owner.location.entry.origin.root_container = "root"
methods.0.outcome.report.artifact.binding.method.owner.location.entry.origin.snapshot = "46f6226b14bccd2392416f4e5a91593cb55d1d77d2a89e753a07266d8e8f6eda"
methods.0.outcome.report.artifact.binding.method.owner.location.entry.origin.steps = []
methods.0.outcome.report.artifact.binding.method.owner.location.entry.raw_name = [77,105,120,101,100,83,104,111,114,116,67,105,114,99,117,105,116,70,105,101,108,100,46,99,108,97,115,115]
methods.0.outcome.report.artifact.binding.method.owner.location.kind = "archive_entry"
methods.0.outcome.report.artifact.binding.method.owner.variant.kind = "base"
methods.0.outcome.report.artifact.binding.profile.java_release = 8
methods.0.outcome.report.artifact.binding.profile.layout.kind = "generic"
methods.0.outcome.report.artifact.binding.profile.multi_release.kind = "disabled"
methods.0.outcome.report.artifact.binding.registry = 71
methods.0.outcome.report.artifact.binding.rules = ["straight@1","if@1","loop@1","switch@1","lambda@1","concat@1","bridge@1","accessor@1","new@1","field@1","enumswitch@1","init@1","declaration@1","twr@1","monitor@1","finally@1"]
methods.0.outcome.report.artifact.binding.schema = 1
methods.0.outcome.report.artifact.binding.text_bytes = 196
methods.0.outcome.report.artifact.binding.text_digest = "78b57884c371bfad5bb1ae1a8487f80a"
methods.0.outcome.report.bridges = []
methods.0.outcome.report.compile_status = "not_attempted"
methods.0.outcome.report.concats = []
methods.0.outcome.report.content = "contains_statements"
methods.0.outcome.report.declaration = null
methods.0.outcome.report.diagnostics.0.code = "jre_recovery_produced"
methods.0.outcome.report.diagnostics.0.message = "1 region(s), 2 statement(s), 2 segment(s), 196 byte(s) written from 1 canonical block(s)"
methods.0.outcome.report.diagnostics.0.provenance = null
methods.0.outcome.report.diagnostics.0.severity = "info"
methods.0.outcome.report.diagnostics.1.code = "jre_constructor_prologue"
methods.0.outcome.report.diagnostics.1.message = "the body is an instance initializer and its prologue is written under init@1 as `super`: the call at BCI 1 names `java/lang/Object`, and the class that declares this constructor is `MixedShortCircuitField`"
methods.0.outcome.report.diagnostics.1.provenance = null
methods.0.outcome.report.diagnostics.1.severity = "info"
methods.0.outcome.report.diagnostics.2.code = "jre_declaration"
methods.0.outcome.report.diagnostics.2.message = "the artifact's envelope states the member's declaration under declaration@1: a constructor"
methods.0.outcome.report.diagnostics.2.provenance = null
methods.0.outcome.report.diagnostics.2.severity = "info"
methods.0.outcome.report.enum_switches = []
methods.0.outcome.report.evidence.categories.0.kind = "source_map"
methods.0.outcome.report.evidence.categories.0.state.state = "not_requested"
methods.0.outcome.report.evidence.categories.1.kind = "region_details"
methods.0.outcome.report.evidence.categories.1.state.state = "not_requested"
methods.0.outcome.report.evidence.categories.2.kind = "rule_details"
methods.0.outcome.report.evidence.categories.2.state.state = "not_requested"
methods.0.outcome.report.evidence.categories.3.kind = "name_details"
methods.0.outcome.report.evidence.categories.3.state.state = "not_requested"
methods.0.outcome.report.evidence.categories.4.kind = "read_details"
methods.0.outcome.report.evidence.categories.4.state.state = "not_requested"
methods.0.outcome.report.evidence.requested.driver_bci_range = null
methods.0.outcome.report.evidence.requested.expected_artifact = null
methods.0.outcome.report.evidence.requested.kinds = []
methods.0.outcome.report.execution.status = "complete"
methods.0.outcome.report.execution.usage.analysis_steps = 28
methods.0.outcome.report.execution.usage.archive_entries = 24
methods.0.outcome.report.execution.usage.attribute_bytes = 499
methods.0.outcome.report.execution.usage.class_bytes = 1550
methods.0.outcome.report.execution.usage.class_headers = 1
methods.0.outcome.report.execution.usage.code_bytes = 5
methods.0.outcome.report.execution.usage.dependency_depth = 0
methods.0.outcome.report.execution.usage.elapsed_millis = 5
methods.0.outcome.report.execution.usage.entry_bytes = 775
methods.0.outcome.report.execution.usage.input_bytes = 4960
methods.0.outcome.report.execution.usage.ir_edges = 2
methods.0.outcome.report.execution.usage.ir_items = 61
methods.0.outcome.report.execution.usage.method_bodies = 1
methods.0.outcome.report.execution.usage.nested_depth = 0
methods.0.outcome.report.execution.usage.normalization_clones = 0
methods.0.outcome.report.execution.usage.output_bytes = 196
methods.0.outcome.report.execution.usage.read_bytes = 482
methods.0.outcome.report.execution.usage.result_items = 44
methods.0.outcome.report.fallbacks = []
methods.0.outcome.report.fields = []
methods.0.outcome.report.init = null
methods.0.outcome.report.lambdas = []
methods.0.outcome.report.method = "<init>()V"
methods.0.outcome.report.news = []
methods.0.outcome.report.outcome = "produced"
methods.0.outcome.report.profile.java_release = 8
methods.0.outcome.report.profile.layout.kind = "generic"
methods.0.outcome.report.profile.multi_release.kind = "disabled"
methods.0.outcome.report.quality = "structured"
methods.0.outcome.report.regions = []
methods.0.outcome.report.representation = "java"
methods.0.outcome.report.rules = []
methods.0.outcome.report.semantic_validation = "unproven"
methods.0.outcome.report.source_map.segments = []
methods.0.outcome.report.syntax_status = "unchecked"
methods.0.outcome.report.text = "// @method <init>()V\n// @declaration a constructor of `MixedShortCircuitField`, member flags 0x0001\n// recovered from bytecode; presentation is not claimed to compile\n{\n    super();\n    return;\n}\n"
methods.0.outcome.report.verification = "not_performed"
methods.0.parameter_annotations.attributes = []
methods.0.parameter_annotations.refusals = []
methods.0.parameter_annotations.uses_by_position = []
methods.0.text = "    public MixedShortCircuitField() {\n        // @method <init>()V\n        // @declaration a constructor of `MixedShortCircuitField`, member flags 0x0001\n        // recovered from bytecode; presentation is not claimed to compile\n        super();\n        return;\n    }\n"
methods.0.type_annotations.attributes = []
methods.0.type_annotations.field_uses = []
methods.0.type_annotations.parameter_uses = []
methods.0.type_annotations.refusals = []
methods.0.type_annotations.return_uses = []
methods.1.annotations.attributes = []
methods.1.annotations.refusals = []
methods.1.annotations.uses = []
methods.1.declaration = "static MixedShortCircuitField$Box target(boolean arg0)"
methods.1.item.access_flags = 8
methods.1.item.body.content_span.length = 45
methods.1.item.body.content_span.start = 548
methods.1.item.body.kind = "code_attribute"
methods.1.item.descriptor.escaped = "(Z)LMixedShortCircuitField$Box;"
methods.1.item.descriptor.raw = [40,90,41,76,77,105,120,101,100,83,104,111,114,116,67,105,114,99,117,105,116,70,105,101,108,100,36,66,111,120,59]
methods.1.item.descriptor.utf16 = [40,90,41,76,77,105,120,101,100,83,104,111,114,116,67,105,114,99,117,105,116,70,105,101,108,100,36,66,111,120,59]
methods.1.item.identity.descriptor = [40,90,41,76,77,105,120,101,100,83,104,111,114,116,67,105,114,99,117,105,116,70,105,101,108,100,36,66,111,120,59]
methods.1.item.identity.name = [116,97,114,103,101,116]
methods.1.item.identity.owner.class_bytes.digest = "ac68f7f7897510018c4810b72848146535cd88857979a463e076cfa1842fc994"
methods.1.item.identity.owner.class_bytes.length = 775
methods.1.item.identity.owner.location.entry.ordinal = 3
methods.1.item.identity.owner.location.entry.origin.root_container = "root"
methods.1.item.identity.owner.location.entry.origin.snapshot = "46f6226b14bccd2392416f4e5a91593cb55d1d77d2a89e753a07266d8e8f6eda"
methods.1.item.identity.owner.location.entry.origin.steps = []
methods.1.item.identity.owner.location.entry.raw_name = [77,105,120,101,100,83,104,111,114,116,67,105,114,99,117,105,116,70,105,101,108,100,46,99,108,97,115,115]
methods.1.item.identity.owner.location.kind = "archive_entry"
methods.1.item.identity.owner.variant.kind = "base"
methods.1.item.index = 1
methods.1.item.name.escaped = "target"
methods.1.item.name.raw = [116,97,114,103,101,116]
methods.1.item.name.utf16 = [116,97,114,103,101,116]
methods.1.markers = []
methods.1.no_body_kind = null
methods.1.outcome.analysis.diagnostics = 0
methods.1.outcome.analysis.execution.status = "complete"
methods.1.outcome.analysis.execution.usage.analysis_steps = 119
methods.1.outcome.analysis.execution.usage.archive_entries = 24
methods.1.outcome.analysis.execution.usage.attribute_bytes = 550
methods.1.outcome.analysis.execution.usage.class_bytes = 1550
methods.1.outcome.analysis.execution.usage.class_headers = 1
methods.1.outcome.analysis.execution.usage.code_bytes = 25
methods.1.outcome.analysis.execution.usage.dependency_depth = 0
methods.1.outcome.analysis.execution.usage.elapsed_millis = 5
methods.1.outcome.analysis.execution.usage.entry_bytes = 775
methods.1.outcome.analysis.execution.usage.input_bytes = 4960
methods.1.outcome.analysis.execution.usage.ir_edges = 24
methods.1.outcome.analysis.execution.usage.ir_items = 265
methods.1.outcome.analysis.execution.usage.method_bodies = 2
methods.1.outcome.analysis.execution.usage.nested_depth = 0
methods.1.outcome.analysis.execution.usage.normalization_clones = 0
methods.1.outcome.analysis.execution.usage.output_bytes = 196
methods.1.outcome.analysis.execution.usage.read_bytes = 482
methods.1.outcome.analysis.execution.usage.result_items = 45
methods.1.outcome.kind = "recovered"
methods.1.outcome.report.accessors = []
methods.1.outcome.report.aliased_names = []
methods.1.outcome.report.artifact.agreement.state = "not_stated"
methods.1.outcome.report.artifact.binding.engine = "0.1.0"
methods.1.outcome.report.artifact.binding.environment.content = ["46f6226b14bccd2392416f4e5a91593cb55d1d77d2a89e753a07266d8e8f6eda"]
methods.1.outcome.report.artifact.binding.environment.domain_loaders = ["app"]
methods.1.outcome.report.artifact.binding.environment.providers = []
methods.1.outcome.report.artifact.binding.environment.runtime.load_domain.delegation.kind = "parent_first"
methods.1.outcome.report.artifact.binding.environment.runtime.load_domain.external_override = "none"
methods.1.outcome.report.artifact.binding.environment.runtime.load_domain.loader = "app"
methods.1.outcome.report.artifact.binding.environment.runtime.load_domain.module_mode.kind = "class_path"
methods.1.outcome.report.artifact.binding.environment.runtime.load_domain.parent_loader = null
methods.1.outcome.report.artifact.binding.environment.runtime.load_domain.roots.0.kind = "container"
methods.1.outcome.report.artifact.binding.environment.runtime.load_domain.roots.0.origin.root_container = "root"
methods.1.outcome.report.artifact.binding.environment.runtime.load_domain.roots.0.origin.snapshot = "46f6226b14bccd2392416f4e5a91593cb55d1d77d2a89e753a07266d8e8f6eda"
methods.1.outcome.report.artifact.binding.environment.runtime.load_domain.roots.0.origin.steps = []
methods.1.outcome.report.artifact.binding.environment.runtime.load_domain.roots.0.prefix = []
methods.1.outcome.report.artifact.binding.environment.runtime.load_domain.runtime_transformation = "none"
methods.1.outcome.report.artifact.binding.environment.runtime.physical.scope.kind = "snapshot_all"
methods.1.outcome.report.artifact.binding.environment.runtime.physical.snapshot = "46f6226b14bccd2392416f4e5a91593cb55d1d77d2a89e753a07266d8e8f6eda"
methods.1.outcome.report.artifact.binding.environment.runtime.profile.java_release = 8
methods.1.outcome.report.artifact.binding.environment.runtime.profile.layout.kind = "generic"
methods.1.outcome.report.artifact.binding.environment.runtime.profile.multi_release.kind = "disabled"
methods.1.outcome.report.artifact.binding.member_ordinal = 1
methods.1.outcome.report.artifact.binding.method.descriptor = [40,90,41,76,77,105,120,101,100,83,104,111,114,116,67,105,114,99,117,105,116,70,105,101,108,100,36,66,111,120,59]
methods.1.outcome.report.artifact.binding.method.name = [116,97,114,103,101,116]
methods.1.outcome.report.artifact.binding.method.owner.class_bytes.digest = "ac68f7f7897510018c4810b72848146535cd88857979a463e076cfa1842fc994"
methods.1.outcome.report.artifact.binding.method.owner.class_bytes.length = 775
methods.1.outcome.report.artifact.binding.method.owner.location.entry.ordinal = 3
methods.1.outcome.report.artifact.binding.method.owner.location.entry.origin.root_container = "root"
methods.1.outcome.report.artifact.binding.method.owner.location.entry.origin.snapshot = "46f6226b14bccd2392416f4e5a91593cb55d1d77d2a89e753a07266d8e8f6eda"
methods.1.outcome.report.artifact.binding.method.owner.location.entry.origin.steps = []
methods.1.outcome.report.artifact.binding.method.owner.location.entry.raw_name = [77,105,120,101,100,83,104,111,114,116,67,105,114,99,117,105,116,70,105,101,108,100,46,99,108,97,115,115]
methods.1.outcome.report.artifact.binding.method.owner.location.kind = "archive_entry"
methods.1.outcome.report.artifact.binding.method.owner.variant.kind = "base"
methods.1.outcome.report.artifact.binding.profile.java_release = 8
methods.1.outcome.report.artifact.binding.profile.layout.kind = "generic"
methods.1.outcome.report.artifact.binding.profile.multi_release.kind = "disabled"
methods.1.outcome.report.artifact.binding.registry = 71
methods.1.outcome.report.artifact.binding.rules = ["straight@1","if@1","loop@1","switch@1","lambda@1","concat@1","bridge@1","accessor@1","new@1","field@1","enumswitch@1","init@1","declaration@1","twr@1","monitor@1","finally@1"]
methods.1.outcome.report.artifact.binding.schema = 1
methods.1.outcome.report.artifact.binding.text_bytes = 344
methods.1.outcome.report.artifact.binding.text_digest = "ca10ac848f1d19f25c947a533eb203c7"
methods.1.outcome.report.bridges = []
methods.1.outcome.report.compile_status = "not_attempted"
methods.1.outcome.report.concats = []
methods.1.outcome.report.content = "contains_statements"
methods.1.outcome.report.declaration = null
methods.1.outcome.report.diagnostics.0.code = "jre_recovery_produced"
methods.1.outcome.report.diagnostics.0.message = "2 region(s), 2 statement(s), 12 segment(s), 344 byte(s) written from 4 canonical block(s)"
methods.1.outcome.report.diagnostics.0.provenance = null
methods.1.outcome.report.diagnostics.0.severity = "info"
methods.1.outcome.report.diagnostics.1.code = "jre_field_accesses"
methods.1.outcome.report.diagnostics.1.message = "3 field instruction(s) read under field@1: 3 presented, 0 refused"
methods.1.outcome.report.diagnostics.1.provenance = null
methods.1.outcome.report.diagnostics.1.severity = "info"
methods.1.outcome.report.diagnostics.2.code = "jre_declaration"
methods.1.outcome.report.diagnostics.2.message = "the artifact's envelope states the member's declaration under declaration@1: a static method"
methods.1.outcome.report.diagnostics.2.provenance = null
methods.1.outcome.report.diagnostics.2.severity = "info"
methods.1.outcome.report.enum_switches = []
methods.1.outcome.report.evidence.categories.0.kind = "source_map"
methods.1.outcome.report.evidence.categories.0.state.state = "not_requested"
methods.1.outcome.report.evidence.categories.1.kind = "region_details"
methods.1.outcome.report.evidence.categories.1.state.state = "not_requested"
methods.1.outcome.report.evidence.categories.2.kind = "rule_details"
methods.1.outcome.report.evidence.categories.2.state.state = "not_requested"
methods.1.outcome.report.evidence.categories.3.kind = "name_details"
methods.1.outcome.report.evidence.categories.3.state.state = "not_requested"
methods.1.outcome.report.evidence.categories.4.kind = "read_details"
methods.1.outcome.report.evidence.categories.4.state.state = "not_requested"
methods.1.outcome.report.evidence.requested.driver_bci_range = null
methods.1.outcome.report.evidence.requested.expected_artifact = null
methods.1.outcome.report.evidence.requested.kinds = []
methods.1.outcome.report.execution.status = "complete"
methods.1.outcome.report.execution.usage.analysis_steps = 196
methods.1.outcome.report.execution.usage.archive_entries = 24
methods.1.outcome.report.execution.usage.attribute_bytes = 550
methods.1.outcome.report.execution.usage.class_bytes = 1550
methods.1.outcome.report.execution.usage.class_headers = 1
methods.1.outcome.report.execution.usage.code_bytes = 25
methods.1.outcome.report.execution.usage.dependency_depth = 0
methods.1.outcome.report.execution.usage.elapsed_millis = 6
methods.1.outcome.report.execution.usage.entry_bytes = 775
methods.1.outcome.report.execution.usage.input_bytes = 4960
methods.1.outcome.report.execution.usage.ir_edges = 28
methods.1.outcome.report.execution.usage.ir_items = 340
methods.1.outcome.report.execution.usage.method_bodies = 2
methods.1.outcome.report.execution.usage.nested_depth = 0
methods.1.outcome.report.execution.usage.normalization_clones = 0
methods.1.outcome.report.execution.usage.output_bytes = 540
methods.1.outcome.report.execution.usage.read_bytes = 482
methods.1.outcome.report.execution.usage.result_items = 45
methods.1.outcome.report.fallbacks = []
methods.1.outcome.report.fields = []
methods.1.outcome.report.init = null
methods.1.outcome.report.lambdas = []
methods.1.outcome.report.method = "target(Z)LMixedShortCircuitField$Box;"
methods.1.outcome.report.news = []
methods.1.outcome.report.outcome = "produced"
methods.1.outcome.report.profile.java_release = 8
methods.1.outcome.report.profile.layout.kind = "generic"
methods.1.outcome.report.profile.multi_release.kind = "disabled"
methods.1.outcome.report.quality = "structured"
methods.1.outcome.report.regions = []
methods.1.outcome.report.representation = "java"
methods.1.outcome.report.rules = []
methods.1.outcome.report.semantic_validation = "unproven"
methods.1.outcome.report.source_map.segments = []
methods.1.outcome.report.syntax_status = "unchecked"
methods.1.outcome.report.text = "// @method target(Z)LMixedShortCircuitField$Box;\n// @declaration a static method of `MixedShortCircuitField`, member flags 0x0008\n// recovered from bytecode; presentation is not claimed to compile\n{\n    MixedShortCircuitField.receiverCalls = MixedShortCircuitField.receiverCalls + 1;\n    return arg0 ? null : MixedShortCircuitField.receiver;\n}\n"
methods.1.outcome.report.verification = "not_performed"
methods.1.parameter_annotations.attributes = []
methods.1.parameter_annotations.refusals = []
methods.1.parameter_annotations.uses_by_position = [[]]
methods.1.text = "    static MixedShortCircuitField$Box target(boolean arg0) {\n        // @method target(Z)LMixedShortCircuitField$Box;\n        // @declaration a static method of `MixedShortCircuitField`, member flags 0x0008\n        // recovered from bytecode; presentation is not claimed to compile\n        MixedShortCircuitField.receiverCalls = MixedShortCircuitField.receiverCalls + 1;\n        return arg0 ? null : MixedShortCircuitField.receiver;\n    }\n"
methods.1.type_annotations.attributes = []
methods.1.type_annotations.field_uses = []
methods.1.type_annotations.parameter_uses = [[]]
methods.1.type_annotations.refusals = []
methods.1.type_annotations.return_uses = []
methods.2.annotations.attributes = []
methods.2.annotations.refusals = []
methods.2.annotations.uses = []
methods.2.declaration = "static void one(boolean arg0, boolean arg1)"
methods.2.item.access_flags = 8
methods.2.item.body.content_span.length = 74
methods.2.item.body.content_span.start = 607
methods.2.item.body.kind = "code_attribute"
methods.2.item.descriptor.escaped = "(ZZ)V"
methods.2.item.descriptor.raw = [40,90,90,41,86]
methods.2.item.descriptor.utf16 = [40,90,90,41,86]
methods.2.item.identity.descriptor = [40,90,90,41,86]
methods.2.item.identity.name = [111,110,101]
methods.2.item.identity.owner.class_bytes.digest = "ac68f7f7897510018c4810b72848146535cd88857979a463e076cfa1842fc994"
methods.2.item.identity.owner.class_bytes.length = 775
methods.2.item.identity.owner.location.entry.ordinal = 3
methods.2.item.identity.owner.location.entry.origin.root_container = "root"
methods.2.item.identity.owner.location.entry.origin.snapshot = "46f6226b14bccd2392416f4e5a91593cb55d1d77d2a89e753a07266d8e8f6eda"
methods.2.item.identity.owner.location.entry.origin.steps = []
methods.2.item.identity.owner.location.entry.raw_name = [77,105,120,101,100,83,104,111,114,116,67,105,114,99,117,105,116,70,105,101,108,100,46,99,108,97,115,115]
methods.2.item.identity.owner.location.kind = "archive_entry"
methods.2.item.identity.owner.variant.kind = "base"
methods.2.item.index = 2
methods.2.item.name.escaped = "one"
methods.2.item.name.raw = [111,110,101]
methods.2.item.name.utf16 = [111,110,101]
methods.2.markers = ["// jarde: not recovered: the recovery run for `one(ZZ)V` produced no statement (explanation only); the artifact's own comment lines are below"]
methods.2.no_body_kind = null
methods.2.outcome.analysis.diagnostics = 0
methods.2.outcome.analysis.execution.status = "complete"
methods.2.outcome.analysis.execution.usage.analysis_steps = 339
methods.2.outcome.analysis.execution.usage.archive_entries = 24
methods.2.outcome.analysis.execution.usage.attribute_bytes = 630
methods.2.outcome.analysis.execution.usage.class_bytes = 1550
methods.2.outcome.analysis.execution.usage.class_headers = 1
methods.2.outcome.analysis.execution.usage.code_bytes = 54
methods.2.outcome.analysis.execution.usage.dependency_depth = 0
methods.2.outcome.analysis.execution.usage.elapsed_millis = 6
methods.2.outcome.analysis.execution.usage.entry_bytes = 775
methods.2.outcome.analysis.execution.usage.input_bytes = 4960
methods.2.outcome.analysis.execution.usage.ir_edges = 90
methods.2.outcome.analysis.execution.usage.ir_items = 813
methods.2.outcome.analysis.execution.usage.method_bodies = 3
methods.2.outcome.analysis.execution.usage.nested_depth = 0
methods.2.outcome.analysis.execution.usage.normalization_clones = 0
methods.2.outcome.analysis.execution.usage.output_bytes = 540
methods.2.outcome.analysis.execution.usage.read_bytes = 482
methods.2.outcome.analysis.execution.usage.result_items = 46
methods.2.outcome.kind = "recovered"
methods.2.outcome.report.accessors = []
methods.2.outcome.report.aliased_names = []
methods.2.outcome.report.artifact.agreement.state = "not_stated"
methods.2.outcome.report.artifact.binding.engine = "0.1.0"
methods.2.outcome.report.artifact.binding.environment.content = ["46f6226b14bccd2392416f4e5a91593cb55d1d77d2a89e753a07266d8e8f6eda"]
methods.2.outcome.report.artifact.binding.environment.domain_loaders = ["app"]
methods.2.outcome.report.artifact.binding.environment.providers = []
methods.2.outcome.report.artifact.binding.environment.runtime.load_domain.delegation.kind = "parent_first"
methods.2.outcome.report.artifact.binding.environment.runtime.load_domain.external_override = "none"
methods.2.outcome.report.artifact.binding.environment.runtime.load_domain.loader = "app"
methods.2.outcome.report.artifact.binding.environment.runtime.load_domain.module_mode.kind = "class_path"
methods.2.outcome.report.artifact.binding.environment.runtime.load_domain.parent_loader = null
methods.2.outcome.report.artifact.binding.environment.runtime.load_domain.roots.0.kind = "container"
methods.2.outcome.report.artifact.binding.environment.runtime.load_domain.roots.0.origin.root_container = "root"
methods.2.outcome.report.artifact.binding.environment.runtime.load_domain.roots.0.origin.snapshot = "46f6226b14bccd2392416f4e5a91593cb55d1d77d2a89e753a07266d8e8f6eda"
methods.2.outcome.report.artifact.binding.environment.runtime.load_domain.roots.0.origin.steps = []
methods.2.outcome.report.artifact.binding.environment.runtime.load_domain.roots.0.prefix = []
methods.2.outcome.report.artifact.binding.environment.runtime.load_domain.runtime_transformation = "none"
methods.2.outcome.report.artifact.binding.environment.runtime.physical.scope.kind = "snapshot_all"
methods.2.outcome.report.artifact.binding.environment.runtime.physical.snapshot = "46f6226b14bccd2392416f4e5a91593cb55d1d77d2a89e753a07266d8e8f6eda"
methods.2.outcome.report.artifact.binding.environment.runtime.profile.java_release = 8
methods.2.outcome.report.artifact.binding.environment.runtime.profile.layout.kind = "generic"
methods.2.outcome.report.artifact.binding.environment.runtime.profile.multi_release.kind = "disabled"
methods.2.outcome.report.artifact.binding.member_ordinal = 2
methods.2.outcome.report.artifact.binding.method.descriptor = [40,90,90,41,86]
methods.2.outcome.report.artifact.binding.method.name = [111,110,101]
methods.2.outcome.report.artifact.binding.method.owner.class_bytes.digest = "ac68f7f7897510018c4810b72848146535cd88857979a463e076cfa1842fc994"
methods.2.outcome.report.artifact.binding.method.owner.class_bytes.length = 775
methods.2.outcome.report.artifact.binding.method.owner.location.entry.ordinal = 3
methods.2.outcome.report.artifact.binding.method.owner.location.entry.origin.root_container = "root"
methods.2.outcome.report.artifact.binding.method.owner.location.entry.origin.snapshot = "46f6226b14bccd2392416f4e5a91593cb55d1d77d2a89e753a07266d8e8f6eda"
methods.2.outcome.report.artifact.binding.method.owner.location.entry.origin.steps = []
methods.2.outcome.report.artifact.binding.method.owner.location.entry.raw_name = [77,105,120,101,100,83,104,111,114,116,67,105,114,99,117,105,116,70,105,101,108,100,46,99,108,97,115,115]
methods.2.outcome.report.artifact.binding.method.owner.location.kind = "archive_entry"
methods.2.outcome.report.artifact.binding.method.owner.variant.kind = "base"
methods.2.outcome.report.artifact.binding.profile.java_release = 8
methods.2.outcome.report.artifact.binding.profile.layout.kind = "generic"
methods.2.outcome.report.artifact.binding.profile.multi_release.kind = "disabled"
methods.2.outcome.report.artifact.binding.registry = 71
methods.2.outcome.report.artifact.binding.rules = ["straight@1","if@1","loop@1","switch@1","lambda@1","concat@1","bridge@1","accessor@1","new@1","field@1","enumswitch@1","init@1","declaration@1","twr@1","monitor@1","finally@1"]
methods.2.outcome.report.artifact.binding.schema = 1
methods.2.outcome.report.artifact.binding.text_bytes = 352
methods.2.outcome.report.artifact.binding.text_digest = "bf9893fbf00c0ccddfdc2bbc8efe592f"
methods.2.outcome.report.bridges = []
methods.2.outcome.report.compile_status = "not_attempted"
methods.2.outcome.report.concats = []
methods.2.outcome.report.content = "explanation_only"
methods.2.outcome.report.declaration = null
methods.2.outcome.report.diagnostics.0.code = "jre_region_ownership_overlap"
methods.2.outcome.report.diagnostics.0.message = "canonical block at BCI 20 on jsr path [] has more than one owner in the completed Region tree; the whole method is quoted"
methods.2.outcome.report.diagnostics.0.provenance = null
methods.2.outcome.report.diagnostics.0.severity = "warning"
methods.2.outcome.report.diagnostics.1.code = "jre_recovery_produced"
methods.2.outcome.report.diagnostics.1.message = "1 region(s), 1 statement(s), 1 segment(s), 352 byte(s) written from 6 canonical block(s)"
methods.2.outcome.report.diagnostics.1.provenance = null
methods.2.outcome.report.diagnostics.1.severity = "info"
methods.2.outcome.report.diagnostics.2.code = "jre_field_accesses"
methods.2.outcome.report.diagnostics.2.message = "1 field instruction(s) read under field@1: 1 presented, 0 refused"
methods.2.outcome.report.diagnostics.2.provenance = null
methods.2.outcome.report.diagnostics.2.severity = "info"
methods.2.outcome.report.diagnostics.3.code = "jre_declaration"
methods.2.outcome.report.diagnostics.3.message = "the artifact's envelope states the member's declaration under declaration@1: a static method"
methods.2.outcome.report.diagnostics.3.provenance = null
methods.2.outcome.report.diagnostics.3.severity = "info"
methods.2.outcome.report.enum_switches = []
methods.2.outcome.report.evidence.categories.0.kind = "source_map"
methods.2.outcome.report.evidence.categories.0.state.state = "not_requested"
methods.2.outcome.report.evidence.categories.1.kind = "region_details"
methods.2.outcome.report.evidence.categories.1.state.state = "not_requested"
methods.2.outcome.report.evidence.categories.2.kind = "rule_details"
methods.2.outcome.report.evidence.categories.2.state.state = "not_requested"
methods.2.outcome.report.evidence.categories.3.kind = "name_details"
methods.2.outcome.report.evidence.categories.3.state.state = "not_requested"
methods.2.outcome.report.evidence.categories.4.kind = "read_details"
methods.2.outcome.report.evidence.categories.4.state.state = "not_requested"
methods.2.outcome.report.evidence.requested.driver_bci_range = null
methods.2.outcome.report.evidence.requested.expected_artifact = null
methods.2.outcome.report.evidence.requested.kinds = []
methods.2.outcome.report.execution.status = "complete"
methods.2.outcome.report.execution.usage.analysis_steps = 462
methods.2.outcome.report.execution.usage.archive_entries = 24
methods.2.outcome.report.execution.usage.attribute_bytes = 630
methods.2.outcome.report.execution.usage.class_bytes = 1550
methods.2.outcome.report.execution.usage.class_headers = 1
methods.2.outcome.report.execution.usage.code_bytes = 54
methods.2.outcome.report.execution.usage.dependency_depth = 0
methods.2.outcome.report.execution.usage.elapsed_millis = 6
methods.2.outcome.report.execution.usage.entry_bytes = 775
methods.2.outcome.report.execution.usage.input_bytes = 4960
methods.2.outcome.report.execution.usage.ir_edges = 98
methods.2.outcome.report.execution.usage.ir_items = 880
methods.2.outcome.report.execution.usage.method_bodies = 3
methods.2.outcome.report.execution.usage.nested_depth = 0
methods.2.outcome.report.execution.usage.normalization_clones = 0
methods.2.outcome.report.execution.usage.output_bytes = 892
methods.2.outcome.report.execution.usage.read_bytes = 482
methods.2.outcome.report.execution.usage.result_items = 46
methods.2.outcome.report.fallbacks = ["jre_region_ownership_overlap"]
methods.2.outcome.report.fields = []
methods.2.outcome.report.init = null
methods.2.outcome.report.lambdas = []
methods.2.outcome.report.method = "one(ZZ)V"
methods.2.outcome.report.news = []
methods.2.outcome.report.outcome = "produced"
methods.2.outcome.report.profile.java_release = 8
methods.2.outcome.report.profile.layout.kind = "generic"
methods.2.outcome.report.profile.multi_release.kind = "disabled"
methods.2.outcome.report.quality = "fallback"
methods.2.outcome.report.regions = []
methods.2.outcome.report.representation = "mixed"
methods.2.outcome.report.rules = []
methods.2.outcome.report.semantic_validation = "unproven"
methods.2.outcome.report.source_map.segments = []
methods.2.outcome.report.syntax_status = "not_java"
methods.2.outcome.report.text = "// @method one(ZZ)V\n// @declaration a static method of `MixedShortCircuitField`, member flags 0x0008\n// recovered from bytecode; presentation is not claimed to compile\n{\n    // @bytecode 0 1 4 5 8 11 14 17 20 21 24 25 28\n    // canonical block at BCI 20 on jsr path [] has more than one owner in the completed Region tree; the whole method is quoted\n}\n"
methods.2.outcome.report.verification = "not_performed"
methods.2.parameter_annotations.attributes = []
methods.2.parameter_annotations.refusals = []
methods.2.parameter_annotations.uses_by_position = [[],[]]
methods.2.text = "    static void one(boolean arg0, boolean arg1) {\n        // jarde: not recovered: the recovery run for `one(ZZ)V` produced no statement (explanation only); the artifact's own comment lines are below\n        // @method one(ZZ)V\n        // @declaration a static method of `MixedShortCircuitField`, member flags 0x0008\n        // recovered from bytecode; presentation is not claimed to compile\n        // @bytecode 0 1 4 5 8 11 14 17 20 21 24 25 28\n        // canonical block at BCI 20 on jsr path [] has more than one owner in the completed Region tree; the whole method is quoted\n    }\n"
methods.2.type_annotations.attributes = []
methods.2.type_annotations.field_uses = []
methods.2.type_annotations.parameter_uses = [[],[]]
methods.2.type_annotations.refusals = []
methods.2.type_annotations.return_uses = []
methods.3.annotations.attributes = []
methods.3.annotations.refusals = []
methods.3.annotations.uses = []
methods.3.declaration = "static boolean b()"
methods.3.item.access_flags = 8
methods.3.item.body.content_span.length = 24
methods.3.item.body.content_span.start = 695
methods.3.item.body.kind = "code_attribute"
methods.3.item.descriptor.escaped = "()Z"
methods.3.item.descriptor.raw = [40,41,90]
methods.3.item.descriptor.utf16 = [40,41,90]
methods.3.item.identity.descriptor = [40,41,90]
methods.3.item.identity.name = [98]
methods.3.item.identity.owner.class_bytes.digest = "ac68f7f7897510018c4810b72848146535cd88857979a463e076cfa1842fc994"
methods.3.item.identity.owner.class_bytes.length = 775
methods.3.item.identity.owner.location.entry.ordinal = 3
methods.3.item.identity.owner.location.entry.origin.root_container = "root"
methods.3.item.identity.owner.location.entry.origin.snapshot = "46f6226b14bccd2392416f4e5a91593cb55d1d77d2a89e753a07266d8e8f6eda"
methods.3.item.identity.owner.location.entry.origin.steps = []
methods.3.item.identity.owner.location.entry.raw_name = [77,105,120,101,100,83,104,111,114,116,67,105,114,99,117,105,116,70,105,101,108,100,46,99,108,97,115,115]
methods.3.item.identity.owner.location.kind = "archive_entry"
methods.3.item.identity.owner.variant.kind = "base"
methods.3.item.index = 3
methods.3.item.name.escaped = "b"
methods.3.item.name.raw = [98]
methods.3.item.name.utf16 = [98]
methods.3.markers = []
methods.3.no_body_kind = null
methods.3.outcome.analysis.diagnostics = 0
methods.3.outcome.analysis.execution.status = "complete"
methods.3.outcome.analysis.execution.usage.analysis_steps = 497
methods.3.outcome.analysis.execution.usage.archive_entries = 24
methods.3.outcome.analysis.execution.usage.attribute_bytes = 660
methods.3.outcome.analysis.execution.usage.class_bytes = 1550
methods.3.outcome.analysis.execution.usage.class_headers = 1
methods.3.outcome.analysis.execution.usage.code_bytes = 66
methods.3.outcome.analysis.execution.usage.dependency_depth = 0
methods.3.outcome.analysis.execution.usage.elapsed_millis = 7
methods.3.outcome.analysis.execution.usage.entry_bytes = 775
methods.3.outcome.analysis.execution.usage.input_bytes = 4960
methods.3.outcome.analysis.execution.usage.ir_edges = 102
methods.3.outcome.analysis.execution.usage.ir_items = 949
methods.3.outcome.analysis.execution.usage.method_bodies = 4
methods.3.outcome.analysis.execution.usage.nested_depth = 0
methods.3.outcome.analysis.execution.usage.normalization_clones = 0
methods.3.outcome.analysis.execution.usage.output_bytes = 892
methods.3.outcome.analysis.execution.usage.read_bytes = 482
methods.3.outcome.analysis.execution.usage.result_items = 47
methods.3.outcome.kind = "recovered"
methods.3.outcome.report.accessors = []
methods.3.outcome.report.aliased_names = []
methods.3.outcome.report.artifact.agreement.state = "not_stated"
methods.3.outcome.report.artifact.binding.engine = "0.1.0"
methods.3.outcome.report.artifact.binding.environment.content = ["46f6226b14bccd2392416f4e5a91593cb55d1d77d2a89e753a07266d8e8f6eda"]
methods.3.outcome.report.artifact.binding.environment.domain_loaders = ["app"]
methods.3.outcome.report.artifact.binding.environment.providers = []
methods.3.outcome.report.artifact.binding.environment.runtime.load_domain.delegation.kind = "parent_first"
methods.3.outcome.report.artifact.binding.environment.runtime.load_domain.external_override = "none"
methods.3.outcome.report.artifact.binding.environment.runtime.load_domain.loader = "app"
methods.3.outcome.report.artifact.binding.environment.runtime.load_domain.module_mode.kind = "class_path"
methods.3.outcome.report.artifact.binding.environment.runtime.load_domain.parent_loader = null
methods.3.outcome.report.artifact.binding.environment.runtime.load_domain.roots.0.kind = "container"
methods.3.outcome.report.artifact.binding.environment.runtime.load_domain.roots.0.origin.root_container = "root"
methods.3.outcome.report.artifact.binding.environment.runtime.load_domain.roots.0.origin.snapshot = "46f6226b14bccd2392416f4e5a91593cb55d1d77d2a89e753a07266d8e8f6eda"
methods.3.outcome.report.artifact.binding.environment.runtime.load_domain.roots.0.origin.steps = []
methods.3.outcome.report.artifact.binding.environment.runtime.load_domain.roots.0.prefix = []
methods.3.outcome.report.artifact.binding.environment.runtime.load_domain.runtime_transformation = "none"
methods.3.outcome.report.artifact.binding.environment.runtime.physical.scope.kind = "snapshot_all"
methods.3.outcome.report.artifact.binding.environment.runtime.physical.snapshot = "46f6226b14bccd2392416f4e5a91593cb55d1d77d2a89e753a07266d8e8f6eda"
methods.3.outcome.report.artifact.binding.environment.runtime.profile.java_release = 8
methods.3.outcome.report.artifact.binding.environment.runtime.profile.layout.kind = "generic"
methods.3.outcome.report.artifact.binding.environment.runtime.profile.multi_release.kind = "disabled"
methods.3.outcome.report.artifact.binding.member_ordinal = 3
methods.3.outcome.report.artifact.binding.method.descriptor = [40,41,90]
methods.3.outcome.report.artifact.binding.method.name = [98]
methods.3.outcome.report.artifact.binding.method.owner.class_bytes.digest = "ac68f7f7897510018c4810b72848146535cd88857979a463e076cfa1842fc994"
methods.3.outcome.report.artifact.binding.method.owner.class_bytes.length = 775
methods.3.outcome.report.artifact.binding.method.owner.location.entry.ordinal = 3
methods.3.outcome.report.artifact.binding.method.owner.location.entry.origin.root_container = "root"
methods.3.outcome.report.artifact.binding.method.owner.location.entry.origin.snapshot = "46f6226b14bccd2392416f4e5a91593cb55d1d77d2a89e753a07266d8e8f6eda"
methods.3.outcome.report.artifact.binding.method.owner.location.entry.origin.steps = []
methods.3.outcome.report.artifact.binding.method.owner.location.entry.raw_name = [77,105,120,101,100,83,104,111,114,116,67,105,114,99,117,105,116,70,105,101,108,100,46,99,108,97,115,115]
methods.3.outcome.report.artifact.binding.method.owner.location.kind = "archive_entry"
methods.3.outcome.report.artifact.binding.method.owner.variant.kind = "base"
methods.3.outcome.report.artifact.binding.profile.java_release = 8
methods.3.outcome.report.artifact.binding.profile.layout.kind = "generic"
methods.3.outcome.report.artifact.binding.profile.multi_release.kind = "disabled"
methods.3.outcome.report.artifact.binding.registry = 71
methods.3.outcome.report.artifact.binding.rules = ["straight@1","if@1","loop@1","switch@1","lambda@1","concat@1","bridge@1","accessor@1","new@1","field@1","enumswitch@1","init@1","declaration@1","twr@1","monitor@1","finally@1"]
methods.3.outcome.report.artifact.binding.schema = 1
methods.3.outcome.report.artifact.binding.text_bytes = 281
methods.3.outcome.report.artifact.binding.text_digest = "9bb17255d631adc283a2a47232db86e0"
methods.3.outcome.report.bridges = []
methods.3.outcome.report.compile_status = "not_attempted"
methods.3.outcome.report.concats = []
methods.3.outcome.report.content = "contains_statements"
methods.3.outcome.report.declaration = null
methods.3.outcome.report.diagnostics.0.code = "jre_recovery_produced"
methods.3.outcome.report.diagnostics.0.message = "1 region(s), 2 statement(s), 9 segment(s), 281 byte(s) written from 1 canonical block(s)"
methods.3.outcome.report.diagnostics.0.provenance = null
methods.3.outcome.report.diagnostics.0.severity = "info"
methods.3.outcome.report.diagnostics.1.code = "jre_field_accesses"
methods.3.outcome.report.diagnostics.1.message = "3 field instruction(s) read under field@1: 3 presented, 0 refused"
methods.3.outcome.report.diagnostics.1.provenance = null
methods.3.outcome.report.diagnostics.1.severity = "info"
methods.3.outcome.report.diagnostics.2.code = "jre_declaration"
methods.3.outcome.report.diagnostics.2.message = "the artifact's envelope states the member's declaration under declaration@1: a static method"
methods.3.outcome.report.diagnostics.2.provenance = null
methods.3.outcome.report.diagnostics.2.severity = "info"
methods.3.outcome.report.enum_switches = []
methods.3.outcome.report.evidence.categories.0.kind = "source_map"
methods.3.outcome.report.evidence.categories.0.state.state = "not_requested"
methods.3.outcome.report.evidence.categories.1.kind = "region_details"
methods.3.outcome.report.evidence.categories.1.state.state = "not_requested"
methods.3.outcome.report.evidence.categories.2.kind = "rule_details"
methods.3.outcome.report.evidence.categories.2.state.state = "not_requested"
methods.3.outcome.report.evidence.categories.3.kind = "name_details"
methods.3.outcome.report.evidence.categories.3.state.state = "not_requested"
methods.3.outcome.report.evidence.categories.4.kind = "read_details"
methods.3.outcome.report.evidence.categories.4.state.state = "not_requested"
methods.3.outcome.report.evidence.requested.driver_bci_range = null
methods.3.outcome.report.evidence.requested.expected_artifact = null
methods.3.outcome.report.evidence.requested.kinds = []
methods.3.outcome.report.execution.status = "complete"
methods.3.outcome.report.execution.usage.analysis_steps = 504
methods.3.outcome.report.execution.usage.archive_entries = 24
methods.3.outcome.report.execution.usage.attribute_bytes = 660
methods.3.outcome.report.execution.usage.class_bytes = 1550
methods.3.outcome.report.execution.usage.class_headers = 1
methods.3.outcome.report.execution.usage.code_bytes = 66
methods.3.outcome.report.execution.usage.dependency_depth = 0
methods.3.outcome.report.execution.usage.elapsed_millis = 7
methods.3.outcome.report.execution.usage.entry_bytes = 775
methods.3.outcome.report.execution.usage.input_bytes = 4960
methods.3.outcome.report.execution.usage.ir_edges = 102
methods.3.outcome.report.execution.usage.ir_items = 986
methods.3.outcome.report.execution.usage.method_bodies = 4
methods.3.outcome.report.execution.usage.nested_depth = 0
methods.3.outcome.report.execution.usage.normalization_clones = 0
methods.3.outcome.report.execution.usage.output_bytes = 1173
methods.3.outcome.report.execution.usage.read_bytes = 482
methods.3.outcome.report.execution.usage.result_items = 47
methods.3.outcome.report.fallbacks = []
methods.3.outcome.report.fields = []
methods.3.outcome.report.init = null
methods.3.outcome.report.lambdas = []
methods.3.outcome.report.method = "b()Z"
methods.3.outcome.report.news = []
methods.3.outcome.report.outcome = "produced"
methods.3.outcome.report.profile.java_release = 8
methods.3.outcome.report.profile.layout.kind = "generic"
methods.3.outcome.report.profile.multi_release.kind = "disabled"
methods.3.outcome.report.quality = "structured"
methods.3.outcome.report.regions = []
methods.3.outcome.report.representation = "java"
methods.3.outcome.report.rules = []
methods.3.outcome.report.semantic_validation = "unproven"
methods.3.outcome.report.source_map.segments = []
methods.3.outcome.report.syntax_status = "unchecked"
methods.3.outcome.report.text = "// @method b()Z\n// @declaration a static method of `MixedShortCircuitField`, member flags 0x0008\n// recovered from bytecode; presentation is not claimed to compile\n{\n    MixedShortCircuitField.bCalls = MixedShortCircuitField.bCalls + 1;\n    return MixedShortCircuitField.bValue;\n}\n"
methods.3.outcome.report.verification = "not_performed"
methods.3.parameter_annotations.attributes = []
methods.3.parameter_annotations.refusals = []
methods.3.parameter_annotations.uses_by_position = []
methods.3.text = "    static boolean b() {\n        // @method b()Z\n        // @declaration a static method of `MixedShortCircuitField`, member flags 0x0008\n        // recovered from bytecode; presentation is not claimed to compile\n        MixedShortCircuitField.bCalls = MixedShortCircuitField.bCalls + 1;\n        return MixedShortCircuitField.bValue;\n    }\n"
methods.3.type_annotations.attributes = []
methods.3.type_annotations.field_uses = []
methods.3.type_annotations.parameter_uses = []
methods.3.type_annotations.refusals = []
methods.3.type_annotations.return_uses = []
methods.4.annotations.attributes = []
methods.4.annotations.refusals = []
methods.4.annotations.uses = []
methods.4.declaration = "static boolean c()"
methods.4.item.access_flags = 8
methods.4.item.body.content_span.length = 24
methods.4.item.body.content_span.start = 733
methods.4.item.body.kind = "code_attribute"
methods.4.item.descriptor.escaped = "()Z"
methods.4.item.descriptor.raw = [40,41,90]
methods.4.item.descriptor.utf16 = [40,41,90]
methods.4.item.identity.descriptor = [40,41,90]
methods.4.item.identity.name = [99]
methods.4.item.identity.owner.class_bytes.digest = "ac68f7f7897510018c4810b72848146535cd88857979a463e076cfa1842fc994"
methods.4.item.identity.owner.class_bytes.length = 775
methods.4.item.identity.owner.location.entry.ordinal = 3
methods.4.item.identity.owner.location.entry.origin.root_container = "root"
methods.4.item.identity.owner.location.entry.origin.snapshot = "46f6226b14bccd2392416f4e5a91593cb55d1d77d2a89e753a07266d8e8f6eda"
methods.4.item.identity.owner.location.entry.origin.steps = []
methods.4.item.identity.owner.location.entry.raw_name = [77,105,120,101,100,83,104,111,114,116,67,105,114,99,117,105,116,70,105,101,108,100,46,99,108,97,115,115]
methods.4.item.identity.owner.location.kind = "archive_entry"
methods.4.item.identity.owner.variant.kind = "base"
methods.4.item.index = 4
methods.4.item.name.escaped = "c"
methods.4.item.name.raw = [99]
methods.4.item.name.utf16 = [99]
methods.4.markers = []
methods.4.no_body_kind = null
methods.4.outcome.analysis.diagnostics = 0
methods.4.outcome.analysis.execution.status = "complete"
methods.4.outcome.analysis.execution.usage.analysis_steps = 539
methods.4.outcome.analysis.execution.usage.archive_entries = 24
methods.4.outcome.analysis.execution.usage.attribute_bytes = 690
methods.4.outcome.analysis.execution.usage.class_bytes = 1550
methods.4.outcome.analysis.execution.usage.class_headers = 1
methods.4.outcome.analysis.execution.usage.code_bytes = 78
methods.4.outcome.analysis.execution.usage.dependency_depth = 0
methods.4.outcome.analysis.execution.usage.elapsed_millis = 7
methods.4.outcome.analysis.execution.usage.entry_bytes = 775
methods.4.outcome.analysis.execution.usage.input_bytes = 4960
methods.4.outcome.analysis.execution.usage.ir_edges = 106
methods.4.outcome.analysis.execution.usage.ir_items = 1055
methods.4.outcome.analysis.execution.usage.method_bodies = 5
methods.4.outcome.analysis.execution.usage.nested_depth = 0
methods.4.outcome.analysis.execution.usage.normalization_clones = 0
methods.4.outcome.analysis.execution.usage.output_bytes = 1173
methods.4.outcome.analysis.execution.usage.read_bytes = 482
methods.4.outcome.analysis.execution.usage.result_items = 48
methods.4.outcome.kind = "recovered"
methods.4.outcome.report.accessors = []
methods.4.outcome.report.aliased_names = []
methods.4.outcome.report.artifact.agreement.state = "not_stated"
methods.4.outcome.report.artifact.binding.engine = "0.1.0"
methods.4.outcome.report.artifact.binding.environment.content = ["46f6226b14bccd2392416f4e5a91593cb55d1d77d2a89e753a07266d8e8f6eda"]
methods.4.outcome.report.artifact.binding.environment.domain_loaders = ["app"]
methods.4.outcome.report.artifact.binding.environment.providers = []
methods.4.outcome.report.artifact.binding.environment.runtime.load_domain.delegation.kind = "parent_first"
methods.4.outcome.report.artifact.binding.environment.runtime.load_domain.external_override = "none"
methods.4.outcome.report.artifact.binding.environment.runtime.load_domain.loader = "app"
methods.4.outcome.report.artifact.binding.environment.runtime.load_domain.module_mode.kind = "class_path"
methods.4.outcome.report.artifact.binding.environment.runtime.load_domain.parent_loader = null
methods.4.outcome.report.artifact.binding.environment.runtime.load_domain.roots.0.kind = "container"
methods.4.outcome.report.artifact.binding.environment.runtime.load_domain.roots.0.origin.root_container = "root"
methods.4.outcome.report.artifact.binding.environment.runtime.load_domain.roots.0.origin.snapshot = "46f6226b14bccd2392416f4e5a91593cb55d1d77d2a89e753a07266d8e8f6eda"
methods.4.outcome.report.artifact.binding.environment.runtime.load_domain.roots.0.origin.steps = []
methods.4.outcome.report.artifact.binding.environment.runtime.load_domain.roots.0.prefix = []
methods.4.outcome.report.artifact.binding.environment.runtime.load_domain.runtime_transformation = "none"
methods.4.outcome.report.artifact.binding.environment.runtime.physical.scope.kind = "snapshot_all"
methods.4.outcome.report.artifact.binding.environment.runtime.physical.snapshot = "46f6226b14bccd2392416f4e5a91593cb55d1d77d2a89e753a07266d8e8f6eda"
methods.4.outcome.report.artifact.binding.environment.runtime.profile.java_release = 8
methods.4.outcome.report.artifact.binding.environment.runtime.profile.layout.kind = "generic"
methods.4.outcome.report.artifact.binding.environment.runtime.profile.multi_release.kind = "disabled"
methods.4.outcome.report.artifact.binding.member_ordinal = 4
methods.4.outcome.report.artifact.binding.method.descriptor = [40,41,90]
methods.4.outcome.report.artifact.binding.method.name = [99]
methods.4.outcome.report.artifact.binding.method.owner.class_bytes.digest = "ac68f7f7897510018c4810b72848146535cd88857979a463e076cfa1842fc994"
methods.4.outcome.report.artifact.binding.method.owner.class_bytes.length = 775
methods.4.outcome.report.artifact.binding.method.owner.location.entry.ordinal = 3
methods.4.outcome.report.artifact.binding.method.owner.location.entry.origin.root_container = "root"
methods.4.outcome.report.artifact.binding.method.owner.location.entry.origin.snapshot = "46f6226b14bccd2392416f4e5a91593cb55d1d77d2a89e753a07266d8e8f6eda"
methods.4.outcome.report.artifact.binding.method.owner.location.entry.origin.steps = []
methods.4.outcome.report.artifact.binding.method.owner.location.entry.raw_name = [77,105,120,101,100,83,104,111,114,116,67,105,114,99,117,105,116,70,105,101,108,100,46,99,108,97,115,115]
methods.4.outcome.report.artifact.binding.method.owner.location.kind = "archive_entry"
methods.4.outcome.report.artifact.binding.method.owner.variant.kind = "base"
methods.4.outcome.report.artifact.binding.profile.java_release = 8
methods.4.outcome.report.artifact.binding.profile.layout.kind = "generic"
methods.4.outcome.report.artifact.binding.profile.multi_release.kind = "disabled"
methods.4.outcome.report.artifact.binding.registry = 71
methods.4.outcome.report.artifact.binding.rules = ["straight@1","if@1","loop@1","switch@1","lambda@1","concat@1","bridge@1","accessor@1","new@1","field@1","enumswitch@1","init@1","declaration@1","twr@1","monitor@1","finally@1"]
methods.4.outcome.report.artifact.binding.schema = 1
methods.4.outcome.report.artifact.binding.text_bytes = 281
methods.4.outcome.report.artifact.binding.text_digest = "f5b6948393aa61efc68412d2bc58d034"
methods.4.outcome.report.bridges = []
methods.4.outcome.report.compile_status = "not_attempted"
methods.4.outcome.report.concats = []
methods.4.outcome.report.content = "contains_statements"
methods.4.outcome.report.declaration = null
methods.4.outcome.report.diagnostics.0.code = "jre_recovery_produced"
methods.4.outcome.report.diagnostics.0.message = "1 region(s), 2 statement(s), 9 segment(s), 281 byte(s) written from 1 canonical block(s)"
methods.4.outcome.report.diagnostics.0.provenance = null
methods.4.outcome.report.diagnostics.0.severity = "info"
methods.4.outcome.report.diagnostics.1.code = "jre_field_accesses"
methods.4.outcome.report.diagnostics.1.message = "3 field instruction(s) read under field@1: 3 presented, 0 refused"
methods.4.outcome.report.diagnostics.1.provenance = null
methods.4.outcome.report.diagnostics.1.severity = "info"
methods.4.outcome.report.diagnostics.2.code = "jre_declaration"
methods.4.outcome.report.diagnostics.2.message = "the artifact's envelope states the member's declaration under declaration@1: a static method"
methods.4.outcome.report.diagnostics.2.provenance = null
methods.4.outcome.report.diagnostics.2.severity = "info"
methods.4.outcome.report.enum_switches = []
methods.4.outcome.report.evidence.categories.0.kind = "source_map"
methods.4.outcome.report.evidence.categories.0.state.state = "not_requested"
methods.4.outcome.report.evidence.categories.1.kind = "region_details"
methods.4.outcome.report.evidence.categories.1.state.state = "not_requested"
methods.4.outcome.report.evidence.categories.2.kind = "rule_details"
methods.4.outcome.report.evidence.categories.2.state.state = "not_requested"
methods.4.outcome.report.evidence.categories.3.kind = "name_details"
methods.4.outcome.report.evidence.categories.3.state.state = "not_requested"
methods.4.outcome.report.evidence.categories.4.kind = "read_details"
methods.4.outcome.report.evidence.categories.4.state.state = "not_requested"
methods.4.outcome.report.evidence.requested.driver_bci_range = null
methods.4.outcome.report.evidence.requested.expected_artifact = null
methods.4.outcome.report.evidence.requested.kinds = []
methods.4.outcome.report.execution.status = "complete"
methods.4.outcome.report.execution.usage.analysis_steps = 546
methods.4.outcome.report.execution.usage.archive_entries = 24
methods.4.outcome.report.execution.usage.attribute_bytes = 690
methods.4.outcome.report.execution.usage.class_bytes = 1550
methods.4.outcome.report.execution.usage.class_headers = 1
methods.4.outcome.report.execution.usage.code_bytes = 78
methods.4.outcome.report.execution.usage.dependency_depth = 0
methods.4.outcome.report.execution.usage.elapsed_millis = 7
methods.4.outcome.report.execution.usage.entry_bytes = 775
methods.4.outcome.report.execution.usage.input_bytes = 4960
methods.4.outcome.report.execution.usage.ir_edges = 106
methods.4.outcome.report.execution.usage.ir_items = 1092
methods.4.outcome.report.execution.usage.method_bodies = 5
methods.4.outcome.report.execution.usage.nested_depth = 0
methods.4.outcome.report.execution.usage.normalization_clones = 0
methods.4.outcome.report.execution.usage.output_bytes = 1454
methods.4.outcome.report.execution.usage.read_bytes = 482
methods.4.outcome.report.execution.usage.result_items = 48
methods.4.outcome.report.fallbacks = []
methods.4.outcome.report.fields = []
methods.4.outcome.report.init = null
methods.4.outcome.report.lambdas = []
methods.4.outcome.report.method = "c()Z"
methods.4.outcome.report.news = []
methods.4.outcome.report.outcome = "produced"
methods.4.outcome.report.profile.java_release = 8
methods.4.outcome.report.profile.layout.kind = "generic"
methods.4.outcome.report.profile.multi_release.kind = "disabled"
methods.4.outcome.report.quality = "structured"
methods.4.outcome.report.regions = []
methods.4.outcome.report.representation = "java"
methods.4.outcome.report.rules = []
methods.4.outcome.report.semantic_validation = "unproven"
methods.4.outcome.report.source_map.segments = []
methods.4.outcome.report.syntax_status = "unchecked"
methods.4.outcome.report.text = "// @method c()Z\n// @declaration a static method of `MixedShortCircuitField`, member flags 0x0008\n// recovered from bytecode; presentation is not claimed to compile\n{\n    MixedShortCircuitField.cCalls = MixedShortCircuitField.cCalls + 1;\n    return MixedShortCircuitField.cValue;\n}\n"
methods.4.outcome.report.verification = "not_performed"
methods.4.parameter_annotations.attributes = []
methods.4.parameter_annotations.refusals = []
methods.4.parameter_annotations.uses_by_position = []
methods.4.text = "    static boolean c() {\n        // @method c()Z\n        // @declaration a static method of `MixedShortCircuitField`, member flags 0x0008\n        // recovered from bytecode; presentation is not claimed to compile\n        MixedShortCircuitField.cCalls = MixedShortCircuitField.cCalls + 1;\n        return MixedShortCircuitField.cValue;\n    }\n"
methods.4.type_annotations.attributes = []
methods.4.type_annotations.field_uses = []
methods.4.type_annotations.parameter_uses = []
methods.4.type_annotations.refusals = []
methods.4.type_annotations.return_uses = []
outcome = "performed"
stages = ["raw_facts","raw_cfg","legacy_normalization","canonical_cfg","frame","ssa"]
usage.analysis_steps = 546
usage.archive_entries = 24
usage.attribute_bytes = 690
usage.class_bytes = 1550
usage.class_headers = 1
usage.code_bytes = 78
usage.dependency_depth = 0
usage.elapsed_millis = 7
usage.entry_bytes = 775
usage.input_bytes = 4960
usage.ir_edges = 106
usage.ir_items = 1092
usage.method_bodies = 5
usage.nested_depth = 0
usage.normalization_clones = 0
usage.output_bytes = 1454
usage.read_bytes = 482
usage.result_items = 49
view.scope.kind = "snapshot_all"
view.snapshot = "46f6226b14bccd2392416f4e5a91593cb55d1d77d2a89e753a07266d8e8f6eda"
