Classfile jar:file:/private/tmp/jarde-class-ctor-evidence/frozen/corretto8/nodebug/RepeatedHold/RepeatedHold.jar!/RepeatedHold.class
  Last modified 2026-10-8; size 337 bytes
  MD5 checksum c0fde7811380745febd343f0061bc68f
public class RepeatedHold<T extends java.lang.Object> extends java.lang.Object
  minor version: 0
  major version: 52
  flags: ACC_PUBLIC, ACC_SUPER
Constant pool:
   #1 = Methodref          #5.#16         // java/lang/Object."<init>":()V
   #2 = Fieldref           #4.#17         // RepeatedHold.first:Ljava/lang/Object;
   #3 = Fieldref           #4.#18         // RepeatedHold.second:Ljava/lang/Object;
   #4 = Class              #19            // RepeatedHold
   #5 = Class              #20            // java/lang/Object
   #6 = Utf8               first
   #7 = Utf8               Ljava/lang/Object;
   #8 = Utf8               Signature
   #9 = Utf8               TT;
  #10 = Utf8               second
  #11 = Utf8               <init>
  #12 = Utf8               (Ljava/lang/Object;)V
  #13 = Utf8               Code
  #14 = Utf8               (TT;)V
  #15 = Utf8               <T:Ljava/lang/Object;>Ljava/lang/Object;
  #16 = NameAndType        #11:#21        // "<init>":()V
  #17 = NameAndType        #6:#7          // first:Ljava/lang/Object;
  #18 = NameAndType        #10:#7         // second:Ljava/lang/Object;
  #19 = Utf8               RepeatedHold
  #20 = Utf8               java/lang/Object
  #21 = Utf8               ()V
{
  public T first;
    descriptor: Ljava/lang/Object;
    flags: ACC_PUBLIC
    Signature: #9                           // TT;

  public T second;
    descriptor: Ljava/lang/Object;
    flags: ACC_PUBLIC
    Signature: #9                           // TT;

  public RepeatedHold(T);
    descriptor: (Ljava/lang/Object;)V
    flags: ACC_PUBLIC
    Code:
      stack=2, locals=2, args_size=2
         0: aload_0
         1: invokespecial #1                  // Method java/lang/Object."<init>":()V
         4: aload_0
         5: aload_1
         6: putfield      #2                  // Field first:Ljava/lang/Object;
         9: aload_0
        10: aload_1
        11: putfield      #3                  // Field second:Ljava/lang/Object;
        14: return
    Signature: #14                          // (TT;)V
}
Signature: #15                          // <T:Ljava/lang/Object;>Ljava/lang/Object;
