Classfile jar:file:///Users/lordcasser/workspace/projects/jarde/openspec/evidence/same-class-generic-call-consumers-2026-10-09/frozen-inputs-v1/openjdk23/debug/CatchCallMarker/CatchCallMarker.jar!/CatchCallMarker.class
  Last modified 2026年10月9日; size 909 bytes
  SHA-256 checksum ffd5257adb8c2d785d34fb388f82a973f92b25051c12d82bf1e4d684e868c452
  Compiled from "CatchCallMarker.java"
public class CatchCallMarker<T extends java.lang.Object> extends java.lang.Object
  minor version: 0
  major version: 52
  flags: (0x0021) ACC_PUBLIC, ACC_SUPER
  this_class: #8                          // CatchCallMarker
  super_class: #2                         // java/lang/Object
  interfaces: 0, fields: 1, methods: 2, attributes: 2
Constant pool:
   #1 = Methodref          #2.#3          // java/lang/Object."<init>":()V
   #2 = Class              #4             // java/lang/Object
   #3 = NameAndType        #5:#6          // "<init>":()V
   #4 = Utf8               java/lang/Object
   #5 = Utf8               <init>
   #6 = Utf8               ()V
   #7 = Methodref          #8.#9          // CatchCallMarker.maybe:(Ljava/lang/Object;Z)Ljava/lang/Object;
   #8 = Class              #10            // CatchCallMarker
   #9 = NameAndType        #11:#12        // maybe:(Ljava/lang/Object;Z)Ljava/lang/Object;
  #10 = Utf8               CatchCallMarker
  #11 = Utf8               maybe
  #12 = Utf8               (Ljava/lang/Object;Z)Ljava/lang/Object;
  #13 = Fieldref           #8.#14         // CatchCallMarker.value:Ljava/lang/Object;
  #14 = NameAndType        #15:#16        // value:Ljava/lang/Object;
  #15 = Utf8               value
  #16 = Utf8               Ljava/lang/Object;
  #17 = Class              #18            // java/lang/RuntimeException
  #18 = Utf8               java/lang/RuntimeException
  #19 = Methodref          #17.#3         // java/lang/RuntimeException."<init>":()V
  #20 = Utf8               Signature
  #21 = Utf8               TT;
  #22 = Utf8               (Ljava/lang/Object;Z)V
  #23 = Utf8               Code
  #24 = Utf8               LineNumberTable
  #25 = Utf8               LocalVariableTable
  #26 = Utf8               ex
  #27 = Utf8               Ljava/lang/RuntimeException;
  #28 = Utf8               this
  #29 = Utf8               LCatchCallMarker;
  #30 = Utf8               x
  #31 = Utf8               fail
  #32 = Utf8               Z
  #33 = Utf8               LocalVariableTypeTable
  #34 = Utf8               LCatchCallMarker<TT;>;
  #35 = Utf8               StackMapTable
  #36 = Utf8               (TT;Z)V
  #37 = Utf8               (TT;Z)TT;
  #38 = Utf8               <T:Ljava/lang/Object;>Ljava/lang/Object;
  #39 = Utf8               SourceFile
  #40 = Utf8               CatchCallMarker.java
{
  public T value;
    descriptor: Ljava/lang/Object;
    flags: (0x0001) ACC_PUBLIC
    Signature: #21                          // TT;

  public CatchCallMarker(T, boolean);
    descriptor: (Ljava/lang/Object;Z)V
    flags: (0x0001) ACC_PUBLIC
    Code:
      stack=4, locals=4, args_size=3
         0: aload_0
         1: invokespecial #1                  // Method java/lang/Object."<init>":()V
         4: aload_0
         5: aload_0
         6: aload_1
         7: iload_2
         8: invokespecial #7                  // Method maybe:(Ljava/lang/Object;Z)Ljava/lang/Object;
        11: putfield      #13                 // Field value:Ljava/lang/Object;
        14: goto          23
        17: astore_3
        18: aload_0
        19: aconst_null
        20: putfield      #13                 // Field value:Ljava/lang/Object;
        23: return
      Exception table:
         from    to  target type
             4    14    17   Class java/lang/RuntimeException
      LineNumberTable:
        line 1: 0
      LocalVariableTable:
        Start  Length  Slot  Name   Signature
           18       5     3    ex   Ljava/lang/RuntimeException;
            0      24     0  this   LCatchCallMarker;
            0      24     1     x   Ljava/lang/Object;
            0      24     2  fail   Z
      LocalVariableTypeTable:
        Start  Length  Slot  Name   Signature
            0      24     0  this   LCatchCallMarker<TT;>;
            0      24     1     x   TT;
      StackMapTable: number_of_entries = 2
        frame_type = 255 /* full_frame */
          offset_delta = 17
          locals = [ class CatchCallMarker, class java/lang/Object, int ]
          stack = [ class java/lang/RuntimeException ]
        frame_type = 5 /* same */
    Signature: #36                          // (TT;Z)V

  private T maybe(T, boolean);
    descriptor: (Ljava/lang/Object;Z)Ljava/lang/Object;
    flags: (0x0002) ACC_PRIVATE
    Code:
      stack=2, locals=3, args_size=3
         0: iload_2
         1: ifeq          12
         4: new           #17                 // class java/lang/RuntimeException
         7: dup
         8: invokespecial #19                 // Method java/lang/RuntimeException."<init>":()V
        11: athrow
        12: aload_1
        13: areturn
      LineNumberTable:
        line 1: 0
      LocalVariableTable:
        Start  Length  Slot  Name   Signature
            0      14     0  this   LCatchCallMarker;
            0      14     1     x   Ljava/lang/Object;
            0      14     2  fail   Z
      LocalVariableTypeTable:
        Start  Length  Slot  Name   Signature
            0      14     0  this   LCatchCallMarker<TT;>;
            0      14     1     x   TT;
      StackMapTable: number_of_entries = 1
        frame_type = 12 /* same */
    Signature: #37                          // (TT;Z)TT;
}
Signature: #38                          // <T:Ljava/lang/Object;>Ljava/lang/Object;
SourceFile: "CatchCallMarker.java"
