Classfile jar:file:/private/tmp/jarde-generic-call-patrol-v1/results-v3/IndependentCallee/IndependentCallee.jar!/IndependentCallee.class
  Last modified 2026-10-9; size 766 bytes
  MD5 checksum c55d6fc240e8a301c7db4dbaa956e1fe
  Compiled from "IndependentCallee.java"
public class IndependentCallee<T extends java.lang.Object> extends java.lang.Object
  minor version: 0
  major version: 52
  flags: ACC_PUBLIC, ACC_SUPER
Constant pool:
   #1 = Methodref          #4.#27         // java/lang/Object."<init>":()V
   #2 = Methodref          #3.#28         // IndependentCallee.id:(Ljava/lang/Object;)Ljava/lang/Object;
   #3 = Class              #29            // IndependentCallee
   #4 = Class              #30            // java/lang/Object
   #5 = Utf8               <init>
   #6 = Utf8               ()V
   #7 = Utf8               Code
   #8 = Utf8               LineNumberTable
   #9 = Utf8               LocalVariableTable
  #10 = Utf8               this
  #11 = Utf8               LIndependentCallee;
  #12 = Utf8               LocalVariableTypeTable
  #13 = Utf8               LIndependentCallee<TT;>;
  #14 = Utf8               id
  #15 = Utf8               (Ljava/lang/Object;)Ljava/lang/Object;
  #16 = Utf8               x
  #17 = Utf8               Ljava/lang/Object;
  #18 = Utf8               TU;
  #19 = Utf8               Signature
  #20 = Utf8               <U:Ljava/lang/Object;>(TU;)TU;
  #21 = Utf8               relay
  #22 = Utf8               TT;
  #23 = Utf8               (TT;)TT;
  #24 = Utf8               <T:Ljava/lang/Object;>Ljava/lang/Object;
  #25 = Utf8               SourceFile
  #26 = Utf8               IndependentCallee.java
  #27 = NameAndType        #5:#6          // "<init>":()V
  #28 = NameAndType        #14:#15        // id:(Ljava/lang/Object;)Ljava/lang/Object;
  #29 = Utf8               IndependentCallee
  #30 = Utf8               java/lang/Object
{
  public IndependentCallee();
    descriptor: ()V
    flags: ACC_PUBLIC
    Code:
      stack=1, locals=1, args_size=1
         0: aload_0
         1: invokespecial #1                  // Method java/lang/Object."<init>":()V
         4: return
      LineNumberTable:
        line 1: 0
      LocalVariableTable:
        Start  Length  Slot  Name   Signature
            0       5     0  this   LIndependentCallee;
      LocalVariableTypeTable:
        Start  Length  Slot  Name   Signature
            0       5     0  this   LIndependentCallee<TT;>;

  public <U extends java.lang.Object> U id(U);
    descriptor: (Ljava/lang/Object;)Ljava/lang/Object;
    flags: ACC_PUBLIC
    Code:
      stack=1, locals=2, args_size=2
         0: aload_1
         1: areturn
      LineNumberTable:
        line 2: 0
      LocalVariableTable:
        Start  Length  Slot  Name   Signature
            0       2     0  this   LIndependentCallee;
            0       2     1     x   Ljava/lang/Object;
      LocalVariableTypeTable:
        Start  Length  Slot  Name   Signature
            0       2     0  this   LIndependentCallee<TT;>;
            0       2     1     x   TU;
    Signature: #20                          // <U:Ljava/lang/Object;>(TU;)TU;

  public T relay(T);
    descriptor: (Ljava/lang/Object;)Ljava/lang/Object;
    flags: ACC_PUBLIC
    Code:
      stack=2, locals=2, args_size=2
         0: aload_0
         1: aload_1
         2: invokevirtual #2                  // Method id:(Ljava/lang/Object;)Ljava/lang/Object;
         5: areturn
      LineNumberTable:
        line 3: 0
      LocalVariableTable:
        Start  Length  Slot  Name   Signature
            0       6     0  this   LIndependentCallee;
            0       6     1     x   Ljava/lang/Object;
      LocalVariableTypeTable:
        Start  Length  Slot  Name   Signature
            0       6     0  this   LIndependentCallee<TT;>;
            0       6     1     x   TT;
    Signature: #23                          // (TT;)TT;
}
Signature: #24                          // <T:Ljava/lang/Object;>Ljava/lang/Object;
SourceFile: "IndependentCallee.java"
