
running 20 tests
test a_cancelled_direct_run_is_never_published_as_complete ... ok
test a_cancelled_request_does_not_reach_a_later_one_over_the_same_bytes ... ok
test a_candidate_may_be_enabled_only_while_its_differential_is_equivalent ... ok
test every_benefit_claim_needs_a_second_runnable_path ... ok
test every_boundary_corpus_publishes_the_same_result_with_and_without_the_cache ... ok
test no_ordinary_entry_reaches_the_bulk_module_or_recover_all ... ok
test p5_repeated_direct_baseline ... ignored, repeated benchmark: run with `cargo test --test p5_benchmark --locked -- --ignored --nocapture p5_repeated_direct_baseline`
test repeated_direct_runs_publish_the_same_result_fingerprint ... ok
test the_benchmark_subjects_are_the_bytes_the_corpus_fingerprint_fixes ... ok
test the_benefit_rule_refuses_a_claim_the_matrix_cannot_back ... ok
test the_built_layer_carries_the_dimensions_the_record_binds_to_it ... ok
test the_cache_path_publishes_the_same_result_and_reports_what_it_saved ... ok
test the_direct_row_fingerprints_are_printed_for_a_cross_process_comparison ... ok
test the_enablement_rule_refuses_a_candidate_whose_paths_differ ... ok
test the_engine_has_one_disabled_facts_cache_and_no_index_or_scheduler ... ok
test the_local_and_the_full_range_runs_are_compared_field_by_field ... ok
test the_published_order_is_a_function_of_the_input_alone ... ok
test the_recorded_key_dimensions_are_the_ones_the_decision_names ... ok
test the_reference_path_publishes_no_pool_candidate_as_an_item ... ok
test the_result_fingerprint_ignores_the_wall_clock_and_nothing_else ... ok

test result: ok. 19 passed; 0 failed; 1 ignored; 0 measured; 0 filtered out; finished in 0.97s

