Classfile jar:file:///Users/lordcasser/workspace/projects/jarde/openspec/evidence/same-class-generic-call-consumers-2026-10-09/frozen-inputs-v1/openjdk23/debug/IndependentLeaf/IndependentLeaf.jar!/IndependentLeaf.class
  Last modified 2026年10月9日; size 595 bytes
  SHA-256 checksum 9d550f7725a2219381ae5ba1ab4320790dce027c4a5bcd03497fc7377b0c5da5
  Compiled from "IndependentLeaf.java"
public class IndependentLeaf<T extends java.lang.Object> extends java.lang.Object
  minor version: 0
  major version: 52
  flags: (0x0021) ACC_PUBLIC, ACC_SUPER
  this_class: #7                          // IndependentLeaf
  super_class: #2                         // java/lang/Object
  interfaces: 0, fields: 0, methods: 2, attributes: 2
Constant pool:
   #1 = Methodref          #2.#3          // java/lang/Object."<init>":()V
   #2 = Class              #4             // java/lang/Object
   #3 = NameAndType        #5:#6          // "<init>":()V
   #4 = Utf8               java/lang/Object
   #5 = Utf8               <init>
   #6 = Utf8               ()V
   #7 = Class              #8             // IndependentLeaf
   #8 = Utf8               IndependentLeaf
   #9 = Utf8               Code
  #10 = Utf8               LineNumberTable
  #11 = Utf8               LocalVariableTable
  #12 = Utf8               this
  #13 = Utf8               LIndependentLeaf;
  #14 = Utf8               LocalVariableTypeTable
  #15 = Utf8               LIndependentLeaf<TT;>;
  #16 = Utf8               leaf
  #17 = Utf8               (Ljava/lang/Object;)Ljava/lang/Object;
  #18 = Utf8               x
  #19 = Utf8               Ljava/lang/Object;
  #20 = Utf8               TT;
  #21 = Utf8               Signature
  #22 = Utf8               (TT;)TT;
  #23 = Utf8               <T:Ljava/lang/Object;>Ljava/lang/Object;
  #24 = Utf8               SourceFile
  #25 = Utf8               IndependentLeaf.java
{
  public IndependentLeaf();
    descriptor: ()V
    flags: (0x0001) ACC_PUBLIC
    Code:
      stack=1, locals=1, args_size=1
         0: aload_0
         1: invokespecial #1                  // Method java/lang/Object."<init>":()V
         4: return
      LineNumberTable:
        line 1: 0
      LocalVariableTable:
        Start  Length  Slot  Name   Signature
            0       5     0  this   LIndependentLeaf;
      LocalVariableTypeTable:
        Start  Length  Slot  Name   Signature
            0       5     0  this   LIndependentLeaf<TT;>;

  public T leaf(T);
    descriptor: (Ljava/lang/Object;)Ljava/lang/Object;
    flags: (0x0001) ACC_PUBLIC
    Code:
      stack=1, locals=2, args_size=2
         0: aload_1
         1: areturn
      LineNumberTable:
        line 1: 0
      LocalVariableTable:
        Start  Length  Slot  Name   Signature
            0       2     0  this   LIndependentLeaf;
            0       2     1     x   Ljava/lang/Object;
      LocalVariableTypeTable:
        Start  Length  Slot  Name   Signature
            0       2     0  this   LIndependentLeaf<TT;>;
            0       2     1     x   TT;
    Signature: #22                          // (TT;)TT;
}
Signature: #23                          // <T:Ljava/lang/Object;>Ljava/lang/Object;
SourceFile: "IndependentLeaf.java"
