# The gating experiment (baseline = the parent commit c99e26a5, current = this slice)
# columns: input | baseline render sha256 | current render sha256 | verdict
input|baseline|current|verdict
io-patrol-jar|42f4235f12e7a65cb9aeb17e87d1a61bb19bed078361aa03a9f033e06379a81b|27d2b6721966d046e47b968e6f7eb57879a5251d6a69f2ba0b9c5d319b26e442|moved
io-v8|42f4235f12e7a65cb9aeb17e87d1a61bb19bed078361aa03a9f033e06379a81b|27d2b6721966d046e47b968e6f7eb57879a5251d6a69f2ba0b9c5d319b26e442|moved
io-v8-javac8|42f4235f12e7a65cb9aeb17e87d1a61bb19bed078361aa03a9f033e06379a81b|27d2b6721966d046e47b968e6f7eb57879a5251d6a69f2ba0b9c5d319b26e442|moved
mid-v8|da6e7de9f7f1e41f7219b66b1c00ba62aea7fc81ff72d996d38c6f98c0f80c19|e3e490a923cd46a93b5acd29225b837d62e955da10249bd51dccfa755b547154|moved
mid-v8-javac8|da6e7de9f7f1e41f7219b66b1c00ba62aea7fc81ff72d996d38c6f98c0f80c19|e3e490a923cd46a93b5acd29225b837d62e955da10249bd51dccfa755b547154|moved
negatives-v8|812c56d02b3afa1d69e93abbc2113252c0958a16aeb3c5dbaa48fc49843980c8|812c56d02b3afa1d69e93abbc2113252c0958a16aeb3c5dbaa48fc49843980c8|identical
negatives-v8-javac8|812c56d02b3afa1d69e93abbc2113252c0958a16aeb3c5dbaa48fc49843980c8|812c56d02b3afa1d69e93abbc2113252c0958a16aeb3c5dbaa48fc49843980c8|identical
depth-v8|49b31ac17a13f55358e45e8ccc1be157c52a93fd041f0d12c2d5218969f61885|fb07952d84ec1172a6a04b70a17739c90e8a1479bb82eaf7c07d0fb3992e81b2|moved
depth-v8-javac8|49b31ac17a13f55358e45e8ccc1be157c52a93fd041f0d12c2d5218969f61885|fb07952d84ec1172a6a04b70a17739c90e8a1479bb82eaf7c07d0fb3992e81b2|moved
widening-v8|7ad5c74c6a474914cb652fc308064a0ca76e64fbc520f0ef679e062f7d275028|b4b0bf1551d42a28f3ce37eb2c16e93ea10c121aa587b7f31f310d3b80007c53|moved
widening-v8-javac8|7ad5c74c6a474914cb652fc308064a0ca76e64fbc520f0ef679e062f7d275028|b4b0bf1551d42a28f3ce37eb2c16e93ea10c121aa587b7f31f310d3b80007c53|moved
lk-patrol-jar|79b61c4db829aa7e78ff6645ef5f302ab63b719e5462a4ffcbd6a02f16873b1f|79b61c4db829aa7e78ff6645ef5f302ab63b719e5462a4ffcbd6a02f16873b1f|identical
lk-v8|79b61c4db829aa7e78ff6645ef5f302ab63b719e5462a4ffcbd6a02f16873b1f|79b61c4db829aa7e78ff6645ef5f302ab63b719e5462a4ffcbd6a02f16873b1f|identical
lk-v8-javac8|79b61c4db829aa7e78ff6645ef5f302ab63b719e5462a4ffcbd6a02f16873b1f|79b61c4db829aa7e78ff6645ef5f302ab63b719e5462a4ffcbd6a02f16873b1f|identical
lk-negatives-v8|27ec707215f0937849fe2f8fc3965643e48d9277ff4d4b714664957c29ecdd5d|27ec707215f0937849fe2f8fc3965643e48d9277ff4d4b714664957c29ecdd5d|identical
lk-negatives-v8-javac8|27ec707215f0937849fe2f8fc3965643e48d9277ff4d4b714664957c29ecdd5d|27ec707215f0937849fe2f8fc3965643e48d9277ff4d4b714664957c29ecdd5d|identical
lk-probe-v8|87e1fd1e87037bd492be180ec4b782b76f1c185b3c2ca4d5428183a0b3bc5a12|7f0f6624e21613f3940402e34a4e90b5583e1fe69175b5ecc6ded6c05aa3531a|moved
lk-probe-v8-javac8|87e1fd1e87037bd492be180ec4b782b76f1c185b3c2ca4d5428183a0b3bc5a12|7f0f6624e21613f3940402e34a4e90b5583e1fe69175b5ecc6ded6c05aa3531a|moved
local-scope-crossing|31a5506f5b7ac55994ea7f13d41f921b0250aedfaa1cc6bf9765e45595f93067|73c08f7d4fc0f897c2cc2d06ae9d50b4b4798d0c30cb73af3c99ae7ac3bb4365|moved
local-scope-crossing-javac8|31a5506f5b7ac55994ea7f13d41f921b0250aedfaa1cc6bf9765e45595f93067|73c08f7d4fc0f897c2cc2d06ae9d50b4b4798d0c30cb73af3c99ae7ac3bb4365|moved
p3-handlers|5aecd2387441aed4a10c28583b640a0f1c96ed3535fd55a00a71bb7ec5805a21|5aecd2387441aed4a10c28583b640a0f1c96ed3535fd55a00a71bb7ec5805a21|identical
void-loop-fixed|aafff03d658b7ba87bc56b533347d1a9c9b772ebaa21e79ac1836a5f51a8ecb6|aafff03d658b7ba87bc56b533347d1a9c9b772ebaa21e79ac1836a5f51a8ecb6|identical
nested-ctor-x4|14b420ce5348ef1eeafd194ad4bd3db362a2dd99989cb9842e4a218ec4eeb807|1c3aa5fe5397443cfc5517baec4e845ff514a236ef4953d8923885015dc84414|moved
nested-ctor-x3|26e03be4cd79ebe6fa1474a6b78cd0e7fd44e7378d0a9601f5112527c110269b|26e03be4cd79ebe6fa1474a6b78cd0e7fd44e7378d0a9601f5112527c110269b|identical
