Classfile jar:file:/Users/lordcasser/workspace/projects/jarde/openspec/evidence/same-class-generic-call-consumers-2026-10-09/frozen-inputs-v1/corretto8/debug/ReboundOwnReceiver/ReboundOwnReceiver.jar!/ReboundOwnReceiver.class
  Last modified 2026-10-9; size 795 bytes
  MD5 checksum b42640fe1e1a4e0b53a3ccbc953081ba
  Compiled from "ReboundOwnReceiver.java"
public class ReboundOwnReceiver<T extends java.lang.Object> extends java.lang.Object
  minor version: 0
  major version: 52
  flags: ACC_PUBLIC, ACC_SUPER
Constant pool:
   #1 = Methodref          #4.#27         // java/lang/Object."<init>":()V
   #2 = Class              #28            // ReboundOwnReceiver
   #3 = Methodref          #2.#29         // ReboundOwnReceiver.identity:(Ljava/lang/Object;)Ljava/lang/Object;
   #4 = Class              #30            // java/lang/Object
   #5 = Utf8               <init>
   #6 = Utf8               ()V
   #7 = Utf8               Code
   #8 = Utf8               LineNumberTable
   #9 = Utf8               LocalVariableTable
  #10 = Utf8               this
  #11 = Utf8               LReboundOwnReceiver;
  #12 = Utf8               LocalVariableTypeTable
  #13 = Utf8               LReboundOwnReceiver<TT;>;
  #14 = Utf8               identity
  #15 = Utf8               (Ljava/lang/Object;)Ljava/lang/Object;
  #16 = Utf8               x
  #17 = Utf8               Ljava/lang/Object;
  #18 = Utf8               TT;
  #19 = Utf8               Signature
  #20 = Utf8               (TT;)TT;
  #21 = Utf8               relay
  #22 = Utf8               receiver
  #23 = Utf8               alias
  #24 = Utf8               <T:Ljava/lang/Object;>Ljava/lang/Object;
  #25 = Utf8               SourceFile
  #26 = Utf8               ReboundOwnReceiver.java
  #27 = NameAndType        #5:#6          // "<init>":()V
  #28 = Utf8               ReboundOwnReceiver
  #29 = NameAndType        #14:#15        // identity:(Ljava/lang/Object;)Ljava/lang/Object;
  #30 = Utf8               java/lang/Object
{
  public ReboundOwnReceiver();
    descriptor: ()V
    flags: ACC_PUBLIC
    Code:
      stack=1, locals=1, args_size=1
         0: aload_0
         1: invokespecial #1                  // Method java/lang/Object."<init>":()V
         4: return
      LineNumberTable:
        line 1: 0
      LocalVariableTable:
        Start  Length  Slot  Name   Signature
            0       5     0  this   LReboundOwnReceiver;
      LocalVariableTypeTable:
        Start  Length  Slot  Name   Signature
            0       5     0  this   LReboundOwnReceiver<TT;>;

  public T identity(T);
    descriptor: (Ljava/lang/Object;)Ljava/lang/Object;
    flags: ACC_PUBLIC
    Code:
      stack=1, locals=2, args_size=2
         0: aload_1
         1: areturn
      LineNumberTable:
        line 1: 0
      LocalVariableTable:
        Start  Length  Slot  Name   Signature
            0       2     0  this   LReboundOwnReceiver;
            0       2     1     x   Ljava/lang/Object;
      LocalVariableTypeTable:
        Start  Length  Slot  Name   Signature
            0       2     0  this   LReboundOwnReceiver<TT;>;
            0       2     1     x   TT;
    Signature: #20                          // (TT;)TT;

  public T relay(T);
    descriptor: (Ljava/lang/Object;)Ljava/lang/Object;
    flags: ACC_PUBLIC
    Code:
      stack=2, locals=4, args_size=2
         0: aload_0
         1: astore_2
         2: aload_2
         3: astore_3
         4: aload_3
         5: checkcast     #2                  // class ReboundOwnReceiver
         8: astore_2
         9: aload_2
        10: aload_1
        11: invokevirtual #3                  // Method identity:(Ljava/lang/Object;)Ljava/lang/Object;
        14: areturn
      LineNumberTable:
        line 1: 0
      LocalVariableTable:
        Start  Length  Slot  Name   Signature
            0      15     0  this   LReboundOwnReceiver;
            0      15     1     x   Ljava/lang/Object;
            2      13     2 receiver   LReboundOwnReceiver;
            4      11     3 alias   Ljava/lang/Object;
      LocalVariableTypeTable:
        Start  Length  Slot  Name   Signature
            0      15     0  this   LReboundOwnReceiver<TT;>;
            0      15     1     x   TT;
            2      13     2 receiver   LReboundOwnReceiver<TT;>;
    Signature: #20                          // (TT;)TT;
}
Signature: #24                          // <T:Ljava/lang/Object;>Ljava/lang/Object;
SourceFile: "ReboundOwnReceiver.java"
