// jarde: presentation of `em23/Updates` from the class file's own declaration and one recovery run per member.
// jarde: not a compilable project: no imports and no resources are claimed (the `package` line is the class file's own name, not a claim about a directory); every place this text is not a full recovery carries a marker of this prefix.
package em23;

public class Updates extends java.lang.Object {
    public int instanceField;

    public static int staticField;

    public static java.lang.String result;

    public Updates() {
        // @method <init>()V
        // @declaration a constructor of `em23.Updates`, member flags 0x0001
        // recovered from bytecode; presentation is not claimed to compile
        super();
        this.instanceField = 1;
        return;
    }

    public void increment() {
        // @method increment()V
        // @declaration an instance method of `em23.Updates`, member flags 0x0001
        // recovered from bytecode; presentation is not claimed to compile
        this.instanceField++;
        return;
    }

    public void decrement() {
        // @method decrement()V
        // @declaration an instance method of `em23.Updates`, member flags 0x0001
        // recovered from bytecode; presentation is not claimed to compile
        em23.Updates.staticField--;
        return;
    }

    public void append(java.lang.String arg1) {
        // @method append(Ljava/lang/String;)V
        // @declaration an instance method of `em23.Updates`, member flags 0x0001
        // recovered from bytecode; presentation is not claimed to compile
        em23.Updates.result = new java.lang.StringBuilder().append(em23.Updates.result).append(arg1).append('_').toString();
        return;
    }

    public int plusTwo(int arg1) {
        // @method plusTwo(I)I
        // @declaration an instance method of `em23.Updates`, member flags 0x0001
        // recovered from bytecode; presentation is not claimed to compile
        arg1 = arg1 + 2;
        return arg1;
    }

    public int next(int arg1) {
        // @method next(I)I
        // @declaration an instance method of `em23.Updates`, member flags 0x0001
        // recovered from bytecode; presentation is not claimed to compile
        arg1 = arg1 + 1;
        return arg1;
    }

    static {
        // @method <clinit>()V
        // @declaration a static initializer of `em23.Updates`, member flags 0x0008
        // recovered from bytecode; presentation is not claimed to compile
        em23.Updates.staticField = 1;
        em23.Updates.result = "";
    }
}
anonymous_interface_projection.state = "absent"
bridge_proofs = []
class.class_bytes.digest = "d78f93dc4bb9eda0f944a2a8943ce4d74492370a6009613d61834f3395e487d1"
class.class_bytes.length = 750
class.location.entry.ordinal = 4
class.location.entry.origin.root_container = "root"
class.location.entry.origin.snapshot = "a650c6b12397f75e55eadab16ad6587514fe72e3c7be1b9c24a261cde824e171"
class.location.entry.origin.steps = []
class.location.entry.raw_name = [101,109,50,51,47,85,112,100,97,116,101,115,46,99,108,97,115,115]
class.location.kind = "archive_entry"
class.variant.kind = "base"
coverage.artifact_structural.scanned.0.end = 5
coverage.artifact_structural.scanned.0.label = "central_directory_entries"
coverage.artifact_structural.scanned.0.start = 0
coverage.artifact_structural.scanned.1.end = 1
coverage.artifact_structural.scanned.1.label = "navigation_candidates"
coverage.artifact_structural.scanned.1.start = 0
coverage.artifact_structural.scanned.2.end = 3
coverage.artifact_structural.scanned.2.label = "class_fields"
coverage.artifact_structural.scanned.2.start = 0
coverage.artifact_structural.scanned.3.end = 7
coverage.artifact_structural.scanned.3.label = "class_methods"
coverage.artifact_structural.scanned.3.start = 0
coverage.artifact_structural.scanned.4.end = 7
coverage.artifact_structural.scanned.4.label = "class_source_bodies"
coverage.artifact_structural.scanned.4.start = 0
coverage.artifact_structural.skipped = []
coverage.artifact_structural.state = "complete_within_schema"
coverage.artifact_structural.uninterpreted_extensions = []
coverage.dynamic_analysis.scanned = []
coverage.dynamic_analysis.skipped = []
coverage.dynamic_analysis.state = "not_requested"
coverage.dynamic_analysis.uninterpreted_extensions = []
coverage.runtime_resolution.scanned = []
coverage.runtime_resolution.skipped = []
coverage.runtime_resolution.state = "not_requested"
coverage.runtime_resolution.uninterpreted_extensions = []
declaration.annotation_attributes = []
declaration.annotation_refusals = []
declaration.annotation_uses = []
declaration.declaration = "public class Updates extends java.lang.Object"
declaration.generic_refusal = null
declaration.generic_signature = null
declaration.item.binding.kind = "path_name_agrees"
declaration.item.declaration.access_flags = 33
declaration.item.declaration.interfaces = []
declaration.item.declaration.super_class.escaped = "java/lang/Object"
declaration.item.declaration.super_class.raw = [106,97,118,97,47,108,97,110,103,47,79,98,106,101,99,116]
declaration.item.declaration.super_class.utf16 = [106,97,118,97,47,108,97,110,103,47,79,98,106,101,99,116]
declaration.item.declaration.this_class.escaped = "em23/Updates"
declaration.item.declaration.this_class.raw = [101,109,50,51,47,85,112,100,97,116,101,115]
declaration.item.declaration.this_class.utf16 = [101,109,50,51,47,85,112,100,97,116,101,115]
declaration.item.definition.class_bytes.digest = "d78f93dc4bb9eda0f944a2a8943ce4d74492370a6009613d61834f3395e487d1"
declaration.item.definition.class_bytes.length = 750
declaration.item.definition.location.entry.ordinal = 4
declaration.item.definition.location.entry.origin.root_container = "root"
declaration.item.definition.location.entry.origin.snapshot = "a650c6b12397f75e55eadab16ad6587514fe72e3c7be1b9c24a261cde824e171"
declaration.item.definition.location.entry.origin.steps = []
declaration.item.definition.location.entry.raw_name = [101,109,50,51,47,85,112,100,97,116,101,115,46,99,108,97,115,115]
declaration.item.definition.location.kind = "archive_entry"
declaration.item.definition.variant.kind = "base"
declaration.item.member_table = null
declaration.name = "Updates"
diagnostics = []
enum_switch_proofs = []
execution.status = "complete"
execution.usage.analysis_steps = 425
execution.usage.archive_entries = 15
execution.usage.attribute_bytes = 615
execution.usage.class_bytes = 1500
execution.usage.class_headers = 1
execution.usage.code_bytes = 79
execution.usage.dependency_depth = 0
execution.usage.elapsed_millis = 31
execution.usage.entry_bytes = 750
execution.usage.input_bytes = 1604
execution.usage.ir_edges = 34
execution.usage.ir_items = 969
execution.usage.method_bodies = 7
execution.usage.nested_depth = 0
execution.usage.normalization_clones = 0
execution.usage.output_bytes = 1594
execution.usage.read_bytes = 433
execution.usage.result_items = 38
fields.0.annotations.attributes = []
fields.0.annotations.refusals = []
fields.0.annotations.uses = []
fields.0.declaration = "public int instanceField"
fields.0.item.access_flags = 1
fields.0.item.descriptor.escaped = "I"
fields.0.item.descriptor.raw = [73]
fields.0.item.descriptor.utf16 = [73]
fields.0.item.identity.member.descriptor = [73]
fields.0.item.identity.member.kind = "field"
fields.0.item.identity.member.name = [105,110,115,116,97,110,99,101,70,105,101,108,100]
fields.0.item.identity.owner.class_bytes.digest = "d78f93dc4bb9eda0f944a2a8943ce4d74492370a6009613d61834f3395e487d1"
fields.0.item.identity.owner.class_bytes.length = 750
fields.0.item.identity.owner.location.entry.ordinal = 4
fields.0.item.identity.owner.location.entry.origin.root_container = "root"
fields.0.item.identity.owner.location.entry.origin.snapshot = "a650c6b12397f75e55eadab16ad6587514fe72e3c7be1b9c24a261cde824e171"
fields.0.item.identity.owner.location.entry.origin.steps = []
fields.0.item.identity.owner.location.entry.raw_name = [101,109,50,51,47,85,112,100,97,116,101,115,46,99,108,97,115,115]
fields.0.item.identity.owner.location.kind = "archive_entry"
fields.0.item.identity.owner.variant.kind = "base"
fields.0.item.index = 0
fields.0.item.name.escaped = "instanceField"
fields.0.item.name.raw = [105,110,115,116,97,110,99,101,70,105,101,108,100]
fields.0.item.name.utf16 = [105,110,115,116,97,110,99,101,70,105,101,108,100]
fields.0.markers = []
fields.0.type_annotations.attributes = []
fields.0.type_annotations.field_uses = []
fields.0.type_annotations.parameter_uses = []
fields.0.type_annotations.refusals = []
fields.0.type_annotations.return_uses = []
fields.1.annotations.attributes = []
fields.1.annotations.refusals = []
fields.1.annotations.uses = []
fields.1.declaration = "public static int staticField"
fields.1.item.access_flags = 9
fields.1.item.descriptor.escaped = "I"
fields.1.item.descriptor.raw = [73]
fields.1.item.descriptor.utf16 = [73]
fields.1.item.identity.member.descriptor = [73]
fields.1.item.identity.member.kind = "field"
fields.1.item.identity.member.name = [115,116,97,116,105,99,70,105,101,108,100]
fields.1.item.identity.owner.class_bytes.digest = "d78f93dc4bb9eda0f944a2a8943ce4d74492370a6009613d61834f3395e487d1"
fields.1.item.identity.owner.class_bytes.length = 750
fields.1.item.identity.owner.location.entry.ordinal = 4
fields.1.item.identity.owner.location.entry.origin.root_container = "root"
fields.1.item.identity.owner.location.entry.origin.snapshot = "a650c6b12397f75e55eadab16ad6587514fe72e3c7be1b9c24a261cde824e171"
fields.1.item.identity.owner.location.entry.origin.steps = []
fields.1.item.identity.owner.location.entry.raw_name = [101,109,50,51,47,85,112,100,97,116,101,115,46,99,108,97,115,115]
fields.1.item.identity.owner.location.kind = "archive_entry"
fields.1.item.identity.owner.variant.kind = "base"
fields.1.item.index = 1
fields.1.item.name.escaped = "staticField"
fields.1.item.name.raw = [115,116,97,116,105,99,70,105,101,108,100]
fields.1.item.name.utf16 = [115,116,97,116,105,99,70,105,101,108,100]
fields.1.markers = []
fields.1.type_annotations.attributes = []
fields.1.type_annotations.field_uses = []
fields.1.type_annotations.parameter_uses = []
fields.1.type_annotations.refusals = []
fields.1.type_annotations.return_uses = []
fields.2.annotations.attributes = []
fields.2.annotations.refusals = []
fields.2.annotations.uses = []
fields.2.declaration = "public static java.lang.String result"
fields.2.item.access_flags = 9
fields.2.item.descriptor.escaped = "Ljava/lang/String;"
fields.2.item.descriptor.raw = [76,106,97,118,97,47,108,97,110,103,47,83,116,114,105,110,103,59]
fields.2.item.descriptor.utf16 = [76,106,97,118,97,47,108,97,110,103,47,83,116,114,105,110,103,59]
fields.2.item.identity.member.descriptor = [76,106,97,118,97,47,108,97,110,103,47,83,116,114,105,110,103,59]
fields.2.item.identity.member.kind = "field"
fields.2.item.identity.member.name = [114,101,115,117,108,116]
fields.2.item.identity.owner.class_bytes.digest = "d78f93dc4bb9eda0f944a2a8943ce4d74492370a6009613d61834f3395e487d1"
fields.2.item.identity.owner.class_bytes.length = 750
fields.2.item.identity.owner.location.entry.ordinal = 4
fields.2.item.identity.owner.location.entry.origin.root_container = "root"
fields.2.item.identity.owner.location.entry.origin.snapshot = "a650c6b12397f75e55eadab16ad6587514fe72e3c7be1b9c24a261cde824e171"
fields.2.item.identity.owner.location.entry.origin.steps = []
fields.2.item.identity.owner.location.entry.raw_name = [101,109,50,51,47,85,112,100,97,116,101,115,46,99,108,97,115,115]
fields.2.item.identity.owner.location.kind = "archive_entry"
fields.2.item.identity.owner.variant.kind = "base"
fields.2.item.index = 2
fields.2.item.name.escaped = "result"
fields.2.item.name.raw = [114,101,115,117,108,116]
fields.2.item.name.utf16 = [114,101,115,117,108,116]
fields.2.markers = []
fields.2.type_annotations.attributes = []
fields.2.type_annotations.field_uses = []
fields.2.type_annotations.parameter_uses = []
fields.2.type_annotations.refusals = []
fields.2.type_annotations.return_uses = []
initializer_proof.kind = "not_applicable"
limits.analysis_steps = 4194304
limits.archive_entries = 65536
limits.attribute_bytes = 67108864
limits.class_bytes = 67108864
limits.class_headers = 4096
limits.code_bytes = 16777216
limits.dependency_depth = 8
limits.elapsed_millis = 30000
limits.entry_bytes = 67108864
limits.input_bytes = 67108864
limits.ir_edges = 4194304
limits.ir_items = 4194304
limits.method_bodies = 4096
limits.nested_depth = 4
limits.normalization_clones = 1048576
limits.output_bytes = 16777216
limits.read_bytes = 67108864
limits.result_items = 65536
member_family.state = "absent"
methods.0.annotations.attributes = []
methods.0.annotations.refusals = []
methods.0.annotations.uses = []
methods.0.declaration = "public Updates()"
methods.0.item.access_flags = 1
methods.0.item.body.content_span.length = 22
methods.0.item.body.content_span.start = 501
methods.0.item.body.kind = "code_attribute"
methods.0.item.descriptor.escaped = "()V"
methods.0.item.descriptor.raw = [40,41,86]
methods.0.item.descriptor.utf16 = [40,41,86]
methods.0.item.identity.descriptor = [40,41,86]
methods.0.item.identity.name = [60,105,110,105,116,62]
methods.0.item.identity.owner.class_bytes.digest = "d78f93dc4bb9eda0f944a2a8943ce4d74492370a6009613d61834f3395e487d1"
methods.0.item.identity.owner.class_bytes.length = 750
methods.0.item.identity.owner.location.entry.ordinal = 4
methods.0.item.identity.owner.location.entry.origin.root_container = "root"
methods.0.item.identity.owner.location.entry.origin.snapshot = "a650c6b12397f75e55eadab16ad6587514fe72e3c7be1b9c24a261cde824e171"
methods.0.item.identity.owner.location.entry.origin.steps = []
methods.0.item.identity.owner.location.entry.raw_name = [101,109,50,51,47,85,112,100,97,116,101,115,46,99,108,97,115,115]
methods.0.item.identity.owner.location.kind = "archive_entry"
methods.0.item.identity.owner.variant.kind = "base"
methods.0.item.index = 0
methods.0.item.name.escaped = "<init>"
methods.0.item.name.raw = [60,105,110,105,116,62]
methods.0.item.name.utf16 = [60,105,110,105,116,62]
methods.0.markers = []
methods.0.no_body_kind = null
methods.0.outcome.analysis.diagnostics = 0
methods.0.outcome.analysis.execution.status = "complete"
methods.0.outcome.analysis.execution.usage.analysis_steps = 34
methods.0.outcome.analysis.execution.usage.archive_entries = 15
methods.0.outcome.analysis.execution.usage.attribute_bytes = 438
methods.0.outcome.analysis.execution.usage.class_bytes = 1500
methods.0.outcome.analysis.execution.usage.class_headers = 1
methods.0.outcome.analysis.execution.usage.code_bytes = 10
methods.0.outcome.analysis.execution.usage.dependency_depth = 0
methods.0.outcome.analysis.execution.usage.elapsed_millis = 19
methods.0.outcome.analysis.execution.usage.entry_bytes = 750
methods.0.outcome.analysis.execution.usage.input_bytes = 1604
methods.0.outcome.analysis.execution.usage.ir_edges = 5
methods.0.outcome.analysis.execution.usage.ir_items = 81
methods.0.outcome.analysis.execution.usage.method_bodies = 1
methods.0.outcome.analysis.execution.usage.nested_depth = 0
methods.0.outcome.analysis.execution.usage.normalization_clones = 0
methods.0.outcome.analysis.execution.usage.output_bytes = 0
methods.0.outcome.analysis.execution.usage.read_bytes = 433
methods.0.outcome.analysis.execution.usage.result_items = 31
methods.0.outcome.kind = "recovered"
methods.0.outcome.report.accessors = []
methods.0.outcome.report.aliased_names = []
methods.0.outcome.report.artifact.agreement.state = "not_stated"
methods.0.outcome.report.artifact.binding.engine = "0.1.0"
methods.0.outcome.report.artifact.binding.environment.content = ["a650c6b12397f75e55eadab16ad6587514fe72e3c7be1b9c24a261cde824e171"]
methods.0.outcome.report.artifact.binding.environment.domain_loaders = ["app"]
methods.0.outcome.report.artifact.binding.environment.providers = []
methods.0.outcome.report.artifact.binding.environment.runtime.load_domain.delegation.kind = "parent_first"
methods.0.outcome.report.artifact.binding.environment.runtime.load_domain.external_override = "none"
methods.0.outcome.report.artifact.binding.environment.runtime.load_domain.loader = "app"
methods.0.outcome.report.artifact.binding.environment.runtime.load_domain.module_mode.kind = "class_path"
methods.0.outcome.report.artifact.binding.environment.runtime.load_domain.parent_loader = null
methods.0.outcome.report.artifact.binding.environment.runtime.load_domain.roots.0.kind = "container"
methods.0.outcome.report.artifact.binding.environment.runtime.load_domain.roots.0.origin.root_container = "root"
methods.0.outcome.report.artifact.binding.environment.runtime.load_domain.roots.0.origin.snapshot = "a650c6b12397f75e55eadab16ad6587514fe72e3c7be1b9c24a261cde824e171"
methods.0.outcome.report.artifact.binding.environment.runtime.load_domain.roots.0.origin.steps = []
methods.0.outcome.report.artifact.binding.environment.runtime.load_domain.roots.0.prefix = []
methods.0.outcome.report.artifact.binding.environment.runtime.load_domain.runtime_transformation = "none"
methods.0.outcome.report.artifact.binding.environment.runtime.physical.scope.kind = "snapshot_all"
methods.0.outcome.report.artifact.binding.environment.runtime.physical.snapshot = "a650c6b12397f75e55eadab16ad6587514fe72e3c7be1b9c24a261cde824e171"
methods.0.outcome.report.artifact.binding.environment.runtime.profile.java_release = 8
methods.0.outcome.report.artifact.binding.environment.runtime.profile.layout.kind = "generic"
methods.0.outcome.report.artifact.binding.environment.runtime.profile.multi_release.kind = "disabled"
methods.0.outcome.report.artifact.binding.member_ordinal = 0
methods.0.outcome.report.artifact.binding.method.descriptor = [40,41,86]
methods.0.outcome.report.artifact.binding.method.name = [60,105,110,105,116,62]
methods.0.outcome.report.artifact.binding.method.owner.class_bytes.digest = "d78f93dc4bb9eda0f944a2a8943ce4d74492370a6009613d61834f3395e487d1"
methods.0.outcome.report.artifact.binding.method.owner.class_bytes.length = 750
methods.0.outcome.report.artifact.binding.method.owner.location.entry.ordinal = 4
methods.0.outcome.report.artifact.binding.method.owner.location.entry.origin.root_container = "root"
methods.0.outcome.report.artifact.binding.method.owner.location.entry.origin.snapshot = "a650c6b12397f75e55eadab16ad6587514fe72e3c7be1b9c24a261cde824e171"
methods.0.outcome.report.artifact.binding.method.owner.location.entry.origin.steps = []
methods.0.outcome.report.artifact.binding.method.owner.location.entry.raw_name = [101,109,50,51,47,85,112,100,97,116,101,115,46,99,108,97,115,115]
methods.0.outcome.report.artifact.binding.method.owner.location.kind = "archive_entry"
methods.0.outcome.report.artifact.binding.method.owner.variant.kind = "base"
methods.0.outcome.report.artifact.binding.profile.java_release = 8
methods.0.outcome.report.artifact.binding.profile.layout.kind = "generic"
methods.0.outcome.report.artifact.binding.profile.multi_release.kind = "disabled"
methods.0.outcome.report.artifact.binding.registry = 71
methods.0.outcome.report.artifact.binding.rules = ["straight@1","if@1","loop@1","switch@1","lambda@1","concat@1","bridge@1","accessor@1","new@1","field@1","enumswitch@1","init@1","declaration@1","twr@1","monitor@1","finally@1"]
methods.0.outcome.report.artifact.binding.schema = 1
methods.0.outcome.report.artifact.binding.text_bytes = 214
methods.0.outcome.report.artifact.binding.text_digest = "d72aaa3e3ff33e91063630ca63d8c7e9"
methods.0.outcome.report.bridges = []
methods.0.outcome.report.compile_status = "not_attempted"
methods.0.outcome.report.concats = []
methods.0.outcome.report.content = "contains_statements"
methods.0.outcome.report.declaration = null
methods.0.outcome.report.diagnostics.0.code = "jre_recovery_produced"
methods.0.outcome.report.diagnostics.0.message = "1 region(s), 3 statement(s), 5 segment(s), 214 byte(s) written from 1 canonical block(s)"
methods.0.outcome.report.diagnostics.0.provenance = null
methods.0.outcome.report.diagnostics.0.severity = "info"
methods.0.outcome.report.diagnostics.1.code = "jre_field_accesses"
methods.0.outcome.report.diagnostics.1.message = "1 field instruction(s) read under field@1: 1 presented, 0 refused"
methods.0.outcome.report.diagnostics.1.provenance = null
methods.0.outcome.report.diagnostics.1.severity = "info"
methods.0.outcome.report.diagnostics.2.code = "jre_constructor_prologue"
methods.0.outcome.report.diagnostics.2.message = "the body is an instance initializer and its prologue is written under init@1 as `super`: the call at BCI 1 names `java/lang/Object`, and the class that declares this constructor is `em23/Updates`"
methods.0.outcome.report.diagnostics.2.provenance = null
methods.0.outcome.report.diagnostics.2.severity = "info"
methods.0.outcome.report.diagnostics.3.code = "jre_declaration"
methods.0.outcome.report.diagnostics.3.message = "the artifact's envelope states the member's declaration under declaration@1: a constructor"
methods.0.outcome.report.diagnostics.3.provenance = null
methods.0.outcome.report.diagnostics.3.severity = "info"
methods.0.outcome.report.enum_switches = []
methods.0.outcome.report.evidence.categories.0.kind = "source_map"
methods.0.outcome.report.evidence.categories.0.state.state = "not_requested"
methods.0.outcome.report.evidence.categories.1.kind = "region_details"
methods.0.outcome.report.evidence.categories.1.state.state = "not_requested"
methods.0.outcome.report.evidence.categories.2.kind = "rule_details"
methods.0.outcome.report.evidence.categories.2.state.state = "not_requested"
methods.0.outcome.report.evidence.categories.3.kind = "name_details"
methods.0.outcome.report.evidence.categories.3.state.state = "not_requested"
methods.0.outcome.report.evidence.categories.4.kind = "read_details"
methods.0.outcome.report.evidence.categories.4.state.state = "not_requested"
methods.0.outcome.report.evidence.requested.driver_bci_range = null
methods.0.outcome.report.evidence.requested.expected_artifact = null
methods.0.outcome.report.evidence.requested.kinds = []
methods.0.outcome.report.execution.status = "complete"
methods.0.outcome.report.execution.usage.analysis_steps = 56
methods.0.outcome.report.execution.usage.archive_entries = 15
methods.0.outcome.report.execution.usage.attribute_bytes = 438
methods.0.outcome.report.execution.usage.class_bytes = 1500
methods.0.outcome.report.execution.usage.class_headers = 1
methods.0.outcome.report.execution.usage.code_bytes = 10
methods.0.outcome.report.execution.usage.dependency_depth = 0
methods.0.outcome.report.execution.usage.elapsed_millis = 27
methods.0.outcome.report.execution.usage.entry_bytes = 750
methods.0.outcome.report.execution.usage.input_bytes = 1604
methods.0.outcome.report.execution.usage.ir_edges = 5
methods.0.outcome.report.execution.usage.ir_items = 110
methods.0.outcome.report.execution.usage.method_bodies = 1
methods.0.outcome.report.execution.usage.nested_depth = 0
methods.0.outcome.report.execution.usage.normalization_clones = 0
methods.0.outcome.report.execution.usage.output_bytes = 214
methods.0.outcome.report.execution.usage.read_bytes = 433
methods.0.outcome.report.execution.usage.result_items = 31
methods.0.outcome.report.fallbacks = []
methods.0.outcome.report.fields = []
methods.0.outcome.report.init = null
methods.0.outcome.report.lambdas = []
methods.0.outcome.report.method = "<init>()V"
methods.0.outcome.report.news = []
methods.0.outcome.report.outcome = "produced"
methods.0.outcome.report.profile.java_release = 8
methods.0.outcome.report.profile.layout.kind = "generic"
methods.0.outcome.report.profile.multi_release.kind = "disabled"
methods.0.outcome.report.quality = "structured"
methods.0.outcome.report.regions = []
methods.0.outcome.report.representation = "java"
methods.0.outcome.report.rules = []
methods.0.outcome.report.semantic_validation = "unproven"
methods.0.outcome.report.source_map.segments = []
methods.0.outcome.report.syntax_status = "unchecked"
methods.0.outcome.report.text = "// @method <init>()V\n// @declaration a constructor of `em23.Updates`, member flags 0x0001\n// recovered from bytecode; presentation is not claimed to compile\n{\n    super();\n    this.instanceField = 1;\n    return;\n}\n"
methods.0.outcome.report.verification = "not_performed"
methods.0.parameter_annotations.attributes = []
methods.0.parameter_annotations.refusals = []
methods.0.parameter_annotations.uses_by_position = []
methods.0.text = "    public Updates() {\n        // @method <init>()V\n        // @declaration a constructor of `em23.Updates`, member flags 0x0001\n        // recovered from bytecode; presentation is not claimed to compile\n        super();\n        this.instanceField = 1;\n        return;\n    }\n"
methods.0.type_annotations.attributes = []
methods.0.type_annotations.field_uses = []
methods.0.type_annotations.parameter_uses = []
methods.0.type_annotations.refusals = []
methods.0.type_annotations.return_uses = []
methods.1.annotations.attributes = []
methods.1.annotations.refusals = []
methods.1.annotations.uses = []
methods.1.declaration = "public void increment()"
methods.1.item.access_flags = 1
methods.1.item.body.content_span.length = 23
methods.1.item.body.content_span.start = 537
methods.1.item.body.kind = "code_attribute"
methods.1.item.descriptor.escaped = "()V"
methods.1.item.descriptor.raw = [40,41,86]
methods.1.item.descriptor.utf16 = [40,41,86]
methods.1.item.identity.descriptor = [40,41,86]
methods.1.item.identity.name = [105,110,99,114,101,109,101,110,116]
methods.1.item.identity.owner.class_bytes.digest = "d78f93dc4bb9eda0f944a2a8943ce4d74492370a6009613d61834f3395e487d1"
methods.1.item.identity.owner.class_bytes.length = 750
methods.1.item.identity.owner.location.entry.ordinal = 4
methods.1.item.identity.owner.location.entry.origin.root_container = "root"
methods.1.item.identity.owner.location.entry.origin.snapshot = "a650c6b12397f75e55eadab16ad6587514fe72e3c7be1b9c24a261cde824e171"
methods.1.item.identity.owner.location.entry.origin.steps = []
methods.1.item.identity.owner.location.entry.raw_name = [101,109,50,51,47,85,112,100,97,116,101,115,46,99,108,97,115,115]
methods.1.item.identity.owner.location.kind = "archive_entry"
methods.1.item.identity.owner.variant.kind = "base"
methods.1.item.index = 1
methods.1.item.name.escaped = "increment"
methods.1.item.name.raw = [105,110,99,114,101,109,101,110,116]
methods.1.item.name.utf16 = [105,110,99,114,101,109,101,110,116]
methods.1.markers = []
methods.1.no_body_kind = null
methods.1.outcome.analysis.diagnostics = 0
methods.1.outcome.analysis.execution.status = "complete"
methods.1.outcome.analysis.execution.usage.analysis_steps = 94
methods.1.outcome.analysis.execution.usage.archive_entries = 15
methods.1.outcome.analysis.execution.usage.attribute_bytes = 467
methods.1.outcome.analysis.execution.usage.class_bytes = 1500
methods.1.outcome.analysis.execution.usage.class_headers = 1
methods.1.outcome.analysis.execution.usage.code_bytes = 21
methods.1.outcome.analysis.execution.usage.dependency_depth = 0
methods.1.outcome.analysis.execution.usage.elapsed_millis = 28
methods.1.outcome.analysis.execution.usage.entry_bytes = 750
methods.1.outcome.analysis.execution.usage.input_bytes = 1604
methods.1.outcome.analysis.execution.usage.ir_edges = 12
methods.1.outcome.analysis.execution.usage.ir_items = 211
methods.1.outcome.analysis.execution.usage.method_bodies = 2
methods.1.outcome.analysis.execution.usage.nested_depth = 0
methods.1.outcome.analysis.execution.usage.normalization_clones = 0
methods.1.outcome.analysis.execution.usage.output_bytes = 214
methods.1.outcome.analysis.execution.usage.read_bytes = 433
methods.1.outcome.analysis.execution.usage.result_items = 32
methods.1.outcome.kind = "recovered"
methods.1.outcome.report.accessors = []
methods.1.outcome.report.aliased_names = []
methods.1.outcome.report.artifact.agreement.state = "not_stated"
methods.1.outcome.report.artifact.binding.engine = "0.1.0"
methods.1.outcome.report.artifact.binding.environment.content = ["a650c6b12397f75e55eadab16ad6587514fe72e3c7be1b9c24a261cde824e171"]
methods.1.outcome.report.artifact.binding.environment.domain_loaders = ["app"]
methods.1.outcome.report.artifact.binding.environment.providers = []
methods.1.outcome.report.artifact.binding.environment.runtime.load_domain.delegation.kind = "parent_first"
methods.1.outcome.report.artifact.binding.environment.runtime.load_domain.external_override = "none"
methods.1.outcome.report.artifact.binding.environment.runtime.load_domain.loader = "app"
methods.1.outcome.report.artifact.binding.environment.runtime.load_domain.module_mode.kind = "class_path"
methods.1.outcome.report.artifact.binding.environment.runtime.load_domain.parent_loader = null
methods.1.outcome.report.artifact.binding.environment.runtime.load_domain.roots.0.kind = "container"
methods.1.outcome.report.artifact.binding.environment.runtime.load_domain.roots.0.origin.root_container = "root"
methods.1.outcome.report.artifact.binding.environment.runtime.load_domain.roots.0.origin.snapshot = "a650c6b12397f75e55eadab16ad6587514fe72e3c7be1b9c24a261cde824e171"
methods.1.outcome.report.artifact.binding.environment.runtime.load_domain.roots.0.origin.steps = []
methods.1.outcome.report.artifact.binding.environment.runtime.load_domain.roots.0.prefix = []
methods.1.outcome.report.artifact.binding.environment.runtime.load_domain.runtime_transformation = "none"
methods.1.outcome.report.artifact.binding.environment.runtime.physical.scope.kind = "snapshot_all"
methods.1.outcome.report.artifact.binding.environment.runtime.physical.snapshot = "a650c6b12397f75e55eadab16ad6587514fe72e3c7be1b9c24a261cde824e171"
methods.1.outcome.report.artifact.binding.environment.runtime.profile.java_release = 8
methods.1.outcome.report.artifact.binding.environment.runtime.profile.layout.kind = "generic"
methods.1.outcome.report.artifact.binding.environment.runtime.profile.multi_release.kind = "disabled"
methods.1.outcome.report.artifact.binding.member_ordinal = 1
methods.1.outcome.report.artifact.binding.method.descriptor = [40,41,86]
methods.1.outcome.report.artifact.binding.method.name = [105,110,99,114,101,109,101,110,116]
methods.1.outcome.report.artifact.binding.method.owner.class_bytes.digest = "d78f93dc4bb9eda0f944a2a8943ce4d74492370a6009613d61834f3395e487d1"
methods.1.outcome.report.artifact.binding.method.owner.class_bytes.length = 750
methods.1.outcome.report.artifact.binding.method.owner.location.entry.ordinal = 4
methods.1.outcome.report.artifact.binding.method.owner.location.entry.origin.root_container = "root"
methods.1.outcome.report.artifact.binding.method.owner.location.entry.origin.snapshot = "a650c6b12397f75e55eadab16ad6587514fe72e3c7be1b9c24a261cde824e171"
methods.1.outcome.report.artifact.binding.method.owner.location.entry.origin.steps = []
methods.1.outcome.report.artifact.binding.method.owner.location.entry.raw_name = [101,109,50,51,47,85,112,100,97,116,101,115,46,99,108,97,115,115]
methods.1.outcome.report.artifact.binding.method.owner.location.kind = "archive_entry"
methods.1.outcome.report.artifact.binding.method.owner.variant.kind = "base"
methods.1.outcome.report.artifact.binding.profile.java_release = 8
methods.1.outcome.report.artifact.binding.profile.layout.kind = "generic"
methods.1.outcome.report.artifact.binding.profile.multi_release.kind = "disabled"
methods.1.outcome.report.artifact.binding.registry = 71
methods.1.outcome.report.artifact.binding.rules = ["straight@1","if@1","loop@1","switch@1","lambda@1","concat@1","bridge@1","accessor@1","new@1","field@1","enumswitch@1","init@1","declaration@1","twr@1","monitor@1","finally@1"]
methods.1.outcome.report.artifact.binding.schema = 1
methods.1.outcome.report.artifact.binding.text_bytes = 207
methods.1.outcome.report.artifact.binding.text_digest = "8cb924bcc5aaaf8a37916be0a814a4a7"
methods.1.outcome.report.bridges = []
methods.1.outcome.report.compile_status = "not_attempted"
methods.1.outcome.report.concats = []
methods.1.outcome.report.content = "contains_statements"
methods.1.outcome.report.declaration = null
methods.1.outcome.report.diagnostics.0.code = "jre_recovery_produced"
methods.1.outcome.report.diagnostics.0.message = "1 region(s), 2 statement(s), 5 segment(s), 207 byte(s) written from 1 canonical block(s)"
methods.1.outcome.report.diagnostics.0.provenance = null
methods.1.outcome.report.diagnostics.0.severity = "info"
methods.1.outcome.report.diagnostics.1.code = "jre_field_accesses"
methods.1.outcome.report.diagnostics.1.message = "2 field instruction(s) read under field@1: 2 presented, 0 refused"
methods.1.outcome.report.diagnostics.1.provenance = null
methods.1.outcome.report.diagnostics.1.severity = "info"
methods.1.outcome.report.diagnostics.2.code = "jre_declaration"
methods.1.outcome.report.diagnostics.2.message = "the artifact's envelope states the member's declaration under declaration@1: an instance method"
methods.1.outcome.report.diagnostics.2.provenance = null
methods.1.outcome.report.diagnostics.2.severity = "info"
methods.1.outcome.report.enum_switches = []
methods.1.outcome.report.evidence.categories.0.kind = "source_map"
methods.1.outcome.report.evidence.categories.0.state.state = "not_requested"
methods.1.outcome.report.evidence.categories.1.kind = "region_details"
methods.1.outcome.report.evidence.categories.1.state.state = "not_requested"
methods.1.outcome.report.evidence.categories.2.kind = "rule_details"
methods.1.outcome.report.evidence.categories.2.state.state = "not_requested"
methods.1.outcome.report.evidence.categories.3.kind = "name_details"
methods.1.outcome.report.evidence.categories.3.state.state = "not_requested"
methods.1.outcome.report.evidence.categories.4.kind = "read_details"
methods.1.outcome.report.evidence.categories.4.state.state = "not_requested"
methods.1.outcome.report.evidence.requested.driver_bci_range = null
methods.1.outcome.report.evidence.requested.expected_artifact = null
methods.1.outcome.report.evidence.requested.kinds = []
methods.1.outcome.report.execution.status = "complete"
methods.1.outcome.report.execution.usage.analysis_steps = 130
methods.1.outcome.report.execution.usage.archive_entries = 15
methods.1.outcome.report.execution.usage.attribute_bytes = 467
methods.1.outcome.report.execution.usage.class_bytes = 1500
methods.1.outcome.report.execution.usage.class_headers = 1
methods.1.outcome.report.execution.usage.code_bytes = 21
methods.1.outcome.report.execution.usage.dependency_depth = 0
methods.1.outcome.report.execution.usage.elapsed_millis = 28
methods.1.outcome.report.execution.usage.entry_bytes = 750
methods.1.outcome.report.execution.usage.input_bytes = 1604
methods.1.outcome.report.execution.usage.ir_edges = 12
methods.1.outcome.report.execution.usage.ir_items = 253
methods.1.outcome.report.execution.usage.method_bodies = 2
methods.1.outcome.report.execution.usage.nested_depth = 0
methods.1.outcome.report.execution.usage.normalization_clones = 0
methods.1.outcome.report.execution.usage.output_bytes = 421
methods.1.outcome.report.execution.usage.read_bytes = 433
methods.1.outcome.report.execution.usage.result_items = 32
methods.1.outcome.report.fallbacks = []
methods.1.outcome.report.fields = []
methods.1.outcome.report.init = null
methods.1.outcome.report.lambdas = []
methods.1.outcome.report.method = "increment()V"
methods.1.outcome.report.news = []
methods.1.outcome.report.outcome = "produced"
methods.1.outcome.report.profile.java_release = 8
methods.1.outcome.report.profile.layout.kind = "generic"
methods.1.outcome.report.profile.multi_release.kind = "disabled"
methods.1.outcome.report.quality = "structured"
methods.1.outcome.report.regions = []
methods.1.outcome.report.representation = "java"
methods.1.outcome.report.rules = []
methods.1.outcome.report.semantic_validation = "unproven"
methods.1.outcome.report.source_map.segments = []
methods.1.outcome.report.syntax_status = "unchecked"
methods.1.outcome.report.text = "// @method increment()V\n// @declaration an instance method of `em23.Updates`, member flags 0x0001\n// recovered from bytecode; presentation is not claimed to compile\n{\n    this.instanceField++;\n    return;\n}\n"
methods.1.outcome.report.verification = "not_performed"
methods.1.parameter_annotations.attributes = []
methods.1.parameter_annotations.refusals = []
methods.1.parameter_annotations.uses_by_position = []
methods.1.text = "    public void increment() {\n        // @method increment()V\n        // @declaration an instance method of `em23.Updates`, member flags 0x0001\n        // recovered from bytecode; presentation is not claimed to compile\n        this.instanceField++;\n        return;\n    }\n"
methods.1.type_annotations.attributes = []
methods.1.type_annotations.field_uses = []
methods.1.type_annotations.parameter_uses = []
methods.1.type_annotations.refusals = []
methods.1.type_annotations.return_uses = []
methods.2.annotations.attributes = []
methods.2.annotations.refusals = []
methods.2.annotations.uses = []
methods.2.declaration = "public void decrement()"
methods.2.item.access_flags = 1
methods.2.item.body.content_span.length = 21
methods.2.item.body.content_span.start = 574
methods.2.item.body.kind = "code_attribute"
methods.2.item.descriptor.escaped = "()V"
methods.2.item.descriptor.raw = [40,41,86]
methods.2.item.descriptor.utf16 = [40,41,86]
methods.2.item.identity.descriptor = [40,41,86]
methods.2.item.identity.name = [100,101,99,114,101,109,101,110,116]
methods.2.item.identity.owner.class_bytes.digest = "d78f93dc4bb9eda0f944a2a8943ce4d74492370a6009613d61834f3395e487d1"
methods.2.item.identity.owner.class_bytes.length = 750
methods.2.item.identity.owner.location.entry.ordinal = 4
methods.2.item.identity.owner.location.entry.origin.root_container = "root"
methods.2.item.identity.owner.location.entry.origin.snapshot = "a650c6b12397f75e55eadab16ad6587514fe72e3c7be1b9c24a261cde824e171"
methods.2.item.identity.owner.location.entry.origin.steps = []
methods.2.item.identity.owner.location.entry.raw_name = [101,109,50,51,47,85,112,100,97,116,101,115,46,99,108,97,115,115]
methods.2.item.identity.owner.location.kind = "archive_entry"
methods.2.item.identity.owner.variant.kind = "base"
methods.2.item.index = 2
methods.2.item.name.escaped = "decrement"
methods.2.item.name.raw = [100,101,99,114,101,109,101,110,116]
methods.2.item.name.utf16 = [100,101,99,114,101,109,101,110,116]
methods.2.markers = []
methods.2.no_body_kind = null
methods.2.outcome.analysis.diagnostics = 0
methods.2.outcome.analysis.execution.status = "complete"
methods.2.outcome.analysis.execution.usage.analysis_steps = 160
methods.2.outcome.analysis.execution.usage.archive_entries = 15
methods.2.outcome.analysis.execution.usage.attribute_bytes = 494
methods.2.outcome.analysis.execution.usage.class_bytes = 1500
methods.2.outcome.analysis.execution.usage.class_headers = 1
methods.2.outcome.analysis.execution.usage.code_bytes = 30
methods.2.outcome.analysis.execution.usage.dependency_depth = 0
methods.2.outcome.analysis.execution.usage.elapsed_millis = 28
methods.2.outcome.analysis.execution.usage.entry_bytes = 750
methods.2.outcome.analysis.execution.usage.input_bytes = 1604
methods.2.outcome.analysis.execution.usage.ir_edges = 15
methods.2.outcome.analysis.execution.usage.ir_items = 319
methods.2.outcome.analysis.execution.usage.method_bodies = 3
methods.2.outcome.analysis.execution.usage.nested_depth = 0
methods.2.outcome.analysis.execution.usage.normalization_clones = 0
methods.2.outcome.analysis.execution.usage.output_bytes = 421
methods.2.outcome.analysis.execution.usage.read_bytes = 433
methods.2.outcome.analysis.execution.usage.result_items = 33
methods.2.outcome.kind = "recovered"
methods.2.outcome.report.accessors = []
methods.2.outcome.report.aliased_names = []
methods.2.outcome.report.artifact.agreement.state = "not_stated"
methods.2.outcome.report.artifact.binding.engine = "0.1.0"
methods.2.outcome.report.artifact.binding.environment.content = ["a650c6b12397f75e55eadab16ad6587514fe72e3c7be1b9c24a261cde824e171"]
methods.2.outcome.report.artifact.binding.environment.domain_loaders = ["app"]
methods.2.outcome.report.artifact.binding.environment.providers = []
methods.2.outcome.report.artifact.binding.environment.runtime.load_domain.delegation.kind = "parent_first"
methods.2.outcome.report.artifact.binding.environment.runtime.load_domain.external_override = "none"
methods.2.outcome.report.artifact.binding.environment.runtime.load_domain.loader = "app"
methods.2.outcome.report.artifact.binding.environment.runtime.load_domain.module_mode.kind = "class_path"
methods.2.outcome.report.artifact.binding.environment.runtime.load_domain.parent_loader = null
methods.2.outcome.report.artifact.binding.environment.runtime.load_domain.roots.0.kind = "container"
methods.2.outcome.report.artifact.binding.environment.runtime.load_domain.roots.0.origin.root_container = "root"
methods.2.outcome.report.artifact.binding.environment.runtime.load_domain.roots.0.origin.snapshot = "a650c6b12397f75e55eadab16ad6587514fe72e3c7be1b9c24a261cde824e171"
methods.2.outcome.report.artifact.binding.environment.runtime.load_domain.roots.0.origin.steps = []
methods.2.outcome.report.artifact.binding.environment.runtime.load_domain.roots.0.prefix = []
methods.2.outcome.report.artifact.binding.environment.runtime.load_domain.runtime_transformation = "none"
methods.2.outcome.report.artifact.binding.environment.runtime.physical.scope.kind = "snapshot_all"
methods.2.outcome.report.artifact.binding.environment.runtime.physical.snapshot = "a650c6b12397f75e55eadab16ad6587514fe72e3c7be1b9c24a261cde824e171"
methods.2.outcome.report.artifact.binding.environment.runtime.profile.java_release = 8
methods.2.outcome.report.artifact.binding.environment.runtime.profile.layout.kind = "generic"
methods.2.outcome.report.artifact.binding.environment.runtime.profile.multi_release.kind = "disabled"
methods.2.outcome.report.artifact.binding.member_ordinal = 2
methods.2.outcome.report.artifact.binding.method.descriptor = [40,41,86]
methods.2.outcome.report.artifact.binding.method.name = [100,101,99,114,101,109,101,110,116]
methods.2.outcome.report.artifact.binding.method.owner.class_bytes.digest = "d78f93dc4bb9eda0f944a2a8943ce4d74492370a6009613d61834f3395e487d1"
methods.2.outcome.report.artifact.binding.method.owner.class_bytes.length = 750
methods.2.outcome.report.artifact.binding.method.owner.location.entry.ordinal = 4
methods.2.outcome.report.artifact.binding.method.owner.location.entry.origin.root_container = "root"
methods.2.outcome.report.artifact.binding.method.owner.location.entry.origin.snapshot = "a650c6b12397f75e55eadab16ad6587514fe72e3c7be1b9c24a261cde824e171"
methods.2.outcome.report.artifact.binding.method.owner.location.entry.origin.steps = []
methods.2.outcome.report.artifact.binding.method.owner.location.entry.raw_name = [101,109,50,51,47,85,112,100,97,116,101,115,46,99,108,97,115,115]
methods.2.outcome.report.artifact.binding.method.owner.location.kind = "archive_entry"
methods.2.outcome.report.artifact.binding.method.owner.variant.kind = "base"
methods.2.outcome.report.artifact.binding.profile.java_release = 8
methods.2.outcome.report.artifact.binding.profile.layout.kind = "generic"
methods.2.outcome.report.artifact.binding.profile.multi_release.kind = "disabled"
methods.2.outcome.report.artifact.binding.registry = 71
methods.2.outcome.report.artifact.binding.rules = ["straight@1","if@1","loop@1","switch@1","lambda@1","concat@1","bridge@1","accessor@1","new@1","field@1","enumswitch@1","init@1","declaration@1","twr@1","monitor@1","finally@1"]
methods.2.outcome.report.artifact.binding.schema = 1
methods.2.outcome.report.artifact.binding.text_bytes = 213
methods.2.outcome.report.artifact.binding.text_digest = "7b4442cb6c1386f4be42e909b3f0ebd5"
methods.2.outcome.report.bridges = []
methods.2.outcome.report.compile_status = "not_attempted"
methods.2.outcome.report.concats = []
methods.2.outcome.report.content = "contains_statements"
methods.2.outcome.report.declaration = null
methods.2.outcome.report.diagnostics.0.code = "jre_recovery_produced"
methods.2.outcome.report.diagnostics.0.message = "1 region(s), 2 statement(s), 5 segment(s), 213 byte(s) written from 1 canonical block(s)"
methods.2.outcome.report.diagnostics.0.provenance = null
methods.2.outcome.report.diagnostics.0.severity = "info"
methods.2.outcome.report.diagnostics.1.code = "jre_field_accesses"
methods.2.outcome.report.diagnostics.1.message = "2 field instruction(s) read under field@1: 2 presented, 0 refused"
methods.2.outcome.report.diagnostics.1.provenance = null
methods.2.outcome.report.diagnostics.1.severity = "info"
methods.2.outcome.report.diagnostics.2.code = "jre_declaration"
methods.2.outcome.report.diagnostics.2.message = "the artifact's envelope states the member's declaration under declaration@1: an instance method"
methods.2.outcome.report.diagnostics.2.provenance = null
methods.2.outcome.report.diagnostics.2.severity = "info"
methods.2.outcome.report.enum_switches = []
methods.2.outcome.report.evidence.categories.0.kind = "source_map"
methods.2.outcome.report.evidence.categories.0.state.state = "not_requested"
methods.2.outcome.report.evidence.categories.1.kind = "region_details"
methods.2.outcome.report.evidence.categories.1.state.state = "not_requested"
methods.2.outcome.report.evidence.categories.2.kind = "rule_details"
methods.2.outcome.report.evidence.categories.2.state.state = "not_requested"
methods.2.outcome.report.evidence.categories.3.kind = "name_details"
methods.2.outcome.report.evidence.categories.3.state.state = "not_requested"
methods.2.outcome.report.evidence.categories.4.kind = "read_details"
methods.2.outcome.report.evidence.categories.4.state.state = "not_requested"
methods.2.outcome.report.evidence.requested.driver_bci_range = null
methods.2.outcome.report.evidence.requested.expected_artifact = null
methods.2.outcome.report.evidence.requested.kinds = []
methods.2.outcome.report.execution.status = "complete"
methods.2.outcome.report.execution.usage.analysis_steps = 188
methods.2.outcome.report.execution.usage.archive_entries = 15
methods.2.outcome.report.execution.usage.attribute_bytes = 494
methods.2.outcome.report.execution.usage.class_bytes = 1500
methods.2.outcome.report.execution.usage.class_headers = 1
methods.2.outcome.report.execution.usage.code_bytes = 30
methods.2.outcome.report.execution.usage.dependency_depth = 0
methods.2.outcome.report.execution.usage.elapsed_millis = 28
methods.2.outcome.report.execution.usage.entry_bytes = 750
methods.2.outcome.report.execution.usage.input_bytes = 1604
methods.2.outcome.report.execution.usage.ir_edges = 15
methods.2.outcome.report.execution.usage.ir_items = 354
methods.2.outcome.report.execution.usage.method_bodies = 3
methods.2.outcome.report.execution.usage.nested_depth = 0
methods.2.outcome.report.execution.usage.normalization_clones = 0
methods.2.outcome.report.execution.usage.output_bytes = 634
methods.2.outcome.report.execution.usage.read_bytes = 433
methods.2.outcome.report.execution.usage.result_items = 33
methods.2.outcome.report.fallbacks = []
methods.2.outcome.report.fields = []
methods.2.outcome.report.init = null
methods.2.outcome.report.lambdas = []
methods.2.outcome.report.method = "decrement()V"
methods.2.outcome.report.news = []
methods.2.outcome.report.outcome = "produced"
methods.2.outcome.report.profile.java_release = 8
methods.2.outcome.report.profile.layout.kind = "generic"
methods.2.outcome.report.profile.multi_release.kind = "disabled"
methods.2.outcome.report.quality = "structured"
methods.2.outcome.report.regions = []
methods.2.outcome.report.representation = "java"
methods.2.outcome.report.rules = []
methods.2.outcome.report.semantic_validation = "unproven"
methods.2.outcome.report.source_map.segments = []
methods.2.outcome.report.syntax_status = "unchecked"
methods.2.outcome.report.text = "// @method decrement()V\n// @declaration an instance method of `em23.Updates`, member flags 0x0001\n// recovered from bytecode; presentation is not claimed to compile\n{\n    em23.Updates.staticField--;\n    return;\n}\n"
methods.2.outcome.report.verification = "not_performed"
methods.2.parameter_annotations.attributes = []
methods.2.parameter_annotations.refusals = []
methods.2.parameter_annotations.uses_by_position = []
methods.2.text = "    public void decrement() {\n        // @method decrement()V\n        // @declaration an instance method of `em23.Updates`, member flags 0x0001\n        // recovered from bytecode; presentation is not claimed to compile\n        em23.Updates.staticField--;\n        return;\n    }\n"
methods.2.type_annotations.attributes = []
methods.2.type_annotations.field_uses = []
methods.2.type_annotations.parameter_uses = []
methods.2.type_annotations.refusals = []
methods.2.type_annotations.return_uses = []
methods.3.annotations.attributes = []
methods.3.annotations.refusals = []
methods.3.annotations.uses = []
methods.3.declaration = "public void append(java.lang.String arg1)"
methods.3.item.access_flags = 1
methods.3.item.body.content_span.length = 41
methods.3.item.body.content_span.start = 609
methods.3.item.body.kind = "code_attribute"
methods.3.item.descriptor.escaped = "(Ljava/lang/String;)V"
methods.3.item.descriptor.raw = [40,76,106,97,118,97,47,108,97,110,103,47,83,116,114,105,110,103,59,41,86]
methods.3.item.descriptor.utf16 = [40,76,106,97,118,97,47,108,97,110,103,47,83,116,114,105,110,103,59,41,86]
methods.3.item.identity.descriptor = [40,76,106,97,118,97,47,108,97,110,103,47,83,116,114,105,110,103,59,41,86]
methods.3.item.identity.name = [97,112,112,101,110,100]
methods.3.item.identity.owner.class_bytes.digest = "d78f93dc4bb9eda0f944a2a8943ce4d74492370a6009613d61834f3395e487d1"
methods.3.item.identity.owner.class_bytes.length = 750
methods.3.item.identity.owner.location.entry.ordinal = 4
methods.3.item.identity.owner.location.entry.origin.root_container = "root"
methods.3.item.identity.owner.location.entry.origin.snapshot = "a650c6b12397f75e55eadab16ad6587514fe72e3c7be1b9c24a261cde824e171"
methods.3.item.identity.owner.location.entry.origin.steps = []
methods.3.item.identity.owner.location.entry.raw_name = [101,109,50,51,47,85,112,100,97,116,101,115,46,99,108,97,115,115]
methods.3.item.identity.owner.location.kind = "archive_entry"
methods.3.item.identity.owner.variant.kind = "base"
methods.3.item.index = 3
methods.3.item.name.escaped = "append"
methods.3.item.name.raw = [97,112,112,101,110,100]
methods.3.item.name.utf16 = [97,112,112,101,110,100]
methods.3.markers = []
methods.3.no_body_kind = null
methods.3.outcome.analysis.diagnostics = 0
methods.3.outcome.analysis.execution.status = "complete"
methods.3.outcome.analysis.execution.usage.analysis_steps = 252
methods.3.outcome.analysis.execution.usage.archive_entries = 15
methods.3.outcome.analysis.execution.usage.attribute_bytes = 541
methods.3.outcome.analysis.execution.usage.class_bytes = 1500
methods.3.outcome.analysis.execution.usage.class_headers = 1
methods.3.outcome.analysis.execution.usage.code_bytes = 59
methods.3.outcome.analysis.execution.usage.dependency_depth = 0
methods.3.outcome.analysis.execution.usage.elapsed_millis = 29
methods.3.outcome.analysis.execution.usage.entry_bytes = 750
methods.3.outcome.analysis.execution.usage.input_bytes = 1604
methods.3.outcome.analysis.execution.usage.ir_edges = 26
methods.3.outcome.analysis.execution.usage.ir_items = 534
methods.3.outcome.analysis.execution.usage.method_bodies = 4
methods.3.outcome.analysis.execution.usage.nested_depth = 0
methods.3.outcome.analysis.execution.usage.normalization_clones = 0
methods.3.outcome.analysis.execution.usage.output_bytes = 634
methods.3.outcome.analysis.execution.usage.read_bytes = 433
methods.3.outcome.analysis.execution.usage.result_items = 34
methods.3.outcome.kind = "recovered"
methods.3.outcome.report.accessors = []
methods.3.outcome.report.aliased_names = []
methods.3.outcome.report.artifact.agreement.state = "not_stated"
methods.3.outcome.report.artifact.binding.engine = "0.1.0"
methods.3.outcome.report.artifact.binding.environment.content = ["a650c6b12397f75e55eadab16ad6587514fe72e3c7be1b9c24a261cde824e171"]
methods.3.outcome.report.artifact.binding.environment.domain_loaders = ["app"]
methods.3.outcome.report.artifact.binding.environment.providers = []
methods.3.outcome.report.artifact.binding.environment.runtime.load_domain.delegation.kind = "parent_first"
methods.3.outcome.report.artifact.binding.environment.runtime.load_domain.external_override = "none"
methods.3.outcome.report.artifact.binding.environment.runtime.load_domain.loader = "app"
methods.3.outcome.report.artifact.binding.environment.runtime.load_domain.module_mode.kind = "class_path"
methods.3.outcome.report.artifact.binding.environment.runtime.load_domain.parent_loader = null
methods.3.outcome.report.artifact.binding.environment.runtime.load_domain.roots.0.kind = "container"
methods.3.outcome.report.artifact.binding.environment.runtime.load_domain.roots.0.origin.root_container = "root"
methods.3.outcome.report.artifact.binding.environment.runtime.load_domain.roots.0.origin.snapshot = "a650c6b12397f75e55eadab16ad6587514fe72e3c7be1b9c24a261cde824e171"
methods.3.outcome.report.artifact.binding.environment.runtime.load_domain.roots.0.origin.steps = []
methods.3.outcome.report.artifact.binding.environment.runtime.load_domain.roots.0.prefix = []
methods.3.outcome.report.artifact.binding.environment.runtime.load_domain.runtime_transformation = "none"
methods.3.outcome.report.artifact.binding.environment.runtime.physical.scope.kind = "snapshot_all"
methods.3.outcome.report.artifact.binding.environment.runtime.physical.snapshot = "a650c6b12397f75e55eadab16ad6587514fe72e3c7be1b9c24a261cde824e171"
methods.3.outcome.report.artifact.binding.environment.runtime.profile.java_release = 8
methods.3.outcome.report.artifact.binding.environment.runtime.profile.layout.kind = "generic"
methods.3.outcome.report.artifact.binding.environment.runtime.profile.multi_release.kind = "disabled"
methods.3.outcome.report.artifact.binding.member_ordinal = 3
methods.3.outcome.report.artifact.binding.method.descriptor = [40,76,106,97,118,97,47,108,97,110,103,47,83,116,114,105,110,103,59,41,86]
methods.3.outcome.report.artifact.binding.method.name = [97,112,112,101,110,100]
methods.3.outcome.report.artifact.binding.method.owner.class_bytes.digest = "d78f93dc4bb9eda0f944a2a8943ce4d74492370a6009613d61834f3395e487d1"
methods.3.outcome.report.artifact.binding.method.owner.class_bytes.length = 750
methods.3.outcome.report.artifact.binding.method.owner.location.entry.ordinal = 4
methods.3.outcome.report.artifact.binding.method.owner.location.entry.origin.root_container = "root"
methods.3.outcome.report.artifact.binding.method.owner.location.entry.origin.snapshot = "a650c6b12397f75e55eadab16ad6587514fe72e3c7be1b9c24a261cde824e171"
methods.3.outcome.report.artifact.binding.method.owner.location.entry.origin.steps = []
methods.3.outcome.report.artifact.binding.method.owner.location.entry.raw_name = [101,109,50,51,47,85,112,100,97,116,101,115,46,99,108,97,115,115]
methods.3.outcome.report.artifact.binding.method.owner.location.kind = "archive_entry"
methods.3.outcome.report.artifact.binding.method.owner.variant.kind = "base"
methods.3.outcome.report.artifact.binding.profile.java_release = 8
methods.3.outcome.report.artifact.binding.profile.layout.kind = "generic"
methods.3.outcome.report.artifact.binding.profile.multi_release.kind = "disabled"
methods.3.outcome.report.artifact.binding.registry = 71
methods.3.outcome.report.artifact.binding.rules = ["straight@1","if@1","loop@1","switch@1","lambda@1","concat@1","bridge@1","accessor@1","new@1","field@1","enumswitch@1","init@1","declaration@1","twr@1","monitor@1","finally@1"]
methods.3.outcome.report.artifact.binding.schema = 1
methods.3.outcome.report.artifact.binding.text_bytes = 317
methods.3.outcome.report.artifact.binding.text_digest = "fa5f76eda7d44d9bedeaee2a8ce8ea37"
methods.3.outcome.report.bridges = []
methods.3.outcome.report.compile_status = "not_attempted"
methods.3.outcome.report.concats = []
methods.3.outcome.report.content = "contains_statements"
methods.3.outcome.report.declaration = null
methods.3.outcome.report.diagnostics.0.code = "jre_recovery_produced"
methods.3.outcome.report.diagnostics.0.message = "1 region(s), 2 statement(s), 12 segment(s), 317 byte(s) written from 1 canonical block(s)"
methods.3.outcome.report.diagnostics.0.provenance = null
methods.3.outcome.report.diagnostics.0.severity = "info"
methods.3.outcome.report.diagnostics.1.code = "jre_concat_interleaved_effect"
methods.3.outcome.report.diagnostics.1.message = "the concatenation at BCI 0 was not presented: the instruction at BCI 7 is an Field { access: Read, is_static: true, owner: \"em23/Updates\", name: \"result\", descriptor: \"Ljava/lang/String;\" } between the chain's own instructions, and presenting the concatenation would write the `append` calls around it: the effect at BCI 7 would run in a different order or a different number of times"
methods.3.outcome.report.diagnostics.1.provenance = null
methods.3.outcome.report.diagnostics.1.severity = "warning"
methods.3.outcome.report.diagnostics.2.code = "jre_concat_chains"
methods.3.outcome.report.diagnostics.2.message = "1 concatenation candidate(s) read under concat@1: 0 presented, 1 refused"
methods.3.outcome.report.diagnostics.2.provenance = null
methods.3.outcome.report.diagnostics.2.severity = "info"
methods.3.outcome.report.diagnostics.3.code = "jre_new_sites"
methods.3.outcome.report.diagnostics.3.message = "1 construction candidate(s) read under new@1: 1 presented as `new`, 0 refused"
methods.3.outcome.report.diagnostics.3.provenance = null
methods.3.outcome.report.diagnostics.3.severity = "info"
methods.3.outcome.report.diagnostics.4.code = "jre_field_accesses"
methods.3.outcome.report.diagnostics.4.message = "2 field instruction(s) read under field@1: 2 presented, 0 refused"
methods.3.outcome.report.diagnostics.4.provenance = null
methods.3.outcome.report.diagnostics.4.severity = "info"
methods.3.outcome.report.diagnostics.5.code = "jre_declaration"
methods.3.outcome.report.diagnostics.5.message = "the artifact's envelope states the member's declaration under declaration@1: an instance method"
methods.3.outcome.report.diagnostics.5.provenance = null
methods.3.outcome.report.diagnostics.5.severity = "info"
methods.3.outcome.report.enum_switches = []
methods.3.outcome.report.evidence.categories.0.kind = "source_map"
methods.3.outcome.report.evidence.categories.0.state.state = "not_requested"
methods.3.outcome.report.evidence.categories.1.kind = "region_details"
methods.3.outcome.report.evidence.categories.1.state.state = "not_requested"
methods.3.outcome.report.evidence.categories.2.kind = "rule_details"
methods.3.outcome.report.evidence.categories.2.state.state = "not_requested"
methods.3.outcome.report.evidence.categories.3.kind = "name_details"
methods.3.outcome.report.evidence.categories.3.state.state = "not_requested"
methods.3.outcome.report.evidence.categories.4.kind = "read_details"
methods.3.outcome.report.evidence.categories.4.state.state = "not_requested"
methods.3.outcome.report.evidence.requested.driver_bci_range = null
methods.3.outcome.report.evidence.requested.expected_artifact = null
methods.3.outcome.report.evidence.requested.kinds = []
methods.3.outcome.report.execution.status = "complete"
methods.3.outcome.report.execution.usage.analysis_steps = 286
methods.3.outcome.report.execution.usage.archive_entries = 15
methods.3.outcome.report.execution.usage.attribute_bytes = 541
methods.3.outcome.report.execution.usage.class_bytes = 1500
methods.3.outcome.report.execution.usage.class_headers = 1
methods.3.outcome.report.execution.usage.code_bytes = 59
methods.3.outcome.report.execution.usage.dependency_depth = 0
methods.3.outcome.report.execution.usage.elapsed_millis = 30
methods.3.outcome.report.execution.usage.entry_bytes = 750
methods.3.outcome.report.execution.usage.input_bytes = 1604
methods.3.outcome.report.execution.usage.ir_edges = 26
methods.3.outcome.report.execution.usage.ir_items = 729
methods.3.outcome.report.execution.usage.method_bodies = 4
methods.3.outcome.report.execution.usage.nested_depth = 0
methods.3.outcome.report.execution.usage.normalization_clones = 0
methods.3.outcome.report.execution.usage.output_bytes = 951
methods.3.outcome.report.execution.usage.read_bytes = 433
methods.3.outcome.report.execution.usage.result_items = 34
methods.3.outcome.report.fallbacks = []
methods.3.outcome.report.fields = []
methods.3.outcome.report.init = null
methods.3.outcome.report.lambdas = []
methods.3.outcome.report.method = "append(Ljava/lang/String;)V"
methods.3.outcome.report.news = []
methods.3.outcome.report.outcome = "produced"
methods.3.outcome.report.profile.java_release = 8
methods.3.outcome.report.profile.layout.kind = "generic"
methods.3.outcome.report.profile.multi_release.kind = "disabled"
methods.3.outcome.report.quality = "structured"
methods.3.outcome.report.regions = []
methods.3.outcome.report.representation = "java"
methods.3.outcome.report.rules = []
methods.3.outcome.report.semantic_validation = "unproven"
methods.3.outcome.report.source_map.segments = []
methods.3.outcome.report.syntax_status = "unchecked"
methods.3.outcome.report.text = "// @method append(Ljava/lang/String;)V\n// @declaration an instance method of `em23.Updates`, member flags 0x0001\n// recovered from bytecode; presentation is not claimed to compile\n{\n    em23.Updates.result = new java.lang.StringBuilder().append(em23.Updates.result).append(arg1).append('_').toString();\n    return;\n}\n"
methods.3.outcome.report.verification = "not_performed"
methods.3.parameter_annotations.attributes = []
methods.3.parameter_annotations.refusals = []
methods.3.parameter_annotations.uses_by_position = [[]]
methods.3.text = "    public void append(java.lang.String arg1) {\n        // @method append(Ljava/lang/String;)V\n        // @declaration an instance method of `em23.Updates`, member flags 0x0001\n        // recovered from bytecode; presentation is not claimed to compile\n        em23.Updates.result = new java.lang.StringBuilder().append(em23.Updates.result).append(arg1).append('_').toString();\n        return;\n    }\n"
methods.3.type_annotations.attributes = []
methods.3.type_annotations.field_uses = []
methods.3.type_annotations.parameter_uses = [[]]
methods.3.type_annotations.refusals = []
methods.3.type_annotations.return_uses = []
methods.4.annotations.attributes = []
methods.4.annotations.refusals = []
methods.4.annotations.uses = []
methods.4.declaration = "public int plusTwo(int arg1)"
methods.4.item.access_flags = 1
methods.4.item.body.content_span.length = 17
methods.4.item.body.content_span.start = 664
methods.4.item.body.kind = "code_attribute"
methods.4.item.descriptor.escaped = "(I)I"
methods.4.item.descriptor.raw = [40,73,41,73]
methods.4.item.descriptor.utf16 = [40,73,41,73]
methods.4.item.identity.descriptor = [40,73,41,73]
methods.4.item.identity.name = [112,108,117,115,84,119,111]
methods.4.item.identity.owner.class_bytes.digest = "d78f93dc4bb9eda0f944a2a8943ce4d74492370a6009613d61834f3395e487d1"
methods.4.item.identity.owner.class_bytes.length = 750
methods.4.item.identity.owner.location.entry.ordinal = 4
methods.4.item.identity.owner.location.entry.origin.root_container = "root"
methods.4.item.identity.owner.location.entry.origin.snapshot = "a650c6b12397f75e55eadab16ad6587514fe72e3c7be1b9c24a261cde824e171"
methods.4.item.identity.owner.location.entry.origin.steps = []
methods.4.item.identity.owner.location.entry.raw_name = [101,109,50,51,47,85,112,100,97,116,101,115,46,99,108,97,115,115]
methods.4.item.identity.owner.location.kind = "archive_entry"
methods.4.item.identity.owner.variant.kind = "base"
methods.4.item.index = 4
methods.4.item.name.escaped = "plusTwo"
methods.4.item.name.raw = [112,108,117,115,84,119,111]
methods.4.item.name.utf16 = [112,108,117,115,84,119,111]
methods.4.markers = []
methods.4.no_body_kind = null
methods.4.outcome.analysis.diagnostics = 0
methods.4.outcome.analysis.execution.status = "complete"
methods.4.outcome.analysis.execution.usage.analysis_steps = 306
methods.4.outcome.analysis.execution.usage.archive_entries = 15
methods.4.outcome.analysis.execution.usage.attribute_bytes = 564
methods.4.outcome.analysis.execution.usage.class_bytes = 1500
methods.4.outcome.analysis.execution.usage.class_headers = 1
methods.4.outcome.analysis.execution.usage.code_bytes = 64
methods.4.outcome.analysis.execution.usage.dependency_depth = 0
methods.4.outcome.analysis.execution.usage.elapsed_millis = 30
methods.4.outcome.analysis.execution.usage.entry_bytes = 750
methods.4.outcome.analysis.execution.usage.input_bytes = 1604
methods.4.outcome.analysis.execution.usage.ir_edges = 29
methods.4.outcome.analysis.execution.usage.ir_items = 788
methods.4.outcome.analysis.execution.usage.method_bodies = 5
methods.4.outcome.analysis.execution.usage.nested_depth = 0
methods.4.outcome.analysis.execution.usage.normalization_clones = 0
methods.4.outcome.analysis.execution.usage.output_bytes = 951
methods.4.outcome.analysis.execution.usage.read_bytes = 433
methods.4.outcome.analysis.execution.usage.result_items = 35
methods.4.outcome.kind = "recovered"
methods.4.outcome.report.accessors = []
methods.4.outcome.report.aliased_names = []
methods.4.outcome.report.artifact.agreement.state = "not_stated"
methods.4.outcome.report.artifact.binding.engine = "0.1.0"
methods.4.outcome.report.artifact.binding.environment.content = ["a650c6b12397f75e55eadab16ad6587514fe72e3c7be1b9c24a261cde824e171"]
methods.4.outcome.report.artifact.binding.environment.domain_loaders = ["app"]
methods.4.outcome.report.artifact.binding.environment.providers = []
methods.4.outcome.report.artifact.binding.environment.runtime.load_domain.delegation.kind = "parent_first"
methods.4.outcome.report.artifact.binding.environment.runtime.load_domain.external_override = "none"
methods.4.outcome.report.artifact.binding.environment.runtime.load_domain.loader = "app"
methods.4.outcome.report.artifact.binding.environment.runtime.load_domain.module_mode.kind = "class_path"
methods.4.outcome.report.artifact.binding.environment.runtime.load_domain.parent_loader = null
methods.4.outcome.report.artifact.binding.environment.runtime.load_domain.roots.0.kind = "container"
methods.4.outcome.report.artifact.binding.environment.runtime.load_domain.roots.0.origin.root_container = "root"
methods.4.outcome.report.artifact.binding.environment.runtime.load_domain.roots.0.origin.snapshot = "a650c6b12397f75e55eadab16ad6587514fe72e3c7be1b9c24a261cde824e171"
methods.4.outcome.report.artifact.binding.environment.runtime.load_domain.roots.0.origin.steps = []
methods.4.outcome.report.artifact.binding.environment.runtime.load_domain.roots.0.prefix = []
methods.4.outcome.report.artifact.binding.environment.runtime.load_domain.runtime_transformation = "none"
methods.4.outcome.report.artifact.binding.environment.runtime.physical.scope.kind = "snapshot_all"
methods.4.outcome.report.artifact.binding.environment.runtime.physical.snapshot = "a650c6b12397f75e55eadab16ad6587514fe72e3c7be1b9c24a261cde824e171"
methods.4.outcome.report.artifact.binding.environment.runtime.profile.java_release = 8
methods.4.outcome.report.artifact.binding.environment.runtime.profile.layout.kind = "generic"
methods.4.outcome.report.artifact.binding.environment.runtime.profile.multi_release.kind = "disabled"
methods.4.outcome.report.artifact.binding.member_ordinal = 4
methods.4.outcome.report.artifact.binding.method.descriptor = [40,73,41,73]
methods.4.outcome.report.artifact.binding.method.name = [112,108,117,115,84,119,111]
methods.4.outcome.report.artifact.binding.method.owner.class_bytes.digest = "d78f93dc4bb9eda0f944a2a8943ce4d74492370a6009613d61834f3395e487d1"
methods.4.outcome.report.artifact.binding.method.owner.class_bytes.length = 750
methods.4.outcome.report.artifact.binding.method.owner.location.entry.ordinal = 4
methods.4.outcome.report.artifact.binding.method.owner.location.entry.origin.root_container = "root"
methods.4.outcome.report.artifact.binding.method.owner.location.entry.origin.snapshot = "a650c6b12397f75e55eadab16ad6587514fe72e3c7be1b9c24a261cde824e171"
methods.4.outcome.report.artifact.binding.method.owner.location.entry.origin.steps = []
methods.4.outcome.report.artifact.binding.method.owner.location.entry.raw_name = [101,109,50,51,47,85,112,100,97,116,101,115,46,99,108,97,115,115]
methods.4.outcome.report.artifact.binding.method.owner.location.kind = "archive_entry"
methods.4.outcome.report.artifact.binding.method.owner.variant.kind = "base"
methods.4.outcome.report.artifact.binding.profile.java_release = 8
methods.4.outcome.report.artifact.binding.profile.layout.kind = "generic"
methods.4.outcome.report.artifact.binding.profile.multi_release.kind = "disabled"
methods.4.outcome.report.artifact.binding.registry = 71
methods.4.outcome.report.artifact.binding.rules = ["straight@1","if@1","loop@1","switch@1","lambda@1","concat@1","bridge@1","accessor@1","new@1","field@1","enumswitch@1","init@1","declaration@1","twr@1","monitor@1","finally@1"]
methods.4.outcome.report.artifact.binding.schema = 1
methods.4.outcome.report.artifact.binding.text_bytes = 206
methods.4.outcome.report.artifact.binding.text_digest = "5a2733e37045b3ec027415e7c5a64ddc"
methods.4.outcome.report.bridges = []
methods.4.outcome.report.compile_status = "not_attempted"
methods.4.outcome.report.concats = []
methods.4.outcome.report.content = "contains_statements"
methods.4.outcome.report.declaration = null
methods.4.outcome.report.diagnostics.0.code = "jre_recovery_produced"
methods.4.outcome.report.diagnostics.0.message = "1 region(s), 2 statement(s), 6 segment(s), 206 byte(s) written from 1 canonical block(s)"
methods.4.outcome.report.diagnostics.0.provenance = null
methods.4.outcome.report.diagnostics.0.severity = "info"
methods.4.outcome.report.diagnostics.1.code = "jre_declaration"
methods.4.outcome.report.diagnostics.1.message = "the artifact's envelope states the member's declaration under declaration@1: an instance method"
methods.4.outcome.report.diagnostics.1.provenance = null
methods.4.outcome.report.diagnostics.1.severity = "info"
methods.4.outcome.report.enum_switches = []
methods.4.outcome.report.evidence.categories.0.kind = "source_map"
methods.4.outcome.report.evidence.categories.0.state.state = "not_requested"
methods.4.outcome.report.evidence.categories.1.kind = "region_details"
methods.4.outcome.report.evidence.categories.1.state.state = "not_requested"
methods.4.outcome.report.evidence.categories.2.kind = "rule_details"
methods.4.outcome.report.evidence.categories.2.state.state = "not_requested"
methods.4.outcome.report.evidence.categories.3.kind = "name_details"
methods.4.outcome.report.evidence.categories.3.state.state = "not_requested"
methods.4.outcome.report.evidence.categories.4.kind = "read_details"
methods.4.outcome.report.evidence.categories.4.state.state = "not_requested"
methods.4.outcome.report.evidence.requested.driver_bci_range = null
methods.4.outcome.report.evidence.requested.expected_artifact = null
methods.4.outcome.report.evidence.requested.kinds = []
methods.4.outcome.report.execution.status = "complete"
methods.4.outcome.report.execution.usage.analysis_steps = 330
methods.4.outcome.report.execution.usage.archive_entries = 15
methods.4.outcome.report.execution.usage.attribute_bytes = 564
methods.4.outcome.report.execution.usage.class_bytes = 1500
methods.4.outcome.report.execution.usage.class_headers = 1
methods.4.outcome.report.execution.usage.code_bytes = 64
methods.4.outcome.report.execution.usage.dependency_depth = 0
methods.4.outcome.report.execution.usage.elapsed_millis = 30
methods.4.outcome.report.execution.usage.entry_bytes = 750
methods.4.outcome.report.execution.usage.input_bytes = 1604
methods.4.outcome.report.execution.usage.ir_edges = 29
methods.4.outcome.report.execution.usage.ir_items = 808
methods.4.outcome.report.execution.usage.method_bodies = 5
methods.4.outcome.report.execution.usage.nested_depth = 0
methods.4.outcome.report.execution.usage.normalization_clones = 0
methods.4.outcome.report.execution.usage.output_bytes = 1157
methods.4.outcome.report.execution.usage.read_bytes = 433
methods.4.outcome.report.execution.usage.result_items = 35
methods.4.outcome.report.fallbacks = []
methods.4.outcome.report.fields = []
methods.4.outcome.report.init = null
methods.4.outcome.report.lambdas = []
methods.4.outcome.report.method = "plusTwo(I)I"
methods.4.outcome.report.news = []
methods.4.outcome.report.outcome = "produced"
methods.4.outcome.report.profile.java_release = 8
methods.4.outcome.report.profile.layout.kind = "generic"
methods.4.outcome.report.profile.multi_release.kind = "disabled"
methods.4.outcome.report.quality = "structured"
methods.4.outcome.report.regions = []
methods.4.outcome.report.representation = "java"
methods.4.outcome.report.rules = []
methods.4.outcome.report.semantic_validation = "unproven"
methods.4.outcome.report.source_map.segments = []
methods.4.outcome.report.syntax_status = "unchecked"
methods.4.outcome.report.text = "// @method plusTwo(I)I\n// @declaration an instance method of `em23.Updates`, member flags 0x0001\n// recovered from bytecode; presentation is not claimed to compile\n{\n    arg1 = arg1 + 2;\n    return arg1;\n}\n"
methods.4.outcome.report.verification = "not_performed"
methods.4.parameter_annotations.attributes = []
methods.4.parameter_annotations.refusals = []
methods.4.parameter_annotations.uses_by_position = [[]]
methods.4.text = "    public int plusTwo(int arg1) {\n        // @method plusTwo(I)I\n        // @declaration an instance method of `em23.Updates`, member flags 0x0001\n        // recovered from bytecode; presentation is not claimed to compile\n        arg1 = arg1 + 2;\n        return arg1;\n    }\n"
methods.4.type_annotations.attributes = []
methods.4.type_annotations.field_uses = []
methods.4.type_annotations.parameter_uses = [[]]
methods.4.type_annotations.refusals = []
methods.4.type_annotations.return_uses = []
methods.5.annotations.attributes = []
methods.5.annotations.refusals = []
methods.5.annotations.uses = []
methods.5.declaration = "public int next(int arg1)"
methods.5.item.access_flags = 1
methods.5.item.body.content_span.length = 17
methods.5.item.body.content_span.start = 695
methods.5.item.body.kind = "code_attribute"
methods.5.item.descriptor.escaped = "(I)I"
methods.5.item.descriptor.raw = [40,73,41,73]
methods.5.item.descriptor.utf16 = [40,73,41,73]
methods.5.item.identity.descriptor = [40,73,41,73]
methods.5.item.identity.name = [110,101,120,116]
methods.5.item.identity.owner.class_bytes.digest = "d78f93dc4bb9eda0f944a2a8943ce4d74492370a6009613d61834f3395e487d1"
methods.5.item.identity.owner.class_bytes.length = 750
methods.5.item.identity.owner.location.entry.ordinal = 4
methods.5.item.identity.owner.location.entry.origin.root_container = "root"
methods.5.item.identity.owner.location.entry.origin.snapshot = "a650c6b12397f75e55eadab16ad6587514fe72e3c7be1b9c24a261cde824e171"
methods.5.item.identity.owner.location.entry.origin.steps = []
methods.5.item.identity.owner.location.entry.raw_name = [101,109,50,51,47,85,112,100,97,116,101,115,46,99,108,97,115,115]
methods.5.item.identity.owner.location.kind = "archive_entry"
methods.5.item.identity.owner.variant.kind = "base"
methods.5.item.index = 5
methods.5.item.name.escaped = "next"
methods.5.item.name.raw = [110,101,120,116]
methods.5.item.name.utf16 = [110,101,120,116]
methods.5.markers = []
methods.5.no_body_kind = null
methods.5.outcome.analysis.diagnostics = 0
methods.5.outcome.analysis.execution.status = "complete"
methods.5.outcome.analysis.execution.usage.analysis_steps = 350
methods.5.outcome.analysis.execution.usage.archive_entries = 15
methods.5.outcome.analysis.execution.usage.attribute_bytes = 587
methods.5.outcome.analysis.execution.usage.class_bytes = 1500
methods.5.outcome.analysis.execution.usage.class_headers = 1
methods.5.outcome.analysis.execution.usage.code_bytes = 69
methods.5.outcome.analysis.execution.usage.dependency_depth = 0
methods.5.outcome.analysis.execution.usage.elapsed_millis = 31
methods.5.outcome.analysis.execution.usage.entry_bytes = 750
methods.5.outcome.analysis.execution.usage.input_bytes = 1604
methods.5.outcome.analysis.execution.usage.ir_edges = 32
methods.5.outcome.analysis.execution.usage.ir_items = 867
methods.5.outcome.analysis.execution.usage.method_bodies = 6
methods.5.outcome.analysis.execution.usage.nested_depth = 0
methods.5.outcome.analysis.execution.usage.normalization_clones = 0
methods.5.outcome.analysis.execution.usage.output_bytes = 1157
methods.5.outcome.analysis.execution.usage.read_bytes = 433
methods.5.outcome.analysis.execution.usage.result_items = 36
methods.5.outcome.kind = "recovered"
methods.5.outcome.report.accessors = []
methods.5.outcome.report.aliased_names = []
methods.5.outcome.report.artifact.agreement.state = "not_stated"
methods.5.outcome.report.artifact.binding.engine = "0.1.0"
methods.5.outcome.report.artifact.binding.environment.content = ["a650c6b12397f75e55eadab16ad6587514fe72e3c7be1b9c24a261cde824e171"]
methods.5.outcome.report.artifact.binding.environment.domain_loaders = ["app"]
methods.5.outcome.report.artifact.binding.environment.providers = []
methods.5.outcome.report.artifact.binding.environment.runtime.load_domain.delegation.kind = "parent_first"
methods.5.outcome.report.artifact.binding.environment.runtime.load_domain.external_override = "none"
methods.5.outcome.report.artifact.binding.environment.runtime.load_domain.loader = "app"
methods.5.outcome.report.artifact.binding.environment.runtime.load_domain.module_mode.kind = "class_path"
methods.5.outcome.report.artifact.binding.environment.runtime.load_domain.parent_loader = null
methods.5.outcome.report.artifact.binding.environment.runtime.load_domain.roots.0.kind = "container"
methods.5.outcome.report.artifact.binding.environment.runtime.load_domain.roots.0.origin.root_container = "root"
methods.5.outcome.report.artifact.binding.environment.runtime.load_domain.roots.0.origin.snapshot = "a650c6b12397f75e55eadab16ad6587514fe72e3c7be1b9c24a261cde824e171"
methods.5.outcome.report.artifact.binding.environment.runtime.load_domain.roots.0.origin.steps = []
methods.5.outcome.report.artifact.binding.environment.runtime.load_domain.roots.0.prefix = []
methods.5.outcome.report.artifact.binding.environment.runtime.load_domain.runtime_transformation = "none"
methods.5.outcome.report.artifact.binding.environment.runtime.physical.scope.kind = "snapshot_all"
methods.5.outcome.report.artifact.binding.environment.runtime.physical.snapshot = "a650c6b12397f75e55eadab16ad6587514fe72e3c7be1b9c24a261cde824e171"
methods.5.outcome.report.artifact.binding.environment.runtime.profile.java_release = 8
methods.5.outcome.report.artifact.binding.environment.runtime.profile.layout.kind = "generic"
methods.5.outcome.report.artifact.binding.environment.runtime.profile.multi_release.kind = "disabled"
methods.5.outcome.report.artifact.binding.member_ordinal = 5
methods.5.outcome.report.artifact.binding.method.descriptor = [40,73,41,73]
methods.5.outcome.report.artifact.binding.method.name = [110,101,120,116]
methods.5.outcome.report.artifact.binding.method.owner.class_bytes.digest = "d78f93dc4bb9eda0f944a2a8943ce4d74492370a6009613d61834f3395e487d1"
methods.5.outcome.report.artifact.binding.method.owner.class_bytes.length = 750
methods.5.outcome.report.artifact.binding.method.owner.location.entry.ordinal = 4
methods.5.outcome.report.artifact.binding.method.owner.location.entry.origin.root_container = "root"
methods.5.outcome.report.artifact.binding.method.owner.location.entry.origin.snapshot = "a650c6b12397f75e55eadab16ad6587514fe72e3c7be1b9c24a261cde824e171"
methods.5.outcome.report.artifact.binding.method.owner.location.entry.origin.steps = []
methods.5.outcome.report.artifact.binding.method.owner.location.entry.raw_name = [101,109,50,51,47,85,112,100,97,116,101,115,46,99,108,97,115,115]
methods.5.outcome.report.artifact.binding.method.owner.location.kind = "archive_entry"
methods.5.outcome.report.artifact.binding.method.owner.variant.kind = "base"
methods.5.outcome.report.artifact.binding.profile.java_release = 8
methods.5.outcome.report.artifact.binding.profile.layout.kind = "generic"
methods.5.outcome.report.artifact.binding.profile.multi_release.kind = "disabled"
methods.5.outcome.report.artifact.binding.registry = 71
methods.5.outcome.report.artifact.binding.rules = ["straight@1","if@1","loop@1","switch@1","lambda@1","concat@1","bridge@1","accessor@1","new@1","field@1","enumswitch@1","init@1","declaration@1","twr@1","monitor@1","finally@1"]
methods.5.outcome.report.artifact.binding.schema = 1
methods.5.outcome.report.artifact.binding.text_bytes = 203
methods.5.outcome.report.artifact.binding.text_digest = "975b6954542854bdc65a8adcb867aa78"
methods.5.outcome.report.bridges = []
methods.5.outcome.report.compile_status = "not_attempted"
methods.5.outcome.report.concats = []
methods.5.outcome.report.content = "contains_statements"
methods.5.outcome.report.declaration = null
methods.5.outcome.report.diagnostics.0.code = "jre_recovery_produced"
methods.5.outcome.report.diagnostics.0.message = "1 region(s), 2 statement(s), 6 segment(s), 203 byte(s) written from 1 canonical block(s)"
methods.5.outcome.report.diagnostics.0.provenance = null
methods.5.outcome.report.diagnostics.0.severity = "info"
methods.5.outcome.report.diagnostics.1.code = "jre_declaration"
methods.5.outcome.report.diagnostics.1.message = "the artifact's envelope states the member's declaration under declaration@1: an instance method"
methods.5.outcome.report.diagnostics.1.provenance = null
methods.5.outcome.report.diagnostics.1.severity = "info"
methods.5.outcome.report.enum_switches = []
methods.5.outcome.report.evidence.categories.0.kind = "source_map"
methods.5.outcome.report.evidence.categories.0.state.state = "not_requested"
methods.5.outcome.report.evidence.categories.1.kind = "region_details"
methods.5.outcome.report.evidence.categories.1.state.state = "not_requested"
methods.5.outcome.report.evidence.categories.2.kind = "rule_details"
methods.5.outcome.report.evidence.categories.2.state.state = "not_requested"
methods.5.outcome.report.evidence.categories.3.kind = "name_details"
methods.5.outcome.report.evidence.categories.3.state.state = "not_requested"
methods.5.outcome.report.evidence.categories.4.kind = "read_details"
methods.5.outcome.report.evidence.categories.4.state.state = "not_requested"
methods.5.outcome.report.evidence.requested.driver_bci_range = null
methods.5.outcome.report.evidence.requested.expected_artifact = null
methods.5.outcome.report.evidence.requested.kinds = []
methods.5.outcome.report.execution.status = "complete"
methods.5.outcome.report.execution.usage.analysis_steps = 374
methods.5.outcome.report.execution.usage.archive_entries = 15
methods.5.outcome.report.execution.usage.attribute_bytes = 587
methods.5.outcome.report.execution.usage.class_bytes = 1500
methods.5.outcome.report.execution.usage.class_headers = 1
methods.5.outcome.report.execution.usage.code_bytes = 69
methods.5.outcome.report.execution.usage.dependency_depth = 0
methods.5.outcome.report.execution.usage.elapsed_millis = 31
methods.5.outcome.report.execution.usage.entry_bytes = 750
methods.5.outcome.report.execution.usage.input_bytes = 1604
methods.5.outcome.report.execution.usage.ir_edges = 32
methods.5.outcome.report.execution.usage.ir_items = 887
methods.5.outcome.report.execution.usage.method_bodies = 6
methods.5.outcome.report.execution.usage.nested_depth = 0
methods.5.outcome.report.execution.usage.normalization_clones = 0
methods.5.outcome.report.execution.usage.output_bytes = 1360
methods.5.outcome.report.execution.usage.read_bytes = 433
methods.5.outcome.report.execution.usage.result_items = 36
methods.5.outcome.report.fallbacks = []
methods.5.outcome.report.fields = []
methods.5.outcome.report.init = null
methods.5.outcome.report.lambdas = []
methods.5.outcome.report.method = "next(I)I"
methods.5.outcome.report.news = []
methods.5.outcome.report.outcome = "produced"
methods.5.outcome.report.profile.java_release = 8
methods.5.outcome.report.profile.layout.kind = "generic"
methods.5.outcome.report.profile.multi_release.kind = "disabled"
methods.5.outcome.report.quality = "structured"
methods.5.outcome.report.regions = []
methods.5.outcome.report.representation = "java"
methods.5.outcome.report.rules = []
methods.5.outcome.report.semantic_validation = "unproven"
methods.5.outcome.report.source_map.segments = []
methods.5.outcome.report.syntax_status = "unchecked"
methods.5.outcome.report.text = "// @method next(I)I\n// @declaration an instance method of `em23.Updates`, member flags 0x0001\n// recovered from bytecode; presentation is not claimed to compile\n{\n    arg1 = arg1 + 1;\n    return arg1;\n}\n"
methods.5.outcome.report.verification = "not_performed"
methods.5.parameter_annotations.attributes = []
methods.5.parameter_annotations.refusals = []
methods.5.parameter_annotations.uses_by_position = [[]]
methods.5.text = "    public int next(int arg1) {\n        // @method next(I)I\n        // @declaration an instance method of `em23.Updates`, member flags 0x0001\n        // recovered from bytecode; presentation is not claimed to compile\n        arg1 = arg1 + 1;\n        return arg1;\n    }\n"
methods.5.type_annotations.attributes = []
methods.5.type_annotations.field_uses = []
methods.5.type_annotations.parameter_uses = [[]]
methods.5.type_annotations.refusals = []
methods.5.type_annotations.return_uses = []
methods.6.annotations.attributes = []
methods.6.annotations.refusals = []
methods.6.annotations.uses = []
methods.6.declaration = "static"
methods.6.item.access_flags = 8
methods.6.item.body.content_span.length = 22
methods.6.item.body.content_span.start = 726
methods.6.item.body.kind = "code_attribute"
methods.6.item.descriptor.escaped = "()V"
methods.6.item.descriptor.raw = [40,41,86]
methods.6.item.descriptor.utf16 = [40,41,86]
methods.6.item.identity.descriptor = [40,41,86]
methods.6.item.identity.name = [60,99,108,105,110,105,116,62]
methods.6.item.identity.owner.class_bytes.digest = "d78f93dc4bb9eda0f944a2a8943ce4d74492370a6009613d61834f3395e487d1"
methods.6.item.identity.owner.class_bytes.length = 750
methods.6.item.identity.owner.location.entry.ordinal = 4
methods.6.item.identity.owner.location.entry.origin.root_container = "root"
methods.6.item.identity.owner.location.entry.origin.snapshot = "a650c6b12397f75e55eadab16ad6587514fe72e3c7be1b9c24a261cde824e171"
methods.6.item.identity.owner.location.entry.origin.steps = []
methods.6.item.identity.owner.location.entry.raw_name = [101,109,50,51,47,85,112,100,97,116,101,115,46,99,108,97,115,115]
methods.6.item.identity.owner.location.kind = "archive_entry"
methods.6.item.identity.owner.variant.kind = "base"
methods.6.item.index = 6
methods.6.item.name.escaped = "<clinit>"
methods.6.item.name.raw = [60,99,108,105,110,105,116,62]
methods.6.item.name.utf16 = [60,99,108,105,110,105,116,62]
methods.6.markers = []
methods.6.no_body_kind = null
methods.6.outcome.analysis.diagnostics = 0
methods.6.outcome.analysis.execution.status = "complete"
methods.6.outcome.analysis.execution.usage.analysis_steps = 405
methods.6.outcome.analysis.execution.usage.archive_entries = 15
methods.6.outcome.analysis.execution.usage.attribute_bytes = 615
methods.6.outcome.analysis.execution.usage.class_bytes = 1500
methods.6.outcome.analysis.execution.usage.class_headers = 1
methods.6.outcome.analysis.execution.usage.code_bytes = 79
methods.6.outcome.analysis.execution.usage.dependency_depth = 0
methods.6.outcome.analysis.execution.usage.elapsed_millis = 31
methods.6.outcome.analysis.execution.usage.entry_bytes = 750
methods.6.outcome.analysis.execution.usage.input_bytes = 1604
methods.6.outcome.analysis.execution.usage.ir_edges = 34
methods.6.outcome.analysis.execution.usage.ir_items = 936
methods.6.outcome.analysis.execution.usage.method_bodies = 7
methods.6.outcome.analysis.execution.usage.nested_depth = 0
methods.6.outcome.analysis.execution.usage.normalization_clones = 0
methods.6.outcome.analysis.execution.usage.output_bytes = 1360
methods.6.outcome.analysis.execution.usage.read_bytes = 433
methods.6.outcome.analysis.execution.usage.result_items = 37
methods.6.outcome.kind = "recovered"
methods.6.outcome.report.accessors = []
methods.6.outcome.report.aliased_names = []
methods.6.outcome.report.artifact.agreement.state = "not_stated"
methods.6.outcome.report.artifact.binding.engine = "0.1.0"
methods.6.outcome.report.artifact.binding.environment.content = ["a650c6b12397f75e55eadab16ad6587514fe72e3c7be1b9c24a261cde824e171"]
methods.6.outcome.report.artifact.binding.environment.domain_loaders = ["app"]
methods.6.outcome.report.artifact.binding.environment.providers = []
methods.6.outcome.report.artifact.binding.environment.runtime.load_domain.delegation.kind = "parent_first"
methods.6.outcome.report.artifact.binding.environment.runtime.load_domain.external_override = "none"
methods.6.outcome.report.artifact.binding.environment.runtime.load_domain.loader = "app"
methods.6.outcome.report.artifact.binding.environment.runtime.load_domain.module_mode.kind = "class_path"
methods.6.outcome.report.artifact.binding.environment.runtime.load_domain.parent_loader = null
methods.6.outcome.report.artifact.binding.environment.runtime.load_domain.roots.0.kind = "container"
methods.6.outcome.report.artifact.binding.environment.runtime.load_domain.roots.0.origin.root_container = "root"
methods.6.outcome.report.artifact.binding.environment.runtime.load_domain.roots.0.origin.snapshot = "a650c6b12397f75e55eadab16ad6587514fe72e3c7be1b9c24a261cde824e171"
methods.6.outcome.report.artifact.binding.environment.runtime.load_domain.roots.0.origin.steps = []
methods.6.outcome.report.artifact.binding.environment.runtime.load_domain.roots.0.prefix = []
methods.6.outcome.report.artifact.binding.environment.runtime.load_domain.runtime_transformation = "none"
methods.6.outcome.report.artifact.binding.environment.runtime.physical.scope.kind = "snapshot_all"
methods.6.outcome.report.artifact.binding.environment.runtime.physical.snapshot = "a650c6b12397f75e55eadab16ad6587514fe72e3c7be1b9c24a261cde824e171"
methods.6.outcome.report.artifact.binding.environment.runtime.profile.java_release = 8
methods.6.outcome.report.artifact.binding.environment.runtime.profile.layout.kind = "generic"
methods.6.outcome.report.artifact.binding.environment.runtime.profile.multi_release.kind = "disabled"
methods.6.outcome.report.artifact.binding.member_ordinal = 6
methods.6.outcome.report.artifact.binding.method.descriptor = [40,41,86]
methods.6.outcome.report.artifact.binding.method.name = [60,99,108,105,110,105,116,62]
methods.6.outcome.report.artifact.binding.method.owner.class_bytes.digest = "d78f93dc4bb9eda0f944a2a8943ce4d74492370a6009613d61834f3395e487d1"
methods.6.outcome.report.artifact.binding.method.owner.class_bytes.length = 750
methods.6.outcome.report.artifact.binding.method.owner.location.entry.ordinal = 4
methods.6.outcome.report.artifact.binding.method.owner.location.entry.origin.root_container = "root"
methods.6.outcome.report.artifact.binding.method.owner.location.entry.origin.snapshot = "a650c6b12397f75e55eadab16ad6587514fe72e3c7be1b9c24a261cde824e171"
methods.6.outcome.report.artifact.binding.method.owner.location.entry.origin.steps = []
methods.6.outcome.report.artifact.binding.method.owner.location.entry.raw_name = [101,109,50,51,47,85,112,100,97,116,101,115,46,99,108,97,115,115]
methods.6.outcome.report.artifact.binding.method.owner.location.kind = "archive_entry"
methods.6.outcome.report.artifact.binding.method.owner.variant.kind = "base"
methods.6.outcome.report.artifact.binding.profile.java_release = 8
methods.6.outcome.report.artifact.binding.profile.layout.kind = "generic"
methods.6.outcome.report.artifact.binding.profile.multi_release.kind = "disabled"
methods.6.outcome.report.artifact.binding.registry = 71
methods.6.outcome.report.artifact.binding.rules = ["straight@1","if@1","loop@1","switch@1","lambda@1","concat@1","bridge@1","accessor@1","new@1","field@1","enumswitch@1","init@1","declaration@1","twr@1","monitor@1","finally@1"]
methods.6.outcome.report.artifact.binding.schema = 1
methods.6.outcome.report.artifact.binding.text_bytes = 234
methods.6.outcome.report.artifact.binding.text_digest = "bda305cb447d25383ce48453848414fb"
methods.6.outcome.report.bridges = []
methods.6.outcome.report.compile_status = "not_attempted"
methods.6.outcome.report.concats = []
methods.6.outcome.report.content = "contains_statements"
methods.6.outcome.report.declaration = null
methods.6.outcome.report.diagnostics.0.code = "jre_recovery_produced"
methods.6.outcome.report.diagnostics.0.message = "1 region(s), 3 statement(s), 7 segment(s), 234 byte(s) written from 1 canonical block(s)"
methods.6.outcome.report.diagnostics.0.provenance = null
methods.6.outcome.report.diagnostics.0.severity = "info"
methods.6.outcome.report.diagnostics.1.code = "jre_field_accesses"
methods.6.outcome.report.diagnostics.1.message = "2 field instruction(s) read under field@1: 2 presented, 0 refused"
methods.6.outcome.report.diagnostics.1.provenance = null
methods.6.outcome.report.diagnostics.1.severity = "info"
methods.6.outcome.report.diagnostics.2.code = "jre_declaration"
methods.6.outcome.report.diagnostics.2.message = "the artifact's envelope states the member's declaration under declaration@1: a static initializer"
methods.6.outcome.report.diagnostics.2.provenance = null
methods.6.outcome.report.diagnostics.2.severity = "info"
methods.6.outcome.report.enum_switches = []
methods.6.outcome.report.evidence.categories.0.kind = "source_map"
methods.6.outcome.report.evidence.categories.0.state.state = "not_requested"
methods.6.outcome.report.evidence.categories.1.kind = "region_details"
methods.6.outcome.report.evidence.categories.1.state.state = "not_requested"
methods.6.outcome.report.evidence.categories.2.kind = "rule_details"
methods.6.outcome.report.evidence.categories.2.state.state = "not_requested"
methods.6.outcome.report.evidence.categories.3.kind = "name_details"
methods.6.outcome.report.evidence.categories.3.state.state = "not_requested"
methods.6.outcome.report.evidence.categories.4.kind = "read_details"
methods.6.outcome.report.evidence.categories.4.state.state = "not_requested"
methods.6.outcome.report.evidence.requested.driver_bci_range = null
methods.6.outcome.report.evidence.requested.expected_artifact = null
methods.6.outcome.report.evidence.requested.kinds = []
methods.6.outcome.report.execution.status = "complete"
methods.6.outcome.report.execution.usage.analysis_steps = 425
methods.6.outcome.report.execution.usage.archive_entries = 15
methods.6.outcome.report.execution.usage.attribute_bytes = 615
methods.6.outcome.report.execution.usage.class_bytes = 1500
methods.6.outcome.report.execution.usage.class_headers = 1
methods.6.outcome.report.execution.usage.code_bytes = 79
methods.6.outcome.report.execution.usage.dependency_depth = 0
methods.6.outcome.report.execution.usage.elapsed_millis = 31
methods.6.outcome.report.execution.usage.entry_bytes = 750
methods.6.outcome.report.execution.usage.input_bytes = 1604
methods.6.outcome.report.execution.usage.ir_edges = 34
methods.6.outcome.report.execution.usage.ir_items = 969
methods.6.outcome.report.execution.usage.method_bodies = 7
methods.6.outcome.report.execution.usage.nested_depth = 0
methods.6.outcome.report.execution.usage.normalization_clones = 0
methods.6.outcome.report.execution.usage.output_bytes = 1594
methods.6.outcome.report.execution.usage.read_bytes = 433
methods.6.outcome.report.execution.usage.result_items = 37
methods.6.outcome.report.fallbacks = []
methods.6.outcome.report.fields = []
methods.6.outcome.report.init = null
methods.6.outcome.report.lambdas = []
methods.6.outcome.report.method = "<clinit>()V"
methods.6.outcome.report.news = []
methods.6.outcome.report.outcome = "produced"
methods.6.outcome.report.profile.java_release = 8
methods.6.outcome.report.profile.layout.kind = "generic"
methods.6.outcome.report.profile.multi_release.kind = "disabled"
methods.6.outcome.report.quality = "structured"
methods.6.outcome.report.regions = []
methods.6.outcome.report.representation = "java"
methods.6.outcome.report.rules = []
methods.6.outcome.report.semantic_validation = "unproven"
methods.6.outcome.report.source_map.segments = []
methods.6.outcome.report.syntax_status = "unchecked"
methods.6.outcome.report.text = "// @method <clinit>()V\n// @declaration a static initializer of `em23.Updates`, member flags 0x0008\n// recovered from bytecode; presentation is not claimed to compile\n{\n    em23.Updates.staticField = 1;\n    em23.Updates.result = \"\";\n}\n"
methods.6.outcome.report.verification = "not_performed"
methods.6.parameter_annotations.attributes = []
methods.6.parameter_annotations.refusals = []
methods.6.parameter_annotations.uses_by_position = []
methods.6.text = "    static {\n        // @method <clinit>()V\n        // @declaration a static initializer of `em23.Updates`, member flags 0x0008\n        // recovered from bytecode; presentation is not claimed to compile\n        em23.Updates.staticField = 1;\n        em23.Updates.result = \"\";\n    }\n"
methods.6.type_annotations.attributes = []
methods.6.type_annotations.field_uses = []
methods.6.type_annotations.parameter_uses = []
methods.6.type_annotations.refusals = []
methods.6.type_annotations.return_uses = []
nested_annotation_family.state = "absent"
nested_enum_family.state = "absent"
outcome = "performed"
stages = ["raw_facts","raw_cfg","legacy_normalization","canonical_cfg","frame","ssa"]
usage.analysis_steps = 425
usage.archive_entries = 15
usage.attribute_bytes = 615
usage.class_bytes = 1500
usage.class_headers = 1
usage.code_bytes = 79
usage.dependency_depth = 0
usage.elapsed_millis = 31
usage.entry_bytes = 750
usage.input_bytes = 1604
usage.ir_edges = 34
usage.ir_items = 969
usage.method_bodies = 7
usage.nested_depth = 0
usage.normalization_clones = 0
usage.output_bytes = 1594
usage.read_bytes = 433
usage.result_items = 38
view.scope.kind = "snapshot_all"
view.snapshot = "a650c6b12397f75e55eadab16ad6587514fe72e3c7be1b9c24a261cde824e171"
