Classfile jar:file:///Users/lordcasser/workspace/projects/jarde/openspec/evidence/same-class-generic-call-consumers-2026-10-09/frozen-inputs-v1/openjdk23/nodebug/SameNameOverload/SameNameOverload.jar!/SameNameOverload.class
  Last modified 2026年10月9日; size 465 bytes
  SHA-256 checksum 63cd7d85216cda61f91b1ac717a39e3cd1cf2db03adbbf82a7e10839a1b647a0
public class SameNameOverload<T extends java.lang.Object> extends java.lang.Object
  minor version: 0
  major version: 52
  flags: (0x0021) ACC_PUBLIC, ACC_SUPER
  this_class: #10                         // SameNameOverload
  super_class: #2                         // java/lang/Object
  interfaces: 0, fields: 1, methods: 4, attributes: 1
Constant pool:
   #1 = Methodref          #2.#3          // java/lang/Object."<init>":()V
   #2 = Class              #4             // java/lang/Object
   #3 = NameAndType        #5:#6          // "<init>":()V
   #4 = Utf8               java/lang/Object
   #5 = Utf8               <init>
   #6 = Utf8               ()V
   #7 = String             #8             // generic
   #8 = Utf8               generic
   #9 = Fieldref           #10.#11        // SameNameOverload.selected:Ljava/lang/String;
  #10 = Class              #12            // SameNameOverload
  #11 = NameAndType        #13:#14        // selected:Ljava/lang/String;
  #12 = Utf8               SameNameOverload
  #13 = Utf8               selected
  #14 = Utf8               Ljava/lang/String;
  #15 = String             #16            // string
  #16 = Utf8               string
  #17 = Methodref          #10.#18        // SameNameOverload.pick:(Ljava/lang/Object;)V
  #18 = NameAndType        #19:#20        // pick:(Ljava/lang/Object;)V
  #19 = Utf8               pick
  #20 = Utf8               (Ljava/lang/Object;)V
  #21 = Utf8               Code
  #22 = Utf8               Signature
  #23 = Utf8               (TT;)V
  #24 = Utf8               (Ljava/lang/String;)V
  #25 = Utf8               relay
  #26 = Utf8               <T:Ljava/lang/Object;>Ljava/lang/Object;
{
  public java.lang.String selected;
    descriptor: Ljava/lang/String;
    flags: (0x0001) ACC_PUBLIC

  public SameNameOverload();
    descriptor: ()V
    flags: (0x0001) ACC_PUBLIC
    Code:
      stack=1, locals=1, args_size=1
         0: aload_0
         1: invokespecial #1                  // Method java/lang/Object."<init>":()V
         4: return

  public void pick(T);
    descriptor: (Ljava/lang/Object;)V
    flags: (0x0001) ACC_PUBLIC
    Code:
      stack=2, locals=2, args_size=2
         0: aload_0
         1: ldc           #7                  // String generic
         3: putfield      #9                  // Field selected:Ljava/lang/String;
         6: return
    Signature: #23                          // (TT;)V

  public void pick(java.lang.String);
    descriptor: (Ljava/lang/String;)V
    flags: (0x0001) ACC_PUBLIC
    Code:
      stack=2, locals=2, args_size=2
         0: aload_0
         1: ldc           #15                 // String string
         3: putfield      #9                  // Field selected:Ljava/lang/String;
         6: return

  public void relay(T);
    descriptor: (Ljava/lang/Object;)V
    flags: (0x0001) ACC_PUBLIC
    Code:
      stack=2, locals=2, args_size=2
         0: aload_0
         1: aload_1
         2: invokevirtual #17                 // Method pick:(Ljava/lang/Object;)V
         5: return
    Signature: #23                          // (TT;)V
}
Signature: #26                          // <T:Ljava/lang/Object;>Ljava/lang/Object;
