   Compiling libc v0.2.189
   Compiling syn v3.0.5
   Compiling serde_core v1.0.229
   Compiling crc32fast v1.5.2
   Compiling serde_derive v1.0.229
   Compiling thiserror-impl v2.0.20
   Compiling blake3 v1.8.7
   Compiling thiserror v2.0.20
   Compiling serde v1.0.229
   Compiling flate2 v1.1.10
   Compiling getrandom v0.3.4
   Compiling jarde-reader v0.1.0 (/Users/lordcasser/workspace/projects/jarde/crates/jarde-reader)
   Compiling rand_core v0.9.5
   Compiling errno v0.3.14
   Compiling rustix v1.1.4
   Compiling getrandom v0.4.3
   Compiling zerocopy v0.8.57
   Compiling jarde-query v0.1.0 (/Users/lordcasser/workspace/projects/jarde/crates/jarde-query)
   Compiling tempfile v3.27.0
   Compiling jarde-jvm v0.1.0 (/Users/lordcasser/workspace/projects/jarde/crates/jarde-jvm)
   Compiling ppv-lite86 v0.2.21
   Compiling wait-timeout v0.2.1
   Compiling rusty-fork v0.3.1
   Compiling num-traits v0.2.19
   Compiling rand_chacha v0.9.0
   Compiling jarde-java v0.1.0 (/Users/lordcasser/workspace/projects/jarde/crates/jarde-java)
   Compiling zmij v1.0.23
   Compiling rand v0.9.5
   Compiling rand_xorshift v0.4.0
   Compiling serde_json v1.0.151
   Compiling proptest v1.11.0
   Compiling jarde v0.1.0 (/Users/lordcasser/workspace/projects/jarde)
    Finished `test` profile [unoptimized] target(s) in 32.15s
     Running tests/p3_execution_comparison.rs (target/debug/deps/p3_execution_comparison-2302a512b6cbcec9)
