   Compiling bitflags v2.13.2
   Compiling noak v0.7.0
   Compiling thiserror v2.0.20
   Compiling serde v1.0.229
   Compiling jarde-reader v0.1.0 (/Users/lordcasser/workspace/projects/jarde/crates/jarde-reader)
   Compiling utf8parse v0.2.2
   Compiling anstyle-parse v1.0.0
   Compiling jarde-query v0.1.0 (/Users/lordcasser/workspace/projects/jarde/crates/jarde-query)
   Compiling is_terminal_polyfill v1.70.2
   Compiling anstyle-query v1.1.5
   Compiling colorchoice v1.0.5
   Compiling anstyle v1.0.14
   Compiling anstream v1.0.0
   Compiling jarde-jvm v0.1.0 (/Users/lordcasser/workspace/projects/jarde/crates/jarde-jvm)
   Compiling strsim v0.11.1
   Compiling clap_lex v1.1.1
   Compiling clap_builder v4.6.7
   Compiling jarde-java v0.1.0 (/Users/lordcasser/workspace/projects/jarde/crates/jarde-java)
   Compiling jarde v0.1.0 (/Users/lordcasser/workspace/projects/jarde)
   Compiling clap v4.6.7
   Compiling jarde-cli v0.1.0 (/Users/lordcasser/workspace/projects/jarde/crates/jarde-cli)
    Finished `test` profile [unoptimized] target(s) in 31.05s
     Running tests/json_cli.rs (target/debug/deps/json_cli-1e27cf200a87da54)
