   Compiling jarde-java v0.1.0 (/Users/lordcasser/workspace/projects/jarde/crates/jarde-java)
   Compiling jarde v0.1.0 (/Users/lordcasser/workspace/projects/jarde)
   Compiling jarde-cli v0.1.0 (/Users/lordcasser/workspace/projects/jarde/crates/jarde-cli)
    Finished `test` profile [unoptimized] target(s) in 3m 20s
     Running unittests src/lib.rs (target/debug/deps/jarde-cafa3db29a99a2a3)
     Running tests/anonymous_parameterized_root.rs (target/debug/deps/anonymous_parameterized_root-cffbaac495c402c0)
     Running tests/anonymous_supertype_return.rs (target/debug/deps/anonymous_supertype_return-5df0205b4dfa7dc3)
     Running tests/assert_statement_sugar.rs (target/debug/deps/assert_statement_sugar-60dc8d1bbd2112f6)
     Running tests/bulk_recovery_backpressure.rs (target/debug/deps/bulk_recovery_backpressure-cd8013493153d482)
     Running tests/bulk_recovery_cancel.rs (target/debug/deps/bulk_recovery_cancel-c8d44b36bc2c7366)
     Running tests/bulk_recovery_delivery.rs (target/debug/deps/bulk_recovery_delivery-6a822c68a7f60d13)
     Running tests/bulk_recovery_handover.rs (target/debug/deps/bulk_recovery_handover-c98439221604558d)
     Running tests/bulk_recovery_lifecycle.rs (target/debug/deps/bulk_recovery_lifecycle-d61e51275f252d74)
     Running tests/bulk_recovery_retention.rs (target/debug/deps/bulk_recovery_retention-80117a90457f8f11)
     Running tests/bulk_recovery_serial.rs (target/debug/deps/bulk_recovery_serial-985ebe320ed1516a)
     Running tests/bulk_recovery_workers.rs (target/debug/deps/bulk_recovery_workers-753ee4afed970cf3)
     Running tests/bulk_support.rs (target/debug/deps/bulk_support-8f90c3e8d3f32003)
     Running tests/class_scope_constructor_projection.rs (target/debug/deps/class_scope_constructor_projection-fbe04a8ddac9ea01)
     Running tests/class_source.rs (target/debug/deps/class_source-98222780ab7169cc)
     Running tests/class_static_initializer_projection.rs (target/debug/deps/class_static_initializer_projection-58697c4447e17fde)
     Running tests/ctor_reorder_dispatch_guard.rs (target/debug/deps/ctor_reorder_dispatch_guard-e664d9ac3105a6a0)
     Running tests/d0_demand_counts.rs (target/debug/deps/d0_demand_counts-bd7fad050600147a)
     Running tests/d1_evidence_selection.rs (target/debug/deps/d1_evidence_selection-2e8b69c8b8d80f65)
     Running tests/d2_prepared_handoff.rs (target/debug/deps/d2_prepared_handoff-50836b7bfc9027ca)
     Running tests/d3_artifact_binding.rs (target/debug/deps/d3_artifact_binding-6a2fccf7fc643e07)
     Running tests/d5_acceptance_ledger.rs (target/debug/deps/d5_acceptance_ledger-a6d03a040fa3fe69)
     Running tests/d5_process_release.rs (target/debug/deps/d5_process_release-df356ec933190c0e)
     Running tests/d5_semantic_comparison.rs (target/debug/deps/d5_semantic_comparison-6e2586132b75b4d9)
     Running tests/double_brace_capture.rs (target/debug/deps/double_brace_capture-d2c255cbae2dae46)
     Running tests/em22_boolean_xor.rs (target/debug/deps/em22_boolean_xor-8a1c232c77d6581c)
     Running tests/em23_field_unit_updates.rs (target/debug/deps/em23_field_unit_updates-afd7befb2fd919d7)
     Running tests/engine.rs (target/debug/deps/engine-99d2b77ff4af6cab)
     Running tests/enum_string_field_name.rs (target/debug/deps/enum_string_field_name-4978298c6ea21150)
     Running tests/field_generic_projection.rs (target/debug/deps/field_generic_projection-b99a5eb4d02c4574)
     Running tests/fixture_behavior_guards.rs (target/debug/deps/fixture_behavior_guards-e3f6d3207a2b0822)
     Running tests/generic_body_throws_projection.rs (target/debug/deps/generic_body_throws_projection-1b336a6e89fdb8f1)
     Running tests/generic_constructor_projection.rs (target/debug/deps/generic_constructor_projection-8173a35f6d641bd9)
     Running tests/generic_method_budget.rs (target/debug/deps/generic_method_budget-9b4c0ca544db847d)
     Running tests/generic_method_projection.rs (target/debug/deps/generic_method_projection-f14410969b9474b6)
     Running tests/generic_outer_member_family.rs (target/debug/deps/generic_outer_member_family-1415ae0d55e01d7d)
     Running tests/generic_static_member_family.rs (target/debug/deps/generic_static_member_family-1fb05c840bb5f469)
     Running tests/generic_throws_projection.rs (target/debug/deps/generic_throws_projection-a60544bbe6dacc18)
     Running tests/historical_classfile_corpus.rs (target/debug/deps/historical_classfile_corpus-49eb4888421f946f)
     Running tests/inner_class_static_mixed_folding.rs (target/debug/deps/inner_class_static_mixed_folding-38c04b5ec072c2b4)
     Running tests/interface_initializer_projection.rs (target/debug/deps/interface_initializer_projection-9ff69b2063faf936)
     Running tests/interface_initializer_proof.rs (target/debug/deps/interface_initializer_proof-34be9d5ad558d451)
     Running tests/jvm_bytecode_oracle.rs (target/debug/deps/jvm_bytecode_oracle-f3fc5f4cb32decd2)
     Running tests/lambda_companion_bodies.rs (target/debug/deps/lambda_companion_bodies-64a43a0cff09fe31)
     Running tests/lambda_root_member_folding.rs (target/debug/deps/lambda_root_member_folding-d2e6c901cbfcb788)
     Running tests/member_class_static_folding.rs (target/debug/deps/member_class_static_folding-79264a5e27036425)
     Running tests/member_family_external_use.rs (target/debug/deps/member_family_external_use-e8e333b84faeb913)
     Running tests/member_family_identity.rs (target/debug/deps/member_family_identity-464a7df45ef5d4e2)
     Running tests/member_local_type_source_names.rs (target/debug/deps/member_local_type_source_names-a6bd4cd36c10a31e)
     Running tests/navigation.rs (target/debug/deps/navigation-bf87b95a5c255e07)
     Running tests/nested_class_literal_values.rs (target/debug/deps/nested_class_literal_values-777b1b74d3bb331b)
     Running tests/nested_generic_header_projection.rs (target/debug/deps/nested_generic_header_projection-a41f578353b5adc1)
     Running tests/nested_type_source_spelling.rs (target/debug/deps/nested_type_source_spelling-9c8268b3065b51a1)
     Running tests/ordinary_generic_projection.rs (target/debug/deps/ordinary_generic_projection-62a46ed907c9a4eb)
     Running tests/p1_active_facts.rs (target/debug/deps/p1_active_facts-67f9cfeee6da9626)
     Running tests/p1_artifact_tree.rs (target/debug/deps/p1_artifact_tree-3ae174b2fbc18e68)
     Running tests/p1_budget_ledger.rs (target/debug/deps/p1_budget_ledger-920eead047c0392e)
     Running tests/p1_multi_release.rs (target/debug/deps/p1_multi_release-6d87b3ebe2134d48)
     Running tests/p1_prepared_class.rs (target/debug/deps/p1_prepared_class-68411d13d24b6d4b)
     Running tests/p1_query_api.rs (target/debug/deps/p1_query_api-bc0fc2dedd82ffc9)
     Running tests/p1_query_bounds.rs (target/debug/deps/p1_query_bounds-3db0da03576f7c98)
     Running tests/p1_query_demand.rs (target/debug/deps/p1_query_demand-3b352b7b659d0c8b)
     Running tests/p1_query_model.rs (target/debug/deps/p1_query_model-de8e42e6b245c838)
     Running tests/p1_query_planes.rs (target/debug/deps/p1_query_planes-d9a69e0cd1a83c60)
     Running tests/p1_query_positions.rs (target/debug/deps/p1_query_positions-b71288156dbca28e)
     Running tests/p1_reader_facts.rs (target/debug/deps/p1_reader_facts-8057090c8d4be56e)
     Running tests/p1_scope_cursor.rs (target/debug/deps/p1_scope_cursor-bea8c0689f9082f1)
     Running tests/p1_xref_bootstrap.rs (target/debug/deps/p1_xref_bootstrap-3ca9891c342b8a11)
     Running tests/p1_xref_code.rs (target/debug/deps/p1_xref_code-4bf2adb34a6b894d)
     Running tests/p1_xref_golden.rs (target/debug/deps/p1_xref_golden-472d4975b9e47d7b)
     Running tests/p1_xref_metadata.rs (target/debug/deps/p1_xref_metadata-d807c12f3ba10f51)
     Running tests/p1_xref_properties.rs (target/debug/deps/p1_xref_properties-88104f494081a355)
     Running tests/p2_canonical.rs (target/debug/deps/p2_canonical-4e2e4f6bfbb29a5c)
     Running tests/p2_cfg.rs (target/debug/deps/p2_cfg-60b82d66416ff2cc)
     Running tests/p2_closure.rs (target/debug/deps/p2_closure-eb0dcf63e4191408)
     Running tests/p2_contracts.rs (target/debug/deps/p2_contracts-d5313d610f61126d)
     Running tests/p2_declaration_refs.rs (target/debug/deps/p2_declaration_refs-70104fd6763b642e)
     Running tests/p2_dispatch.rs (target/debug/deps/p2_dispatch-0de769edabf1768a)
     Running tests/p2_entry_counts.rs (target/debug/deps/p2_entry_counts-0399826897fdb6ec)
     Running tests/p2_frame.rs (target/debug/deps/p2_frame-12cc045a068b9f53)
     Running tests/p2_golden.rs (target/debug/deps/p2_golden-7b56c8391350d043)
     Running tests/p2_members.rs (target/debug/deps/p2_members-ee85fe60a4287bdd)
     Running tests/p2_passes.rs (target/debug/deps/p2_passes-151006c61cd63037)
     Running tests/p2_prefixed_roots.rs (target/debug/deps/p2_prefixed_roots-f25bd119d9eae0f2)
     Running tests/p2_properties.rs (target/debug/deps/p2_properties-947626afe7ef9265)
     Running tests/p2_resolution.rs (target/debug/deps/p2_resolution-6c5f2c2949e74da2)
     Running tests/p2_return_address.rs (target/debug/deps/p2_return_address-5545896c7f448fec)
     Running tests/p2_ssa.rs (target/debug/deps/p2_ssa-932d9981d77467d7)
     Running tests/p3_accessor_edges.rs (target/debug/deps/p3_accessor_edges-b826ae426b419812)
     Running tests/p3_alias_field.rs (target/debug/deps/p3_alias_field-5a27157ad1baab20)
     Running tests/p3_annotation_default.rs (target/debug/deps/p3_annotation_default-b7356fb2dd05c169)
     Running tests/p3_anonymous_class_facts.rs (target/debug/deps/p3_anonymous_class_facts-0fada6b40029e0d5)
     Running tests/p3_array_access.rs (target/debug/deps/p3_array_access-e8cf6f8422675bd7)
     Running tests/p3_array_foreach.rs (target/debug/deps/p3_array_foreach-395a43ae3a5aca72)
     Running tests/p3_array_initializers.rs (target/debug/deps/p3_array_initializers-f0e60595565076a2)
     Running tests/p3_array_slot_retype_locals.rs (target/debug/deps/p3_array_slot_retype_locals-370e3ec2af168b45)
     Running tests/p3_array_types.rs (target/debug/deps/p3_array_types-018190a7e9d0cf87)
     Running tests/p3_arraylength_loop_condition.rs (target/debug/deps/p3_arraylength_loop_condition-e8fc7ed1e21ec9d6)
     Running tests/p3_bitwise.rs (target/debug/deps/p3_bitwise-41f2d85762431fda)
     Running tests/p3_boolean_array_initializers.rs (target/debug/deps/p3_boolean_array_initializers-75dfc0cb95447e98)
     Running tests/p3_boolean_array_store_contract.rs (target/debug/deps/p3_boolean_array_store_contract-8f0ef8a81cda156a)
     Running tests/p3_boolean_array_stores.rs (target/debug/deps/p3_boolean_array_stores-f4712d8188e7a5e9)
     Running tests/p3_boolean_contexts.rs (target/debug/deps/p3_boolean_contexts-1292eafc1dd98d41)
     Running tests/p3_boolean_field_stores.rs (target/debug/deps/p3_boolean_field_stores-222eb59492092618)
     Running tests/p3_boolean_short_circuit_return.rs (target/debug/deps/p3_boolean_short_circuit_return-0fcd4035a2665cbe)
     Running tests/p3_catch_after_field_assignment.rs (target/debug/deps/p3_catch_after_field_assignment-b8dd6c49b2ef730f)
     Running tests/p3_caught_value_argument_typing.rs (target/debug/deps/p3_caught_value_argument_typing-2f3163b8baaf4417)
     Running tests/p3_chained_store.rs (target/debug/deps/p3_chained_store-2105602423f3d363)
     Running tests/p3_char_switch.rs (target/debug/deps/p3_char_switch-f4dc2e510359b180)
     Running tests/p3_class_literals.rs (target/debug/deps/p3_class_literals-cfc63705cb36c57f)
     Running tests/p3_compound_lvalue_updates.rs (target/debug/deps/p3_compound_lvalue_updates-29c8aee717a6f4f7)
     Running tests/p3_concat_char.rs (target/debug/deps/p3_concat_char-a98de57a126ee654)
     Running tests/p3_concat_conversion.rs (target/debug/deps/p3_concat_conversion-8b0fa595a99d26ec)
     Running tests/p3_constructed_reference_array_elements.rs (target/debug/deps/p3_constructed_reference_array_elements-c728f4b0052346b5)
     Running tests/p3_content.rs (target/debug/deps/p3_content-b02e8255b6a515d3)
     Running tests/p3_crossing_array_read_values.rs (target/debug/deps/p3_crossing_array_read_values-a3a8804cae2e15e1)
     Running tests/p3_declaration_handoff.rs (target/debug/deps/p3_declaration_handoff-673083000a675843)
     Running tests/p3_declarations.rs (target/debug/deps/p3_declarations-3825a11db97202fa)
     Running tests/p3_deferred_value_order.rs (target/debug/deps/p3_deferred_value_order-36936e0bb6d114ce)
     Running tests/p3_edge_settlement.rs (target/debug/deps/p3_edge_settlement-501db03576c7f17d)
     Running tests/p3_eval_context.rs (target/debug/deps/p3_eval_context-eb028d063c3526c4)
     Running tests/p3_exception_scope.rs (target/debug/deps/p3_exception_scope-dd5b9b861c61d214)
     Running tests/p3_execution_comparison.rs (target/debug/deps/p3_execution_comparison-be5a22d2020b5f3e)
     Running tests/p3_field_increment.rs (target/debug/deps/p3_field_increment-94e1a4ddb4844fc5)
     Running tests/p3_field_presentations.rs (target/debug/deps/p3_field_presentations-673410f265138ea7)
     Running tests/p3_final_static.rs (target/debug/deps/p3_final_static-4229069cc5608e7c)
     Running tests/p3_finally_straight.rs (target/debug/deps/p3_finally_straight-6b26ee9178113f27)
     Running tests/p3_floating_constants.rs (target/debug/deps/p3_floating_constants-e210e725c6f3f6e8)
     Running tests/p3_for_add_store.rs (target/debug/deps/p3_for_add_store-691b7ee3ebbf56d2)
     Running tests/p3_for_latch.rs (target/debug/deps/p3_for_latch-9cfac5cf88add1a5)
     Running tests/p3_forward_join.rs (target/debug/deps/p3_forward_join-95d31177970ec5c4)
     Running tests/p3_guard.rs (target/debug/deps/p3_guard-1ec8f75ea1603f65)
     Running tests/p3_handler_store.rs (target/debug/deps/p3_handler_store-5a1510b13c27916e)
     Running tests/p3_heterogeneous_array_initializers.rs (target/debug/deps/p3_heterogeneous_array_initializers-120ec3b57ced58c2)
     Running tests/p3_hoisted_boolean.rs (target/debug/deps/p3_hoisted_boolean-2e3d794cb464ef7a)
     Running tests/p3_immediate_functional_receivers.rs (target/debug/deps/p3_immediate_functional_receivers-e581361f949ce361)
     Running tests/p3_instance_receiver.rs (target/debug/deps/p3_instance_receiver-586325158815cc98)
     Running tests/p3_instanceof.rs (target/debug/deps/p3_instanceof-504158aa64d8a74a)
     Running tests/p3_integer_boolean_return_boundaries.rs (target/debug/deps/p3_integer_boolean_return_boundaries-fe55753d441b822a)
     Running tests/p3_integer_boolean_return_contract.rs (target/debug/deps/p3_integer_boolean_return_contract-6669135ba7f16b31)
     Running tests/p3_integer_boolean_returns.rs (target/debug/deps/p3_integer_boolean_returns-e6c104932ef6630f)
     Running tests/p3_invocation_arguments.rs (target/debug/deps/p3_invocation_arguments-b93acf58936ce495)
     Running tests/p3_isolation.rs (target/debug/deps/p3_isolation-f78fc5173007ea66)
     Running tests/p3_iterable_foreach.rs (target/debug/deps/p3_iterable_foreach-390276d98c9c2bf5)
     Running tests/p3_labeled_loop_tail.rs (target/debug/deps/p3_labeled_loop_tail-b1b674dd9754839f)
     Running tests/p3_lambda_adaptation.rs (target/debug/deps/p3_lambda_adaptation-97d04c66a8155307)
     Running tests/p3_local_postfix_array_elements.rs (target/debug/deps/p3_local_postfix_array_elements-18bfca81bfc108f9)
     Running tests/p3_local_rewrite.rs (target/debug/deps/p3_local_rewrite-8b899f939f2b5ee4)
     Running tests/p3_long_field_assignment_result.rs (target/debug/deps/p3_long_field_assignment_result-00118c1f512f8abd)
     Running tests/p3_loop_arm_join.rs (target/debug/deps/p3_loop_arm_join-a3895fc22aa47a90)
     Running tests/p3_loop_boolean_do.rs (target/debug/deps/p3_loop_boolean_do-4d15e9a6cdc4fdb2)
     Running tests/p3_loop_boolean_exit.rs (target/debug/deps/p3_loop_boolean_exit-4369dc98f8f01c35)
     Running tests/p3_loop_test_values.rs (target/debug/deps/p3_loop_test_values-e12ddd1a4ee89a1c)
     Running tests/p3_loop_transfers.rs (target/debug/deps/p3_loop_transfers-22f26c052f946db1)
     Running tests/p3_loop_try_handler_entry.rs (target/debug/deps/p3_loop_try_handler_entry-85e7e17da035cf20)
     Running tests/p3_meeting.rs (target/debug/deps/p3_meeting-c5ed121ad3713961)
     Running tests/p3_method_ir.rs (target/debug/deps/p3_method_ir-e328acbc66dece94)
     Running tests/p3_mixed_short_circuit_argument.rs (target/debug/deps/p3_mixed_short_circuit_argument-dfa3d6f2fd2194cf)
     Running tests/p3_mixed_short_circuit_array.rs (target/debug/deps/p3_mixed_short_circuit_array-f91f7a1833248599)
     Running tests/p3_mixed_short_circuit_field.rs (target/debug/deps/p3_mixed_short_circuit_field-2067ed2d8655b9fb)
     Running tests/p3_mixed_short_circuit_instance_field.rs (target/debug/deps/p3_mixed_short_circuit_instance_field-74e46ecc9791b4b6)
     Running tests/p3_mixed_short_circuit_local.rs (target/debug/deps/p3_mixed_short_circuit_local-5838e1eeb0529d9a)
     Running tests/p3_mixed_short_circuit_return.rs (target/debug/deps/p3_mixed_short_circuit_return-b8b03db2a8706aab)
     Running tests/p3_multi_resource_twr_geometry.rs (target/debug/deps/p3_multi_resource_twr_geometry-455e90f8685e656a)
     Running tests/p3_mutf8.rs (target/debug/deps/p3_mutf8-64cd6a79f686c9e7)
     Running tests/p3_narrow_array_store_order.rs (target/debug/deps/p3_narrow_array_store_order-052949398b200e73)
     Running tests/p3_narrow_array_stores.rs (target/debug/deps/p3_narrow_array_stores-5eeb1693e146cb3c)
     Running tests/p3_narrow_field_stores.rs (target/debug/deps/p3_narrow_field_stores-07d909ae28390470)
     Running tests/p3_narrow_integer_return_contract.rs (target/debug/deps/p3_narrow_integer_return_contract-efdf0e1b5f126df3)
     Running tests/p3_narrow_integer_returns.rs (target/debug/deps/p3_narrow_integer_returns-6566a9db1af507f3)
     Running tests/p3_narrow_return_boundaries.rs (target/debug/deps/p3_narrow_return_boundaries-a33d5c57e14186db)
     Running tests/p3_nested_annotation_source.rs (target/debug/deps/p3_nested_annotation_source-0f40ff1de05c8ba9)
     Running tests/p3_nested_array_initializers.rs (target/debug/deps/p3_nested_array_initializers-b50f9ff0991a3e9e)
     Running tests/p3_nested_try.rs (target/debug/deps/p3_nested_try-3cc604c7df9d8336)
     Running tests/p3_new_value.rs (target/debug/deps/p3_new_value-767327cfc6eddadf)
     Running tests/p3_null_resource.rs (target/debug/deps/p3_null_resource-ba7154fb021b61bd)
     Running tests/p3_numeric_comparison.rs (target/debug/deps/p3_numeric_comparison-9422b4aea794a406)
     Running tests/p3_one_armed_if.rs (target/debug/deps/p3_one_armed_if-ec0968e0f05dd8bb)
     Running tests/p3_ordinary_new_invokes.rs (target/debug/deps/p3_ordinary_new_invokes-56572e3b330e1cdb)
     Running tests/p3_parameter_slots.rs (target/debug/deps/p3_parameter_slots-994ee9b09494ee8d)
     Running tests/p3_partial_array_allocation.rs (target/debug/deps/p3_partial_array_allocation-2c83b5e8abb4ceb6)
     Running tests/p3_platform_collection_widening.rs (target/debug/deps/p3_platform_collection_widening-c34e09ed6f42e6d8)
     Running tests/p3_popped_static_qualifier.rs (target/debug/deps/p3_popped_static_qualifier-0a4cd77fb16a84a3)
     Running tests/p3_postfix_handler_boundary.rs (target/debug/deps/p3_postfix_handler_boundary-1f3ed4b020a9c737)
     Running tests/p3_postfix_lvalue_values.rs (target/debug/deps/p3_postfix_lvalue_values-8a2d53cb92213bf7)
     Running tests/p3_precise_rethrow.rs (target/debug/deps/p3_precise_rethrow-3430ed673725a4e1)
     Running tests/p3_prefix_survival.rs (target/debug/deps/p3_prefix_survival-e33425412608f502)
     Running tests/p3_prepared_input.rs (target/debug/deps/p3_prepared_input-962160c1b9c50994)
     Running tests/p3_primitive_conversions.rs (target/debug/deps/p3_primitive_conversions-32d14fad4f929e5c)
     Running tests/p3_product_vocabulary.rs (target/debug/deps/p3_product_vocabulary-caeab2772054d750)
     Running tests/p3_proved_varargs_calls.rs (target/debug/deps/p3_proved_varargs_calls-59e0c13366d084f0)
     Running tests/p3_recovery_entry.rs (target/debug/deps/p3_recovery_entry-11fcdc7a9234026b)
     Running tests/p3_reference_cast.rs (target/debug/deps/p3_reference_cast-2e744c189c470505)
     Running tests/p3_reference_slot_lifetimes.rs (target/debug/deps/p3_reference_slot_lifetimes-6d9bceb49b9d7860)
     Running tests/p3_region_fallback_origins.rs (target/debug/deps/p3_region_fallback_origins-52f42674a4eb97a6)
     Running tests/p3_region_owner_overlap.rs (target/debug/deps/p3_region_owner_overlap-c09a9110da492a3e)
     Running tests/p3_required_conversions.rs (target/debug/deps/p3_required_conversions-405b779fb5728955)
     Running tests/p3_scope.rs (target/debug/deps/p3_scope-f4a4be5915cd0f67)
     Running tests/p3_scv_concat_consumers.rs (target/debug/deps/p3_scv_concat_consumers-e80cded92be1e4ad)
     Running tests/p3_shared_catchall_finally.rs (target/debug/deps/p3_shared_catchall_finally-c42f6652ee8791f9)
     Running tests/p3_shared_latch_nested_loops.rs (target/debug/deps/p3_shared_latch_nested_loops-5627d691473e8c43)
     Running tests/p3_shift_expressions.rs (target/debug/deps/p3_shift_expressions-0ee1ce4d26c55b8e)
     Running tests/p3_shift_negative_boundaries.rs (target/debug/deps/p3_shift_negative_boundaries-bdc2cc79ab551754)
     Running tests/p3_short_circuit_exception_chain.rs (target/debug/deps/p3_short_circuit_exception_chain-22323fef2ba34fff)
     Running tests/p3_short_circuit_exception_edge.rs (target/debug/deps/p3_short_circuit_exception_edge-862aa3a480823a1b)
     Running tests/p3_short_circuit_transfer_gateway.rs (target/debug/deps/p3_short_circuit_transfer_gateway-0b49c1623df11d4a)
     Running tests/p3_snapshot_hierarchy_widening.rs (target/debug/deps/p3_snapshot_hierarchy_widening-139f628214a00550)
     Running tests/p3_special_dispatch.rs (target/debug/deps/p3_special_dispatch-0855f7f130114610)
     Running tests/p3_special_refusal.rs (target/debug/deps/p3_special_refusal-d3e56d3524b02674)
     Running tests/p3_stated_rows.rs (target/debug/deps/p3_stated_rows-481f804e4736406a)
     Running tests/p3_static_call.rs (target/debug/deps/p3_static_call-5ac5d60fca448a12)
     Running tests/p3_string_switch_projection.rs (target/debug/deps/p3_string_switch_projection-1ce9b08040fe5824)
     Running tests/p3_switch_arm_loop_exits.rs (target/debug/deps/p3_switch_arm_loop_exits-9dd59afbaa2f34de)
     Running tests/p3_switch_fallthrough.rs (target/debug/deps/p3_switch_fallthrough-d6287ecdefc9a0ef)
     Running tests/p3_switch_forward_join.rs (target/debug/deps/p3_switch_forward_join-8192f6c31922f1c5)
     Running tests/p3_switch_loop_exits.rs (target/debug/deps/p3_switch_loop_exits-614bc1092a8eab5a)
     Running tests/p3_switch_value.rs (target/debug/deps/p3_switch_value-b5faee78f42294c4)
     Running tests/p3_sync_return.rs (target/debug/deps/p3_sync_return-5bfb16bb001ed5d5)
     Running tests/p3_throw.rs (target/debug/deps/p3_throw-6fbbdc0bb19dc18c)
     Running tests/p3_throwable_wrap_arguments.rs (target/debug/deps/p3_throwable_wrap_arguments-59b9132222ebe7dc)
     Running tests/p3_try_local.rs (target/debug/deps/p3_try_local-458f21bcfd38ada7)
     Running tests/p3_two_exit_return.rs (target/debug/deps/p3_two_exit_return-f0fdb60c52156192)
     Running tests/p3_twr_catch.rs (target/debug/deps/p3_twr_catch-61900173f740e34c)
     Running tests/p3_twr_discarded_call.rs (target/debug/deps/p3_twr_discarded_call-a65142bf6629aa91)
     Running tests/p3_twr_enclosing_catch.rs (target/debug/deps/p3_twr_enclosing_catch-df4f78debc437e09)
     Running tests/p3_twr_enclosing_catch_call.rs (target/debug/deps/p3_twr_enclosing_catch_call-bb1ad0a39dd08bb2)
     Running tests/p3_twr_lead_sequence.rs (target/debug/deps/p3_twr_lead_sequence-35d96cf78311c27a)
     Running tests/p3_twr_return_tail.rs (target/debug/deps/p3_twr_return_tail-4d84730d5c68f1ce)
     Running tests/p3_twr_saved_return_typing.rs (target/debug/deps/p3_twr_saved_return_typing-a67c57d34a6fe669)
     Running tests/p3_type_qualifier.rs (target/debug/deps/p3_type_qualifier-4d1d2e54edf4649a)
     Running tests/p3_typed_catch.rs (target/debug/deps/p3_typed_catch-99a2ecb7641107f5)
     Running tests/p3_typed_catch_boundary_return.rs (target/debug/deps/p3_typed_catch_boundary_return-44245046449ac047)
     Running tests/p3_unary_negation.rs (target/debug/deps/p3_unary_negation-01bb18c42da96571)
     Running tests/p3_varargs.rs (target/debug/deps/p3_varargs-55544d14d720d9ab)
     Running tests/p3_wrapped_array_foreach.rs (target/debug/deps/p3_wrapped_array_foreach-929ca71702cf02c9)
     Running tests/p4_feature_registry.rs (target/debug/deps/p4_feature_registry-1d6ae4caf121efd8)
     Running tests/p4_golden.rs (target/debug/deps/p4_golden-74dfabd46f38d52f)
     Running tests/p4_modern_facts.rs (target/debug/deps/p4_modern_facts-3bf98d69679071a9)
     Running tests/p4_plugins.rs (target/debug/deps/p4_plugins-f276273ef292ed04)
     Running tests/p4_runtime_matrix.rs (target/debug/deps/p4_runtime_matrix-77d2af0a2bba3dde)
     Running tests/p4_x2_states.rs (target/debug/deps/p4_x2_states-ee09ff504b01e52d)
     Running tests/p4_x3_patterns.rs (target/debug/deps/p4_x3_patterns-d8351966b5f96388)
     Running tests/p5_benchmark.rs (target/debug/deps/p5_benchmark-f584ec070c568dd3)
     Running tests/p5_bulk_corpus.rs (target/debug/deps/p5_bulk_corpus-3f3f907d809cc4b7)
     Running tests/p5_container_lookup.rs (target/debug/deps/p5_container_lookup-d99ab36b31ff46a9)
     Running tests/p5_corpus_fingerprint.rs (target/debug/deps/p5_corpus_fingerprint-0c446778046192f9)
     Running tests/p5_definition_read_reuse.rs (target/debug/deps/p5_definition_read_reuse-218b1770cfb908ec)
     Running tests/p5_facts_cache.rs (target/debug/deps/p5_facts_cache-5aca405d8aac0427)
     Running tests/p5_optimize_workloads.rs (target/debug/deps/p5_optimize_workloads-29075e1c46b6f3e6)
     Running tests/p5_shared_payload.rs (target/debug/deps/p5_shared_payload-003da354898e28a8)
     Running tests/parameterized_interface_headers.rs (target/debug/deps/parameterized_interface_headers-7580cd670130a0cc)
     Running tests/preserve_local_scope_plan.rs (target/debug/deps/preserve_local_scope_plan-a5cb2f5abb74ab7c)
     Running tests/preserve_local_scope_refusals.rs (target/debug/deps/preserve_local_scope_refusals-ce82d928eeae74eb)
     Running tests/preserve_monitor_exit_evaluation_order.rs (target/debug/deps/preserve_monitor_exit_evaluation_order-585d3a1c660e4d89)
     Running tests/qualified_super_default.rs (target/debug/deps/qualified_super_default-e131ee0098f4cd26)
     Running tests/raw_receiver_field_selection.rs (target/debug/deps/raw_receiver_field_selection-561b152fd50cae9a)
     Running tests/recover_array_element_field_receiver.rs (target/debug/deps/recover_array_element_field_receiver-47861adeb82abaf6)
     Running tests/recover_array_initializer_value_positions.rs (target/debug/deps/recover_array_initializer_value_positions-66e4f97d8bbc5d35)
     Running tests/recover_boolean_int_bitwise_operands.rs (target/debug/deps/recover_boolean_int_bitwise_operands-3009a9bf35465c86)
     Running tests/recover_boxed_number_widening.rs (target/debug/deps/recover_boxed_number_widening-63cbea0ff466ef43)
     Running tests/recover_branching_guard_body.rs (target/debug/deps/recover_branching_guard_body-7595b9e28f79e802)
     Running tests/recover_chained_field_assignment.rs (target/debug/deps/recover_chained_field_assignment-464c5361bd4bb855)
     Running tests/recover_conditional_rhs_field_compound.rs (target/debug/deps/recover_conditional_rhs_field_compound-6ee70851b0478529)
     Running tests/recover_covariant_array_store_receiver.rs (target/debug/deps/recover_covariant_array_store_receiver-c656c45cbd24a07b)
     Running tests/recover_double_brace_allocation_site.rs (target/debug/deps/recover_double_brace_allocation_site-35a580144e7cd05d)
     Running tests/recover_dup_store_conditional.rs (target/debug/deps/recover_dup_store_conditional-5c356445153c8733)
     Running tests/recover_inline_conditional_concat_operands.rs (target/debug/deps/recover_inline_conditional_concat_operands-928cb65d2309c16c)
     Running tests/recover_instance_field_assignment_chains.rs (target/debug/deps/recover_instance_field_assignment_chains-83b7033de4cf7ec6)
     Running tests/recover_io_resource_finally.rs (target/debug/deps/recover_io_resource_finally-851814076851b107)
     Running tests/recover_javac8_allocation_qualifier_null_check.rs (target/debug/deps/recover_javac8_allocation_qualifier_null_check-dec0851005bbf9a6)
     Running tests/recover_javac8_getclass_null_check_idiom.rs (target/debug/deps/recover_javac8_getclass_null_check_idiom-2c2529e50369c4fc)
     Running tests/recover_lambda_primitive_array_capture.rs (target/debug/deps/recover_lambda_primitive_array_capture-ed054e93557e70ac)
     Running tests/recover_lock_guard_loop_finally.rs (target/debug/deps/recover_lock_guard_loop_finally-16c529fbc11568aa)
     Running tests/recover_loop_else_if_early_returns.rs (target/debug/deps/recover_loop_else_if_early_returns-9d9e4517dc1e6985)
     Running tests/recover_loop_test_copy_store.rs (target/debug/deps/recover_loop_test_copy_store-f82c35a0e89eeccf)
     Running tests/recover_nested_lock_finally_bodies.rs (target/debug/deps/recover_nested_lock_finally_bodies-8d380b84e4b9c75c)
     Running tests/recover_platform_implementer_argument_widening.rs (target/debug/deps/recover_platform_implementer_argument_widening-06ad86ea80e3cd3c)
     Running tests/recover_platform_interface_argument_widening.rs (target/debug/deps/recover_platform_interface_argument_widening-8104bee1e6c2d638)
     Running tests/recover_postfix_condition_positions.rs (target/debug/deps/recover_postfix_condition_positions-8e03668b31a241f2)
     Running tests/recover_postfix_old_value_snapshot.rs (target/debug/deps/recover_postfix_old_value_snapshot-99dc8fa97cf71262)
     Running tests/recover_proved_nonnull_bound_receivers.rs (target/debug/deps/recover_proved_nonnull_bound_receivers-ee9df5e03abe2e3c)
     Running tests/recover_short_circuit_local_branch_reads.rs (target/debug/deps/recover_short_circuit_local_branch_reads-7e64ddc414e109e4)
     Running tests/recover_statement_position_news.rs (target/debug/deps/recover_statement_position_news-59f99b82a1ff87a8)
     Running tests/recover_static_generic_field_init_text.rs (target/debug/deps/recover_static_generic_field_init_text-813579425f5af530)
     Running tests/recover_synthetic_ctor_super_order.rs (target/debug/deps/recover_synthetic_ctor_super_order-b14d6f596b125c96)
     Running tests/recover_temporal_argument_widening.rs (target/debug/deps/recover_temporal_argument_widening-06c69cba6bde5266)
     Running tests/recover_unicode_identifiers.rs (target/debug/deps/recover_unicode_identifiers-7b031fb495076a94)
     Running tests/recover_write_accessor_field_types.rs (target/debug/deps/recover_write_accessor_field_types-082f8376d2d3506e)
     Running tests/same_class_generic_binding.rs (target/debug/deps/same_class_generic_binding-6649390fdc1fb022)
     Running tests/same_class_generic_call_consumers.rs (target/debug/deps/same_class_generic_call_consumers-b09e70ae4e61577c)
     Running tests/static_method_local_generic_throws.rs (target/debug/deps/static_method_local_generic_throws-ff41b7278de1a632)
     Running tests/task_operations.rs (target/debug/deps/task_operations-641e08abed891b2d)
     Running unittests examples/bulk_scope_sweep.rs (target/debug/examples/bulk_scope_sweep-f6ad30f1449df37d)
     Running unittests examples/class_source_file.rs (target/debug/examples/class_source_file-8c1f8c7bf41c0070)
     Running unittests examples/demand_workloads.rs (target/debug/examples/demand_workloads-c2d53261dd3cd706)
     Running unittests examples/inspect_class_header.rs (target/debug/examples/inspect_class_header-a152f244c3b92c74)
     Running unittests examples/navigate_artifact.rs (target/debug/examples/navigate_artifact-420ad042ef4e1883)
     Running unittests examples/resolve_and_analyze.rs (target/debug/examples/resolve_and_analyze-4c2e3ccd9251b5ae)
     Running unittests examples/task_operations.rs (target/debug/examples/task_operations-c1aebfc9dbfc53c6)
     Running unittests src/main.rs (target/debug/deps/jarde_cli-2bbe66b6d550e1de)
     Running tests/artifact_tree_cli.rs (target/debug/deps/artifact_tree_cli-11835b0ef0ef1379)
     Running tests/class_source_cli.rs (target/debug/deps/class_source_cli-a6ef24312099e684)
     Running tests/export_cli.rs (target/debug/deps/export_cli-50aaca6a04c39a60)
     Running tests/json_cli.rs (target/debug/deps/json_cli-213fe7eb58decdef)
     Running tests/query_cli.rs (target/debug/deps/query_cli-fb35224bbdbf2147)
     Running tests/task_cli.rs (target/debug/deps/task_cli-a04d95d63b52b705)
     Running unittests src/lib.rs (target/debug/deps/jarde_java-555f8cdb0429b977)
     Running tests/anonymous_allocation_candidates.rs (target/debug/deps/anonymous_allocation_candidates-8a9de364e6889576)
     Running tests/array_invocation_widening.rs (target/debug/deps/array_invocation_widening-b5b502f78a0ff8c6)
     Running tests/class_initializer_candidates.rs (target/debug/deps/class_initializer_candidates-da12a2ba85d73fab)
     Running tests/em27_inline_char_array.rs (target/debug/deps/em27_inline_char_array-b6459e802b5e317d)
     Running tests/member_capture_outer_read.rs (target/debug/deps/member_capture_outer_read-5e29e2535bb89169)
     Running tests/nested_ctor_argument_sites.rs (target/debug/deps/nested_ctor_argument_sites-5e6d50c40ee08e9b)
     Running tests/nested_monitor_regions.rs (target/debug/deps/nested_monitor_regions-1c59ebc50eee2da8)
     Running tests/p3_boolean_array_initializer_contract.rs (target/debug/deps/p3_boolean_array_initializer_contract-8f00813d8a783d7a)
     Running tests/p3_carried_conditional_arguments.rs (target/debug/deps/p3_carried_conditional_arguments-cd11932fa3d94fd3)
     Running tests/p3_conditional_field_writes.rs (target/debug/deps/p3_conditional_field_writes-2fefdcf4dfebbda2)
     Running tests/p3_conditional_values.rs (target/debug/deps/p3_conditional_values-ec4fa0ab0075e152)
     Running tests/p3_do_while_return.rs (target/debug/deps/p3_do_while_return-a72299ce7875f167)
     Running tests/p3_effectful_exits.rs (target/debug/deps/p3_effectful_exits-25dca56717adf820)
     Running tests/p3_exception_only_catchall.rs (target/debug/deps/p3_exception_only_catchall-59d3f6cf1e5ca0a3)
     Running tests/p3_flag_conditional_finally.rs (target/debug/deps/p3_flag_conditional_finally-42d5c687c37eb3e3)
     Running tests/p3_inner_assignment.rs (target/debug/deps/p3_inner_assignment-96a2cd212f8f8335)
     Running tests/p3_intermediate_join.rs (target/debug/deps/p3_intermediate_join-dd0ce0c17277fb86)
     Running tests/p3_java_recovery.rs (target/debug/deps/p3_java_recovery-3aa1171c9765afe7)
     Running tests/p3_local_null_conditional_finally.rs (target/debug/deps/p3_local_null_conditional_finally-50fae34aea5d707b)
     Running tests/p3_loop_body_double_jumps.rs (target/debug/deps/p3_loop_body_double_jumps-f72b1cfb4800d585)
     Running tests/p3_loop_exit_gateways.rs (target/debug/deps/p3_loop_exit_gateways-013b7a6e7b749938)
     Running tests/p3_loop_terminal_return.rs (target/debug/deps/p3_loop_terminal_return-77aba28ba51d01d1)
     Running tests/p3_null_lead_straight_finally.rs (target/debug/deps/p3_null_lead_straight_finally-7320f75b1aecea8f)
     Running tests/p3_patterns.rs (target/debug/deps/p3_patterns-17a6632e2e6f872e)
     Running tests/p3_preceded_catches.rs (target/debug/deps/p3_preceded_catches-38ea6aab90f92292)
     Running tests/p3_proved_boolean_conditional_returns.rs (target/debug/deps/p3_proved_boolean_conditional_returns-02cce68ba1c07d68)
     Running tests/p3_repeq_boolean_arguments.rs (target/debug/deps/p3_repeq_boolean_arguments-f3cbfcd81ededcbf)
     Running tests/p3_segmented_null_lead_finally.rs (target/debug/deps/p3_segmented_null_lead_finally-0074526fcb5f3827)
     Running tests/p3_shared_join_finally.rs (target/debug/deps/p3_shared_join_finally-037bb3d14b87a3ae)
     Running tests/p3_shared_tail.rs (target/debug/deps/p3_shared_tail-4e99ebe46aa0aff5)
     Running tests/p3_short_circuit_chain_controls.rs (target/debug/deps/p3_short_circuit_chain_controls-49370a06366fcf91)
     Running tests/p3_transparent_empty_finally.rs (target/debug/deps/p3_transparent_empty_finally-dc745c7098ae1839)
     Running tests/p3_void_loop_finally.rs (target/debug/deps/p3_void_loop_finally-fdd753d707e36072)
     Running tests/twr_direct_finally.rs (target/debug/deps/twr_direct_finally-9362b06f38d9b680)
     Running tests/twr_inner_finally.rs (target/debug/deps/twr_inner_finally-1b1804740a33ed4b)
     Running tests/varargs_ctor_argument_sites.rs (target/debug/deps/varargs_ctor_argument_sites-c0445fd9b98e4ce9)
     Running unittests src/lib.rs (target/debug/deps/jarde_jvm-f676510a96b41313)
     Running unittests src/lib.rs (target/debug/deps/jarde_query-0a9ce03a4bf837cc)
     Running tests/owner_candidates.rs (target/debug/deps/owner_candidates-bdb922c5bfba0013)
     Running unittests src/lib.rs (target/debug/deps/jarde_reader-0499dbeb3ef4062c)
     Running tests/class_annotation_facts.rs (target/debug/deps/class_annotation_facts-afd09ef406b445de)
     Running tests/member_annotation_facts.rs (target/debug/deps/member_annotation_facts-1f5543539bde4564)
     Running tests/method_signature_proof.rs (target/debug/deps/method_signature_proof-9ee4299ef772b778)
     Running tests/type_annotation_facts.rs (target/debug/deps/type_annotation_facts-ebd6e80ac73b361b)
