class.class_bytes.digest = "88f38b21585e88096444a0e692d4356d5567af6930b53b5ad484a0feed7be62b"
class.class_bytes.length = 670
class.location.kind = "standalone_root"
class.location.snapshot = "88f38b21585e88096444a0e692d4356d5567af6930b53b5ad484a0feed7be62b"
class.variant.kind = "base"
coverage.artifact_structural.scanned.0.end = 1
coverage.artifact_structural.scanned.0.label = "navigation_candidates"
coverage.artifact_structural.scanned.0.start = 0
coverage.artifact_structural.scanned.1.end = 8
coverage.artifact_structural.scanned.1.label = "class_methods"
coverage.artifact_structural.scanned.1.start = 0
coverage.artifact_structural.scanned.2.end = 8
coverage.artifact_structural.scanned.2.label = "class_source_bodies"
coverage.artifact_structural.scanned.2.start = 0
coverage.artifact_structural.skipped = []
coverage.artifact_structural.state = "complete_within_schema"
coverage.artifact_structural.uninterpreted_extensions = []
coverage.dynamic_analysis.scanned = []
coverage.dynamic_analysis.skipped = []
coverage.dynamic_analysis.state = "not_requested"
coverage.dynamic_analysis.uninterpreted_extensions = []
coverage.runtime_resolution.scanned = []
coverage.runtime_resolution.skipped = []
coverage.runtime_resolution.state = "not_requested"
coverage.runtime_resolution.uninterpreted_extensions = []
declaration.declaration = "public final class CloneProbe extends java.lang.Object"
declaration.item.binding.kind = "standalone_root"
declaration.item.declaration.access_flags = 49
declaration.item.declaration.interfaces = []
declaration.item.declaration.super_class.escaped = "java/lang/Object"
declaration.item.declaration.super_class.raw = [106,97,118,97,47,108,97,110,103,47,79,98,106,101,99,116]
declaration.item.declaration.super_class.utf16 = [106,97,118,97,47,108,97,110,103,47,79,98,106,101,99,116]
declaration.item.declaration.this_class.escaped = "CloneProbe"
declaration.item.declaration.this_class.raw = [67,108,111,110,101,80,114,111,98,101]
declaration.item.declaration.this_class.utf16 = [67,108,111,110,101,80,114,111,98,101]
declaration.item.definition.class_bytes.digest = "88f38b21585e88096444a0e692d4356d5567af6930b53b5ad484a0feed7be62b"
declaration.item.definition.class_bytes.length = 670
declaration.item.definition.location.kind = "standalone_root"
declaration.item.definition.location.snapshot = "88f38b21585e88096444a0e692d4356d5567af6930b53b5ad484a0feed7be62b"
declaration.item.definition.variant.kind = "base"
declaration.item.member_table = null
declaration.name = "CloneProbe"
diagnostics = []
execution.status = "complete"
execution.usage.analysis_steps = 228
execution.usage.archive_entries = 0
execution.usage.attribute_bytes = 588
execution.usage.class_bytes = 1340
execution.usage.class_headers = 1
execution.usage.code_bytes = 52
execution.usage.dependency_depth = 0
execution.usage.elapsed_millis = 2
execution.usage.entry_bytes = 0
execution.usage.input_bytes = 670
execution.usage.ir_edges = 25
execution.usage.ir_items = 590
execution.usage.method_bodies = 8
execution.usage.nested_depth = 0
execution.usage.normalization_clones = 0
execution.usage.output_bytes = 2310
execution.usage.read_bytes = 670
execution.usage.result_items = 25
fields = []
limits.analysis_steps = 4194304
limits.archive_entries = 65536
limits.attribute_bytes = 67108864
limits.class_bytes = 67108864
limits.class_headers = 4096
limits.code_bytes = 16777216
limits.dependency_depth = 8
limits.elapsed_millis = 30000
limits.entry_bytes = 67108864
limits.input_bytes = 67108864
limits.ir_edges = 4194304
limits.ir_items = 4194304
limits.method_bodies = 4096
limits.nested_depth = 4
limits.normalization_clones = 1048576
limits.output_bytes = 16777216
limits.read_bytes = 67108864
limits.result_items = 65536
methods.0.declaration = "public CloneProbe()"
methods.0.item.access_flags = 1
methods.0.item.body.content_span.length = 17
methods.0.item.body.content_span.start = 422
methods.0.item.body.kind = "code_attribute"
methods.0.item.descriptor.escaped = "()V"
methods.0.item.descriptor.raw = [40,41,86]
methods.0.item.descriptor.utf16 = [40,41,86]
methods.0.item.identity.descriptor = [40,41,86]
methods.0.item.identity.name = [60,105,110,105,116,62]
methods.0.item.identity.owner.class_bytes.digest = "88f38b21585e88096444a0e692d4356d5567af6930b53b5ad484a0feed7be62b"
methods.0.item.identity.owner.class_bytes.length = 670
methods.0.item.identity.owner.location.kind = "standalone_root"
methods.0.item.identity.owner.location.snapshot = "88f38b21585e88096444a0e692d4356d5567af6930b53b5ad484a0feed7be62b"
methods.0.item.identity.owner.variant.kind = "base"
methods.0.item.index = 0
methods.0.item.name.escaped = "<init>"
methods.0.item.name.raw = [60,105,110,105,116,62]
methods.0.item.name.utf16 = [60,105,110,105,116,62]
methods.0.markers = []
methods.0.no_body_kind = null
methods.0.outcome.analysis.diagnostics = 0
methods.0.outcome.analysis.execution.status = "complete"
methods.0.outcome.analysis.execution.usage.analysis_steps = 21
methods.0.outcome.analysis.execution.usage.archive_entries = 0
methods.0.outcome.analysis.execution.usage.attribute_bytes = 415
methods.0.outcome.analysis.execution.usage.class_bytes = 1340
methods.0.outcome.analysis.execution.usage.class_headers = 1
methods.0.outcome.analysis.execution.usage.code_bytes = 5
methods.0.outcome.analysis.execution.usage.dependency_depth = 0
methods.0.outcome.analysis.execution.usage.elapsed_millis = 0
methods.0.outcome.analysis.execution.usage.entry_bytes = 0
methods.0.outcome.analysis.execution.usage.input_bytes = 670
methods.0.outcome.analysis.execution.usage.ir_edges = 2
methods.0.outcome.analysis.execution.usage.ir_items = 48
methods.0.outcome.analysis.execution.usage.method_bodies = 1
methods.0.outcome.analysis.execution.usage.nested_depth = 0
methods.0.outcome.analysis.execution.usage.normalization_clones = 0
methods.0.outcome.analysis.execution.usage.output_bytes = 670
methods.0.outcome.analysis.execution.usage.read_bytes = 670
methods.0.outcome.analysis.execution.usage.result_items = 17
methods.0.outcome.kind = "recovered"
methods.0.outcome.report.accessors = []
methods.0.outcome.report.aliased_names = []
methods.0.outcome.report.artifact.agreement.state = "not_stated"
methods.0.outcome.report.artifact.binding.engine = "0.1.0"
methods.0.outcome.report.artifact.binding.environment.content = ["88f38b21585e88096444a0e692d4356d5567af6930b53b5ad484a0feed7be62b"]
methods.0.outcome.report.artifact.binding.environment.domain_loaders = ["app"]
methods.0.outcome.report.artifact.binding.environment.providers = []
methods.0.outcome.report.artifact.binding.environment.runtime.load_domain.delegation.kind = "parent_first"
methods.0.outcome.report.artifact.binding.environment.runtime.load_domain.external_override = "none"
methods.0.outcome.report.artifact.binding.environment.runtime.load_domain.loader = "app"
methods.0.outcome.report.artifact.binding.environment.runtime.load_domain.module_mode.kind = "class_path"
methods.0.outcome.report.artifact.binding.environment.runtime.load_domain.parent_loader = null
methods.0.outcome.report.artifact.binding.environment.runtime.load_domain.roots.0.kind = "standalone_class"
methods.0.outcome.report.artifact.binding.environment.runtime.load_domain.roots.0.snapshot = "88f38b21585e88096444a0e692d4356d5567af6930b53b5ad484a0feed7be62b"
methods.0.outcome.report.artifact.binding.environment.runtime.load_domain.runtime_transformation = "none"
methods.0.outcome.report.artifact.binding.environment.runtime.physical.scope.kind = "snapshot_all"
methods.0.outcome.report.artifact.binding.environment.runtime.physical.snapshot = "88f38b21585e88096444a0e692d4356d5567af6930b53b5ad484a0feed7be62b"
methods.0.outcome.report.artifact.binding.environment.runtime.profile.java_release = 8
methods.0.outcome.report.artifact.binding.environment.runtime.profile.layout.kind = "generic"
methods.0.outcome.report.artifact.binding.environment.runtime.profile.multi_release.kind = "disabled"
methods.0.outcome.report.artifact.binding.member_ordinal = 0
methods.0.outcome.report.artifact.binding.method.descriptor = [40,41,86]
methods.0.outcome.report.artifact.binding.method.name = [60,105,110,105,116,62]
methods.0.outcome.report.artifact.binding.method.owner.class_bytes.digest = "88f38b21585e88096444a0e692d4356d5567af6930b53b5ad484a0feed7be62b"
methods.0.outcome.report.artifact.binding.method.owner.class_bytes.length = 670
methods.0.outcome.report.artifact.binding.method.owner.location.kind = "standalone_root"
methods.0.outcome.report.artifact.binding.method.owner.location.snapshot = "88f38b21585e88096444a0e692d4356d5567af6930b53b5ad484a0feed7be62b"
methods.0.outcome.report.artifact.binding.method.owner.variant.kind = "base"
methods.0.outcome.report.artifact.binding.profile.java_release = 8
methods.0.outcome.report.artifact.binding.profile.layout.kind = "generic"
methods.0.outcome.report.artifact.binding.profile.multi_release.kind = "disabled"
methods.0.outcome.report.artifact.binding.registry = 71
methods.0.outcome.report.artifact.binding.rules = ["straight@1","if@1","loop@1","switch@1","lambda@1","concat@1","bridge@1","accessor@1","new@1","field@1","enumswitch@1","init@1","declaration@1","twr@1","monitor@1"]
methods.0.outcome.report.artifact.binding.schema = 1
methods.0.outcome.report.artifact.binding.text_bytes = 184
methods.0.outcome.report.artifact.binding.text_digest = "44f03c91ae96ecba55357c6160246137"
methods.0.outcome.report.bridges = []
methods.0.outcome.report.compile_status = "not_attempted"
methods.0.outcome.report.concats = []
methods.0.outcome.report.content = "contains_statements"
methods.0.outcome.report.declaration = null
methods.0.outcome.report.diagnostics.0.code = "jre_recovery_produced"
methods.0.outcome.report.diagnostics.0.message = "1 region(s), 2 statement(s), 2 segment(s), 184 byte(s) written from 1 canonical block(s)"
methods.0.outcome.report.diagnostics.0.provenance = null
methods.0.outcome.report.diagnostics.0.severity = "info"
methods.0.outcome.report.diagnostics.1.code = "jre_constructor_prologue"
methods.0.outcome.report.diagnostics.1.message = "the body is an instance initializer and its prologue is written under init@1 as `super`: the call at BCI 1 names `java/lang/Object`, and the class that declares this constructor is `CloneProbe`"
methods.0.outcome.report.diagnostics.1.provenance = null
methods.0.outcome.report.diagnostics.1.severity = "info"
methods.0.outcome.report.diagnostics.2.code = "jre_declaration"
methods.0.outcome.report.diagnostics.2.message = "the artifact's envelope states the member's declaration under declaration@1: a constructor"
methods.0.outcome.report.diagnostics.2.provenance = null
methods.0.outcome.report.diagnostics.2.severity = "info"
methods.0.outcome.report.enum_switches = []
methods.0.outcome.report.evidence.categories.0.kind = "source_map"
methods.0.outcome.report.evidence.categories.0.state.state = "not_requested"
methods.0.outcome.report.evidence.categories.1.kind = "region_details"
methods.0.outcome.report.evidence.categories.1.state.state = "not_requested"
methods.0.outcome.report.evidence.categories.2.kind = "rule_details"
methods.0.outcome.report.evidence.categories.2.state.state = "not_requested"
methods.0.outcome.report.evidence.categories.3.kind = "name_details"
methods.0.outcome.report.evidence.categories.3.state.state = "not_requested"
methods.0.outcome.report.evidence.categories.4.kind = "read_details"
methods.0.outcome.report.evidence.categories.4.state.state = "not_requested"
methods.0.outcome.report.evidence.requested.driver_bci_range = null
methods.0.outcome.report.evidence.requested.expected_artifact = null
methods.0.outcome.report.evidence.requested.kinds = []
methods.0.outcome.report.execution.status = "complete"
methods.0.outcome.report.execution.usage.analysis_steps = 26
methods.0.outcome.report.execution.usage.archive_entries = 0
methods.0.outcome.report.execution.usage.attribute_bytes = 415
methods.0.outcome.report.execution.usage.class_bytes = 1340
methods.0.outcome.report.execution.usage.class_headers = 1
methods.0.outcome.report.execution.usage.code_bytes = 5
methods.0.outcome.report.execution.usage.dependency_depth = 0
methods.0.outcome.report.execution.usage.elapsed_millis = 0
methods.0.outcome.report.execution.usage.entry_bytes = 0
methods.0.outcome.report.execution.usage.input_bytes = 670
methods.0.outcome.report.execution.usage.ir_edges = 2
methods.0.outcome.report.execution.usage.ir_items = 54
methods.0.outcome.report.execution.usage.method_bodies = 1
methods.0.outcome.report.execution.usage.nested_depth = 0
methods.0.outcome.report.execution.usage.normalization_clones = 0
methods.0.outcome.report.execution.usage.output_bytes = 854
methods.0.outcome.report.execution.usage.read_bytes = 670
methods.0.outcome.report.execution.usage.result_items = 17
methods.0.outcome.report.fallbacks = []
methods.0.outcome.report.fields = []
methods.0.outcome.report.init = null
methods.0.outcome.report.lambdas = []
methods.0.outcome.report.method = "<init>()V"
methods.0.outcome.report.news = []
methods.0.outcome.report.outcome = "produced"
methods.0.outcome.report.profile.java_release = 8
methods.0.outcome.report.profile.layout.kind = "generic"
methods.0.outcome.report.profile.multi_release.kind = "disabled"
methods.0.outcome.report.quality = "structured"
methods.0.outcome.report.regions = []
methods.0.outcome.report.representation = "java"
methods.0.outcome.report.rules = []
methods.0.outcome.report.semantic_validation = "unproven"
methods.0.outcome.report.source_map.segments = []
methods.0.outcome.report.syntax_status = "unchecked"
methods.0.outcome.report.text = "// @method <init>()V\n// @declaration a constructor of `CloneProbe`, member flags 0x0001\n// recovered from bytecode; presentation is not claimed to compile\n{\n    super();\n    return;\n}\n"
methods.0.outcome.report.verification = "not_performed"
methods.0.text = "    public CloneProbe() {\n        // @method <init>()V\n        // @declaration a constructor of `CloneProbe`, member flags 0x0001\n        // recovered from bytecode; presentation is not claimed to compile\n        super();\n        return;\n    }\n"
methods.1.declaration = "public static int[] ints(int[] arg0)"
methods.1.item.access_flags = 9
methods.1.item.body.content_span.length = 20
methods.1.item.body.content_span.start = 453
methods.1.item.body.kind = "code_attribute"
methods.1.item.descriptor.escaped = "([I)[I"
methods.1.item.descriptor.raw = [40,91,73,41,91,73]
methods.1.item.descriptor.utf16 = [40,91,73,41,91,73]
methods.1.item.identity.descriptor = [40,91,73,41,91,73]
methods.1.item.identity.name = [105,110,116,115]
methods.1.item.identity.owner.class_bytes.digest = "88f38b21585e88096444a0e692d4356d5567af6930b53b5ad484a0feed7be62b"
methods.1.item.identity.owner.class_bytes.length = 670
methods.1.item.identity.owner.location.kind = "standalone_root"
methods.1.item.identity.owner.location.snapshot = "88f38b21585e88096444a0e692d4356d5567af6930b53b5ad484a0feed7be62b"
methods.1.item.identity.owner.variant.kind = "base"
methods.1.item.index = 1
methods.1.item.name.escaped = "ints"
methods.1.item.name.raw = [105,110,116,115]
methods.1.item.name.utf16 = [105,110,116,115]
methods.1.markers = []
methods.1.no_body_kind = null
methods.1.outcome.analysis.diagnostics = 0
methods.1.outcome.analysis.execution.status = "complete"
methods.1.outcome.analysis.execution.usage.analysis_steps = 52
methods.1.outcome.analysis.execution.usage.archive_entries = 0
methods.1.outcome.analysis.execution.usage.attribute_bytes = 441
methods.1.outcome.analysis.execution.usage.class_bytes = 1340
methods.1.outcome.analysis.execution.usage.class_headers = 1
methods.1.outcome.analysis.execution.usage.code_bytes = 13
methods.1.outcome.analysis.execution.usage.dependency_depth = 0
methods.1.outcome.analysis.execution.usage.elapsed_millis = 1
methods.1.outcome.analysis.execution.usage.entry_bytes = 0
methods.1.outcome.analysis.execution.usage.input_bytes = 670
methods.1.outcome.analysis.execution.usage.ir_edges = 6
methods.1.outcome.analysis.execution.usage.ir_items = 119
methods.1.outcome.analysis.execution.usage.method_bodies = 2
methods.1.outcome.analysis.execution.usage.nested_depth = 0
methods.1.outcome.analysis.execution.usage.normalization_clones = 0
methods.1.outcome.analysis.execution.usage.output_bytes = 854
methods.1.outcome.analysis.execution.usage.read_bytes = 670
methods.1.outcome.analysis.execution.usage.result_items = 18
methods.1.outcome.kind = "recovered"
methods.1.outcome.report.accessors = []
methods.1.outcome.report.aliased_names = []
methods.1.outcome.report.artifact.agreement.state = "not_stated"
methods.1.outcome.report.artifact.binding.engine = "0.1.0"
methods.1.outcome.report.artifact.binding.environment.content = ["88f38b21585e88096444a0e692d4356d5567af6930b53b5ad484a0feed7be62b"]
methods.1.outcome.report.artifact.binding.environment.domain_loaders = ["app"]
methods.1.outcome.report.artifact.binding.environment.providers = []
methods.1.outcome.report.artifact.binding.environment.runtime.load_domain.delegation.kind = "parent_first"
methods.1.outcome.report.artifact.binding.environment.runtime.load_domain.external_override = "none"
methods.1.outcome.report.artifact.binding.environment.runtime.load_domain.loader = "app"
methods.1.outcome.report.artifact.binding.environment.runtime.load_domain.module_mode.kind = "class_path"
methods.1.outcome.report.artifact.binding.environment.runtime.load_domain.parent_loader = null
methods.1.outcome.report.artifact.binding.environment.runtime.load_domain.roots.0.kind = "standalone_class"
methods.1.outcome.report.artifact.binding.environment.runtime.load_domain.roots.0.snapshot = "88f38b21585e88096444a0e692d4356d5567af6930b53b5ad484a0feed7be62b"
methods.1.outcome.report.artifact.binding.environment.runtime.load_domain.runtime_transformation = "none"
methods.1.outcome.report.artifact.binding.environment.runtime.physical.scope.kind = "snapshot_all"
methods.1.outcome.report.artifact.binding.environment.runtime.physical.snapshot = "88f38b21585e88096444a0e692d4356d5567af6930b53b5ad484a0feed7be62b"
methods.1.outcome.report.artifact.binding.environment.runtime.profile.java_release = 8
methods.1.outcome.report.artifact.binding.environment.runtime.profile.layout.kind = "generic"
methods.1.outcome.report.artifact.binding.environment.runtime.profile.multi_release.kind = "disabled"
methods.1.outcome.report.artifact.binding.member_ordinal = 1
methods.1.outcome.report.artifact.binding.method.descriptor = [40,91,73,41,91,73]
methods.1.outcome.report.artifact.binding.method.name = [105,110,116,115]
methods.1.outcome.report.artifact.binding.method.owner.class_bytes.digest = "88f38b21585e88096444a0e692d4356d5567af6930b53b5ad484a0feed7be62b"
methods.1.outcome.report.artifact.binding.method.owner.class_bytes.length = 670
methods.1.outcome.report.artifact.binding.method.owner.location.kind = "standalone_root"
methods.1.outcome.report.artifact.binding.method.owner.location.snapshot = "88f38b21585e88096444a0e692d4356d5567af6930b53b5ad484a0feed7be62b"
methods.1.outcome.report.artifact.binding.method.owner.variant.kind = "base"
methods.1.outcome.report.artifact.binding.profile.java_release = 8
methods.1.outcome.report.artifact.binding.profile.layout.kind = "generic"
methods.1.outcome.report.artifact.binding.profile.multi_release.kind = "disabled"
methods.1.outcome.report.artifact.binding.registry = 71
methods.1.outcome.report.artifact.binding.rules = ["straight@1","if@1","loop@1","switch@1","lambda@1","concat@1","bridge@1","accessor@1","new@1","field@1","enumswitch@1","init@1","declaration@1","twr@1","monitor@1"]
methods.1.outcome.report.artifact.binding.schema = 1
methods.1.outcome.report.artifact.binding.text_bytes = 195
methods.1.outcome.report.artifact.binding.text_digest = "5392d1d910a6a89c4e8a92e17a46dee7"
methods.1.outcome.report.bridges = []
methods.1.outcome.report.compile_status = "not_attempted"
methods.1.outcome.report.concats = []
methods.1.outcome.report.content = "contains_statements"
methods.1.outcome.report.declaration = null
methods.1.outcome.report.diagnostics.0.code = "jre_recovery_produced"
methods.1.outcome.report.diagnostics.0.message = "1 region(s), 1 statement(s), 4 segment(s), 195 byte(s) written from 1 canonical block(s)"
methods.1.outcome.report.diagnostics.0.provenance = null
methods.1.outcome.report.diagnostics.0.severity = "info"
methods.1.outcome.report.diagnostics.1.code = "jre_declaration"
methods.1.outcome.report.diagnostics.1.message = "the artifact's envelope states the member's declaration under declaration@1: a static method"
methods.1.outcome.report.diagnostics.1.provenance = null
methods.1.outcome.report.diagnostics.1.severity = "info"
methods.1.outcome.report.enum_switches = []
methods.1.outcome.report.evidence.categories.0.kind = "source_map"
methods.1.outcome.report.evidence.categories.0.state.state = "not_requested"
methods.1.outcome.report.evidence.categories.1.kind = "region_details"
methods.1.outcome.report.evidence.categories.1.state.state = "not_requested"
methods.1.outcome.report.evidence.categories.2.kind = "rule_details"
methods.1.outcome.report.evidence.categories.2.state.state = "not_requested"
methods.1.outcome.report.evidence.categories.3.kind = "name_details"
methods.1.outcome.report.evidence.categories.3.state.state = "not_requested"
methods.1.outcome.report.evidence.categories.4.kind = "read_details"
methods.1.outcome.report.evidence.categories.4.state.state = "not_requested"
methods.1.outcome.report.evidence.requested.driver_bci_range = null
methods.1.outcome.report.evidence.requested.expected_artifact = null
methods.1.outcome.report.evidence.requested.kinds = []
methods.1.outcome.report.execution.status = "complete"
methods.1.outcome.report.execution.usage.analysis_steps = 57
methods.1.outcome.report.execution.usage.archive_entries = 0
methods.1.outcome.report.execution.usage.attribute_bytes = 441
methods.1.outcome.report.execution.usage.class_bytes = 1340
methods.1.outcome.report.execution.usage.class_headers = 1
methods.1.outcome.report.execution.usage.code_bytes = 13
methods.1.outcome.report.execution.usage.dependency_depth = 0
methods.1.outcome.report.execution.usage.elapsed_millis = 1
methods.1.outcome.report.execution.usage.entry_bytes = 0
methods.1.outcome.report.execution.usage.input_bytes = 670
methods.1.outcome.report.execution.usage.ir_edges = 6
methods.1.outcome.report.execution.usage.ir_items = 140
methods.1.outcome.report.execution.usage.method_bodies = 2
methods.1.outcome.report.execution.usage.nested_depth = 0
methods.1.outcome.report.execution.usage.normalization_clones = 0
methods.1.outcome.report.execution.usage.output_bytes = 1049
methods.1.outcome.report.execution.usage.read_bytes = 670
methods.1.outcome.report.execution.usage.result_items = 18
methods.1.outcome.report.fallbacks = []
methods.1.outcome.report.fields = []
methods.1.outcome.report.init = null
methods.1.outcome.report.lambdas = []
methods.1.outcome.report.method = "ints([I)[I"
methods.1.outcome.report.news = []
methods.1.outcome.report.outcome = "produced"
methods.1.outcome.report.profile.java_release = 8
methods.1.outcome.report.profile.layout.kind = "generic"
methods.1.outcome.report.profile.multi_release.kind = "disabled"
methods.1.outcome.report.quality = "structured"
methods.1.outcome.report.regions = []
methods.1.outcome.report.representation = "java"
methods.1.outcome.report.rules = []
methods.1.outcome.report.semantic_validation = "unproven"
methods.1.outcome.report.source_map.segments = []
methods.1.outcome.report.syntax_status = "unchecked"
methods.1.outcome.report.text = "// @method ints([I)[I\n// @declaration a static method of `CloneProbe`, member flags 0x0009\n// recovered from bytecode; presentation is not claimed to compile\n{\n    return (int[]) arg0.clone();\n}\n"
methods.1.outcome.report.verification = "not_performed"
methods.1.text = "    public static int[] ints(int[] arg0) {\n        // @method ints([I)[I\n        // @declaration a static method of `CloneProbe`, member flags 0x0009\n        // recovered from bytecode; presentation is not claimed to compile\n        return (int[]) arg0.clone();\n    }\n"
methods.2.declaration = "public static java.lang.String[] refs(java.lang.String[] arg0)"
methods.2.item.access_flags = 9
methods.2.item.body.content_span.length = 20
methods.2.item.body.content_span.start = 487
methods.2.item.body.kind = "code_attribute"
methods.2.item.descriptor.escaped = "([Ljava/lang/String;)[Ljava/lang/String;"
methods.2.item.descriptor.raw = [40,91,76,106,97,118,97,47,108,97,110,103,47,83,116,114,105,110,103,59,41,91,76,106,97,118,97,47,108,97,110,103,47,83,116,114,105,110,103,59]
methods.2.item.descriptor.utf16 = [40,91,76,106,97,118,97,47,108,97,110,103,47,83,116,114,105,110,103,59,41,91,76,106,97,118,97,47,108,97,110,103,47,83,116,114,105,110,103,59]
methods.2.item.identity.descriptor = [40,91,76,106,97,118,97,47,108,97,110,103,47,83,116,114,105,110,103,59,41,91,76,106,97,118,97,47,108,97,110,103,47,83,116,114,105,110,103,59]
methods.2.item.identity.name = [114,101,102,115]
methods.2.item.identity.owner.class_bytes.digest = "88f38b21585e88096444a0e692d4356d5567af6930b53b5ad484a0feed7be62b"
methods.2.item.identity.owner.class_bytes.length = 670
methods.2.item.identity.owner.location.kind = "standalone_root"
methods.2.item.identity.owner.location.snapshot = "88f38b21585e88096444a0e692d4356d5567af6930b53b5ad484a0feed7be62b"
methods.2.item.identity.owner.variant.kind = "base"
methods.2.item.index = 2
methods.2.item.name.escaped = "refs"
methods.2.item.name.raw = [114,101,102,115]
methods.2.item.name.utf16 = [114,101,102,115]
methods.2.markers = []
methods.2.no_body_kind = null
methods.2.outcome.analysis.diagnostics = 0
methods.2.outcome.analysis.execution.status = "complete"
methods.2.outcome.analysis.execution.usage.analysis_steps = 83
methods.2.outcome.analysis.execution.usage.archive_entries = 0
methods.2.outcome.analysis.execution.usage.attribute_bytes = 467
methods.2.outcome.analysis.execution.usage.class_bytes = 1340
methods.2.outcome.analysis.execution.usage.class_headers = 1
methods.2.outcome.analysis.execution.usage.code_bytes = 21
methods.2.outcome.analysis.execution.usage.dependency_depth = 0
methods.2.outcome.analysis.execution.usage.elapsed_millis = 1
methods.2.outcome.analysis.execution.usage.entry_bytes = 0
methods.2.outcome.analysis.execution.usage.input_bytes = 670
methods.2.outcome.analysis.execution.usage.ir_edges = 10
methods.2.outcome.analysis.execution.usage.ir_items = 205
methods.2.outcome.analysis.execution.usage.method_bodies = 3
methods.2.outcome.analysis.execution.usage.nested_depth = 0
methods.2.outcome.analysis.execution.usage.normalization_clones = 0
methods.2.outcome.analysis.execution.usage.output_bytes = 1049
methods.2.outcome.analysis.execution.usage.read_bytes = 670
methods.2.outcome.analysis.execution.usage.result_items = 19
methods.2.outcome.kind = "recovered"
methods.2.outcome.report.accessors = []
methods.2.outcome.report.aliased_names = []
methods.2.outcome.report.artifact.agreement.state = "not_stated"
methods.2.outcome.report.artifact.binding.engine = "0.1.0"
methods.2.outcome.report.artifact.binding.environment.content = ["88f38b21585e88096444a0e692d4356d5567af6930b53b5ad484a0feed7be62b"]
methods.2.outcome.report.artifact.binding.environment.domain_loaders = ["app"]
methods.2.outcome.report.artifact.binding.environment.providers = []
methods.2.outcome.report.artifact.binding.environment.runtime.load_domain.delegation.kind = "parent_first"
methods.2.outcome.report.artifact.binding.environment.runtime.load_domain.external_override = "none"
methods.2.outcome.report.artifact.binding.environment.runtime.load_domain.loader = "app"
methods.2.outcome.report.artifact.binding.environment.runtime.load_domain.module_mode.kind = "class_path"
methods.2.outcome.report.artifact.binding.environment.runtime.load_domain.parent_loader = null
methods.2.outcome.report.artifact.binding.environment.runtime.load_domain.roots.0.kind = "standalone_class"
methods.2.outcome.report.artifact.binding.environment.runtime.load_domain.roots.0.snapshot = "88f38b21585e88096444a0e692d4356d5567af6930b53b5ad484a0feed7be62b"
methods.2.outcome.report.artifact.binding.environment.runtime.load_domain.runtime_transformation = "none"
methods.2.outcome.report.artifact.binding.environment.runtime.physical.scope.kind = "snapshot_all"
methods.2.outcome.report.artifact.binding.environment.runtime.physical.snapshot = "88f38b21585e88096444a0e692d4356d5567af6930b53b5ad484a0feed7be62b"
methods.2.outcome.report.artifact.binding.environment.runtime.profile.java_release = 8
methods.2.outcome.report.artifact.binding.environment.runtime.profile.layout.kind = "generic"
methods.2.outcome.report.artifact.binding.environment.runtime.profile.multi_release.kind = "disabled"
methods.2.outcome.report.artifact.binding.member_ordinal = 2
methods.2.outcome.report.artifact.binding.method.descriptor = [40,91,76,106,97,118,97,47,108,97,110,103,47,83,116,114,105,110,103,59,41,91,76,106,97,118,97,47,108,97,110,103,47,83,116,114,105,110,103,59]
methods.2.outcome.report.artifact.binding.method.name = [114,101,102,115]
methods.2.outcome.report.artifact.binding.method.owner.class_bytes.digest = "88f38b21585e88096444a0e692d4356d5567af6930b53b5ad484a0feed7be62b"
methods.2.outcome.report.artifact.binding.method.owner.class_bytes.length = 670
methods.2.outcome.report.artifact.binding.method.owner.location.kind = "standalone_root"
methods.2.outcome.report.artifact.binding.method.owner.location.snapshot = "88f38b21585e88096444a0e692d4356d5567af6930b53b5ad484a0feed7be62b"
methods.2.outcome.report.artifact.binding.method.owner.variant.kind = "base"
methods.2.outcome.report.artifact.binding.profile.java_release = 8
methods.2.outcome.report.artifact.binding.profile.layout.kind = "generic"
methods.2.outcome.report.artifact.binding.profile.multi_release.kind = "disabled"
methods.2.outcome.report.artifact.binding.registry = 71
methods.2.outcome.report.artifact.binding.rules = ["straight@1","if@1","loop@1","switch@1","lambda@1","concat@1","bridge@1","accessor@1","new@1","field@1","enumswitch@1","init@1","declaration@1","twr@1","monitor@1"]
methods.2.outcome.report.artifact.binding.schema = 1
methods.2.outcome.report.artifact.binding.text_bytes = 242
methods.2.outcome.report.artifact.binding.text_digest = "ebe43d16bc4a92e6337bba5c5d9efb73"
methods.2.outcome.report.bridges = []
methods.2.outcome.report.compile_status = "not_attempted"
methods.2.outcome.report.concats = []
methods.2.outcome.report.content = "contains_statements"
methods.2.outcome.report.declaration = null
methods.2.outcome.report.diagnostics.0.code = "jre_recovery_produced"
methods.2.outcome.report.diagnostics.0.message = "1 region(s), 1 statement(s), 4 segment(s), 242 byte(s) written from 1 canonical block(s)"
methods.2.outcome.report.diagnostics.0.provenance = null
methods.2.outcome.report.diagnostics.0.severity = "info"
methods.2.outcome.report.diagnostics.1.code = "jre_declaration"
methods.2.outcome.report.diagnostics.1.message = "the artifact's envelope states the member's declaration under declaration@1: a static method"
methods.2.outcome.report.diagnostics.1.provenance = null
methods.2.outcome.report.diagnostics.1.severity = "info"
methods.2.outcome.report.enum_switches = []
methods.2.outcome.report.evidence.categories.0.kind = "source_map"
methods.2.outcome.report.evidence.categories.0.state.state = "not_requested"
methods.2.outcome.report.evidence.categories.1.kind = "region_details"
methods.2.outcome.report.evidence.categories.1.state.state = "not_requested"
methods.2.outcome.report.evidence.categories.2.kind = "rule_details"
methods.2.outcome.report.evidence.categories.2.state.state = "not_requested"
methods.2.outcome.report.evidence.categories.3.kind = "name_details"
methods.2.outcome.report.evidence.categories.3.state.state = "not_requested"
methods.2.outcome.report.evidence.categories.4.kind = "read_details"
methods.2.outcome.report.evidence.categories.4.state.state = "not_requested"
methods.2.outcome.report.evidence.requested.driver_bci_range = null
methods.2.outcome.report.evidence.requested.expected_artifact = null
methods.2.outcome.report.evidence.requested.kinds = []
methods.2.outcome.report.execution.status = "complete"
methods.2.outcome.report.execution.usage.analysis_steps = 88
methods.2.outcome.report.execution.usage.archive_entries = 0
methods.2.outcome.report.execution.usage.attribute_bytes = 467
methods.2.outcome.report.execution.usage.class_bytes = 1340
methods.2.outcome.report.execution.usage.class_headers = 1
methods.2.outcome.report.execution.usage.code_bytes = 21
methods.2.outcome.report.execution.usage.dependency_depth = 0
methods.2.outcome.report.execution.usage.elapsed_millis = 1
methods.2.outcome.report.execution.usage.entry_bytes = 0
methods.2.outcome.report.execution.usage.input_bytes = 670
methods.2.outcome.report.execution.usage.ir_edges = 10
methods.2.outcome.report.execution.usage.ir_items = 226
methods.2.outcome.report.execution.usage.method_bodies = 3
methods.2.outcome.report.execution.usage.nested_depth = 0
methods.2.outcome.report.execution.usage.normalization_clones = 0
methods.2.outcome.report.execution.usage.output_bytes = 1291
methods.2.outcome.report.execution.usage.read_bytes = 670
methods.2.outcome.report.execution.usage.result_items = 19
methods.2.outcome.report.fallbacks = []
methods.2.outcome.report.fields = []
methods.2.outcome.report.init = null
methods.2.outcome.report.lambdas = []
methods.2.outcome.report.method = "refs([Ljava/lang/String;)[Ljava/lang/String;"
methods.2.outcome.report.news = []
methods.2.outcome.report.outcome = "produced"
methods.2.outcome.report.profile.java_release = 8
methods.2.outcome.report.profile.layout.kind = "generic"
methods.2.outcome.report.profile.multi_release.kind = "disabled"
methods.2.outcome.report.quality = "structured"
methods.2.outcome.report.regions = []
methods.2.outcome.report.representation = "java"
methods.2.outcome.report.rules = []
methods.2.outcome.report.semantic_validation = "unproven"
methods.2.outcome.report.source_map.segments = []
methods.2.outcome.report.syntax_status = "unchecked"
methods.2.outcome.report.text = "// @method refs([Ljava/lang/String;)[Ljava/lang/String;\n// @declaration a static method of `CloneProbe`, member flags 0x0009\n// recovered from bytecode; presentation is not claimed to compile\n{\n    return (java.lang.String[]) arg0.clone();\n}\n"
methods.2.outcome.report.verification = "not_performed"
methods.2.text = "    public static java.lang.String[] refs(java.lang.String[] arg0) {\n        // @method refs([Ljava/lang/String;)[Ljava/lang/String;\n        // @declaration a static method of `CloneProbe`, member flags 0x0009\n        // recovered from bytecode; presentation is not claimed to compile\n        return (java.lang.String[]) arg0.clone();\n    }\n"
methods.3.declaration = "public static int[][] outer(int[][] arg0)"
methods.3.item.access_flags = 9
methods.3.item.body.content_span.length = 20
methods.3.item.body.content_span.start = 521
methods.3.item.body.kind = "code_attribute"
methods.3.item.descriptor.escaped = "([[I)[[I"
methods.3.item.descriptor.raw = [40,91,91,73,41,91,91,73]
methods.3.item.descriptor.utf16 = [40,91,91,73,41,91,91,73]
methods.3.item.identity.descriptor = [40,91,91,73,41,91,91,73]
methods.3.item.identity.name = [111,117,116,101,114]
methods.3.item.identity.owner.class_bytes.digest = "88f38b21585e88096444a0e692d4356d5567af6930b53b5ad484a0feed7be62b"
methods.3.item.identity.owner.class_bytes.length = 670
methods.3.item.identity.owner.location.kind = "standalone_root"
methods.3.item.identity.owner.location.snapshot = "88f38b21585e88096444a0e692d4356d5567af6930b53b5ad484a0feed7be62b"
methods.3.item.identity.owner.variant.kind = "base"
methods.3.item.index = 3
methods.3.item.name.escaped = "outer"
methods.3.item.name.raw = [111,117,116,101,114]
methods.3.item.name.utf16 = [111,117,116,101,114]
methods.3.markers = []
methods.3.no_body_kind = null
methods.3.outcome.analysis.diagnostics = 0
methods.3.outcome.analysis.execution.status = "complete"
methods.3.outcome.analysis.execution.usage.analysis_steps = 114
methods.3.outcome.analysis.execution.usage.archive_entries = 0
methods.3.outcome.analysis.execution.usage.attribute_bytes = 493
methods.3.outcome.analysis.execution.usage.class_bytes = 1340
methods.3.outcome.analysis.execution.usage.class_headers = 1
methods.3.outcome.analysis.execution.usage.code_bytes = 29
methods.3.outcome.analysis.execution.usage.dependency_depth = 0
methods.3.outcome.analysis.execution.usage.elapsed_millis = 1
methods.3.outcome.analysis.execution.usage.entry_bytes = 0
methods.3.outcome.analysis.execution.usage.input_bytes = 670
methods.3.outcome.analysis.execution.usage.ir_edges = 14
methods.3.outcome.analysis.execution.usage.ir_items = 291
methods.3.outcome.analysis.execution.usage.method_bodies = 4
methods.3.outcome.analysis.execution.usage.nested_depth = 0
methods.3.outcome.analysis.execution.usage.normalization_clones = 0
methods.3.outcome.analysis.execution.usage.output_bytes = 1291
methods.3.outcome.analysis.execution.usage.read_bytes = 670
methods.3.outcome.analysis.execution.usage.result_items = 20
methods.3.outcome.kind = "recovered"
methods.3.outcome.report.accessors = []
methods.3.outcome.report.aliased_names = []
methods.3.outcome.report.artifact.agreement.state = "not_stated"
methods.3.outcome.report.artifact.binding.engine = "0.1.0"
methods.3.outcome.report.artifact.binding.environment.content = ["88f38b21585e88096444a0e692d4356d5567af6930b53b5ad484a0feed7be62b"]
methods.3.outcome.report.artifact.binding.environment.domain_loaders = ["app"]
methods.3.outcome.report.artifact.binding.environment.providers = []
methods.3.outcome.report.artifact.binding.environment.runtime.load_domain.delegation.kind = "parent_first"
methods.3.outcome.report.artifact.binding.environment.runtime.load_domain.external_override = "none"
methods.3.outcome.report.artifact.binding.environment.runtime.load_domain.loader = "app"
methods.3.outcome.report.artifact.binding.environment.runtime.load_domain.module_mode.kind = "class_path"
methods.3.outcome.report.artifact.binding.environment.runtime.load_domain.parent_loader = null
methods.3.outcome.report.artifact.binding.environment.runtime.load_domain.roots.0.kind = "standalone_class"
methods.3.outcome.report.artifact.binding.environment.runtime.load_domain.roots.0.snapshot = "88f38b21585e88096444a0e692d4356d5567af6930b53b5ad484a0feed7be62b"
methods.3.outcome.report.artifact.binding.environment.runtime.load_domain.runtime_transformation = "none"
methods.3.outcome.report.artifact.binding.environment.runtime.physical.scope.kind = "snapshot_all"
methods.3.outcome.report.artifact.binding.environment.runtime.physical.snapshot = "88f38b21585e88096444a0e692d4356d5567af6930b53b5ad484a0feed7be62b"
methods.3.outcome.report.artifact.binding.environment.runtime.profile.java_release = 8
methods.3.outcome.report.artifact.binding.environment.runtime.profile.layout.kind = "generic"
methods.3.outcome.report.artifact.binding.environment.runtime.profile.multi_release.kind = "disabled"
methods.3.outcome.report.artifact.binding.member_ordinal = 3
methods.3.outcome.report.artifact.binding.method.descriptor = [40,91,91,73,41,91,91,73]
methods.3.outcome.report.artifact.binding.method.name = [111,117,116,101,114]
methods.3.outcome.report.artifact.binding.method.owner.class_bytes.digest = "88f38b21585e88096444a0e692d4356d5567af6930b53b5ad484a0feed7be62b"
methods.3.outcome.report.artifact.binding.method.owner.class_bytes.length = 670
methods.3.outcome.report.artifact.binding.method.owner.location.kind = "standalone_root"
methods.3.outcome.report.artifact.binding.method.owner.location.snapshot = "88f38b21585e88096444a0e692d4356d5567af6930b53b5ad484a0feed7be62b"
methods.3.outcome.report.artifact.binding.method.owner.variant.kind = "base"
methods.3.outcome.report.artifact.binding.profile.java_release = 8
methods.3.outcome.report.artifact.binding.profile.layout.kind = "generic"
methods.3.outcome.report.artifact.binding.profile.multi_release.kind = "disabled"
methods.3.outcome.report.artifact.binding.registry = 71
methods.3.outcome.report.artifact.binding.rules = ["straight@1","if@1","loop@1","switch@1","lambda@1","concat@1","bridge@1","accessor@1","new@1","field@1","enumswitch@1","init@1","declaration@1","twr@1","monitor@1"]
methods.3.outcome.report.artifact.binding.schema = 1
methods.3.outcome.report.artifact.binding.text_bytes = 200
methods.3.outcome.report.artifact.binding.text_digest = "c9e25d1ba74a2c337784972d9f71ac24"
methods.3.outcome.report.bridges = []
methods.3.outcome.report.compile_status = "not_attempted"
methods.3.outcome.report.concats = []
methods.3.outcome.report.content = "contains_statements"
methods.3.outcome.report.declaration = null
methods.3.outcome.report.diagnostics.0.code = "jre_recovery_produced"
methods.3.outcome.report.diagnostics.0.message = "1 region(s), 1 statement(s), 4 segment(s), 200 byte(s) written from 1 canonical block(s)"
methods.3.outcome.report.diagnostics.0.provenance = null
methods.3.outcome.report.diagnostics.0.severity = "info"
methods.3.outcome.report.diagnostics.1.code = "jre_declaration"
methods.3.outcome.report.diagnostics.1.message = "the artifact's envelope states the member's declaration under declaration@1: a static method"
methods.3.outcome.report.diagnostics.1.provenance = null
methods.3.outcome.report.diagnostics.1.severity = "info"
methods.3.outcome.report.enum_switches = []
methods.3.outcome.report.evidence.categories.0.kind = "source_map"
methods.3.outcome.report.evidence.categories.0.state.state = "not_requested"
methods.3.outcome.report.evidence.categories.1.kind = "region_details"
methods.3.outcome.report.evidence.categories.1.state.state = "not_requested"
methods.3.outcome.report.evidence.categories.2.kind = "rule_details"
methods.3.outcome.report.evidence.categories.2.state.state = "not_requested"
methods.3.outcome.report.evidence.categories.3.kind = "name_details"
methods.3.outcome.report.evidence.categories.3.state.state = "not_requested"
methods.3.outcome.report.evidence.categories.4.kind = "read_details"
methods.3.outcome.report.evidence.categories.4.state.state = "not_requested"
methods.3.outcome.report.evidence.requested.driver_bci_range = null
methods.3.outcome.report.evidence.requested.expected_artifact = null
methods.3.outcome.report.evidence.requested.kinds = []
methods.3.outcome.report.execution.status = "complete"
methods.3.outcome.report.execution.usage.analysis_steps = 119
methods.3.outcome.report.execution.usage.archive_entries = 0
methods.3.outcome.report.execution.usage.attribute_bytes = 493
methods.3.outcome.report.execution.usage.class_bytes = 1340
methods.3.outcome.report.execution.usage.class_headers = 1
methods.3.outcome.report.execution.usage.code_bytes = 29
methods.3.outcome.report.execution.usage.dependency_depth = 0
methods.3.outcome.report.execution.usage.elapsed_millis = 1
methods.3.outcome.report.execution.usage.entry_bytes = 0
methods.3.outcome.report.execution.usage.input_bytes = 670
methods.3.outcome.report.execution.usage.ir_edges = 14
methods.3.outcome.report.execution.usage.ir_items = 312
methods.3.outcome.report.execution.usage.method_bodies = 4
methods.3.outcome.report.execution.usage.nested_depth = 0
methods.3.outcome.report.execution.usage.normalization_clones = 0
methods.3.outcome.report.execution.usage.output_bytes = 1491
methods.3.outcome.report.execution.usage.read_bytes = 670
methods.3.outcome.report.execution.usage.result_items = 20
methods.3.outcome.report.fallbacks = []
methods.3.outcome.report.fields = []
methods.3.outcome.report.init = null
methods.3.outcome.report.lambdas = []
methods.3.outcome.report.method = "outer([[I)[[I"
methods.3.outcome.report.news = []
methods.3.outcome.report.outcome = "produced"
methods.3.outcome.report.profile.java_release = 8
methods.3.outcome.report.profile.layout.kind = "generic"
methods.3.outcome.report.profile.multi_release.kind = "disabled"
methods.3.outcome.report.quality = "structured"
methods.3.outcome.report.regions = []
methods.3.outcome.report.representation = "java"
methods.3.outcome.report.rules = []
methods.3.outcome.report.semantic_validation = "unproven"
methods.3.outcome.report.source_map.segments = []
methods.3.outcome.report.syntax_status = "unchecked"
methods.3.outcome.report.text = "// @method outer([[I)[[I\n// @declaration a static method of `CloneProbe`, member flags 0x0009\n// recovered from bytecode; presentation is not claimed to compile\n{\n    return (int[][]) arg0.clone();\n}\n"
methods.3.outcome.report.verification = "not_performed"
methods.3.text = "    public static int[][] outer(int[][] arg0) {\n        // @method outer([[I)[[I\n        // @declaration a static method of `CloneProbe`, member flags 0x0009\n        // recovered from bytecode; presentation is not claimed to compile\n        return (int[][]) arg0.clone();\n    }\n"
methods.4.declaration = "public static java.lang.Object[] widen(java.lang.String[] arg0)"
methods.4.item.access_flags = 9
methods.4.item.body.content_span.length = 20
methods.4.item.body.content_span.start = 555
methods.4.item.body.kind = "code_attribute"
methods.4.item.descriptor.escaped = "([Ljava/lang/String;)[Ljava/lang/Object;"
methods.4.item.descriptor.raw = [40,91,76,106,97,118,97,47,108,97,110,103,47,83,116,114,105,110,103,59,41,91,76,106,97,118,97,47,108,97,110,103,47,79,98,106,101,99,116,59]
methods.4.item.descriptor.utf16 = [40,91,76,106,97,118,97,47,108,97,110,103,47,83,116,114,105,110,103,59,41,91,76,106,97,118,97,47,108,97,110,103,47,79,98,106,101,99,116,59]
methods.4.item.identity.descriptor = [40,91,76,106,97,118,97,47,108,97,110,103,47,83,116,114,105,110,103,59,41,91,76,106,97,118,97,47,108,97,110,103,47,79,98,106,101,99,116,59]
methods.4.item.identity.name = [119,105,100,101,110]
methods.4.item.identity.owner.class_bytes.digest = "88f38b21585e88096444a0e692d4356d5567af6930b53b5ad484a0feed7be62b"
methods.4.item.identity.owner.class_bytes.length = 670
methods.4.item.identity.owner.location.kind = "standalone_root"
methods.4.item.identity.owner.location.snapshot = "88f38b21585e88096444a0e692d4356d5567af6930b53b5ad484a0feed7be62b"
methods.4.item.identity.owner.variant.kind = "base"
methods.4.item.index = 4
methods.4.item.name.escaped = "widen"
methods.4.item.name.raw = [119,105,100,101,110]
methods.4.item.name.utf16 = [119,105,100,101,110]
methods.4.markers = []
methods.4.no_body_kind = null
methods.4.outcome.analysis.diagnostics = 0
methods.4.outcome.analysis.execution.status = "complete"
methods.4.outcome.analysis.execution.usage.analysis_steps = 145
methods.4.outcome.analysis.execution.usage.archive_entries = 0
methods.4.outcome.analysis.execution.usage.attribute_bytes = 519
methods.4.outcome.analysis.execution.usage.class_bytes = 1340
methods.4.outcome.analysis.execution.usage.class_headers = 1
methods.4.outcome.analysis.execution.usage.code_bytes = 37
methods.4.outcome.analysis.execution.usage.dependency_depth = 0
methods.4.outcome.analysis.execution.usage.elapsed_millis = 2
methods.4.outcome.analysis.execution.usage.entry_bytes = 0
methods.4.outcome.analysis.execution.usage.input_bytes = 670
methods.4.outcome.analysis.execution.usage.ir_edges = 18
methods.4.outcome.analysis.execution.usage.ir_items = 377
methods.4.outcome.analysis.execution.usage.method_bodies = 5
methods.4.outcome.analysis.execution.usage.nested_depth = 0
methods.4.outcome.analysis.execution.usage.normalization_clones = 0
methods.4.outcome.analysis.execution.usage.output_bytes = 1491
methods.4.outcome.analysis.execution.usage.read_bytes = 670
methods.4.outcome.analysis.execution.usage.result_items = 21
methods.4.outcome.kind = "recovered"
methods.4.outcome.report.accessors = []
methods.4.outcome.report.aliased_names = []
methods.4.outcome.report.artifact.agreement.state = "not_stated"
methods.4.outcome.report.artifact.binding.engine = "0.1.0"
methods.4.outcome.report.artifact.binding.environment.content = ["88f38b21585e88096444a0e692d4356d5567af6930b53b5ad484a0feed7be62b"]
methods.4.outcome.report.artifact.binding.environment.domain_loaders = ["app"]
methods.4.outcome.report.artifact.binding.environment.providers = []
methods.4.outcome.report.artifact.binding.environment.runtime.load_domain.delegation.kind = "parent_first"
methods.4.outcome.report.artifact.binding.environment.runtime.load_domain.external_override = "none"
methods.4.outcome.report.artifact.binding.environment.runtime.load_domain.loader = "app"
methods.4.outcome.report.artifact.binding.environment.runtime.load_domain.module_mode.kind = "class_path"
methods.4.outcome.report.artifact.binding.environment.runtime.load_domain.parent_loader = null
methods.4.outcome.report.artifact.binding.environment.runtime.load_domain.roots.0.kind = "standalone_class"
methods.4.outcome.report.artifact.binding.environment.runtime.load_domain.roots.0.snapshot = "88f38b21585e88096444a0e692d4356d5567af6930b53b5ad484a0feed7be62b"
methods.4.outcome.report.artifact.binding.environment.runtime.load_domain.runtime_transformation = "none"
methods.4.outcome.report.artifact.binding.environment.runtime.physical.scope.kind = "snapshot_all"
methods.4.outcome.report.artifact.binding.environment.runtime.physical.snapshot = "88f38b21585e88096444a0e692d4356d5567af6930b53b5ad484a0feed7be62b"
methods.4.outcome.report.artifact.binding.environment.runtime.profile.java_release = 8
methods.4.outcome.report.artifact.binding.environment.runtime.profile.layout.kind = "generic"
methods.4.outcome.report.artifact.binding.environment.runtime.profile.multi_release.kind = "disabled"
methods.4.outcome.report.artifact.binding.member_ordinal = 4
methods.4.outcome.report.artifact.binding.method.descriptor = [40,91,76,106,97,118,97,47,108,97,110,103,47,83,116,114,105,110,103,59,41,91,76,106,97,118,97,47,108,97,110,103,47,79,98,106,101,99,116,59]
methods.4.outcome.report.artifact.binding.method.name = [119,105,100,101,110]
methods.4.outcome.report.artifact.binding.method.owner.class_bytes.digest = "88f38b21585e88096444a0e692d4356d5567af6930b53b5ad484a0feed7be62b"
methods.4.outcome.report.artifact.binding.method.owner.class_bytes.length = 670
methods.4.outcome.report.artifact.binding.method.owner.location.kind = "standalone_root"
methods.4.outcome.report.artifact.binding.method.owner.location.snapshot = "88f38b21585e88096444a0e692d4356d5567af6930b53b5ad484a0feed7be62b"
methods.4.outcome.report.artifact.binding.method.owner.variant.kind = "base"
methods.4.outcome.report.artifact.binding.profile.java_release = 8
methods.4.outcome.report.artifact.binding.profile.layout.kind = "generic"
methods.4.outcome.report.artifact.binding.profile.multi_release.kind = "disabled"
methods.4.outcome.report.artifact.binding.registry = 71
methods.4.outcome.report.artifact.binding.rules = ["straight@1","if@1","loop@1","switch@1","lambda@1","concat@1","bridge@1","accessor@1","new@1","field@1","enumswitch@1","init@1","declaration@1","twr@1","monitor@1"]
methods.4.outcome.report.artifact.binding.schema = 1
methods.4.outcome.report.artifact.binding.text_bytes = 243
methods.4.outcome.report.artifact.binding.text_digest = "e2809864f91409a0ae1036d8ef738ac8"
methods.4.outcome.report.bridges = []
methods.4.outcome.report.compile_status = "not_attempted"
methods.4.outcome.report.concats = []
methods.4.outcome.report.content = "contains_statements"
methods.4.outcome.report.declaration = null
methods.4.outcome.report.diagnostics.0.code = "jre_recovery_produced"
methods.4.outcome.report.diagnostics.0.message = "1 region(s), 1 statement(s), 4 segment(s), 243 byte(s) written from 1 canonical block(s)"
methods.4.outcome.report.diagnostics.0.provenance = null
methods.4.outcome.report.diagnostics.0.severity = "info"
methods.4.outcome.report.diagnostics.1.code = "jre_declaration"
methods.4.outcome.report.diagnostics.1.message = "the artifact's envelope states the member's declaration under declaration@1: a static method"
methods.4.outcome.report.diagnostics.1.provenance = null
methods.4.outcome.report.diagnostics.1.severity = "info"
methods.4.outcome.report.enum_switches = []
methods.4.outcome.report.evidence.categories.0.kind = "source_map"
methods.4.outcome.report.evidence.categories.0.state.state = "not_requested"
methods.4.outcome.report.evidence.categories.1.kind = "region_details"
methods.4.outcome.report.evidence.categories.1.state.state = "not_requested"
methods.4.outcome.report.evidence.categories.2.kind = "rule_details"
methods.4.outcome.report.evidence.categories.2.state.state = "not_requested"
methods.4.outcome.report.evidence.categories.3.kind = "name_details"
methods.4.outcome.report.evidence.categories.3.state.state = "not_requested"
methods.4.outcome.report.evidence.categories.4.kind = "read_details"
methods.4.outcome.report.evidence.categories.4.state.state = "not_requested"
methods.4.outcome.report.evidence.requested.driver_bci_range = null
methods.4.outcome.report.evidence.requested.expected_artifact = null
methods.4.outcome.report.evidence.requested.kinds = []
methods.4.outcome.report.execution.status = "complete"
methods.4.outcome.report.execution.usage.analysis_steps = 150
methods.4.outcome.report.execution.usage.archive_entries = 0
methods.4.outcome.report.execution.usage.attribute_bytes = 519
methods.4.outcome.report.execution.usage.class_bytes = 1340
methods.4.outcome.report.execution.usage.class_headers = 1
methods.4.outcome.report.execution.usage.code_bytes = 37
methods.4.outcome.report.execution.usage.dependency_depth = 0
methods.4.outcome.report.execution.usage.elapsed_millis = 2
methods.4.outcome.report.execution.usage.entry_bytes = 0
methods.4.outcome.report.execution.usage.input_bytes = 670
methods.4.outcome.report.execution.usage.ir_edges = 18
methods.4.outcome.report.execution.usage.ir_items = 398
methods.4.outcome.report.execution.usage.method_bodies = 5
methods.4.outcome.report.execution.usage.nested_depth = 0
methods.4.outcome.report.execution.usage.normalization_clones = 0
methods.4.outcome.report.execution.usage.output_bytes = 1734
methods.4.outcome.report.execution.usage.read_bytes = 670
methods.4.outcome.report.execution.usage.result_items = 21
methods.4.outcome.report.fallbacks = []
methods.4.outcome.report.fields = []
methods.4.outcome.report.init = null
methods.4.outcome.report.lambdas = []
methods.4.outcome.report.method = "widen([Ljava/lang/String;)[Ljava/lang/Object;"
methods.4.outcome.report.news = []
methods.4.outcome.report.outcome = "produced"
methods.4.outcome.report.profile.java_release = 8
methods.4.outcome.report.profile.layout.kind = "generic"
methods.4.outcome.report.profile.multi_release.kind = "disabled"
methods.4.outcome.report.quality = "structured"
methods.4.outcome.report.regions = []
methods.4.outcome.report.representation = "java"
methods.4.outcome.report.rules = []
methods.4.outcome.report.semantic_validation = "unproven"
methods.4.outcome.report.source_map.segments = []
methods.4.outcome.report.syntax_status = "unchecked"
methods.4.outcome.report.text = "// @method widen([Ljava/lang/String;)[Ljava/lang/Object;\n// @declaration a static method of `CloneProbe`, member flags 0x0009\n// recovered from bytecode; presentation is not claimed to compile\n{\n    return (java.lang.Object[]) arg0.clone();\n}\n"
methods.4.outcome.report.verification = "not_performed"
methods.4.text = "    public static java.lang.Object[] widen(java.lang.String[] arg0) {\n        // @method widen([Ljava/lang/String;)[Ljava/lang/Object;\n        // @declaration a static method of `CloneProbe`, member flags 0x0009\n        // recovered from bytecode; presentation is not claimed to compile\n        return (java.lang.Object[]) arg0.clone();\n    }\n"
methods.5.declaration = "public static int accept(java.lang.Object arg0)"
methods.5.item.access_flags = 9
methods.5.item.body.content_span.length = 14
methods.5.item.body.content_span.start = 589
methods.5.item.body.kind = "code_attribute"
methods.5.item.descriptor.escaped = "(Ljava/lang/Object;)I"
methods.5.item.descriptor.raw = [40,76,106,97,118,97,47,108,97,110,103,47,79,98,106,101,99,116,59,41,73]
methods.5.item.descriptor.utf16 = [40,76,106,97,118,97,47,108,97,110,103,47,79,98,106,101,99,116,59,41,73]
methods.5.item.identity.descriptor = [40,76,106,97,118,97,47,108,97,110,103,47,79,98,106,101,99,116,59,41,73]
methods.5.item.identity.name = [97,99,99,101,112,116]
methods.5.item.identity.owner.class_bytes.digest = "88f38b21585e88096444a0e692d4356d5567af6930b53b5ad484a0feed7be62b"
methods.5.item.identity.owner.class_bytes.length = 670
methods.5.item.identity.owner.location.kind = "standalone_root"
methods.5.item.identity.owner.location.snapshot = "88f38b21585e88096444a0e692d4356d5567af6930b53b5ad484a0feed7be62b"
methods.5.item.identity.owner.variant.kind = "base"
methods.5.item.index = 5
methods.5.item.name.escaped = "accept"
methods.5.item.name.raw = [97,99,99,101,112,116]
methods.5.item.name.utf16 = [97,99,99,101,112,116]
methods.5.markers = []
methods.5.no_body_kind = null
methods.5.outcome.analysis.diagnostics = 0
methods.5.outcome.analysis.execution.status = "complete"
methods.5.outcome.analysis.execution.usage.analysis_steps = 166
methods.5.outcome.analysis.execution.usage.archive_entries = 0
methods.5.outcome.analysis.execution.usage.attribute_bytes = 539
methods.5.outcome.analysis.execution.usage.class_bytes = 1340
methods.5.outcome.analysis.execution.usage.class_headers = 1
methods.5.outcome.analysis.execution.usage.code_bytes = 39
methods.5.outcome.analysis.execution.usage.dependency_depth = 0
methods.5.outcome.analysis.execution.usage.elapsed_millis = 2
methods.5.outcome.analysis.execution.usage.entry_bytes = 0
methods.5.outcome.analysis.execution.usage.input_bytes = 670
methods.5.outcome.analysis.execution.usage.ir_edges = 19
methods.5.outcome.analysis.execution.usage.ir_items = 432
methods.5.outcome.analysis.execution.usage.method_bodies = 6
methods.5.outcome.analysis.execution.usage.nested_depth = 0
methods.5.outcome.analysis.execution.usage.normalization_clones = 0
methods.5.outcome.analysis.execution.usage.output_bytes = 1734
methods.5.outcome.analysis.execution.usage.read_bytes = 670
methods.5.outcome.analysis.execution.usage.result_items = 22
methods.5.outcome.kind = "recovered"
methods.5.outcome.report.accessors = []
methods.5.outcome.report.aliased_names = []
methods.5.outcome.report.artifact.agreement.state = "not_stated"
methods.5.outcome.report.artifact.binding.engine = "0.1.0"
methods.5.outcome.report.artifact.binding.environment.content = ["88f38b21585e88096444a0e692d4356d5567af6930b53b5ad484a0feed7be62b"]
methods.5.outcome.report.artifact.binding.environment.domain_loaders = ["app"]
methods.5.outcome.report.artifact.binding.environment.providers = []
methods.5.outcome.report.artifact.binding.environment.runtime.load_domain.delegation.kind = "parent_first"
methods.5.outcome.report.artifact.binding.environment.runtime.load_domain.external_override = "none"
methods.5.outcome.report.artifact.binding.environment.runtime.load_domain.loader = "app"
methods.5.outcome.report.artifact.binding.environment.runtime.load_domain.module_mode.kind = "class_path"
methods.5.outcome.report.artifact.binding.environment.runtime.load_domain.parent_loader = null
methods.5.outcome.report.artifact.binding.environment.runtime.load_domain.roots.0.kind = "standalone_class"
methods.5.outcome.report.artifact.binding.environment.runtime.load_domain.roots.0.snapshot = "88f38b21585e88096444a0e692d4356d5567af6930b53b5ad484a0feed7be62b"
methods.5.outcome.report.artifact.binding.environment.runtime.load_domain.runtime_transformation = "none"
methods.5.outcome.report.artifact.binding.environment.runtime.physical.scope.kind = "snapshot_all"
methods.5.outcome.report.artifact.binding.environment.runtime.physical.snapshot = "88f38b21585e88096444a0e692d4356d5567af6930b53b5ad484a0feed7be62b"
methods.5.outcome.report.artifact.binding.environment.runtime.profile.java_release = 8
methods.5.outcome.report.artifact.binding.environment.runtime.profile.layout.kind = "generic"
methods.5.outcome.report.artifact.binding.environment.runtime.profile.multi_release.kind = "disabled"
methods.5.outcome.report.artifact.binding.member_ordinal = 5
methods.5.outcome.report.artifact.binding.method.descriptor = [40,76,106,97,118,97,47,108,97,110,103,47,79,98,106,101,99,116,59,41,73]
methods.5.outcome.report.artifact.binding.method.name = [97,99,99,101,112,116]
methods.5.outcome.report.artifact.binding.method.owner.class_bytes.digest = "88f38b21585e88096444a0e692d4356d5567af6930b53b5ad484a0feed7be62b"
methods.5.outcome.report.artifact.binding.method.owner.class_bytes.length = 670
methods.5.outcome.report.artifact.binding.method.owner.location.kind = "standalone_root"
methods.5.outcome.report.artifact.binding.method.owner.location.snapshot = "88f38b21585e88096444a0e692d4356d5567af6930b53b5ad484a0feed7be62b"
methods.5.outcome.report.artifact.binding.method.owner.variant.kind = "base"
methods.5.outcome.report.artifact.binding.profile.java_release = 8
methods.5.outcome.report.artifact.binding.profile.layout.kind = "generic"
methods.5.outcome.report.artifact.binding.profile.multi_release.kind = "disabled"
methods.5.outcome.report.artifact.binding.registry = 71
methods.5.outcome.report.artifact.binding.rules = ["straight@1","if@1","loop@1","switch@1","lambda@1","concat@1","bridge@1","accessor@1","new@1","field@1","enumswitch@1","init@1","declaration@1","twr@1","monitor@1"]
methods.5.outcome.report.artifact.binding.schema = 1
methods.5.outcome.report.artifact.binding.text_bytes = 193
methods.5.outcome.report.artifact.binding.text_digest = "ca82242f852aecb974b5a222edd45c21"
methods.5.outcome.report.bridges = []
methods.5.outcome.report.compile_status = "not_attempted"
methods.5.outcome.report.concats = []
methods.5.outcome.report.content = "contains_statements"
methods.5.outcome.report.declaration = null
methods.5.outcome.report.diagnostics.0.code = "jre_recovery_produced"
methods.5.outcome.report.diagnostics.0.message = "1 region(s), 1 statement(s), 2 segment(s), 193 byte(s) written from 1 canonical block(s)"
methods.5.outcome.report.diagnostics.0.provenance = null
methods.5.outcome.report.diagnostics.0.severity = "info"
methods.5.outcome.report.diagnostics.1.code = "jre_declaration"
methods.5.outcome.report.diagnostics.1.message = "the artifact's envelope states the member's declaration under declaration@1: a static method"
methods.5.outcome.report.diagnostics.1.provenance = null
methods.5.outcome.report.diagnostics.1.severity = "info"
methods.5.outcome.report.enum_switches = []
methods.5.outcome.report.evidence.categories.0.kind = "source_map"
methods.5.outcome.report.evidence.categories.0.state.state = "not_requested"
methods.5.outcome.report.evidence.categories.1.kind = "region_details"
methods.5.outcome.report.evidence.categories.1.state.state = "not_requested"
methods.5.outcome.report.evidence.categories.2.kind = "rule_details"
methods.5.outcome.report.evidence.categories.2.state.state = "not_requested"
methods.5.outcome.report.evidence.categories.3.kind = "name_details"
methods.5.outcome.report.evidence.categories.3.state.state = "not_requested"
methods.5.outcome.report.evidence.categories.4.kind = "read_details"
methods.5.outcome.report.evidence.categories.4.state.state = "not_requested"
methods.5.outcome.report.evidence.requested.driver_bci_range = null
methods.5.outcome.report.evidence.requested.expected_artifact = null
methods.5.outcome.report.evidence.requested.kinds = []
methods.5.outcome.report.execution.status = "complete"
methods.5.outcome.report.execution.usage.analysis_steps = 171
methods.5.outcome.report.execution.usage.archive_entries = 0
methods.5.outcome.report.execution.usage.attribute_bytes = 539
methods.5.outcome.report.execution.usage.class_bytes = 1340
methods.5.outcome.report.execution.usage.class_headers = 1
methods.5.outcome.report.execution.usage.code_bytes = 39
methods.5.outcome.report.execution.usage.dependency_depth = 0
methods.5.outcome.report.execution.usage.elapsed_millis = 2
methods.5.outcome.report.execution.usage.entry_bytes = 0
methods.5.outcome.report.execution.usage.input_bytes = 670
methods.5.outcome.report.execution.usage.ir_edges = 19
methods.5.outcome.report.execution.usage.ir_items = 436
methods.5.outcome.report.execution.usage.method_bodies = 6
methods.5.outcome.report.execution.usage.nested_depth = 0
methods.5.outcome.report.execution.usage.normalization_clones = 0
methods.5.outcome.report.execution.usage.output_bytes = 1927
methods.5.outcome.report.execution.usage.read_bytes = 670
methods.5.outcome.report.execution.usage.result_items = 22
methods.5.outcome.report.fallbacks = []
methods.5.outcome.report.fields = []
methods.5.outcome.report.init = null
methods.5.outcome.report.lambdas = []
methods.5.outcome.report.method = "accept(Ljava/lang/Object;)I"
methods.5.outcome.report.news = []
methods.5.outcome.report.outcome = "produced"
methods.5.outcome.report.profile.java_release = 8
methods.5.outcome.report.profile.layout.kind = "generic"
methods.5.outcome.report.profile.multi_release.kind = "disabled"
methods.5.outcome.report.quality = "structured"
methods.5.outcome.report.regions = []
methods.5.outcome.report.representation = "java"
methods.5.outcome.report.rules = []
methods.5.outcome.report.semantic_validation = "unproven"
methods.5.outcome.report.source_map.segments = []
methods.5.outcome.report.syntax_status = "unchecked"
methods.5.outcome.report.text = "// @method accept(Ljava/lang/Object;)I\n// @declaration a static method of `CloneProbe`, member flags 0x0009\n// recovered from bytecode; presentation is not claimed to compile\n{\n    return 1;\n}\n"
methods.5.outcome.report.verification = "not_performed"
methods.5.text = "    public static int accept(java.lang.Object arg0) {\n        // @method accept(Ljava/lang/Object;)I\n        // @declaration a static method of `CloneProbe`, member flags 0x0009\n        // recovered from bytecode; presentation is not claimed to compile\n        return 1;\n    }\n"
methods.6.declaration = "public static int accept(int[] arg0)"
methods.6.item.access_flags = 9
methods.6.item.body.content_span.length = 14
methods.6.item.body.content_span.start = 617
methods.6.item.body.kind = "code_attribute"
methods.6.item.descriptor.escaped = "([I)I"
methods.6.item.descriptor.raw = [40,91,73,41,73]
methods.6.item.descriptor.utf16 = [40,91,73,41,73]
methods.6.item.identity.descriptor = [40,91,73,41,73]
methods.6.item.identity.name = [97,99,99,101,112,116]
methods.6.item.identity.owner.class_bytes.digest = "88f38b21585e88096444a0e692d4356d5567af6930b53b5ad484a0feed7be62b"
methods.6.item.identity.owner.class_bytes.length = 670
methods.6.item.identity.owner.location.kind = "standalone_root"
methods.6.item.identity.owner.location.snapshot = "88f38b21585e88096444a0e692d4356d5567af6930b53b5ad484a0feed7be62b"
methods.6.item.identity.owner.variant.kind = "base"
methods.6.item.index = 6
methods.6.item.name.escaped = "accept"
methods.6.item.name.raw = [97,99,99,101,112,116]
methods.6.item.name.utf16 = [97,99,99,101,112,116]
methods.6.markers = []
methods.6.no_body_kind = null
methods.6.outcome.analysis.diagnostics = 0
methods.6.outcome.analysis.execution.status = "complete"
methods.6.outcome.analysis.execution.usage.analysis_steps = 187
methods.6.outcome.analysis.execution.usage.archive_entries = 0
methods.6.outcome.analysis.execution.usage.attribute_bytes = 559
methods.6.outcome.analysis.execution.usage.class_bytes = 1340
methods.6.outcome.analysis.execution.usage.class_headers = 1
methods.6.outcome.analysis.execution.usage.code_bytes = 41
methods.6.outcome.analysis.execution.usage.dependency_depth = 0
methods.6.outcome.analysis.execution.usage.elapsed_millis = 2
methods.6.outcome.analysis.execution.usage.entry_bytes = 0
methods.6.outcome.analysis.execution.usage.input_bytes = 670
methods.6.outcome.analysis.execution.usage.ir_edges = 20
methods.6.outcome.analysis.execution.usage.ir_items = 470
methods.6.outcome.analysis.execution.usage.method_bodies = 7
methods.6.outcome.analysis.execution.usage.nested_depth = 0
methods.6.outcome.analysis.execution.usage.normalization_clones = 0
methods.6.outcome.analysis.execution.usage.output_bytes = 1927
methods.6.outcome.analysis.execution.usage.read_bytes = 670
methods.6.outcome.analysis.execution.usage.result_items = 23
methods.6.outcome.kind = "recovered"
methods.6.outcome.report.accessors = []
methods.6.outcome.report.aliased_names = []
methods.6.outcome.report.artifact.agreement.state = "not_stated"
methods.6.outcome.report.artifact.binding.engine = "0.1.0"
methods.6.outcome.report.artifact.binding.environment.content = ["88f38b21585e88096444a0e692d4356d5567af6930b53b5ad484a0feed7be62b"]
methods.6.outcome.report.artifact.binding.environment.domain_loaders = ["app"]
methods.6.outcome.report.artifact.binding.environment.providers = []
methods.6.outcome.report.artifact.binding.environment.runtime.load_domain.delegation.kind = "parent_first"
methods.6.outcome.report.artifact.binding.environment.runtime.load_domain.external_override = "none"
methods.6.outcome.report.artifact.binding.environment.runtime.load_domain.loader = "app"
methods.6.outcome.report.artifact.binding.environment.runtime.load_domain.module_mode.kind = "class_path"
methods.6.outcome.report.artifact.binding.environment.runtime.load_domain.parent_loader = null
methods.6.outcome.report.artifact.binding.environment.runtime.load_domain.roots.0.kind = "standalone_class"
methods.6.outcome.report.artifact.binding.environment.runtime.load_domain.roots.0.snapshot = "88f38b21585e88096444a0e692d4356d5567af6930b53b5ad484a0feed7be62b"
methods.6.outcome.report.artifact.binding.environment.runtime.load_domain.runtime_transformation = "none"
methods.6.outcome.report.artifact.binding.environment.runtime.physical.scope.kind = "snapshot_all"
methods.6.outcome.report.artifact.binding.environment.runtime.physical.snapshot = "88f38b21585e88096444a0e692d4356d5567af6930b53b5ad484a0feed7be62b"
methods.6.outcome.report.artifact.binding.environment.runtime.profile.java_release = 8
methods.6.outcome.report.artifact.binding.environment.runtime.profile.layout.kind = "generic"
methods.6.outcome.report.artifact.binding.environment.runtime.profile.multi_release.kind = "disabled"
methods.6.outcome.report.artifact.binding.member_ordinal = 6
methods.6.outcome.report.artifact.binding.method.descriptor = [40,91,73,41,73]
methods.6.outcome.report.artifact.binding.method.name = [97,99,99,101,112,116]
methods.6.outcome.report.artifact.binding.method.owner.class_bytes.digest = "88f38b21585e88096444a0e692d4356d5567af6930b53b5ad484a0feed7be62b"
methods.6.outcome.report.artifact.binding.method.owner.class_bytes.length = 670
methods.6.outcome.report.artifact.binding.method.owner.location.kind = "standalone_root"
methods.6.outcome.report.artifact.binding.method.owner.location.snapshot = "88f38b21585e88096444a0e692d4356d5567af6930b53b5ad484a0feed7be62b"
methods.6.outcome.report.artifact.binding.method.owner.variant.kind = "base"
methods.6.outcome.report.artifact.binding.profile.java_release = 8
methods.6.outcome.report.artifact.binding.profile.layout.kind = "generic"
methods.6.outcome.report.artifact.binding.profile.multi_release.kind = "disabled"
methods.6.outcome.report.artifact.binding.registry = 71
methods.6.outcome.report.artifact.binding.rules = ["straight@1","if@1","loop@1","switch@1","lambda@1","concat@1","bridge@1","accessor@1","new@1","field@1","enumswitch@1","init@1","declaration@1","twr@1","monitor@1"]
methods.6.outcome.report.artifact.binding.schema = 1
methods.6.outcome.report.artifact.binding.text_bytes = 177
methods.6.outcome.report.artifact.binding.text_digest = "26be53953d58b592fa347c60caa7ed52"
methods.6.outcome.report.bridges = []
methods.6.outcome.report.compile_status = "not_attempted"
methods.6.outcome.report.concats = []
methods.6.outcome.report.content = "contains_statements"
methods.6.outcome.report.declaration = null
methods.6.outcome.report.diagnostics.0.code = "jre_recovery_produced"
methods.6.outcome.report.diagnostics.0.message = "1 region(s), 1 statement(s), 2 segment(s), 177 byte(s) written from 1 canonical block(s)"
methods.6.outcome.report.diagnostics.0.provenance = null
methods.6.outcome.report.diagnostics.0.severity = "info"
methods.6.outcome.report.diagnostics.1.code = "jre_declaration"
methods.6.outcome.report.diagnostics.1.message = "the artifact's envelope states the member's declaration under declaration@1: a static method"
methods.6.outcome.report.diagnostics.1.provenance = null
methods.6.outcome.report.diagnostics.1.severity = "info"
methods.6.outcome.report.enum_switches = []
methods.6.outcome.report.evidence.categories.0.kind = "source_map"
methods.6.outcome.report.evidence.categories.0.state.state = "not_requested"
methods.6.outcome.report.evidence.categories.1.kind = "region_details"
methods.6.outcome.report.evidence.categories.1.state.state = "not_requested"
methods.6.outcome.report.evidence.categories.2.kind = "rule_details"
methods.6.outcome.report.evidence.categories.2.state.state = "not_requested"
methods.6.outcome.report.evidence.categories.3.kind = "name_details"
methods.6.outcome.report.evidence.categories.3.state.state = "not_requested"
methods.6.outcome.report.evidence.categories.4.kind = "read_details"
methods.6.outcome.report.evidence.categories.4.state.state = "not_requested"
methods.6.outcome.report.evidence.requested.driver_bci_range = null
methods.6.outcome.report.evidence.requested.expected_artifact = null
methods.6.outcome.report.evidence.requested.kinds = []
methods.6.outcome.report.execution.status = "complete"
methods.6.outcome.report.execution.usage.analysis_steps = 192
methods.6.outcome.report.execution.usage.archive_entries = 0
methods.6.outcome.report.execution.usage.attribute_bytes = 559
methods.6.outcome.report.execution.usage.class_bytes = 1340
methods.6.outcome.report.execution.usage.class_headers = 1
methods.6.outcome.report.execution.usage.code_bytes = 41
methods.6.outcome.report.execution.usage.dependency_depth = 0
methods.6.outcome.report.execution.usage.elapsed_millis = 2
methods.6.outcome.report.execution.usage.entry_bytes = 0
methods.6.outcome.report.execution.usage.input_bytes = 670
methods.6.outcome.report.execution.usage.ir_edges = 20
methods.6.outcome.report.execution.usage.ir_items = 474
methods.6.outcome.report.execution.usage.method_bodies = 7
methods.6.outcome.report.execution.usage.nested_depth = 0
methods.6.outcome.report.execution.usage.normalization_clones = 0
methods.6.outcome.report.execution.usage.output_bytes = 2104
methods.6.outcome.report.execution.usage.read_bytes = 670
methods.6.outcome.report.execution.usage.result_items = 23
methods.6.outcome.report.fallbacks = []
methods.6.outcome.report.fields = []
methods.6.outcome.report.init = null
methods.6.outcome.report.lambdas = []
methods.6.outcome.report.method = "accept([I)I"
methods.6.outcome.report.news = []
methods.6.outcome.report.outcome = "produced"
methods.6.outcome.report.profile.java_release = 8
methods.6.outcome.report.profile.layout.kind = "generic"
methods.6.outcome.report.profile.multi_release.kind = "disabled"
methods.6.outcome.report.quality = "structured"
methods.6.outcome.report.regions = []
methods.6.outcome.report.representation = "java"
methods.6.outcome.report.rules = []
methods.6.outcome.report.semantic_validation = "unproven"
methods.6.outcome.report.source_map.segments = []
methods.6.outcome.report.syntax_status = "unchecked"
methods.6.outcome.report.text = "// @method accept([I)I\n// @declaration a static method of `CloneProbe`, member flags 0x0009\n// recovered from bytecode; presentation is not claimed to compile\n{\n    return 2;\n}\n"
methods.6.outcome.report.verification = "not_performed"
methods.6.text = "    public static int accept(int[] arg0) {\n        // @method accept([I)I\n        // @declaration a static method of `CloneProbe`, member flags 0x0009\n        // recovered from bytecode; presentation is not claimed to compile\n        return 2;\n    }\n"
methods.7.declaration = "public static int overload(int[] arg0)"
methods.7.item.access_flags = 9
methods.7.item.body.content_span.length = 23
methods.7.item.body.content_span.start = 645
methods.7.item.body.kind = "code_attribute"
methods.7.item.descriptor.escaped = "([I)I"
methods.7.item.descriptor.raw = [40,91,73,41,73]
methods.7.item.descriptor.utf16 = [40,91,73,41,73]
methods.7.item.identity.descriptor = [40,91,73,41,73]
methods.7.item.identity.name = [111,118,101,114,108,111,97,100]
methods.7.item.identity.owner.class_bytes.digest = "88f38b21585e88096444a0e692d4356d5567af6930b53b5ad484a0feed7be62b"
methods.7.item.identity.owner.class_bytes.length = 670
methods.7.item.identity.owner.location.kind = "standalone_root"
methods.7.item.identity.owner.location.snapshot = "88f38b21585e88096444a0e692d4356d5567af6930b53b5ad484a0feed7be62b"
methods.7.item.identity.owner.variant.kind = "base"
methods.7.item.index = 7
methods.7.item.name.escaped = "overload"
methods.7.item.name.raw = [111,118,101,114,108,111,97,100]
methods.7.item.name.utf16 = [111,118,101,114,108,111,97,100]
methods.7.markers = []
methods.7.no_body_kind = null
methods.7.outcome.analysis.diagnostics = 0
methods.7.outcome.analysis.execution.status = "complete"
methods.7.outcome.analysis.execution.usage.analysis_steps = 223
methods.7.outcome.analysis.execution.usage.archive_entries = 0
methods.7.outcome.analysis.execution.usage.attribute_bytes = 588
methods.7.outcome.analysis.execution.usage.class_bytes = 1340
methods.7.outcome.analysis.execution.usage.class_headers = 1
methods.7.outcome.analysis.execution.usage.code_bytes = 52
methods.7.outcome.analysis.execution.usage.dependency_depth = 0
methods.7.outcome.analysis.execution.usage.elapsed_millis = 2
methods.7.outcome.analysis.execution.usage.entry_bytes = 0
methods.7.outcome.analysis.execution.usage.input_bytes = 670
methods.7.outcome.analysis.execution.usage.ir_edges = 25
methods.7.outcome.analysis.execution.usage.ir_items = 553
methods.7.outcome.analysis.execution.usage.method_bodies = 8
methods.7.outcome.analysis.execution.usage.nested_depth = 0
methods.7.outcome.analysis.execution.usage.normalization_clones = 0
methods.7.outcome.analysis.execution.usage.output_bytes = 2104
methods.7.outcome.analysis.execution.usage.read_bytes = 670
methods.7.outcome.analysis.execution.usage.result_items = 24
methods.7.outcome.kind = "recovered"
methods.7.outcome.report.accessors = []
methods.7.outcome.report.aliased_names = []
methods.7.outcome.report.artifact.agreement.state = "not_stated"
methods.7.outcome.report.artifact.binding.engine = "0.1.0"
methods.7.outcome.report.artifact.binding.environment.content = ["88f38b21585e88096444a0e692d4356d5567af6930b53b5ad484a0feed7be62b"]
methods.7.outcome.report.artifact.binding.environment.domain_loaders = ["app"]
methods.7.outcome.report.artifact.binding.environment.providers = []
methods.7.outcome.report.artifact.binding.environment.runtime.load_domain.delegation.kind = "parent_first"
methods.7.outcome.report.artifact.binding.environment.runtime.load_domain.external_override = "none"
methods.7.outcome.report.artifact.binding.environment.runtime.load_domain.loader = "app"
methods.7.outcome.report.artifact.binding.environment.runtime.load_domain.module_mode.kind = "class_path"
methods.7.outcome.report.artifact.binding.environment.runtime.load_domain.parent_loader = null
methods.7.outcome.report.artifact.binding.environment.runtime.load_domain.roots.0.kind = "standalone_class"
methods.7.outcome.report.artifact.binding.environment.runtime.load_domain.roots.0.snapshot = "88f38b21585e88096444a0e692d4356d5567af6930b53b5ad484a0feed7be62b"
methods.7.outcome.report.artifact.binding.environment.runtime.load_domain.runtime_transformation = "none"
methods.7.outcome.report.artifact.binding.environment.runtime.physical.scope.kind = "snapshot_all"
methods.7.outcome.report.artifact.binding.environment.runtime.physical.snapshot = "88f38b21585e88096444a0e692d4356d5567af6930b53b5ad484a0feed7be62b"
methods.7.outcome.report.artifact.binding.environment.runtime.profile.java_release = 8
methods.7.outcome.report.artifact.binding.environment.runtime.profile.layout.kind = "generic"
methods.7.outcome.report.artifact.binding.environment.runtime.profile.multi_release.kind = "disabled"
methods.7.outcome.report.artifact.binding.member_ordinal = 7
methods.7.outcome.report.artifact.binding.method.descriptor = [40,91,73,41,73]
methods.7.outcome.report.artifact.binding.method.name = [111,118,101,114,108,111,97,100]
methods.7.outcome.report.artifact.binding.method.owner.class_bytes.digest = "88f38b21585e88096444a0e692d4356d5567af6930b53b5ad484a0feed7be62b"
methods.7.outcome.report.artifact.binding.method.owner.class_bytes.length = 670
methods.7.outcome.report.artifact.binding.method.owner.location.kind = "standalone_root"
methods.7.outcome.report.artifact.binding.method.owner.location.snapshot = "88f38b21585e88096444a0e692d4356d5567af6930b53b5ad484a0feed7be62b"
methods.7.outcome.report.artifact.binding.method.owner.variant.kind = "base"
methods.7.outcome.report.artifact.binding.profile.java_release = 8
methods.7.outcome.report.artifact.binding.profile.layout.kind = "generic"
methods.7.outcome.report.artifact.binding.profile.multi_release.kind = "disabled"
methods.7.outcome.report.artifact.binding.registry = 71
methods.7.outcome.report.artifact.binding.rules = ["straight@1","if@1","loop@1","switch@1","lambda@1","concat@1","bridge@1","accessor@1","new@1","field@1","enumswitch@1","init@1","declaration@1","twr@1","monitor@1"]
methods.7.outcome.report.artifact.binding.schema = 1
methods.7.outcome.report.artifact.binding.text_bytes = 206
methods.7.outcome.report.artifact.binding.text_digest = "d993f56b58c26c89fd550d993909c7dd"
methods.7.outcome.report.bridges = []
methods.7.outcome.report.compile_status = "not_attempted"
methods.7.outcome.report.concats = []
methods.7.outcome.report.content = "contains_statements"
methods.7.outcome.report.declaration = null
methods.7.outcome.report.diagnostics.0.code = "jre_recovery_produced"
methods.7.outcome.report.diagnostics.0.message = "1 region(s), 1 statement(s), 5 segment(s), 206 byte(s) written from 1 canonical block(s)"
methods.7.outcome.report.diagnostics.0.provenance = null
methods.7.outcome.report.diagnostics.0.severity = "info"
methods.7.outcome.report.diagnostics.1.code = "jre_declaration"
methods.7.outcome.report.diagnostics.1.message = "the artifact's envelope states the member's declaration under declaration@1: a static method"
methods.7.outcome.report.diagnostics.1.provenance = null
methods.7.outcome.report.diagnostics.1.severity = "info"
methods.7.outcome.report.enum_switches = []
methods.7.outcome.report.evidence.categories.0.kind = "source_map"
methods.7.outcome.report.evidence.categories.0.state.state = "not_requested"
methods.7.outcome.report.evidence.categories.1.kind = "region_details"
methods.7.outcome.report.evidence.categories.1.state.state = "not_requested"
methods.7.outcome.report.evidence.categories.2.kind = "rule_details"
methods.7.outcome.report.evidence.categories.2.state.state = "not_requested"
methods.7.outcome.report.evidence.categories.3.kind = "name_details"
methods.7.outcome.report.evidence.categories.3.state.state = "not_requested"
methods.7.outcome.report.evidence.categories.4.kind = "read_details"
methods.7.outcome.report.evidence.categories.4.state.state = "not_requested"
methods.7.outcome.report.evidence.requested.driver_bci_range = null
methods.7.outcome.report.evidence.requested.expected_artifact = null
methods.7.outcome.report.evidence.requested.kinds = []
methods.7.outcome.report.execution.status = "complete"
methods.7.outcome.report.execution.usage.analysis_steps = 228
methods.7.outcome.report.execution.usage.archive_entries = 0
methods.7.outcome.report.execution.usage.attribute_bytes = 588
methods.7.outcome.report.execution.usage.class_bytes = 1340
methods.7.outcome.report.execution.usage.class_headers = 1
methods.7.outcome.report.execution.usage.code_bytes = 52
methods.7.outcome.report.execution.usage.dependency_depth = 0
methods.7.outcome.report.execution.usage.elapsed_millis = 2
methods.7.outcome.report.execution.usage.entry_bytes = 0
methods.7.outcome.report.execution.usage.input_bytes = 670
methods.7.outcome.report.execution.usage.ir_edges = 25
methods.7.outcome.report.execution.usage.ir_items = 590
methods.7.outcome.report.execution.usage.method_bodies = 8
methods.7.outcome.report.execution.usage.nested_depth = 0
methods.7.outcome.report.execution.usage.normalization_clones = 0
methods.7.outcome.report.execution.usage.output_bytes = 2310
methods.7.outcome.report.execution.usage.read_bytes = 670
methods.7.outcome.report.execution.usage.result_items = 24
methods.7.outcome.report.fallbacks = []
methods.7.outcome.report.fields = []
methods.7.outcome.report.init = null
methods.7.outcome.report.lambdas = []
methods.7.outcome.report.method = "overload([I)I"
methods.7.outcome.report.news = []
methods.7.outcome.report.outcome = "produced"
methods.7.outcome.report.profile.java_release = 8
methods.7.outcome.report.profile.layout.kind = "generic"
methods.7.outcome.report.profile.multi_release.kind = "disabled"
methods.7.outcome.report.quality = "structured"
methods.7.outcome.report.regions = []
methods.7.outcome.report.representation = "java"
methods.7.outcome.report.rules = []
methods.7.outcome.report.semantic_validation = "unproven"
methods.7.outcome.report.source_map.segments = []
methods.7.outcome.report.syntax_status = "unchecked"
methods.7.outcome.report.text = "// @method overload([I)I\n// @declaration a static method of `CloneProbe`, member flags 0x0009\n// recovered from bytecode; presentation is not claimed to compile\n{\n    return accept((int[]) arg0.clone());\n}\n"
methods.7.outcome.report.verification = "not_performed"
methods.7.text = "    public static int overload(int[] arg0) {\n        // @method overload([I)I\n        // @declaration a static method of `CloneProbe`, member flags 0x0009\n        // recovered from bytecode; presentation is not claimed to compile\n        return accept((int[]) arg0.clone());\n    }\n"
outcome = "performed"
stages = ["raw_facts","raw_cfg","legacy_normalization","canonical_cfg","frame","ssa"]
usage.analysis_steps = 228
usage.archive_entries = 0
usage.attribute_bytes = 588
usage.class_bytes = 1340
usage.class_headers = 1
usage.code_bytes = 52
usage.dependency_depth = 0
usage.elapsed_millis = 2
usage.entry_bytes = 0
usage.input_bytes = 670
usage.ir_edges = 25
usage.ir_items = 590
usage.method_bodies = 8
usage.nested_depth = 0
usage.normalization_clones = 0
usage.output_bytes = 2310
usage.read_bytes = 670
usage.result_items = 25
view.scope.kind = "snapshot_all"
view.snapshot = "88f38b21585e88096444a0e692d4356d5567af6930b53b5ad484a0feed7be62b"
