public final class CloneProbe {
  public CloneProbe();
    Code:
       0: aload_0
       1: invokespecial #1                  // Method java/lang/Object."<init>":()V
       4: return

  public static int[] ints(int[]);
    Code:
       0: aload_0
       1: invokevirtual #7                  // Method "[I".clone:()Ljava/lang/Object;
       4: checkcast     #8                  // class "[I"
       7: areturn

  public static java.lang.String[] refs(java.lang.String[]);
    Code:
       0: aload_0
       1: invokevirtual #13                 // Method "[Ljava/lang/String;".clone:()Ljava/lang/Object;
       4: checkcast     #14                 // class "[Ljava/lang/String;"
       7: areturn

  public static int[][] outer(int[][]);
    Code:
       0: aload_0
       1: invokevirtual #16                 // Method "[[I".clone:()Ljava/lang/Object;
       4: checkcast     #17                 // class "[[I"
       7: areturn

  public static java.lang.Object[] widen(java.lang.String[]);
    Code:
       0: aload_0
       1: invokevirtual #13                 // Method "[Ljava/lang/String;".clone:()Ljava/lang/Object;
       4: checkcast     #19                 // class "[Ljava/lang/Object;"
       7: areturn

  public static int accept(java.lang.Object);
    Code:
       0: iconst_1
       1: ireturn

  public static int accept(int[]);
    Code:
       0: iconst_2
       1: ireturn

  public static int overload(int[]);
    Code:
       0: aload_0
       1: invokevirtual #7                  // Method "[I".clone:()Ljava/lang/Object;
       4: checkcast     #8                  // class "[I"
       7: invokestatic  #21                 // Method accept:([I)I
      10: ireturn
}
