警告: [options] 源值 8 已过时，将在未来发行版中删除
警告: [options] 目标值 8 已过时，将在未来发行版中删除
警告: [options] 要隐藏有关已过时选项的警告, 请使用 -Xlint:-options。
/var/folders/gm/lzn3ylzx4lz7mx29lftngdz40000gn/T/jarde-root-lg-8nb_k_wr/LG.java:47: 错误: 不兼容的类型: ArrayList无法转换为int[]
        local2 = new java.util.ArrayList();
                 ^
/var/folders/gm/lzn3ylzx4lz7mx29lftngdz40000gn/T/jarde-root-lg-8nb_k_wr/LG.java:48: 错误: 找不到符号
        local2.add((java.lang.Object) (java.lang.Integer) local1.peekFirst());
              ^
  符号:   方法 add(Object)
  位置: 类型为int[]的变量 local2
/var/folders/gm/lzn3ylzx4lz7mx29lftngdz40000gn/T/jarde-root-lg-8nb_k_wr/LG.java:49: 错误: 找不到符号
        local2.add((java.lang.Object) (java.lang.Integer) local1.peekLast());
              ^
  符号:   方法 add(Object)
  位置: 类型为int[]的变量 local2
/var/folders/gm/lzn3ylzx4lz7mx29lftngdz40000gn/T/jarde-root-lg-8nb_k_wr/LG.java:50: 错误: 找不到符号
        local2.add((java.lang.Object) java.lang.Integer.valueOf(local1.size()));
              ^
  符号:   方法 add(Object)
  位置: 类型为int[]的变量 local2
/var/folders/gm/lzn3ylzx4lz7mx29lftngdz40000gn/T/jarde-root-lg-8nb_k_wr/LG.java:51: 错误: 不兼容的类型: int[]无法转换为List
        return local2;
               ^
/var/folders/gm/lzn3ylzx4lz7mx29lftngdz40000gn/T/jarde-root-lg-8nb_k_wr/LG.java:55: 错误: 找不到符号
        jarde_refused_body();
        ^
  符号:   方法 jarde_refused_body()
  位置: 类 LG
注: /var/folders/gm/lzn3ylzx4lz7mx29lftngdz40000gn/T/jarde-root-lg-8nb_k_wr/LG.java使用了未经检查或不安全的操作。
注: 有关详细信息, 请使用 -Xlint:unchecked 重新编译。
6 个错误
3 个警告
