警告: [options] 源值 8 已过时，将在未来发行版中删除
警告: [options] 目标值 8 已过时，将在未来发行版中删除
警告: [options] 要隐藏有关已过时选项的警告, 请使用 -Xlint:-options。
/tmp/jarde-root-numeric-conversions-0626/jarde-ConversionIntegers/ConversionIntegers.java:21: 错误: 缺少返回语句
    }
    ^
/tmp/jarde-root-numeric-conversions-0626/jarde-ConversionIntegers/ConversionIntegers.java:32: 错误: 缺少返回语句
    }
    ^
/tmp/jarde-root-numeric-conversions-0626/jarde-ConversionIntegers/ConversionIntegers.java:43: 错误: 缺少返回语句
    }
    ^
/tmp/jarde-root-numeric-conversions-0626/jarde-ConversionIntegers/ConversionIntegers.java:54: 错误: 缺少返回语句
    }
    ^
/tmp/jarde-root-numeric-conversions-0626/jarde-ConversionIntegers/ConversionIntegers.java:65: 错误: 缺少返回语句
    }
    ^
/tmp/jarde-root-numeric-conversions-0626/jarde-ConversionIntegers/ConversionIntegers.java:76: 错误: 缺少返回语句
    }
    ^
/tmp/jarde-root-numeric-conversions-0626/jarde-ConversionIntegers/ConversionIntegers.java:87: 错误: 缺少返回语句
    }
    ^
/tmp/jarde-root-numeric-conversions-0626/jarde-ConversionIntegers/ConversionIntegers.java:98: 错误: 缺少返回语句
    }
    ^
/tmp/jarde-root-numeric-conversions-0626/jarde-ConversionIntegers/ConversionIntegers.java:109: 错误: 缺少返回语句
    }
    ^
9 个错误
3 个警告
