   Compiling jarde v0.1.0 (/Users/lordcasser/workspace/projects/jarde)
    Finished `test` profile [unoptimized + debuginfo] target(s) in 11.66s
     Running tests/d1_evidence_selection.rs (target/debug/deps/d1_evidence_selection-0c9db97758be57b6)

running 8 tests
test a_legal_empty_range_is_a_complete_empty_selection ... ok
test a_range_over_a_body_with_no_code_is_refused_as_a_missing_table ... ok
test a_selected_category_that_stopped_states_its_prefix ... ok
test a_selection_this_entry_cannot_answer_is_refused_with_its_own_code ... ok
test closing_the_rule_records_keeps_the_refusals_and_the_explanation ... ok
test the_driver_range_selects_the_records_it_intersects ... ok
test the_ordinary_entry_and_the_stated_essential_selection_answer_the_same_report ... ok
test the_same_request_under_either_selection_presents_the_same_body ... ok

test result: ok. 8 passed; 0 failed; 0 ignored; 0 measured; 0 filtered out; finished in 0.01s

     Running tests/p3_eval_context.rs (target/debug/deps/p3_eval_context-89d135dc32204181)

running 10 tests
test a_call_argument_is_checked_where_the_consuming_expression_is_evaluated ... ok
test a_nested_arithmetic_is_checked_where_its_text_is_evaluated ... ok
test a_nested_expression_that_crosses_no_write_is_still_written ... ok
test a_read_behind_another_read_is_named_too ... ok
test a_recursion_that_re_enters_its_own_loop_stops_instead_of_aborting ... ok
test a_refused_instance_read_keeps_the_null_pointer_it_can_throw ... ok
test a_refused_static_read_keeps_the_class_initialization_it_can_run ... ok
test every_presented_field_read_is_accounted_for_by_its_artifact ... ok
test the_printed_text_keeps_the_arithmetic_tree ... ok
test the_printed_text_keeps_the_grouping_of_every_position ... ok

test result: ok. 10 passed; 0 failed; 0 ignored; 0 measured; 0 filtered out; finished in 0.01s

     Running tests/p3_invocation_arguments.rs (target/debug/deps/p3_invocation_arguments-795dea53a8392d17)

running 4 tests
test call_casts_keep_their_call_site_as_derived_provenance ... ok
test fixture_has_one_real_class_and_all_argument_shapes ... ok
test recovered_calls_keep_their_invocation_argument_types ... ok
test recovered_invocation_arguments_match_original_runtime ... ignored, requires JDK: compile Engine::class_source output and execute a temporary runner

test result: ok. 3 passed; 0 failed; 1 ignored; 0 measured; 0 filtered out; finished in 0.01s

     Running tests/p3_new_value.rs (target/debug/deps/p3_new_value-e8c5600069976e83)

running 4 tests
test a_field_write_takes_the_construction_as_its_value ... ok
test a_leftover_two_instructions_read_keeps_its_refusal ... ok
test a_return_and_an_argument_write_the_construction_in_place ... ok
test the_store_consumer_keeps_the_spelling_it_had ... ok

test result: ok. 4 passed; 0 failed; 0 ignored; 0 measured; 0 filtered out; finished in 0.01s

     Running tests/p3_numeric_comparison.rs (target/debug/deps/p3_numeric_comparison-4bafda7aeb43cc52)

running 7 tests
test accepted_comparison_keeps_compare_and_branch_origins ... ok
test call_operands_keep_order_and_the_negative_boolean_merge_stays_quoted ... ok
test direct_long_float_double_relations_recover_with_expected_nan_polarity ... ok
test jdk_execution_matches_original_for_comparisons_and_effects ... ignored, runs javac/java with NaN, signed zero, infinities, calls and exceptions
test long_compare_through_local_keeps_refusal_sources ... ok
test long_compare_with_overwritten_local_keeps_refusal_sources ... ok
test long_compare_with_stack_duplicate_and_pop_keeps_refusal_sources ... ok

test result: ok. 6 passed; 0 failed; 1 ignored; 0 measured; 0 filtered out; finished in 0.02s

     Running tests/p3_reference_cast.rs (target/debug/deps/p3_reference_cast-9643107f7de77bce)

running 6 tests
test discarded_cast_patch_retains_check_and_call_sources ... ok
test fixture_declares_the_cast_shapes_and_real_java_source ... ok
test nested_casts_keep_the_intermediate_runtime_check ... ok
test ordinary_reference_casts_are_written_at_each_consumer ... ok
test recovered_reference_casts_match_original_runtime ... ignored, requires JDK: compile Engine::class_source output and execute a temporary runner
test unsupported_nested_consumer_retains_invocation_and_both_cast_bcis ... ok

test result: ok. 5 passed; 0 failed; 1 ignored; 0 measured; 0 filtered out; finished in 0.02s

     Running tests/p3_special_dispatch.rs (target/debug/deps/p3_special_dispatch-14126f0f530aa881)

running 4 tests
test generated_special_dispatch_matches_original_runtime ... ignored, 需要 JDK：从 Engine::class_source 生成真实文本后用 javac/java 编译执行；cargo test 默认跳过
test special_dispatch_arguments_keep_super_shape_and_producers ... ok
test special_dispatch_keeps_receiver_and_call_origins ... ok
test special_dispatch_text_keeps_each_declared_receiver ... ok

test result: ok. 3 passed; 0 failed; 1 ignored; 0 measured; 0 filtered out; finished in 0.01s

     Running tests/p3_special_refusal.rs (target/debug/deps/p3_special_refusal-a0f8602fae65b30b)

running 4 tests
test discarded_result_special_keeps_argument_and_call_sources ... ok
test nonprivate_current_special_is_refused_instead_of_becoming_this_virtual ... ok
test nonthis_direct_super_special_is_refused_instead_of_becoming_super ... ok
test refused_nested_special_keeps_argument_outer_call_and_return_sources ... ok

test result: ok. 4 passed; 0 failed; 0 ignored; 0 measured; 0 filtered out; finished in 0.01s

