Classfile jar:file:///Users/lordcasser/workspace/projects/jarde/openspec/evidence/same-class-generic-call-consumers-2026-10-09/frozen-inputs-v1/openjdk23/nodebug/BoundOverload/BoundOverload.jar!/BoundOverload.class
  Last modified 2026年10月9日; size 615 bytes
  SHA-256 checksum cffc0dd85d9f2ec512645251eece148654525a1ba80a5c81a2a6a6fe8d74377a
public class BoundOverload<T extends java.lang.Number & java.lang.Comparable<T>> extends java.lang.Object
  minor version: 0
  major version: 52
  flags: (0x0021) ACC_PUBLIC, ACC_SUPER
  this_class: #24                         // BoundOverload
  super_class: #2                         // java/lang/Object
  interfaces: 0, fields: 0, methods: 4, attributes: 1
Constant pool:
   #1 = Methodref          #2.#3          // java/lang/Object."<init>":()V
   #2 = Class              #4             // java/lang/Object
   #3 = NameAndType        #5:#6          // "<init>":()V
   #4 = Utf8               java/lang/Object
   #5 = Utf8               <init>
   #6 = Utf8               ()V
   #7 = Fieldref           #8.#9          // java/lang/System.out:Ljava/io/PrintStream;
   #8 = Class              #10            // java/lang/System
   #9 = NameAndType        #11:#12        // out:Ljava/io/PrintStream;
  #10 = Utf8               java/lang/System
  #11 = Utf8               out
  #12 = Utf8               Ljava/io/PrintStream;
  #13 = String             #14            // number
  #14 = Utf8               number
  #15 = Methodref          #16.#17        // java/io/PrintStream.println:(Ljava/lang/String;)V
  #16 = Class              #18            // java/io/PrintStream
  #17 = NameAndType        #19:#20        // println:(Ljava/lang/String;)V
  #18 = Utf8               java/io/PrintStream
  #19 = Utf8               println
  #20 = Utf8               (Ljava/lang/String;)V
  #21 = String             #22            // comparable
  #22 = Utf8               comparable
  #23 = Methodref          #24.#25        // BoundOverload.pick:(Ljava/lang/Number;)V
  #24 = Class              #26            // BoundOverload
  #25 = NameAndType        #27:#28        // pick:(Ljava/lang/Number;)V
  #26 = Utf8               BoundOverload
  #27 = Utf8               pick
  #28 = Utf8               (Ljava/lang/Number;)V
  #29 = Utf8               Code
  #30 = Utf8               (Ljava/lang/Comparable;)V
  #31 = Utf8               Signature
  #32 = Utf8               (Ljava/lang/Comparable<TT;>;)V
  #33 = Utf8               relay
  #34 = Utf8               (TT;)V
  #35 = Utf8               <T:Ljava/lang/Number;:Ljava/lang/Comparable<TT;>;>Ljava/lang/Object;
{
  public BoundOverload();
    descriptor: ()V
    flags: (0x0001) ACC_PUBLIC
    Code:
      stack=1, locals=1, args_size=1
         0: aload_0
         1: invokespecial #1                  // Method java/lang/Object."<init>":()V
         4: return

  public void pick(java.lang.Number);
    descriptor: (Ljava/lang/Number;)V
    flags: (0x0001) ACC_PUBLIC
    Code:
      stack=2, locals=2, args_size=2
         0: getstatic     #7                  // Field java/lang/System.out:Ljava/io/PrintStream;
         3: ldc           #13                 // String number
         5: invokevirtual #15                 // Method java/io/PrintStream.println:(Ljava/lang/String;)V
         8: return

  public void pick(java.lang.Comparable<T>);
    descriptor: (Ljava/lang/Comparable;)V
    flags: (0x0001) ACC_PUBLIC
    Code:
      stack=2, locals=2, args_size=2
         0: getstatic     #7                  // Field java/lang/System.out:Ljava/io/PrintStream;
         3: ldc           #21                 // String comparable
         5: invokevirtual #15                 // Method java/io/PrintStream.println:(Ljava/lang/String;)V
         8: return
    Signature: #32                          // (Ljava/lang/Comparable<TT;>;)V

  public void relay(T);
    descriptor: (Ljava/lang/Number;)V
    flags: (0x0001) ACC_PUBLIC
    Code:
      stack=2, locals=2, args_size=2
         0: aload_0
         1: aload_1
         2: invokevirtual #23                 // Method pick:(Ljava/lang/Number;)V
         5: return
    Signature: #34                          // (TT;)V
}
Signature: #35                          // <T:Ljava/lang/Number;:Ljava/lang/Comparable<TT;>;>Ljava/lang/Object;
