exit=0
stdout:
public class cf07.LoopCases {
  public cf07.LoopCases();
    Code:
       0: aload_0
       1: invokespecial #1                  // Method java/lang/Object."<init>":()V
       4: return

  public static int andWhile(boolean);
    Code:
       0: iconst_0
       1: istore_1
       2: iload_0
       3: ifeq          18
       6: iload_1
       7: bipush        10
       9: if_icmpge     18
      12: iinc          1, 1
      15: goto          2
      18: iload_1
      19: ireturn

  public static int counted(int, int);
    Code:
       0: iload_0
       1: iload_1
       2: iadd
       3: istore_2
       4: iload_0
       5: istore_3
       6: iload_3
       7: iload_1
       8: if_icmpge     33
      11: iload_3
      12: bipush        7
      14: if_icmpne     23
      17: iinc          2, 2
      20: goto          27
      23: iload_2
      24: iconst_2
      25: imul
      26: istore_2
      27: iinc          3, 1
      30: goto          6
      33: iinc          2, -1
      36: iload_2
      37: ireturn

  public static int lastIndexOf(int[], int, int, int);
    Code:
       0: iload_3
       1: iconst_1
       2: isub
       3: istore        4
       5: iload         4
       7: iload_2
       8: if_icmplt     28
      11: aload_0
      12: iload         4
      14: iaload
      15: iload_1
      16: if_icmpne     22
      19: iload         4
      21: ireturn
      22: iinc          4, -1
      25: goto          5
      28: iconst_m1
      29: ireturn
}

stderr:
