Classfile jar:file:///Users/lordcasser/workspace/projects/jarde/openspec/changes/recover-same-class-generic-call-consumers/results/candidate/field18-msrv-final/complete-run/permanent-original-inputs/javac23/SCGBCompat/SCGBCompat.jar!/SCGBCompat.class
  Last modified 2026年10月9日; size 729 bytes
  SHA-256 checksum b3182c1d7a235438835b118bad27d31a5c7695cea75fe7afe0a6f5dda48fc880
public class SCGBCompat<T extends java.lang.Comparable<T>> extends java.lang.Object
  minor version: 0
  major version: 52
  flags: (0x0021) ACC_PUBLIC, ACC_SUPER
  this_class: #11                         // SCGBCompat
  super_class: #2                         // java/lang/Object
  interfaces: 0, fields: 1, methods: 2, attributes: 1
Constant pool:
   #1 = Methodref          #2.#3          // java/lang/Object."<init>":()V
   #2 = Class              #4             // java/lang/Object
   #3 = NameAndType        #5:#6          // "<init>":()V
   #4 = Utf8               java/lang/Object
   #5 = Utf8               <init>
   #6 = Utf8               ()V
   #7 = Class              #8             // java/util/HashMap
   #8 = Utf8               java/util/HashMap
   #9 = Methodref          #7.#3          // java/util/HashMap."<init>":()V
  #10 = Fieldref           #11.#12        // SCGBCompat.index:Ljava/util/Map;
  #11 = Class              #13            // SCGBCompat
  #12 = NameAndType        #14:#15        // index:Ljava/util/Map;
  #13 = Utf8               SCGBCompat
  #14 = Utf8               index
  #15 = Utf8               Ljava/util/Map;
  #16 = Methodref          #11.#3         // SCGBCompat."<init>":()V
  #17 = Fieldref           #18.#19        // java/lang/System.out:Ljava/io/PrintStream;
  #18 = Class              #20            // java/lang/System
  #19 = NameAndType        #21:#22        // out:Ljava/io/PrintStream;
  #20 = Utf8               java/lang/System
  #21 = Utf8               out
  #22 = Utf8               Ljava/io/PrintStream;
  #23 = String             #24            // index:true
  #24 = Utf8               index:true
  #25 = Methodref          #26.#27        // java/io/PrintStream.println:(Ljava/lang/String;)V
  #26 = Class              #28            // java/io/PrintStream
  #27 = NameAndType        #29:#30        // println:(Ljava/lang/String;)V
  #28 = Utf8               java/io/PrintStream
  #29 = Utf8               println
  #30 = Utf8               (Ljava/lang/String;)V
  #31 = String             #32            // index:false
  #32 = Utf8               index:false
  #33 = Class              #34            // java/util/Map
  #34 = Utf8               java/util/Map
  #35 = String             #36            // read:true
  #36 = Utf8               read:true
  #37 = String             #38            // read:false
  #38 = Utf8               read:false
  #39 = Utf8               Signature
  #40 = Utf8               Ljava/util/Map<Ljava/lang/String;Ljava/util/List<TT;>;>;
  #41 = Utf8               Code
  #42 = Utf8               main
  #43 = Utf8               ([Ljava/lang/String;)V
  #44 = Utf8               StackMapTable
  #45 = Utf8               <T::Ljava/lang/Comparable<TT;>;>Ljava/lang/Object;
{
  private java.util.Map<java.lang.String, java.util.List<T>> index;
    descriptor: Ljava/util/Map;
    flags: (0x0002) ACC_PRIVATE
    Signature: #40                          // Ljava/util/Map<Ljava/lang/String;Ljava/util/List<TT;>;>;

  public SCGBCompat();
    descriptor: ()V
    flags: (0x0001) ACC_PUBLIC
    Code:
      stack=3, locals=1, args_size=1
         0: aload_0
         1: invokespecial #1                  // Method java/lang/Object."<init>":()V
         4: aload_0
         5: new           #7                  // class java/util/HashMap
         8: dup
         9: invokespecial #9                  // Method java/util/HashMap."<init>":()V
        12: putfield      #10                 // Field index:Ljava/util/Map;
        15: return

  public static void main(java.lang.String[]);
    descriptor: ([Ljava/lang/String;)V
    flags: (0x0009) ACC_PUBLIC, ACC_STATIC
    Code:
      stack=2, locals=3, args_size=1
         0: new           #11                 // class SCGBCompat
         3: dup
         4: invokespecial #16                 // Method "<init>":()V
         7: astore_1
         8: aload_1
         9: getfield      #10                 // Field index:Ljava/util/Map;
        12: ifnull        26
        15: getstatic     #17                 // Field java/lang/System.out:Ljava/io/PrintStream;
        18: ldc           #23                 // String index:true
        20: invokevirtual #25                 // Method java/io/PrintStream.println:(Ljava/lang/String;)V
        23: goto          34
        26: getstatic     #17                 // Field java/lang/System.out:Ljava/io/PrintStream;
        29: ldc           #31                 // String index:false
        31: invokevirtual #25                 // Method java/io/PrintStream.println:(Ljava/lang/String;)V
        34: aload_1
        35: getfield      #10                 // Field index:Ljava/util/Map;
        38: astore_2
        39: aload_2
        40: instanceof    #33                 // class java/util/Map
        43: ifeq          57
        46: getstatic     #17                 // Field java/lang/System.out:Ljava/io/PrintStream;
        49: ldc           #35                 // String read:true
        51: invokevirtual #25                 // Method java/io/PrintStream.println:(Ljava/lang/String;)V
        54: goto          65
        57: getstatic     #17                 // Field java/lang/System.out:Ljava/io/PrintStream;
        60: ldc           #37                 // String read:false
        62: invokevirtual #25                 // Method java/io/PrintStream.println:(Ljava/lang/String;)V
        65: return
      StackMapTable: number_of_entries = 4
        frame_type = 252 /* append */
          offset_delta = 26
          locals = [ class SCGBCompat ]
        frame_type = 7 /* same */
        frame_type = 252 /* append */
          offset_delta = 22
          locals = [ class java/lang/Object ]
        frame_type = 7 /* same */
}
Signature: #45                          // <T::Ljava/lang/Comparable<TT;>;>Ljava/lang/Object;
