Classfile jar:file:/Users/lordcasser/workspace/projects/jarde/openspec/evidence/same-class-generic-call-consumers-2026-10-09/frozen-inputs-v1/corretto8/debug/VarargsCall/VarargsCall.jar!/VarargsCall.class
  Last modified 2026-10-9; size 891 bytes
  MD5 checksum 74a026481926201cabef2efe1a278e54
  Compiled from "VarargsCall.java"
public class VarargsCall<T extends java.lang.Object> extends java.lang.Object
  minor version: 0
  major version: 52
  flags: ACC_PUBLIC, ACC_SUPER
Constant pool:
   #1 = Methodref          #2.#32         // java/lang/Object."<init>":()V
   #2 = Class              #33            // java/lang/Object
   #3 = Methodref          #4.#34         // VarargsCall.first:([Ljava/lang/Object;)Ljava/lang/Object;
   #4 = Class              #35            // VarargsCall
   #5 = Utf8               <init>
   #6 = Utf8               ()V
   #7 = Utf8               Code
   #8 = Utf8               LineNumberTable
   #9 = Utf8               LocalVariableTable
  #10 = Utf8               this
  #11 = Utf8               LVarargsCall;
  #12 = Utf8               LocalVariableTypeTable
  #13 = Utf8               LVarargsCall<TT;>;
  #14 = Utf8               first
  #15 = Utf8               ([Ljava/lang/Object;)Ljava/lang/Object;
  #16 = Utf8               xs
  #17 = Utf8               [Ljava/lang/Object;
  #18 = Utf8               [TU;
  #19 = Utf8               Signature
  #20 = Utf8               <U:Ljava/lang/Object;>([TU;)TU;
  #21 = Utf8               RuntimeVisibleAnnotations
  #22 = Utf8               Ljava/lang/SafeVarargs;
  #23 = Utf8               relay
  #24 = Utf8               (Ljava/lang/Object;)Ljava/lang/Object;
  #25 = Utf8               x
  #26 = Utf8               Ljava/lang/Object;
  #27 = Utf8               TT;
  #28 = Utf8               (TT;)TT;
  #29 = Utf8               <T:Ljava/lang/Object;>Ljava/lang/Object;
  #30 = Utf8               SourceFile
  #31 = Utf8               VarargsCall.java
  #32 = NameAndType        #5:#6          // "<init>":()V
  #33 = Utf8               java/lang/Object
  #34 = NameAndType        #14:#15        // first:([Ljava/lang/Object;)Ljava/lang/Object;
  #35 = Utf8               VarargsCall
{
  public VarargsCall();
    descriptor: ()V
    flags: ACC_PUBLIC
    Code:
      stack=1, locals=1, args_size=1
         0: aload_0
         1: invokespecial #1                  // Method java/lang/Object."<init>":()V
         4: return
      LineNumberTable:
        line 1: 0
      LocalVariableTable:
        Start  Length  Slot  Name   Signature
            0       5     0  this   LVarargsCall;
      LocalVariableTypeTable:
        Start  Length  Slot  Name   Signature
            0       5     0  this   LVarargsCall<TT;>;

  public final <U extends java.lang.Object> U first(U...);
    descriptor: ([Ljava/lang/Object;)Ljava/lang/Object;
    flags: ACC_PUBLIC, ACC_FINAL, ACC_VARARGS
    Code:
      stack=2, locals=2, args_size=2
         0: aload_1
         1: iconst_0
         2: aaload
         3: areturn
      LineNumberTable:
        line 1: 0
      LocalVariableTable:
        Start  Length  Slot  Name   Signature
            0       4     0  this   LVarargsCall;
            0       4     1    xs   [Ljava/lang/Object;
      LocalVariableTypeTable:
        Start  Length  Slot  Name   Signature
            0       4     0  this   LVarargsCall<TT;>;
            0       4     1    xs   [TU;
    Signature: #20                          // <U:Ljava/lang/Object;>([TU;)TU;
    RuntimeVisibleAnnotations:
      0: #22()

  public T relay(T);
    descriptor: (Ljava/lang/Object;)Ljava/lang/Object;
    flags: ACC_PUBLIC
    Code:
      stack=5, locals=2, args_size=2
         0: aload_0
         1: iconst_1
         2: anewarray     #2                  // class java/lang/Object
         5: dup
         6: iconst_0
         7: aload_1
         8: aastore
         9: invokevirtual #3                  // Method first:([Ljava/lang/Object;)Ljava/lang/Object;
        12: areturn
      LineNumberTable:
        line 1: 0
      LocalVariableTable:
        Start  Length  Slot  Name   Signature
            0      13     0  this   LVarargsCall;
            0      13     1     x   Ljava/lang/Object;
      LocalVariableTypeTable:
        Start  Length  Slot  Name   Signature
            0      13     0  this   LVarargsCall<TT;>;
            0      13     1     x   TT;
    Signature: #28                          // (TT;)TT;
}
Signature: #29                          // <T:Ljava/lang/Object;>Ljava/lang/Object;
SourceFile: "VarargsCall.java"
