Classfile jar:file:///Users/lordcasser/workspace/projects/jarde/openspec/changes/recover-same-class-generic-call-consumers/results/candidate/field18-msrv-final/complete-run/permanent-original-inputs/javac23/ParamReassigned/ParamReassigned.jar!/ParamReassigned.class
  Last modified 2026年10月9日; size 367 bytes
  SHA-256 checksum 3f4e3ab59fe6cdeab993be3c950a4803f6148fcd7a73fb78035a04243d22b7ed
public class ParamReassigned<T extends java.lang.Object> extends java.lang.Object
  minor version: 0
  major version: 52
  flags: (0x0021) ACC_PUBLIC, ACC_SUPER
  this_class: #8                          // ParamReassigned
  super_class: #2                         // java/lang/Object
  interfaces: 0, fields: 1, methods: 2, attributes: 1
Constant pool:
   #1 = Methodref          #2.#3          // java/lang/Object."<init>":()V
   #2 = Class              #4             // java/lang/Object
   #3 = NameAndType        #5:#6          // "<init>":()V
   #4 = Utf8               java/lang/Object
   #5 = Utf8               <init>
   #6 = Utf8               ()V
   #7 = Fieldref           #8.#9          // ParamReassigned.v:Ljava/lang/Object;
   #8 = Class              #10            // ParamReassigned
   #9 = NameAndType        #11:#12        // v:Ljava/lang/Object;
  #10 = Utf8               ParamReassigned
  #11 = Utf8               v
  #12 = Utf8               Ljava/lang/Object;
  #13 = Utf8               Signature
  #14 = Utf8               TT;
  #15 = Utf8               Code
  #16 = Utf8               put
  #17 = Utf8               (Ljava/lang/Object;Ljava/lang/Object;)V
  #18 = Utf8               (TT;Ljava/lang/Object;)V
  #19 = Utf8               <T:Ljava/lang/Object;>Ljava/lang/Object;
{
  public T v;
    descriptor: Ljava/lang/Object;
    flags: (0x0001) ACC_PUBLIC
    Signature: #14                          // TT;

  public ParamReassigned();
    descriptor: ()V
    flags: (0x0001) ACC_PUBLIC
    Code:
      stack=1, locals=1, args_size=1
         0: aload_0
         1: invokespecial #1                  // Method java/lang/Object."<init>":()V
         4: return

  public void put(T, java.lang.Object);
    descriptor: (Ljava/lang/Object;Ljava/lang/Object;)V
    flags: (0x0001) ACC_PUBLIC
    Code:
      stack=2, locals=3, args_size=3
         0: aload_2
         1: astore_1
         2: aload_0
         3: aload_1
         4: putfield      #7                  // Field v:Ljava/lang/Object;
         7: return
    Signature: #18                          // (TT;Ljava/lang/Object;)V
}
Signature: #19                          // <T:Ljava/lang/Object;>Ljava/lang/Object;
