class.class_bytes.digest = "46e42a61c142c3cf78ba3a2189a01cfc11091be90400587b1ae9f796b8f5dc5c"
class.class_bytes.length = 262
class.location.kind = "standalone_root"
class.location.snapshot = "46e42a61c142c3cf78ba3a2189a01cfc11091be90400587b1ae9f796b8f5dc5c"
class.variant.kind = "base"
coverage.artifact_structural.scanned.0.end = 1
coverage.artifact_structural.scanned.0.label = "navigation_candidates"
coverage.artifact_structural.scanned.0.start = 0
coverage.artifact_structural.scanned.1.end = 3
coverage.artifact_structural.scanned.1.label = "class_methods"
coverage.artifact_structural.scanned.1.start = 0
coverage.artifact_structural.skipped = []
coverage.artifact_structural.state = "complete_within_schema"
coverage.artifact_structural.uninterpreted_extensions = []
coverage.dynamic_analysis.scanned = []
coverage.dynamic_analysis.skipped = []
coverage.dynamic_analysis.state = "not_requested"
coverage.dynamic_analysis.uninterpreted_extensions = []
coverage.runtime_resolution.scanned = []
coverage.runtime_resolution.skipped = []
coverage.runtime_resolution.state = "not_requested"
coverage.runtime_resolution.uninterpreted_extensions = []
declaration.declaration = "@interface Basic extends java.lang.annotation.Annotation"
declaration.item.binding.kind = "standalone_root"
declaration.item.declaration.access_flags = 9728
declaration.item.declaration.interfaces.0.escaped = "java/lang/annotation/Annotation"
declaration.item.declaration.interfaces.0.raw = [106,97,118,97,47,108,97,110,103,47,97,110,110,111,116,97,116,105,111,110,47,65,110,110,111,116,97,116,105,111,110]
declaration.item.declaration.interfaces.0.utf16 = [106,97,118,97,47,108,97,110,103,47,97,110,110,111,116,97,116,105,111,110,47,65,110,110,111,116,97,116,105,111,110]
declaration.item.declaration.super_class.escaped = "java/lang/Object"
declaration.item.declaration.super_class.raw = [106,97,118,97,47,108,97,110,103,47,79,98,106,101,99,116]
declaration.item.declaration.super_class.utf16 = [106,97,118,97,47,108,97,110,103,47,79,98,106,101,99,116]
declaration.item.declaration.this_class.escaped = "Basic"
declaration.item.declaration.this_class.raw = [66,97,115,105,99]
declaration.item.declaration.this_class.utf16 = [66,97,115,105,99]
declaration.item.definition.class_bytes.digest = "46e42a61c142c3cf78ba3a2189a01cfc11091be90400587b1ae9f796b8f5dc5c"
declaration.item.definition.class_bytes.length = 262
declaration.item.definition.location.kind = "standalone_root"
declaration.item.definition.location.snapshot = "46e42a61c142c3cf78ba3a2189a01cfc11091be90400587b1ae9f796b8f5dc5c"
declaration.item.definition.variant.kind = "base"
declaration.item.member_table = null
declaration.name = "Basic"
diagnostics = []
execution.status = "complete"
execution.usage.analysis_steps = 0
execution.usage.archive_entries = 0
execution.usage.attribute_bytes = 66
execution.usage.class_bytes = 262
execution.usage.class_headers = 1
execution.usage.code_bytes = 0
execution.usage.dependency_depth = 0
execution.usage.elapsed_millis = 10
execution.usage.entry_bytes = 0
execution.usage.input_bytes = 262
execution.usage.ir_edges = 0
execution.usage.ir_items = 0
execution.usage.method_bodies = 0
execution.usage.nested_depth = 0
execution.usage.normalization_clones = 0
execution.usage.output_bytes = 262
execution.usage.read_bytes = 262
execution.usage.result_items = 11
fields = []
limits.analysis_steps = 4194304
limits.archive_entries = 65536
limits.attribute_bytes = 67108864
limits.class_bytes = 67108864
limits.class_headers = 4096
limits.code_bytes = 16777216
limits.dependency_depth = 8
limits.elapsed_millis = 30000
limits.entry_bytes = 67108864
limits.input_bytes = 67108864
limits.ir_edges = 4194304
limits.ir_items = 4194304
limits.method_bodies = 4096
limits.nested_depth = 4
limits.normalization_clones = 1048576
limits.output_bytes = 16777216
limits.read_bytes = 67108864
limits.result_items = 65536
methods.0.declaration = "public abstract int count() default 5"
methods.0.item.access_flags = 1025
methods.0.item.body.kind = "no_code_attribute"
methods.0.item.descriptor.escaped = "()I"
methods.0.item.descriptor.raw = [40,41,73]
methods.0.item.descriptor.utf16 = [40,41,73]
methods.0.item.identity.descriptor = [40,41,73]
methods.0.item.identity.name = [99,111,117,110,116]
methods.0.item.identity.owner.class_bytes.digest = "46e42a61c142c3cf78ba3a2189a01cfc11091be90400587b1ae9f796b8f5dc5c"
methods.0.item.identity.owner.class_bytes.length = 262
methods.0.item.identity.owner.location.kind = "standalone_root"
methods.0.item.identity.owner.location.snapshot = "46e42a61c142c3cf78ba3a2189a01cfc11091be90400587b1ae9f796b8f5dc5c"
methods.0.item.identity.owner.variant.kind = "base"
methods.0.item.index = 0
methods.0.item.name.escaped = "count"
methods.0.item.name.raw = [99,111,117,110,116]
methods.0.item.name.utf16 = [99,111,117,110,116]
methods.0.markers = ["// jarde: no body: the member `count()I` is declared abstract and its declaration carries no Code attribute"]
methods.0.no_body_kind = "abstract"
methods.0.outcome.kind = "no_body"
methods.0.text = "    // jarde: no body: the member `count()I` is declared abstract and its declaration carries no Code attribute\n    public abstract int count() default 5;\n"
methods.1.declaration = "public abstract java.lang.String label() default \"source-only\""
methods.1.item.access_flags = 1025
methods.1.item.body.kind = "no_code_attribute"
methods.1.item.descriptor.escaped = "()Ljava/lang/String;"
methods.1.item.descriptor.raw = [40,41,76,106,97,118,97,47,108,97,110,103,47,83,116,114,105,110,103,59]
methods.1.item.descriptor.utf16 = [40,41,76,106,97,118,97,47,108,97,110,103,47,83,116,114,105,110,103,59]
methods.1.item.identity.descriptor = [40,41,76,106,97,118,97,47,108,97,110,103,47,83,116,114,105,110,103,59]
methods.1.item.identity.name = [108,97,98,101,108]
methods.1.item.identity.owner.class_bytes.digest = "46e42a61c142c3cf78ba3a2189a01cfc11091be90400587b1ae9f796b8f5dc5c"
methods.1.item.identity.owner.class_bytes.length = 262
methods.1.item.identity.owner.location.kind = "standalone_root"
methods.1.item.identity.owner.location.snapshot = "46e42a61c142c3cf78ba3a2189a01cfc11091be90400587b1ae9f796b8f5dc5c"
methods.1.item.identity.owner.variant.kind = "base"
methods.1.item.index = 1
methods.1.item.name.escaped = "label"
methods.1.item.name.raw = [108,97,98,101,108]
methods.1.item.name.utf16 = [108,97,98,101,108]
methods.1.markers = ["// jarde: no body: the member `label()Ljava/lang/String;` is declared abstract and its declaration carries no Code attribute"]
methods.1.no_body_kind = "abstract"
methods.1.outcome.kind = "no_body"
methods.1.text = "    // jarde: no body: the member `label()Ljava/lang/String;` is declared abstract and its declaration carries no Code attribute\n    public abstract java.lang.String label() default \"source-only\";\n"
methods.2.declaration = "public abstract int[] codes() default {2, 4}"
methods.2.item.access_flags = 1025
methods.2.item.body.kind = "no_code_attribute"
methods.2.item.descriptor.escaped = "()[I"
methods.2.item.descriptor.raw = [40,41,91,73]
methods.2.item.descriptor.utf16 = [40,41,91,73]
methods.2.item.identity.descriptor = [40,41,91,73]
methods.2.item.identity.name = [99,111,100,101,115]
methods.2.item.identity.owner.class_bytes.digest = "46e42a61c142c3cf78ba3a2189a01cfc11091be90400587b1ae9f796b8f5dc5c"
methods.2.item.identity.owner.class_bytes.length = 262
methods.2.item.identity.owner.location.kind = "standalone_root"
methods.2.item.identity.owner.location.snapshot = "46e42a61c142c3cf78ba3a2189a01cfc11091be90400587b1ae9f796b8f5dc5c"
methods.2.item.identity.owner.variant.kind = "base"
methods.2.item.index = 2
methods.2.item.name.escaped = "codes"
methods.2.item.name.raw = [99,111,100,101,115]
methods.2.item.name.utf16 = [99,111,100,101,115]
methods.2.markers = ["// jarde: no body: the member `codes()[I` is declared abstract and its declaration carries no Code attribute"]
methods.2.no_body_kind = "abstract"
methods.2.outcome.kind = "no_body"
methods.2.text = "    // jarde: no body: the member `codes()[I` is declared abstract and its declaration carries no Code attribute\n    public abstract int[] codes() default {2, 4};\n"
outcome = "performed"
stages = ["raw_facts","raw_cfg","legacy_normalization","canonical_cfg","frame","ssa"]
usage.analysis_steps = 0
usage.archive_entries = 0
usage.attribute_bytes = 66
usage.class_bytes = 262
usage.class_headers = 1
usage.code_bytes = 0
usage.dependency_depth = 0
usage.elapsed_millis = 10
usage.entry_bytes = 0
usage.input_bytes = 262
usage.ir_edges = 0
usage.ir_items = 0
usage.method_bodies = 0
usage.nested_depth = 0
usage.normalization_clones = 0
usage.output_bytes = 262
usage.read_bytes = 262
usage.result_items = 11
view.scope.kind = "snapshot_all"
view.snapshot = "46e42a61c142c3cf78ba3a2189a01cfc11091be90400587b1ae9f796b8f5dc5c"
