/Users/lordcasser/workspace/projects/jarde/openspec/changes/recover-heterogeneous-array-init/results/candidate-v1-replay-v2/fixture/direct/javac8/sources/Main.java:258: 错误: 缺少返回语句
    }
    ^
/Users/lordcasser/workspace/projects/jarde/openspec/changes/recover-heterogeneous-array-init/results/candidate-v1-replay-v2/fixture/direct/javac8/sources/Main.java:285: 错误: 缺少返回语句
    }
    ^
/Users/lordcasser/workspace/projects/jarde/openspec/changes/recover-heterogeneous-array-init/results/candidate-v1-replay-v2/fixture/direct/javac8/sources/Main.java:313: 错误: 缺少返回语句
    }
    ^
/Users/lordcasser/workspace/projects/jarde/openspec/changes/recover-heterogeneous-array-init/results/candidate-v1-replay-v2/fixture/direct/javac8/sources/Main.java:340: 错误: 缺少返回语句
    }
    ^
/Users/lordcasser/workspace/projects/jarde/openspec/changes/recover-heterogeneous-array-init/results/candidate-v1-replay-v2/fixture/direct/javac8/sources/Main.java:371: 错误: 缺少返回语句
    }
    ^
/Users/lordcasser/workspace/projects/jarde/openspec/changes/recover-heterogeneous-array-init/results/candidate-v1-replay-v2/fixture/direct/javac8/sources/Main.java:403: 错误: 缺少返回语句
    }
    ^
/Users/lordcasser/workspace/projects/jarde/openspec/changes/recover-heterogeneous-array-init/results/candidate-v1-replay-v2/fixture/direct/javac8/sources/Main.java:430: 错误: 缺少返回语句
    }
    ^
/Users/lordcasser/workspace/projects/jarde/openspec/changes/recover-heterogeneous-array-init/results/candidate-v1-replay-v2/fixture/direct/javac8/sources/Main.java:457: 错误: 缺少返回语句
    }
    ^
/Users/lordcasser/workspace/projects/jarde/openspec/changes/recover-heterogeneous-array-init/results/candidate-v1-replay-v2/fixture/direct/javac8/sources/Main.java:496: 错误: 缺少返回语句
    }
    ^
注: /Users/lordcasser/workspace/projects/jarde/openspec/changes/recover-heterogeneous-array-init/results/candidate-v1-replay-v2/fixture/direct/javac8/sources/Main.java使用了未经检查或不安全的操作。
注: 有关详细信息, 请使用 -Xlint:unchecked 重新编译。
9 个错误
