anonymous_interface_projection.state = "absent"
bridge_proofs = []
class.class_bytes.digest = "1464c16a1f0967c99f1496acd6fdaa70d15a80b1735599edf513882e531676eb"
class.class_bytes.length = 901
class.location.entry.ordinal = 2
class.location.entry.origin.root_container = "root"
class.location.entry.origin.snapshot = "0d2f16b8d148abfbb06c68ba51f9edbed891bfb5b3522c54e8e46eacc8562471"
class.location.entry.origin.steps = []
class.location.entry.raw_name = [83,97,109,101,78,97,109,101,79,118,101,114,108,111,97,100,46,99,108,97,115,115]
class.location.kind = "archive_entry"
class.variant.kind = "base"
coverage.artifact_structural.scanned.0.end = 3
coverage.artifact_structural.scanned.0.label = "central_directory_entries"
coverage.artifact_structural.scanned.0.start = 0
coverage.artifact_structural.scanned.1.end = 1
coverage.artifact_structural.scanned.1.label = "navigation_candidates"
coverage.artifact_structural.scanned.1.start = 0
coverage.artifact_structural.scanned.2.end = 1
coverage.artifact_structural.scanned.2.label = "class_fields"
coverage.artifact_structural.scanned.2.start = 0
coverage.artifact_structural.scanned.3.end = 4
coverage.artifact_structural.scanned.3.label = "class_methods"
coverage.artifact_structural.scanned.3.start = 0
coverage.artifact_structural.scanned.4.end = 4
coverage.artifact_structural.scanned.4.label = "class_source_bodies"
coverage.artifact_structural.scanned.4.start = 0
coverage.artifact_structural.skipped = []
coverage.artifact_structural.state = "complete_within_schema"
coverage.artifact_structural.uninterpreted_extensions = []
coverage.dynamic_analysis.scanned = []
coverage.dynamic_analysis.skipped = []
coverage.dynamic_analysis.state = "not_requested"
coverage.dynamic_analysis.uninterpreted_extensions = []
coverage.runtime_resolution.scanned = []
coverage.runtime_resolution.skipped = []
coverage.runtime_resolution.state = "not_requested"
coverage.runtime_resolution.uninterpreted_extensions = []
declaration.annotation_attributes = []
declaration.annotation_refusals = []
declaration.annotation_uses = []
declaration.declaration = "public class SameNameOverload<T> extends java.lang.Object"
declaration.generic_refusal = null
declaration.generic_signature = [60,84,58,76,106,97,118,97,47,108,97,110,103,47,79,98,106,101,99,116,59,62,76,106,97,118,97,47,108,97,110,103,47,79,98,106,101,99,116,59]
declaration.item.binding.kind = "path_name_agrees"
declaration.item.declaration.access_flags = 33
declaration.item.declaration.interfaces = []
declaration.item.declaration.super_class.escaped = "java/lang/Object"
declaration.item.declaration.super_class.raw = [106,97,118,97,47,108,97,110,103,47,79,98,106,101,99,116]
declaration.item.declaration.super_class.utf16 = [106,97,118,97,47,108,97,110,103,47,79,98,106,101,99,116]
declaration.item.declaration.this_class.escaped = "SameNameOverload"
declaration.item.declaration.this_class.raw = [83,97,109,101,78,97,109,101,79,118,101,114,108,111,97,100]
declaration.item.declaration.this_class.utf16 = [83,97,109,101,78,97,109,101,79,118,101,114,108,111,97,100]
declaration.item.definition.class_bytes.digest = "1464c16a1f0967c99f1496acd6fdaa70d15a80b1735599edf513882e531676eb"
declaration.item.definition.class_bytes.length = 901
declaration.item.definition.location.entry.ordinal = 2
declaration.item.definition.location.entry.origin.root_container = "root"
declaration.item.definition.location.entry.origin.snapshot = "0d2f16b8d148abfbb06c68ba51f9edbed891bfb5b3522c54e8e46eacc8562471"
declaration.item.definition.location.entry.origin.steps = []
declaration.item.definition.location.entry.raw_name = [83,97,109,101,78,97,109,101,79,118,101,114,108,111,97,100,46,99,108,97,115,115]
declaration.item.definition.location.kind = "archive_entry"
declaration.item.definition.variant.kind = "base"
declaration.item.member_table = null
declaration.name = "SameNameOverload"
diagnostics = []
direct_override_proofs = []
enum_switch_proofs = []
execution.status = "complete"
execution.usage.analysis_steps = 1356
execution.usage.archive_entries = 9
execution.usage.attribute_bytes = 1257
execution.usage.class_bytes = 1802
execution.usage.class_headers = 1
execution.usage.code_bytes = 25
execution.usage.dependency_depth = 0
execution.usage.elapsed_millis = 3
execution.usage.entry_bytes = 901
execution.usage.input_bytes = 902
execution.usage.ir_edges = 12
execution.usage.ir_items = 564
execution.usage.method_bodies = 4
execution.usage.nested_depth = 0
execution.usage.normalization_clones = 0
execution.usage.output_bytes = 4078
execution.usage.read_bytes = 426
execution.usage.result_items = 25
fields.0.annotations.attributes = []
fields.0.annotations.refusals = []
fields.0.annotations.uses = []
fields.0.declaration = "public java.lang.String selected"
fields.0.item.access_flags = 1
fields.0.item.descriptor.escaped = "Ljava/lang/String;"
fields.0.item.descriptor.raw = [76,106,97,118,97,47,108,97,110,103,47,83,116,114,105,110,103,59]
fields.0.item.descriptor.utf16 = [76,106,97,118,97,47,108,97,110,103,47,83,116,114,105,110,103,59]
fields.0.item.identity.member.descriptor = [76,106,97,118,97,47,108,97,110,103,47,83,116,114,105,110,103,59]
fields.0.item.identity.member.kind = "field"
fields.0.item.identity.member.name = [115,101,108,101,99,116,101,100]
fields.0.item.identity.owner.class_bytes.digest = "1464c16a1f0967c99f1496acd6fdaa70d15a80b1735599edf513882e531676eb"
fields.0.item.identity.owner.class_bytes.length = 901
fields.0.item.identity.owner.location.entry.ordinal = 2
fields.0.item.identity.owner.location.entry.origin.root_container = "root"
fields.0.item.identity.owner.location.entry.origin.snapshot = "0d2f16b8d148abfbb06c68ba51f9edbed891bfb5b3522c54e8e46eacc8562471"
fields.0.item.identity.owner.location.entry.origin.steps = []
fields.0.item.identity.owner.location.entry.raw_name = [83,97,109,101,78,97,109,101,79,118,101,114,108,111,97,100,46,99,108,97,115,115]
fields.0.item.identity.owner.location.kind = "archive_entry"
fields.0.item.identity.owner.variant.kind = "base"
fields.0.item.index = 0
fields.0.item.name.escaped = "selected"
fields.0.item.name.raw = [115,101,108,101,99,116,101,100]
fields.0.item.name.utf16 = [115,101,108,101,99,116,101,100]
fields.0.markers = []
fields.0.type_annotations.attributes = []
fields.0.type_annotations.field_uses = []
fields.0.type_annotations.parameter_uses = []
fields.0.type_annotations.refusals = []
fields.0.type_annotations.return_uses = []
initializer_proof.kind = "not_applicable"
integer_constant_projections = []
limits.analysis_steps = 4194304
limits.archive_entries = 65536
limits.attribute_bytes = 67108864
limits.class_bytes = 67108864
limits.class_headers = 4096
limits.code_bytes = 16777216
limits.dependency_depth = 8
limits.elapsed_millis = 30000
limits.entry_bytes = 67108864
limits.input_bytes = 67108864
limits.ir_edges = 4194304
limits.ir_items = 4194304
limits.method_bodies = 4096
limits.nested_depth = 4
limits.normalization_clones = 1048576
limits.output_bytes = 16777216
limits.read_bytes = 67108864
limits.result_items = 65536
member_family.state = "absent"
methods.0.annotations.attributes = []
methods.0.annotations.refusals = []
methods.0.annotations.uses = []
methods.0.declaration = "public SameNameOverload()"
methods.0.item.access_flags = 1
methods.0.item.body.content_span.length = 65
methods.0.item.body.content_span.start = 510
methods.0.item.body.kind = "code_attribute"
methods.0.item.descriptor.escaped = "()V"
methods.0.item.descriptor.raw = [40,41,86]
methods.0.item.descriptor.utf16 = [40,41,86]
methods.0.item.identity.descriptor = [40,41,86]
methods.0.item.identity.name = [60,105,110,105,116,62]
methods.0.item.identity.owner.class_bytes.digest = "1464c16a1f0967c99f1496acd6fdaa70d15a80b1735599edf513882e531676eb"
methods.0.item.identity.owner.class_bytes.length = 901
methods.0.item.identity.owner.location.entry.ordinal = 2
methods.0.item.identity.owner.location.entry.origin.root_container = "root"
methods.0.item.identity.owner.location.entry.origin.snapshot = "0d2f16b8d148abfbb06c68ba51f9edbed891bfb5b3522c54e8e46eacc8562471"
methods.0.item.identity.owner.location.entry.origin.steps = []
methods.0.item.identity.owner.location.entry.raw_name = [83,97,109,101,78,97,109,101,79,118,101,114,108,111,97,100,46,99,108,97,115,115]
methods.0.item.identity.owner.location.kind = "archive_entry"
methods.0.item.identity.owner.variant.kind = "base"
methods.0.item.index = 0
methods.0.item.name.escaped = "<init>"
methods.0.item.name.raw = [60,105,110,105,116,62]
methods.0.item.name.utf16 = [60,105,110,105,116,62]
methods.0.markers = []
methods.0.no_body_kind = null
methods.0.outcome.analysis.diagnostics = 0
methods.0.outcome.analysis.execution.status = "complete"
methods.0.outcome.analysis.execution.usage.analysis_steps = 35
methods.0.outcome.analysis.execution.usage.archive_entries = 9
methods.0.outcome.analysis.execution.usage.attribute_bytes = 821
methods.0.outcome.analysis.execution.usage.class_bytes = 1802
methods.0.outcome.analysis.execution.usage.class_headers = 1
methods.0.outcome.analysis.execution.usage.code_bytes = 5
methods.0.outcome.analysis.execution.usage.dependency_depth = 0
methods.0.outcome.analysis.execution.usage.elapsed_millis = 0
methods.0.outcome.analysis.execution.usage.entry_bytes = 901
methods.0.outcome.analysis.execution.usage.input_bytes = 902
methods.0.outcome.analysis.execution.usage.ir_edges = 2
methods.0.outcome.analysis.execution.usage.ir_items = 48
methods.0.outcome.analysis.execution.usage.method_bodies = 1
methods.0.outcome.analysis.execution.usage.nested_depth = 0
methods.0.outcome.analysis.execution.usage.normalization_clones = 0
methods.0.outcome.analysis.execution.usage.output_bytes = 57
methods.0.outcome.analysis.execution.usage.read_bytes = 426
methods.0.outcome.analysis.execution.usage.result_items = 21
methods.0.outcome.kind = "recovered"
methods.0.outcome.report.accessors = []
methods.0.outcome.report.aliased_names = []
methods.0.outcome.report.artifact.agreement.state = "not_stated"
methods.0.outcome.report.artifact.binding.engine = "0.1.0"
methods.0.outcome.report.artifact.binding.environment.content = ["0d2f16b8d148abfbb06c68ba51f9edbed891bfb5b3522c54e8e46eacc8562471"]
methods.0.outcome.report.artifact.binding.environment.domain_loaders = ["app"]
methods.0.outcome.report.artifact.binding.environment.providers = []
methods.0.outcome.report.artifact.binding.environment.runtime.load_domain.delegation.kind = "parent_first"
methods.0.outcome.report.artifact.binding.environment.runtime.load_domain.external_override = "none"
methods.0.outcome.report.artifact.binding.environment.runtime.load_domain.loader = "app"
methods.0.outcome.report.artifact.binding.environment.runtime.load_domain.module_mode.kind = "class_path"
methods.0.outcome.report.artifact.binding.environment.runtime.load_domain.parent_loader = null
methods.0.outcome.report.artifact.binding.environment.runtime.load_domain.roots.0.kind = "container"
methods.0.outcome.report.artifact.binding.environment.runtime.load_domain.roots.0.origin.root_container = "root"
methods.0.outcome.report.artifact.binding.environment.runtime.load_domain.roots.0.origin.snapshot = "0d2f16b8d148abfbb06c68ba51f9edbed891bfb5b3522c54e8e46eacc8562471"
methods.0.outcome.report.artifact.binding.environment.runtime.load_domain.roots.0.origin.steps = []
methods.0.outcome.report.artifact.binding.environment.runtime.load_domain.roots.0.prefix = []
methods.0.outcome.report.artifact.binding.environment.runtime.load_domain.runtime_transformation = "none"
methods.0.outcome.report.artifact.binding.environment.runtime.physical.scope.kind = "snapshot_all"
methods.0.outcome.report.artifact.binding.environment.runtime.physical.snapshot = "0d2f16b8d148abfbb06c68ba51f9edbed891bfb5b3522c54e8e46eacc8562471"
methods.0.outcome.report.artifact.binding.environment.runtime.profile.java_release = 8
methods.0.outcome.report.artifact.binding.environment.runtime.profile.layout.kind = "generic"
methods.0.outcome.report.artifact.binding.environment.runtime.profile.multi_release.kind = "disabled"
methods.0.outcome.report.artifact.binding.member_ordinal = 0
methods.0.outcome.report.artifact.binding.method.descriptor = [40,41,86]
methods.0.outcome.report.artifact.binding.method.name = [60,105,110,105,116,62]
methods.0.outcome.report.artifact.binding.method.owner.class_bytes.digest = "1464c16a1f0967c99f1496acd6fdaa70d15a80b1735599edf513882e531676eb"
methods.0.outcome.report.artifact.binding.method.owner.class_bytes.length = 901
methods.0.outcome.report.artifact.binding.method.owner.location.entry.ordinal = 2
methods.0.outcome.report.artifact.binding.method.owner.location.entry.origin.root_container = "root"
methods.0.outcome.report.artifact.binding.method.owner.location.entry.origin.snapshot = "0d2f16b8d148abfbb06c68ba51f9edbed891bfb5b3522c54e8e46eacc8562471"
methods.0.outcome.report.artifact.binding.method.owner.location.entry.origin.steps = []
methods.0.outcome.report.artifact.binding.method.owner.location.entry.raw_name = [83,97,109,101,78,97,109,101,79,118,101,114,108,111,97,100,46,99,108,97,115,115]
methods.0.outcome.report.artifact.binding.method.owner.location.kind = "archive_entry"
methods.0.outcome.report.artifact.binding.method.owner.variant.kind = "base"
methods.0.outcome.report.artifact.binding.profile.java_release = 8
methods.0.outcome.report.artifact.binding.profile.layout.kind = "generic"
methods.0.outcome.report.artifact.binding.profile.multi_release.kind = "disabled"
methods.0.outcome.report.artifact.binding.registry = 71
methods.0.outcome.report.artifact.binding.rules = ["straight@1","if@1","loop@1","switch@1","lambda@1","concat@1","bridge@1","accessor@1","new@1","field@1","enumswitch@1","init@1","declaration@1","twr@1","monitor@1","finally@1"]
methods.0.outcome.report.artifact.binding.schema = 1
methods.0.outcome.report.artifact.binding.text_bytes = 190
methods.0.outcome.report.artifact.binding.text_digest = "dfc56c5b4fcc02ea40a453b37f9506ad"
methods.0.outcome.report.bridges = []
methods.0.outcome.report.compile_status = "not_attempted"
methods.0.outcome.report.concats = []
methods.0.outcome.report.content = "contains_statements"
methods.0.outcome.report.declaration = null
methods.0.outcome.report.diagnostics.0.code = "jre_recovery_produced"
methods.0.outcome.report.diagnostics.0.message = "1 region(s), 2 statement(s), 2 segment(s), 190 byte(s) written from 1 canonical block(s)"
methods.0.outcome.report.diagnostics.0.provenance = null
methods.0.outcome.report.diagnostics.0.severity = "info"
methods.0.outcome.report.diagnostics.1.code = "jre_constructor_prologue"
methods.0.outcome.report.diagnostics.1.message = "the body is an instance initializer and its prologue is written under init@1 as `super`: the call at BCI 1 names `java/lang/Object`, and the class that declares this constructor is `SameNameOverload`"
methods.0.outcome.report.diagnostics.1.provenance = null
methods.0.outcome.report.diagnostics.1.severity = "info"
methods.0.outcome.report.diagnostics.2.code = "jre_declaration"
methods.0.outcome.report.diagnostics.2.message = "the artifact's envelope states the member's declaration under declaration@1: a constructor"
methods.0.outcome.report.diagnostics.2.provenance = null
methods.0.outcome.report.diagnostics.2.severity = "info"
methods.0.outcome.report.enum_switches = []
methods.0.outcome.report.evidence.categories.0.kind = "source_map"
methods.0.outcome.report.evidence.categories.0.state.state = "complete"
methods.0.outcome.report.evidence.categories.1.kind = "region_details"
methods.0.outcome.report.evidence.categories.1.state.state = "not_requested"
methods.0.outcome.report.evidence.categories.2.kind = "rule_details"
methods.0.outcome.report.evidence.categories.2.state.state = "not_requested"
methods.0.outcome.report.evidence.categories.3.kind = "name_details"
methods.0.outcome.report.evidence.categories.3.state.state = "not_requested"
methods.0.outcome.report.evidence.categories.4.kind = "read_details"
methods.0.outcome.report.evidence.categories.4.state.state = "not_requested"
methods.0.outcome.report.evidence.requested.driver_bci_range = null
methods.0.outcome.report.evidence.requested.expected_artifact = null
methods.0.outcome.report.evidence.requested.kinds = ["source_map"]
methods.0.outcome.report.execution.status = "complete"
methods.0.outcome.report.execution.usage.analysis_steps = 149
methods.0.outcome.report.execution.usage.archive_entries = 9
methods.0.outcome.report.execution.usage.attribute_bytes = 821
methods.0.outcome.report.execution.usage.class_bytes = 1802
methods.0.outcome.report.execution.usage.class_headers = 1
methods.0.outcome.report.execution.usage.code_bytes = 5
methods.0.outcome.report.execution.usage.dependency_depth = 0
methods.0.outcome.report.execution.usage.elapsed_millis = 1
methods.0.outcome.report.execution.usage.entry_bytes = 901
methods.0.outcome.report.execution.usage.input_bytes = 902
methods.0.outcome.report.execution.usage.ir_edges = 2
methods.0.outcome.report.execution.usage.ir_items = 78
methods.0.outcome.report.execution.usage.method_bodies = 1
methods.0.outcome.report.execution.usage.nested_depth = 0
methods.0.outcome.report.execution.usage.normalization_clones = 0
methods.0.outcome.report.execution.usage.output_bytes = 247
methods.0.outcome.report.execution.usage.read_bytes = 426
methods.0.outcome.report.execution.usage.result_items = 21
methods.0.outcome.report.fallbacks = []
methods.0.outcome.report.fields = []
methods.0.outcome.report.init = null
methods.0.outcome.report.lambdas = []
methods.0.outcome.report.method = "<init>()V"
methods.0.outcome.report.news = []
methods.0.outcome.report.outcome = "produced"
methods.0.outcome.report.profile.java_release = 8
methods.0.outcome.report.profile.layout.kind = "generic"
methods.0.outcome.report.profile.multi_release.kind = "disabled"
methods.0.outcome.report.quality = "structured"
methods.0.outcome.report.regions = []
methods.0.outcome.report.representation = "java"
methods.0.outcome.report.rules = []
methods.0.outcome.report.semantic_validation = "unproven"
methods.0.outcome.report.source_map.segments.0.end = 176
methods.0.outcome.report.source_map.segments.0.origin.derived.0.bci = 0
methods.0.outcome.report.source_map.segments.0.origin.derived.0.cp = null
methods.0.outcome.report.source_map.segments.0.origin.derived.0.method.descriptor = [40,41,86]
methods.0.outcome.report.source_map.segments.0.origin.derived.0.method.name = [60,105,110,105,116,62]
methods.0.outcome.report.source_map.segments.0.origin.derived.0.method.owner.class_bytes.digest = "1464c16a1f0967c99f1496acd6fdaa70d15a80b1735599edf513882e531676eb"
methods.0.outcome.report.source_map.segments.0.origin.derived.0.method.owner.class_bytes.length = 901
methods.0.outcome.report.source_map.segments.0.origin.derived.0.method.owner.location.entry.ordinal = 2
methods.0.outcome.report.source_map.segments.0.origin.derived.0.method.owner.location.entry.origin.root_container = "root"
methods.0.outcome.report.source_map.segments.0.origin.derived.0.method.owner.location.entry.origin.snapshot = "0d2f16b8d148abfbb06c68ba51f9edbed891bfb5b3522c54e8e46eacc8562471"
methods.0.outcome.report.source_map.segments.0.origin.derived.0.method.owner.location.entry.origin.steps = []
methods.0.outcome.report.source_map.segments.0.origin.derived.0.method.owner.location.entry.raw_name = [83,97,109,101,78,97,109,101,79,118,101,114,108,111,97,100,46,99,108,97,115,115]
methods.0.outcome.report.source_map.segments.0.origin.derived.0.method.owner.location.kind = "archive_entry"
methods.0.outcome.report.source_map.segments.0.origin.derived.0.method.owner.variant.kind = "base"
methods.0.outcome.report.source_map.segments.0.origin.derived.0.provenance = "Derived"
methods.0.outcome.report.source_map.segments.0.origin.primary.bci = 1
methods.0.outcome.report.source_map.segments.0.origin.primary.cp = null
methods.0.outcome.report.source_map.segments.0.origin.primary.method.descriptor = [40,41,86]
methods.0.outcome.report.source_map.segments.0.origin.primary.method.name = [60,105,110,105,116,62]
methods.0.outcome.report.source_map.segments.0.origin.primary.method.owner.class_bytes.digest = "1464c16a1f0967c99f1496acd6fdaa70d15a80b1735599edf513882e531676eb"
methods.0.outcome.report.source_map.segments.0.origin.primary.method.owner.class_bytes.length = 901
methods.0.outcome.report.source_map.segments.0.origin.primary.method.owner.location.entry.ordinal = 2
methods.0.outcome.report.source_map.segments.0.origin.primary.method.owner.location.entry.origin.root_container = "root"
methods.0.outcome.report.source_map.segments.0.origin.primary.method.owner.location.entry.origin.snapshot = "0d2f16b8d148abfbb06c68ba51f9edbed891bfb5b3522c54e8e46eacc8562471"
methods.0.outcome.report.source_map.segments.0.origin.primary.method.owner.location.entry.origin.steps = []
methods.0.outcome.report.source_map.segments.0.origin.primary.method.owner.location.entry.raw_name = [83,97,109,101,78,97,109,101,79,118,101,114,108,111,97,100,46,99,108,97,115,115]
methods.0.outcome.report.source_map.segments.0.origin.primary.method.owner.location.kind = "archive_entry"
methods.0.outcome.report.source_map.segments.0.origin.primary.method.owner.variant.kind = "base"
methods.0.outcome.report.source_map.segments.0.origin.primary.provenance = "Direct"
methods.0.outcome.report.source_map.segments.0.start = 163
methods.0.outcome.report.source_map.segments.1.end = 188
methods.0.outcome.report.source_map.segments.1.origin.derived = []
methods.0.outcome.report.source_map.segments.1.origin.primary.bci = 4
methods.0.outcome.report.source_map.segments.1.origin.primary.cp = null
methods.0.outcome.report.source_map.segments.1.origin.primary.method.descriptor = [40,41,86]
methods.0.outcome.report.source_map.segments.1.origin.primary.method.name = [60,105,110,105,116,62]
methods.0.outcome.report.source_map.segments.1.origin.primary.method.owner.class_bytes.digest = "1464c16a1f0967c99f1496acd6fdaa70d15a80b1735599edf513882e531676eb"
methods.0.outcome.report.source_map.segments.1.origin.primary.method.owner.class_bytes.length = 901
methods.0.outcome.report.source_map.segments.1.origin.primary.method.owner.location.entry.ordinal = 2
methods.0.outcome.report.source_map.segments.1.origin.primary.method.owner.location.entry.origin.root_container = "root"
methods.0.outcome.report.source_map.segments.1.origin.primary.method.owner.location.entry.origin.snapshot = "0d2f16b8d148abfbb06c68ba51f9edbed891bfb5b3522c54e8e46eacc8562471"
methods.0.outcome.report.source_map.segments.1.origin.primary.method.owner.location.entry.origin.steps = []
methods.0.outcome.report.source_map.segments.1.origin.primary.method.owner.location.entry.raw_name = [83,97,109,101,78,97,109,101,79,118,101,114,108,111,97,100,46,99,108,97,115,115]
methods.0.outcome.report.source_map.segments.1.origin.primary.method.owner.location.kind = "archive_entry"
methods.0.outcome.report.source_map.segments.1.origin.primary.method.owner.variant.kind = "base"
methods.0.outcome.report.source_map.segments.1.origin.primary.provenance = "Direct"
methods.0.outcome.report.source_map.segments.1.start = 176
methods.0.outcome.report.syntax_status = "unchecked"
methods.0.outcome.report.text = "// @method <init>()V\n// @declaration a constructor of `SameNameOverload`, member flags 0x0001\n// recovered from bytecode; presentation is not claimed to compile\n{\n    super();\n    return;\n}\n"
methods.0.outcome.report.verification = "not_performed"
methods.0.parameter_annotations.attributes = []
methods.0.parameter_annotations.refusals = []
methods.0.parameter_annotations.uses_by_position = []
methods.0.text = "    public SameNameOverload() {\n        // @method <init>()V\n        // @declaration a constructor of `SameNameOverload`, member flags 0x0001\n        // recovered from bytecode; presentation is not claimed to compile\n        super();\n        return;\n    }\n"
methods.0.type_annotations.attributes = []
methods.0.type_annotations.field_uses = []
methods.0.type_annotations.parameter_uses = []
methods.0.type_annotations.refusals = []
methods.0.type_annotations.return_uses = []
methods.1.annotations.attributes = []
methods.1.annotations.refusals = []
methods.1.annotations.uses = []
methods.1.declaration = "public void pick(T x)"
methods.1.item.access_flags = 1
methods.1.item.body.content_span.length = 87
methods.1.item.body.content_span.start = 589
methods.1.item.body.kind = "code_attribute"
methods.1.item.descriptor.escaped = "(Ljava/lang/Object;)V"
methods.1.item.descriptor.raw = [40,76,106,97,118,97,47,108,97,110,103,47,79,98,106,101,99,116,59,41,86]
methods.1.item.descriptor.utf16 = [40,76,106,97,118,97,47,108,97,110,103,47,79,98,106,101,99,116,59,41,86]
methods.1.item.identity.descriptor = [40,76,106,97,118,97,47,108,97,110,103,47,79,98,106,101,99,116,59,41,86]
methods.1.item.identity.name = [112,105,99,107]
methods.1.item.identity.owner.class_bytes.digest = "1464c16a1f0967c99f1496acd6fdaa70d15a80b1735599edf513882e531676eb"
methods.1.item.identity.owner.class_bytes.length = 901
methods.1.item.identity.owner.location.entry.ordinal = 2
methods.1.item.identity.owner.location.entry.origin.root_container = "root"
methods.1.item.identity.owner.location.entry.origin.snapshot = "0d2f16b8d148abfbb06c68ba51f9edbed891bfb5b3522c54e8e46eacc8562471"
methods.1.item.identity.owner.location.entry.origin.steps = []
methods.1.item.identity.owner.location.entry.raw_name = [83,97,109,101,78,97,109,101,79,118,101,114,108,111,97,100,46,99,108,97,115,115]
methods.1.item.identity.owner.location.kind = "archive_entry"
methods.1.item.identity.owner.variant.kind = "base"
methods.1.item.index = 1
methods.1.item.name.escaped = "pick"
methods.1.item.name.raw = [112,105,99,107]
methods.1.item.name.utf16 = [112,105,99,107]
methods.1.markers = ["// jarde: generic Signature `(TT;)V` projected after descriptor erasure and same-run AST/Code/SSA straight-line void body proof; same-class call binding proved"]
methods.1.no_body_kind = null
methods.1.outcome.analysis.diagnostics = 0
methods.1.outcome.analysis.execution.status = "complete"
methods.1.outcome.analysis.execution.usage.analysis_steps = 175
methods.1.outcome.analysis.execution.usage.archive_entries = 9
methods.1.outcome.analysis.execution.usage.attribute_bytes = 914
methods.1.outcome.analysis.execution.usage.class_bytes = 1802
methods.1.outcome.analysis.execution.usage.class_headers = 1
methods.1.outcome.analysis.execution.usage.code_bytes = 12
methods.1.outcome.analysis.execution.usage.dependency_depth = 0
methods.1.outcome.analysis.execution.usage.elapsed_millis = 1
methods.1.outcome.analysis.execution.usage.entry_bytes = 901
methods.1.outcome.analysis.execution.usage.input_bytes = 902
methods.1.outcome.analysis.execution.usage.ir_edges = 5
methods.1.outcome.analysis.execution.usage.ir_items = 145
methods.1.outcome.analysis.execution.usage.method_bodies = 2
methods.1.outcome.analysis.execution.usage.nested_depth = 0
methods.1.outcome.analysis.execution.usage.normalization_clones = 0
methods.1.outcome.analysis.execution.usage.output_bytes = 247
methods.1.outcome.analysis.execution.usage.read_bytes = 426
methods.1.outcome.analysis.execution.usage.result_items = 22
methods.1.outcome.kind = "recovered"
methods.1.outcome.report.accessors = []
methods.1.outcome.report.aliased_names = []
methods.1.outcome.report.artifact.agreement.state = "not_stated"
methods.1.outcome.report.artifact.binding.engine = "0.1.0"
methods.1.outcome.report.artifact.binding.environment.content = ["0d2f16b8d148abfbb06c68ba51f9edbed891bfb5b3522c54e8e46eacc8562471"]
methods.1.outcome.report.artifact.binding.environment.domain_loaders = ["app"]
methods.1.outcome.report.artifact.binding.environment.providers = []
methods.1.outcome.report.artifact.binding.environment.runtime.load_domain.delegation.kind = "parent_first"
methods.1.outcome.report.artifact.binding.environment.runtime.load_domain.external_override = "none"
methods.1.outcome.report.artifact.binding.environment.runtime.load_domain.loader = "app"
methods.1.outcome.report.artifact.binding.environment.runtime.load_domain.module_mode.kind = "class_path"
methods.1.outcome.report.artifact.binding.environment.runtime.load_domain.parent_loader = null
methods.1.outcome.report.artifact.binding.environment.runtime.load_domain.roots.0.kind = "container"
methods.1.outcome.report.artifact.binding.environment.runtime.load_domain.roots.0.origin.root_container = "root"
methods.1.outcome.report.artifact.binding.environment.runtime.load_domain.roots.0.origin.snapshot = "0d2f16b8d148abfbb06c68ba51f9edbed891bfb5b3522c54e8e46eacc8562471"
methods.1.outcome.report.artifact.binding.environment.runtime.load_domain.roots.0.origin.steps = []
methods.1.outcome.report.artifact.binding.environment.runtime.load_domain.roots.0.prefix = []
methods.1.outcome.report.artifact.binding.environment.runtime.load_domain.runtime_transformation = "none"
methods.1.outcome.report.artifact.binding.environment.runtime.physical.scope.kind = "snapshot_all"
methods.1.outcome.report.artifact.binding.environment.runtime.physical.snapshot = "0d2f16b8d148abfbb06c68ba51f9edbed891bfb5b3522c54e8e46eacc8562471"
methods.1.outcome.report.artifact.binding.environment.runtime.profile.java_release = 8
methods.1.outcome.report.artifact.binding.environment.runtime.profile.layout.kind = "generic"
methods.1.outcome.report.artifact.binding.environment.runtime.profile.multi_release.kind = "disabled"
methods.1.outcome.report.artifact.binding.member_ordinal = 1
methods.1.outcome.report.artifact.binding.method.descriptor = [40,76,106,97,118,97,47,108,97,110,103,47,79,98,106,101,99,116,59,41,86]
methods.1.outcome.report.artifact.binding.method.name = [112,105,99,107]
methods.1.outcome.report.artifact.binding.method.owner.class_bytes.digest = "1464c16a1f0967c99f1496acd6fdaa70d15a80b1735599edf513882e531676eb"
methods.1.outcome.report.artifact.binding.method.owner.class_bytes.length = 901
methods.1.outcome.report.artifact.binding.method.owner.location.entry.ordinal = 2
methods.1.outcome.report.artifact.binding.method.owner.location.entry.origin.root_container = "root"
methods.1.outcome.report.artifact.binding.method.owner.location.entry.origin.snapshot = "0d2f16b8d148abfbb06c68ba51f9edbed891bfb5b3522c54e8e46eacc8562471"
methods.1.outcome.report.artifact.binding.method.owner.location.entry.origin.steps = []
methods.1.outcome.report.artifact.binding.method.owner.location.entry.raw_name = [83,97,109,101,78,97,109,101,79,118,101,114,108,111,97,100,46,99,108,97,115,115]
methods.1.outcome.report.artifact.binding.method.owner.location.kind = "archive_entry"
methods.1.outcome.report.artifact.binding.method.owner.variant.kind = "base"
methods.1.outcome.report.artifact.binding.profile.java_release = 8
methods.1.outcome.report.artifact.binding.profile.layout.kind = "generic"
methods.1.outcome.report.artifact.binding.profile.multi_release.kind = "disabled"
methods.1.outcome.report.artifact.binding.registry = 71
methods.1.outcome.report.artifact.binding.rules = ["straight@1","if@1","loop@1","switch@1","lambda@1","concat@1","bridge@1","accessor@1","new@1","field@1","enumswitch@1","init@1","declaration@1","twr@1","monitor@1","finally@1"]
methods.1.outcome.report.artifact.binding.schema = 1
methods.1.outcome.report.artifact.binding.text_bytes = 229
methods.1.outcome.report.artifact.binding.text_digest = "05162e600341880ebfb02145a456bac3"
methods.1.outcome.report.bridges = []
methods.1.outcome.report.compile_status = "not_attempted"
methods.1.outcome.report.concats = []
methods.1.outcome.report.content = "contains_statements"
methods.1.outcome.report.declaration = null
methods.1.outcome.report.diagnostics.0.code = "jre_recovery_produced"
methods.1.outcome.report.diagnostics.0.message = "1 region(s), 2 statement(s), 4 segment(s), 229 byte(s) written from 1 canonical block(s)"
methods.1.outcome.report.diagnostics.0.provenance = null
methods.1.outcome.report.diagnostics.0.severity = "info"
methods.1.outcome.report.diagnostics.1.code = "jre_field_accesses"
methods.1.outcome.report.diagnostics.1.message = "1 field instruction(s) read under field@1: 1 presented, 0 refused"
methods.1.outcome.report.diagnostics.1.provenance = null
methods.1.outcome.report.diagnostics.1.severity = "info"
methods.1.outcome.report.diagnostics.2.code = "jre_declaration"
methods.1.outcome.report.diagnostics.2.message = "the artifact's envelope states the member's declaration under declaration@1: an instance method"
methods.1.outcome.report.diagnostics.2.provenance = null
methods.1.outcome.report.diagnostics.2.severity = "info"
methods.1.outcome.report.enum_switches = []
methods.1.outcome.report.evidence.categories.0.kind = "source_map"
methods.1.outcome.report.evidence.categories.0.state.state = "complete"
methods.1.outcome.report.evidence.categories.1.kind = "region_details"
methods.1.outcome.report.evidence.categories.1.state.state = "not_requested"
methods.1.outcome.report.evidence.categories.2.kind = "rule_details"
methods.1.outcome.report.evidence.categories.2.state.state = "not_requested"
methods.1.outcome.report.evidence.categories.3.kind = "name_details"
methods.1.outcome.report.evidence.categories.3.state.state = "not_requested"
methods.1.outcome.report.evidence.categories.4.kind = "read_details"
methods.1.outcome.report.evidence.categories.4.state.state = "not_requested"
methods.1.outcome.report.evidence.requested.driver_bci_range = null
methods.1.outcome.report.evidence.requested.expected_artifact = null
methods.1.outcome.report.evidence.requested.kinds = ["source_map"]
methods.1.outcome.report.execution.status = "complete"
methods.1.outcome.report.execution.usage.analysis_steps = 267
methods.1.outcome.report.execution.usage.archive_entries = 9
methods.1.outcome.report.execution.usage.attribute_bytes = 914
methods.1.outcome.report.execution.usage.class_bytes = 1802
methods.1.outcome.report.execution.usage.class_headers = 1
methods.1.outcome.report.execution.usage.code_bytes = 12
methods.1.outcome.report.execution.usage.dependency_depth = 0
methods.1.outcome.report.execution.usage.elapsed_millis = 1
methods.1.outcome.report.execution.usage.entry_bytes = 901
methods.1.outcome.report.execution.usage.input_bytes = 902
methods.1.outcome.report.execution.usage.ir_edges = 5
methods.1.outcome.report.execution.usage.ir_items = 220
methods.1.outcome.report.execution.usage.method_bodies = 2
methods.1.outcome.report.execution.usage.nested_depth = 0
methods.1.outcome.report.execution.usage.normalization_clones = 0
methods.1.outcome.report.execution.usage.output_bytes = 476
methods.1.outcome.report.execution.usage.read_bytes = 426
methods.1.outcome.report.execution.usage.result_items = 22
methods.1.outcome.report.fallbacks = []
methods.1.outcome.report.fields = []
methods.1.outcome.report.init = null
methods.1.outcome.report.lambdas = []
methods.1.outcome.report.method = "pick(Ljava/lang/Object;)V"
methods.1.outcome.report.news = []
methods.1.outcome.report.outcome = "produced"
methods.1.outcome.report.profile.java_release = 8
methods.1.outcome.report.profile.layout.kind = "generic"
methods.1.outcome.report.profile.multi_release.kind = "disabled"
methods.1.outcome.report.quality = "structured"
methods.1.outcome.report.regions = []
methods.1.outcome.report.representation = "java"
methods.1.outcome.report.rules = []
methods.1.outcome.report.semantic_validation = "unproven"
methods.1.outcome.report.source_map.segments.0.end = 192
methods.1.outcome.report.source_map.segments.0.origin.derived = []
methods.1.outcome.report.source_map.segments.0.origin.primary.bci = 0
methods.1.outcome.report.source_map.segments.0.origin.primary.cp = null
methods.1.outcome.report.source_map.segments.0.origin.primary.method.descriptor = [40,76,106,97,118,97,47,108,97,110,103,47,79,98,106,101,99,116,59,41,86]
methods.1.outcome.report.source_map.segments.0.origin.primary.method.name = [112,105,99,107]
methods.1.outcome.report.source_map.segments.0.origin.primary.method.owner.class_bytes.digest = "1464c16a1f0967c99f1496acd6fdaa70d15a80b1735599edf513882e531676eb"
methods.1.outcome.report.source_map.segments.0.origin.primary.method.owner.class_bytes.length = 901
methods.1.outcome.report.source_map.segments.0.origin.primary.method.owner.location.entry.ordinal = 2
methods.1.outcome.report.source_map.segments.0.origin.primary.method.owner.location.entry.origin.root_container = "root"
methods.1.outcome.report.source_map.segments.0.origin.primary.method.owner.location.entry.origin.snapshot = "0d2f16b8d148abfbb06c68ba51f9edbed891bfb5b3522c54e8e46eacc8562471"
methods.1.outcome.report.source_map.segments.0.origin.primary.method.owner.location.entry.origin.steps = []
methods.1.outcome.report.source_map.segments.0.origin.primary.method.owner.location.entry.raw_name = [83,97,109,101,78,97,109,101,79,118,101,114,108,111,97,100,46,99,108,97,115,115]
methods.1.outcome.report.source_map.segments.0.origin.primary.method.owner.location.kind = "archive_entry"
methods.1.outcome.report.source_map.segments.0.origin.primary.method.owner.variant.kind = "base"
methods.1.outcome.report.source_map.segments.0.origin.primary.provenance = "Direct"
methods.1.outcome.report.source_map.segments.0.start = 188
methods.1.outcome.report.source_map.segments.1.end = 213
methods.1.outcome.report.source_map.segments.1.origin.derived = []
methods.1.outcome.report.source_map.segments.1.origin.primary.bci = 1
methods.1.outcome.report.source_map.segments.1.origin.primary.cp = null
methods.1.outcome.report.source_map.segments.1.origin.primary.method.descriptor = [40,76,106,97,118,97,47,108,97,110,103,47,79,98,106,101,99,116,59,41,86]
methods.1.outcome.report.source_map.segments.1.origin.primary.method.name = [112,105,99,107]
methods.1.outcome.report.source_map.segments.1.origin.primary.method.owner.class_bytes.digest = "1464c16a1f0967c99f1496acd6fdaa70d15a80b1735599edf513882e531676eb"
methods.1.outcome.report.source_map.segments.1.origin.primary.method.owner.class_bytes.length = 901
methods.1.outcome.report.source_map.segments.1.origin.primary.method.owner.location.entry.ordinal = 2
methods.1.outcome.report.source_map.segments.1.origin.primary.method.owner.location.entry.origin.root_container = "root"
methods.1.outcome.report.source_map.segments.1.origin.primary.method.owner.location.entry.origin.snapshot = "0d2f16b8d148abfbb06c68ba51f9edbed891bfb5b3522c54e8e46eacc8562471"
methods.1.outcome.report.source_map.segments.1.origin.primary.method.owner.location.entry.origin.steps = []
methods.1.outcome.report.source_map.segments.1.origin.primary.method.owner.location.entry.raw_name = [83,97,109,101,78,97,109,101,79,118,101,114,108,111,97,100,46,99,108,97,115,115]
methods.1.outcome.report.source_map.segments.1.origin.primary.method.owner.location.kind = "archive_entry"
methods.1.outcome.report.source_map.segments.1.origin.primary.method.owner.variant.kind = "base"
methods.1.outcome.report.source_map.segments.1.origin.primary.provenance = "Direct"
methods.1.outcome.report.source_map.segments.1.start = 204
methods.1.outcome.report.source_map.segments.2.end = 215
methods.1.outcome.report.source_map.segments.2.origin.derived = []
methods.1.outcome.report.source_map.segments.2.origin.primary.bci = 3
methods.1.outcome.report.source_map.segments.2.origin.primary.cp = null
methods.1.outcome.report.source_map.segments.2.origin.primary.method.descriptor = [40,76,106,97,118,97,47,108,97,110,103,47,79,98,106,101,99,116,59,41,86]
methods.1.outcome.report.source_map.segments.2.origin.primary.method.name = [112,105,99,107]
methods.1.outcome.report.source_map.segments.2.origin.primary.method.owner.class_bytes.digest = "1464c16a1f0967c99f1496acd6fdaa70d15a80b1735599edf513882e531676eb"
methods.1.outcome.report.source_map.segments.2.origin.primary.method.owner.class_bytes.length = 901
methods.1.outcome.report.source_map.segments.2.origin.primary.method.owner.location.entry.ordinal = 2
methods.1.outcome.report.source_map.segments.2.origin.primary.method.owner.location.entry.origin.root_container = "root"
methods.1.outcome.report.source_map.segments.2.origin.primary.method.owner.location.entry.origin.snapshot = "0d2f16b8d148abfbb06c68ba51f9edbed891bfb5b3522c54e8e46eacc8562471"
methods.1.outcome.report.source_map.segments.2.origin.primary.method.owner.location.entry.origin.steps = []
methods.1.outcome.report.source_map.segments.2.origin.primary.method.owner.location.entry.raw_name = [83,97,109,101,78,97,109,101,79,118,101,114,108,111,97,100,46,99,108,97,115,115]
methods.1.outcome.report.source_map.segments.2.origin.primary.method.owner.location.kind = "archive_entry"
methods.1.outcome.report.source_map.segments.2.origin.primary.method.owner.variant.kind = "base"
methods.1.outcome.report.source_map.segments.2.origin.primary.provenance = "Direct"
methods.1.outcome.report.source_map.segments.2.start = 184
methods.1.outcome.report.source_map.segments.3.end = 227
methods.1.outcome.report.source_map.segments.3.origin.derived = []
methods.1.outcome.report.source_map.segments.3.origin.primary.bci = 6
methods.1.outcome.report.source_map.segments.3.origin.primary.cp = null
methods.1.outcome.report.source_map.segments.3.origin.primary.method.descriptor = [40,76,106,97,118,97,47,108,97,110,103,47,79,98,106,101,99,116,59,41,86]
methods.1.outcome.report.source_map.segments.3.origin.primary.method.name = [112,105,99,107]
methods.1.outcome.report.source_map.segments.3.origin.primary.method.owner.class_bytes.digest = "1464c16a1f0967c99f1496acd6fdaa70d15a80b1735599edf513882e531676eb"
methods.1.outcome.report.source_map.segments.3.origin.primary.method.owner.class_bytes.length = 901
methods.1.outcome.report.source_map.segments.3.origin.primary.method.owner.location.entry.ordinal = 2
methods.1.outcome.report.source_map.segments.3.origin.primary.method.owner.location.entry.origin.root_container = "root"
methods.1.outcome.report.source_map.segments.3.origin.primary.method.owner.location.entry.origin.snapshot = "0d2f16b8d148abfbb06c68ba51f9edbed891bfb5b3522c54e8e46eacc8562471"
methods.1.outcome.report.source_map.segments.3.origin.primary.method.owner.location.entry.origin.steps = []
methods.1.outcome.report.source_map.segments.3.origin.primary.method.owner.location.entry.raw_name = [83,97,109,101,78,97,109,101,79,118,101,114,108,111,97,100,46,99,108,97,115,115]
methods.1.outcome.report.source_map.segments.3.origin.primary.method.owner.location.kind = "archive_entry"
methods.1.outcome.report.source_map.segments.3.origin.primary.method.owner.variant.kind = "base"
methods.1.outcome.report.source_map.segments.3.origin.primary.provenance = "Direct"
methods.1.outcome.report.source_map.segments.3.start = 215
methods.1.outcome.report.syntax_status = "unchecked"
methods.1.outcome.report.text = "// @method pick(Ljava/lang/Object;)V\n// @declaration an instance method of `SameNameOverload`, member flags 0x0001\n// recovered from bytecode; presentation is not claimed to compile\n{\n    this.selected = \"generic\";\n    return;\n}\n"
methods.1.outcome.report.verification = "not_performed"
methods.1.parameter_annotations.attributes = []
methods.1.parameter_annotations.refusals = []
methods.1.parameter_annotations.uses_by_position = [[]]
methods.1.text = "    public void pick(T x) {\n        // jarde: generic Signature `(TT;)V` projected after descriptor erasure and same-run AST/Code/SSA straight-line void body proof; same-class call binding proved\n        // @method pick(Ljava/lang/Object;)V\n        // @declaration an instance method of `SameNameOverload`, member flags 0x0001\n        // recovered from bytecode; presentation is not claimed to compile\n        this.selected = \"generic\";\n        return;\n    }\n"
methods.1.type_annotations.attributes = []
methods.1.type_annotations.field_uses = []
methods.1.type_annotations.parameter_uses = [[]]
methods.1.type_annotations.refusals = []
methods.1.type_annotations.return_uses = []
methods.2.annotations.attributes = []
methods.2.annotations.refusals = []
methods.2.annotations.uses = []
methods.2.declaration = "public void pick(java.lang.String x)"
methods.2.item.access_flags = 1
methods.2.item.body.content_span.length = 77
methods.2.item.body.content_span.start = 698
methods.2.item.body.kind = "code_attribute"
methods.2.item.descriptor.escaped = "(Ljava/lang/String;)V"
methods.2.item.descriptor.raw = [40,76,106,97,118,97,47,108,97,110,103,47,83,116,114,105,110,103,59,41,86]
methods.2.item.descriptor.utf16 = [40,76,106,97,118,97,47,108,97,110,103,47,83,116,114,105,110,103,59,41,86]
methods.2.item.identity.descriptor = [40,76,106,97,118,97,47,108,97,110,103,47,83,116,114,105,110,103,59,41,86]
methods.2.item.identity.name = [112,105,99,107]
methods.2.item.identity.owner.class_bytes.digest = "1464c16a1f0967c99f1496acd6fdaa70d15a80b1735599edf513882e531676eb"
methods.2.item.identity.owner.class_bytes.length = 901
methods.2.item.identity.owner.location.entry.ordinal = 2
methods.2.item.identity.owner.location.entry.origin.root_container = "root"
methods.2.item.identity.owner.location.entry.origin.snapshot = "0d2f16b8d148abfbb06c68ba51f9edbed891bfb5b3522c54e8e46eacc8562471"
methods.2.item.identity.owner.location.entry.origin.steps = []
methods.2.item.identity.owner.location.entry.raw_name = [83,97,109,101,78,97,109,101,79,118,101,114,108,111,97,100,46,99,108,97,115,115]
methods.2.item.identity.owner.location.kind = "archive_entry"
methods.2.item.identity.owner.variant.kind = "base"
methods.2.item.index = 2
methods.2.item.name.escaped = "pick"
methods.2.item.name.raw = [112,105,99,107]
methods.2.item.name.utf16 = [112,105,99,107]
methods.2.markers = []
methods.2.no_body_kind = null
methods.2.outcome.analysis.diagnostics = 0
methods.2.outcome.analysis.execution.status = "complete"
methods.2.outcome.analysis.execution.usage.analysis_steps = 350
methods.2.outcome.analysis.execution.usage.archive_entries = 9
methods.2.outcome.analysis.execution.usage.attribute_bytes = 1013
methods.2.outcome.analysis.execution.usage.class_bytes = 1802
methods.2.outcome.analysis.execution.usage.class_headers = 1
methods.2.outcome.analysis.execution.usage.code_bytes = 19
methods.2.outcome.analysis.execution.usage.dependency_depth = 0
methods.2.outcome.analysis.execution.usage.elapsed_millis = 2
methods.2.outcome.analysis.execution.usage.entry_bytes = 901
methods.2.outcome.analysis.execution.usage.input_bytes = 902
methods.2.outcome.analysis.execution.usage.ir_edges = 8
methods.2.outcome.analysis.execution.usage.ir_items = 289
methods.2.outcome.analysis.execution.usage.method_bodies = 3
methods.2.outcome.analysis.execution.usage.nested_depth = 0
methods.2.outcome.analysis.execution.usage.normalization_clones = 0
methods.2.outcome.analysis.execution.usage.output_bytes = 818
methods.2.outcome.analysis.execution.usage.read_bytes = 426
methods.2.outcome.analysis.execution.usage.result_items = 23
methods.2.outcome.kind = "recovered"
methods.2.outcome.report.accessors = []
methods.2.outcome.report.aliased_names = []
methods.2.outcome.report.artifact.agreement.state = "not_stated"
methods.2.outcome.report.artifact.binding.engine = "0.1.0"
methods.2.outcome.report.artifact.binding.environment.content = ["0d2f16b8d148abfbb06c68ba51f9edbed891bfb5b3522c54e8e46eacc8562471"]
methods.2.outcome.report.artifact.binding.environment.domain_loaders = ["app"]
methods.2.outcome.report.artifact.binding.environment.providers = []
methods.2.outcome.report.artifact.binding.environment.runtime.load_domain.delegation.kind = "parent_first"
methods.2.outcome.report.artifact.binding.environment.runtime.load_domain.external_override = "none"
methods.2.outcome.report.artifact.binding.environment.runtime.load_domain.loader = "app"
methods.2.outcome.report.artifact.binding.environment.runtime.load_domain.module_mode.kind = "class_path"
methods.2.outcome.report.artifact.binding.environment.runtime.load_domain.parent_loader = null
methods.2.outcome.report.artifact.binding.environment.runtime.load_domain.roots.0.kind = "container"
methods.2.outcome.report.artifact.binding.environment.runtime.load_domain.roots.0.origin.root_container = "root"
methods.2.outcome.report.artifact.binding.environment.runtime.load_domain.roots.0.origin.snapshot = "0d2f16b8d148abfbb06c68ba51f9edbed891bfb5b3522c54e8e46eacc8562471"
methods.2.outcome.report.artifact.binding.environment.runtime.load_domain.roots.0.origin.steps = []
methods.2.outcome.report.artifact.binding.environment.runtime.load_domain.roots.0.prefix = []
methods.2.outcome.report.artifact.binding.environment.runtime.load_domain.runtime_transformation = "none"
methods.2.outcome.report.artifact.binding.environment.runtime.physical.scope.kind = "snapshot_all"
methods.2.outcome.report.artifact.binding.environment.runtime.physical.snapshot = "0d2f16b8d148abfbb06c68ba51f9edbed891bfb5b3522c54e8e46eacc8562471"
methods.2.outcome.report.artifact.binding.environment.runtime.profile.java_release = 8
methods.2.outcome.report.artifact.binding.environment.runtime.profile.layout.kind = "generic"
methods.2.outcome.report.artifact.binding.environment.runtime.profile.multi_release.kind = "disabled"
methods.2.outcome.report.artifact.binding.member_ordinal = 2
methods.2.outcome.report.artifact.binding.method.descriptor = [40,76,106,97,118,97,47,108,97,110,103,47,83,116,114,105,110,103,59,41,86]
methods.2.outcome.report.artifact.binding.method.name = [112,105,99,107]
methods.2.outcome.report.artifact.binding.method.owner.class_bytes.digest = "1464c16a1f0967c99f1496acd6fdaa70d15a80b1735599edf513882e531676eb"
methods.2.outcome.report.artifact.binding.method.owner.class_bytes.length = 901
methods.2.outcome.report.artifact.binding.method.owner.location.entry.ordinal = 2
methods.2.outcome.report.artifact.binding.method.owner.location.entry.origin.root_container = "root"
methods.2.outcome.report.artifact.binding.method.owner.location.entry.origin.snapshot = "0d2f16b8d148abfbb06c68ba51f9edbed891bfb5b3522c54e8e46eacc8562471"
methods.2.outcome.report.artifact.binding.method.owner.location.entry.origin.steps = []
methods.2.outcome.report.artifact.binding.method.owner.location.entry.raw_name = [83,97,109,101,78,97,109,101,79,118,101,114,108,111,97,100,46,99,108,97,115,115]
methods.2.outcome.report.artifact.binding.method.owner.location.kind = "archive_entry"
methods.2.outcome.report.artifact.binding.method.owner.variant.kind = "base"
methods.2.outcome.report.artifact.binding.profile.java_release = 8
methods.2.outcome.report.artifact.binding.profile.layout.kind = "generic"
methods.2.outcome.report.artifact.binding.profile.multi_release.kind = "disabled"
methods.2.outcome.report.artifact.binding.registry = 71
methods.2.outcome.report.artifact.binding.rules = ["straight@1","if@1","loop@1","switch@1","lambda@1","concat@1","bridge@1","accessor@1","new@1","field@1","enumswitch@1","init@1","declaration@1","twr@1","monitor@1","finally@1"]
methods.2.outcome.report.artifact.binding.schema = 1
methods.2.outcome.report.artifact.binding.text_bytes = 228
methods.2.outcome.report.artifact.binding.text_digest = "3549bdceb5827a6cdda575620c5f3aa7"
methods.2.outcome.report.bridges = []
methods.2.outcome.report.compile_status = "not_attempted"
methods.2.outcome.report.concats = []
methods.2.outcome.report.content = "contains_statements"
methods.2.outcome.report.declaration = null
methods.2.outcome.report.diagnostics.0.code = "jre_recovery_produced"
methods.2.outcome.report.diagnostics.0.message = "1 region(s), 2 statement(s), 4 segment(s), 228 byte(s) written from 1 canonical block(s)"
methods.2.outcome.report.diagnostics.0.provenance = null
methods.2.outcome.report.diagnostics.0.severity = "info"
methods.2.outcome.report.diagnostics.1.code = "jre_field_accesses"
methods.2.outcome.report.diagnostics.1.message = "1 field instruction(s) read under field@1: 1 presented, 0 refused"
methods.2.outcome.report.diagnostics.1.provenance = null
methods.2.outcome.report.diagnostics.1.severity = "info"
methods.2.outcome.report.diagnostics.2.code = "jre_declaration"
methods.2.outcome.report.diagnostics.2.message = "the artifact's envelope states the member's declaration under declaration@1: an instance method"
methods.2.outcome.report.diagnostics.2.provenance = null
methods.2.outcome.report.diagnostics.2.severity = "info"
methods.2.outcome.report.enum_switches = []
methods.2.outcome.report.evidence.categories.0.kind = "source_map"
methods.2.outcome.report.evidence.categories.0.state.state = "complete"
methods.2.outcome.report.evidence.categories.1.kind = "region_details"
methods.2.outcome.report.evidence.categories.1.state.state = "not_requested"
methods.2.outcome.report.evidence.categories.2.kind = "rule_details"
methods.2.outcome.report.evidence.categories.2.state.state = "not_requested"
methods.2.outcome.report.evidence.categories.3.kind = "name_details"
methods.2.outcome.report.evidence.categories.3.state.state = "not_requested"
methods.2.outcome.report.evidence.categories.4.kind = "read_details"
methods.2.outcome.report.evidence.categories.4.state.state = "not_requested"
methods.2.outcome.report.evidence.requested.driver_bci_range = null
methods.2.outcome.report.evidence.requested.expected_artifact = null
methods.2.outcome.report.evidence.requested.kinds = ["source_map"]
methods.2.outcome.report.execution.status = "complete"
methods.2.outcome.report.execution.usage.analysis_steps = 431
methods.2.outcome.report.execution.usage.archive_entries = 9
methods.2.outcome.report.execution.usage.attribute_bytes = 1013
methods.2.outcome.report.execution.usage.class_bytes = 1802
methods.2.outcome.report.execution.usage.class_headers = 1
methods.2.outcome.report.execution.usage.code_bytes = 19
methods.2.outcome.report.execution.usage.dependency_depth = 0
methods.2.outcome.report.execution.usage.elapsed_millis = 2
methods.2.outcome.report.execution.usage.entry_bytes = 901
methods.2.outcome.report.execution.usage.input_bytes = 902
methods.2.outcome.report.execution.usage.ir_edges = 8
methods.2.outcome.report.execution.usage.ir_items = 342
methods.2.outcome.report.execution.usage.method_bodies = 3
methods.2.outcome.report.execution.usage.nested_depth = 0
methods.2.outcome.report.execution.usage.normalization_clones = 0
methods.2.outcome.report.execution.usage.output_bytes = 1046
methods.2.outcome.report.execution.usage.read_bytes = 426
methods.2.outcome.report.execution.usage.result_items = 23
methods.2.outcome.report.fallbacks = []
methods.2.outcome.report.fields = []
methods.2.outcome.report.init = null
methods.2.outcome.report.lambdas = []
methods.2.outcome.report.method = "pick(Ljava/lang/String;)V"
methods.2.outcome.report.news = []
methods.2.outcome.report.outcome = "produced"
methods.2.outcome.report.profile.java_release = 8
methods.2.outcome.report.profile.layout.kind = "generic"
methods.2.outcome.report.profile.multi_release.kind = "disabled"
methods.2.outcome.report.quality = "structured"
methods.2.outcome.report.regions = []
methods.2.outcome.report.representation = "java"
methods.2.outcome.report.rules = []
methods.2.outcome.report.semantic_validation = "unproven"
methods.2.outcome.report.source_map.segments.0.end = 192
methods.2.outcome.report.source_map.segments.0.origin.derived = []
methods.2.outcome.report.source_map.segments.0.origin.primary.bci = 0
methods.2.outcome.report.source_map.segments.0.origin.primary.cp = null
methods.2.outcome.report.source_map.segments.0.origin.primary.method.descriptor = [40,76,106,97,118,97,47,108,97,110,103,47,83,116,114,105,110,103,59,41,86]
methods.2.outcome.report.source_map.segments.0.origin.primary.method.name = [112,105,99,107]
methods.2.outcome.report.source_map.segments.0.origin.primary.method.owner.class_bytes.digest = "1464c16a1f0967c99f1496acd6fdaa70d15a80b1735599edf513882e531676eb"
methods.2.outcome.report.source_map.segments.0.origin.primary.method.owner.class_bytes.length = 901
methods.2.outcome.report.source_map.segments.0.origin.primary.method.owner.location.entry.ordinal = 2
methods.2.outcome.report.source_map.segments.0.origin.primary.method.owner.location.entry.origin.root_container = "root"
methods.2.outcome.report.source_map.segments.0.origin.primary.method.owner.location.entry.origin.snapshot = "0d2f16b8d148abfbb06c68ba51f9edbed891bfb5b3522c54e8e46eacc8562471"
methods.2.outcome.report.source_map.segments.0.origin.primary.method.owner.location.entry.origin.steps = []
methods.2.outcome.report.source_map.segments.0.origin.primary.method.owner.location.entry.raw_name = [83,97,109,101,78,97,109,101,79,118,101,114,108,111,97,100,46,99,108,97,115,115]
methods.2.outcome.report.source_map.segments.0.origin.primary.method.owner.location.kind = "archive_entry"
methods.2.outcome.report.source_map.segments.0.origin.primary.method.owner.variant.kind = "base"
methods.2.outcome.report.source_map.segments.0.origin.primary.provenance = "Direct"
methods.2.outcome.report.source_map.segments.0.start = 188
methods.2.outcome.report.source_map.segments.1.end = 212
methods.2.outcome.report.source_map.segments.1.origin.derived = []
methods.2.outcome.report.source_map.segments.1.origin.primary.bci = 1
methods.2.outcome.report.source_map.segments.1.origin.primary.cp = null
methods.2.outcome.report.source_map.segments.1.origin.primary.method.descriptor = [40,76,106,97,118,97,47,108,97,110,103,47,83,116,114,105,110,103,59,41,86]
methods.2.outcome.report.source_map.segments.1.origin.primary.method.name = [112,105,99,107]
methods.2.outcome.report.source_map.segments.1.origin.primary.method.owner.class_bytes.digest = "1464c16a1f0967c99f1496acd6fdaa70d15a80b1735599edf513882e531676eb"
methods.2.outcome.report.source_map.segments.1.origin.primary.method.owner.class_bytes.length = 901
methods.2.outcome.report.source_map.segments.1.origin.primary.method.owner.location.entry.ordinal = 2
methods.2.outcome.report.source_map.segments.1.origin.primary.method.owner.location.entry.origin.root_container = "root"
methods.2.outcome.report.source_map.segments.1.origin.primary.method.owner.location.entry.origin.snapshot = "0d2f16b8d148abfbb06c68ba51f9edbed891bfb5b3522c54e8e46eacc8562471"
methods.2.outcome.report.source_map.segments.1.origin.primary.method.owner.location.entry.origin.steps = []
methods.2.outcome.report.source_map.segments.1.origin.primary.method.owner.location.entry.raw_name = [83,97,109,101,78,97,109,101,79,118,101,114,108,111,97,100,46,99,108,97,115,115]
methods.2.outcome.report.source_map.segments.1.origin.primary.method.owner.location.kind = "archive_entry"
methods.2.outcome.report.source_map.segments.1.origin.primary.method.owner.variant.kind = "base"
methods.2.outcome.report.source_map.segments.1.origin.primary.provenance = "Direct"
methods.2.outcome.report.source_map.segments.1.start = 204
methods.2.outcome.report.source_map.segments.2.end = 214
methods.2.outcome.report.source_map.segments.2.origin.derived = []
methods.2.outcome.report.source_map.segments.2.origin.primary.bci = 3
methods.2.outcome.report.source_map.segments.2.origin.primary.cp = null
methods.2.outcome.report.source_map.segments.2.origin.primary.method.descriptor = [40,76,106,97,118,97,47,108,97,110,103,47,83,116,114,105,110,103,59,41,86]
methods.2.outcome.report.source_map.segments.2.origin.primary.method.name = [112,105,99,107]
methods.2.outcome.report.source_map.segments.2.origin.primary.method.owner.class_bytes.digest = "1464c16a1f0967c99f1496acd6fdaa70d15a80b1735599edf513882e531676eb"
methods.2.outcome.report.source_map.segments.2.origin.primary.method.owner.class_bytes.length = 901
methods.2.outcome.report.source_map.segments.2.origin.primary.method.owner.location.entry.ordinal = 2
methods.2.outcome.report.source_map.segments.2.origin.primary.method.owner.location.entry.origin.root_container = "root"
methods.2.outcome.report.source_map.segments.2.origin.primary.method.owner.location.entry.origin.snapshot = "0d2f16b8d148abfbb06c68ba51f9edbed891bfb5b3522c54e8e46eacc8562471"
methods.2.outcome.report.source_map.segments.2.origin.primary.method.owner.location.entry.origin.steps = []
methods.2.outcome.report.source_map.segments.2.origin.primary.method.owner.location.entry.raw_name = [83,97,109,101,78,97,109,101,79,118,101,114,108,111,97,100,46,99,108,97,115,115]
methods.2.outcome.report.source_map.segments.2.origin.primary.method.owner.location.kind = "archive_entry"
methods.2.outcome.report.source_map.segments.2.origin.primary.method.owner.variant.kind = "base"
methods.2.outcome.report.source_map.segments.2.origin.primary.provenance = "Direct"
methods.2.outcome.report.source_map.segments.2.start = 184
methods.2.outcome.report.source_map.segments.3.end = 226
methods.2.outcome.report.source_map.segments.3.origin.derived = []
methods.2.outcome.report.source_map.segments.3.origin.primary.bci = 6
methods.2.outcome.report.source_map.segments.3.origin.primary.cp = null
methods.2.outcome.report.source_map.segments.3.origin.primary.method.descriptor = [40,76,106,97,118,97,47,108,97,110,103,47,83,116,114,105,110,103,59,41,86]
methods.2.outcome.report.source_map.segments.3.origin.primary.method.name = [112,105,99,107]
methods.2.outcome.report.source_map.segments.3.origin.primary.method.owner.class_bytes.digest = "1464c16a1f0967c99f1496acd6fdaa70d15a80b1735599edf513882e531676eb"
methods.2.outcome.report.source_map.segments.3.origin.primary.method.owner.class_bytes.length = 901
methods.2.outcome.report.source_map.segments.3.origin.primary.method.owner.location.entry.ordinal = 2
methods.2.outcome.report.source_map.segments.3.origin.primary.method.owner.location.entry.origin.root_container = "root"
methods.2.outcome.report.source_map.segments.3.origin.primary.method.owner.location.entry.origin.snapshot = "0d2f16b8d148abfbb06c68ba51f9edbed891bfb5b3522c54e8e46eacc8562471"
methods.2.outcome.report.source_map.segments.3.origin.primary.method.owner.location.entry.origin.steps = []
methods.2.outcome.report.source_map.segments.3.origin.primary.method.owner.location.entry.raw_name = [83,97,109,101,78,97,109,101,79,118,101,114,108,111,97,100,46,99,108,97,115,115]
methods.2.outcome.report.source_map.segments.3.origin.primary.method.owner.location.kind = "archive_entry"
methods.2.outcome.report.source_map.segments.3.origin.primary.method.owner.variant.kind = "base"
methods.2.outcome.report.source_map.segments.3.origin.primary.provenance = "Direct"
methods.2.outcome.report.source_map.segments.3.start = 214
methods.2.outcome.report.syntax_status = "unchecked"
methods.2.outcome.report.text = "// @method pick(Ljava/lang/String;)V\n// @declaration an instance method of `SameNameOverload`, member flags 0x0001\n// recovered from bytecode; presentation is not claimed to compile\n{\n    this.selected = \"string\";\n    return;\n}\n"
methods.2.outcome.report.verification = "not_performed"
methods.2.parameter_annotations.attributes = []
methods.2.parameter_annotations.refusals = []
methods.2.parameter_annotations.uses_by_position = [[]]
methods.2.text = "    public void pick(java.lang.String x) {\n        // @method pick(Ljava/lang/String;)V\n        // @declaration an instance method of `SameNameOverload`, member flags 0x0001\n        // recovered from bytecode; presentation is not claimed to compile\n        this.selected = \"string\";\n        return;\n    }\n"
methods.2.type_annotations.attributes = []
methods.2.type_annotations.field_uses = []
methods.2.type_annotations.parameter_uses = [[]]
methods.2.type_annotations.refusals = []
methods.2.type_annotations.return_uses = []
methods.3.annotations.attributes = []
methods.3.annotations.refusals = []
methods.3.annotations.uses = []
methods.3.declaration = "public void relay(T x)"
methods.3.item.access_flags = 1
methods.3.item.body.content_span.length = 86
methods.3.item.body.content_span.start = 789
methods.3.item.body.kind = "code_attribute"
methods.3.item.descriptor.escaped = "(Ljava/lang/Object;)V"
methods.3.item.descriptor.raw = [40,76,106,97,118,97,47,108,97,110,103,47,79,98,106,101,99,116,59,41,86]
methods.3.item.descriptor.utf16 = [40,76,106,97,118,97,47,108,97,110,103,47,79,98,106,101,99,116,59,41,86]
methods.3.item.identity.descriptor = [40,76,106,97,118,97,47,108,97,110,103,47,79,98,106,101,99,116,59,41,86]
methods.3.item.identity.name = [114,101,108,97,121]
methods.3.item.identity.owner.class_bytes.digest = "1464c16a1f0967c99f1496acd6fdaa70d15a80b1735599edf513882e531676eb"
methods.3.item.identity.owner.class_bytes.length = 901
methods.3.item.identity.owner.location.entry.ordinal = 2
methods.3.item.identity.owner.location.entry.origin.root_container = "root"
methods.3.item.identity.owner.location.entry.origin.snapshot = "0d2f16b8d148abfbb06c68ba51f9edbed891bfb5b3522c54e8e46eacc8562471"
methods.3.item.identity.owner.location.entry.origin.steps = []
methods.3.item.identity.owner.location.entry.raw_name = [83,97,109,101,78,97,109,101,79,118,101,114,108,111,97,100,46,99,108,97,115,115]
methods.3.item.identity.owner.location.kind = "archive_entry"
methods.3.item.identity.owner.variant.kind = "base"
methods.3.item.index = 3
methods.3.item.name.escaped = "relay"
methods.3.item.name.raw = [114,101,108,97,121]
methods.3.item.name.utf16 = [114,101,108,97,121]
methods.3.markers = ["// jarde: generic Signature `(TT;)V` projected after descriptor erasure and same-run AST/Code/SSA straight-line void body proof; same-class call binding proved"]
methods.3.no_body_kind = null
methods.3.outcome.analysis.diagnostics = 0
methods.3.outcome.analysis.execution.status = "complete"
methods.3.outcome.analysis.execution.usage.analysis_steps = 456
methods.3.outcome.analysis.execution.usage.archive_entries = 9
methods.3.outcome.analysis.execution.usage.attribute_bytes = 1105
methods.3.outcome.analysis.execution.usage.class_bytes = 1802
methods.3.outcome.analysis.execution.usage.class_headers = 1
methods.3.outcome.analysis.execution.usage.code_bytes = 25
methods.3.outcome.analysis.execution.usage.dependency_depth = 0
methods.3.outcome.analysis.execution.usage.elapsed_millis = 2
methods.3.outcome.analysis.execution.usage.entry_bytes = 901
methods.3.outcome.analysis.execution.usage.input_bytes = 902
methods.3.outcome.analysis.execution.usage.ir_edges = 12
methods.3.outcome.analysis.execution.usage.ir_items = 410
methods.3.outcome.analysis.execution.usage.method_bodies = 4
methods.3.outcome.analysis.execution.usage.nested_depth = 0
methods.3.outcome.analysis.execution.usage.normalization_clones = 0
methods.3.outcome.analysis.execution.usage.output_bytes = 1046
methods.3.outcome.analysis.execution.usage.read_bytes = 426
methods.3.outcome.analysis.execution.usage.result_items = 24
methods.3.outcome.kind = "recovered"
methods.3.outcome.report.accessors = []
methods.3.outcome.report.aliased_names = []
methods.3.outcome.report.artifact.agreement.state = "not_stated"
methods.3.outcome.report.artifact.binding.engine = "0.1.0"
methods.3.outcome.report.artifact.binding.environment.content = ["0d2f16b8d148abfbb06c68ba51f9edbed891bfb5b3522c54e8e46eacc8562471"]
methods.3.outcome.report.artifact.binding.environment.domain_loaders = ["app"]
methods.3.outcome.report.artifact.binding.environment.providers = []
methods.3.outcome.report.artifact.binding.environment.runtime.load_domain.delegation.kind = "parent_first"
methods.3.outcome.report.artifact.binding.environment.runtime.load_domain.external_override = "none"
methods.3.outcome.report.artifact.binding.environment.runtime.load_domain.loader = "app"
methods.3.outcome.report.artifact.binding.environment.runtime.load_domain.module_mode.kind = "class_path"
methods.3.outcome.report.artifact.binding.environment.runtime.load_domain.parent_loader = null
methods.3.outcome.report.artifact.binding.environment.runtime.load_domain.roots.0.kind = "container"
methods.3.outcome.report.artifact.binding.environment.runtime.load_domain.roots.0.origin.root_container = "root"
methods.3.outcome.report.artifact.binding.environment.runtime.load_domain.roots.0.origin.snapshot = "0d2f16b8d148abfbb06c68ba51f9edbed891bfb5b3522c54e8e46eacc8562471"
methods.3.outcome.report.artifact.binding.environment.runtime.load_domain.roots.0.origin.steps = []
methods.3.outcome.report.artifact.binding.environment.runtime.load_domain.roots.0.prefix = []
methods.3.outcome.report.artifact.binding.environment.runtime.load_domain.runtime_transformation = "none"
methods.3.outcome.report.artifact.binding.environment.runtime.physical.scope.kind = "snapshot_all"
methods.3.outcome.report.artifact.binding.environment.runtime.physical.snapshot = "0d2f16b8d148abfbb06c68ba51f9edbed891bfb5b3522c54e8e46eacc8562471"
methods.3.outcome.report.artifact.binding.environment.runtime.profile.java_release = 8
methods.3.outcome.report.artifact.binding.environment.runtime.profile.layout.kind = "generic"
methods.3.outcome.report.artifact.binding.environment.runtime.profile.multi_release.kind = "disabled"
methods.3.outcome.report.artifact.binding.member_ordinal = 3
methods.3.outcome.report.artifact.binding.method.descriptor = [40,76,106,97,118,97,47,108,97,110,103,47,79,98,106,101,99,116,59,41,86]
methods.3.outcome.report.artifact.binding.method.name = [114,101,108,97,121]
methods.3.outcome.report.artifact.binding.method.owner.class_bytes.digest = "1464c16a1f0967c99f1496acd6fdaa70d15a80b1735599edf513882e531676eb"
methods.3.outcome.report.artifact.binding.method.owner.class_bytes.length = 901
methods.3.outcome.report.artifact.binding.method.owner.location.entry.ordinal = 2
methods.3.outcome.report.artifact.binding.method.owner.location.entry.origin.root_container = "root"
methods.3.outcome.report.artifact.binding.method.owner.location.entry.origin.snapshot = "0d2f16b8d148abfbb06c68ba51f9edbed891bfb5b3522c54e8e46eacc8562471"
methods.3.outcome.report.artifact.binding.method.owner.location.entry.origin.steps = []
methods.3.outcome.report.artifact.binding.method.owner.location.entry.raw_name = [83,97,109,101,78,97,109,101,79,118,101,114,108,111,97,100,46,99,108,97,115,115]
methods.3.outcome.report.artifact.binding.method.owner.location.kind = "archive_entry"
methods.3.outcome.report.artifact.binding.method.owner.variant.kind = "base"
methods.3.outcome.report.artifact.binding.profile.java_release = 8
methods.3.outcome.report.artifact.binding.profile.layout.kind = "generic"
methods.3.outcome.report.artifact.binding.profile.multi_release.kind = "disabled"
methods.3.outcome.report.artifact.binding.registry = 71
methods.3.outcome.report.artifact.binding.rules = ["straight@1","if@1","loop@1","switch@1","lambda@1","concat@1","bridge@1","accessor@1","new@1","field@1","enumswitch@1","init@1","declaration@1","twr@1","monitor@1","finally@1"]
methods.3.outcome.report.artifact.binding.schema = 1
methods.3.outcome.report.artifact.binding.text_bytes = 217
methods.3.outcome.report.artifact.binding.text_digest = "a96a8ccdbbe6aa80f77feccbf4a4a60c"
methods.3.outcome.report.bridges = []
methods.3.outcome.report.compile_status = "not_attempted"
methods.3.outcome.report.concats = []
methods.3.outcome.report.content = "contains_statements"
methods.3.outcome.report.declaration = null
methods.3.outcome.report.diagnostics.0.code = "jre_recovery_produced"
methods.3.outcome.report.diagnostics.0.message = "1 region(s), 2 statement(s), 5 segment(s), 217 byte(s) written from 1 canonical block(s)"
methods.3.outcome.report.diagnostics.0.provenance = null
methods.3.outcome.report.diagnostics.0.severity = "info"
methods.3.outcome.report.diagnostics.1.code = "jre_declaration"
methods.3.outcome.report.diagnostics.1.message = "the artifact's envelope states the member's declaration under declaration@1: an instance method"
methods.3.outcome.report.diagnostics.1.provenance = null
methods.3.outcome.report.diagnostics.1.severity = "info"
methods.3.outcome.report.enum_switches = []
methods.3.outcome.report.evidence.categories.0.kind = "source_map"
methods.3.outcome.report.evidence.categories.0.state.state = "complete"
methods.3.outcome.report.evidence.categories.1.kind = "region_details"
methods.3.outcome.report.evidence.categories.1.state.state = "not_requested"
methods.3.outcome.report.evidence.categories.2.kind = "rule_details"
methods.3.outcome.report.evidence.categories.2.state.state = "not_requested"
methods.3.outcome.report.evidence.categories.3.kind = "name_details"
methods.3.outcome.report.evidence.categories.3.state.state = "not_requested"
methods.3.outcome.report.evidence.categories.4.kind = "read_details"
methods.3.outcome.report.evidence.categories.4.state.state = "not_requested"
methods.3.outcome.report.evidence.requested.driver_bci_range = null
methods.3.outcome.report.evidence.requested.expected_artifact = null
methods.3.outcome.report.evidence.requested.kinds = ["source_map"]
methods.3.outcome.report.execution.status = "complete"
methods.3.outcome.report.execution.usage.analysis_steps = 541
methods.3.outcome.report.execution.usage.archive_entries = 9
methods.3.outcome.report.execution.usage.attribute_bytes = 1105
methods.3.outcome.report.execution.usage.class_bytes = 1802
methods.3.outcome.report.execution.usage.class_headers = 1
methods.3.outcome.report.execution.usage.code_bytes = 25
methods.3.outcome.report.execution.usage.dependency_depth = 0
methods.3.outcome.report.execution.usage.elapsed_millis = 2
methods.3.outcome.report.execution.usage.entry_bytes = 901
methods.3.outcome.report.execution.usage.input_bytes = 902
methods.3.outcome.report.execution.usage.ir_edges = 12
methods.3.outcome.report.execution.usage.ir_items = 481
methods.3.outcome.report.execution.usage.method_bodies = 4
methods.3.outcome.report.execution.usage.nested_depth = 0
methods.3.outcome.report.execution.usage.normalization_clones = 0
methods.3.outcome.report.execution.usage.output_bytes = 1263
methods.3.outcome.report.execution.usage.read_bytes = 426
methods.3.outcome.report.execution.usage.result_items = 24
methods.3.outcome.report.fallbacks = []
methods.3.outcome.report.fields = []
methods.3.outcome.report.init = null
methods.3.outcome.report.lambdas = []
methods.3.outcome.report.method = "relay(Ljava/lang/Object;)V"
methods.3.outcome.report.news = []
methods.3.outcome.report.outcome = "produced"
methods.3.outcome.report.profile.java_release = 8
methods.3.outcome.report.profile.layout.kind = "generic"
methods.3.outcome.report.profile.multi_release.kind = "disabled"
methods.3.outcome.report.quality = "structured"
methods.3.outcome.report.regions = []
methods.3.outcome.report.representation = "java"
methods.3.outcome.report.rules = []
methods.3.outcome.report.semantic_validation = "unproven"
methods.3.outcome.report.source_map.segments.0.end = 193
methods.3.outcome.report.source_map.segments.0.origin.derived = []
methods.3.outcome.report.source_map.segments.0.origin.primary.bci = 0
methods.3.outcome.report.source_map.segments.0.origin.primary.cp = null
methods.3.outcome.report.source_map.segments.0.origin.primary.method.descriptor = [40,76,106,97,118,97,47,108,97,110,103,47,79,98,106,101,99,116,59,41,86]
methods.3.outcome.report.source_map.segments.0.origin.primary.method.name = [114,101,108,97,121]
methods.3.outcome.report.source_map.segments.0.origin.primary.method.owner.class_bytes.digest = "1464c16a1f0967c99f1496acd6fdaa70d15a80b1735599edf513882e531676eb"
methods.3.outcome.report.source_map.segments.0.origin.primary.method.owner.class_bytes.length = 901
methods.3.outcome.report.source_map.segments.0.origin.primary.method.owner.location.entry.ordinal = 2
methods.3.outcome.report.source_map.segments.0.origin.primary.method.owner.location.entry.origin.root_container = "root"
methods.3.outcome.report.source_map.segments.0.origin.primary.method.owner.location.entry.origin.snapshot = "0d2f16b8d148abfbb06c68ba51f9edbed891bfb5b3522c54e8e46eacc8562471"
methods.3.outcome.report.source_map.segments.0.origin.primary.method.owner.location.entry.origin.steps = []
methods.3.outcome.report.source_map.segments.0.origin.primary.method.owner.location.entry.raw_name = [83,97,109,101,78,97,109,101,79,118,101,114,108,111,97,100,46,99,108,97,115,115]
methods.3.outcome.report.source_map.segments.0.origin.primary.method.owner.location.kind = "archive_entry"
methods.3.outcome.report.source_map.segments.0.origin.primary.method.owner.variant.kind = "base"
methods.3.outcome.report.source_map.segments.0.origin.primary.provenance = "Direct"
methods.3.outcome.report.source_map.segments.0.start = 189
methods.3.outcome.report.source_map.segments.1.end = 200
methods.3.outcome.report.source_map.segments.1.origin.derived = []
methods.3.outcome.report.source_map.segments.1.origin.primary.bci = 1
methods.3.outcome.report.source_map.segments.1.origin.primary.cp = null
methods.3.outcome.report.source_map.segments.1.origin.primary.method.descriptor = [40,76,106,97,118,97,47,108,97,110,103,47,79,98,106,101,99,116,59,41,86]
methods.3.outcome.report.source_map.segments.1.origin.primary.method.name = [114,101,108,97,121]
methods.3.outcome.report.source_map.segments.1.origin.primary.method.owner.class_bytes.digest = "1464c16a1f0967c99f1496acd6fdaa70d15a80b1735599edf513882e531676eb"
methods.3.outcome.report.source_map.segments.1.origin.primary.method.owner.class_bytes.length = 901
methods.3.outcome.report.source_map.segments.1.origin.primary.method.owner.location.entry.ordinal = 2
methods.3.outcome.report.source_map.segments.1.origin.primary.method.owner.location.entry.origin.root_container = "root"
methods.3.outcome.report.source_map.segments.1.origin.primary.method.owner.location.entry.origin.snapshot = "0d2f16b8d148abfbb06c68ba51f9edbed891bfb5b3522c54e8e46eacc8562471"
methods.3.outcome.report.source_map.segments.1.origin.primary.method.owner.location.entry.origin.steps = []
methods.3.outcome.report.source_map.segments.1.origin.primary.method.owner.location.entry.raw_name = [83,97,109,101,78,97,109,101,79,118,101,114,108,111,97,100,46,99,108,97,115,115]
methods.3.outcome.report.source_map.segments.1.origin.primary.method.owner.location.kind = "archive_entry"
methods.3.outcome.report.source_map.segments.1.origin.primary.method.owner.variant.kind = "base"
methods.3.outcome.report.source_map.segments.1.origin.primary.provenance = "Direct"
methods.3.outcome.report.source_map.segments.1.start = 199
methods.3.outcome.report.source_map.segments.2.end = 201
methods.3.outcome.report.source_map.segments.2.origin.derived = []
methods.3.outcome.report.source_map.segments.2.origin.primary.bci = 2
methods.3.outcome.report.source_map.segments.2.origin.primary.cp = null
methods.3.outcome.report.source_map.segments.2.origin.primary.method.descriptor = [40,76,106,97,118,97,47,108,97,110,103,47,79,98,106,101,99,116,59,41,86]
methods.3.outcome.report.source_map.segments.2.origin.primary.method.name = [114,101,108,97,121]
methods.3.outcome.report.source_map.segments.2.origin.primary.method.owner.class_bytes.digest = "1464c16a1f0967c99f1496acd6fdaa70d15a80b1735599edf513882e531676eb"
methods.3.outcome.report.source_map.segments.2.origin.primary.method.owner.class_bytes.length = 901
methods.3.outcome.report.source_map.segments.2.origin.primary.method.owner.location.entry.ordinal = 2
methods.3.outcome.report.source_map.segments.2.origin.primary.method.owner.location.entry.origin.root_container = "root"
methods.3.outcome.report.source_map.segments.2.origin.primary.method.owner.location.entry.origin.snapshot = "0d2f16b8d148abfbb06c68ba51f9edbed891bfb5b3522c54e8e46eacc8562471"
methods.3.outcome.report.source_map.segments.2.origin.primary.method.owner.location.entry.origin.steps = []
methods.3.outcome.report.source_map.segments.2.origin.primary.method.owner.location.entry.raw_name = [83,97,109,101,78,97,109,101,79,118,101,114,108,111,97,100,46,99,108,97,115,115]
methods.3.outcome.report.source_map.segments.2.origin.primary.method.owner.location.kind = "archive_entry"
methods.3.outcome.report.source_map.segments.2.origin.primary.method.owner.variant.kind = "base"
methods.3.outcome.report.source_map.segments.2.origin.primary.provenance = "Direct"
methods.3.outcome.report.source_map.segments.2.start = 189
methods.3.outcome.report.source_map.segments.3.end = 203
methods.3.outcome.report.source_map.segments.3.origin.derived = []
methods.3.outcome.report.source_map.segments.3.origin.primary.bci = 2
methods.3.outcome.report.source_map.segments.3.origin.primary.cp = null
methods.3.outcome.report.source_map.segments.3.origin.primary.method.descriptor = [40,76,106,97,118,97,47,108,97,110,103,47,79,98,106,101,99,116,59,41,86]
methods.3.outcome.report.source_map.segments.3.origin.primary.method.name = [114,101,108,97,121]
methods.3.outcome.report.source_map.segments.3.origin.primary.method.owner.class_bytes.digest = "1464c16a1f0967c99f1496acd6fdaa70d15a80b1735599edf513882e531676eb"
methods.3.outcome.report.source_map.segments.3.origin.primary.method.owner.class_bytes.length = 901
methods.3.outcome.report.source_map.segments.3.origin.primary.method.owner.location.entry.ordinal = 2
methods.3.outcome.report.source_map.segments.3.origin.primary.method.owner.location.entry.origin.root_container = "root"
methods.3.outcome.report.source_map.segments.3.origin.primary.method.owner.location.entry.origin.snapshot = "0d2f16b8d148abfbb06c68ba51f9edbed891bfb5b3522c54e8e46eacc8562471"
methods.3.outcome.report.source_map.segments.3.origin.primary.method.owner.location.entry.origin.steps = []
methods.3.outcome.report.source_map.segments.3.origin.primary.method.owner.location.entry.raw_name = [83,97,109,101,78,97,109,101,79,118,101,114,108,111,97,100,46,99,108,97,115,115]
methods.3.outcome.report.source_map.segments.3.origin.primary.method.owner.location.kind = "archive_entry"
methods.3.outcome.report.source_map.segments.3.origin.primary.method.owner.variant.kind = "base"
methods.3.outcome.report.source_map.segments.3.origin.primary.provenance = "Direct"
methods.3.outcome.report.source_map.segments.3.start = 185
methods.3.outcome.report.source_map.segments.4.end = 215
methods.3.outcome.report.source_map.segments.4.origin.derived = []
methods.3.outcome.report.source_map.segments.4.origin.primary.bci = 5
methods.3.outcome.report.source_map.segments.4.origin.primary.cp = null
methods.3.outcome.report.source_map.segments.4.origin.primary.method.descriptor = [40,76,106,97,118,97,47,108,97,110,103,47,79,98,106,101,99,116,59,41,86]
methods.3.outcome.report.source_map.segments.4.origin.primary.method.name = [114,101,108,97,121]
methods.3.outcome.report.source_map.segments.4.origin.primary.method.owner.class_bytes.digest = "1464c16a1f0967c99f1496acd6fdaa70d15a80b1735599edf513882e531676eb"
methods.3.outcome.report.source_map.segments.4.origin.primary.method.owner.class_bytes.length = 901
methods.3.outcome.report.source_map.segments.4.origin.primary.method.owner.location.entry.ordinal = 2
methods.3.outcome.report.source_map.segments.4.origin.primary.method.owner.location.entry.origin.root_container = "root"
methods.3.outcome.report.source_map.segments.4.origin.primary.method.owner.location.entry.origin.snapshot = "0d2f16b8d148abfbb06c68ba51f9edbed891bfb5b3522c54e8e46eacc8562471"
methods.3.outcome.report.source_map.segments.4.origin.primary.method.owner.location.entry.origin.steps = []
methods.3.outcome.report.source_map.segments.4.origin.primary.method.owner.location.entry.raw_name = [83,97,109,101,78,97,109,101,79,118,101,114,108,111,97,100,46,99,108,97,115,115]
methods.3.outcome.report.source_map.segments.4.origin.primary.method.owner.location.kind = "archive_entry"
methods.3.outcome.report.source_map.segments.4.origin.primary.method.owner.variant.kind = "base"
methods.3.outcome.report.source_map.segments.4.origin.primary.provenance = "Direct"
methods.3.outcome.report.source_map.segments.4.start = 203
methods.3.outcome.report.syntax_status = "unchecked"
methods.3.outcome.report.text = "// @method relay(Ljava/lang/Object;)V\n// @declaration an instance method of `SameNameOverload`, member flags 0x0001\n// recovered from bytecode; presentation is not claimed to compile\n{\n    this.pick(x);\n    return;\n}\n"
methods.3.outcome.report.verification = "not_performed"
methods.3.parameter_annotations.attributes = []
methods.3.parameter_annotations.refusals = []
methods.3.parameter_annotations.uses_by_position = [[]]
methods.3.text = "    public void relay(T x) {\n        // jarde: generic Signature `(TT;)V` projected after descriptor erasure and same-run AST/Code/SSA straight-line void body proof; same-class call binding proved\n        // @method relay(Ljava/lang/Object;)V\n        // @declaration an instance method of `SameNameOverload`, member flags 0x0001\n        // recovered from bytecode; presentation is not claimed to compile\n        this.pick(x);\n        return;\n    }\n"
methods.3.type_annotations.attributes = []
methods.3.type_annotations.field_uses = []
methods.3.type_annotations.parameter_uses = [[]]
methods.3.type_annotations.refusals = []
methods.3.type_annotations.return_uses = []
nested_annotation_family.state = "absent"
nested_enum_family.state = "absent"
outcome = "performed"
stages = ["raw_facts","raw_cfg","legacy_normalization","canonical_cfg","frame","ssa"]
usage.analysis_steps = 1356
usage.archive_entries = 9
usage.attribute_bytes = 1257
usage.class_bytes = 1802
usage.class_headers = 1
usage.code_bytes = 25
usage.dependency_depth = 0
usage.elapsed_millis = 3
usage.entry_bytes = 901
usage.input_bytes = 902
usage.ir_edges = 12
usage.ir_items = 564
usage.method_bodies = 4
usage.nested_depth = 0
usage.normalization_clones = 0
usage.output_bytes = 4078
usage.read_bytes = 426
usage.result_items = 25
view.scope.kind = "snapshot_all"
view.snapshot = "0d2f16b8d148abfbb06c68ba51f9edbed891bfb5b3522c54e8e46eacc8562471"
