anonymous_interface_projection.state = "absent"
bridge_proofs = []
class.class_bytes.digest = "a97dedc85208bc832d60747c94d88e9f697bfca55f3eb7cd6c6cdfa2d8f903ac"
class.class_bytes.length = 541
class.location.entry.ordinal = 2
class.location.entry.origin.root_container = "root"
class.location.entry.origin.snapshot = "5c9c574f05323452c715f5977f261f1c4e608459fc4a11a0374d56ae762c1295"
class.location.entry.origin.steps = []
class.location.entry.raw_name = [67,97,116,99,104,67,97,108,108,77,97,114,107,101,114,46,99,108,97,115,115]
class.location.kind = "archive_entry"
class.variant.kind = "base"
coverage.artifact_structural.scanned.0.end = 3
coverage.artifact_structural.scanned.0.label = "central_directory_entries"
coverage.artifact_structural.scanned.0.start = 0
coverage.artifact_structural.scanned.1.end = 1
coverage.artifact_structural.scanned.1.label = "navigation_candidates"
coverage.artifact_structural.scanned.1.start = 0
coverage.artifact_structural.scanned.2.end = 1
coverage.artifact_structural.scanned.2.label = "class_fields"
coverage.artifact_structural.scanned.2.start = 0
coverage.artifact_structural.scanned.3.end = 2
coverage.artifact_structural.scanned.3.label = "class_methods"
coverage.artifact_structural.scanned.3.start = 0
coverage.artifact_structural.scanned.4.end = 2
coverage.artifact_structural.scanned.4.label = "class_source_bodies"
coverage.artifact_structural.scanned.4.start = 0
coverage.artifact_structural.skipped = []
coverage.artifact_structural.state = "complete_within_schema"
coverage.artifact_structural.uninterpreted_extensions = []
coverage.dynamic_analysis.scanned = []
coverage.dynamic_analysis.skipped = []
coverage.dynamic_analysis.state = "not_requested"
coverage.dynamic_analysis.uninterpreted_extensions = []
coverage.runtime_resolution.scanned = []
coverage.runtime_resolution.skipped = []
coverage.runtime_resolution.state = "not_requested"
coverage.runtime_resolution.uninterpreted_extensions = []
declaration.annotation_attributes = []
declaration.annotation_refusals = []
declaration.annotation_uses = []
declaration.declaration = "public class CatchCallMarker<T> extends java.lang.Object"
declaration.generic_refusal = null
declaration.generic_signature = [60,84,58,76,106,97,118,97,47,108,97,110,103,47,79,98,106,101,99,116,59,62,76,106,97,118,97,47,108,97,110,103,47,79,98,106,101,99,116,59]
declaration.item.binding.kind = "path_name_agrees"
declaration.item.declaration.access_flags = 33
declaration.item.declaration.interfaces = []
declaration.item.declaration.super_class.escaped = "java/lang/Object"
declaration.item.declaration.super_class.raw = [106,97,118,97,47,108,97,110,103,47,79,98,106,101,99,116]
declaration.item.declaration.super_class.utf16 = [106,97,118,97,47,108,97,110,103,47,79,98,106,101,99,116]
declaration.item.declaration.this_class.escaped = "CatchCallMarker"
declaration.item.declaration.this_class.raw = [67,97,116,99,104,67,97,108,108,77,97,114,107,101,114]
declaration.item.declaration.this_class.utf16 = [67,97,116,99,104,67,97,108,108,77,97,114,107,101,114]
declaration.item.definition.class_bytes.digest = "a97dedc85208bc832d60747c94d88e9f697bfca55f3eb7cd6c6cdfa2d8f903ac"
declaration.item.definition.class_bytes.length = 541
declaration.item.definition.location.entry.ordinal = 2
declaration.item.definition.location.entry.origin.root_container = "root"
declaration.item.definition.location.entry.origin.snapshot = "5c9c574f05323452c715f5977f261f1c4e608459fc4a11a0374d56ae762c1295"
declaration.item.definition.location.entry.origin.steps = []
declaration.item.definition.location.entry.raw_name = [67,97,116,99,104,67,97,108,108,77,97,114,107,101,114,46,99,108,97,115,115]
declaration.item.definition.location.kind = "archive_entry"
declaration.item.definition.variant.kind = "base"
declaration.item.member_table = null
declaration.name = "CatchCallMarker"
diagnostics = []
direct_override_proofs = []
enum_switch_proofs = []
execution.status = "complete"
execution.usage.analysis_steps = 2737
execution.usage.archive_entries = 9
execution.usage.attribute_bytes = 607
execution.usage.class_bytes = 1082
execution.usage.class_headers = 1
execution.usage.code_bytes = 38
execution.usage.dependency_depth = 0
execution.usage.elapsed_millis = 3
execution.usage.entry_bytes = 541
execution.usage.input_bytes = 815
execution.usage.ir_edges = 59
execution.usage.ir_items = 1118
execution.usage.method_bodies = 2
execution.usage.nested_depth = 0
execution.usage.normalization_clones = 0
execution.usage.output_bytes = 6248
execution.usage.read_bytes = 341
execution.usage.result_items = 19
fields.0.annotations.attributes = []
fields.0.annotations.refusals = []
fields.0.annotations.uses = []
fields.0.declaration = "public java.lang.Object value"
fields.0.item.access_flags = 1
fields.0.item.descriptor.escaped = "Ljava/lang/Object;"
fields.0.item.descriptor.raw = [76,106,97,118,97,47,108,97,110,103,47,79,98,106,101,99,116,59]
fields.0.item.descriptor.utf16 = [76,106,97,118,97,47,108,97,110,103,47,79,98,106,101,99,116,59]
fields.0.item.identity.member.descriptor = [76,106,97,118,97,47,108,97,110,103,47,79,98,106,101,99,116,59]
fields.0.item.identity.member.kind = "field"
fields.0.item.identity.member.name = [118,97,108,117,101]
fields.0.item.identity.owner.class_bytes.digest = "a97dedc85208bc832d60747c94d88e9f697bfca55f3eb7cd6c6cdfa2d8f903ac"
fields.0.item.identity.owner.class_bytes.length = 541
fields.0.item.identity.owner.location.entry.ordinal = 2
fields.0.item.identity.owner.location.entry.origin.root_container = "root"
fields.0.item.identity.owner.location.entry.origin.snapshot = "5c9c574f05323452c715f5977f261f1c4e608459fc4a11a0374d56ae762c1295"
fields.0.item.identity.owner.location.entry.origin.steps = []
fields.0.item.identity.owner.location.entry.raw_name = [67,97,116,99,104,67,97,108,108,77,97,114,107,101,114,46,99,108,97,115,115]
fields.0.item.identity.owner.location.kind = "archive_entry"
fields.0.item.identity.owner.variant.kind = "base"
fields.0.item.index = 0
fields.0.item.name.escaped = "value"
fields.0.item.name.raw = [118,97,108,117,101]
fields.0.item.name.utf16 = [118,97,108,117,101]
fields.0.markers = ["// jarde: field Signature projection refused for `valueLjava/lang/Object;`: unsupported (field_generic_write_source_unproved): writer <init>(Ljava/lang/Object;Z)V@11 has no closed SSA source"]
fields.0.type_annotations.attributes = []
fields.0.type_annotations.field_uses = []
fields.0.type_annotations.parameter_uses = []
fields.0.type_annotations.refusals = []
fields.0.type_annotations.return_uses = []
initializer_proof.kind = "not_applicable"
integer_constant_projections = []
limits.analysis_steps = 4194304
limits.archive_entries = 65536
limits.attribute_bytes = 67108864
limits.class_bytes = 67108864
limits.class_headers = 4096
limits.code_bytes = 16777216
limits.dependency_depth = 8
limits.elapsed_millis = 30000
limits.entry_bytes = 67108864
limits.input_bytes = 67108864
limits.ir_edges = 4194304
limits.ir_items = 4194304
limits.method_bodies = 4096
limits.nested_depth = 4
limits.normalization_clones = 1048576
limits.output_bytes = 16777216
limits.read_bytes = 67108864
limits.result_items = 65536
member_family.state = "absent"
methods.0.annotations.attributes = []
methods.0.annotations.refusals = []
methods.0.annotations.uses = []
methods.0.declaration = "public CatchCallMarker(T arg1, boolean arg2)"
methods.0.item.access_flags = 1
methods.0.item.body.content_span.length = 70
methods.0.item.body.content_span.start = 396
methods.0.item.body.kind = "code_attribute"
methods.0.item.descriptor.escaped = "(Ljava/lang/Object;Z)V"
methods.0.item.descriptor.raw = [40,76,106,97,118,97,47,108,97,110,103,47,79,98,106,101,99,116,59,90,41,86]
methods.0.item.descriptor.utf16 = [40,76,106,97,118,97,47,108,97,110,103,47,79,98,106,101,99,116,59,90,41,86]
methods.0.item.identity.descriptor = [40,76,106,97,118,97,47,108,97,110,103,47,79,98,106,101,99,116,59,90,41,86]
methods.0.item.identity.name = [60,105,110,105,116,62]
methods.0.item.identity.owner.class_bytes.digest = "a97dedc85208bc832d60747c94d88e9f697bfca55f3eb7cd6c6cdfa2d8f903ac"
methods.0.item.identity.owner.class_bytes.length = 541
methods.0.item.identity.owner.location.entry.ordinal = 2
methods.0.item.identity.owner.location.entry.origin.root_container = "root"
methods.0.item.identity.owner.location.entry.origin.snapshot = "5c9c574f05323452c715f5977f261f1c4e608459fc4a11a0374d56ae762c1295"
methods.0.item.identity.owner.location.entry.origin.steps = []
methods.0.item.identity.owner.location.entry.raw_name = [67,97,116,99,104,67,97,108,108,77,97,114,107,101,114,46,99,108,97,115,115]
methods.0.item.identity.owner.location.kind = "archive_entry"
methods.0.item.identity.owner.variant.kind = "base"
methods.0.item.index = 0
methods.0.item.name.escaped = "<init>"
methods.0.item.name.raw = [60,105,110,105,116,62]
methods.0.item.name.utf16 = [60,105,110,105,116,62]
methods.0.markers = ["// jarde: generic Signature `(TT;Z)V` projected after descriptor erasure and same-run AST/Code/SSA constructor body proof; same-class call binding proved"]
methods.0.no_body_kind = null
methods.0.outcome.analysis.diagnostics = 0
methods.0.outcome.analysis.execution.status = "complete"
methods.0.outcome.analysis.execution.usage.analysis_steps = 153
methods.0.outcome.analysis.execution.usage.archive_entries = 9
methods.0.outcome.analysis.execution.usage.attribute_bytes = 390
methods.0.outcome.analysis.execution.usage.class_bytes = 1082
methods.0.outcome.analysis.execution.usage.class_headers = 1
methods.0.outcome.analysis.execution.usage.code_bytes = 24
methods.0.outcome.analysis.execution.usage.dependency_depth = 0
methods.0.outcome.analysis.execution.usage.elapsed_millis = 1
methods.0.outcome.analysis.execution.usage.entry_bytes = 541
methods.0.outcome.analysis.execution.usage.input_bytes = 815
methods.0.outcome.analysis.execution.usage.ir_edges = 42
methods.0.outcome.analysis.execution.usage.ir_items = 410
methods.0.outcome.analysis.execution.usage.method_bodies = 1
methods.0.outcome.analysis.execution.usage.nested_depth = 0
methods.0.outcome.analysis.execution.usage.normalization_clones = 0
methods.0.outcome.analysis.execution.usage.output_bytes = 56
methods.0.outcome.analysis.execution.usage.read_bytes = 341
methods.0.outcome.analysis.execution.usage.result_items = 17
methods.0.outcome.kind = "recovered"
methods.0.outcome.report.accessors = []
methods.0.outcome.report.aliased_names = []
methods.0.outcome.report.artifact.agreement.state = "not_stated"
methods.0.outcome.report.artifact.binding.engine = "0.1.0"
methods.0.outcome.report.artifact.binding.environment.content = ["5c9c574f05323452c715f5977f261f1c4e608459fc4a11a0374d56ae762c1295"]
methods.0.outcome.report.artifact.binding.environment.domain_loaders = ["app"]
methods.0.outcome.report.artifact.binding.environment.providers = []
methods.0.outcome.report.artifact.binding.environment.runtime.load_domain.delegation.kind = "parent_first"
methods.0.outcome.report.artifact.binding.environment.runtime.load_domain.external_override = "none"
methods.0.outcome.report.artifact.binding.environment.runtime.load_domain.loader = "app"
methods.0.outcome.report.artifact.binding.environment.runtime.load_domain.module_mode.kind = "class_path"
methods.0.outcome.report.artifact.binding.environment.runtime.load_domain.parent_loader = null
methods.0.outcome.report.artifact.binding.environment.runtime.load_domain.roots.0.kind = "container"
methods.0.outcome.report.artifact.binding.environment.runtime.load_domain.roots.0.origin.root_container = "root"
methods.0.outcome.report.artifact.binding.environment.runtime.load_domain.roots.0.origin.snapshot = "5c9c574f05323452c715f5977f261f1c4e608459fc4a11a0374d56ae762c1295"
methods.0.outcome.report.artifact.binding.environment.runtime.load_domain.roots.0.origin.steps = []
methods.0.outcome.report.artifact.binding.environment.runtime.load_domain.roots.0.prefix = []
methods.0.outcome.report.artifact.binding.environment.runtime.load_domain.runtime_transformation = "none"
methods.0.outcome.report.artifact.binding.environment.runtime.physical.scope.kind = "snapshot_all"
methods.0.outcome.report.artifact.binding.environment.runtime.physical.snapshot = "5c9c574f05323452c715f5977f261f1c4e608459fc4a11a0374d56ae762c1295"
methods.0.outcome.report.artifact.binding.environment.runtime.profile.java_release = 8
methods.0.outcome.report.artifact.binding.environment.runtime.profile.layout.kind = "generic"
methods.0.outcome.report.artifact.binding.environment.runtime.profile.multi_release.kind = "disabled"
methods.0.outcome.report.artifact.binding.member_ordinal = 0
methods.0.outcome.report.artifact.binding.method.descriptor = [40,76,106,97,118,97,47,108,97,110,103,47,79,98,106,101,99,116,59,90,41,86]
methods.0.outcome.report.artifact.binding.method.name = [60,105,110,105,116,62]
methods.0.outcome.report.artifact.binding.method.owner.class_bytes.digest = "a97dedc85208bc832d60747c94d88e9f697bfca55f3eb7cd6c6cdfa2d8f903ac"
methods.0.outcome.report.artifact.binding.method.owner.class_bytes.length = 541
methods.0.outcome.report.artifact.binding.method.owner.location.entry.ordinal = 2
methods.0.outcome.report.artifact.binding.method.owner.location.entry.origin.root_container = "root"
methods.0.outcome.report.artifact.binding.method.owner.location.entry.origin.snapshot = "5c9c574f05323452c715f5977f261f1c4e608459fc4a11a0374d56ae762c1295"
methods.0.outcome.report.artifact.binding.method.owner.location.entry.origin.steps = []
methods.0.outcome.report.artifact.binding.method.owner.location.entry.raw_name = [67,97,116,99,104,67,97,108,108,77,97,114,107,101,114,46,99,108,97,115,115]
methods.0.outcome.report.artifact.binding.method.owner.location.kind = "archive_entry"
methods.0.outcome.report.artifact.binding.method.owner.variant.kind = "base"
methods.0.outcome.report.artifact.binding.profile.java_release = 8
methods.0.outcome.report.artifact.binding.profile.layout.kind = "generic"
methods.0.outcome.report.artifact.binding.profile.multi_release.kind = "disabled"
methods.0.outcome.report.artifact.binding.registry = 71
methods.0.outcome.report.artifact.binding.rules = ["straight@1","if@1","loop@1","switch@1","lambda@1","concat@1","bridge@1","accessor@1","new@1","field@1","enumswitch@1","init@1","declaration@1","twr@1","monitor@1","finally@1"]
methods.0.outcome.report.artifact.binding.schema = 1
methods.0.outcome.report.artifact.binding.text_bytes = 346
methods.0.outcome.report.artifact.binding.text_digest = "f75e95713e53bf920035f587b97b3978"
methods.0.outcome.report.bridges = []
methods.0.outcome.report.compile_status = "not_attempted"
methods.0.outcome.report.concats = []
methods.0.outcome.report.content = "contains_statements"
methods.0.outcome.report.declaration = null
methods.0.outcome.report.diagnostics.0.code = "jre_recovery_produced"
methods.0.outcome.report.diagnostics.0.message = "2 region(s), 5 statement(s), 12 segment(s), 346 byte(s) written from 3 canonical block(s)"
methods.0.outcome.report.diagnostics.0.provenance = null
methods.0.outcome.report.diagnostics.0.severity = "info"
methods.0.outcome.report.diagnostics.1.code = "jre_field_accesses"
methods.0.outcome.report.diagnostics.1.message = "2 field instruction(s) read under field@1: 2 presented, 0 refused"
methods.0.outcome.report.diagnostics.1.provenance = null
methods.0.outcome.report.diagnostics.1.severity = "info"
methods.0.outcome.report.diagnostics.2.code = "jre_constructor_prologue"
methods.0.outcome.report.diagnostics.2.message = "the body is an instance initializer and its prologue is written under init@1 as `super`: the call at BCI 1 names `java/lang/Object`, and the class that declares this constructor is `CatchCallMarker`"
methods.0.outcome.report.diagnostics.2.provenance = null
methods.0.outcome.report.diagnostics.2.severity = "info"
methods.0.outcome.report.diagnostics.3.code = "jre_declaration"
methods.0.outcome.report.diagnostics.3.message = "the artifact's envelope states the member's declaration under declaration@1: a constructor"
methods.0.outcome.report.diagnostics.3.provenance = null
methods.0.outcome.report.diagnostics.3.severity = "info"
methods.0.outcome.report.enum_switches = []
methods.0.outcome.report.evidence.categories.0.kind = "source_map"
methods.0.outcome.report.evidence.categories.0.state.state = "complete"
methods.0.outcome.report.evidence.categories.1.kind = "region_details"
methods.0.outcome.report.evidence.categories.1.state.state = "not_requested"
methods.0.outcome.report.evidence.categories.2.kind = "rule_details"
methods.0.outcome.report.evidence.categories.2.state.state = "not_requested"
methods.0.outcome.report.evidence.categories.3.kind = "name_details"
methods.0.outcome.report.evidence.categories.3.state.state = "not_requested"
methods.0.outcome.report.evidence.categories.4.kind = "read_details"
methods.0.outcome.report.evidence.categories.4.state.state = "not_requested"
methods.0.outcome.report.evidence.requested.driver_bci_range = null
methods.0.outcome.report.evidence.requested.expected_artifact = null
methods.0.outcome.report.evidence.requested.kinds = ["source_map"]
methods.0.outcome.report.execution.status = "complete"
methods.0.outcome.report.execution.usage.analysis_steps = 582
methods.0.outcome.report.execution.usage.archive_entries = 9
methods.0.outcome.report.execution.usage.attribute_bytes = 390
methods.0.outcome.report.execution.usage.class_bytes = 1082
methods.0.outcome.report.execution.usage.class_headers = 1
methods.0.outcome.report.execution.usage.code_bytes = 24
methods.0.outcome.report.execution.usage.dependency_depth = 0
methods.0.outcome.report.execution.usage.elapsed_millis = 2
methods.0.outcome.report.execution.usage.entry_bytes = 541
methods.0.outcome.report.execution.usage.input_bytes = 815
methods.0.outcome.report.execution.usage.ir_edges = 44
methods.0.outcome.report.execution.usage.ir_items = 604
methods.0.outcome.report.execution.usage.method_bodies = 1
methods.0.outcome.report.execution.usage.nested_depth = 0
methods.0.outcome.report.execution.usage.normalization_clones = 0
methods.0.outcome.report.execution.usage.output_bytes = 402
methods.0.outcome.report.execution.usage.read_bytes = 341
methods.0.outcome.report.execution.usage.result_items = 17
methods.0.outcome.report.fallbacks = []
methods.0.outcome.report.fields = []
methods.0.outcome.report.init = null
methods.0.outcome.report.lambdas = []
methods.0.outcome.report.method = "<init>(Ljava/lang/Object;Z)V"
methods.0.outcome.report.news = []
methods.0.outcome.report.outcome = "produced"
methods.0.outcome.report.profile.java_release = 8
methods.0.outcome.report.profile.layout.kind = "generic"
methods.0.outcome.report.profile.multi_release.kind = "disabled"
methods.0.outcome.report.quality = "structured"
methods.0.outcome.report.regions = []
methods.0.outcome.report.representation = "java"
methods.0.outcome.report.rules = []
methods.0.outcome.report.semantic_validation = "unproven"
methods.0.outcome.report.source_map.segments.0.end = 194
methods.0.outcome.report.source_map.segments.0.origin.derived.0.bci = 0
methods.0.outcome.report.source_map.segments.0.origin.derived.0.cp = null
methods.0.outcome.report.source_map.segments.0.origin.derived.0.method.descriptor = [40,76,106,97,118,97,47,108,97,110,103,47,79,98,106,101,99,116,59,90,41,86]
methods.0.outcome.report.source_map.segments.0.origin.derived.0.method.name = [60,105,110,105,116,62]
methods.0.outcome.report.source_map.segments.0.origin.derived.0.method.owner.class_bytes.digest = "a97dedc85208bc832d60747c94d88e9f697bfca55f3eb7cd6c6cdfa2d8f903ac"
methods.0.outcome.report.source_map.segments.0.origin.derived.0.method.owner.class_bytes.length = 541
methods.0.outcome.report.source_map.segments.0.origin.derived.0.method.owner.location.entry.ordinal = 2
methods.0.outcome.report.source_map.segments.0.origin.derived.0.method.owner.location.entry.origin.root_container = "root"
methods.0.outcome.report.source_map.segments.0.origin.derived.0.method.owner.location.entry.origin.snapshot = "5c9c574f05323452c715f5977f261f1c4e608459fc4a11a0374d56ae762c1295"
methods.0.outcome.report.source_map.segments.0.origin.derived.0.method.owner.location.entry.origin.steps = []
methods.0.outcome.report.source_map.segments.0.origin.derived.0.method.owner.location.entry.raw_name = [67,97,116,99,104,67,97,108,108,77,97,114,107,101,114,46,99,108,97,115,115]
methods.0.outcome.report.source_map.segments.0.origin.derived.0.method.owner.location.kind = "archive_entry"
methods.0.outcome.report.source_map.segments.0.origin.derived.0.method.owner.variant.kind = "base"
methods.0.outcome.report.source_map.segments.0.origin.derived.0.provenance = "Derived"
methods.0.outcome.report.source_map.segments.0.origin.primary.bci = 1
methods.0.outcome.report.source_map.segments.0.origin.primary.cp = null
methods.0.outcome.report.source_map.segments.0.origin.primary.method.descriptor = [40,76,106,97,118,97,47,108,97,110,103,47,79,98,106,101,99,116,59,90,41,86]
methods.0.outcome.report.source_map.segments.0.origin.primary.method.name = [60,105,110,105,116,62]
methods.0.outcome.report.source_map.segments.0.origin.primary.method.owner.class_bytes.digest = "a97dedc85208bc832d60747c94d88e9f697bfca55f3eb7cd6c6cdfa2d8f903ac"
methods.0.outcome.report.source_map.segments.0.origin.primary.method.owner.class_bytes.length = 541
methods.0.outcome.report.source_map.segments.0.origin.primary.method.owner.location.entry.ordinal = 2
methods.0.outcome.report.source_map.segments.0.origin.primary.method.owner.location.entry.origin.root_container = "root"
methods.0.outcome.report.source_map.segments.0.origin.primary.method.owner.location.entry.origin.snapshot = "5c9c574f05323452c715f5977f261f1c4e608459fc4a11a0374d56ae762c1295"
methods.0.outcome.report.source_map.segments.0.origin.primary.method.owner.location.entry.origin.steps = []
methods.0.outcome.report.source_map.segments.0.origin.primary.method.owner.location.entry.raw_name = [67,97,116,99,104,67,97,108,108,77,97,114,107,101,114,46,99,108,97,115,115]
methods.0.outcome.report.source_map.segments.0.origin.primary.method.owner.location.kind = "archive_entry"
methods.0.outcome.report.source_map.segments.0.origin.primary.method.owner.variant.kind = "base"
methods.0.outcome.report.source_map.segments.0.origin.primary.provenance = "Direct"
methods.0.outcome.report.source_map.segments.0.start = 181
methods.0.outcome.report.source_map.segments.1.end = 216
methods.0.outcome.report.source_map.segments.1.origin.derived = []
methods.0.outcome.report.source_map.segments.1.origin.primary.bci = 4
methods.0.outcome.report.source_map.segments.1.origin.primary.cp = null
methods.0.outcome.report.source_map.segments.1.origin.primary.method.descriptor = [40,76,106,97,118,97,47,108,97,110,103,47,79,98,106,101,99,116,59,90,41,86]
methods.0.outcome.report.source_map.segments.1.origin.primary.method.name = [60,105,110,105,116,62]
methods.0.outcome.report.source_map.segments.1.origin.primary.method.owner.class_bytes.digest = "a97dedc85208bc832d60747c94d88e9f697bfca55f3eb7cd6c6cdfa2d8f903ac"
methods.0.outcome.report.source_map.segments.1.origin.primary.method.owner.class_bytes.length = 541
methods.0.outcome.report.source_map.segments.1.origin.primary.method.owner.location.entry.ordinal = 2
methods.0.outcome.report.source_map.segments.1.origin.primary.method.owner.location.entry.origin.root_container = "root"
methods.0.outcome.report.source_map.segments.1.origin.primary.method.owner.location.entry.origin.snapshot = "5c9c574f05323452c715f5977f261f1c4e608459fc4a11a0374d56ae762c1295"
methods.0.outcome.report.source_map.segments.1.origin.primary.method.owner.location.entry.origin.steps = []
methods.0.outcome.report.source_map.segments.1.origin.primary.method.owner.location.entry.raw_name = [67,97,116,99,104,67,97,108,108,77,97,114,107,101,114,46,99,108,97,115,115]
methods.0.outcome.report.source_map.segments.1.origin.primary.method.owner.location.kind = "archive_entry"
methods.0.outcome.report.source_map.segments.1.origin.primary.method.owner.variant.kind = "base"
methods.0.outcome.report.source_map.segments.1.origin.primary.provenance = "Direct"
methods.0.outcome.report.source_map.segments.1.start = 212
methods.0.outcome.report.source_map.segments.2.end = 229
methods.0.outcome.report.source_map.segments.2.origin.derived = []
methods.0.outcome.report.source_map.segments.2.origin.primary.bci = 5
methods.0.outcome.report.source_map.segments.2.origin.primary.cp = null
methods.0.outcome.report.source_map.segments.2.origin.primary.method.descriptor = [40,76,106,97,118,97,47,108,97,110,103,47,79,98,106,101,99,116,59,90,41,86]
methods.0.outcome.report.source_map.segments.2.origin.primary.method.name = [60,105,110,105,116,62]
methods.0.outcome.report.source_map.segments.2.origin.primary.method.owner.class_bytes.digest = "a97dedc85208bc832d60747c94d88e9f697bfca55f3eb7cd6c6cdfa2d8f903ac"
methods.0.outcome.report.source_map.segments.2.origin.primary.method.owner.class_bytes.length = 541
methods.0.outcome.report.source_map.segments.2.origin.primary.method.owner.location.entry.ordinal = 2
methods.0.outcome.report.source_map.segments.2.origin.primary.method.owner.location.entry.origin.root_container = "root"
methods.0.outcome.report.source_map.segments.2.origin.primary.method.owner.location.entry.origin.snapshot = "5c9c574f05323452c715f5977f261f1c4e608459fc4a11a0374d56ae762c1295"
methods.0.outcome.report.source_map.segments.2.origin.primary.method.owner.location.entry.origin.steps = []
methods.0.outcome.report.source_map.segments.2.origin.primary.method.owner.location.entry.raw_name = [67,97,116,99,104,67,97,108,108,77,97,114,107,101,114,46,99,108,97,115,115]
methods.0.outcome.report.source_map.segments.2.origin.primary.method.owner.location.kind = "archive_entry"
methods.0.outcome.report.source_map.segments.2.origin.primary.method.owner.variant.kind = "base"
methods.0.outcome.report.source_map.segments.2.origin.primary.provenance = "Direct"
methods.0.outcome.report.source_map.segments.2.start = 225
methods.0.outcome.report.source_map.segments.3.end = 240
methods.0.outcome.report.source_map.segments.3.origin.derived = []
methods.0.outcome.report.source_map.segments.3.origin.primary.bci = 6
methods.0.outcome.report.source_map.segments.3.origin.primary.cp = null
methods.0.outcome.report.source_map.segments.3.origin.primary.method.descriptor = [40,76,106,97,118,97,47,108,97,110,103,47,79,98,106,101,99,116,59,90,41,86]
methods.0.outcome.report.source_map.segments.3.origin.primary.method.name = [60,105,110,105,116,62]
methods.0.outcome.report.source_map.segments.3.origin.primary.method.owner.class_bytes.digest = "a97dedc85208bc832d60747c94d88e9f697bfca55f3eb7cd6c6cdfa2d8f903ac"
methods.0.outcome.report.source_map.segments.3.origin.primary.method.owner.class_bytes.length = 541
methods.0.outcome.report.source_map.segments.3.origin.primary.method.owner.location.entry.ordinal = 2
methods.0.outcome.report.source_map.segments.3.origin.primary.method.owner.location.entry.origin.root_container = "root"
methods.0.outcome.report.source_map.segments.3.origin.primary.method.owner.location.entry.origin.snapshot = "5c9c574f05323452c715f5977f261f1c4e608459fc4a11a0374d56ae762c1295"
methods.0.outcome.report.source_map.segments.3.origin.primary.method.owner.location.entry.origin.steps = []
methods.0.outcome.report.source_map.segments.3.origin.primary.method.owner.location.entry.raw_name = [67,97,116,99,104,67,97,108,108,77,97,114,107,101,114,46,99,108,97,115,115]
methods.0.outcome.report.source_map.segments.3.origin.primary.method.owner.location.kind = "archive_entry"
methods.0.outcome.report.source_map.segments.3.origin.primary.method.owner.variant.kind = "base"
methods.0.outcome.report.source_map.segments.3.origin.primary.provenance = "Direct"
methods.0.outcome.report.source_map.segments.3.start = 236
methods.0.outcome.report.source_map.segments.4.end = 246
methods.0.outcome.report.source_map.segments.4.origin.derived = []
methods.0.outcome.report.source_map.segments.4.origin.primary.bci = 7
methods.0.outcome.report.source_map.segments.4.origin.primary.cp = null
methods.0.outcome.report.source_map.segments.4.origin.primary.method.descriptor = [40,76,106,97,118,97,47,108,97,110,103,47,79,98,106,101,99,116,59,90,41,86]
methods.0.outcome.report.source_map.segments.4.origin.primary.method.name = [60,105,110,105,116,62]
methods.0.outcome.report.source_map.segments.4.origin.primary.method.owner.class_bytes.digest = "a97dedc85208bc832d60747c94d88e9f697bfca55f3eb7cd6c6cdfa2d8f903ac"
methods.0.outcome.report.source_map.segments.4.origin.primary.method.owner.class_bytes.length = 541
methods.0.outcome.report.source_map.segments.4.origin.primary.method.owner.location.entry.ordinal = 2
methods.0.outcome.report.source_map.segments.4.origin.primary.method.owner.location.entry.origin.root_container = "root"
methods.0.outcome.report.source_map.segments.4.origin.primary.method.owner.location.entry.origin.snapshot = "5c9c574f05323452c715f5977f261f1c4e608459fc4a11a0374d56ae762c1295"
methods.0.outcome.report.source_map.segments.4.origin.primary.method.owner.location.entry.origin.steps = []
methods.0.outcome.report.source_map.segments.4.origin.primary.method.owner.location.entry.raw_name = [67,97,116,99,104,67,97,108,108,77,97,114,107,101,114,46,99,108,97,115,115]
methods.0.outcome.report.source_map.segments.4.origin.primary.method.owner.location.kind = "archive_entry"
methods.0.outcome.report.source_map.segments.4.origin.primary.method.owner.variant.kind = "base"
methods.0.outcome.report.source_map.segments.4.origin.primary.provenance = "Direct"
methods.0.outcome.report.source_map.segments.4.start = 242
methods.0.outcome.report.source_map.segments.5.end = 247
methods.0.outcome.report.source_map.segments.5.origin.derived = []
methods.0.outcome.report.source_map.segments.5.origin.primary.bci = 8
methods.0.outcome.report.source_map.segments.5.origin.primary.cp = null
methods.0.outcome.report.source_map.segments.5.origin.primary.method.descriptor = [40,76,106,97,118,97,47,108,97,110,103,47,79,98,106,101,99,116,59,90,41,86]
methods.0.outcome.report.source_map.segments.5.origin.primary.method.name = [60,105,110,105,116,62]
methods.0.outcome.report.source_map.segments.5.origin.primary.method.owner.class_bytes.digest = "a97dedc85208bc832d60747c94d88e9f697bfca55f3eb7cd6c6cdfa2d8f903ac"
methods.0.outcome.report.source_map.segments.5.origin.primary.method.owner.class_bytes.length = 541
methods.0.outcome.report.source_map.segments.5.origin.primary.method.owner.location.entry.ordinal = 2
methods.0.outcome.report.source_map.segments.5.origin.primary.method.owner.location.entry.origin.root_container = "root"
methods.0.outcome.report.source_map.segments.5.origin.primary.method.owner.location.entry.origin.snapshot = "5c9c574f05323452c715f5977f261f1c4e608459fc4a11a0374d56ae762c1295"
methods.0.outcome.report.source_map.segments.5.origin.primary.method.owner.location.entry.origin.steps = []
methods.0.outcome.report.source_map.segments.5.origin.primary.method.owner.location.entry.raw_name = [67,97,116,99,104,67,97,108,108,77,97,114,107,101,114,46,99,108,97,115,115]
methods.0.outcome.report.source_map.segments.5.origin.primary.method.owner.location.kind = "archive_entry"
methods.0.outcome.report.source_map.segments.5.origin.primary.method.owner.variant.kind = "base"
methods.0.outcome.report.source_map.segments.5.origin.primary.provenance = "Direct"
methods.0.outcome.report.source_map.segments.5.start = 225
methods.0.outcome.report.source_map.segments.6.end = 249
methods.0.outcome.report.source_map.segments.6.origin.derived = []
methods.0.outcome.report.source_map.segments.6.origin.primary.bci = 11
methods.0.outcome.report.source_map.segments.6.origin.primary.cp = null
methods.0.outcome.report.source_map.segments.6.origin.primary.method.descriptor = [40,76,106,97,118,97,47,108,97,110,103,47,79,98,106,101,99,116,59,90,41,86]
methods.0.outcome.report.source_map.segments.6.origin.primary.method.name = [60,105,110,105,116,62]
methods.0.outcome.report.source_map.segments.6.origin.primary.method.owner.class_bytes.digest = "a97dedc85208bc832d60747c94d88e9f697bfca55f3eb7cd6c6cdfa2d8f903ac"
methods.0.outcome.report.source_map.segments.6.origin.primary.method.owner.class_bytes.length = 541
methods.0.outcome.report.source_map.segments.6.origin.primary.method.owner.location.entry.ordinal = 2
methods.0.outcome.report.source_map.segments.6.origin.primary.method.owner.location.entry.origin.root_container = "root"
methods.0.outcome.report.source_map.segments.6.origin.primary.method.owner.location.entry.origin.snapshot = "5c9c574f05323452c715f5977f261f1c4e608459fc4a11a0374d56ae762c1295"
methods.0.outcome.report.source_map.segments.6.origin.primary.method.owner.location.entry.origin.steps = []
methods.0.outcome.report.source_map.segments.6.origin.primary.method.owner.location.entry.raw_name = [67,97,116,99,104,67,97,108,108,77,97,114,107,101,114,46,99,108,97,115,115]
methods.0.outcome.report.source_map.segments.6.origin.primary.method.owner.location.kind = "archive_entry"
methods.0.outcome.report.source_map.segments.6.origin.primary.method.owner.variant.kind = "base"
methods.0.outcome.report.source_map.segments.6.origin.primary.provenance = "Direct"
methods.0.outcome.report.source_map.segments.6.start = 204
methods.0.outcome.report.source_map.segments.7.end = 311
methods.0.outcome.report.source_map.segments.7.origin.derived = []
methods.0.outcome.report.source_map.segments.7.origin.primary.bci = 18
methods.0.outcome.report.source_map.segments.7.origin.primary.cp = null
methods.0.outcome.report.source_map.segments.7.origin.primary.method.descriptor = [40,76,106,97,118,97,47,108,97,110,103,47,79,98,106,101,99,116,59,90,41,86]
methods.0.outcome.report.source_map.segments.7.origin.primary.method.name = [60,105,110,105,116,62]
methods.0.outcome.report.source_map.segments.7.origin.primary.method.owner.class_bytes.digest = "a97dedc85208bc832d60747c94d88e9f697bfca55f3eb7cd6c6cdfa2d8f903ac"
methods.0.outcome.report.source_map.segments.7.origin.primary.method.owner.class_bytes.length = 541
methods.0.outcome.report.source_map.segments.7.origin.primary.method.owner.location.entry.ordinal = 2
methods.0.outcome.report.source_map.segments.7.origin.primary.method.owner.location.entry.origin.root_container = "root"
methods.0.outcome.report.source_map.segments.7.origin.primary.method.owner.location.entry.origin.snapshot = "5c9c574f05323452c715f5977f261f1c4e608459fc4a11a0374d56ae762c1295"
methods.0.outcome.report.source_map.segments.7.origin.primary.method.owner.location.entry.origin.steps = []
methods.0.outcome.report.source_map.segments.7.origin.primary.method.owner.location.entry.raw_name = [67,97,116,99,104,67,97,108,108,77,97,114,107,101,114,46,99,108,97,115,115]
methods.0.outcome.report.source_map.segments.7.origin.primary.method.owner.location.kind = "archive_entry"
methods.0.outcome.report.source_map.segments.7.origin.primary.method.owner.variant.kind = "base"
methods.0.outcome.report.source_map.segments.7.origin.primary.provenance = "Direct"
methods.0.outcome.report.source_map.segments.7.start = 307
methods.0.outcome.report.source_map.segments.8.end = 324
methods.0.outcome.report.source_map.segments.8.origin.derived = []
methods.0.outcome.report.source_map.segments.8.origin.primary.bci = 19
methods.0.outcome.report.source_map.segments.8.origin.primary.cp = null
methods.0.outcome.report.source_map.segments.8.origin.primary.method.descriptor = [40,76,106,97,118,97,47,108,97,110,103,47,79,98,106,101,99,116,59,90,41,86]
methods.0.outcome.report.source_map.segments.8.origin.primary.method.name = [60,105,110,105,116,62]
methods.0.outcome.report.source_map.segments.8.origin.primary.method.owner.class_bytes.digest = "a97dedc85208bc832d60747c94d88e9f697bfca55f3eb7cd6c6cdfa2d8f903ac"
methods.0.outcome.report.source_map.segments.8.origin.primary.method.owner.class_bytes.length = 541
methods.0.outcome.report.source_map.segments.8.origin.primary.method.owner.location.entry.ordinal = 2
methods.0.outcome.report.source_map.segments.8.origin.primary.method.owner.location.entry.origin.root_container = "root"
methods.0.outcome.report.source_map.segments.8.origin.primary.method.owner.location.entry.origin.snapshot = "5c9c574f05323452c715f5977f261f1c4e608459fc4a11a0374d56ae762c1295"
methods.0.outcome.report.source_map.segments.8.origin.primary.method.owner.location.entry.origin.steps = []
methods.0.outcome.report.source_map.segments.8.origin.primary.method.owner.location.entry.raw_name = [67,97,116,99,104,67,97,108,108,77,97,114,107,101,114,46,99,108,97,115,115]
methods.0.outcome.report.source_map.segments.8.origin.primary.method.owner.location.kind = "archive_entry"
methods.0.outcome.report.source_map.segments.8.origin.primary.method.owner.variant.kind = "base"
methods.0.outcome.report.source_map.segments.8.origin.primary.provenance = "Direct"
methods.0.outcome.report.source_map.segments.8.start = 320
methods.0.outcome.report.source_map.segments.9.end = 326
methods.0.outcome.report.source_map.segments.9.origin.derived = []
methods.0.outcome.report.source_map.segments.9.origin.primary.bci = 20
methods.0.outcome.report.source_map.segments.9.origin.primary.cp = null
methods.0.outcome.report.source_map.segments.9.origin.primary.method.descriptor = [40,76,106,97,118,97,47,108,97,110,103,47,79,98,106,101,99,116,59,90,41,86]
methods.0.outcome.report.source_map.segments.9.origin.primary.method.name = [60,105,110,105,116,62]
methods.0.outcome.report.source_map.segments.9.origin.primary.method.owner.class_bytes.digest = "a97dedc85208bc832d60747c94d88e9f697bfca55f3eb7cd6c6cdfa2d8f903ac"
methods.0.outcome.report.source_map.segments.9.origin.primary.method.owner.class_bytes.length = 541
methods.0.outcome.report.source_map.segments.9.origin.primary.method.owner.location.entry.ordinal = 2
methods.0.outcome.report.source_map.segments.9.origin.primary.method.owner.location.entry.origin.root_container = "root"
methods.0.outcome.report.source_map.segments.9.origin.primary.method.owner.location.entry.origin.snapshot = "5c9c574f05323452c715f5977f261f1c4e608459fc4a11a0374d56ae762c1295"
methods.0.outcome.report.source_map.segments.9.origin.primary.method.owner.location.entry.origin.steps = []
methods.0.outcome.report.source_map.segments.9.origin.primary.method.owner.location.entry.raw_name = [67,97,116,99,104,67,97,108,108,77,97,114,107,101,114,46,99,108,97,115,115]
methods.0.outcome.report.source_map.segments.9.origin.primary.method.owner.location.kind = "archive_entry"
methods.0.outcome.report.source_map.segments.9.origin.primary.method.owner.variant.kind = "base"
methods.0.outcome.report.source_map.segments.9.origin.primary.provenance = "Direct"
methods.0.outcome.report.source_map.segments.9.start = 299
methods.0.outcome.report.source_map.segments.10.end = 332
methods.0.outcome.report.source_map.segments.10.origin.derived.0.bci = 17
methods.0.outcome.report.source_map.segments.10.origin.derived.0.cp = null
methods.0.outcome.report.source_map.segments.10.origin.derived.0.method.descriptor = [40,76,106,97,118,97,47,108,97,110,103,47,79,98,106,101,99,116,59,90,41,86]
methods.0.outcome.report.source_map.segments.10.origin.derived.0.method.name = [60,105,110,105,116,62]
methods.0.outcome.report.source_map.segments.10.origin.derived.0.method.owner.class_bytes.digest = "a97dedc85208bc832d60747c94d88e9f697bfca55f3eb7cd6c6cdfa2d8f903ac"
methods.0.outcome.report.source_map.segments.10.origin.derived.0.method.owner.class_bytes.length = 541
methods.0.outcome.report.source_map.segments.10.origin.derived.0.method.owner.location.entry.ordinal = 2
methods.0.outcome.report.source_map.segments.10.origin.derived.0.method.owner.location.entry.origin.root_container = "root"
methods.0.outcome.report.source_map.segments.10.origin.derived.0.method.owner.location.entry.origin.snapshot = "5c9c574f05323452c715f5977f261f1c4e608459fc4a11a0374d56ae762c1295"
methods.0.outcome.report.source_map.segments.10.origin.derived.0.method.owner.location.entry.origin.steps = []
methods.0.outcome.report.source_map.segments.10.origin.derived.0.method.owner.location.entry.raw_name = [67,97,116,99,104,67,97,108,108,77,97,114,107,101,114,46,99,108,97,115,115]
methods.0.outcome.report.source_map.segments.10.origin.derived.0.method.owner.location.kind = "archive_entry"
methods.0.outcome.report.source_map.segments.10.origin.derived.0.method.owner.variant.kind = "base"
methods.0.outcome.report.source_map.segments.10.origin.derived.0.provenance = "Derived"
methods.0.outcome.report.source_map.segments.10.origin.primary.bci = 0
methods.0.outcome.report.source_map.segments.10.origin.primary.cp = null
methods.0.outcome.report.source_map.segments.10.origin.primary.method.descriptor = [40,76,106,97,118,97,47,108,97,110,103,47,79,98,106,101,99,116,59,90,41,86]
methods.0.outcome.report.source_map.segments.10.origin.primary.method.name = [60,105,110,105,116,62]
methods.0.outcome.report.source_map.segments.10.origin.primary.method.owner.class_bytes.digest = "a97dedc85208bc832d60747c94d88e9f697bfca55f3eb7cd6c6cdfa2d8f903ac"
methods.0.outcome.report.source_map.segments.10.origin.primary.method.owner.class_bytes.length = 541
methods.0.outcome.report.source_map.segments.10.origin.primary.method.owner.location.entry.ordinal = 2
methods.0.outcome.report.source_map.segments.10.origin.primary.method.owner.location.entry.origin.root_container = "root"
methods.0.outcome.report.source_map.segments.10.origin.primary.method.owner.location.entry.origin.snapshot = "5c9c574f05323452c715f5977f261f1c4e608459fc4a11a0374d56ae762c1295"
methods.0.outcome.report.source_map.segments.10.origin.primary.method.owner.location.entry.origin.steps = []
methods.0.outcome.report.source_map.segments.10.origin.primary.method.owner.location.entry.raw_name = [67,97,116,99,104,67,97,108,108,77,97,114,107,101,114,46,99,108,97,115,115]
methods.0.outcome.report.source_map.segments.10.origin.primary.method.owner.location.kind = "archive_entry"
methods.0.outcome.report.source_map.segments.10.origin.primary.method.owner.variant.kind = "base"
methods.0.outcome.report.source_map.segments.10.origin.primary.provenance = "Direct"
methods.0.outcome.report.source_map.segments.10.start = 194
methods.0.outcome.report.source_map.segments.11.end = 344
methods.0.outcome.report.source_map.segments.11.origin.derived = []
methods.0.outcome.report.source_map.segments.11.origin.primary.bci = 23
methods.0.outcome.report.source_map.segments.11.origin.primary.cp = null
methods.0.outcome.report.source_map.segments.11.origin.primary.method.descriptor = [40,76,106,97,118,97,47,108,97,110,103,47,79,98,106,101,99,116,59,90,41,86]
methods.0.outcome.report.source_map.segments.11.origin.primary.method.name = [60,105,110,105,116,62]
methods.0.outcome.report.source_map.segments.11.origin.primary.method.owner.class_bytes.digest = "a97dedc85208bc832d60747c94d88e9f697bfca55f3eb7cd6c6cdfa2d8f903ac"
methods.0.outcome.report.source_map.segments.11.origin.primary.method.owner.class_bytes.length = 541
methods.0.outcome.report.source_map.segments.11.origin.primary.method.owner.location.entry.ordinal = 2
methods.0.outcome.report.source_map.segments.11.origin.primary.method.owner.location.entry.origin.root_container = "root"
methods.0.outcome.report.source_map.segments.11.origin.primary.method.owner.location.entry.origin.snapshot = "5c9c574f05323452c715f5977f261f1c4e608459fc4a11a0374d56ae762c1295"
methods.0.outcome.report.source_map.segments.11.origin.primary.method.owner.location.entry.origin.steps = []
methods.0.outcome.report.source_map.segments.11.origin.primary.method.owner.location.entry.raw_name = [67,97,116,99,104,67,97,108,108,77,97,114,107,101,114,46,99,108,97,115,115]
methods.0.outcome.report.source_map.segments.11.origin.primary.method.owner.location.kind = "archive_entry"
methods.0.outcome.report.source_map.segments.11.origin.primary.method.owner.variant.kind = "base"
methods.0.outcome.report.source_map.segments.11.origin.primary.provenance = "Direct"
methods.0.outcome.report.source_map.segments.11.start = 332
methods.0.outcome.report.syntax_status = "unchecked"
methods.0.outcome.report.text = "// @method <init>(Ljava/lang/Object;Z)V\n// @declaration a constructor of `CatchCallMarker`, member flags 0x0001\n// recovered from bytecode; presentation is not claimed to compile\n{\n    super();\n    try {\n        this.value = this.maybe(arg1, arg2);\n    } catch (java.lang.RuntimeException local3) {\n        this.value = null;\n    }\n    return;\n}\n"
methods.0.outcome.report.verification = "not_performed"
methods.0.parameter_annotations.attributes = []
methods.0.parameter_annotations.refusals = []
methods.0.parameter_annotations.uses_by_position = [[],[]]
methods.0.text = "    public CatchCallMarker(T arg1, boolean arg2) {\n        // jarde: generic Signature `(TT;Z)V` projected after descriptor erasure and same-run AST/Code/SSA constructor body proof; same-class call binding proved\n        // @method <init>(Ljava/lang/Object;Z)V\n        // @declaration a constructor of `CatchCallMarker`, member flags 0x0001\n        // recovered from bytecode; presentation is not claimed to compile\n        super();\n        try {\n            this.value = this.maybe(arg1, arg2);\n        } catch (java.lang.RuntimeException local3) {\n            this.value = null;\n        }\n        return;\n    }\n"
methods.0.type_annotations.attributes = []
methods.0.type_annotations.field_uses = []
methods.0.type_annotations.parameter_uses = [[],[]]
methods.0.type_annotations.refusals = []
methods.0.type_annotations.return_uses = []
methods.1.annotations.attributes = []
methods.1.annotations.refusals = []
methods.1.annotations.uses = []
methods.1.declaration = "private T maybe(T arg1, boolean arg2)"
methods.1.item.access_flags = 2
methods.1.item.body.content_span.length = 35
methods.1.item.body.content_span.start = 488
methods.1.item.body.kind = "code_attribute"
methods.1.item.descriptor.escaped = "(Ljava/lang/Object;Z)Ljava/lang/Object;"
methods.1.item.descriptor.raw = [40,76,106,97,118,97,47,108,97,110,103,47,79,98,106,101,99,116,59,90,41,76,106,97,118,97,47,108,97,110,103,47,79,98,106,101,99,116,59]
methods.1.item.descriptor.utf16 = [40,76,106,97,118,97,47,108,97,110,103,47,79,98,106,101,99,116,59,90,41,76,106,97,118,97,47,108,97,110,103,47,79,98,106,101,99,116,59]
methods.1.item.identity.descriptor = [40,76,106,97,118,97,47,108,97,110,103,47,79,98,106,101,99,116,59,90,41,76,106,97,118,97,47,108,97,110,103,47,79,98,106,101,99,116,59]
methods.1.item.identity.name = [109,97,121,98,101]
methods.1.item.identity.owner.class_bytes.digest = "a97dedc85208bc832d60747c94d88e9f697bfca55f3eb7cd6c6cdfa2d8f903ac"
methods.1.item.identity.owner.class_bytes.length = 541
methods.1.item.identity.owner.location.entry.ordinal = 2
methods.1.item.identity.owner.location.entry.origin.root_container = "root"
methods.1.item.identity.owner.location.entry.origin.snapshot = "5c9c574f05323452c715f5977f261f1c4e608459fc4a11a0374d56ae762c1295"
methods.1.item.identity.owner.location.entry.origin.steps = []
methods.1.item.identity.owner.location.entry.raw_name = [67,97,116,99,104,67,97,108,108,77,97,114,107,101,114,46,99,108,97,115,115]
methods.1.item.identity.owner.location.kind = "archive_entry"
methods.1.item.identity.owner.variant.kind = "base"
methods.1.item.index = 1
methods.1.item.name.escaped = "maybe"
methods.1.item.name.raw = [109,97,121,98,101]
methods.1.item.name.utf16 = [109,97,121,98,101]
methods.1.markers = ["// jarde: generic Signature `(TT;Z)TT;` projected after descriptor erasure and same-run AST/SSA parameter-return proof; same-class call binding proved"]
methods.1.no_body_kind = null
methods.1.outcome.analysis.diagnostics = 0
methods.1.outcome.analysis.execution.status = "complete"
methods.1.outcome.analysis.execution.usage.analysis_steps = 703
methods.1.outcome.analysis.execution.usage.archive_entries = 9
methods.1.outcome.analysis.execution.usage.attribute_bytes = 447
methods.1.outcome.analysis.execution.usage.class_bytes = 1082
methods.1.outcome.analysis.execution.usage.class_headers = 1
methods.1.outcome.analysis.execution.usage.code_bytes = 38
methods.1.outcome.analysis.execution.usage.dependency_depth = 0
methods.1.outcome.analysis.execution.usage.elapsed_millis = 2
methods.1.outcome.analysis.execution.usage.entry_bytes = 541
methods.1.outcome.analysis.execution.usage.input_bytes = 815
methods.1.outcome.analysis.execution.usage.ir_edges = 57
methods.1.outcome.analysis.execution.usage.ir_items = 801
methods.1.outcome.analysis.execution.usage.method_bodies = 2
methods.1.outcome.analysis.execution.usage.nested_depth = 0
methods.1.outcome.analysis.execution.usage.normalization_clones = 0
methods.1.outcome.analysis.execution.usage.output_bytes = 1800
methods.1.outcome.analysis.execution.usage.read_bytes = 341
methods.1.outcome.analysis.execution.usage.result_items = 18
methods.1.outcome.kind = "recovered"
methods.1.outcome.report.accessors = []
methods.1.outcome.report.aliased_names = []
methods.1.outcome.report.artifact.agreement.state = "not_stated"
methods.1.outcome.report.artifact.binding.engine = "0.1.0"
methods.1.outcome.report.artifact.binding.environment.content = ["5c9c574f05323452c715f5977f261f1c4e608459fc4a11a0374d56ae762c1295"]
methods.1.outcome.report.artifact.binding.environment.domain_loaders = ["app"]
methods.1.outcome.report.artifact.binding.environment.providers = []
methods.1.outcome.report.artifact.binding.environment.runtime.load_domain.delegation.kind = "parent_first"
methods.1.outcome.report.artifact.binding.environment.runtime.load_domain.external_override = "none"
methods.1.outcome.report.artifact.binding.environment.runtime.load_domain.loader = "app"
methods.1.outcome.report.artifact.binding.environment.runtime.load_domain.module_mode.kind = "class_path"
methods.1.outcome.report.artifact.binding.environment.runtime.load_domain.parent_loader = null
methods.1.outcome.report.artifact.binding.environment.runtime.load_domain.roots.0.kind = "container"
methods.1.outcome.report.artifact.binding.environment.runtime.load_domain.roots.0.origin.root_container = "root"
methods.1.outcome.report.artifact.binding.environment.runtime.load_domain.roots.0.origin.snapshot = "5c9c574f05323452c715f5977f261f1c4e608459fc4a11a0374d56ae762c1295"
methods.1.outcome.report.artifact.binding.environment.runtime.load_domain.roots.0.origin.steps = []
methods.1.outcome.report.artifact.binding.environment.runtime.load_domain.roots.0.prefix = []
methods.1.outcome.report.artifact.binding.environment.runtime.load_domain.runtime_transformation = "none"
methods.1.outcome.report.artifact.binding.environment.runtime.physical.scope.kind = "snapshot_all"
methods.1.outcome.report.artifact.binding.environment.runtime.physical.snapshot = "5c9c574f05323452c715f5977f261f1c4e608459fc4a11a0374d56ae762c1295"
methods.1.outcome.report.artifact.binding.environment.runtime.profile.java_release = 8
methods.1.outcome.report.artifact.binding.environment.runtime.profile.layout.kind = "generic"
methods.1.outcome.report.artifact.binding.environment.runtime.profile.multi_release.kind = "disabled"
methods.1.outcome.report.artifact.binding.member_ordinal = 1
methods.1.outcome.report.artifact.binding.method.descriptor = [40,76,106,97,118,97,47,108,97,110,103,47,79,98,106,101,99,116,59,90,41,76,106,97,118,97,47,108,97,110,103,47,79,98,106,101,99,116,59]
methods.1.outcome.report.artifact.binding.method.name = [109,97,121,98,101]
methods.1.outcome.report.artifact.binding.method.owner.class_bytes.digest = "a97dedc85208bc832d60747c94d88e9f697bfca55f3eb7cd6c6cdfa2d8f903ac"
methods.1.outcome.report.artifact.binding.method.owner.class_bytes.length = 541
methods.1.outcome.report.artifact.binding.method.owner.location.entry.ordinal = 2
methods.1.outcome.report.artifact.binding.method.owner.location.entry.origin.root_container = "root"
methods.1.outcome.report.artifact.binding.method.owner.location.entry.origin.snapshot = "5c9c574f05323452c715f5977f261f1c4e608459fc4a11a0374d56ae762c1295"
methods.1.outcome.report.artifact.binding.method.owner.location.entry.origin.steps = []
methods.1.outcome.report.artifact.binding.method.owner.location.entry.raw_name = [67,97,116,99,104,67,97,108,108,77,97,114,107,101,114,46,99,108,97,115,115]
methods.1.outcome.report.artifact.binding.method.owner.location.kind = "archive_entry"
methods.1.outcome.report.artifact.binding.method.owner.variant.kind = "base"
methods.1.outcome.report.artifact.binding.profile.java_release = 8
methods.1.outcome.report.artifact.binding.profile.layout.kind = "generic"
methods.1.outcome.report.artifact.binding.profile.multi_release.kind = "disabled"
methods.1.outcome.report.artifact.binding.registry = 71
methods.1.outcome.report.artifact.binding.rules = ["straight@1","if@1","loop@1","switch@1","lambda@1","concat@1","bridge@1","accessor@1","new@1","field@1","enumswitch@1","init@1","declaration@1","twr@1","monitor@1","finally@1"]
methods.1.outcome.report.artifact.binding.schema = 1
methods.1.outcome.report.artifact.binding.text_bytes = 308
methods.1.outcome.report.artifact.binding.text_digest = "1c946d3e9437578747ecde0f5e9b65ce"
methods.1.outcome.report.bridges = []
methods.1.outcome.report.compile_status = "not_attempted"
methods.1.outcome.report.concats = []
methods.1.outcome.report.content = "contains_statements"
methods.1.outcome.report.declaration = null
methods.1.outcome.report.diagnostics.0.code = "jre_recovery_produced"
methods.1.outcome.report.diagnostics.0.message = "1 region(s), 3 statement(s), 6 segment(s), 308 byte(s) written from 3 canonical block(s)"
methods.1.outcome.report.diagnostics.0.provenance = null
methods.1.outcome.report.diagnostics.0.severity = "info"
methods.1.outcome.report.diagnostics.1.code = "jre_new_sites"
methods.1.outcome.report.diagnostics.1.message = "1 construction candidate(s) read under new@1: 1 presented as `new`, 0 refused"
methods.1.outcome.report.diagnostics.1.provenance = null
methods.1.outcome.report.diagnostics.1.severity = "info"
methods.1.outcome.report.diagnostics.2.code = "jre_declaration"
methods.1.outcome.report.diagnostics.2.message = "the artifact's envelope states the member's declaration under declaration@1: an instance method"
methods.1.outcome.report.diagnostics.2.provenance = null
methods.1.outcome.report.diagnostics.2.severity = "info"
methods.1.outcome.report.enum_switches = []
methods.1.outcome.report.evidence.categories.0.kind = "source_map"
methods.1.outcome.report.evidence.categories.0.state.state = "complete"
methods.1.outcome.report.evidence.categories.1.kind = "region_details"
methods.1.outcome.report.evidence.categories.1.state.state = "not_requested"
methods.1.outcome.report.evidence.categories.2.kind = "rule_details"
methods.1.outcome.report.evidence.categories.2.state.state = "not_requested"
methods.1.outcome.report.evidence.categories.3.kind = "name_details"
methods.1.outcome.report.evidence.categories.3.state.state = "not_requested"
methods.1.outcome.report.evidence.categories.4.kind = "read_details"
methods.1.outcome.report.evidence.categories.4.state.state = "not_requested"
methods.1.outcome.report.evidence.requested.driver_bci_range = null
methods.1.outcome.report.evidence.requested.expected_artifact = null
methods.1.outcome.report.evidence.requested.kinds = ["source_map"]
methods.1.outcome.report.execution.status = "complete"
methods.1.outcome.report.execution.usage.analysis_steps = 845
methods.1.outcome.report.execution.usage.archive_entries = 9
methods.1.outcome.report.execution.usage.attribute_bytes = 447
methods.1.outcome.report.execution.usage.class_bytes = 1082
methods.1.outcome.report.execution.usage.class_headers = 1
methods.1.outcome.report.execution.usage.code_bytes = 38
methods.1.outcome.report.execution.usage.dependency_depth = 0
methods.1.outcome.report.execution.usage.elapsed_millis = 2
methods.1.outcome.report.execution.usage.entry_bytes = 541
methods.1.outcome.report.execution.usage.input_bytes = 815
methods.1.outcome.report.execution.usage.ir_edges = 59
methods.1.outcome.report.execution.usage.ir_items = 892
methods.1.outcome.report.execution.usage.method_bodies = 2
methods.1.outcome.report.execution.usage.nested_depth = 0
methods.1.outcome.report.execution.usage.normalization_clones = 0
methods.1.outcome.report.execution.usage.output_bytes = 2108
methods.1.outcome.report.execution.usage.read_bytes = 341
methods.1.outcome.report.execution.usage.result_items = 18
methods.1.outcome.report.fallbacks = []
methods.1.outcome.report.fields = []
methods.1.outcome.report.init = null
methods.1.outcome.report.lambdas = []
methods.1.outcome.report.method = "maybe(Ljava/lang/Object;Z)Ljava/lang/Object;"
methods.1.outcome.report.news = []
methods.1.outcome.report.outcome = "produced"
methods.1.outcome.report.profile.java_release = 8
methods.1.outcome.report.profile.layout.kind = "generic"
methods.1.outcome.report.profile.multi_release.kind = "disabled"
methods.1.outcome.report.quality = "structured"
methods.1.outcome.report.regions = []
methods.1.outcome.report.representation = "java"
methods.1.outcome.report.rules = []
methods.1.outcome.report.semantic_validation = "unproven"
methods.1.outcome.report.source_map.segments.0.end = 214
methods.1.outcome.report.source_map.segments.0.origin.derived.0.bci = 1
methods.1.outcome.report.source_map.segments.0.origin.derived.0.cp = null
methods.1.outcome.report.source_map.segments.0.origin.derived.0.method.descriptor = [40,76,106,97,118,97,47,108,97,110,103,47,79,98,106,101,99,116,59,90,41,76,106,97,118,97,47,108,97,110,103,47,79,98,106,101,99,116,59]
methods.1.outcome.report.source_map.segments.0.origin.derived.0.method.name = [109,97,121,98,101]
methods.1.outcome.report.source_map.segments.0.origin.derived.0.method.owner.class_bytes.digest = "a97dedc85208bc832d60747c94d88e9f697bfca55f3eb7cd6c6cdfa2d8f903ac"
methods.1.outcome.report.source_map.segments.0.origin.derived.0.method.owner.class_bytes.length = 541
methods.1.outcome.report.source_map.segments.0.origin.derived.0.method.owner.location.entry.ordinal = 2
methods.1.outcome.report.source_map.segments.0.origin.derived.0.method.owner.location.entry.origin.root_container = "root"
methods.1.outcome.report.source_map.segments.0.origin.derived.0.method.owner.location.entry.origin.snapshot = "5c9c574f05323452c715f5977f261f1c4e608459fc4a11a0374d56ae762c1295"
methods.1.outcome.report.source_map.segments.0.origin.derived.0.method.owner.location.entry.origin.steps = []
methods.1.outcome.report.source_map.segments.0.origin.derived.0.method.owner.location.entry.raw_name = [67,97,116,99,104,67,97,108,108,77,97,114,107,101,114,46,99,108,97,115,115]
methods.1.outcome.report.source_map.segments.0.origin.derived.0.method.owner.location.kind = "archive_entry"
methods.1.outcome.report.source_map.segments.0.origin.derived.0.method.owner.variant.kind = "base"
methods.1.outcome.report.source_map.segments.0.origin.derived.0.provenance = "Derived"
methods.1.outcome.report.source_map.segments.0.origin.primary.bci = 0
methods.1.outcome.report.source_map.segments.0.origin.primary.cp = null
methods.1.outcome.report.source_map.segments.0.origin.primary.method.descriptor = [40,76,106,97,118,97,47,108,97,110,103,47,79,98,106,101,99,116,59,90,41,76,106,97,118,97,47,108,97,110,103,47,79,98,106,101,99,116,59]
methods.1.outcome.report.source_map.segments.0.origin.primary.method.name = [109,97,121,98,101]
methods.1.outcome.report.source_map.segments.0.origin.primary.method.owner.class_bytes.digest = "a97dedc85208bc832d60747c94d88e9f697bfca55f3eb7cd6c6cdfa2d8f903ac"
methods.1.outcome.report.source_map.segments.0.origin.primary.method.owner.class_bytes.length = 541
methods.1.outcome.report.source_map.segments.0.origin.primary.method.owner.location.entry.ordinal = 2
methods.1.outcome.report.source_map.segments.0.origin.primary.method.owner.location.entry.origin.root_container = "root"
methods.1.outcome.report.source_map.segments.0.origin.primary.method.owner.location.entry.origin.snapshot = "5c9c574f05323452c715f5977f261f1c4e608459fc4a11a0374d56ae762c1295"
methods.1.outcome.report.source_map.segments.0.origin.primary.method.owner.location.entry.origin.steps = []
methods.1.outcome.report.source_map.segments.0.origin.primary.method.owner.location.entry.raw_name = [67,97,116,99,104,67,97,108,108,77,97,114,107,101,114,46,99,108,97,115,115]
methods.1.outcome.report.source_map.segments.0.origin.primary.method.owner.location.kind = "archive_entry"
methods.1.outcome.report.source_map.segments.0.origin.primary.method.owner.variant.kind = "base"
methods.1.outcome.report.source_map.segments.0.origin.primary.provenance = "Direct"
methods.1.outcome.report.source_map.segments.0.start = 210
methods.1.outcome.report.source_map.segments.1.end = 264
methods.1.outcome.report.source_map.segments.1.origin.derived.0.bci = 4
methods.1.outcome.report.source_map.segments.1.origin.derived.0.cp = null
methods.1.outcome.report.source_map.segments.1.origin.derived.0.method.descriptor = [40,76,106,97,118,97,47,108,97,110,103,47,79,98,106,101,99,116,59,90,41,76,106,97,118,97,47,108,97,110,103,47,79,98,106,101,99,116,59]
methods.1.outcome.report.source_map.segments.1.origin.derived.0.method.name = [109,97,121,98,101]
methods.1.outcome.report.source_map.segments.1.origin.derived.0.method.owner.class_bytes.digest = "a97dedc85208bc832d60747c94d88e9f697bfca55f3eb7cd6c6cdfa2d8f903ac"
methods.1.outcome.report.source_map.segments.1.origin.derived.0.method.owner.class_bytes.length = 541
methods.1.outcome.report.source_map.segments.1.origin.derived.0.method.owner.location.entry.ordinal = 2
methods.1.outcome.report.source_map.segments.1.origin.derived.0.method.owner.location.entry.origin.root_container = "root"
methods.1.outcome.report.source_map.segments.1.origin.derived.0.method.owner.location.entry.origin.snapshot = "5c9c574f05323452c715f5977f261f1c4e608459fc4a11a0374d56ae762c1295"
methods.1.outcome.report.source_map.segments.1.origin.derived.0.method.owner.location.entry.origin.steps = []
methods.1.outcome.report.source_map.segments.1.origin.derived.0.method.owner.location.entry.raw_name = [67,97,116,99,104,67,97,108,108,77,97,114,107,101,114,46,99,108,97,115,115]
methods.1.outcome.report.source_map.segments.1.origin.derived.0.method.owner.location.kind = "archive_entry"
methods.1.outcome.report.source_map.segments.1.origin.derived.0.method.owner.variant.kind = "base"
methods.1.outcome.report.source_map.segments.1.origin.derived.0.provenance = "Derived"
methods.1.outcome.report.source_map.segments.1.origin.derived.1.bci = 7
methods.1.outcome.report.source_map.segments.1.origin.derived.1.cp = null
methods.1.outcome.report.source_map.segments.1.origin.derived.1.method.descriptor = [40,76,106,97,118,97,47,108,97,110,103,47,79,98,106,101,99,116,59,90,41,76,106,97,118,97,47,108,97,110,103,47,79,98,106,101,99,116,59]
methods.1.outcome.report.source_map.segments.1.origin.derived.1.method.name = [109,97,121,98,101]
methods.1.outcome.report.source_map.segments.1.origin.derived.1.method.owner.class_bytes.digest = "a97dedc85208bc832d60747c94d88e9f697bfca55f3eb7cd6c6cdfa2d8f903ac"
methods.1.outcome.report.source_map.segments.1.origin.derived.1.method.owner.class_bytes.length = 541
methods.1.outcome.report.source_map.segments.1.origin.derived.1.method.owner.location.entry.ordinal = 2
methods.1.outcome.report.source_map.segments.1.origin.derived.1.method.owner.location.entry.origin.root_container = "root"
methods.1.outcome.report.source_map.segments.1.origin.derived.1.method.owner.location.entry.origin.snapshot = "5c9c574f05323452c715f5977f261f1c4e608459fc4a11a0374d56ae762c1295"
methods.1.outcome.report.source_map.segments.1.origin.derived.1.method.owner.location.entry.origin.steps = []
methods.1.outcome.report.source_map.segments.1.origin.derived.1.method.owner.location.entry.raw_name = [67,97,116,99,104,67,97,108,108,77,97,114,107,101,114,46,99,108,97,115,115]
methods.1.outcome.report.source_map.segments.1.origin.derived.1.method.owner.location.kind = "archive_entry"
methods.1.outcome.report.source_map.segments.1.origin.derived.1.method.owner.variant.kind = "base"
methods.1.outcome.report.source_map.segments.1.origin.derived.1.provenance = "Derived"
methods.1.outcome.report.source_map.segments.1.origin.primary.bci = 8
methods.1.outcome.report.source_map.segments.1.origin.primary.cp = null
methods.1.outcome.report.source_map.segments.1.origin.primary.method.descriptor = [40,76,106,97,118,97,47,108,97,110,103,47,79,98,106,101,99,116,59,90,41,76,106,97,118,97,47,108,97,110,103,47,79,98,106,101,99,116,59]
methods.1.outcome.report.source_map.segments.1.origin.primary.method.name = [109,97,121,98,101]
methods.1.outcome.report.source_map.segments.1.origin.primary.method.owner.class_bytes.digest = "a97dedc85208bc832d60747c94d88e9f697bfca55f3eb7cd6c6cdfa2d8f903ac"
methods.1.outcome.report.source_map.segments.1.origin.primary.method.owner.class_bytes.length = 541
methods.1.outcome.report.source_map.segments.1.origin.primary.method.owner.location.entry.ordinal = 2
methods.1.outcome.report.source_map.segments.1.origin.primary.method.owner.location.entry.origin.root_container = "root"
methods.1.outcome.report.source_map.segments.1.origin.primary.method.owner.location.entry.origin.snapshot = "5c9c574f05323452c715f5977f261f1c4e608459fc4a11a0374d56ae762c1295"
methods.1.outcome.report.source_map.segments.1.origin.primary.method.owner.location.entry.origin.steps = []
methods.1.outcome.report.source_map.segments.1.origin.primary.method.owner.location.entry.raw_name = [67,97,116,99,104,67,97,108,108,77,97,114,107,101,114,46,99,108,97,115,115]
methods.1.outcome.report.source_map.segments.1.origin.primary.method.owner.location.kind = "archive_entry"
methods.1.outcome.report.source_map.segments.1.origin.primary.method.owner.variant.kind = "base"
methods.1.outcome.report.source_map.segments.1.origin.primary.provenance = "Direct"
methods.1.outcome.report.source_map.segments.1.start = 232
methods.1.outcome.report.source_map.segments.2.end = 266
methods.1.outcome.report.source_map.segments.2.origin.derived = []
methods.1.outcome.report.source_map.segments.2.origin.primary.bci = 11
methods.1.outcome.report.source_map.segments.2.origin.primary.cp = null
methods.1.outcome.report.source_map.segments.2.origin.primary.method.descriptor = [40,76,106,97,118,97,47,108,97,110,103,47,79,98,106,101,99,116,59,90,41,76,106,97,118,97,47,108,97,110,103,47,79,98,106,101,99,116,59]
methods.1.outcome.report.source_map.segments.2.origin.primary.method.name = [109,97,121,98,101]
methods.1.outcome.report.source_map.segments.2.origin.primary.method.owner.class_bytes.digest = "a97dedc85208bc832d60747c94d88e9f697bfca55f3eb7cd6c6cdfa2d8f903ac"
methods.1.outcome.report.source_map.segments.2.origin.primary.method.owner.class_bytes.length = 541
methods.1.outcome.report.source_map.segments.2.origin.primary.method.owner.location.entry.ordinal = 2
methods.1.outcome.report.source_map.segments.2.origin.primary.method.owner.location.entry.origin.root_container = "root"
methods.1.outcome.report.source_map.segments.2.origin.primary.method.owner.location.entry.origin.snapshot = "5c9c574f05323452c715f5977f261f1c4e608459fc4a11a0374d56ae762c1295"
methods.1.outcome.report.source_map.segments.2.origin.primary.method.owner.location.entry.origin.steps = []
methods.1.outcome.report.source_map.segments.2.origin.primary.method.owner.location.entry.raw_name = [67,97,116,99,104,67,97,108,108,77,97,114,107,101,114,46,99,108,97,115,115]
methods.1.outcome.report.source_map.segments.2.origin.primary.method.owner.location.kind = "archive_entry"
methods.1.outcome.report.source_map.segments.2.origin.primary.method.owner.variant.kind = "base"
methods.1.outcome.report.source_map.segments.2.origin.primary.provenance = "Direct"
methods.1.outcome.report.source_map.segments.2.start = 218
methods.1.outcome.report.source_map.segments.3.end = 298
methods.1.outcome.report.source_map.segments.3.origin.derived = []
methods.1.outcome.report.source_map.segments.3.origin.primary.bci = 12
methods.1.outcome.report.source_map.segments.3.origin.primary.cp = null
methods.1.outcome.report.source_map.segments.3.origin.primary.method.descriptor = [40,76,106,97,118,97,47,108,97,110,103,47,79,98,106,101,99,116,59,90,41,76,106,97,118,97,47,108,97,110,103,47,79,98,106,101,99,116,59]
methods.1.outcome.report.source_map.segments.3.origin.primary.method.name = [109,97,121,98,101]
methods.1.outcome.report.source_map.segments.3.origin.primary.method.owner.class_bytes.digest = "a97dedc85208bc832d60747c94d88e9f697bfca55f3eb7cd6c6cdfa2d8f903ac"
methods.1.outcome.report.source_map.segments.3.origin.primary.method.owner.class_bytes.length = 541
methods.1.outcome.report.source_map.segments.3.origin.primary.method.owner.location.entry.ordinal = 2
methods.1.outcome.report.source_map.segments.3.origin.primary.method.owner.location.entry.origin.root_container = "root"
methods.1.outcome.report.source_map.segments.3.origin.primary.method.owner.location.entry.origin.snapshot = "5c9c574f05323452c715f5977f261f1c4e608459fc4a11a0374d56ae762c1295"
methods.1.outcome.report.source_map.segments.3.origin.primary.method.owner.location.entry.origin.steps = []
methods.1.outcome.report.source_map.segments.3.origin.primary.method.owner.location.entry.raw_name = [67,97,116,99,104,67,97,108,108,77,97,114,107,101,114,46,99,108,97,115,115]
methods.1.outcome.report.source_map.segments.3.origin.primary.method.owner.location.kind = "archive_entry"
methods.1.outcome.report.source_map.segments.3.origin.primary.method.owner.variant.kind = "base"
methods.1.outcome.report.source_map.segments.3.origin.primary.provenance = "Direct"
methods.1.outcome.report.source_map.segments.3.start = 294
methods.1.outcome.report.source_map.segments.4.end = 300
methods.1.outcome.report.source_map.segments.4.origin.derived = []
methods.1.outcome.report.source_map.segments.4.origin.primary.bci = 13
methods.1.outcome.report.source_map.segments.4.origin.primary.cp = null
methods.1.outcome.report.source_map.segments.4.origin.primary.method.descriptor = [40,76,106,97,118,97,47,108,97,110,103,47,79,98,106,101,99,116,59,90,41,76,106,97,118,97,47,108,97,110,103,47,79,98,106,101,99,116,59]
methods.1.outcome.report.source_map.segments.4.origin.primary.method.name = [109,97,121,98,101]
methods.1.outcome.report.source_map.segments.4.origin.primary.method.owner.class_bytes.digest = "a97dedc85208bc832d60747c94d88e9f697bfca55f3eb7cd6c6cdfa2d8f903ac"
methods.1.outcome.report.source_map.segments.4.origin.primary.method.owner.class_bytes.length = 541
methods.1.outcome.report.source_map.segments.4.origin.primary.method.owner.location.entry.ordinal = 2
methods.1.outcome.report.source_map.segments.4.origin.primary.method.owner.location.entry.origin.root_container = "root"
methods.1.outcome.report.source_map.segments.4.origin.primary.method.owner.location.entry.origin.snapshot = "5c9c574f05323452c715f5977f261f1c4e608459fc4a11a0374d56ae762c1295"
methods.1.outcome.report.source_map.segments.4.origin.primary.method.owner.location.entry.origin.steps = []
methods.1.outcome.report.source_map.segments.4.origin.primary.method.owner.location.entry.raw_name = [67,97,116,99,104,67,97,108,108,77,97,114,107,101,114,46,99,108,97,115,115]
methods.1.outcome.report.source_map.segments.4.origin.primary.method.owner.location.kind = "archive_entry"
methods.1.outcome.report.source_map.segments.4.origin.primary.method.owner.variant.kind = "base"
methods.1.outcome.report.source_map.segments.4.origin.primary.provenance = "Direct"
methods.1.outcome.report.source_map.segments.4.start = 279
methods.1.outcome.report.source_map.segments.5.end = 306
methods.1.outcome.report.source_map.segments.5.origin.derived = []
methods.1.outcome.report.source_map.segments.5.origin.primary.bci = 1
methods.1.outcome.report.source_map.segments.5.origin.primary.cp = null
methods.1.outcome.report.source_map.segments.5.origin.primary.method.descriptor = [40,76,106,97,118,97,47,108,97,110,103,47,79,98,106,101,99,116,59,90,41,76,106,97,118,97,47,108,97,110,103,47,79,98,106,101,99,116,59]
methods.1.outcome.report.source_map.segments.5.origin.primary.method.name = [109,97,121,98,101]
methods.1.outcome.report.source_map.segments.5.origin.primary.method.owner.class_bytes.digest = "a97dedc85208bc832d60747c94d88e9f697bfca55f3eb7cd6c6cdfa2d8f903ac"
methods.1.outcome.report.source_map.segments.5.origin.primary.method.owner.class_bytes.length = 541
methods.1.outcome.report.source_map.segments.5.origin.primary.method.owner.location.entry.ordinal = 2
methods.1.outcome.report.source_map.segments.5.origin.primary.method.owner.location.entry.origin.root_container = "root"
methods.1.outcome.report.source_map.segments.5.origin.primary.method.owner.location.entry.origin.snapshot = "5c9c574f05323452c715f5977f261f1c4e608459fc4a11a0374d56ae762c1295"
methods.1.outcome.report.source_map.segments.5.origin.primary.method.owner.location.entry.origin.steps = []
methods.1.outcome.report.source_map.segments.5.origin.primary.method.owner.location.entry.raw_name = [67,97,116,99,104,67,97,108,108,77,97,114,107,101,114,46,99,108,97,115,115]
methods.1.outcome.report.source_map.segments.5.origin.primary.method.owner.location.kind = "archive_entry"
methods.1.outcome.report.source_map.segments.5.origin.primary.method.owner.variant.kind = "base"
methods.1.outcome.report.source_map.segments.5.origin.primary.provenance = "Direct"
methods.1.outcome.report.source_map.segments.5.start = 202
methods.1.outcome.report.syntax_status = "unchecked"
methods.1.outcome.report.text = "// @method maybe(Ljava/lang/Object;Z)Ljava/lang/Object;\n// @declaration an instance method of `CatchCallMarker`, member flags 0x0002\n// recovered from bytecode; presentation is not claimed to compile\n{\n    if (arg2) {\n        throw new java.lang.RuntimeException();\n    } else {\n        return arg1;\n    }\n}\n"
methods.1.outcome.report.verification = "not_performed"
methods.1.parameter_annotations.attributes = []
methods.1.parameter_annotations.refusals = []
methods.1.parameter_annotations.uses_by_position = [[],[]]
methods.1.text = "    private T maybe(T arg1, boolean arg2) {\n        // jarde: generic Signature `(TT;Z)TT;` projected after descriptor erasure and same-run AST/SSA parameter-return proof; same-class call binding proved\n        // @method maybe(Ljava/lang/Object;Z)Ljava/lang/Object;\n        // @declaration an instance method of `CatchCallMarker`, member flags 0x0002\n        // recovered from bytecode; presentation is not claimed to compile\n        if (arg2) {\n            throw new java.lang.RuntimeException();\n        } else {\n            return arg1;\n        }\n    }\n"
methods.1.type_annotations.attributes = []
methods.1.type_annotations.field_uses = []
methods.1.type_annotations.parameter_uses = [[],[]]
methods.1.type_annotations.refusals = []
methods.1.type_annotations.return_uses = []
nested_annotation_family.state = "absent"
nested_enum_family.state = "absent"
outcome = "performed"
stages = ["raw_facts","raw_cfg","legacy_normalization","canonical_cfg","frame","ssa"]
usage.analysis_steps = 2737
usage.archive_entries = 9
usage.attribute_bytes = 607
usage.class_bytes = 1082
usage.class_headers = 1
usage.code_bytes = 38
usage.dependency_depth = 0
usage.elapsed_millis = 3
usage.entry_bytes = 541
usage.input_bytes = 815
usage.ir_edges = 59
usage.ir_items = 1118
usage.method_bodies = 2
usage.nested_depth = 0
usage.normalization_clones = 0
usage.output_bytes = 6248
usage.read_bytes = 341
usage.result_items = 19
view.scope.kind = "snapshot_all"
view.snapshot = "5c9c574f05323452c715f5977f261f1c4e608459fc4a11a0374d56ae762c1295"
