Classfile jar:file:///Users/lordcasser/workspace/projects/jarde/openspec/evidence/raw-receiver-field-selection-2026-10-09/jdk23/debug/input/MultiFormalRawParam.jar!/MultiFormalRawParam.class
  Last modified 2026年10月9日; size 788 bytes
  SHA-256 checksum e7daa1d102c4f47033552adf311af5f1e2c69a05f5f928edb3a959a3388bc13d
  Compiled from "MultiFormalRawParam.java"
public class MultiFormalRawParam<T extends java.lang.Object> extends java.lang.Object
  minor version: 0
  major version: 52
  flags: (0x0021) ACC_PUBLIC, ACC_SUPER
  this_class: #12                         // MultiFormalRawParam
  super_class: #2                         // java/lang/Object
  interfaces: 0, fields: 1, methods: 2, attributes: 2
Constant pool:
   #1 = Methodref          #2.#3          // java/lang/Object."<init>":()V
   #2 = Class              #4             // java/lang/Object
   #3 = NameAndType        #5:#6          // "<init>":()V
   #4 = Utf8               java/lang/Object
   #5 = Utf8               <init>
   #6 = Utf8               ()V
   #7 = Methodref          #2.#8          // java/lang/Object.hashCode:()I
   #8 = NameAndType        #9:#10         // hashCode:()I
   #9 = Utf8               hashCode
  #10 = Utf8               ()I
  #11 = Fieldref           #12.#13        // MultiFormalRawParam.value:Ljava/lang/Object;
  #12 = Class              #14            // MultiFormalRawParam
  #13 = NameAndType        #15:#16        // value:Ljava/lang/Object;
  #14 = Utf8               MultiFormalRawParam
  #15 = Utf8               value
  #16 = Utf8               Ljava/lang/Object;
  #17 = Utf8               Signature
  #18 = Utf8               TT;
  #19 = Utf8               Code
  #20 = Utf8               LineNumberTable
  #21 = Utf8               LocalVariableTable
  #22 = Utf8               this
  #23 = Utf8               LMultiFormalRawParam;
  #24 = Utf8               LocalVariableTypeTable
  #25 = Utf8               LMultiFormalRawParam<TT;>;
  #26 = Utf8               put
  #27 = Utf8               (LMultiFormalRawParam;Ljava/lang/Object;Ljava/lang/Object;)V
  #28 = Utf8               receiver
  #29 = Utf8               key
  #30 = Utf8               TK;
  #31 = Utf8               <K:Ljava/lang/Object;>(LMultiFormalRawParam;TK;Ljava/lang/Object;)V
  #32 = Utf8               <T:Ljava/lang/Object;>Ljava/lang/Object;
  #33 = Utf8               SourceFile
  #34 = Utf8               MultiFormalRawParam.java
{
  public T value;
    descriptor: Ljava/lang/Object;
    flags: (0x0001) ACC_PUBLIC
    Signature: #18                          // TT;

  public MultiFormalRawParam();
    descriptor: ()V
    flags: (0x0001) ACC_PUBLIC
    Code:
      stack=1, locals=1, args_size=1
         0: aload_0
         1: invokespecial #1                  // Method java/lang/Object."<init>":()V
         4: return
      LineNumberTable:
        line 1: 0
      LocalVariableTable:
        Start  Length  Slot  Name   Signature
            0       5     0  this   LMultiFormalRawParam;
      LocalVariableTypeTable:
        Start  Length  Slot  Name   Signature
            0       5     0  this   LMultiFormalRawParam<TT;>;

  public static <K extends java.lang.Object> void put(MultiFormalRawParam, K, java.lang.Object);
    descriptor: (LMultiFormalRawParam;Ljava/lang/Object;Ljava/lang/Object;)V
    flags: (0x0009) ACC_PUBLIC, ACC_STATIC
    Code:
      stack=2, locals=3, args_size=3
         0: aload_1
         1: invokevirtual #7                  // Method java/lang/Object.hashCode:()I
         4: pop
         5: aload_0
         6: aload_2
         7: putfield      #11                 // Field value:Ljava/lang/Object;
        10: return
      LineNumberTable:
        line 5: 0
        line 6: 5
        line 7: 10
      LocalVariableTable:
        Start  Length  Slot  Name   Signature
            0      11     0 receiver   LMultiFormalRawParam;
            0      11     1   key   Ljava/lang/Object;
            0      11     2 value   Ljava/lang/Object;
      LocalVariableTypeTable:
        Start  Length  Slot  Name   Signature
            0      11     1   key   TK;
    Signature: #31                          // <K:Ljava/lang/Object;>(LMultiFormalRawParam;TK;Ljava/lang/Object;)V
}
Signature: #32                          // <T:Ljava/lang/Object;>Ljava/lang/Object;
SourceFile: "MultiFormalRawParam.java"
