SELF-TEST OK: AD size++ 0 -> 1; NG negatives byte-identical; bs.jar!BS.class byte-identical
pass A loose candidate classes: 2770
MOVED (single-class): openspec/evidence/java-syntax-2026-09-22/enhanced-for/root-replay/string-iterable/compiled/original/StringIterableForeachRunner$ProbeIterable$1.class
    35,48c35
    <             // @bytecode 48
    <             // the dependency chain from BCI 48 to final consumer 66 is not bounded
    <             // @bytecode 47 48 51
    <             // the dependency chain from BCI 51 to final consumer 66 is not bounded
    <             // @bytecode 55
    <             // the instruction at BCI 55 belongs to no shape this run verified: an allocation, a copy or a cast is presented only where a rule proved what it builds
    <             // @bytecode 59
MOVED (single-class): openspec/evidence/java-syntax-2026-09-22/enhanced-for/root-replay/string-iterable/compiled/jadx/defpackage/StringIterableForeachRunner$ProbeIterable$1.class
    37,50c37
    <             // @bytecode 48
    <             // the dependency chain from BCI 48 to final consumer 66 is not bounded
    <             // @bytecode 47 48 51
    <             // the dependency chain from BCI 51 to final consumer 66 is not bounded
    <             // @bytecode 55
    <             // the instruction at BCI 55 belongs to no shape this run verified: an allocation, a copy or a cast is presented only where a rule proved what it builds
    <             // @bytecode 59
MOVED (single-class): openspec/evidence/java-syntax-2026-09-22/enhanced-for/string-iterable/compiled/original/StringIterableForeachRunner$ProbeIterable$1.class
    35,48c35
    <             // @bytecode 48
    <             // the dependency chain from BCI 48 to final consumer 66 is not bounded
    <             // @bytecode 47 48 51
    <             // the dependency chain from BCI 51 to final consumer 66 is not bounded
    <             // @bytecode 55
    <             // the instruction at BCI 55 belongs to no shape this run verified: an allocation, a copy or a cast is presented only where a rule proved what it builds
    <             // @bytecode 59
MOVED (single-class): openspec/evidence/java-syntax-2026-09-22/enhanced-for/string-iterable/compiled/jadx/defpackage/StringIterableForeachRunner$ProbeIterable$1.class
    37,50c37
    <             // @bytecode 48
    <             // the dependency chain from BCI 48 to final consumer 66 is not bounded
    <             // @bytecode 47 48 51
    <             // the dependency chain from BCI 51 to final consumer 66 is not bounded
    <             // @bytecode 55
    <             // the instruction at BCI 55 belongs to no shape this run verified: an allocation, a copy or a cast is presented only where a rule proved what it builds
    <             // @bytecode 59
MOVED (single-class): openspec/evidence/java-syntax-2026-10-05/chained-assign-sideeffect-patrol/fixture/CH.class
    50d49
    <         // jarde: not recovered: the recovery run for `sideIdx()V` produced no statement (explanation only); the artifact's own comment lines are below
    54,66c53,55
    <         // @bytecode 6 3
    <         // the instruction at BCI 6 belongs to no shape this run verified: an allocation, a copy or a cast is presented only where a rule proved what it builds
    <         // @bytecode 9 3 0 6 7 8 12 14 15 18 21 22 23 24 27 29 30
    <         // the copy at BCI 6 has no proved local assignment
    <         // @bytecode 14 0 3
MOVED (single-class): tests/fixtures/p3-local-rewrite/v8/LocalRewrite.class
    51,55c51,52
    <         arg0 = arg0 + 1;
    <         // @bytecode 4 0
    <         // the value at BCI 4 is the value local 0 held at BCI 0, and the slot does not hold it at BCI 4: the slot's name would read the value the body wrote in between
    <         // @bytecode 5 6
    <         // the statement at BCI 6 reads `local1`, and no statement of this body declared that local: the write that would have declared it was refused, so its name cannot be read here (P3 2b.2)
    ---
    >         int local1 = arg0++;
UNRENDERED: tests/fixtures/proved-java-structure/package-info-basic/v8/p/package-info.class renders under no name it states
MOVED (single-class): tests/fixtures/recover-postfix-old-value-snapshot/v8/PT.class
    17d16
    <         // jarde: not recovered: the recovery run for `read()Ljava/lang/String;` produced no statement (explanation only); the artifact's own comment lines are below
    21,24c20
    <         // @bytecode 0 10 26 7 6 3
    <         // the conditional arm contains an independent instruction at BCI 17
    <         // @bytecode 27
    <         // the value at BCI 27 is the entry state of stack depth 0, which no instruction produced
    ---
MOVED (single-class): tests/fixtures/recover-postfix-old-value-snapshot/v8/GA.class
    26,28c26,27
    <     // jarde: generic Signature projection refused for `add(Ljava/lang/Object;)V`: unsupported (ordinary_generic_source_unproved): method body or no-body declaration has no complete source proof
    <     void add(java.lang.Object arg1) {
    <         // jarde: not recovered: the recovery run for `add(Ljava/lang/Object;)V` produced no statement (explanation only); the artifact's own comment lines are below
    ---
    >     void add(T arg1) {
    >         // jarde: generic Signature `(TT;)V` projected after descriptor erasure and same-run AST/Code/SSA straight-line void body proof; same-class call binding proved
    32,42c31,32
MOVED (single-class): tests/fixtures/recover-postfix-old-value-snapshot/v8/AD.class
    19d18
    <         // jarde: not recovered: the recovery run for `add(Ljava/lang/Object;)V` produced no statement (explanation only); the artifact's own comment lines are below
    23,33c22,23
    <         // @bytecode 1 0 4 5 6 9 10 11 12 15 16 17
    <         // the dependency chain from BCI 1 to final consumer 16 is not bounded
    <         // @bytecode 5
    <         // the instruction at BCI 5 belongs to no shape this run verified: an allocation, a copy or a cast is presented only where a rule proved what it builds
    <         // @bytecode 9
MOVED (single-class): tests/fixtures/recover-postfix-old-value-snapshot/v8/CM2.class
    17,21c17,18
    <         local0 = local0 + 1;
    <         // @bytecode 6 2
    <         // the value at BCI 6 is the value local 0 held at BCI 2, and the slot does not hold it at BCI 6: the slot's name would read the value the body wrote in between
    <         // @bytecode 7 8
    <         // the statement at BCI 8 reads `local1`, and no statement of this body declared that local: the write that would have declared it was refused, so its name cannot be read here (P3 2b.2)
    ---
    >         int local1 = local0++;
MOVED (single-class): tests/fixtures/recover-postfix-old-value-snapshot/v8/IX.class
    17d16
    <         // jarde: not recovered: the recovery run for `localWrite()V` produced no statement (explanation only); the artifact's own comment lines are below
    21,23c20,23
    <         // @bytecode 13 7 0 1 2 3 5 6 8 11 14
    <         // the value at BCI 13 is the value local 0 held at BCI 7, and the slot does not hold it at BCI 13: the slot's name would read the value the body wrote in between
    <         jarde_refused_body();
    ---
    >         int local0 = 0;
MOVED (single-class): tests/fixtures/recover-postfix-old-value-snapshot/v8/SR.class
    13d12
    <         // jarde: not recovered: the recovery run for `arrSelf()I` produced no statement (explanation only); the artifact's own comment lines are below
    17,18c16,19
    <         // @bytecode 12 7 8 0 1 2 3 5 6 9 13 14 15 16 18 19 20 21
    <         // the value at BCI 12 is the value local 0 held at BCI 7, and the slot does not hold it at BCI 12: the slot's name would read the value the body wrote in between
    ---
    >         int local0 = 1;
    >         int[] local1 = new int[3];
MOVED (single-class): tests/fixtures/recover-postfix-old-value-snapshot/v8/CM.class
    52a53
    >         int local1 = local0++;
    54,56d54
    <         // @bytecode 6 2
    <         // the value at BCI 6 is the value local 0 held at BCI 2, and the slot does not hold it at BCI 6: the slot's name would read the value the body wrote in between
    <         local0 = local0 + 1;
    57a56
    >         int local3 = local0--;
MOVED (single-class): tests/fixtures/recover-postfix-old-value-snapshot/v8-javac8/PT.class
    17d16
    <         // jarde: not recovered: the recovery run for `read()Ljava/lang/String;` produced no statement (explanation only); the artifact's own comment lines are below
    21,24c20
    <         // @bytecode 0 10 26 7 6 3
    <         // the conditional arm contains an independent instruction at BCI 17
    <         // @bytecode 27
    <         // the value at BCI 27 is the entry state of stack depth 0, which no instruction produced
    ---
MOVED (single-class): tests/fixtures/recover-postfix-old-value-snapshot/v8-javac8/GA.class
    26,28c26,27
    <     // jarde: generic Signature projection refused for `add(Ljava/lang/Object;)V`: unsupported (ordinary_generic_source_unproved): method body or no-body declaration has no complete source proof
    <     void add(java.lang.Object arg1) {
    <         // jarde: not recovered: the recovery run for `add(Ljava/lang/Object;)V` produced no statement (explanation only); the artifact's own comment lines are below
    ---
    >     void add(T arg1) {
    >         // jarde: generic Signature `(TT;)V` projected after descriptor erasure and same-run AST/Code/SSA straight-line void body proof; same-class call binding proved
    32,42c31,32
MOVED (single-class): tests/fixtures/recover-postfix-old-value-snapshot/v8-javac8/AD.class
    19d18
    <         // jarde: not recovered: the recovery run for `add(Ljava/lang/Object;)V` produced no statement (explanation only); the artifact's own comment lines are below
    23,33c22,23
    <         // @bytecode 1 0 4 5 6 9 10 11 12 15 16 17
    <         // the dependency chain from BCI 1 to final consumer 16 is not bounded
    <         // @bytecode 5
    <         // the instruction at BCI 5 belongs to no shape this run verified: an allocation, a copy or a cast is presented only where a rule proved what it builds
    <         // @bytecode 9
MOVED (single-class): tests/fixtures/recover-postfix-old-value-snapshot/v8-javac8/CM2.class
    17,21c17,18
    <         local0 = local0 + 1;
    <         // @bytecode 6 2
    <         // the value at BCI 6 is the value local 0 held at BCI 2, and the slot does not hold it at BCI 6: the slot's name would read the value the body wrote in between
    <         // @bytecode 7 8
    <         // the statement at BCI 8 reads `local1`, and no statement of this body declared that local: the write that would have declared it was refused, so its name cannot be read here (P3 2b.2)
    ---
    >         int local1 = local0++;
MOVED (single-class): tests/fixtures/recover-postfix-old-value-snapshot/v8-javac8/IX.class
    17d16
    <         // jarde: not recovered: the recovery run for `localWrite()V` produced no statement (explanation only); the artifact's own comment lines are below
    21,23c20,23
    <         // @bytecode 13 7 0 1 2 3 5 6 8 11 14
    <         // the value at BCI 13 is the value local 0 held at BCI 7, and the slot does not hold it at BCI 13: the slot's name would read the value the body wrote in between
    <         jarde_refused_body();
    ---
    >         int local0 = 0;
MOVED (single-class): tests/fixtures/recover-postfix-old-value-snapshot/v8-javac8/SR.class
    13d12
    <         // jarde: not recovered: the recovery run for `arrSelf()I` produced no statement (explanation only); the artifact's own comment lines are below
    17,18c16,19
    <         // @bytecode 12 7 8 0 1 2 3 5 6 9 13 14 15 16 18 19 20 21
    <         // the value at BCI 12 is the value local 0 held at BCI 7, and the slot does not hold it at BCI 12: the slot's name would read the value the body wrote in between
    ---
    >         int local0 = 1;
    >         int[] local1 = new int[3];
MOVED (single-class): tests/fixtures/recover-postfix-old-value-snapshot/v8-javac8/CM.class
    52a53
    >         int local1 = local0++;
    54,56d54
    <         // @bytecode 6 2
    <         // the value at BCI 6 is the value local 0 held at BCI 2, and the slot does not hold it at BCI 6: the slot's name would read the value the body wrote in between
    <         local0 = local0 + 1;
    57a56
    >         int local3 = local0--;
pass A: moved=20 unrendered=1
archive candidate classes: 738
MOVED (jar): openspec/evidence/java-syntax-2026-10-05/postfix-old-value-patrol/fixture/cm.jar!CM.class
    52a53
    >         int local1 = local0++;
    54,56d54
    <         // @bytecode 6 2
    <         // the value at BCI 6 is the value local 0 held at BCI 2, and the slot does not hold it at BCI 6: the slot's name would read the value the body wrote in between
    <         local0 = local0 + 1;
    57a56
    >         int local3 = local0--;
MOVED (jar): openspec/evidence/java-syntax-2026-10-05/postinc-consumer-positions-patrol/fixture/pc.jar!PC.class
    31d30
    <         // jarde: not recovered: the recovery run for `viaArg()I` produced no statement (explanation only); the artifact's own comment lines are below
    35,40c34,37
    <         // @bytecode 28 25
    <         // the instruction at BCI 28 belongs to no shape this run verified: an allocation, a copy or a cast is presented only where a rule proved what it builds
    <         // @bytecode 31 25 0 3 5 10 11 14 16 21 22 28 29 30 34 36 41 42 45
    <         // the copy at BCI 28 has no proved local assignment
    <         // @bytecode 36 41 22 25
MOVED (jar): openspec/evidence/java-syntax-2026-10-05/cond-assign-soundness-patrol/fixture/ac.jar!AC.class
    17d16
    <         // jarde: not recovered: the recovery run for `read()Ljava/lang/String;` produced no statement (explanation only); the artifact's own comment lines are below
    21,24c20
    <         // @bytecode 0 10 26 7 6 3
    <         // the conditional arm contains an independent instruction at BCI 17
    <         // @bytecode 27
    <         // the value at BCI 27 is the entry state of stack depth 0, which no instruction produced
    ---
MOVED (jar): openspec/evidence/java-syntax-2026-10-05/array-store-soundness-patrol/fixture/ad.jar!AD.class
    19d18
    <         // jarde: not recovered: the recovery run for `add(Ljava/lang/Object;)V` produced no statement (explanation only); the artifact's own comment lines are below
    23,33c22,23
    <         // @bytecode 1 0 4 5 6 9 10 11 12 15 16 17
    <         // the dependency chain from BCI 1 to final consumer 16 is not bounded
    <         // @bytecode 5
    <         // the instruction at BCI 5 belongs to no shape this run verified: an allocation, a copy or a cast is presented only where a rule proved what it builds
    <         // @bytecode 9
MOVED (jar): openspec/evidence/java-syntax-2026-10-05/array-store-soundness-patrol/fixture/ga.jar!GA.class
    26,28c26,27
    <     // jarde: generic Signature projection refused for `add(Ljava/lang/Object;)V`: unsupported (ordinary_generic_source_unproved): method body or no-body declaration has no complete source proof
    <     void add(java.lang.Object arg1) {
    <         // jarde: not recovered: the recovery run for `add(Ljava/lang/Object;)V` produced no statement (explanation only); the artifact's own comment lines are below
    ---
    >     void add(T arg1) {
    >         // jarde: generic Signature `(TT;)V` projected after descriptor erasure and same-run AST/Code/SSA straight-line void body proof; same-class call binding proved
    32,42c31,32
MOVED (jar): openspec/evidence/java-syntax-2026-10-05/handwritten-iterator-patrol/fixture/it.jar!IT.class
    82d81
    <             // jarde: not recovered: the recovery run for `next()Ljava/lang/Integer;` produced no statement (explanation only); the artifact's own comment lines are below
    86,95c85
    <             // @bytecode 1
    <             // the instruction at BCI 1 belongs to no shape this run verified: an allocation, a copy or a cast is presented only where a rule proved what it builds
    <             // @bytecode 5
    <             // the instruction at BCI 5 is not part of the provable subset
    <             // @bytecode 8 2
MOVED (jar): openspec/evidence/java-syntax-2026-10-05/handwritten-iterator-patrol/fixture/it.jar!IT$IntRange.class
    26d25
    <         // jarde: not recovered: the recovery run for `next()Ljava/lang/Integer;` produced no statement (explanation only); the artifact's own comment lines are below
    30,39c29
    <         // @bytecode 1
    <         // the instruction at BCI 1 belongs to no shape this run verified: an allocation, a copy or a cast is presented only where a rule proved what it builds
    <         // @bytecode 5
    <         // the instruction at BCI 5 is not part of the provable subset
    <         // @bytecode 8 2
MOVED (jar): openspec/evidence/java-syntax-2026-10-05/postfix-self-assign-soundness-patrol/fixture/sd.jar!SD.class
    22d21
    <         // jarde: not recovered: the recovery run for `arrSelf()I` produced no statement (explanation only); the artifact's own comment lines are below
    26,27c25,28
    <         // @bytecode 12 7 8 0 1 2 3 5 6 9 13 14 15 16 18 19 20 21
    <         // the value at BCI 12 is the value local 0 held at BCI 7, and the slot does not hold it at BCI 12: the slot's name would read the value the body wrote in between
    ---
    >         int local0 = 1;
    >         int[] local1 = new int[3];
MOVED (jar): openspec/evidence/java-syntax-2026-10-05/postfix-self-assign-soundness-patrol/fixture/sa.jar!SA.class
    38,42c38,39
    <         local0 = local0 + 1;
    <         // @bytecode 6 2
    <         // the value at BCI 6 is the value local 0 held at BCI 2, and the slot does not hold it at BCI 6: the slot's name would read the value the body wrote in between
    <         // @bytecode 7 8 10 11 12 13
    <         // the statement at BCI 13 reads `local1`, and no statement of this body declared that local: the write that would have declared it was refused, so its name cannot be read here (P3 2b.2)
    ---
    >         int local1 = local0++;
UNRENDERED: openspec/evidence/java-syntax-2026-10-05/package-info-patrol/fixture/pi.jar!com/example/package-info.class renders under its own entry name
pass C: moved=9 unrendered=1
moved classes: single-class=20 jar=9 total=29
unrendered candidates: A=1 C=1
