// jarde: presentation of `em02/Contract` from the class file's own declaration and one recovery run per member.
// jarde: not a compilable project: no imports and no resources are claimed (the `package` line is the class file's own name, not a claim about a directory); every place this text is not a full recovery carries a marker of this prefix.
package em02;

public interface Contract {
    // jarde: no body: the member `value()I` is declared abstract and its declaration carries no Code attribute
    public abstract int value();

    public default int plusOne() {
        // @method plusOne()I
        // @declaration an interface's default method of `em02.Contract`, member flags 0x0001
        // recovered from bytecode; presentation is not claimed to compile
        return this.value() + 1;
    }

    public static int five() {
        // @method five()I
        // @declaration an interface's static method of `em02.Contract`, member flags 0x0009
        // recovered from bytecode; presentation is not claimed to compile
        return 5;
    }

    // jarde: no body: the member `alsoValue()I` is declared abstract and its declaration carries no Code attribute
    public abstract int alsoValue();
}
bridge_proofs = []
class.class_bytes.digest = "83bafc6b3bd5505979b417fc4dd1e40e2cb3c27785d690654afc8e091962e08b"
class.class_bytes.length = 204
class.location.entry.ordinal = 3
class.location.entry.origin.root_container = "root"
class.location.entry.origin.snapshot = "f6ad74535a3f159389615ff974d811b7f308f432576e87ee60f1aed9adb40589"
class.location.entry.origin.steps = []
class.location.entry.raw_name = [101,109,48,50,47,67,111,110,116,114,97,99,116,46,99,108,97,115,115]
class.location.kind = "archive_entry"
class.variant.kind = "base"
coverage.artifact_structural.scanned.0.end = 12
coverage.artifact_structural.scanned.0.label = "central_directory_entries"
coverage.artifact_structural.scanned.0.start = 0
coverage.artifact_structural.scanned.1.end = 1
coverage.artifact_structural.scanned.1.label = "navigation_candidates"
coverage.artifact_structural.scanned.1.start = 0
coverage.artifact_structural.scanned.2.end = 4
coverage.artifact_structural.scanned.2.label = "class_methods"
coverage.artifact_structural.scanned.2.start = 0
coverage.artifact_structural.scanned.3.end = 2
coverage.artifact_structural.scanned.3.label = "class_source_bodies"
coverage.artifact_structural.scanned.3.start = 0
coverage.artifact_structural.skipped = []
coverage.artifact_structural.state = "complete_within_schema"
coverage.artifact_structural.uninterpreted_extensions = []
coverage.dynamic_analysis.scanned = []
coverage.dynamic_analysis.skipped = []
coverage.dynamic_analysis.state = "not_requested"
coverage.dynamic_analysis.uninterpreted_extensions = []
coverage.runtime_resolution.scanned = []
coverage.runtime_resolution.skipped = []
coverage.runtime_resolution.state = "not_requested"
coverage.runtime_resolution.uninterpreted_extensions = []
declaration.annotation_attributes = []
declaration.annotation_refusals = []
declaration.annotation_uses = []
declaration.declaration = "public interface Contract"
declaration.generic_refusal = null
declaration.generic_signature = null
declaration.item.binding.kind = "path_name_agrees"
declaration.item.declaration.access_flags = 1537
declaration.item.declaration.interfaces = []
declaration.item.declaration.super_class.escaped = "java/lang/Object"
declaration.item.declaration.super_class.raw = [106,97,118,97,47,108,97,110,103,47,79,98,106,101,99,116]
declaration.item.declaration.super_class.utf16 = [106,97,118,97,47,108,97,110,103,47,79,98,106,101,99,116]
declaration.item.declaration.this_class.escaped = "em02/Contract"
declaration.item.declaration.this_class.raw = [101,109,48,50,47,67,111,110,116,114,97,99,116]
declaration.item.declaration.this_class.utf16 = [101,109,48,50,47,67,111,110,116,114,97,99,116]
declaration.item.definition.class_bytes.digest = "83bafc6b3bd5505979b417fc4dd1e40e2cb3c27785d690654afc8e091962e08b"
declaration.item.definition.class_bytes.length = 204
declaration.item.definition.location.entry.ordinal = 3
declaration.item.definition.location.entry.origin.root_container = "root"
declaration.item.definition.location.entry.origin.snapshot = "f6ad74535a3f159389615ff974d811b7f308f432576e87ee60f1aed9adb40589"
declaration.item.definition.location.entry.origin.steps = []
declaration.item.definition.location.entry.raw_name = [101,109,48,50,47,67,111,110,116,114,97,99,116,46,99,108,97,115,115]
declaration.item.definition.location.kind = "archive_entry"
declaration.item.definition.variant.kind = "base"
declaration.item.member_table = null
declaration.name = "Contract"
diagnostics = []
enum_switch_proofs = []
execution.status = "complete"
execution.usage.analysis_steps = 76
execution.usage.archive_entries = 28
execution.usage.attribute_bytes = 141
execution.usage.class_bytes = 408
execution.usage.class_headers = 1
execution.usage.code_bytes = 11
execution.usage.dependency_depth = 0
execution.usage.elapsed_millis = 35
execution.usage.entry_bytes = 204
execution.usage.input_bytes = 3395
execution.usage.ir_edges = 6
execution.usage.ir_items = 141
execution.usage.method_bodies = 2
execution.usage.nested_depth = 0
execution.usage.normalization_clones = 0
execution.usage.output_bytes = 397
execution.usage.read_bytes = 159
execution.usage.result_items = 35
fields = []
initializer_proof.fields = []
initializer_proof.kind = "proved"
limits.analysis_steps = 4194304
limits.archive_entries = 65536
limits.attribute_bytes = 67108864
limits.class_bytes = 67108864
limits.class_headers = 4096
limits.code_bytes = 16777216
limits.dependency_depth = 8
limits.elapsed_millis = 30000
limits.entry_bytes = 67108864
limits.input_bytes = 67108864
limits.ir_edges = 4194304
limits.ir_items = 4194304
limits.method_bodies = 4096
limits.nested_depth = 4
limits.normalization_clones = 1048576
limits.output_bytes = 16777216
limits.read_bytes = 67108864
limits.result_items = 65536
member_family.state = "absent"
methods.0.annotations.attributes = []
methods.0.annotations.refusals = []
methods.0.annotations.uses = []
methods.0.declaration = "public abstract int value()"
methods.0.item.access_flags = 1025
methods.0.item.body.kind = "no_code_attribute"
methods.0.item.descriptor.escaped = "()I"
methods.0.item.descriptor.raw = [40,41,73]
methods.0.item.descriptor.utf16 = [40,41,73]
methods.0.item.identity.descriptor = [40,41,73]
methods.0.item.identity.name = [118,97,108,117,101]
methods.0.item.identity.owner.class_bytes.digest = "83bafc6b3bd5505979b417fc4dd1e40e2cb3c27785d690654afc8e091962e08b"
methods.0.item.identity.owner.class_bytes.length = 204
methods.0.item.identity.owner.location.entry.ordinal = 3
methods.0.item.identity.owner.location.entry.origin.root_container = "root"
methods.0.item.identity.owner.location.entry.origin.snapshot = "f6ad74535a3f159389615ff974d811b7f308f432576e87ee60f1aed9adb40589"
methods.0.item.identity.owner.location.entry.origin.steps = []
methods.0.item.identity.owner.location.entry.raw_name = [101,109,48,50,47,67,111,110,116,114,97,99,116,46,99,108,97,115,115]
methods.0.item.identity.owner.location.kind = "archive_entry"
methods.0.item.identity.owner.variant.kind = "base"
methods.0.item.index = 0
methods.0.item.name.escaped = "value"
methods.0.item.name.raw = [118,97,108,117,101]
methods.0.item.name.utf16 = [118,97,108,117,101]
methods.0.markers = ["// jarde: no body: the member `value()I` is declared abstract and its declaration carries no Code attribute"]
methods.0.no_body_kind = "abstract"
methods.0.outcome.kind = "no_body"
methods.0.parameter_annotations.attributes = []
methods.0.parameter_annotations.refusals = []
methods.0.parameter_annotations.uses_by_position = []
methods.0.text = "    // jarde: no body: the member `value()I` is declared abstract and its declaration carries no Code attribute\n    public abstract int value();\n"
methods.0.type_annotations.attributes = []
methods.0.type_annotations.field_uses = []
methods.0.type_annotations.parameter_uses = []
methods.0.type_annotations.refusals = []
methods.0.type_annotations.return_uses = []
methods.1.annotations.attributes = []
methods.1.annotations.refusals = []
methods.1.annotations.uses = []
methods.1.declaration = "public default int plusOne()"
methods.1.item.access_flags = 1
methods.1.item.body.content_span.length = 21
methods.1.item.body.content_span.start = 145
methods.1.item.body.kind = "code_attribute"
methods.1.item.descriptor.escaped = "()I"
methods.1.item.descriptor.raw = [40,41,73]
methods.1.item.descriptor.utf16 = [40,41,73]
methods.1.item.identity.descriptor = [40,41,73]
methods.1.item.identity.name = [112,108,117,115,79,110,101]
methods.1.item.identity.owner.class_bytes.digest = "83bafc6b3bd5505979b417fc4dd1e40e2cb3c27785d690654afc8e091962e08b"
methods.1.item.identity.owner.class_bytes.length = 204
methods.1.item.identity.owner.location.entry.ordinal = 3
methods.1.item.identity.owner.location.entry.origin.root_container = "root"
methods.1.item.identity.owner.location.entry.origin.snapshot = "f6ad74535a3f159389615ff974d811b7f308f432576e87ee60f1aed9adb40589"
methods.1.item.identity.owner.location.entry.origin.steps = []
methods.1.item.identity.owner.location.entry.raw_name = [101,109,48,50,47,67,111,110,116,114,97,99,116,46,99,108,97,115,115]
methods.1.item.identity.owner.location.kind = "archive_entry"
methods.1.item.identity.owner.variant.kind = "base"
methods.1.item.index = 1
methods.1.item.name.escaped = "plusOne"
methods.1.item.name.raw = [112,108,117,115,79,110,101]
methods.1.item.name.utf16 = [112,108,117,115,79,110,101]
methods.1.markers = []
methods.1.no_body_kind = null
methods.1.outcome.analysis.diagnostics = 0
methods.1.outcome.analysis.execution.status = "complete"
methods.1.outcome.analysis.execution.usage.analysis_steps = 29
methods.1.outcome.analysis.execution.usage.archive_entries = 28
methods.1.outcome.analysis.execution.usage.attribute_bytes = 121
methods.1.outcome.analysis.execution.usage.class_bytes = 408
methods.1.outcome.analysis.execution.usage.class_headers = 1
methods.1.outcome.analysis.execution.usage.code_bytes = 9
methods.1.outcome.analysis.execution.usage.dependency_depth = 0
methods.1.outcome.analysis.execution.usage.elapsed_millis = 24
methods.1.outcome.analysis.execution.usage.entry_bytes = 204
methods.1.outcome.analysis.execution.usage.input_bytes = 3395
methods.1.outcome.analysis.execution.usage.ir_edges = 5
methods.1.outcome.analysis.execution.usage.ir_items = 75
methods.1.outcome.analysis.execution.usage.method_bodies = 1
methods.1.outcome.analysis.execution.usage.nested_depth = 0
methods.1.outcome.analysis.execution.usage.normalization_clones = 0
methods.1.outcome.analysis.execution.usage.output_bytes = 0
methods.1.outcome.analysis.execution.usage.read_bytes = 159
methods.1.outcome.analysis.execution.usage.result_items = 32
methods.1.outcome.kind = "recovered"
methods.1.outcome.report.accessors = []
methods.1.outcome.report.aliased_names = []
methods.1.outcome.report.artifact.agreement.state = "not_stated"
methods.1.outcome.report.artifact.binding.engine = "0.1.0"
methods.1.outcome.report.artifact.binding.environment.content = ["f6ad74535a3f159389615ff974d811b7f308f432576e87ee60f1aed9adb40589"]
methods.1.outcome.report.artifact.binding.environment.domain_loaders = ["app"]
methods.1.outcome.report.artifact.binding.environment.providers = []
methods.1.outcome.report.artifact.binding.environment.runtime.load_domain.delegation.kind = "parent_first"
methods.1.outcome.report.artifact.binding.environment.runtime.load_domain.external_override = "none"
methods.1.outcome.report.artifact.binding.environment.runtime.load_domain.loader = "app"
methods.1.outcome.report.artifact.binding.environment.runtime.load_domain.module_mode.kind = "class_path"
methods.1.outcome.report.artifact.binding.environment.runtime.load_domain.parent_loader = null
methods.1.outcome.report.artifact.binding.environment.runtime.load_domain.roots.0.kind = "container"
methods.1.outcome.report.artifact.binding.environment.runtime.load_domain.roots.0.origin.root_container = "root"
methods.1.outcome.report.artifact.binding.environment.runtime.load_domain.roots.0.origin.snapshot = "f6ad74535a3f159389615ff974d811b7f308f432576e87ee60f1aed9adb40589"
methods.1.outcome.report.artifact.binding.environment.runtime.load_domain.roots.0.origin.steps = []
methods.1.outcome.report.artifact.binding.environment.runtime.load_domain.roots.0.prefix = []
methods.1.outcome.report.artifact.binding.environment.runtime.load_domain.runtime_transformation = "none"
methods.1.outcome.report.artifact.binding.environment.runtime.physical.scope.kind = "snapshot_all"
methods.1.outcome.report.artifact.binding.environment.runtime.physical.snapshot = "f6ad74535a3f159389615ff974d811b7f308f432576e87ee60f1aed9adb40589"
methods.1.outcome.report.artifact.binding.environment.runtime.profile.java_release = 8
methods.1.outcome.report.artifact.binding.environment.runtime.profile.layout.kind = "generic"
methods.1.outcome.report.artifact.binding.environment.runtime.profile.multi_release.kind = "disabled"
methods.1.outcome.report.artifact.binding.member_ordinal = 1
methods.1.outcome.report.artifact.binding.method.descriptor = [40,41,73]
methods.1.outcome.report.artifact.binding.method.name = [112,108,117,115,79,110,101]
methods.1.outcome.report.artifact.binding.method.owner.class_bytes.digest = "83bafc6b3bd5505979b417fc4dd1e40e2cb3c27785d690654afc8e091962e08b"
methods.1.outcome.report.artifact.binding.method.owner.class_bytes.length = 204
methods.1.outcome.report.artifact.binding.method.owner.location.entry.ordinal = 3
methods.1.outcome.report.artifact.binding.method.owner.location.entry.origin.root_container = "root"
methods.1.outcome.report.artifact.binding.method.owner.location.entry.origin.snapshot = "f6ad74535a3f159389615ff974d811b7f308f432576e87ee60f1aed9adb40589"
methods.1.outcome.report.artifact.binding.method.owner.location.entry.origin.steps = []
methods.1.outcome.report.artifact.binding.method.owner.location.entry.raw_name = [101,109,48,50,47,67,111,110,116,114,97,99,116,46,99,108,97,115,115]
methods.1.outcome.report.artifact.binding.method.owner.location.kind = "archive_entry"
methods.1.outcome.report.artifact.binding.method.owner.variant.kind = "base"
methods.1.outcome.report.artifact.binding.profile.java_release = 8
methods.1.outcome.report.artifact.binding.profile.layout.kind = "generic"
methods.1.outcome.report.artifact.binding.profile.multi_release.kind = "disabled"
methods.1.outcome.report.artifact.binding.registry = 71
methods.1.outcome.report.artifact.binding.rules = ["straight@1","if@1","loop@1","switch@1","lambda@1","concat@1","bridge@1","accessor@1","new@1","field@1","enumswitch@1","init@1","declaration@1","twr@1","monitor@1","finally@1"]
methods.1.outcome.report.artifact.binding.schema = 1
methods.1.outcome.report.artifact.binding.text_bytes = 208
methods.1.outcome.report.artifact.binding.text_digest = "112cf565e4c462d0cbb859b8b219e073"
methods.1.outcome.report.bridges = []
methods.1.outcome.report.compile_status = "not_attempted"
methods.1.outcome.report.concats = []
methods.1.outcome.report.content = "contains_statements"
methods.1.outcome.report.declaration = null
methods.1.outcome.report.diagnostics.0.code = "jre_recovery_produced"
methods.1.outcome.report.diagnostics.0.message = "1 region(s), 1 statement(s), 5 segment(s), 208 byte(s) written from 1 canonical block(s)"
methods.1.outcome.report.diagnostics.0.provenance = null
methods.1.outcome.report.diagnostics.0.severity = "info"
methods.1.outcome.report.diagnostics.1.code = "jre_declaration"
methods.1.outcome.report.diagnostics.1.message = "the artifact's envelope states the member's declaration under declaration@1: an interface's default method"
methods.1.outcome.report.diagnostics.1.provenance = null
methods.1.outcome.report.diagnostics.1.severity = "info"
methods.1.outcome.report.enum_switches = []
methods.1.outcome.report.evidence.categories.0.kind = "source_map"
methods.1.outcome.report.evidence.categories.0.state.state = "not_requested"
methods.1.outcome.report.evidence.categories.1.kind = "region_details"
methods.1.outcome.report.evidence.categories.1.state.state = "not_requested"
methods.1.outcome.report.evidence.categories.2.kind = "rule_details"
methods.1.outcome.report.evidence.categories.2.state.state = "not_requested"
methods.1.outcome.report.evidence.categories.3.kind = "name_details"
methods.1.outcome.report.evidence.categories.3.state.state = "not_requested"
methods.1.outcome.report.evidence.categories.4.kind = "read_details"
methods.1.outcome.report.evidence.categories.4.state.state = "not_requested"
methods.1.outcome.report.evidence.requested.driver_bci_range = null
methods.1.outcome.report.evidence.requested.expected_artifact = null
methods.1.outcome.report.evidence.requested.kinds = []
methods.1.outcome.report.execution.status = "complete"
methods.1.outcome.report.execution.usage.analysis_steps = 48
methods.1.outcome.report.execution.usage.archive_entries = 28
methods.1.outcome.report.execution.usage.attribute_bytes = 121
methods.1.outcome.report.execution.usage.class_bytes = 408
methods.1.outcome.report.execution.usage.class_headers = 1
methods.1.outcome.report.execution.usage.code_bytes = 9
methods.1.outcome.report.execution.usage.dependency_depth = 0
methods.1.outcome.report.execution.usage.elapsed_millis = 34
methods.1.outcome.report.execution.usage.entry_bytes = 204
methods.1.outcome.report.execution.usage.input_bytes = 3395
methods.1.outcome.report.execution.usage.ir_edges = 5
methods.1.outcome.report.execution.usage.ir_items = 108
methods.1.outcome.report.execution.usage.method_bodies = 1
methods.1.outcome.report.execution.usage.nested_depth = 0
methods.1.outcome.report.execution.usage.normalization_clones = 0
methods.1.outcome.report.execution.usage.output_bytes = 208
methods.1.outcome.report.execution.usage.read_bytes = 159
methods.1.outcome.report.execution.usage.result_items = 32
methods.1.outcome.report.fallbacks = []
methods.1.outcome.report.fields = []
methods.1.outcome.report.init = null
methods.1.outcome.report.lambdas = []
methods.1.outcome.report.method = "plusOne()I"
methods.1.outcome.report.news = []
methods.1.outcome.report.outcome = "produced"
methods.1.outcome.report.profile.java_release = 8
methods.1.outcome.report.profile.layout.kind = "generic"
methods.1.outcome.report.profile.multi_release.kind = "disabled"
methods.1.outcome.report.quality = "structured"
methods.1.outcome.report.regions = []
methods.1.outcome.report.representation = "java"
methods.1.outcome.report.rules = []
methods.1.outcome.report.semantic_validation = "unproven"
methods.1.outcome.report.source_map.segments = []
methods.1.outcome.report.syntax_status = "unchecked"
methods.1.outcome.report.text = "// @method plusOne()I\n// @declaration an interface's default method of `em02.Contract`, member flags 0x0001\n// recovered from bytecode; presentation is not claimed to compile\n{\n    return this.value() + 1;\n}\n"
methods.1.outcome.report.verification = "not_performed"
methods.1.parameter_annotations.attributes = []
methods.1.parameter_annotations.refusals = []
methods.1.parameter_annotations.uses_by_position = []
methods.1.text = "    public default int plusOne() {\n        // @method plusOne()I\n        // @declaration an interface's default method of `em02.Contract`, member flags 0x0001\n        // recovered from bytecode; presentation is not claimed to compile\n        return this.value() + 1;\n    }\n"
methods.1.type_annotations.attributes = []
methods.1.type_annotations.field_uses = []
methods.1.type_annotations.parameter_uses = []
methods.1.type_annotations.refusals = []
methods.1.type_annotations.return_uses = []
methods.2.annotations.attributes = []
methods.2.annotations.refusals = []
methods.2.annotations.uses = []
methods.2.declaration = "public static int five()"
methods.2.item.access_flags = 9
methods.2.item.body.content_span.length = 14
methods.2.item.body.content_span.start = 180
methods.2.item.body.kind = "code_attribute"
methods.2.item.descriptor.escaped = "()I"
methods.2.item.descriptor.raw = [40,41,73]
methods.2.item.descriptor.utf16 = [40,41,73]
methods.2.item.identity.descriptor = [40,41,73]
methods.2.item.identity.name = [102,105,118,101]
methods.2.item.identity.owner.class_bytes.digest = "83bafc6b3bd5505979b417fc4dd1e40e2cb3c27785d690654afc8e091962e08b"
methods.2.item.identity.owner.class_bytes.length = 204
methods.2.item.identity.owner.location.entry.ordinal = 3
methods.2.item.identity.owner.location.entry.origin.root_container = "root"
methods.2.item.identity.owner.location.entry.origin.snapshot = "f6ad74535a3f159389615ff974d811b7f308f432576e87ee60f1aed9adb40589"
methods.2.item.identity.owner.location.entry.origin.steps = []
methods.2.item.identity.owner.location.entry.raw_name = [101,109,48,50,47,67,111,110,116,114,97,99,116,46,99,108,97,115,115]
methods.2.item.identity.owner.location.kind = "archive_entry"
methods.2.item.identity.owner.variant.kind = "base"
methods.2.item.index = 2
methods.2.item.name.escaped = "five"
methods.2.item.name.raw = [102,105,118,101]
methods.2.item.name.utf16 = [102,105,118,101]
methods.2.markers = []
methods.2.no_body_kind = null
methods.2.outcome.analysis.diagnostics = 0
methods.2.outcome.analysis.execution.status = "complete"
methods.2.outcome.analysis.execution.usage.analysis_steps = 64
methods.2.outcome.analysis.execution.usage.archive_entries = 28
methods.2.outcome.analysis.execution.usage.attribute_bytes = 141
methods.2.outcome.analysis.execution.usage.class_bytes = 408
methods.2.outcome.analysis.execution.usage.class_headers = 1
methods.2.outcome.analysis.execution.usage.code_bytes = 11
methods.2.outcome.analysis.execution.usage.dependency_depth = 0
methods.2.outcome.analysis.execution.usage.elapsed_millis = 34
methods.2.outcome.analysis.execution.usage.entry_bytes = 204
methods.2.outcome.analysis.execution.usage.input_bytes = 3395
methods.2.outcome.analysis.execution.usage.ir_edges = 6
methods.2.outcome.analysis.execution.usage.ir_items = 131
methods.2.outcome.analysis.execution.usage.method_bodies = 2
methods.2.outcome.analysis.execution.usage.nested_depth = 0
methods.2.outcome.analysis.execution.usage.normalization_clones = 0
methods.2.outcome.analysis.execution.usage.output_bytes = 208
methods.2.outcome.analysis.execution.usage.read_bytes = 159
methods.2.outcome.analysis.execution.usage.result_items = 33
methods.2.outcome.kind = "recovered"
methods.2.outcome.report.accessors = []
methods.2.outcome.report.aliased_names = []
methods.2.outcome.report.artifact.agreement.state = "not_stated"
methods.2.outcome.report.artifact.binding.engine = "0.1.0"
methods.2.outcome.report.artifact.binding.environment.content = ["f6ad74535a3f159389615ff974d811b7f308f432576e87ee60f1aed9adb40589"]
methods.2.outcome.report.artifact.binding.environment.domain_loaders = ["app"]
methods.2.outcome.report.artifact.binding.environment.providers = []
methods.2.outcome.report.artifact.binding.environment.runtime.load_domain.delegation.kind = "parent_first"
methods.2.outcome.report.artifact.binding.environment.runtime.load_domain.external_override = "none"
methods.2.outcome.report.artifact.binding.environment.runtime.load_domain.loader = "app"
methods.2.outcome.report.artifact.binding.environment.runtime.load_domain.module_mode.kind = "class_path"
methods.2.outcome.report.artifact.binding.environment.runtime.load_domain.parent_loader = null
methods.2.outcome.report.artifact.binding.environment.runtime.load_domain.roots.0.kind = "container"
methods.2.outcome.report.artifact.binding.environment.runtime.load_domain.roots.0.origin.root_container = "root"
methods.2.outcome.report.artifact.binding.environment.runtime.load_domain.roots.0.origin.snapshot = "f6ad74535a3f159389615ff974d811b7f308f432576e87ee60f1aed9adb40589"
methods.2.outcome.report.artifact.binding.environment.runtime.load_domain.roots.0.origin.steps = []
methods.2.outcome.report.artifact.binding.environment.runtime.load_domain.roots.0.prefix = []
methods.2.outcome.report.artifact.binding.environment.runtime.load_domain.runtime_transformation = "none"
methods.2.outcome.report.artifact.binding.environment.runtime.physical.scope.kind = "snapshot_all"
methods.2.outcome.report.artifact.binding.environment.runtime.physical.snapshot = "f6ad74535a3f159389615ff974d811b7f308f432576e87ee60f1aed9adb40589"
methods.2.outcome.report.artifact.binding.environment.runtime.profile.java_release = 8
methods.2.outcome.report.artifact.binding.environment.runtime.profile.layout.kind = "generic"
methods.2.outcome.report.artifact.binding.environment.runtime.profile.multi_release.kind = "disabled"
methods.2.outcome.report.artifact.binding.member_ordinal = 2
methods.2.outcome.report.artifact.binding.method.descriptor = [40,41,73]
methods.2.outcome.report.artifact.binding.method.name = [102,105,118,101]
methods.2.outcome.report.artifact.binding.method.owner.class_bytes.digest = "83bafc6b3bd5505979b417fc4dd1e40e2cb3c27785d690654afc8e091962e08b"
methods.2.outcome.report.artifact.binding.method.owner.class_bytes.length = 204
methods.2.outcome.report.artifact.binding.method.owner.location.entry.ordinal = 3
methods.2.outcome.report.artifact.binding.method.owner.location.entry.origin.root_container = "root"
methods.2.outcome.report.artifact.binding.method.owner.location.entry.origin.snapshot = "f6ad74535a3f159389615ff974d811b7f308f432576e87ee60f1aed9adb40589"
methods.2.outcome.report.artifact.binding.method.owner.location.entry.origin.steps = []
methods.2.outcome.report.artifact.binding.method.owner.location.entry.raw_name = [101,109,48,50,47,67,111,110,116,114,97,99,116,46,99,108,97,115,115]
methods.2.outcome.report.artifact.binding.method.owner.location.kind = "archive_entry"
methods.2.outcome.report.artifact.binding.method.owner.variant.kind = "base"
methods.2.outcome.report.artifact.binding.profile.java_release = 8
methods.2.outcome.report.artifact.binding.profile.layout.kind = "generic"
methods.2.outcome.report.artifact.binding.profile.multi_release.kind = "disabled"
methods.2.outcome.report.artifact.binding.registry = 71
methods.2.outcome.report.artifact.binding.rules = ["straight@1","if@1","loop@1","switch@1","lambda@1","concat@1","bridge@1","accessor@1","new@1","field@1","enumswitch@1","init@1","declaration@1","twr@1","monitor@1","finally@1"]
methods.2.outcome.report.artifact.binding.schema = 1
methods.2.outcome.report.artifact.binding.text_bytes = 189
methods.2.outcome.report.artifact.binding.text_digest = "7ffe5e532297d8e18f2b7fb77e8d1691"
methods.2.outcome.report.bridges = []
methods.2.outcome.report.compile_status = "not_attempted"
methods.2.outcome.report.concats = []
methods.2.outcome.report.content = "contains_statements"
methods.2.outcome.report.declaration = null
methods.2.outcome.report.diagnostics.0.code = "jre_recovery_produced"
methods.2.outcome.report.diagnostics.0.message = "1 region(s), 1 statement(s), 2 segment(s), 189 byte(s) written from 1 canonical block(s)"
methods.2.outcome.report.diagnostics.0.provenance = null
methods.2.outcome.report.diagnostics.0.severity = "info"
methods.2.outcome.report.diagnostics.1.code = "jre_declaration"
methods.2.outcome.report.diagnostics.1.message = "the artifact's envelope states the member's declaration under declaration@1: an interface's static method"
methods.2.outcome.report.diagnostics.1.provenance = null
methods.2.outcome.report.diagnostics.1.severity = "info"
methods.2.outcome.report.enum_switches = []
methods.2.outcome.report.evidence.categories.0.kind = "source_map"
methods.2.outcome.report.evidence.categories.0.state.state = "not_requested"
methods.2.outcome.report.evidence.categories.1.kind = "region_details"
methods.2.outcome.report.evidence.categories.1.state.state = "not_requested"
methods.2.outcome.report.evidence.categories.2.kind = "rule_details"
methods.2.outcome.report.evidence.categories.2.state.state = "not_requested"
methods.2.outcome.report.evidence.categories.3.kind = "name_details"
methods.2.outcome.report.evidence.categories.3.state.state = "not_requested"
methods.2.outcome.report.evidence.categories.4.kind = "read_details"
methods.2.outcome.report.evidence.categories.4.state.state = "not_requested"
methods.2.outcome.report.evidence.requested.driver_bci_range = null
methods.2.outcome.report.evidence.requested.expected_artifact = null
methods.2.outcome.report.evidence.requested.kinds = []
methods.2.outcome.report.execution.status = "complete"
methods.2.outcome.report.execution.usage.analysis_steps = 76
methods.2.outcome.report.execution.usage.archive_entries = 28
methods.2.outcome.report.execution.usage.attribute_bytes = 141
methods.2.outcome.report.execution.usage.class_bytes = 408
methods.2.outcome.report.execution.usage.class_headers = 1
methods.2.outcome.report.execution.usage.code_bytes = 11
methods.2.outcome.report.execution.usage.dependency_depth = 0
methods.2.outcome.report.execution.usage.elapsed_millis = 34
methods.2.outcome.report.execution.usage.entry_bytes = 204
methods.2.outcome.report.execution.usage.input_bytes = 3395
methods.2.outcome.report.execution.usage.ir_edges = 6
methods.2.outcome.report.execution.usage.ir_items = 141
methods.2.outcome.report.execution.usage.method_bodies = 2
methods.2.outcome.report.execution.usage.nested_depth = 0
methods.2.outcome.report.execution.usage.normalization_clones = 0
methods.2.outcome.report.execution.usage.output_bytes = 397
methods.2.outcome.report.execution.usage.read_bytes = 159
methods.2.outcome.report.execution.usage.result_items = 33
methods.2.outcome.report.fallbacks = []
methods.2.outcome.report.fields = []
methods.2.outcome.report.init = null
methods.2.outcome.report.lambdas = []
methods.2.outcome.report.method = "five()I"
methods.2.outcome.report.news = []
methods.2.outcome.report.outcome = "produced"
methods.2.outcome.report.profile.java_release = 8
methods.2.outcome.report.profile.layout.kind = "generic"
methods.2.outcome.report.profile.multi_release.kind = "disabled"
methods.2.outcome.report.quality = "structured"
methods.2.outcome.report.regions = []
methods.2.outcome.report.representation = "java"
methods.2.outcome.report.rules = []
methods.2.outcome.report.semantic_validation = "unproven"
methods.2.outcome.report.source_map.segments = []
methods.2.outcome.report.syntax_status = "unchecked"
methods.2.outcome.report.text = "// @method five()I\n// @declaration an interface's static method of `em02.Contract`, member flags 0x0009\n// recovered from bytecode; presentation is not claimed to compile\n{\n    return 5;\n}\n"
methods.2.outcome.report.verification = "not_performed"
methods.2.parameter_annotations.attributes = []
methods.2.parameter_annotations.refusals = []
methods.2.parameter_annotations.uses_by_position = []
methods.2.text = "    public static int five() {\n        // @method five()I\n        // @declaration an interface's static method of `em02.Contract`, member flags 0x0009\n        // recovered from bytecode; presentation is not claimed to compile\n        return 5;\n    }\n"
methods.2.type_annotations.attributes = []
methods.2.type_annotations.field_uses = []
methods.2.type_annotations.parameter_uses = []
methods.2.type_annotations.refusals = []
methods.2.type_annotations.return_uses = []
methods.3.annotations.attributes = []
methods.3.annotations.refusals = []
methods.3.annotations.uses = []
methods.3.declaration = "public abstract int alsoValue()"
methods.3.item.access_flags = 1025
methods.3.item.body.kind = "no_code_attribute"
methods.3.item.descriptor.escaped = "()I"
methods.3.item.descriptor.raw = [40,41,73]
methods.3.item.descriptor.utf16 = [40,41,73]
methods.3.item.identity.descriptor = [40,41,73]
methods.3.item.identity.name = [97,108,115,111,86,97,108,117,101]
methods.3.item.identity.owner.class_bytes.digest = "83bafc6b3bd5505979b417fc4dd1e40e2cb3c27785d690654afc8e091962e08b"
methods.3.item.identity.owner.class_bytes.length = 204
methods.3.item.identity.owner.location.entry.ordinal = 3
methods.3.item.identity.owner.location.entry.origin.root_container = "root"
methods.3.item.identity.owner.location.entry.origin.snapshot = "f6ad74535a3f159389615ff974d811b7f308f432576e87ee60f1aed9adb40589"
methods.3.item.identity.owner.location.entry.origin.steps = []
methods.3.item.identity.owner.location.entry.raw_name = [101,109,48,50,47,67,111,110,116,114,97,99,116,46,99,108,97,115,115]
methods.3.item.identity.owner.location.kind = "archive_entry"
methods.3.item.identity.owner.variant.kind = "base"
methods.3.item.index = 3
methods.3.item.name.escaped = "alsoValue"
methods.3.item.name.raw = [97,108,115,111,86,97,108,117,101]
methods.3.item.name.utf16 = [97,108,115,111,86,97,108,117,101]
methods.3.markers = ["// jarde: no body: the member `alsoValue()I` is declared abstract and its declaration carries no Code attribute"]
methods.3.no_body_kind = "abstract"
methods.3.outcome.kind = "no_body"
methods.3.parameter_annotations.attributes = []
methods.3.parameter_annotations.refusals = []
methods.3.parameter_annotations.uses_by_position = []
methods.3.text = "    // jarde: no body: the member `alsoValue()I` is declared abstract and its declaration carries no Code attribute\n    public abstract int alsoValue();\n"
methods.3.type_annotations.attributes = []
methods.3.type_annotations.field_uses = []
methods.3.type_annotations.parameter_uses = []
methods.3.type_annotations.refusals = []
methods.3.type_annotations.return_uses = []
nested_annotation_family.state = "absent"
nested_enum_family.state = "absent"
outcome = "performed"
stages = ["raw_facts","raw_cfg","legacy_normalization","canonical_cfg","frame","ssa"]
usage.analysis_steps = 76
usage.archive_entries = 28
usage.attribute_bytes = 141
usage.class_bytes = 408
usage.class_headers = 1
usage.code_bytes = 11
usage.dependency_depth = 0
usage.elapsed_millis = 35
usage.entry_bytes = 204
usage.input_bytes = 3395
usage.ir_edges = 6
usage.ir_items = 141
usage.method_bodies = 2
usage.nested_depth = 0
usage.normalization_clones = 0
usage.output_bytes = 397
usage.read_bytes = 159
usage.result_items = 35
view.scope.kind = "snapshot_all"
view.snapshot = "f6ad74535a3f159389615ff974d811b7f308f432576e87ee60f1aed9adb40589"
