Classfile jar:file:/Users/lordcasser/workspace/projects/jarde/openspec/evidence/same-class-generic-call-consumers-2026-10-09/frozen-inputs-v1/corretto8/debug/TwoClassVariables/TwoClassVariables.jar!/TwoClassVariables.class
  Last modified 2026-10-9; size 827 bytes
  MD5 checksum 3e330d10fd2b8868f6c136a1aad3c7ff
  Compiled from "TwoClassVariables.java"
public class TwoClassVariables<A extends java.lang.Object, B extends java.lang.Object> extends java.lang.Object
  minor version: 0
  major version: 52
  flags: ACC_PUBLIC, ACC_SUPER
Constant pool:
   #1 = Methodref          #4.#27         // java/lang/Object."<init>":()V
   #2 = Methodref          #3.#28         // TwoClassVariables.combine:(Ljava/lang/Object;Ljava/lang/Object;)Ljava/lang/Object;
   #3 = Class              #29            // TwoClassVariables
   #4 = Class              #30            // java/lang/Object
   #5 = Utf8               <init>
   #6 = Utf8               ()V
   #7 = Utf8               Code
   #8 = Utf8               LineNumberTable
   #9 = Utf8               LocalVariableTable
  #10 = Utf8               this
  #11 = Utf8               LTwoClassVariables;
  #12 = Utf8               LocalVariableTypeTable
  #13 = Utf8               LTwoClassVariables<TA;TB;>;
  #14 = Utf8               combine
  #15 = Utf8               (Ljava/lang/Object;Ljava/lang/Object;)Ljava/lang/Object;
  #16 = Utf8               a
  #17 = Utf8               Ljava/lang/Object;
  #18 = Utf8               b
  #19 = Utf8               TA;
  #20 = Utf8               TB;
  #21 = Utf8               Signature
  #22 = Utf8               (TA;TB;)TB;
  #23 = Utf8               relay
  #24 = Utf8               <A:Ljava/lang/Object;B:Ljava/lang/Object;>Ljava/lang/Object;
  #25 = Utf8               SourceFile
  #26 = Utf8               TwoClassVariables.java
  #27 = NameAndType        #5:#6          // "<init>":()V
  #28 = NameAndType        #14:#15        // combine:(Ljava/lang/Object;Ljava/lang/Object;)Ljava/lang/Object;
  #29 = Utf8               TwoClassVariables
  #30 = Utf8               java/lang/Object
{
  public TwoClassVariables();
    descriptor: ()V
    flags: ACC_PUBLIC
    Code:
      stack=1, locals=1, args_size=1
         0: aload_0
         1: invokespecial #1                  // Method java/lang/Object."<init>":()V
         4: return
      LineNumberTable:
        line 1: 0
      LocalVariableTable:
        Start  Length  Slot  Name   Signature
            0       5     0  this   LTwoClassVariables;
      LocalVariableTypeTable:
        Start  Length  Slot  Name   Signature
            0       5     0  this   LTwoClassVariables<TA;TB;>;

  public B combine(A, B);
    descriptor: (Ljava/lang/Object;Ljava/lang/Object;)Ljava/lang/Object;
    flags: ACC_PUBLIC
    Code:
      stack=1, locals=3, args_size=3
         0: aload_2
         1: areturn
      LineNumberTable:
        line 1: 0
      LocalVariableTable:
        Start  Length  Slot  Name   Signature
            0       2     0  this   LTwoClassVariables;
            0       2     1     a   Ljava/lang/Object;
            0       2     2     b   Ljava/lang/Object;
      LocalVariableTypeTable:
        Start  Length  Slot  Name   Signature
            0       2     0  this   LTwoClassVariables<TA;TB;>;
            0       2     1     a   TA;
            0       2     2     b   TB;
    Signature: #22                          // (TA;TB;)TB;

  public B relay(A, B);
    descriptor: (Ljava/lang/Object;Ljava/lang/Object;)Ljava/lang/Object;
    flags: ACC_PUBLIC
    Code:
      stack=3, locals=3, args_size=3
         0: aload_0
         1: aload_1
         2: aload_2
         3: invokevirtual #2                  // Method combine:(Ljava/lang/Object;Ljava/lang/Object;)Ljava/lang/Object;
         6: areturn
      LineNumberTable:
        line 1: 0
      LocalVariableTable:
        Start  Length  Slot  Name   Signature
            0       7     0  this   LTwoClassVariables;
            0       7     1     a   Ljava/lang/Object;
            0       7     2     b   Ljava/lang/Object;
      LocalVariableTypeTable:
        Start  Length  Slot  Name   Signature
            0       7     0  this   LTwoClassVariables<TA;TB;>;
            0       7     1     a   TA;
            0       7     2     b   TB;
    Signature: #22                          // (TA;TB;)TB;
}
Signature: #24                          // <A:Ljava/lang/Object;B:Ljava/lang/Object;>Ljava/lang/Object;
SourceFile: "TwoClassVariables.java"
