Classfile jar:file:///Users/lordcasser/workspace/projects/jarde/openspec/changes/recover-same-class-generic-call-consumers/results/candidate/field18-msrv-final/complete-run/permanent-original-inputs/javac23/RawBoundWriter/RawBoundWriter.jar!/RawBoundWriter.class
  Last modified 2026年10月9日; size 350 bytes
  SHA-256 checksum b38a66db97302bce8e75f539528b0fc9e9ef5fefcbb469d70eb37890f7b0d615
public class RawBoundWriter
  minor version: 0
  major version: 52
  flags: (0x0021) ACC_PUBLIC, ACC_SUPER
  this_class: #8                          // RawBoundWriter
  super_class: #2                         // java/lang/Object
  interfaces: 0, fields: 1, methods: 2, attributes: 0
Constant pool:
   #1 = Methodref          #2.#3          // java/lang/Object."<init>":()V
   #2 = Class              #4             // java/lang/Object
   #3 = NameAndType        #5:#6          // "<init>":()V
   #4 = Utf8               java/lang/Object
   #5 = Utf8               <init>
   #6 = Utf8               ()V
   #7 = Fieldref           #8.#9          // RawBoundWriter.v:Ljava/util/Map;
   #8 = Class              #10            // RawBoundWriter
   #9 = NameAndType        #11:#12        // v:Ljava/util/Map;
  #10 = Utf8               RawBoundWriter
  #11 = Utf8               v
  #12 = Utf8               Ljava/util/Map;
  #13 = Utf8               Signature
  #14 = Utf8               Ljava/util/Map<Ljava/lang/String;Ljava/lang/String;>;
  #15 = Utf8               Code
  #16 = Utf8               put
  #17 = Utf8               (Ljava/util/HashMap;Z)V
  #18 = Utf8               <R:Ljava/util/HashMap;>(TR;Z)V
{
  public java.util.Map<java.lang.String, java.lang.String> v;
    descriptor: Ljava/util/Map;
    flags: (0x0001) ACC_PUBLIC
    Signature: #14                          // Ljava/util/Map<Ljava/lang/String;Ljava/lang/String;>;

  public RawBoundWriter();
    descriptor: ()V
    flags: (0x0001) ACC_PUBLIC
    Code:
      stack=1, locals=1, args_size=1
         0: aload_0
         1: invokespecial #1                  // Method java/lang/Object."<init>":()V
         4: return

  public <R extends java.util.HashMap> void put(R, boolean);
    descriptor: (Ljava/util/HashMap;Z)V
    flags: (0x0001) ACC_PUBLIC
    Code:
      stack=2, locals=3, args_size=3
         0: aload_0
         1: aload_1
         2: putfield      #7                  // Field v:Ljava/util/Map;
         5: return
    Signature: #18                          // <R:Ljava/util/HashMap;>(TR;Z)V
}
