警告: [options] 源值 8 已过时，将在未来发行版中删除
警告: [options] 目标值 8 已过时，将在未来发行版中删除
警告: [options] 要隐藏有关已过时选项的警告, 请使用 -Xlint:-options。
/tmp/jarde-class-literal-audit/jarde/ClassLiteralProbe.java:31: 错误: 缺少返回语句
    }
    ^
/tmp/jarde-class-literal-audit/jarde/ClassLiteralProbe.java:42: 错误: 缺少返回语句
    }
    ^
/tmp/jarde-class-literal-audit/jarde/ClassLiteralProbe.java:53: 错误: 缺少返回语句
    }
    ^
/tmp/jarde-class-literal-audit/jarde/ClassLiteralProbe.java:64: 错误: 缺少返回语句
    }
    ^
/tmp/jarde-class-literal-audit/jarde/ClassLiteralProbe.java:91: 错误: 缺少返回语句
    }
    ^
5 个错误
3 个警告
