Classfile jar:file:///Users/lordcasser/workspace/projects/jarde/openspec/evidence/same-class-generic-call-consumers-2026-10-09/frozen-inputs-v1/openjdk23/debug/BridgeUnknown/BridgeUnknown.jar!/BridgeUnknown.class
  Last modified 2026年10月9日; size 727 bytes
  SHA-256 checksum aaf246a99f7f11806c49ae904f7a5138cce740c5c617c51199097b7d35c46d00
  Compiled from "BridgeUnknown.java"
public class BridgeUnknown extends BridgeBase<java.lang.String>
  minor version: 0
  major version: 52
  flags: (0x0021) ACC_PUBLIC, ACC_SUPER
  this_class: #10                         // BridgeUnknown
  super_class: #2                         // BridgeBase
  interfaces: 0, fields: 0, methods: 4, attributes: 2
Constant pool:
   #1 = Methodref          #2.#3          // BridgeBase."<init>":()V
   #2 = Class              #4             // BridgeBase
   #3 = NameAndType        #5:#6          // "<init>":()V
   #4 = Utf8               BridgeBase
   #5 = Utf8               <init>
   #6 = Utf8               ()V
   #7 = Class              #8             // java/lang/String
   #8 = Utf8               java/lang/String
   #9 = Methodref          #10.#11        // BridgeUnknown.apply:(Ljava/lang/String;)Ljava/lang/String;
  #10 = Class              #12            // BridgeUnknown
  #11 = NameAndType        #13:#14        // apply:(Ljava/lang/String;)Ljava/lang/String;
  #12 = Utf8               BridgeUnknown
  #13 = Utf8               apply
  #14 = Utf8               (Ljava/lang/String;)Ljava/lang/String;
  #15 = Utf8               Code
  #16 = Utf8               LineNumberTable
  #17 = Utf8               LocalVariableTable
  #18 = Utf8               this
  #19 = Utf8               LBridgeUnknown;
  #20 = Utf8               x
  #21 = Utf8               Ljava/lang/String;
  #22 = Utf8               relay
  #23 = Utf8               (Ljava/lang/Object;)Ljava/lang/Object;
  #24 = Utf8               Ljava/lang/Object;
  #25 = Utf8               MethodParameters
  #26 = Utf8               Signature
  #27 = Utf8               LBridgeBase<Ljava/lang/String;>;
  #28 = Utf8               SourceFile
  #29 = Utf8               BridgeUnknown.java
{
  public BridgeUnknown();
    descriptor: ()V
    flags: (0x0001) ACC_PUBLIC
    Code:
      stack=1, locals=1, args_size=1
         0: aload_0
         1: invokespecial #1                  // Method BridgeBase."<init>":()V
         4: return
      LineNumberTable:
        line 2: 0
      LocalVariableTable:
        Start  Length  Slot  Name   Signature
            0       5     0  this   LBridgeUnknown;

  public java.lang.String apply(java.lang.String);
    descriptor: (Ljava/lang/String;)Ljava/lang/String;
    flags: (0x0001) ACC_PUBLIC
    Code:
      stack=1, locals=2, args_size=2
         0: aload_1
         1: areturn
      LineNumberTable:
        line 2: 0
      LocalVariableTable:
        Start  Length  Slot  Name   Signature
            0       2     0  this   LBridgeUnknown;
            0       2     1     x   Ljava/lang/String;

  public java.lang.Object relay(java.lang.Object);
    descriptor: (Ljava/lang/Object;)Ljava/lang/Object;
    flags: (0x0001) ACC_PUBLIC
    Code:
      stack=2, locals=2, args_size=2
         0: aload_0
         1: aload_1
         2: checkcast     #7                  // class java/lang/String
         5: invokevirtual #9                  // Method apply:(Ljava/lang/String;)Ljava/lang/String;
         8: areturn
      LineNumberTable:
        line 2: 0
      LocalVariableTable:
        Start  Length  Slot  Name   Signature
            0       9     0  this   LBridgeUnknown;
            0       9     1     x   Ljava/lang/Object;

  public java.lang.Object apply(java.lang.Object);
    descriptor: (Ljava/lang/Object;)Ljava/lang/Object;
    flags: (0x1041) ACC_PUBLIC, ACC_BRIDGE, ACC_SYNTHETIC
    Code:
      stack=2, locals=2, args_size=2
         0: aload_0
         1: aload_1
         2: checkcast     #7                  // class java/lang/String
         5: invokevirtual #9                  // Method apply:(Ljava/lang/String;)Ljava/lang/String;
         8: areturn
      LineNumberTable:
        line 2: 0
      LocalVariableTable:
        Start  Length  Slot  Name   Signature
            0       9     0  this   LBridgeUnknown;
    MethodParameters:
      Name                           Flags
      <no name>                      synthetic
}
Signature: #27                          // LBridgeBase<Ljava/lang/String;>;
SourceFile: "BridgeUnknown.java"
