Classfile jar:file:///Users/lordcasser/workspace/projects/jarde/openspec/evidence/same-class-generic-call-consumers-2026-10-09/frozen-inputs-v1/openjdk23/nodebug/ReverseDeclarationRelay/ReverseDeclarationRelay.jar!/ReverseDeclarationRelay.class
  Last modified 2026年10月9日; size 477 bytes
  SHA-256 checksum 9f3661d473ebdb9281e7ba46c0e972ad6175110004c8a7b3d04b2db616514239
public class ReverseDeclarationRelay<T extends java.lang.Object> extends java.lang.Object
  minor version: 0
  major version: 52
  flags: (0x0021) ACC_PUBLIC, ACC_SUPER
  this_class: #8                          // ReverseDeclarationRelay
  super_class: #2                         // java/lang/Object
  interfaces: 0, fields: 0, methods: 5, attributes: 1
Constant pool:
   #1 = Methodref          #2.#3          // java/lang/Object."<init>":()V
   #2 = Class              #4             // java/lang/Object
   #3 = NameAndType        #5:#6          // "<init>":()V
   #4 = Utf8               java/lang/Object
   #5 = Utf8               <init>
   #6 = Utf8               ()V
   #7 = Methodref          #8.#9          // ReverseDeclarationRelay.identity:(Ljava/lang/Object;)Ljava/lang/Object;
   #8 = Class              #10            // ReverseDeclarationRelay
   #9 = NameAndType        #11:#12        // identity:(Ljava/lang/Object;)Ljava/lang/Object;
  #10 = Utf8               ReverseDeclarationRelay
  #11 = Utf8               identity
  #12 = Utf8               (Ljava/lang/Object;)Ljava/lang/Object;
  #13 = Methodref          #8.#14         // ReverseDeclarationRelay.relay2:(Ljava/lang/Object;)Ljava/lang/Object;
  #14 = NameAndType        #15:#12        // relay2:(Ljava/lang/Object;)Ljava/lang/Object;
  #15 = Utf8               relay2
  #16 = Methodref          #8.#17         // ReverseDeclarationRelay.relay1:(Ljava/lang/Object;)Ljava/lang/Object;
  #17 = NameAndType        #18:#12        // relay1:(Ljava/lang/Object;)Ljava/lang/Object;
  #18 = Utf8               relay1
  #19 = Utf8               Code
  #20 = Utf8               Signature
  #21 = Utf8               (TT;)TT;
  #22 = Utf8               relay0
  #23 = Utf8               <T:Ljava/lang/Object;>Ljava/lang/Object;
{
  public ReverseDeclarationRelay();
    descriptor: ()V
    flags: (0x0001) ACC_PUBLIC
    Code:
      stack=1, locals=1, args_size=1
         0: aload_0
         1: invokespecial #1                  // Method java/lang/Object."<init>":()V
         4: return

  public T identity(T);
    descriptor: (Ljava/lang/Object;)Ljava/lang/Object;
    flags: (0x0001) ACC_PUBLIC
    Code:
      stack=1, locals=2, args_size=2
         0: aload_1
         1: areturn
    Signature: #21                          // (TT;)TT;

  public T relay2(T);
    descriptor: (Ljava/lang/Object;)Ljava/lang/Object;
    flags: (0x0001) ACC_PUBLIC
    Code:
      stack=2, locals=2, args_size=2
         0: aload_0
         1: aload_1
         2: invokevirtual #7                  // Method identity:(Ljava/lang/Object;)Ljava/lang/Object;
         5: areturn
    Signature: #21                          // (TT;)TT;

  public T relay1(T);
    descriptor: (Ljava/lang/Object;)Ljava/lang/Object;
    flags: (0x0001) ACC_PUBLIC
    Code:
      stack=2, locals=2, args_size=2
         0: aload_0
         1: aload_1
         2: invokevirtual #13                 // Method relay2:(Ljava/lang/Object;)Ljava/lang/Object;
         5: areturn
    Signature: #21                          // (TT;)TT;

  public T relay0(T);
    descriptor: (Ljava/lang/Object;)Ljava/lang/Object;
    flags: (0x0001) ACC_PUBLIC
    Code:
      stack=2, locals=2, args_size=2
         0: aload_0
         1: aload_1
         2: invokevirtual #16                 // Method relay1:(Ljava/lang/Object;)Ljava/lang/Object;
         5: areturn
    Signature: #21                          // (TT;)TT;
}
Signature: #23                          // <T:Ljava/lang/Object;>Ljava/lang/Object;
