Classfile /Users/lordcasser/workspace/projects/jarde/openspec/changes/recover-int-array-constant-names/results/candidate-full-class-root-v6/cases/controls-javac23-original/classes/PriorAssertIntArray.class
  Last modified 2026年10月10日; size 712 bytes
  SHA-256 checksum c10af737ed5951648dfbbd81b08f69f045a0900ed661d0ded12a41b21b98c440
  Compiled from "PriorAssertIntArray.java"
public class PriorAssertIntArray
  minor version: 0
  major version: 52
  flags: (0x0021) ACC_PUBLIC, ACC_SUPER
  this_class: #8                          // PriorAssertIntArray
  super_class: #2                         // java/lang/Object
  interfaces: 0, fields: 2, methods: 3, attributes: 1
Constant pool:
   #1 = Methodref          #2.#3          // java/lang/Object."<init>":()V
   #2 = Class              #4             // java/lang/Object
   #3 = NameAndType        #5:#6          // "<init>":()V
   #4 = Utf8               java/lang/Object
   #5 = Utf8               <init>
   #6 = Utf8               ()V
   #7 = Fieldref           #8.#9          // PriorAssertIntArray.$assertionsDisabled:Z
   #8 = Class              #10            // PriorAssertIntArray
   #9 = NameAndType        #11:#12        // $assertionsDisabled:Z
  #10 = Utf8               PriorAssertIntArray
  #11 = Utf8               $assertionsDisabled
  #12 = Utf8               Z
  #13 = Class              #14            // java/lang/AssertionError
  #14 = Utf8               java/lang/AssertionError
  #15 = Methodref          #13.#3         // java/lang/AssertionError."<init>":()V
  #16 = Methodref          #17.#18        // java/lang/Class.desiredAssertionStatus:()Z
  #17 = Class              #19            // java/lang/Class
  #18 = NameAndType        #20:#21        // desiredAssertionStatus:()Z
  #19 = Utf8               java/lang/Class
  #20 = Utf8               desiredAssertionStatus
  #21 = Utf8               ()Z
  #22 = Utf8               VALUE
  #23 = Utf8               I
  #24 = Utf8               ConstantValue
  #25 = Integer            7
  #26 = Utf8               Code
  #27 = Utf8               LineNumberTable
  #28 = Utf8               LocalVariableTable
  #29 = Utf8               this
  #30 = Utf8               LPriorAssertIntArray;
  #31 = Utf8               value
  #32 = Utf8               (Z)[I
  #33 = Utf8               ok
  #34 = Utf8               StackMapTable
  #35 = Utf8               MethodParameters
  #36 = Utf8               <clinit>
  #37 = Utf8               SourceFile
  #38 = Utf8               PriorAssertIntArray.java
{
  static final int VALUE;
    descriptor: I
    flags: (0x0018) ACC_STATIC, ACC_FINAL
    ConstantValue: int 7

  static final boolean $assertionsDisabled;
    descriptor: Z
    flags: (0x1018) ACC_STATIC, ACC_FINAL, ACC_SYNTHETIC

  public PriorAssertIntArray();
    descriptor: ()V
    flags: (0x0001) ACC_PUBLIC
    Code:
      stack=1, locals=1, args_size=1
         0: aload_0
         1: invokespecial #1                  // Method java/lang/Object."<init>":()V
         4: return
      LineNumberTable:
        line 1: 0
      LocalVariableTable:
        Start  Length  Slot  Name   Signature
            0       5     0  this   LPriorAssertIntArray;

  static int[] value(boolean);
    descriptor: (Z)[I
    flags: (0x0008) ACC_STATIC
    Code:
      stack=4, locals=1, args_size=1
         0: getstatic     #7                  // Field $assertionsDisabled:Z
         3: ifne          18
         6: iload_0
         7: ifne          18
        10: new           #13                 // class java/lang/AssertionError
        13: dup
        14: invokespecial #15                 // Method java/lang/AssertionError."<init>":()V
        17: athrow
        18: iconst_1
        19: newarray       int
        21: dup
        22: iconst_0
        23: bipush        7
        25: iastore
        26: areturn
      LineNumberTable:
        line 5: 0
        line 6: 18
      LocalVariableTable:
        Start  Length  Slot  Name   Signature
            0      27     0    ok   Z
      StackMapTable: number_of_entries = 1
        frame_type = 18 /* same */
    MethodParameters:
      Name                           Flags
      ok

  static {};
    descriptor: ()V
    flags: (0x0008) ACC_STATIC
    Code:
      stack=1, locals=0, args_size=0
         0: ldc           #8                  // class PriorAssertIntArray
         2: invokevirtual #16                 // Method java/lang/Class.desiredAssertionStatus:()Z
         5: ifne          12
         8: iconst_1
         9: goto          13
        12: iconst_0
        13: putstatic     #7                  // Field $assertionsDisabled:Z
        16: return
      LineNumberTable:
        line 1: 0
      StackMapTable: number_of_entries = 2
        frame_type = 12 /* same */
        frame_type = 64 /* same_locals_1_stack_item */
          stack = [ int ]
}
SourceFile: "PriorAssertIntArray.java"
