anonymous_interface_projection.state = "absent"
bridge_proofs.0.admitted = true
bridge_proofs.0.call_bci = 5
bridge_proofs.0.member.descriptor = [40,76,106,97,118,97,47,108,97,110,103,47,79,98,106,101,99,116,59,41,76,106,97,118,97,47,108,97,110,103,47,79,98,106,101,99,116,59]
bridge_proofs.0.member.name = [97,112,112,108,121]
bridge_proofs.0.member.owner.class_bytes.digest = "53b68e6184e473bd066ab8c36814f399ae082dced0998e8614f7f46b2b7fe0b0"
bridge_proofs.0.member.owner.class_bytes.length = 405
bridge_proofs.0.member.owner.location.entry.ordinal = 3
bridge_proofs.0.member.owner.location.entry.origin.root_container = "root"
bridge_proofs.0.member.owner.location.entry.origin.snapshot = "61ac2823fd357b2cc33674ebdf3061bad9778c1a9217b1eb7445ef40d7be1ef5"
bridge_proofs.0.member.owner.location.entry.origin.steps = []
bridge_proofs.0.member.owner.location.entry.raw_name = [66,114,105,100,103,101,85,110,107,110,111,119,110,46,99,108,97,115,115]
bridge_proofs.0.member.owner.location.kind = "archive_entry"
bridge_proofs.0.member.owner.variant.kind = "base"
bridge_proofs.0.projected = true
bridge_proofs.0.refusal = null
bridge_proofs.0.target.descriptor = [40,76,106,97,118,97,47,108,97,110,103,47,83,116,114,105,110,103,59,41,76,106,97,118,97,47,108,97,110,103,47,83,116,114,105,110,103,59]
bridge_proofs.0.target.name = [97,112,112,108,121]
bridge_proofs.0.target.owner.class_bytes.digest = "53b68e6184e473bd066ab8c36814f399ae082dced0998e8614f7f46b2b7fe0b0"
bridge_proofs.0.target.owner.class_bytes.length = 405
bridge_proofs.0.target.owner.location.entry.ordinal = 3
bridge_proofs.0.target.owner.location.entry.origin.root_container = "root"
bridge_proofs.0.target.owner.location.entry.origin.snapshot = "61ac2823fd357b2cc33674ebdf3061bad9778c1a9217b1eb7445ef40d7be1ef5"
bridge_proofs.0.target.owner.location.entry.origin.steps = []
bridge_proofs.0.target.owner.location.entry.raw_name = [66,114,105,100,103,101,85,110,107,110,111,119,110,46,99,108,97,115,115]
bridge_proofs.0.target.owner.location.kind = "archive_entry"
bridge_proofs.0.target.owner.variant.kind = "base"
class.class_bytes.digest = "53b68e6184e473bd066ab8c36814f399ae082dced0998e8614f7f46b2b7fe0b0"
class.class_bytes.length = 405
class.location.entry.ordinal = 3
class.location.entry.origin.root_container = "root"
class.location.entry.origin.snapshot = "61ac2823fd357b2cc33674ebdf3061bad9778c1a9217b1eb7445ef40d7be1ef5"
class.location.entry.origin.steps = []
class.location.entry.raw_name = [66,114,105,100,103,101,85,110,107,110,111,119,110,46,99,108,97,115,115]
class.location.kind = "archive_entry"
class.variant.kind = "base"
coverage.artifact_structural.scanned.0.end = 4
coverage.artifact_structural.scanned.0.label = "central_directory_entries"
coverage.artifact_structural.scanned.0.start = 0
coverage.artifact_structural.scanned.1.end = 1
coverage.artifact_structural.scanned.1.label = "navigation_candidates"
coverage.artifact_structural.scanned.1.start = 0
coverage.artifact_structural.scanned.2.end = 4
coverage.artifact_structural.scanned.2.label = "class_methods"
coverage.artifact_structural.scanned.2.start = 0
coverage.artifact_structural.scanned.3.end = 4
coverage.artifact_structural.scanned.3.label = "class_source_bodies"
coverage.artifact_structural.scanned.3.start = 0
coverage.artifact_structural.skipped = []
coverage.artifact_structural.state = "complete_within_schema"
coverage.artifact_structural.uninterpreted_extensions = []
coverage.dynamic_analysis.scanned = []
coverage.dynamic_analysis.skipped = []
coverage.dynamic_analysis.state = "not_requested"
coverage.dynamic_analysis.uninterpreted_extensions = []
coverage.runtime_resolution.scanned = []
coverage.runtime_resolution.skipped = []
coverage.runtime_resolution.state = "not_requested"
coverage.runtime_resolution.uninterpreted_extensions = []
declaration.annotation_attributes = []
declaration.annotation_refusals = []
declaration.annotation_uses = []
declaration.declaration = "public class BridgeUnknown extends BridgeBase<java.lang.String>"
declaration.generic_refusal = null
declaration.generic_signature = [76,66,114,105,100,103,101,66,97,115,101,60,76,106,97,118,97,47,108,97,110,103,47,83,116,114,105,110,103,59,62,59]
declaration.item.binding.kind = "path_name_agrees"
declaration.item.declaration.access_flags = 33
declaration.item.declaration.interfaces = []
declaration.item.declaration.super_class.escaped = "BridgeBase"
declaration.item.declaration.super_class.raw = [66,114,105,100,103,101,66,97,115,101]
declaration.item.declaration.super_class.utf16 = [66,114,105,100,103,101,66,97,115,101]
declaration.item.declaration.this_class.escaped = "BridgeUnknown"
declaration.item.declaration.this_class.raw = [66,114,105,100,103,101,85,110,107,110,111,119,110]
declaration.item.declaration.this_class.utf16 = [66,114,105,100,103,101,85,110,107,110,111,119,110]
declaration.item.definition.class_bytes.digest = "53b68e6184e473bd066ab8c36814f399ae082dced0998e8614f7f46b2b7fe0b0"
declaration.item.definition.class_bytes.length = 405
declaration.item.definition.location.entry.ordinal = 3
declaration.item.definition.location.entry.origin.root_container = "root"
declaration.item.definition.location.entry.origin.snapshot = "61ac2823fd357b2cc33674ebdf3061bad9778c1a9217b1eb7445ef40d7be1ef5"
declaration.item.definition.location.entry.origin.steps = []
declaration.item.definition.location.entry.raw_name = [66,114,105,100,103,101,85,110,107,110,111,119,110,46,99,108,97,115,115]
declaration.item.definition.location.kind = "archive_entry"
declaration.item.definition.variant.kind = "base"
declaration.item.member_table = null
declaration.name = "BridgeUnknown"
diagnostics = []
direct_override_proofs = []
enum_switch_proofs = []
execution.status = "complete"
execution.usage.analysis_steps = 297
execution.usage.archive_entries = 29
execution.usage.attribute_bytes = 605
execution.usage.class_bytes = 2067
execution.usage.class_headers = 3
execution.usage.code_bytes = 25
execution.usage.dependency_depth = 0
execution.usage.elapsed_millis = 4
execution.usage.entry_bytes = 1662
execution.usage.input_bytes = 1023
execution.usage.ir_edges = 16
execution.usage.ir_items = 419
execution.usage.method_bodies = 4
execution.usage.nested_depth = 0
execution.usage.normalization_clones = 0
execution.usage.output_bytes = 1254
execution.usage.read_bytes = 1046
execution.usage.result_items = 41
fields = []
initializer_proof.kind = "not_applicable"
integer_constant_projections = []
limits.analysis_steps = 4194304
limits.archive_entries = 65536
limits.attribute_bytes = 67108864
limits.class_bytes = 67108864
limits.class_headers = 4096
limits.code_bytes = 16777216
limits.dependency_depth = 8
limits.elapsed_millis = 30000
limits.entry_bytes = 67108864
limits.input_bytes = 67108864
limits.ir_edges = 4194304
limits.ir_items = 4194304
limits.method_bodies = 4096
limits.nested_depth = 4
limits.normalization_clones = 1048576
limits.output_bytes = 16777216
limits.read_bytes = 67108864
limits.result_items = 65536
member_family.state = "absent"
methods.0.annotations.attributes = []
methods.0.annotations.refusals = []
methods.0.annotations.uses = []
methods.0.declaration = "public BridgeUnknown()"
methods.0.item.access_flags = 1
methods.0.item.body.content_span.length = 17
methods.0.item.body.content_span.start = 280
methods.0.item.body.kind = "code_attribute"
methods.0.item.descriptor.escaped = "()V"
methods.0.item.descriptor.raw = [40,41,86]
methods.0.item.descriptor.utf16 = [40,41,86]
methods.0.item.identity.descriptor = [40,41,86]
methods.0.item.identity.name = [60,105,110,105,116,62]
methods.0.item.identity.owner.class_bytes.digest = "53b68e6184e473bd066ab8c36814f399ae082dced0998e8614f7f46b2b7fe0b0"
methods.0.item.identity.owner.class_bytes.length = 405
methods.0.item.identity.owner.location.entry.ordinal = 3
methods.0.item.identity.owner.location.entry.origin.root_container = "root"
methods.0.item.identity.owner.location.entry.origin.snapshot = "61ac2823fd357b2cc33674ebdf3061bad9778c1a9217b1eb7445ef40d7be1ef5"
methods.0.item.identity.owner.location.entry.origin.steps = []
methods.0.item.identity.owner.location.entry.raw_name = [66,114,105,100,103,101,85,110,107,110,111,119,110,46,99,108,97,115,115]
methods.0.item.identity.owner.location.kind = "archive_entry"
methods.0.item.identity.owner.variant.kind = "base"
methods.0.item.index = 0
methods.0.item.name.escaped = "<init>"
methods.0.item.name.raw = [60,105,110,105,116,62]
methods.0.item.name.utf16 = [60,105,110,105,116,62]
methods.0.markers = []
methods.0.no_body_kind = null
methods.0.outcome.analysis.diagnostics = 0
methods.0.outcome.analysis.execution.status = "complete"
methods.0.outcome.analysis.execution.usage.analysis_steps = 44
methods.0.outcome.analysis.execution.usage.archive_entries = 18
methods.0.outcome.analysis.execution.usage.attribute_bytes = 367
methods.0.outcome.analysis.execution.usage.class_bytes = 1378
methods.0.outcome.analysis.execution.usage.class_headers = 2
methods.0.outcome.analysis.execution.usage.code_bytes = 5
methods.0.outcome.analysis.execution.usage.dependency_depth = 0
methods.0.outcome.analysis.execution.usage.elapsed_millis = 1
methods.0.outcome.analysis.execution.usage.entry_bytes = 973
methods.0.outcome.analysis.execution.usage.input_bytes = 1023
methods.0.outcome.analysis.execution.usage.ir_edges = 2
methods.0.outcome.analysis.execution.usage.ir_items = 48
methods.0.outcome.analysis.execution.usage.method_bodies = 1
methods.0.outcome.analysis.execution.usage.nested_depth = 0
methods.0.outcome.analysis.execution.usage.normalization_clones = 0
methods.0.outcome.analysis.execution.usage.output_bytes = 63
methods.0.outcome.analysis.execution.usage.read_bytes = 617
methods.0.outcome.analysis.execution.usage.result_items = 24
methods.0.outcome.kind = "recovered"
methods.0.outcome.report.accessors = []
methods.0.outcome.report.aliased_names = []
methods.0.outcome.report.artifact.agreement.state = "not_stated"
methods.0.outcome.report.artifact.binding.engine = "0.1.0"
methods.0.outcome.report.artifact.binding.environment.content = ["61ac2823fd357b2cc33674ebdf3061bad9778c1a9217b1eb7445ef40d7be1ef5"]
methods.0.outcome.report.artifact.binding.environment.domain_loaders = ["app"]
methods.0.outcome.report.artifact.binding.environment.providers = []
methods.0.outcome.report.artifact.binding.environment.runtime.load_domain.delegation.kind = "parent_first"
methods.0.outcome.report.artifact.binding.environment.runtime.load_domain.external_override = "none"
methods.0.outcome.report.artifact.binding.environment.runtime.load_domain.loader = "app"
methods.0.outcome.report.artifact.binding.environment.runtime.load_domain.module_mode.kind = "class_path"
methods.0.outcome.report.artifact.binding.environment.runtime.load_domain.parent_loader = null
methods.0.outcome.report.artifact.binding.environment.runtime.load_domain.roots.0.kind = "container"
methods.0.outcome.report.artifact.binding.environment.runtime.load_domain.roots.0.origin.root_container = "root"
methods.0.outcome.report.artifact.binding.environment.runtime.load_domain.roots.0.origin.snapshot = "61ac2823fd357b2cc33674ebdf3061bad9778c1a9217b1eb7445ef40d7be1ef5"
methods.0.outcome.report.artifact.binding.environment.runtime.load_domain.roots.0.origin.steps = []
methods.0.outcome.report.artifact.binding.environment.runtime.load_domain.roots.0.prefix = []
methods.0.outcome.report.artifact.binding.environment.runtime.load_domain.runtime_transformation = "none"
methods.0.outcome.report.artifact.binding.environment.runtime.physical.scope.kind = "snapshot_all"
methods.0.outcome.report.artifact.binding.environment.runtime.physical.snapshot = "61ac2823fd357b2cc33674ebdf3061bad9778c1a9217b1eb7445ef40d7be1ef5"
methods.0.outcome.report.artifact.binding.environment.runtime.profile.java_release = 8
methods.0.outcome.report.artifact.binding.environment.runtime.profile.layout.kind = "generic"
methods.0.outcome.report.artifact.binding.environment.runtime.profile.multi_release.kind = "disabled"
methods.0.outcome.report.artifact.binding.member_ordinal = 0
methods.0.outcome.report.artifact.binding.method.descriptor = [40,41,86]
methods.0.outcome.report.artifact.binding.method.name = [60,105,110,105,116,62]
methods.0.outcome.report.artifact.binding.method.owner.class_bytes.digest = "53b68e6184e473bd066ab8c36814f399ae082dced0998e8614f7f46b2b7fe0b0"
methods.0.outcome.report.artifact.binding.method.owner.class_bytes.length = 405
methods.0.outcome.report.artifact.binding.method.owner.location.entry.ordinal = 3
methods.0.outcome.report.artifact.binding.method.owner.location.entry.origin.root_container = "root"
methods.0.outcome.report.artifact.binding.method.owner.location.entry.origin.snapshot = "61ac2823fd357b2cc33674ebdf3061bad9778c1a9217b1eb7445ef40d7be1ef5"
methods.0.outcome.report.artifact.binding.method.owner.location.entry.origin.steps = []
methods.0.outcome.report.artifact.binding.method.owner.location.entry.raw_name = [66,114,105,100,103,101,85,110,107,110,111,119,110,46,99,108,97,115,115]
methods.0.outcome.report.artifact.binding.method.owner.location.kind = "archive_entry"
methods.0.outcome.report.artifact.binding.method.owner.variant.kind = "base"
methods.0.outcome.report.artifact.binding.profile.java_release = 8
methods.0.outcome.report.artifact.binding.profile.layout.kind = "generic"
methods.0.outcome.report.artifact.binding.profile.multi_release.kind = "disabled"
methods.0.outcome.report.artifact.binding.registry = 71
methods.0.outcome.report.artifact.binding.rules = ["straight@1","if@1","loop@1","switch@1","lambda@1","concat@1","bridge@1","accessor@1","new@1","field@1","enumswitch@1","init@1","declaration@1","twr@1","monitor@1","finally@1"]
methods.0.outcome.report.artifact.binding.schema = 1
methods.0.outcome.report.artifact.binding.text_bytes = 187
methods.0.outcome.report.artifact.binding.text_digest = "a8c085cf35393a2faffad2fb6edc4c75"
methods.0.outcome.report.bridges = []
methods.0.outcome.report.compile_status = "not_attempted"
methods.0.outcome.report.concats = []
methods.0.outcome.report.content = "contains_statements"
methods.0.outcome.report.declaration = null
methods.0.outcome.report.diagnostics.0.code = "jre_recovery_produced"
methods.0.outcome.report.diagnostics.0.message = "1 region(s), 2 statement(s), 2 segment(s), 187 byte(s) written from 1 canonical block(s)"
methods.0.outcome.report.diagnostics.0.provenance = null
methods.0.outcome.report.diagnostics.0.severity = "info"
methods.0.outcome.report.diagnostics.1.code = "jre_constructor_prologue"
methods.0.outcome.report.diagnostics.1.message = "the body is an instance initializer and its prologue is written under init@1 as `super`: the call at BCI 1 names `BridgeBase`, and the class that declares this constructor is `BridgeUnknown`"
methods.0.outcome.report.diagnostics.1.provenance = null
methods.0.outcome.report.diagnostics.1.severity = "info"
methods.0.outcome.report.diagnostics.2.code = "jre_declaration"
methods.0.outcome.report.diagnostics.2.message = "the artifact's envelope states the member's declaration under declaration@1: a constructor"
methods.0.outcome.report.diagnostics.2.provenance = null
methods.0.outcome.report.diagnostics.2.severity = "info"
methods.0.outcome.report.enum_switches = []
methods.0.outcome.report.evidence.categories.0.kind = "source_map"
methods.0.outcome.report.evidence.categories.0.state.state = "complete"
methods.0.outcome.report.evidence.categories.1.kind = "region_details"
methods.0.outcome.report.evidence.categories.1.state.state = "not_requested"
methods.0.outcome.report.evidence.categories.2.kind = "rule_details"
methods.0.outcome.report.evidence.categories.2.state.state = "not_requested"
methods.0.outcome.report.evidence.categories.3.kind = "name_details"
methods.0.outcome.report.evidence.categories.3.state.state = "not_requested"
methods.0.outcome.report.evidence.categories.4.kind = "read_details"
methods.0.outcome.report.evidence.categories.4.state.state = "not_requested"
methods.0.outcome.report.evidence.requested.driver_bci_range = null
methods.0.outcome.report.evidence.requested.expected_artifact = null
methods.0.outcome.report.evidence.requested.kinds = ["source_map"]
methods.0.outcome.report.execution.status = "complete"
methods.0.outcome.report.execution.usage.analysis_steps = 95
methods.0.outcome.report.execution.usage.archive_entries = 18
methods.0.outcome.report.execution.usage.attribute_bytes = 367
methods.0.outcome.report.execution.usage.class_bytes = 1378
methods.0.outcome.report.execution.usage.class_headers = 2
methods.0.outcome.report.execution.usage.code_bytes = 5
methods.0.outcome.report.execution.usage.dependency_depth = 0
methods.0.outcome.report.execution.usage.elapsed_millis = 2
methods.0.outcome.report.execution.usage.entry_bytes = 973
methods.0.outcome.report.execution.usage.input_bytes = 1023
methods.0.outcome.report.execution.usage.ir_edges = 2
methods.0.outcome.report.execution.usage.ir_items = 68
methods.0.outcome.report.execution.usage.method_bodies = 1
methods.0.outcome.report.execution.usage.nested_depth = 0
methods.0.outcome.report.execution.usage.normalization_clones = 0
methods.0.outcome.report.execution.usage.output_bytes = 250
methods.0.outcome.report.execution.usage.read_bytes = 617
methods.0.outcome.report.execution.usage.result_items = 24
methods.0.outcome.report.fallbacks = []
methods.0.outcome.report.fields = []
methods.0.outcome.report.init = null
methods.0.outcome.report.lambdas = []
methods.0.outcome.report.method = "<init>()V"
methods.0.outcome.report.news = []
methods.0.outcome.report.outcome = "produced"
methods.0.outcome.report.profile.java_release = 8
methods.0.outcome.report.profile.layout.kind = "generic"
methods.0.outcome.report.profile.multi_release.kind = "disabled"
methods.0.outcome.report.quality = "structured"
methods.0.outcome.report.regions = []
methods.0.outcome.report.representation = "java"
methods.0.outcome.report.rules = []
methods.0.outcome.report.semantic_validation = "unproven"
methods.0.outcome.report.source_map.segments.0.end = 173
methods.0.outcome.report.source_map.segments.0.origin.derived.0.bci = 0
methods.0.outcome.report.source_map.segments.0.origin.derived.0.cp = null
methods.0.outcome.report.source_map.segments.0.origin.derived.0.method.descriptor = [40,41,86]
methods.0.outcome.report.source_map.segments.0.origin.derived.0.method.name = [60,105,110,105,116,62]
methods.0.outcome.report.source_map.segments.0.origin.derived.0.method.owner.class_bytes.digest = "53b68e6184e473bd066ab8c36814f399ae082dced0998e8614f7f46b2b7fe0b0"
methods.0.outcome.report.source_map.segments.0.origin.derived.0.method.owner.class_bytes.length = 405
methods.0.outcome.report.source_map.segments.0.origin.derived.0.method.owner.location.entry.ordinal = 3
methods.0.outcome.report.source_map.segments.0.origin.derived.0.method.owner.location.entry.origin.root_container = "root"
methods.0.outcome.report.source_map.segments.0.origin.derived.0.method.owner.location.entry.origin.snapshot = "61ac2823fd357b2cc33674ebdf3061bad9778c1a9217b1eb7445ef40d7be1ef5"
methods.0.outcome.report.source_map.segments.0.origin.derived.0.method.owner.location.entry.origin.steps = []
methods.0.outcome.report.source_map.segments.0.origin.derived.0.method.owner.location.entry.raw_name = [66,114,105,100,103,101,85,110,107,110,111,119,110,46,99,108,97,115,115]
methods.0.outcome.report.source_map.segments.0.origin.derived.0.method.owner.location.kind = "archive_entry"
methods.0.outcome.report.source_map.segments.0.origin.derived.0.method.owner.variant.kind = "base"
methods.0.outcome.report.source_map.segments.0.origin.derived.0.provenance = "Derived"
methods.0.outcome.report.source_map.segments.0.origin.primary.bci = 1
methods.0.outcome.report.source_map.segments.0.origin.primary.cp = null
methods.0.outcome.report.source_map.segments.0.origin.primary.method.descriptor = [40,41,86]
methods.0.outcome.report.source_map.segments.0.origin.primary.method.name = [60,105,110,105,116,62]
methods.0.outcome.report.source_map.segments.0.origin.primary.method.owner.class_bytes.digest = "53b68e6184e473bd066ab8c36814f399ae082dced0998e8614f7f46b2b7fe0b0"
methods.0.outcome.report.source_map.segments.0.origin.primary.method.owner.class_bytes.length = 405
methods.0.outcome.report.source_map.segments.0.origin.primary.method.owner.location.entry.ordinal = 3
methods.0.outcome.report.source_map.segments.0.origin.primary.method.owner.location.entry.origin.root_container = "root"
methods.0.outcome.report.source_map.segments.0.origin.primary.method.owner.location.entry.origin.snapshot = "61ac2823fd357b2cc33674ebdf3061bad9778c1a9217b1eb7445ef40d7be1ef5"
methods.0.outcome.report.source_map.segments.0.origin.primary.method.owner.location.entry.origin.steps = []
methods.0.outcome.report.source_map.segments.0.origin.primary.method.owner.location.entry.raw_name = [66,114,105,100,103,101,85,110,107,110,111,119,110,46,99,108,97,115,115]
methods.0.outcome.report.source_map.segments.0.origin.primary.method.owner.location.kind = "archive_entry"
methods.0.outcome.report.source_map.segments.0.origin.primary.method.owner.variant.kind = "base"
methods.0.outcome.report.source_map.segments.0.origin.primary.provenance = "Direct"
methods.0.outcome.report.source_map.segments.0.start = 160
methods.0.outcome.report.source_map.segments.1.end = 185
methods.0.outcome.report.source_map.segments.1.origin.derived = []
methods.0.outcome.report.source_map.segments.1.origin.primary.bci = 4
methods.0.outcome.report.source_map.segments.1.origin.primary.cp = null
methods.0.outcome.report.source_map.segments.1.origin.primary.method.descriptor = [40,41,86]
methods.0.outcome.report.source_map.segments.1.origin.primary.method.name = [60,105,110,105,116,62]
methods.0.outcome.report.source_map.segments.1.origin.primary.method.owner.class_bytes.digest = "53b68e6184e473bd066ab8c36814f399ae082dced0998e8614f7f46b2b7fe0b0"
methods.0.outcome.report.source_map.segments.1.origin.primary.method.owner.class_bytes.length = 405
methods.0.outcome.report.source_map.segments.1.origin.primary.method.owner.location.entry.ordinal = 3
methods.0.outcome.report.source_map.segments.1.origin.primary.method.owner.location.entry.origin.root_container = "root"
methods.0.outcome.report.source_map.segments.1.origin.primary.method.owner.location.entry.origin.snapshot = "61ac2823fd357b2cc33674ebdf3061bad9778c1a9217b1eb7445ef40d7be1ef5"
methods.0.outcome.report.source_map.segments.1.origin.primary.method.owner.location.entry.origin.steps = []
methods.0.outcome.report.source_map.segments.1.origin.primary.method.owner.location.entry.raw_name = [66,114,105,100,103,101,85,110,107,110,111,119,110,46,99,108,97,115,115]
methods.0.outcome.report.source_map.segments.1.origin.primary.method.owner.location.kind = "archive_entry"
methods.0.outcome.report.source_map.segments.1.origin.primary.method.owner.variant.kind = "base"
methods.0.outcome.report.source_map.segments.1.origin.primary.provenance = "Direct"
methods.0.outcome.report.source_map.segments.1.start = 173
methods.0.outcome.report.syntax_status = "unchecked"
methods.0.outcome.report.text = "// @method <init>()V\n// @declaration a constructor of `BridgeUnknown`, member flags 0x0001\n// recovered from bytecode; presentation is not claimed to compile\n{\n    super();\n    return;\n}\n"
methods.0.outcome.report.verification = "not_performed"
methods.0.parameter_annotations.attributes = []
methods.0.parameter_annotations.refusals = []
methods.0.parameter_annotations.uses_by_position = []
methods.0.text = "    public BridgeUnknown() {\n        // @method <init>()V\n        // @declaration a constructor of `BridgeUnknown`, member flags 0x0001\n        // recovered from bytecode; presentation is not claimed to compile\n        super();\n        return;\n    }\n"
methods.0.type_annotations.attributes = []
methods.0.type_annotations.field_uses = []
methods.0.type_annotations.parameter_uses = []
methods.0.type_annotations.refusals = []
methods.0.type_annotations.return_uses = []
methods.1.annotations.attributes = []
methods.1.annotations.refusals = []
methods.1.annotations.uses = []
methods.1.declaration = "public java.lang.String apply(java.lang.String arg1)"
methods.1.item.access_flags = 1
methods.1.item.body.content_span.length = 14
methods.1.item.body.content_span.start = 311
methods.1.item.body.kind = "code_attribute"
methods.1.item.descriptor.escaped = "(Ljava/lang/String;)Ljava/lang/String;"
methods.1.item.descriptor.raw = [40,76,106,97,118,97,47,108,97,110,103,47,83,116,114,105,110,103,59,41,76,106,97,118,97,47,108,97,110,103,47,83,116,114,105,110,103,59]
methods.1.item.descriptor.utf16 = [40,76,106,97,118,97,47,108,97,110,103,47,83,116,114,105,110,103,59,41,76,106,97,118,97,47,108,97,110,103,47,83,116,114,105,110,103,59]
methods.1.item.identity.descriptor = [40,76,106,97,118,97,47,108,97,110,103,47,83,116,114,105,110,103,59,41,76,106,97,118,97,47,108,97,110,103,47,83,116,114,105,110,103,59]
methods.1.item.identity.name = [97,112,112,108,121]
methods.1.item.identity.owner.class_bytes.digest = "53b68e6184e473bd066ab8c36814f399ae082dced0998e8614f7f46b2b7fe0b0"
methods.1.item.identity.owner.class_bytes.length = 405
methods.1.item.identity.owner.location.entry.ordinal = 3
methods.1.item.identity.owner.location.entry.origin.root_container = "root"
methods.1.item.identity.owner.location.entry.origin.snapshot = "61ac2823fd357b2cc33674ebdf3061bad9778c1a9217b1eb7445ef40d7be1ef5"
methods.1.item.identity.owner.location.entry.origin.steps = []
methods.1.item.identity.owner.location.entry.raw_name = [66,114,105,100,103,101,85,110,107,110,111,119,110,46,99,108,97,115,115]
methods.1.item.identity.owner.location.kind = "archive_entry"
methods.1.item.identity.owner.variant.kind = "base"
methods.1.item.index = 1
methods.1.item.name.escaped = "apply"
methods.1.item.name.raw = [97,112,112,108,121]
methods.1.item.name.utf16 = [97,112,112,108,121]
methods.1.markers = []
methods.1.no_body_kind = null
methods.1.outcome.analysis.diagnostics = 0
methods.1.outcome.analysis.execution.status = "complete"
methods.1.outcome.analysis.execution.usage.analysis_steps = 111
methods.1.outcome.analysis.execution.usage.archive_entries = 18
methods.1.outcome.analysis.execution.usage.attribute_bytes = 387
methods.1.outcome.analysis.execution.usage.class_bytes = 1378
methods.1.outcome.analysis.execution.usage.class_headers = 2
methods.1.outcome.analysis.execution.usage.code_bytes = 7
methods.1.outcome.analysis.execution.usage.dependency_depth = 0
methods.1.outcome.analysis.execution.usage.elapsed_millis = 3
methods.1.outcome.analysis.execution.usage.entry_bytes = 973
methods.1.outcome.analysis.execution.usage.input_bytes = 1023
methods.1.outcome.analysis.execution.usage.ir_edges = 4
methods.1.outcome.analysis.execution.usage.ir_items = 115
methods.1.outcome.analysis.execution.usage.method_bodies = 2
methods.1.outcome.analysis.execution.usage.nested_depth = 0
methods.1.outcome.analysis.execution.usage.normalization_clones = 0
methods.1.outcome.analysis.execution.usage.output_bytes = 250
methods.1.outcome.analysis.execution.usage.read_bytes = 617
methods.1.outcome.analysis.execution.usage.result_items = 25
methods.1.outcome.kind = "recovered"
methods.1.outcome.report.accessors = []
methods.1.outcome.report.aliased_names = []
methods.1.outcome.report.artifact.agreement.state = "not_stated"
methods.1.outcome.report.artifact.binding.engine = "0.1.0"
methods.1.outcome.report.artifact.binding.environment.content = ["61ac2823fd357b2cc33674ebdf3061bad9778c1a9217b1eb7445ef40d7be1ef5"]
methods.1.outcome.report.artifact.binding.environment.domain_loaders = ["app"]
methods.1.outcome.report.artifact.binding.environment.providers = []
methods.1.outcome.report.artifact.binding.environment.runtime.load_domain.delegation.kind = "parent_first"
methods.1.outcome.report.artifact.binding.environment.runtime.load_domain.external_override = "none"
methods.1.outcome.report.artifact.binding.environment.runtime.load_domain.loader = "app"
methods.1.outcome.report.artifact.binding.environment.runtime.load_domain.module_mode.kind = "class_path"
methods.1.outcome.report.artifact.binding.environment.runtime.load_domain.parent_loader = null
methods.1.outcome.report.artifact.binding.environment.runtime.load_domain.roots.0.kind = "container"
methods.1.outcome.report.artifact.binding.environment.runtime.load_domain.roots.0.origin.root_container = "root"
methods.1.outcome.report.artifact.binding.environment.runtime.load_domain.roots.0.origin.snapshot = "61ac2823fd357b2cc33674ebdf3061bad9778c1a9217b1eb7445ef40d7be1ef5"
methods.1.outcome.report.artifact.binding.environment.runtime.load_domain.roots.0.origin.steps = []
methods.1.outcome.report.artifact.binding.environment.runtime.load_domain.roots.0.prefix = []
methods.1.outcome.report.artifact.binding.environment.runtime.load_domain.runtime_transformation = "none"
methods.1.outcome.report.artifact.binding.environment.runtime.physical.scope.kind = "snapshot_all"
methods.1.outcome.report.artifact.binding.environment.runtime.physical.snapshot = "61ac2823fd357b2cc33674ebdf3061bad9778c1a9217b1eb7445ef40d7be1ef5"
methods.1.outcome.report.artifact.binding.environment.runtime.profile.java_release = 8
methods.1.outcome.report.artifact.binding.environment.runtime.profile.layout.kind = "generic"
methods.1.outcome.report.artifact.binding.environment.runtime.profile.multi_release.kind = "disabled"
methods.1.outcome.report.artifact.binding.member_ordinal = 1
methods.1.outcome.report.artifact.binding.method.descriptor = [40,76,106,97,118,97,47,108,97,110,103,47,83,116,114,105,110,103,59,41,76,106,97,118,97,47,108,97,110,103,47,83,116,114,105,110,103,59]
methods.1.outcome.report.artifact.binding.method.name = [97,112,112,108,121]
methods.1.outcome.report.artifact.binding.method.owner.class_bytes.digest = "53b68e6184e473bd066ab8c36814f399ae082dced0998e8614f7f46b2b7fe0b0"
methods.1.outcome.report.artifact.binding.method.owner.class_bytes.length = 405
methods.1.outcome.report.artifact.binding.method.owner.location.entry.ordinal = 3
methods.1.outcome.report.artifact.binding.method.owner.location.entry.origin.root_container = "root"
methods.1.outcome.report.artifact.binding.method.owner.location.entry.origin.snapshot = "61ac2823fd357b2cc33674ebdf3061bad9778c1a9217b1eb7445ef40d7be1ef5"
methods.1.outcome.report.artifact.binding.method.owner.location.entry.origin.steps = []
methods.1.outcome.report.artifact.binding.method.owner.location.entry.raw_name = [66,114,105,100,103,101,85,110,107,110,111,119,110,46,99,108,97,115,115]
methods.1.outcome.report.artifact.binding.method.owner.location.kind = "archive_entry"
methods.1.outcome.report.artifact.binding.method.owner.variant.kind = "base"
methods.1.outcome.report.artifact.binding.profile.java_release = 8
methods.1.outcome.report.artifact.binding.profile.layout.kind = "generic"
methods.1.outcome.report.artifact.binding.profile.multi_release.kind = "disabled"
methods.1.outcome.report.artifact.binding.registry = 71
methods.1.outcome.report.artifact.binding.rules = ["straight@1","if@1","loop@1","switch@1","lambda@1","concat@1","bridge@1","accessor@1","new@1","field@1","enumswitch@1","init@1","declaration@1","twr@1","monitor@1","finally@1"]
methods.1.outcome.report.artifact.binding.schema = 1
methods.1.outcome.report.artifact.binding.text_bytes = 218
methods.1.outcome.report.artifact.binding.text_digest = "027cbdcd5cbc32e321510ff872ad7939"
methods.1.outcome.report.bridges = []
methods.1.outcome.report.compile_status = "not_attempted"
methods.1.outcome.report.concats = []
methods.1.outcome.report.content = "contains_statements"
methods.1.outcome.report.declaration = null
methods.1.outcome.report.diagnostics.0.code = "jre_recovery_produced"
methods.1.outcome.report.diagnostics.0.message = "1 region(s), 1 statement(s), 2 segment(s), 218 byte(s) written from 1 canonical block(s)"
methods.1.outcome.report.diagnostics.0.provenance = null
methods.1.outcome.report.diagnostics.0.severity = "info"
methods.1.outcome.report.diagnostics.1.code = "jre_declaration"
methods.1.outcome.report.diagnostics.1.message = "the artifact's envelope states the member's declaration under declaration@1: an instance method"
methods.1.outcome.report.diagnostics.1.provenance = null
methods.1.outcome.report.diagnostics.1.severity = "info"
methods.1.outcome.report.enum_switches = []
methods.1.outcome.report.evidence.categories.0.kind = "source_map"
methods.1.outcome.report.evidence.categories.0.state.state = "complete"
methods.1.outcome.report.evidence.categories.1.kind = "region_details"
methods.1.outcome.report.evidence.categories.1.state.state = "not_requested"
methods.1.outcome.report.evidence.categories.2.kind = "rule_details"
methods.1.outcome.report.evidence.categories.2.state.state = "not_requested"
methods.1.outcome.report.evidence.categories.3.kind = "name_details"
methods.1.outcome.report.evidence.categories.3.state.state = "not_requested"
methods.1.outcome.report.evidence.categories.4.kind = "read_details"
methods.1.outcome.report.evidence.categories.4.state.state = "not_requested"
methods.1.outcome.report.evidence.requested.driver_bci_range = null
methods.1.outcome.report.evidence.requested.expected_artifact = null
methods.1.outcome.report.evidence.requested.kinds = ["source_map"]
methods.1.outcome.report.execution.status = "complete"
methods.1.outcome.report.execution.usage.analysis_steps = 134
methods.1.outcome.report.execution.usage.archive_entries = 18
methods.1.outcome.report.execution.usage.attribute_bytes = 387
methods.1.outcome.report.execution.usage.class_bytes = 1378
methods.1.outcome.report.execution.usage.class_headers = 2
methods.1.outcome.report.execution.usage.code_bytes = 7
methods.1.outcome.report.execution.usage.dependency_depth = 0
methods.1.outcome.report.execution.usage.elapsed_millis = 3
methods.1.outcome.report.execution.usage.entry_bytes = 973
methods.1.outcome.report.execution.usage.input_bytes = 1023
methods.1.outcome.report.execution.usage.ir_edges = 4
methods.1.outcome.report.execution.usage.ir_items = 131
methods.1.outcome.report.execution.usage.method_bodies = 2
methods.1.outcome.report.execution.usage.nested_depth = 0
methods.1.outcome.report.execution.usage.normalization_clones = 0
methods.1.outcome.report.execution.usage.output_bytes = 468
methods.1.outcome.report.execution.usage.read_bytes = 617
methods.1.outcome.report.execution.usage.result_items = 25
methods.1.outcome.report.fallbacks = []
methods.1.outcome.report.fields = []
methods.1.outcome.report.init = null
methods.1.outcome.report.lambdas = []
methods.1.outcome.report.method = "apply(Ljava/lang/String;)Ljava/lang/String;"
methods.1.outcome.report.news = []
methods.1.outcome.report.outcome = "produced"
methods.1.outcome.report.profile.java_release = 8
methods.1.outcome.report.profile.layout.kind = "generic"
methods.1.outcome.report.profile.multi_release.kind = "disabled"
methods.1.outcome.report.quality = "structured"
methods.1.outcome.report.regions = []
methods.1.outcome.report.representation = "java"
methods.1.outcome.report.rules = []
methods.1.outcome.report.semantic_validation = "unproven"
methods.1.outcome.report.source_map.segments.0.end = 214
methods.1.outcome.report.source_map.segments.0.origin.derived = []
methods.1.outcome.report.source_map.segments.0.origin.primary.bci = 0
methods.1.outcome.report.source_map.segments.0.origin.primary.cp = null
methods.1.outcome.report.source_map.segments.0.origin.primary.method.descriptor = [40,76,106,97,118,97,47,108,97,110,103,47,83,116,114,105,110,103,59,41,76,106,97,118,97,47,108,97,110,103,47,83,116,114,105,110,103,59]
methods.1.outcome.report.source_map.segments.0.origin.primary.method.name = [97,112,112,108,121]
methods.1.outcome.report.source_map.segments.0.origin.primary.method.owner.class_bytes.digest = "53b68e6184e473bd066ab8c36814f399ae082dced0998e8614f7f46b2b7fe0b0"
methods.1.outcome.report.source_map.segments.0.origin.primary.method.owner.class_bytes.length = 405
methods.1.outcome.report.source_map.segments.0.origin.primary.method.owner.location.entry.ordinal = 3
methods.1.outcome.report.source_map.segments.0.origin.primary.method.owner.location.entry.origin.root_container = "root"
methods.1.outcome.report.source_map.segments.0.origin.primary.method.owner.location.entry.origin.snapshot = "61ac2823fd357b2cc33674ebdf3061bad9778c1a9217b1eb7445ef40d7be1ef5"
methods.1.outcome.report.source_map.segments.0.origin.primary.method.owner.location.entry.origin.steps = []
methods.1.outcome.report.source_map.segments.0.origin.primary.method.owner.location.entry.raw_name = [66,114,105,100,103,101,85,110,107,110,111,119,110,46,99,108,97,115,115]
methods.1.outcome.report.source_map.segments.0.origin.primary.method.owner.location.kind = "archive_entry"
methods.1.outcome.report.source_map.segments.0.origin.primary.method.owner.variant.kind = "base"
methods.1.outcome.report.source_map.segments.0.origin.primary.provenance = "Direct"
methods.1.outcome.report.source_map.segments.0.start = 210
methods.1.outcome.report.source_map.segments.1.end = 216
methods.1.outcome.report.source_map.segments.1.origin.derived = []
methods.1.outcome.report.source_map.segments.1.origin.primary.bci = 1
methods.1.outcome.report.source_map.segments.1.origin.primary.cp = null
methods.1.outcome.report.source_map.segments.1.origin.primary.method.descriptor = [40,76,106,97,118,97,47,108,97,110,103,47,83,116,114,105,110,103,59,41,76,106,97,118,97,47,108,97,110,103,47,83,116,114,105,110,103,59]
methods.1.outcome.report.source_map.segments.1.origin.primary.method.name = [97,112,112,108,121]
methods.1.outcome.report.source_map.segments.1.origin.primary.method.owner.class_bytes.digest = "53b68e6184e473bd066ab8c36814f399ae082dced0998e8614f7f46b2b7fe0b0"
methods.1.outcome.report.source_map.segments.1.origin.primary.method.owner.class_bytes.length = 405
methods.1.outcome.report.source_map.segments.1.origin.primary.method.owner.location.entry.ordinal = 3
methods.1.outcome.report.source_map.segments.1.origin.primary.method.owner.location.entry.origin.root_container = "root"
methods.1.outcome.report.source_map.segments.1.origin.primary.method.owner.location.entry.origin.snapshot = "61ac2823fd357b2cc33674ebdf3061bad9778c1a9217b1eb7445ef40d7be1ef5"
methods.1.outcome.report.source_map.segments.1.origin.primary.method.owner.location.entry.origin.steps = []
methods.1.outcome.report.source_map.segments.1.origin.primary.method.owner.location.entry.raw_name = [66,114,105,100,103,101,85,110,107,110,111,119,110,46,99,108,97,115,115]
methods.1.outcome.report.source_map.segments.1.origin.primary.method.owner.location.kind = "archive_entry"
methods.1.outcome.report.source_map.segments.1.origin.primary.method.owner.variant.kind = "base"
methods.1.outcome.report.source_map.segments.1.origin.primary.provenance = "Direct"
methods.1.outcome.report.source_map.segments.1.start = 199
methods.1.outcome.report.syntax_status = "unchecked"
methods.1.outcome.report.text = "// @method apply(Ljava/lang/String;)Ljava/lang/String;\n// @declaration an instance method of `BridgeUnknown`, member flags 0x0001\n// recovered from bytecode; presentation is not claimed to compile\n{\n    return arg1;\n}\n"
methods.1.outcome.report.verification = "not_performed"
methods.1.parameter_annotations.attributes = []
methods.1.parameter_annotations.refusals = []
methods.1.parameter_annotations.uses_by_position = [[]]
methods.1.text = "    public java.lang.String apply(java.lang.String arg1) {\n        // @method apply(Ljava/lang/String;)Ljava/lang/String;\n        // @declaration an instance method of `BridgeUnknown`, member flags 0x0001\n        // recovered from bytecode; presentation is not claimed to compile\n        return arg1;\n    }\n"
methods.1.type_annotations.attributes = []
methods.1.type_annotations.field_uses = []
methods.1.type_annotations.parameter_uses = [[]]
methods.1.type_annotations.refusals = []
methods.1.type_annotations.return_uses = []
methods.2.annotations.attributes = []
methods.2.annotations.refusals = []
methods.2.annotations.uses = []
methods.2.declaration = "public java.lang.Object relay(java.lang.Object arg1)"
methods.2.item.access_flags = 1
methods.2.item.body.content_span.length = 21
methods.2.item.body.content_span.start = 339
methods.2.item.body.kind = "code_attribute"
methods.2.item.descriptor.escaped = "(Ljava/lang/Object;)Ljava/lang/Object;"
methods.2.item.descriptor.raw = [40,76,106,97,118,97,47,108,97,110,103,47,79,98,106,101,99,116,59,41,76,106,97,118,97,47,108,97,110,103,47,79,98,106,101,99,116,59]
methods.2.item.descriptor.utf16 = [40,76,106,97,118,97,47,108,97,110,103,47,79,98,106,101,99,116,59,41,76,106,97,118,97,47,108,97,110,103,47,79,98,106,101,99,116,59]
methods.2.item.identity.descriptor = [40,76,106,97,118,97,47,108,97,110,103,47,79,98,106,101,99,116,59,41,76,106,97,118,97,47,108,97,110,103,47,79,98,106,101,99,116,59]
methods.2.item.identity.name = [114,101,108,97,121]
methods.2.item.identity.owner.class_bytes.digest = "53b68e6184e473bd066ab8c36814f399ae082dced0998e8614f7f46b2b7fe0b0"
methods.2.item.identity.owner.class_bytes.length = 405
methods.2.item.identity.owner.location.entry.ordinal = 3
methods.2.item.identity.owner.location.entry.origin.root_container = "root"
methods.2.item.identity.owner.location.entry.origin.snapshot = "61ac2823fd357b2cc33674ebdf3061bad9778c1a9217b1eb7445ef40d7be1ef5"
methods.2.item.identity.owner.location.entry.origin.steps = []
methods.2.item.identity.owner.location.entry.raw_name = [66,114,105,100,103,101,85,110,107,110,111,119,110,46,99,108,97,115,115]
methods.2.item.identity.owner.location.kind = "archive_entry"
methods.2.item.identity.owner.variant.kind = "base"
methods.2.item.index = 2
methods.2.item.name.escaped = "relay"
methods.2.item.name.raw = [114,101,108,97,121]
methods.2.item.name.utf16 = [114,101,108,97,121]
methods.2.markers = []
methods.2.no_body_kind = null
methods.2.outcome.analysis.diagnostics = 0
methods.2.outcome.analysis.execution.status = "complete"
methods.2.outcome.analysis.execution.usage.analysis_steps = 164
methods.2.outcome.analysis.execution.usage.archive_entries = 18
methods.2.outcome.analysis.execution.usage.attribute_bytes = 414
methods.2.outcome.analysis.execution.usage.class_bytes = 1378
methods.2.outcome.analysis.execution.usage.class_headers = 2
methods.2.outcome.analysis.execution.usage.code_bytes = 16
methods.2.outcome.analysis.execution.usage.dependency_depth = 0
methods.2.outcome.analysis.execution.usage.elapsed_millis = 3
methods.2.outcome.analysis.execution.usage.entry_bytes = 973
methods.2.outcome.analysis.execution.usage.input_bytes = 1023
methods.2.outcome.analysis.execution.usage.ir_edges = 10
methods.2.outcome.analysis.execution.usage.ir_items = 221
methods.2.outcome.analysis.execution.usage.method_bodies = 3
methods.2.outcome.analysis.execution.usage.nested_depth = 0
methods.2.outcome.analysis.execution.usage.normalization_clones = 0
methods.2.outcome.analysis.execution.usage.output_bytes = 468
methods.2.outcome.analysis.execution.usage.read_bytes = 617
methods.2.outcome.analysis.execution.usage.result_items = 26
methods.2.outcome.kind = "recovered"
methods.2.outcome.report.accessors = []
methods.2.outcome.report.aliased_names = []
methods.2.outcome.report.artifact.agreement.state = "not_stated"
methods.2.outcome.report.artifact.binding.engine = "0.1.0"
methods.2.outcome.report.artifact.binding.environment.content = ["61ac2823fd357b2cc33674ebdf3061bad9778c1a9217b1eb7445ef40d7be1ef5"]
methods.2.outcome.report.artifact.binding.environment.domain_loaders = ["app"]
methods.2.outcome.report.artifact.binding.environment.providers = []
methods.2.outcome.report.artifact.binding.environment.runtime.load_domain.delegation.kind = "parent_first"
methods.2.outcome.report.artifact.binding.environment.runtime.load_domain.external_override = "none"
methods.2.outcome.report.artifact.binding.environment.runtime.load_domain.loader = "app"
methods.2.outcome.report.artifact.binding.environment.runtime.load_domain.module_mode.kind = "class_path"
methods.2.outcome.report.artifact.binding.environment.runtime.load_domain.parent_loader = null
methods.2.outcome.report.artifact.binding.environment.runtime.load_domain.roots.0.kind = "container"
methods.2.outcome.report.artifact.binding.environment.runtime.load_domain.roots.0.origin.root_container = "root"
methods.2.outcome.report.artifact.binding.environment.runtime.load_domain.roots.0.origin.snapshot = "61ac2823fd357b2cc33674ebdf3061bad9778c1a9217b1eb7445ef40d7be1ef5"
methods.2.outcome.report.artifact.binding.environment.runtime.load_domain.roots.0.origin.steps = []
methods.2.outcome.report.artifact.binding.environment.runtime.load_domain.roots.0.prefix = []
methods.2.outcome.report.artifact.binding.environment.runtime.load_domain.runtime_transformation = "none"
methods.2.outcome.report.artifact.binding.environment.runtime.physical.scope.kind = "snapshot_all"
methods.2.outcome.report.artifact.binding.environment.runtime.physical.snapshot = "61ac2823fd357b2cc33674ebdf3061bad9778c1a9217b1eb7445ef40d7be1ef5"
methods.2.outcome.report.artifact.binding.environment.runtime.profile.java_release = 8
methods.2.outcome.report.artifact.binding.environment.runtime.profile.layout.kind = "generic"
methods.2.outcome.report.artifact.binding.environment.runtime.profile.multi_release.kind = "disabled"
methods.2.outcome.report.artifact.binding.member_ordinal = 2
methods.2.outcome.report.artifact.binding.method.descriptor = [40,76,106,97,118,97,47,108,97,110,103,47,79,98,106,101,99,116,59,41,76,106,97,118,97,47,108,97,110,103,47,79,98,106,101,99,116,59]
methods.2.outcome.report.artifact.binding.method.name = [114,101,108,97,121]
methods.2.outcome.report.artifact.binding.method.owner.class_bytes.digest = "53b68e6184e473bd066ab8c36814f399ae082dced0998e8614f7f46b2b7fe0b0"
methods.2.outcome.report.artifact.binding.method.owner.class_bytes.length = 405
methods.2.outcome.report.artifact.binding.method.owner.location.entry.ordinal = 3
methods.2.outcome.report.artifact.binding.method.owner.location.entry.origin.root_container = "root"
methods.2.outcome.report.artifact.binding.method.owner.location.entry.origin.snapshot = "61ac2823fd357b2cc33674ebdf3061bad9778c1a9217b1eb7445ef40d7be1ef5"
methods.2.outcome.report.artifact.binding.method.owner.location.entry.origin.steps = []
methods.2.outcome.report.artifact.binding.method.owner.location.entry.raw_name = [66,114,105,100,103,101,85,110,107,110,111,119,110,46,99,108,97,115,115]
methods.2.outcome.report.artifact.binding.method.owner.location.kind = "archive_entry"
methods.2.outcome.report.artifact.binding.method.owner.variant.kind = "base"
methods.2.outcome.report.artifact.binding.profile.java_release = 8
methods.2.outcome.report.artifact.binding.profile.layout.kind = "generic"
methods.2.outcome.report.artifact.binding.profile.multi_release.kind = "disabled"
methods.2.outcome.report.artifact.binding.registry = 71
methods.2.outcome.report.artifact.binding.rules = ["straight@1","if@1","loop@1","switch@1","lambda@1","concat@1","bridge@1","accessor@1","new@1","field@1","enumswitch@1","init@1","declaration@1","twr@1","monitor@1","finally@1"]
methods.2.outcome.report.artifact.binding.schema = 1
methods.2.outcome.report.artifact.binding.text_bytes = 249
methods.2.outcome.report.artifact.binding.text_digest = "8a5010be697142269b117803031aa0ad"
methods.2.outcome.report.bridges = []
methods.2.outcome.report.compile_status = "not_attempted"
methods.2.outcome.report.concats = []
methods.2.outcome.report.content = "contains_statements"
methods.2.outcome.report.declaration = null
methods.2.outcome.report.diagnostics.0.code = "jre_recovery_produced"
methods.2.outcome.report.diagnostics.0.message = "1 region(s), 1 statement(s), 5 segment(s), 249 byte(s) written from 1 canonical block(s)"
methods.2.outcome.report.diagnostics.0.provenance = null
methods.2.outcome.report.diagnostics.0.severity = "info"
methods.2.outcome.report.diagnostics.1.code = "jre_declaration"
methods.2.outcome.report.diagnostics.1.message = "the artifact's envelope states the member's declaration under declaration@1: an instance method"
methods.2.outcome.report.diagnostics.1.provenance = null
methods.2.outcome.report.diagnostics.1.severity = "info"
methods.2.outcome.report.enum_switches = []
methods.2.outcome.report.evidence.categories.0.kind = "source_map"
methods.2.outcome.report.evidence.categories.0.state.state = "complete"
methods.2.outcome.report.evidence.categories.1.kind = "region_details"
methods.2.outcome.report.evidence.categories.1.state.state = "not_requested"
methods.2.outcome.report.evidence.categories.2.kind = "rule_details"
methods.2.outcome.report.evidence.categories.2.state.state = "not_requested"
methods.2.outcome.report.evidence.categories.3.kind = "name_details"
methods.2.outcome.report.evidence.categories.3.state.state = "not_requested"
methods.2.outcome.report.evidence.categories.4.kind = "read_details"
methods.2.outcome.report.evidence.categories.4.state.state = "not_requested"
methods.2.outcome.report.evidence.requested.driver_bci_range = null
methods.2.outcome.report.evidence.requested.expected_artifact = null
methods.2.outcome.report.evidence.requested.kinds = ["source_map"]
methods.2.outcome.report.execution.status = "complete"
methods.2.outcome.report.execution.usage.analysis_steps = 215
methods.2.outcome.report.execution.usage.archive_entries = 18
methods.2.outcome.report.execution.usage.attribute_bytes = 414
methods.2.outcome.report.execution.usage.class_bytes = 1378
methods.2.outcome.report.execution.usage.class_headers = 2
methods.2.outcome.report.execution.usage.code_bytes = 16
methods.2.outcome.report.execution.usage.dependency_depth = 0
methods.2.outcome.report.execution.usage.elapsed_millis = 4
methods.2.outcome.report.execution.usage.entry_bytes = 973
methods.2.outcome.report.execution.usage.input_bytes = 1023
methods.2.outcome.report.execution.usage.ir_edges = 10
methods.2.outcome.report.execution.usage.ir_items = 273
methods.2.outcome.report.execution.usage.method_bodies = 3
methods.2.outcome.report.execution.usage.nested_depth = 0
methods.2.outcome.report.execution.usage.normalization_clones = 0
methods.2.outcome.report.execution.usage.output_bytes = 717
methods.2.outcome.report.execution.usage.read_bytes = 617
methods.2.outcome.report.execution.usage.result_items = 26
methods.2.outcome.report.fallbacks = []
methods.2.outcome.report.fields = []
methods.2.outcome.report.init = null
methods.2.outcome.report.lambdas = []
methods.2.outcome.report.method = "relay(Ljava/lang/Object;)Ljava/lang/Object;"
methods.2.outcome.report.news = []
methods.2.outcome.report.outcome = "produced"
methods.2.outcome.report.profile.java_release = 8
methods.2.outcome.report.profile.layout.kind = "generic"
methods.2.outcome.report.profile.multi_release.kind = "disabled"
methods.2.outcome.report.quality = "structured"
methods.2.outcome.report.regions = []
methods.2.outcome.report.representation = "java"
methods.2.outcome.report.rules = []
methods.2.outcome.report.semantic_validation = "unproven"
methods.2.outcome.report.source_map.segments.0.end = 214
methods.2.outcome.report.source_map.segments.0.origin.derived = []
methods.2.outcome.report.source_map.segments.0.origin.primary.bci = 0
methods.2.outcome.report.source_map.segments.0.origin.primary.cp = null
methods.2.outcome.report.source_map.segments.0.origin.primary.method.descriptor = [40,76,106,97,118,97,47,108,97,110,103,47,79,98,106,101,99,116,59,41,76,106,97,118,97,47,108,97,110,103,47,79,98,106,101,99,116,59]
methods.2.outcome.report.source_map.segments.0.origin.primary.method.name = [114,101,108,97,121]
methods.2.outcome.report.source_map.segments.0.origin.primary.method.owner.class_bytes.digest = "53b68e6184e473bd066ab8c36814f399ae082dced0998e8614f7f46b2b7fe0b0"
methods.2.outcome.report.source_map.segments.0.origin.primary.method.owner.class_bytes.length = 405
methods.2.outcome.report.source_map.segments.0.origin.primary.method.owner.location.entry.ordinal = 3
methods.2.outcome.report.source_map.segments.0.origin.primary.method.owner.location.entry.origin.root_container = "root"
methods.2.outcome.report.source_map.segments.0.origin.primary.method.owner.location.entry.origin.snapshot = "61ac2823fd357b2cc33674ebdf3061bad9778c1a9217b1eb7445ef40d7be1ef5"
methods.2.outcome.report.source_map.segments.0.origin.primary.method.owner.location.entry.origin.steps = []
methods.2.outcome.report.source_map.segments.0.origin.primary.method.owner.location.entry.raw_name = [66,114,105,100,103,101,85,110,107,110,111,119,110,46,99,108,97,115,115]
methods.2.outcome.report.source_map.segments.0.origin.primary.method.owner.location.kind = "archive_entry"
methods.2.outcome.report.source_map.segments.0.origin.primary.method.owner.variant.kind = "base"
methods.2.outcome.report.source_map.segments.0.origin.primary.provenance = "Direct"
methods.2.outcome.report.source_map.segments.0.start = 210
methods.2.outcome.report.source_map.segments.1.end = 244
methods.2.outcome.report.source_map.segments.1.origin.derived = []
methods.2.outcome.report.source_map.segments.1.origin.primary.bci = 1
methods.2.outcome.report.source_map.segments.1.origin.primary.cp = null
methods.2.outcome.report.source_map.segments.1.origin.primary.method.descriptor = [40,76,106,97,118,97,47,108,97,110,103,47,79,98,106,101,99,116,59,41,76,106,97,118,97,47,108,97,110,103,47,79,98,106,101,99,116,59]
methods.2.outcome.report.source_map.segments.1.origin.primary.method.name = [114,101,108,97,121]
methods.2.outcome.report.source_map.segments.1.origin.primary.method.owner.class_bytes.digest = "53b68e6184e473bd066ab8c36814f399ae082dced0998e8614f7f46b2b7fe0b0"
methods.2.outcome.report.source_map.segments.1.origin.primary.method.owner.class_bytes.length = 405
methods.2.outcome.report.source_map.segments.1.origin.primary.method.owner.location.entry.ordinal = 3
methods.2.outcome.report.source_map.segments.1.origin.primary.method.owner.location.entry.origin.root_container = "root"
methods.2.outcome.report.source_map.segments.1.origin.primary.method.owner.location.entry.origin.snapshot = "61ac2823fd357b2cc33674ebdf3061bad9778c1a9217b1eb7445ef40d7be1ef5"
methods.2.outcome.report.source_map.segments.1.origin.primary.method.owner.location.entry.origin.steps = []
methods.2.outcome.report.source_map.segments.1.origin.primary.method.owner.location.entry.raw_name = [66,114,105,100,103,101,85,110,107,110,111,119,110,46,99,108,97,115,115]
methods.2.outcome.report.source_map.segments.1.origin.primary.method.owner.location.kind = "archive_entry"
methods.2.outcome.report.source_map.segments.1.origin.primary.method.owner.variant.kind = "base"
methods.2.outcome.report.source_map.segments.1.origin.primary.provenance = "Direct"
methods.2.outcome.report.source_map.segments.1.start = 240
methods.2.outcome.report.source_map.segments.2.end = 244
methods.2.outcome.report.source_map.segments.2.origin.derived = []
methods.2.outcome.report.source_map.segments.2.origin.primary.bci = 2
methods.2.outcome.report.source_map.segments.2.origin.primary.cp = null
methods.2.outcome.report.source_map.segments.2.origin.primary.method.descriptor = [40,76,106,97,118,97,47,108,97,110,103,47,79,98,106,101,99,116,59,41,76,106,97,118,97,47,108,97,110,103,47,79,98,106,101,99,116,59]
methods.2.outcome.report.source_map.segments.2.origin.primary.method.name = [114,101,108,97,121]
methods.2.outcome.report.source_map.segments.2.origin.primary.method.owner.class_bytes.digest = "53b68e6184e473bd066ab8c36814f399ae082dced0998e8614f7f46b2b7fe0b0"
methods.2.outcome.report.source_map.segments.2.origin.primary.method.owner.class_bytes.length = 405
methods.2.outcome.report.source_map.segments.2.origin.primary.method.owner.location.entry.ordinal = 3
methods.2.outcome.report.source_map.segments.2.origin.primary.method.owner.location.entry.origin.root_container = "root"
methods.2.outcome.report.source_map.segments.2.origin.primary.method.owner.location.entry.origin.snapshot = "61ac2823fd357b2cc33674ebdf3061bad9778c1a9217b1eb7445ef40d7be1ef5"
methods.2.outcome.report.source_map.segments.2.origin.primary.method.owner.location.entry.origin.steps = []
methods.2.outcome.report.source_map.segments.2.origin.primary.method.owner.location.entry.raw_name = [66,114,105,100,103,101,85,110,107,110,111,119,110,46,99,108,97,115,115]
methods.2.outcome.report.source_map.segments.2.origin.primary.method.owner.location.kind = "archive_entry"
methods.2.outcome.report.source_map.segments.2.origin.primary.method.owner.variant.kind = "base"
methods.2.outcome.report.source_map.segments.2.origin.primary.provenance = "Direct"
methods.2.outcome.report.source_map.segments.2.start = 221
methods.2.outcome.report.source_map.segments.3.end = 245
methods.2.outcome.report.source_map.segments.3.origin.derived = []
methods.2.outcome.report.source_map.segments.3.origin.primary.bci = 5
methods.2.outcome.report.source_map.segments.3.origin.primary.cp = null
methods.2.outcome.report.source_map.segments.3.origin.primary.method.descriptor = [40,76,106,97,118,97,47,108,97,110,103,47,79,98,106,101,99,116,59,41,76,106,97,118,97,47,108,97,110,103,47,79,98,106,101,99,116,59]
methods.2.outcome.report.source_map.segments.3.origin.primary.method.name = [114,101,108,97,121]
methods.2.outcome.report.source_map.segments.3.origin.primary.method.owner.class_bytes.digest = "53b68e6184e473bd066ab8c36814f399ae082dced0998e8614f7f46b2b7fe0b0"
methods.2.outcome.report.source_map.segments.3.origin.primary.method.owner.class_bytes.length = 405
methods.2.outcome.report.source_map.segments.3.origin.primary.method.owner.location.entry.ordinal = 3
methods.2.outcome.report.source_map.segments.3.origin.primary.method.owner.location.entry.origin.root_container = "root"
methods.2.outcome.report.source_map.segments.3.origin.primary.method.owner.location.entry.origin.snapshot = "61ac2823fd357b2cc33674ebdf3061bad9778c1a9217b1eb7445ef40d7be1ef5"
methods.2.outcome.report.source_map.segments.3.origin.primary.method.owner.location.entry.origin.steps = []
methods.2.outcome.report.source_map.segments.3.origin.primary.method.owner.location.entry.raw_name = [66,114,105,100,103,101,85,110,107,110,111,119,110,46,99,108,97,115,115]
methods.2.outcome.report.source_map.segments.3.origin.primary.method.owner.location.kind = "archive_entry"
methods.2.outcome.report.source_map.segments.3.origin.primary.method.owner.variant.kind = "base"
methods.2.outcome.report.source_map.segments.3.origin.primary.provenance = "Direct"
methods.2.outcome.report.source_map.segments.3.start = 210
methods.2.outcome.report.source_map.segments.4.end = 247
methods.2.outcome.report.source_map.segments.4.origin.derived = []
methods.2.outcome.report.source_map.segments.4.origin.primary.bci = 8
methods.2.outcome.report.source_map.segments.4.origin.primary.cp = null
methods.2.outcome.report.source_map.segments.4.origin.primary.method.descriptor = [40,76,106,97,118,97,47,108,97,110,103,47,79,98,106,101,99,116,59,41,76,106,97,118,97,47,108,97,110,103,47,79,98,106,101,99,116,59]
methods.2.outcome.report.source_map.segments.4.origin.primary.method.name = [114,101,108,97,121]
methods.2.outcome.report.source_map.segments.4.origin.primary.method.owner.class_bytes.digest = "53b68e6184e473bd066ab8c36814f399ae082dced0998e8614f7f46b2b7fe0b0"
methods.2.outcome.report.source_map.segments.4.origin.primary.method.owner.class_bytes.length = 405
methods.2.outcome.report.source_map.segments.4.origin.primary.method.owner.location.entry.ordinal = 3
methods.2.outcome.report.source_map.segments.4.origin.primary.method.owner.location.entry.origin.root_container = "root"
methods.2.outcome.report.source_map.segments.4.origin.primary.method.owner.location.entry.origin.snapshot = "61ac2823fd357b2cc33674ebdf3061bad9778c1a9217b1eb7445ef40d7be1ef5"
methods.2.outcome.report.source_map.segments.4.origin.primary.method.owner.location.entry.origin.steps = []
methods.2.outcome.report.source_map.segments.4.origin.primary.method.owner.location.entry.raw_name = [66,114,105,100,103,101,85,110,107,110,111,119,110,46,99,108,97,115,115]
methods.2.outcome.report.source_map.segments.4.origin.primary.method.owner.location.kind = "archive_entry"
methods.2.outcome.report.source_map.segments.4.origin.primary.method.owner.variant.kind = "base"
methods.2.outcome.report.source_map.segments.4.origin.primary.provenance = "Direct"
methods.2.outcome.report.source_map.segments.4.start = 199
methods.2.outcome.report.syntax_status = "unchecked"
methods.2.outcome.report.text = "// @method relay(Ljava/lang/Object;)Ljava/lang/Object;\n// @declaration an instance method of `BridgeUnknown`, member flags 0x0001\n// recovered from bytecode; presentation is not claimed to compile\n{\n    return this.apply((java.lang.String) arg1);\n}\n"
methods.2.outcome.report.verification = "not_performed"
methods.2.parameter_annotations.attributes = []
methods.2.parameter_annotations.refusals = []
methods.2.parameter_annotations.uses_by_position = [[]]
methods.2.text = "    public java.lang.Object relay(java.lang.Object arg1) {\n        // @method relay(Ljava/lang/Object;)Ljava/lang/Object;\n        // @declaration an instance method of `BridgeUnknown`, member flags 0x0001\n        // recovered from bytecode; presentation is not claimed to compile\n        return this.apply((java.lang.String) arg1);\n    }\n"
methods.2.type_annotations.attributes = []
methods.2.type_annotations.field_uses = []
methods.2.type_annotations.parameter_uses = [[]]
methods.2.type_annotations.refusals = []
methods.2.type_annotations.return_uses = []
methods.3.annotations.attributes = []
methods.3.annotations.refusals = []
methods.3.annotations.uses = []
methods.3.declaration = "public java.lang.Object apply(java.lang.Object arg1)"
methods.3.item.access_flags = 4161
methods.3.item.body.content_span.length = 21
methods.3.item.body.content_span.start = 374
methods.3.item.body.kind = "code_attribute"
methods.3.item.descriptor.escaped = "(Ljava/lang/Object;)Ljava/lang/Object;"
methods.3.item.descriptor.raw = [40,76,106,97,118,97,47,108,97,110,103,47,79,98,106,101,99,116,59,41,76,106,97,118,97,47,108,97,110,103,47,79,98,106,101,99,116,59]
methods.3.item.descriptor.utf16 = [40,76,106,97,118,97,47,108,97,110,103,47,79,98,106,101,99,116,59,41,76,106,97,118,97,47,108,97,110,103,47,79,98,106,101,99,116,59]
methods.3.item.identity.descriptor = [40,76,106,97,118,97,47,108,97,110,103,47,79,98,106,101,99,116,59,41,76,106,97,118,97,47,108,97,110,103,47,79,98,106,101,99,116,59]
methods.3.item.identity.name = [97,112,112,108,121]
methods.3.item.identity.owner.class_bytes.digest = "53b68e6184e473bd066ab8c36814f399ae082dced0998e8614f7f46b2b7fe0b0"
methods.3.item.identity.owner.class_bytes.length = 405
methods.3.item.identity.owner.location.entry.ordinal = 3
methods.3.item.identity.owner.location.entry.origin.root_container = "root"
methods.3.item.identity.owner.location.entry.origin.snapshot = "61ac2823fd357b2cc33674ebdf3061bad9778c1a9217b1eb7445ef40d7be1ef5"
methods.3.item.identity.owner.location.entry.origin.steps = []
methods.3.item.identity.owner.location.entry.raw_name = [66,114,105,100,103,101,85,110,107,110,111,119,110,46,99,108,97,115,115]
methods.3.item.identity.owner.location.kind = "archive_entry"
methods.3.item.identity.owner.variant.kind = "base"
methods.3.item.index = 3
methods.3.item.name.escaped = "apply"
methods.3.item.name.raw = [97,112,112,108,121]
methods.3.item.name.utf16 = [97,112,112,108,121]
methods.3.markers = ["// jarde: projected bridge `apply(Ljava/lang/Object;)Ljava/lang/Object;` at physical method record 3: bridge@1 proved a pure call at BCI 5 to source declaration `apply(Ljava/lang/String;)Ljava/lang/String;` at method record 1; the resolved erased contract lets javac regenerate the bridge"]
methods.3.no_body_kind = null
methods.3.outcome.analysis.diagnostics = 0
methods.3.outcome.analysis.execution.status = "complete"
methods.3.outcome.analysis.execution.usage.analysis_steps = 245
methods.3.outcome.analysis.execution.usage.archive_entries = 18
methods.3.outcome.analysis.execution.usage.attribute_bytes = 441
methods.3.outcome.analysis.execution.usage.class_bytes = 1378
methods.3.outcome.analysis.execution.usage.class_headers = 2
methods.3.outcome.analysis.execution.usage.code_bytes = 25
methods.3.outcome.analysis.execution.usage.dependency_depth = 0
methods.3.outcome.analysis.execution.usage.elapsed_millis = 4
methods.3.outcome.analysis.execution.usage.entry_bytes = 973
methods.3.outcome.analysis.execution.usage.input_bytes = 1023
methods.3.outcome.analysis.execution.usage.ir_edges = 16
methods.3.outcome.analysis.execution.usage.ir_items = 363
methods.3.outcome.analysis.execution.usage.method_bodies = 4
methods.3.outcome.analysis.execution.usage.nested_depth = 0
methods.3.outcome.analysis.execution.usage.normalization_clones = 0
methods.3.outcome.analysis.execution.usage.output_bytes = 717
methods.3.outcome.analysis.execution.usage.read_bytes = 617
methods.3.outcome.analysis.execution.usage.result_items = 27
methods.3.outcome.kind = "recovered"
methods.3.outcome.report.accessors = []
methods.3.outcome.report.aliased_names = []
methods.3.outcome.report.artifact.agreement.state = "not_stated"
methods.3.outcome.report.artifact.binding.engine = "0.1.0"
methods.3.outcome.report.artifact.binding.environment.content = ["61ac2823fd357b2cc33674ebdf3061bad9778c1a9217b1eb7445ef40d7be1ef5"]
methods.3.outcome.report.artifact.binding.environment.domain_loaders = ["app"]
methods.3.outcome.report.artifact.binding.environment.providers = []
methods.3.outcome.report.artifact.binding.environment.runtime.load_domain.delegation.kind = "parent_first"
methods.3.outcome.report.artifact.binding.environment.runtime.load_domain.external_override = "none"
methods.3.outcome.report.artifact.binding.environment.runtime.load_domain.loader = "app"
methods.3.outcome.report.artifact.binding.environment.runtime.load_domain.module_mode.kind = "class_path"
methods.3.outcome.report.artifact.binding.environment.runtime.load_domain.parent_loader = null
methods.3.outcome.report.artifact.binding.environment.runtime.load_domain.roots.0.kind = "container"
methods.3.outcome.report.artifact.binding.environment.runtime.load_domain.roots.0.origin.root_container = "root"
methods.3.outcome.report.artifact.binding.environment.runtime.load_domain.roots.0.origin.snapshot = "61ac2823fd357b2cc33674ebdf3061bad9778c1a9217b1eb7445ef40d7be1ef5"
methods.3.outcome.report.artifact.binding.environment.runtime.load_domain.roots.0.origin.steps = []
methods.3.outcome.report.artifact.binding.environment.runtime.load_domain.roots.0.prefix = []
methods.3.outcome.report.artifact.binding.environment.runtime.load_domain.runtime_transformation = "none"
methods.3.outcome.report.artifact.binding.environment.runtime.physical.scope.kind = "snapshot_all"
methods.3.outcome.report.artifact.binding.environment.runtime.physical.snapshot = "61ac2823fd357b2cc33674ebdf3061bad9778c1a9217b1eb7445ef40d7be1ef5"
methods.3.outcome.report.artifact.binding.environment.runtime.profile.java_release = 8
methods.3.outcome.report.artifact.binding.environment.runtime.profile.layout.kind = "generic"
methods.3.outcome.report.artifact.binding.environment.runtime.profile.multi_release.kind = "disabled"
methods.3.outcome.report.artifact.binding.member_ordinal = 3
methods.3.outcome.report.artifact.binding.method.descriptor = [40,76,106,97,118,97,47,108,97,110,103,47,79,98,106,101,99,116,59,41,76,106,97,118,97,47,108,97,110,103,47,79,98,106,101,99,116,59]
methods.3.outcome.report.artifact.binding.method.name = [97,112,112,108,121]
methods.3.outcome.report.artifact.binding.method.owner.class_bytes.digest = "53b68e6184e473bd066ab8c36814f399ae082dced0998e8614f7f46b2b7fe0b0"
methods.3.outcome.report.artifact.binding.method.owner.class_bytes.length = 405
methods.3.outcome.report.artifact.binding.method.owner.location.entry.ordinal = 3
methods.3.outcome.report.artifact.binding.method.owner.location.entry.origin.root_container = "root"
methods.3.outcome.report.artifact.binding.method.owner.location.entry.origin.snapshot = "61ac2823fd357b2cc33674ebdf3061bad9778c1a9217b1eb7445ef40d7be1ef5"
methods.3.outcome.report.artifact.binding.method.owner.location.entry.origin.steps = []
methods.3.outcome.report.artifact.binding.method.owner.location.entry.raw_name = [66,114,105,100,103,101,85,110,107,110,111,119,110,46,99,108,97,115,115]
methods.3.outcome.report.artifact.binding.method.owner.location.kind = "archive_entry"
methods.3.outcome.report.artifact.binding.method.owner.variant.kind = "base"
methods.3.outcome.report.artifact.binding.profile.java_release = 8
methods.3.outcome.report.artifact.binding.profile.layout.kind = "generic"
methods.3.outcome.report.artifact.binding.profile.multi_release.kind = "disabled"
methods.3.outcome.report.artifact.binding.registry = 71
methods.3.outcome.report.artifact.binding.rules = ["straight@1","if@1","loop@1","switch@1","lambda@1","concat@1","bridge@1","accessor@1","new@1","field@1","enumswitch@1","init@1","declaration@1","twr@1","monitor@1","finally@1"]
methods.3.outcome.report.artifact.binding.schema = 1
methods.3.outcome.report.artifact.binding.text_bytes = 249
methods.3.outcome.report.artifact.binding.text_digest = "c6916e492e0899c62a538c62395b1187"
methods.3.outcome.report.bridges = []
methods.3.outcome.report.compile_status = "not_attempted"
methods.3.outcome.report.concats = []
methods.3.outcome.report.content = "contains_statements"
methods.3.outcome.report.declaration = null
methods.3.outcome.report.diagnostics.0.code = "jre_recovery_produced"
methods.3.outcome.report.diagnostics.0.message = "1 region(s), 1 statement(s), 5 segment(s), 249 byte(s) written from 1 canonical block(s)"
methods.3.outcome.report.diagnostics.0.provenance = null
methods.3.outcome.report.diagnostics.0.severity = "info"
methods.3.outcome.report.diagnostics.1.code = "jre_bridge"
methods.3.outcome.report.diagnostics.1.message = "the body was read under bridge@1: presented as the forward it is"
methods.3.outcome.report.diagnostics.1.provenance = null
methods.3.outcome.report.diagnostics.1.severity = "info"
methods.3.outcome.report.diagnostics.2.code = "jre_declaration"
methods.3.outcome.report.diagnostics.2.message = "the artifact's envelope states the member's declaration under declaration@1: an instance method"
methods.3.outcome.report.diagnostics.2.provenance = null
methods.3.outcome.report.diagnostics.2.severity = "info"
methods.3.outcome.report.enum_switches = []
methods.3.outcome.report.evidence.categories.0.kind = "source_map"
methods.3.outcome.report.evidence.categories.0.state.state = "complete"
methods.3.outcome.report.evidence.categories.1.kind = "region_details"
methods.3.outcome.report.evidence.categories.1.state.state = "not_requested"
methods.3.outcome.report.evidence.categories.2.kind = "rule_details"
methods.3.outcome.report.evidence.categories.2.state.state = "not_requested"
methods.3.outcome.report.evidence.categories.3.kind = "name_details"
methods.3.outcome.report.evidence.categories.3.state.state = "not_requested"
methods.3.outcome.report.evidence.categories.4.kind = "read_details"
methods.3.outcome.report.evidence.categories.4.state.state = "not_requested"
methods.3.outcome.report.evidence.requested.driver_bci_range = null
methods.3.outcome.report.evidence.requested.expected_artifact = null
methods.3.outcome.report.evidence.requested.kinds = ["source_map"]
methods.3.outcome.report.execution.status = "complete"
methods.3.outcome.report.execution.usage.analysis_steps = 296
methods.3.outcome.report.execution.usage.archive_entries = 18
methods.3.outcome.report.execution.usage.attribute_bytes = 441
methods.3.outcome.report.execution.usage.class_bytes = 1378
methods.3.outcome.report.execution.usage.class_headers = 2
methods.3.outcome.report.execution.usage.code_bytes = 25
methods.3.outcome.report.execution.usage.dependency_depth = 0
methods.3.outcome.report.execution.usage.elapsed_millis = 4
methods.3.outcome.report.execution.usage.entry_bytes = 973
methods.3.outcome.report.execution.usage.input_bytes = 1023
methods.3.outcome.report.execution.usage.ir_edges = 16
methods.3.outcome.report.execution.usage.ir_items = 419
methods.3.outcome.report.execution.usage.method_bodies = 4
methods.3.outcome.report.execution.usage.nested_depth = 0
methods.3.outcome.report.execution.usage.normalization_clones = 0
methods.3.outcome.report.execution.usage.output_bytes = 966
methods.3.outcome.report.execution.usage.read_bytes = 617
methods.3.outcome.report.execution.usage.result_items = 27
methods.3.outcome.report.fallbacks = []
methods.3.outcome.report.fields = []
methods.3.outcome.report.init = null
methods.3.outcome.report.lambdas = []
methods.3.outcome.report.method = "apply(Ljava/lang/Object;)Ljava/lang/Object;"
methods.3.outcome.report.news = []
methods.3.outcome.report.outcome = "produced"
methods.3.outcome.report.profile.java_release = 8
methods.3.outcome.report.profile.layout.kind = "generic"
methods.3.outcome.report.profile.multi_release.kind = "disabled"
methods.3.outcome.report.quality = "structured"
methods.3.outcome.report.regions = []
methods.3.outcome.report.representation = "java"
methods.3.outcome.report.rules = []
methods.3.outcome.report.semantic_validation = "unproven"
methods.3.outcome.report.source_map.segments.0.end = 214
methods.3.outcome.report.source_map.segments.0.origin.derived = []
methods.3.outcome.report.source_map.segments.0.origin.primary.bci = 0
methods.3.outcome.report.source_map.segments.0.origin.primary.cp = null
methods.3.outcome.report.source_map.segments.0.origin.primary.method.descriptor = [40,76,106,97,118,97,47,108,97,110,103,47,79,98,106,101,99,116,59,41,76,106,97,118,97,47,108,97,110,103,47,79,98,106,101,99,116,59]
methods.3.outcome.report.source_map.segments.0.origin.primary.method.name = [97,112,112,108,121]
methods.3.outcome.report.source_map.segments.0.origin.primary.method.owner.class_bytes.digest = "53b68e6184e473bd066ab8c36814f399ae082dced0998e8614f7f46b2b7fe0b0"
methods.3.outcome.report.source_map.segments.0.origin.primary.method.owner.class_bytes.length = 405
methods.3.outcome.report.source_map.segments.0.origin.primary.method.owner.location.entry.ordinal = 3
methods.3.outcome.report.source_map.segments.0.origin.primary.method.owner.location.entry.origin.root_container = "root"
methods.3.outcome.report.source_map.segments.0.origin.primary.method.owner.location.entry.origin.snapshot = "61ac2823fd357b2cc33674ebdf3061bad9778c1a9217b1eb7445ef40d7be1ef5"
methods.3.outcome.report.source_map.segments.0.origin.primary.method.owner.location.entry.origin.steps = []
methods.3.outcome.report.source_map.segments.0.origin.primary.method.owner.location.entry.raw_name = [66,114,105,100,103,101,85,110,107,110,111,119,110,46,99,108,97,115,115]
methods.3.outcome.report.source_map.segments.0.origin.primary.method.owner.location.kind = "archive_entry"
methods.3.outcome.report.source_map.segments.0.origin.primary.method.owner.variant.kind = "base"
methods.3.outcome.report.source_map.segments.0.origin.primary.provenance = "Direct"
methods.3.outcome.report.source_map.segments.0.start = 210
methods.3.outcome.report.source_map.segments.1.end = 244
methods.3.outcome.report.source_map.segments.1.origin.derived = []
methods.3.outcome.report.source_map.segments.1.origin.primary.bci = 1
methods.3.outcome.report.source_map.segments.1.origin.primary.cp = null
methods.3.outcome.report.source_map.segments.1.origin.primary.method.descriptor = [40,76,106,97,118,97,47,108,97,110,103,47,79,98,106,101,99,116,59,41,76,106,97,118,97,47,108,97,110,103,47,79,98,106,101,99,116,59]
methods.3.outcome.report.source_map.segments.1.origin.primary.method.name = [97,112,112,108,121]
methods.3.outcome.report.source_map.segments.1.origin.primary.method.owner.class_bytes.digest = "53b68e6184e473bd066ab8c36814f399ae082dced0998e8614f7f46b2b7fe0b0"
methods.3.outcome.report.source_map.segments.1.origin.primary.method.owner.class_bytes.length = 405
methods.3.outcome.report.source_map.segments.1.origin.primary.method.owner.location.entry.ordinal = 3
methods.3.outcome.report.source_map.segments.1.origin.primary.method.owner.location.entry.origin.root_container = "root"
methods.3.outcome.report.source_map.segments.1.origin.primary.method.owner.location.entry.origin.snapshot = "61ac2823fd357b2cc33674ebdf3061bad9778c1a9217b1eb7445ef40d7be1ef5"
methods.3.outcome.report.source_map.segments.1.origin.primary.method.owner.location.entry.origin.steps = []
methods.3.outcome.report.source_map.segments.1.origin.primary.method.owner.location.entry.raw_name = [66,114,105,100,103,101,85,110,107,110,111,119,110,46,99,108,97,115,115]
methods.3.outcome.report.source_map.segments.1.origin.primary.method.owner.location.kind = "archive_entry"
methods.3.outcome.report.source_map.segments.1.origin.primary.method.owner.variant.kind = "base"
methods.3.outcome.report.source_map.segments.1.origin.primary.provenance = "Direct"
methods.3.outcome.report.source_map.segments.1.start = 240
methods.3.outcome.report.source_map.segments.2.end = 244
methods.3.outcome.report.source_map.segments.2.origin.derived = []
methods.3.outcome.report.source_map.segments.2.origin.primary.bci = 2
methods.3.outcome.report.source_map.segments.2.origin.primary.cp = null
methods.3.outcome.report.source_map.segments.2.origin.primary.method.descriptor = [40,76,106,97,118,97,47,108,97,110,103,47,79,98,106,101,99,116,59,41,76,106,97,118,97,47,108,97,110,103,47,79,98,106,101,99,116,59]
methods.3.outcome.report.source_map.segments.2.origin.primary.method.name = [97,112,112,108,121]
methods.3.outcome.report.source_map.segments.2.origin.primary.method.owner.class_bytes.digest = "53b68e6184e473bd066ab8c36814f399ae082dced0998e8614f7f46b2b7fe0b0"
methods.3.outcome.report.source_map.segments.2.origin.primary.method.owner.class_bytes.length = 405
methods.3.outcome.report.source_map.segments.2.origin.primary.method.owner.location.entry.ordinal = 3
methods.3.outcome.report.source_map.segments.2.origin.primary.method.owner.location.entry.origin.root_container = "root"
methods.3.outcome.report.source_map.segments.2.origin.primary.method.owner.location.entry.origin.snapshot = "61ac2823fd357b2cc33674ebdf3061bad9778c1a9217b1eb7445ef40d7be1ef5"
methods.3.outcome.report.source_map.segments.2.origin.primary.method.owner.location.entry.origin.steps = []
methods.3.outcome.report.source_map.segments.2.origin.primary.method.owner.location.entry.raw_name = [66,114,105,100,103,101,85,110,107,110,111,119,110,46,99,108,97,115,115]
methods.3.outcome.report.source_map.segments.2.origin.primary.method.owner.location.kind = "archive_entry"
methods.3.outcome.report.source_map.segments.2.origin.primary.method.owner.variant.kind = "base"
methods.3.outcome.report.source_map.segments.2.origin.primary.provenance = "Direct"
methods.3.outcome.report.source_map.segments.2.start = 221
methods.3.outcome.report.source_map.segments.3.end = 245
methods.3.outcome.report.source_map.segments.3.origin.derived = []
methods.3.outcome.report.source_map.segments.3.origin.primary.bci = 5
methods.3.outcome.report.source_map.segments.3.origin.primary.cp = null
methods.3.outcome.report.source_map.segments.3.origin.primary.method.descriptor = [40,76,106,97,118,97,47,108,97,110,103,47,79,98,106,101,99,116,59,41,76,106,97,118,97,47,108,97,110,103,47,79,98,106,101,99,116,59]
methods.3.outcome.report.source_map.segments.3.origin.primary.method.name = [97,112,112,108,121]
methods.3.outcome.report.source_map.segments.3.origin.primary.method.owner.class_bytes.digest = "53b68e6184e473bd066ab8c36814f399ae082dced0998e8614f7f46b2b7fe0b0"
methods.3.outcome.report.source_map.segments.3.origin.primary.method.owner.class_bytes.length = 405
methods.3.outcome.report.source_map.segments.3.origin.primary.method.owner.location.entry.ordinal = 3
methods.3.outcome.report.source_map.segments.3.origin.primary.method.owner.location.entry.origin.root_container = "root"
methods.3.outcome.report.source_map.segments.3.origin.primary.method.owner.location.entry.origin.snapshot = "61ac2823fd357b2cc33674ebdf3061bad9778c1a9217b1eb7445ef40d7be1ef5"
methods.3.outcome.report.source_map.segments.3.origin.primary.method.owner.location.entry.origin.steps = []
methods.3.outcome.report.source_map.segments.3.origin.primary.method.owner.location.entry.raw_name = [66,114,105,100,103,101,85,110,107,110,111,119,110,46,99,108,97,115,115]
methods.3.outcome.report.source_map.segments.3.origin.primary.method.owner.location.kind = "archive_entry"
methods.3.outcome.report.source_map.segments.3.origin.primary.method.owner.variant.kind = "base"
methods.3.outcome.report.source_map.segments.3.origin.primary.provenance = "Direct"
methods.3.outcome.report.source_map.segments.3.start = 210
methods.3.outcome.report.source_map.segments.4.end = 247
methods.3.outcome.report.source_map.segments.4.origin.derived = []
methods.3.outcome.report.source_map.segments.4.origin.primary.bci = 8
methods.3.outcome.report.source_map.segments.4.origin.primary.cp = null
methods.3.outcome.report.source_map.segments.4.origin.primary.method.descriptor = [40,76,106,97,118,97,47,108,97,110,103,47,79,98,106,101,99,116,59,41,76,106,97,118,97,47,108,97,110,103,47,79,98,106,101,99,116,59]
methods.3.outcome.report.source_map.segments.4.origin.primary.method.name = [97,112,112,108,121]
methods.3.outcome.report.source_map.segments.4.origin.primary.method.owner.class_bytes.digest = "53b68e6184e473bd066ab8c36814f399ae082dced0998e8614f7f46b2b7fe0b0"
methods.3.outcome.report.source_map.segments.4.origin.primary.method.owner.class_bytes.length = 405
methods.3.outcome.report.source_map.segments.4.origin.primary.method.owner.location.entry.ordinal = 3
methods.3.outcome.report.source_map.segments.4.origin.primary.method.owner.location.entry.origin.root_container = "root"
methods.3.outcome.report.source_map.segments.4.origin.primary.method.owner.location.entry.origin.snapshot = "61ac2823fd357b2cc33674ebdf3061bad9778c1a9217b1eb7445ef40d7be1ef5"
methods.3.outcome.report.source_map.segments.4.origin.primary.method.owner.location.entry.origin.steps = []
methods.3.outcome.report.source_map.segments.4.origin.primary.method.owner.location.entry.raw_name = [66,114,105,100,103,101,85,110,107,110,111,119,110,46,99,108,97,115,115]
methods.3.outcome.report.source_map.segments.4.origin.primary.method.owner.location.kind = "archive_entry"
methods.3.outcome.report.source_map.segments.4.origin.primary.method.owner.variant.kind = "base"
methods.3.outcome.report.source_map.segments.4.origin.primary.provenance = "Direct"
methods.3.outcome.report.source_map.segments.4.start = 199
methods.3.outcome.report.syntax_status = "unchecked"
methods.3.outcome.report.text = "// @method apply(Ljava/lang/Object;)Ljava/lang/Object;\n// @declaration an instance method of `BridgeUnknown`, member flags 0x1041\n// recovered from bytecode; presentation is not claimed to compile\n{\n    return this.apply((java.lang.String) arg1);\n}\n"
methods.3.outcome.report.verification = "not_performed"
methods.3.parameter_annotations.attributes = []
methods.3.parameter_annotations.refusals = []
methods.3.parameter_annotations.uses_by_position = [[]]
methods.3.text = "    // jarde: projected bridge `apply(Ljava/lang/Object;)Ljava/lang/Object;` at physical method record 3: bridge@1 proved a pure call at BCI 5 to source declaration `apply(Ljava/lang/String;)Ljava/lang/String;` at method record 1; the resolved erased contract lets javac regenerate the bridge\n"
methods.3.type_annotations.attributes = []
methods.3.type_annotations.field_uses = []
methods.3.type_annotations.parameter_uses = [[]]
methods.3.type_annotations.refusals = []
methods.3.type_annotations.return_uses = []
nested_annotation_family.state = "absent"
nested_enum_family.state = "absent"
outcome = "performed"
stages = ["raw_facts","raw_cfg","legacy_normalization","canonical_cfg","frame","ssa"]
usage.analysis_steps = 297
usage.archive_entries = 29
usage.attribute_bytes = 605
usage.class_bytes = 2067
usage.class_headers = 3
usage.code_bytes = 25
usage.dependency_depth = 0
usage.elapsed_millis = 4
usage.entry_bytes = 1662
usage.input_bytes = 1023
usage.ir_edges = 16
usage.ir_items = 419
usage.method_bodies = 4
usage.nested_depth = 0
usage.normalization_clones = 0
usage.output_bytes = 1254
usage.read_bytes = 1046
usage.result_items = 41
view.scope.kind = "snapshot_all"
view.snapshot = "61ac2823fd357b2cc33674ebdf3061bad9778c1a9217b1eb7445ef40d7be1ef5"
