Classfile jar:file:/Users/lordcasser/workspace/projects/jarde/openspec/evidence/same-class-generic-call-consumers-2026-10-09/frozen-inputs-v1/corretto8/debug/MultiUseResult/MultiUseResult.jar!/MultiUseResult.class
  Last modified 2026-10-9; size 920 bytes
  MD5 checksum a4d02a12123244b3aaffc5e6c1050065
  Compiled from "MultiUseResult.java"
public class MultiUseResult<T extends java.lang.Object> extends java.lang.Object
  minor version: 0
  major version: 52
  flags: ACC_PUBLIC, ACC_SUPER
Constant pool:
   #1 = Methodref          #6.#31         // java/lang/Object."<init>":()V
   #2 = Fieldref           #5.#32         // MultiUseResult.observed:Ljava/lang/Object;
   #3 = Methodref          #5.#33         // MultiUseResult.identity:(Ljava/lang/Object;)Ljava/lang/Object;
   #4 = Methodref          #5.#34         // MultiUseResult.observe:(Ljava/lang/Object;)V
   #5 = Class              #35            // MultiUseResult
   #6 = Class              #36            // java/lang/Object
   #7 = Utf8               observed
   #8 = Utf8               Ljava/lang/Object;
   #9 = Utf8               <init>
  #10 = Utf8               ()V
  #11 = Utf8               Code
  #12 = Utf8               LineNumberTable
  #13 = Utf8               LocalVariableTable
  #14 = Utf8               this
  #15 = Utf8               LMultiUseResult;
  #16 = Utf8               LocalVariableTypeTable
  #17 = Utf8               LMultiUseResult<TT;>;
  #18 = Utf8               identity
  #19 = Utf8               (Ljava/lang/Object;)Ljava/lang/Object;
  #20 = Utf8               x
  #21 = Utf8               TT;
  #22 = Utf8               Signature
  #23 = Utf8               (TT;)TT;
  #24 = Utf8               observe
  #25 = Utf8               (Ljava/lang/Object;)V
  #26 = Utf8               relay
  #27 = Utf8               result
  #28 = Utf8               <T:Ljava/lang/Object;>Ljava/lang/Object;
  #29 = Utf8               SourceFile
  #30 = Utf8               MultiUseResult.java
  #31 = NameAndType        #9:#10         // "<init>":()V
  #32 = NameAndType        #7:#8          // observed:Ljava/lang/Object;
  #33 = NameAndType        #18:#19        // identity:(Ljava/lang/Object;)Ljava/lang/Object;
  #34 = NameAndType        #24:#25        // observe:(Ljava/lang/Object;)V
  #35 = Utf8               MultiUseResult
  #36 = Utf8               java/lang/Object
{
  public java.lang.Object observed;
    descriptor: Ljava/lang/Object;
    flags: ACC_PUBLIC

  public MultiUseResult();
    descriptor: ()V
    flags: ACC_PUBLIC
    Code:
      stack=1, locals=1, args_size=1
         0: aload_0
         1: invokespecial #1                  // Method java/lang/Object."<init>":()V
         4: return
      LineNumberTable:
        line 1: 0
      LocalVariableTable:
        Start  Length  Slot  Name   Signature
            0       5     0  this   LMultiUseResult;
      LocalVariableTypeTable:
        Start  Length  Slot  Name   Signature
            0       5     0  this   LMultiUseResult<TT;>;

  public T identity(T);
    descriptor: (Ljava/lang/Object;)Ljava/lang/Object;
    flags: ACC_PUBLIC
    Code:
      stack=1, locals=2, args_size=2
         0: aload_1
         1: areturn
      LineNumberTable:
        line 1: 0
      LocalVariableTable:
        Start  Length  Slot  Name   Signature
            0       2     0  this   LMultiUseResult;
            0       2     1     x   Ljava/lang/Object;
      LocalVariableTypeTable:
        Start  Length  Slot  Name   Signature
            0       2     0  this   LMultiUseResult<TT;>;
            0       2     1     x   TT;
    Signature: #23                          // (TT;)TT;

  public void observe(java.lang.Object);
    descriptor: (Ljava/lang/Object;)V
    flags: ACC_PUBLIC
    Code:
      stack=2, locals=2, args_size=2
         0: aload_0
         1: aload_1
         2: putfield      #2                  // Field observed:Ljava/lang/Object;
         5: return
      LineNumberTable:
        line 1: 0
      LocalVariableTable:
        Start  Length  Slot  Name   Signature
            0       6     0  this   LMultiUseResult;
            0       6     1     x   Ljava/lang/Object;
      LocalVariableTypeTable:
        Start  Length  Slot  Name   Signature
            0       6     0  this   LMultiUseResult<TT;>;

  public T relay(T);
    descriptor: (Ljava/lang/Object;)Ljava/lang/Object;
    flags: ACC_PUBLIC
    Code:
      stack=2, locals=3, args_size=2
         0: aload_0
         1: aload_1
         2: invokevirtual #3                  // Method identity:(Ljava/lang/Object;)Ljava/lang/Object;
         5: astore_2
         6: aload_0
         7: aload_2
         8: invokevirtual #4                  // Method observe:(Ljava/lang/Object;)V
        11: aload_2
        12: areturn
      LineNumberTable:
        line 1: 0
      LocalVariableTable:
        Start  Length  Slot  Name   Signature
            0      13     0  this   LMultiUseResult;
            0      13     1     x   Ljava/lang/Object;
            6       7     2 result   Ljava/lang/Object;
      LocalVariableTypeTable:
        Start  Length  Slot  Name   Signature
            0      13     0  this   LMultiUseResult<TT;>;
            0      13     1     x   TT;
            6       7     2 result   TT;
    Signature: #23                          // (TT;)TT;
}
Signature: #28                          // <T:Ljava/lang/Object;>Ljava/lang/Object;
SourceFile: "MultiUseResult.java"
