// jarde: presentation of `AnonymousSuperArgs` from the class file's own declaration and one recovery run per member.
// jarde: not a compilable project: no imports and no resources are claimed (the `package` line is the class file's own name, not a claim about a directory); every place this text is not a full recovery carries a marker of this prefix.
public class AnonymousSuperArgs extends java.lang.Object {
    private static final java.lang.StringBuilder EVENTS;

    public AnonymousSuperArgs() {
        // @method <init>()V
        // @declaration a constructor of `AnonymousSuperArgs`, member flags 0x0001
        // recovered from bytecode; presentation is not claimed to compile
        super();
        return;
    }

    static void event(java.lang.String arg0) {
        // @method event(Ljava/lang/String;)V
        // @declaration a static method of `AnonymousSuperArgs`, member flags 0x0008
        // recovered from bytecode; presentation is not claimed to compile
        if (AnonymousSuperArgs.EVENTS.length() != 0) {
            AnonymousSuperArgs.EVENTS.append('|');
            // @bytecode 17
            // the instruction at BCI 17 is not part of the provable subset
        }
        AnonymousSuperArgs.EVENTS.append(arg0);
        return;
    }

    private static java.lang.String text(java.lang.String arg0, java.lang.String arg1) {
        // @method text(Ljava/lang/String;Ljava/lang/String;)Ljava/lang/String;
        // @declaration a static method of `AnonymousSuperArgs`, member flags 0x000a
        // recovered from bytecode; presentation is not claimed to compile
        event("arg:" + arg0);
        return arg1;
    }

    private static int number(java.lang.String arg0, int arg1) {
        // @method number(Ljava/lang/String;I)I
        // @declaration a static method of `AnonymousSuperArgs`, member flags 0x000a
        // recovered from bytecode; presentation is not claimed to compile
        event("arg:" + arg0);
        return arg1;
    }

    public static void main(java.lang.String[] arg0) {
        // @method main([Ljava/lang/String;)V
        // @declaration a static method of `AnonymousSuperArgs`, member flags 0x0009
        // recovered from bytecode; presentation is not claimed to compile
        java.lang.String local1 = text("capture", "captured");
        AnonymousSuperArgs$1 local2 = new AnonymousSuperArgs$1((java.lang.String) text("super-label", "explicit"), number("super-value", 17), local1);
        java.lang.System.out.println((java.lang.Object) AnonymousSuperArgs.EVENTS);
        java.lang.System.out.println((java.lang.String) local2.render());
        return;
    }

    static {
        // @method <clinit>()V
        // @declaration a static initializer of `AnonymousSuperArgs`, member flags 0x0008
        // recovered from bytecode; presentation is not claimed to compile
        EVENTS = new java.lang.StringBuilder();
    }
}
bridge_proofs = []
class.class_bytes.digest = "dec2f64abd26ec9435c39927a9e7694207f04abc99d2f0f416da2ce9e93d7d82"
class.class_bytes.length = 1261
class.location.entry.ordinal = 3
class.location.entry.origin.root_container = "root"
class.location.entry.origin.snapshot = "e371304a7fe58cc0f00d248c684713fc0deac6bdae8073b99697cdfb45299986"
class.location.entry.origin.steps = []
class.location.entry.raw_name = [65,110,111,110,121,109,111,117,115,83,117,112,101,114,65,114,103,115,46,99,108,97,115,115]
class.location.kind = "archive_entry"
class.variant.kind = "base"
coverage.artifact_structural.scanned.0.end = 5
coverage.artifact_structural.scanned.0.label = "central_directory_entries"
coverage.artifact_structural.scanned.0.start = 0
coverage.artifact_structural.scanned.1.end = 1
coverage.artifact_structural.scanned.1.label = "navigation_candidates"
coverage.artifact_structural.scanned.1.start = 0
coverage.artifact_structural.scanned.2.end = 1
coverage.artifact_structural.scanned.2.label = "class_fields"
coverage.artifact_structural.scanned.2.start = 0
coverage.artifact_structural.scanned.3.end = 6
coverage.artifact_structural.scanned.3.label = "class_methods"
coverage.artifact_structural.scanned.3.start = 0
coverage.artifact_structural.scanned.4.end = 6
coverage.artifact_structural.scanned.4.label = "class_source_bodies"
coverage.artifact_structural.scanned.4.start = 0
coverage.artifact_structural.skipped = []
coverage.artifact_structural.state = "complete_within_schema"
coverage.artifact_structural.uninterpreted_extensions = []
coverage.dynamic_analysis.scanned = []
coverage.dynamic_analysis.skipped = []
coverage.dynamic_analysis.state = "not_requested"
coverage.dynamic_analysis.uninterpreted_extensions = []
coverage.runtime_resolution.scanned = []
coverage.runtime_resolution.skipped = []
coverage.runtime_resolution.state = "not_requested"
coverage.runtime_resolution.uninterpreted_extensions = []
declaration.annotation_attributes = []
declaration.annotation_refusals = []
declaration.annotation_uses = []
declaration.declaration = "public class AnonymousSuperArgs extends java.lang.Object"
declaration.generic_refusal = null
declaration.generic_signature = null
declaration.item.binding.kind = "path_name_agrees"
declaration.item.declaration.access_flags = 33
declaration.item.declaration.interfaces = []
declaration.item.declaration.super_class.escaped = "java/lang/Object"
declaration.item.declaration.super_class.raw = [106,97,118,97,47,108,97,110,103,47,79,98,106,101,99,116]
declaration.item.declaration.super_class.utf16 = [106,97,118,97,47,108,97,110,103,47,79,98,106,101,99,116]
declaration.item.declaration.this_class.escaped = "AnonymousSuperArgs"
declaration.item.declaration.this_class.raw = [65,110,111,110,121,109,111,117,115,83,117,112,101,114,65,114,103,115]
declaration.item.declaration.this_class.utf16 = [65,110,111,110,121,109,111,117,115,83,117,112,101,114,65,114,103,115]
declaration.item.definition.class_bytes.digest = "dec2f64abd26ec9435c39927a9e7694207f04abc99d2f0f416da2ce9e93d7d82"
declaration.item.definition.class_bytes.length = 1261
declaration.item.definition.location.entry.ordinal = 3
declaration.item.definition.location.entry.origin.root_container = "root"
declaration.item.definition.location.entry.origin.snapshot = "e371304a7fe58cc0f00d248c684713fc0deac6bdae8073b99697cdfb45299986"
declaration.item.definition.location.entry.origin.steps = []
declaration.item.definition.location.entry.raw_name = [65,110,111,110,121,109,111,117,115,83,117,112,101,114,65,114,103,115,46,99,108,97,115,115]
declaration.item.definition.location.kind = "archive_entry"
declaration.item.definition.variant.kind = "base"
declaration.item.member_table = null
declaration.name = "AnonymousSuperArgs"
diagnostics = []
enum_switch_proofs = []
execution.status = "complete"
execution.usage.analysis_steps = 596
execution.usage.archive_entries = 20
execution.usage.attribute_bytes = 1083
execution.usage.class_bytes = 3886
execution.usage.class_headers = 2
execution.usage.code_bytes = 142
execution.usage.dependency_depth = 0
execution.usage.elapsed_millis = 36
execution.usage.entry_bytes = 2625
execution.usage.input_bytes = 2149
execution.usage.ir_edges = 71
execution.usage.ir_items = 1427
execution.usage.method_bodies = 6
execution.usage.nested_depth = 0
execution.usage.normalization_clones = 0
execution.usage.output_bytes = 1902
execution.usage.read_bytes = 1465
execution.usage.result_items = 39
fields.0.annotations.attributes = []
fields.0.annotations.refusals = []
fields.0.annotations.uses = []
fields.0.declaration = "private static final java.lang.StringBuilder EVENTS"
fields.0.item.access_flags = 26
fields.0.item.descriptor.escaped = "Ljava/lang/StringBuilder;"
fields.0.item.descriptor.raw = [76,106,97,118,97,47,108,97,110,103,47,83,116,114,105,110,103,66,117,105,108,100,101,114,59]
fields.0.item.descriptor.utf16 = [76,106,97,118,97,47,108,97,110,103,47,83,116,114,105,110,103,66,117,105,108,100,101,114,59]
fields.0.item.identity.member.descriptor = [76,106,97,118,97,47,108,97,110,103,47,83,116,114,105,110,103,66,117,105,108,100,101,114,59]
fields.0.item.identity.member.kind = "field"
fields.0.item.identity.member.name = [69,86,69,78,84,83]
fields.0.item.identity.owner.class_bytes.digest = "dec2f64abd26ec9435c39927a9e7694207f04abc99d2f0f416da2ce9e93d7d82"
fields.0.item.identity.owner.class_bytes.length = 1261
fields.0.item.identity.owner.location.entry.ordinal = 3
fields.0.item.identity.owner.location.entry.origin.root_container = "root"
fields.0.item.identity.owner.location.entry.origin.snapshot = "e371304a7fe58cc0f00d248c684713fc0deac6bdae8073b99697cdfb45299986"
fields.0.item.identity.owner.location.entry.origin.steps = []
fields.0.item.identity.owner.location.entry.raw_name = [65,110,111,110,121,109,111,117,115,83,117,112,101,114,65,114,103,115,46,99,108,97,115,115]
fields.0.item.identity.owner.location.kind = "archive_entry"
fields.0.item.identity.owner.variant.kind = "base"
fields.0.item.index = 0
fields.0.item.name.escaped = "EVENTS"
fields.0.item.name.raw = [69,86,69,78,84,83]
fields.0.item.name.utf16 = [69,86,69,78,84,83]
fields.0.markers = []
fields.0.type_annotations.attributes = []
fields.0.type_annotations.field_uses = []
fields.0.type_annotations.parameter_uses = []
fields.0.type_annotations.refusals = []
fields.0.type_annotations.return_uses = []
initializer_proof.kind = "not_applicable"
limits.analysis_steps = 4194304
limits.archive_entries = 65536
limits.attribute_bytes = 67108864
limits.class_bytes = 67108864
limits.class_headers = 4096
limits.code_bytes = 16777216
limits.dependency_depth = 8
limits.elapsed_millis = 30000
limits.entry_bytes = 67108864
limits.input_bytes = 67108864
limits.ir_edges = 4194304
limits.ir_items = 4194304
limits.method_bodies = 4096
limits.nested_depth = 4
limits.normalization_clones = 1048576
limits.output_bytes = 16777216
limits.read_bytes = 67108864
limits.result_items = 65536
member_family.state = "absent"
methods.0.annotations.attributes = []
methods.0.annotations.refusals = []
methods.0.annotations.uses = []
methods.0.declaration = "public AnonymousSuperArgs()"
methods.0.item.access_flags = 1
methods.0.item.body.content_span.length = 17
methods.0.item.body.content_span.start = 950
methods.0.item.body.kind = "code_attribute"
methods.0.item.descriptor.escaped = "()V"
methods.0.item.descriptor.raw = [40,41,86]
methods.0.item.descriptor.utf16 = [40,41,86]
methods.0.item.identity.descriptor = [40,41,86]
methods.0.item.identity.name = [60,105,110,105,116,62]
methods.0.item.identity.owner.class_bytes.digest = "dec2f64abd26ec9435c39927a9e7694207f04abc99d2f0f416da2ce9e93d7d82"
methods.0.item.identity.owner.class_bytes.length = 1261
methods.0.item.identity.owner.location.entry.ordinal = 3
methods.0.item.identity.owner.location.entry.origin.root_container = "root"
methods.0.item.identity.owner.location.entry.origin.snapshot = "e371304a7fe58cc0f00d248c684713fc0deac6bdae8073b99697cdfb45299986"
methods.0.item.identity.owner.location.entry.origin.steps = []
methods.0.item.identity.owner.location.entry.raw_name = [65,110,111,110,121,109,111,117,115,83,117,112,101,114,65,114,103,115,46,99,108,97,115,115]
methods.0.item.identity.owner.location.kind = "archive_entry"
methods.0.item.identity.owner.variant.kind = "base"
methods.0.item.index = 0
methods.0.item.name.escaped = "<init>"
methods.0.item.name.raw = [60,105,110,105,116,62]
methods.0.item.name.utf16 = [60,105,110,105,116,62]
methods.0.markers = []
methods.0.no_body_kind = null
methods.0.outcome.analysis.diagnostics = 0
methods.0.outcome.analysis.execution.status = "complete"
methods.0.outcome.analysis.execution.usage.analysis_steps = 22
methods.0.outcome.analysis.execution.usage.archive_entries = 14
methods.0.outcome.analysis.execution.usage.attribute_bytes = 589
methods.0.outcome.analysis.execution.usage.class_bytes = 2522
methods.0.outcome.analysis.execution.usage.class_headers = 1
methods.0.outcome.analysis.execution.usage.code_bytes = 5
methods.0.outcome.analysis.execution.usage.dependency_depth = 0
methods.0.outcome.analysis.execution.usage.elapsed_millis = 21
methods.0.outcome.analysis.execution.usage.entry_bytes = 1261
methods.0.outcome.analysis.execution.usage.input_bytes = 2149
methods.0.outcome.analysis.execution.usage.ir_edges = 2
methods.0.outcome.analysis.execution.usage.ir_items = 48
methods.0.outcome.analysis.execution.usage.method_bodies = 1
methods.0.outcome.analysis.execution.usage.nested_depth = 0
methods.0.outcome.analysis.execution.usage.normalization_clones = 0
methods.0.outcome.analysis.execution.usage.output_bytes = 0
methods.0.outcome.analysis.execution.usage.read_bytes = 673
methods.0.outcome.analysis.execution.usage.result_items = 26
methods.0.outcome.kind = "recovered"
methods.0.outcome.report.accessors = []
methods.0.outcome.report.aliased_names = []
methods.0.outcome.report.artifact.agreement.state = "not_stated"
methods.0.outcome.report.artifact.binding.engine = "0.1.0"
methods.0.outcome.report.artifact.binding.environment.content = ["e371304a7fe58cc0f00d248c684713fc0deac6bdae8073b99697cdfb45299986"]
methods.0.outcome.report.artifact.binding.environment.domain_loaders = ["app"]
methods.0.outcome.report.artifact.binding.environment.providers = []
methods.0.outcome.report.artifact.binding.environment.runtime.load_domain.delegation.kind = "parent_first"
methods.0.outcome.report.artifact.binding.environment.runtime.load_domain.external_override = "none"
methods.0.outcome.report.artifact.binding.environment.runtime.load_domain.loader = "app"
methods.0.outcome.report.artifact.binding.environment.runtime.load_domain.module_mode.kind = "class_path"
methods.0.outcome.report.artifact.binding.environment.runtime.load_domain.parent_loader = null
methods.0.outcome.report.artifact.binding.environment.runtime.load_domain.roots.0.kind = "container"
methods.0.outcome.report.artifact.binding.environment.runtime.load_domain.roots.0.origin.root_container = "root"
methods.0.outcome.report.artifact.binding.environment.runtime.load_domain.roots.0.origin.snapshot = "e371304a7fe58cc0f00d248c684713fc0deac6bdae8073b99697cdfb45299986"
methods.0.outcome.report.artifact.binding.environment.runtime.load_domain.roots.0.origin.steps = []
methods.0.outcome.report.artifact.binding.environment.runtime.load_domain.roots.0.prefix = []
methods.0.outcome.report.artifact.binding.environment.runtime.load_domain.runtime_transformation = "none"
methods.0.outcome.report.artifact.binding.environment.runtime.physical.scope.kind = "snapshot_all"
methods.0.outcome.report.artifact.binding.environment.runtime.physical.snapshot = "e371304a7fe58cc0f00d248c684713fc0deac6bdae8073b99697cdfb45299986"
methods.0.outcome.report.artifact.binding.environment.runtime.profile.java_release = 8
methods.0.outcome.report.artifact.binding.environment.runtime.profile.layout.kind = "generic"
methods.0.outcome.report.artifact.binding.environment.runtime.profile.multi_release.kind = "disabled"
methods.0.outcome.report.artifact.binding.member_ordinal = 0
methods.0.outcome.report.artifact.binding.method.descriptor = [40,41,86]
methods.0.outcome.report.artifact.binding.method.name = [60,105,110,105,116,62]
methods.0.outcome.report.artifact.binding.method.owner.class_bytes.digest = "dec2f64abd26ec9435c39927a9e7694207f04abc99d2f0f416da2ce9e93d7d82"
methods.0.outcome.report.artifact.binding.method.owner.class_bytes.length = 1261
methods.0.outcome.report.artifact.binding.method.owner.location.entry.ordinal = 3
methods.0.outcome.report.artifact.binding.method.owner.location.entry.origin.root_container = "root"
methods.0.outcome.report.artifact.binding.method.owner.location.entry.origin.snapshot = "e371304a7fe58cc0f00d248c684713fc0deac6bdae8073b99697cdfb45299986"
methods.0.outcome.report.artifact.binding.method.owner.location.entry.origin.steps = []
methods.0.outcome.report.artifact.binding.method.owner.location.entry.raw_name = [65,110,111,110,121,109,111,117,115,83,117,112,101,114,65,114,103,115,46,99,108,97,115,115]
methods.0.outcome.report.artifact.binding.method.owner.location.kind = "archive_entry"
methods.0.outcome.report.artifact.binding.method.owner.variant.kind = "base"
methods.0.outcome.report.artifact.binding.profile.java_release = 8
methods.0.outcome.report.artifact.binding.profile.layout.kind = "generic"
methods.0.outcome.report.artifact.binding.profile.multi_release.kind = "disabled"
methods.0.outcome.report.artifact.binding.registry = 71
methods.0.outcome.report.artifact.binding.rules = ["straight@1","if@1","loop@1","switch@1","lambda@1","concat@1","bridge@1","accessor@1","new@1","field@1","enumswitch@1","init@1","declaration@1","twr@1","monitor@1","finally@1"]
methods.0.outcome.report.artifact.binding.schema = 1
methods.0.outcome.report.artifact.binding.text_bytes = 192
methods.0.outcome.report.artifact.binding.text_digest = "ea06b3874e3a4109f2737e6a93707687"
methods.0.outcome.report.bridges = []
methods.0.outcome.report.compile_status = "not_attempted"
methods.0.outcome.report.concats = []
methods.0.outcome.report.content = "contains_statements"
methods.0.outcome.report.declaration = null
methods.0.outcome.report.diagnostics.0.code = "jre_recovery_produced"
methods.0.outcome.report.diagnostics.0.message = "1 region(s), 2 statement(s), 2 segment(s), 192 byte(s) written from 1 canonical block(s)"
methods.0.outcome.report.diagnostics.0.provenance = null
methods.0.outcome.report.diagnostics.0.severity = "info"
methods.0.outcome.report.diagnostics.1.code = "jre_constructor_prologue"
methods.0.outcome.report.diagnostics.1.message = "the body is an instance initializer and its prologue is written under init@1 as `super`: the call at BCI 1 names `java/lang/Object`, and the class that declares this constructor is `AnonymousSuperArgs`"
methods.0.outcome.report.diagnostics.1.provenance = null
methods.0.outcome.report.diagnostics.1.severity = "info"
methods.0.outcome.report.diagnostics.2.code = "jre_declaration"
methods.0.outcome.report.diagnostics.2.message = "the artifact's envelope states the member's declaration under declaration@1: a constructor"
methods.0.outcome.report.diagnostics.2.provenance = null
methods.0.outcome.report.diagnostics.2.severity = "info"
methods.0.outcome.report.enum_switches = []
methods.0.outcome.report.evidence.categories.0.kind = "source_map"
methods.0.outcome.report.evidence.categories.0.state.state = "not_requested"
methods.0.outcome.report.evidence.categories.1.kind = "region_details"
methods.0.outcome.report.evidence.categories.1.state.state = "not_requested"
methods.0.outcome.report.evidence.categories.2.kind = "rule_details"
methods.0.outcome.report.evidence.categories.2.state.state = "not_requested"
methods.0.outcome.report.evidence.categories.3.kind = "name_details"
methods.0.outcome.report.evidence.categories.3.state.state = "not_requested"
methods.0.outcome.report.evidence.categories.4.kind = "read_details"
methods.0.outcome.report.evidence.categories.4.state.state = "not_requested"
methods.0.outcome.report.evidence.requested.driver_bci_range = null
methods.0.outcome.report.evidence.requested.expected_artifact = null
methods.0.outcome.report.evidence.requested.kinds = []
methods.0.outcome.report.execution.status = "complete"
methods.0.outcome.report.execution.usage.analysis_steps = 37
methods.0.outcome.report.execution.usage.archive_entries = 14
methods.0.outcome.report.execution.usage.attribute_bytes = 589
methods.0.outcome.report.execution.usage.class_bytes = 2522
methods.0.outcome.report.execution.usage.class_headers = 1
methods.0.outcome.report.execution.usage.code_bytes = 5
methods.0.outcome.report.execution.usage.dependency_depth = 0
methods.0.outcome.report.execution.usage.elapsed_millis = 28
methods.0.outcome.report.execution.usage.entry_bytes = 1261
methods.0.outcome.report.execution.usage.input_bytes = 2149
methods.0.outcome.report.execution.usage.ir_edges = 2
methods.0.outcome.report.execution.usage.ir_items = 65
methods.0.outcome.report.execution.usage.method_bodies = 1
methods.0.outcome.report.execution.usage.nested_depth = 0
methods.0.outcome.report.execution.usage.normalization_clones = 0
methods.0.outcome.report.execution.usage.output_bytes = 192
methods.0.outcome.report.execution.usage.read_bytes = 673
methods.0.outcome.report.execution.usage.result_items = 26
methods.0.outcome.report.fallbacks = []
methods.0.outcome.report.fields = []
methods.0.outcome.report.init = null
methods.0.outcome.report.lambdas = []
methods.0.outcome.report.method = "<init>()V"
methods.0.outcome.report.news = []
methods.0.outcome.report.outcome = "produced"
methods.0.outcome.report.profile.java_release = 8
methods.0.outcome.report.profile.layout.kind = "generic"
methods.0.outcome.report.profile.multi_release.kind = "disabled"
methods.0.outcome.report.quality = "structured"
methods.0.outcome.report.regions = []
methods.0.outcome.report.representation = "java"
methods.0.outcome.report.rules = []
methods.0.outcome.report.semantic_validation = "unproven"
methods.0.outcome.report.source_map.segments = []
methods.0.outcome.report.syntax_status = "unchecked"
methods.0.outcome.report.text = "// @method <init>()V\n// @declaration a constructor of `AnonymousSuperArgs`, member flags 0x0001\n// recovered from bytecode; presentation is not claimed to compile\n{\n    super();\n    return;\n}\n"
methods.0.outcome.report.verification = "not_performed"
methods.0.parameter_annotations.attributes = []
methods.0.parameter_annotations.refusals = []
methods.0.parameter_annotations.uses_by_position = []
methods.0.text = "    public AnonymousSuperArgs() {\n        // @method <init>()V\n        // @declaration a constructor of `AnonymousSuperArgs`, member flags 0x0001\n        // recovered from bytecode; presentation is not claimed to compile\n        super();\n        return;\n    }\n"
methods.0.type_annotations.attributes = []
methods.0.type_annotations.field_uses = []
methods.0.type_annotations.parameter_uses = []
methods.0.type_annotations.refusals = []
methods.0.type_annotations.return_uses = []
methods.1.annotations.attributes = []
methods.1.annotations.refusals = []
methods.1.annotations.uses = []
methods.1.declaration = "static void event(java.lang.String arg0)"
methods.1.item.access_flags = 8
methods.1.item.body.content_span.length = 48
methods.1.item.body.content_span.start = 981
methods.1.item.body.kind = "code_attribute"
methods.1.item.descriptor.escaped = "(Ljava/lang/String;)V"
methods.1.item.descriptor.raw = [40,76,106,97,118,97,47,108,97,110,103,47,83,116,114,105,110,103,59,41,86]
methods.1.item.descriptor.utf16 = [40,76,106,97,118,97,47,108,97,110,103,47,83,116,114,105,110,103,59,41,86]
methods.1.item.identity.descriptor = [40,76,106,97,118,97,47,108,97,110,103,47,83,116,114,105,110,103,59,41,86]
methods.1.item.identity.name = [101,118,101,110,116]
methods.1.item.identity.owner.class_bytes.digest = "dec2f64abd26ec9435c39927a9e7694207f04abc99d2f0f416da2ce9e93d7d82"
methods.1.item.identity.owner.class_bytes.length = 1261
methods.1.item.identity.owner.location.entry.ordinal = 3
methods.1.item.identity.owner.location.entry.origin.root_container = "root"
methods.1.item.identity.owner.location.entry.origin.snapshot = "e371304a7fe58cc0f00d248c684713fc0deac6bdae8073b99697cdfb45299986"
methods.1.item.identity.owner.location.entry.origin.steps = []
methods.1.item.identity.owner.location.entry.raw_name = [65,110,111,110,121,109,111,117,115,83,117,112,101,114,65,114,103,115,46,99,108,97,115,115]
methods.1.item.identity.owner.location.kind = "archive_entry"
methods.1.item.identity.owner.variant.kind = "base"
methods.1.item.index = 1
methods.1.item.name.escaped = "event"
methods.1.item.name.raw = [101,118,101,110,116]
methods.1.item.name.utf16 = [101,118,101,110,116]
methods.1.markers = []
methods.1.no_body_kind = null
methods.1.outcome.analysis.diagnostics = 0
methods.1.outcome.analysis.execution.status = "complete"
methods.1.outcome.analysis.execution.usage.analysis_steps = 127
methods.1.outcome.analysis.execution.usage.archive_entries = 14
methods.1.outcome.analysis.execution.usage.attribute_bytes = 643
methods.1.outcome.analysis.execution.usage.class_bytes = 2522
methods.1.outcome.analysis.execution.usage.class_headers = 1
methods.1.outcome.analysis.execution.usage.code_bytes = 32
methods.1.outcome.analysis.execution.usage.dependency_depth = 0
methods.1.outcome.analysis.execution.usage.elapsed_millis = 29
methods.1.outcome.analysis.execution.usage.entry_bytes = 1261
methods.1.outcome.analysis.execution.usage.input_bytes = 2149
methods.1.outcome.analysis.execution.usage.ir_edges = 23
methods.1.outcome.analysis.execution.usage.ir_items = 260
methods.1.outcome.analysis.execution.usage.method_bodies = 2
methods.1.outcome.analysis.execution.usage.nested_depth = 0
methods.1.outcome.analysis.execution.usage.normalization_clones = 0
methods.1.outcome.analysis.execution.usage.output_bytes = 192
methods.1.outcome.analysis.execution.usage.read_bytes = 673
methods.1.outcome.analysis.execution.usage.result_items = 27
methods.1.outcome.kind = "recovered"
methods.1.outcome.report.accessors = []
methods.1.outcome.report.aliased_names = []
methods.1.outcome.report.artifact.agreement.state = "not_stated"
methods.1.outcome.report.artifact.binding.engine = "0.1.0"
methods.1.outcome.report.artifact.binding.environment.content = ["e371304a7fe58cc0f00d248c684713fc0deac6bdae8073b99697cdfb45299986"]
methods.1.outcome.report.artifact.binding.environment.domain_loaders = ["app"]
methods.1.outcome.report.artifact.binding.environment.providers = []
methods.1.outcome.report.artifact.binding.environment.runtime.load_domain.delegation.kind = "parent_first"
methods.1.outcome.report.artifact.binding.environment.runtime.load_domain.external_override = "none"
methods.1.outcome.report.artifact.binding.environment.runtime.load_domain.loader = "app"
methods.1.outcome.report.artifact.binding.environment.runtime.load_domain.module_mode.kind = "class_path"
methods.1.outcome.report.artifact.binding.environment.runtime.load_domain.parent_loader = null
methods.1.outcome.report.artifact.binding.environment.runtime.load_domain.roots.0.kind = "container"
methods.1.outcome.report.artifact.binding.environment.runtime.load_domain.roots.0.origin.root_container = "root"
methods.1.outcome.report.artifact.binding.environment.runtime.load_domain.roots.0.origin.snapshot = "e371304a7fe58cc0f00d248c684713fc0deac6bdae8073b99697cdfb45299986"
methods.1.outcome.report.artifact.binding.environment.runtime.load_domain.roots.0.origin.steps = []
methods.1.outcome.report.artifact.binding.environment.runtime.load_domain.roots.0.prefix = []
methods.1.outcome.report.artifact.binding.environment.runtime.load_domain.runtime_transformation = "none"
methods.1.outcome.report.artifact.binding.environment.runtime.physical.scope.kind = "snapshot_all"
methods.1.outcome.report.artifact.binding.environment.runtime.physical.snapshot = "e371304a7fe58cc0f00d248c684713fc0deac6bdae8073b99697cdfb45299986"
methods.1.outcome.report.artifact.binding.environment.runtime.profile.java_release = 8
methods.1.outcome.report.artifact.binding.environment.runtime.profile.layout.kind = "generic"
methods.1.outcome.report.artifact.binding.environment.runtime.profile.multi_release.kind = "disabled"
methods.1.outcome.report.artifact.binding.member_ordinal = 1
methods.1.outcome.report.artifact.binding.method.descriptor = [40,76,106,97,118,97,47,108,97,110,103,47,83,116,114,105,110,103,59,41,86]
methods.1.outcome.report.artifact.binding.method.name = [101,118,101,110,116]
methods.1.outcome.report.artifact.binding.method.owner.class_bytes.digest = "dec2f64abd26ec9435c39927a9e7694207f04abc99d2f0f416da2ce9e93d7d82"
methods.1.outcome.report.artifact.binding.method.owner.class_bytes.length = 1261
methods.1.outcome.report.artifact.binding.method.owner.location.entry.ordinal = 3
methods.1.outcome.report.artifact.binding.method.owner.location.entry.origin.root_container = "root"
methods.1.outcome.report.artifact.binding.method.owner.location.entry.origin.snapshot = "e371304a7fe58cc0f00d248c684713fc0deac6bdae8073b99697cdfb45299986"
methods.1.outcome.report.artifact.binding.method.owner.location.entry.origin.steps = []
methods.1.outcome.report.artifact.binding.method.owner.location.entry.raw_name = [65,110,111,110,121,109,111,117,115,83,117,112,101,114,65,114,103,115,46,99,108,97,115,115]
methods.1.outcome.report.artifact.binding.method.owner.location.kind = "archive_entry"
methods.1.outcome.report.artifact.binding.method.owner.variant.kind = "base"
methods.1.outcome.report.artifact.binding.profile.java_release = 8
methods.1.outcome.report.artifact.binding.profile.layout.kind = "generic"
methods.1.outcome.report.artifact.binding.profile.multi_release.kind = "disabled"
methods.1.outcome.report.artifact.binding.registry = 71
methods.1.outcome.report.artifact.binding.rules = ["straight@1","if@1","loop@1","switch@1","lambda@1","concat@1","bridge@1","accessor@1","new@1","field@1","enumswitch@1","init@1","declaration@1","twr@1","monitor@1","finally@1"]
methods.1.outcome.report.artifact.binding.schema = 1
methods.1.outcome.report.artifact.binding.text_bytes = 442
methods.1.outcome.report.artifact.binding.text_digest = "4c7e0eb2e3a79a58844781105b9cc57f"
methods.1.outcome.report.bridges = []
methods.1.outcome.report.compile_status = "not_attempted"
methods.1.outcome.report.concats = []
methods.1.outcome.report.content = "contains_statements"
methods.1.outcome.report.declaration = null
methods.1.outcome.report.diagnostics.0.code = "jre_recovery_produced"
methods.1.outcome.report.diagnostics.0.message = "2 region(s), 5 statement(s), 18 segment(s), 442 byte(s) written from 3 canonical block(s)"
methods.1.outcome.report.diagnostics.0.provenance = null
methods.1.outcome.report.diagnostics.0.severity = "info"
methods.1.outcome.report.diagnostics.1.code = "jre_field_accesses"
methods.1.outcome.report.diagnostics.1.message = "3 field instruction(s) read under field@1: 3 presented, 0 refused"
methods.1.outcome.report.diagnostics.1.provenance = null
methods.1.outcome.report.diagnostics.1.severity = "info"
methods.1.outcome.report.diagnostics.2.code = "jre_declaration"
methods.1.outcome.report.diagnostics.2.message = "the artifact's envelope states the member's declaration under declaration@1: a static method"
methods.1.outcome.report.diagnostics.2.provenance = null
methods.1.outcome.report.diagnostics.2.severity = "info"
methods.1.outcome.report.enum_switches = []
methods.1.outcome.report.evidence.categories.0.kind = "source_map"
methods.1.outcome.report.evidence.categories.0.state.state = "not_requested"
methods.1.outcome.report.evidence.categories.1.kind = "region_details"
methods.1.outcome.report.evidence.categories.1.state.state = "not_requested"
methods.1.outcome.report.evidence.categories.2.kind = "rule_details"
methods.1.outcome.report.evidence.categories.2.state.state = "not_requested"
methods.1.outcome.report.evidence.categories.3.kind = "name_details"
methods.1.outcome.report.evidence.categories.3.state.state = "not_requested"
methods.1.outcome.report.evidence.categories.4.kind = "read_details"
methods.1.outcome.report.evidence.categories.4.state.state = "not_requested"
methods.1.outcome.report.evidence.requested.driver_bci_range = null
methods.1.outcome.report.evidence.requested.expected_artifact = null
methods.1.outcome.report.evidence.requested.kinds = []
methods.1.outcome.report.execution.status = "complete"
methods.1.outcome.report.execution.usage.analysis_steps = 187
methods.1.outcome.report.execution.usage.archive_entries = 14
methods.1.outcome.report.execution.usage.attribute_bytes = 643
methods.1.outcome.report.execution.usage.class_bytes = 2522
methods.1.outcome.report.execution.usage.class_headers = 1
methods.1.outcome.report.execution.usage.code_bytes = 32
methods.1.outcome.report.execution.usage.dependency_depth = 0
methods.1.outcome.report.execution.usage.elapsed_millis = 32
methods.1.outcome.report.execution.usage.entry_bytes = 1261
methods.1.outcome.report.execution.usage.input_bytes = 2149
methods.1.outcome.report.execution.usage.ir_edges = 26
methods.1.outcome.report.execution.usage.ir_items = 374
methods.1.outcome.report.execution.usage.method_bodies = 2
methods.1.outcome.report.execution.usage.nested_depth = 0
methods.1.outcome.report.execution.usage.normalization_clones = 0
methods.1.outcome.report.execution.usage.output_bytes = 634
methods.1.outcome.report.execution.usage.read_bytes = 673
methods.1.outcome.report.execution.usage.result_items = 27
methods.1.outcome.report.fallbacks = []
methods.1.outcome.report.fields = []
methods.1.outcome.report.init = null
methods.1.outcome.report.lambdas = []
methods.1.outcome.report.method = "event(Ljava/lang/String;)V"
methods.1.outcome.report.news = []
methods.1.outcome.report.outcome = "produced"
methods.1.outcome.report.profile.java_release = 8
methods.1.outcome.report.profile.layout.kind = "generic"
methods.1.outcome.report.profile.multi_release.kind = "disabled"
methods.1.outcome.report.quality = "fallback"
methods.1.outcome.report.regions = []
methods.1.outcome.report.representation = "mixed"
methods.1.outcome.report.rules = []
methods.1.outcome.report.semantic_validation = "unproven"
methods.1.outcome.report.source_map.segments = []
methods.1.outcome.report.syntax_status = "not_java"
methods.1.outcome.report.text = "// @method event(Ljava/lang/String;)V\n// @declaration a static method of `AnonymousSuperArgs`, member flags 0x0008\n// recovered from bytecode; presentation is not claimed to compile\n{\n    if (AnonymousSuperArgs.EVENTS.length() != 0) {\n        AnonymousSuperArgs.EVENTS.append('|');\n        // @bytecode 17\n        // the instruction at BCI 17 is not part of the provable subset\n    }\n    AnonymousSuperArgs.EVENTS.append(arg0);\n    return;\n}\n"
methods.1.outcome.report.verification = "not_performed"
methods.1.parameter_annotations.attributes = []
methods.1.parameter_annotations.refusals = []
methods.1.parameter_annotations.uses_by_position = [[]]
methods.1.text = "    static void event(java.lang.String arg0) {\n        // @method event(Ljava/lang/String;)V\n        // @declaration a static method of `AnonymousSuperArgs`, member flags 0x0008\n        // recovered from bytecode; presentation is not claimed to compile\n        if (AnonymousSuperArgs.EVENTS.length() != 0) {\n            AnonymousSuperArgs.EVENTS.append('|');\n            // @bytecode 17\n            // the instruction at BCI 17 is not part of the provable subset\n        }\n        AnonymousSuperArgs.EVENTS.append(arg0);\n        return;\n    }\n"
methods.1.type_annotations.attributes = []
methods.1.type_annotations.field_uses = []
methods.1.type_annotations.parameter_uses = [[]]
methods.1.type_annotations.refusals = []
methods.1.type_annotations.return_uses = []
methods.2.annotations.attributes = []
methods.2.annotations.refusals = []
methods.2.annotations.uses = []
methods.2.declaration = "private static java.lang.String text(java.lang.String arg0, java.lang.String arg1)"
methods.2.item.access_flags = 10
methods.2.item.body.content_span.length = 36
methods.2.item.body.content_span.start = 1043
methods.2.item.body.kind = "code_attribute"
methods.2.item.descriptor.escaped = "(Ljava/lang/String;Ljava/lang/String;)Ljava/lang/String;"
methods.2.item.descriptor.raw = [40,76,106,97,118,97,47,108,97,110,103,47,83,116,114,105,110,103,59,76,106,97,118,97,47,108,97,110,103,47,83,116,114,105,110,103,59,41,76,106,97,118,97,47,108,97,110,103,47,83,116,114,105,110,103,59]
methods.2.item.descriptor.utf16 = [40,76,106,97,118,97,47,108,97,110,103,47,83,116,114,105,110,103,59,76,106,97,118,97,47,108,97,110,103,47,83,116,114,105,110,103,59,41,76,106,97,118,97,47,108,97,110,103,47,83,116,114,105,110,103,59]
methods.2.item.identity.descriptor = [40,76,106,97,118,97,47,108,97,110,103,47,83,116,114,105,110,103,59,76,106,97,118,97,47,108,97,110,103,47,83,116,114,105,110,103,59,41,76,106,97,118,97,47,108,97,110,103,47,83,116,114,105,110,103,59]
methods.2.item.identity.name = [116,101,120,116]
methods.2.item.identity.owner.class_bytes.digest = "dec2f64abd26ec9435c39927a9e7694207f04abc99d2f0f416da2ce9e93d7d82"
methods.2.item.identity.owner.class_bytes.length = 1261
methods.2.item.identity.owner.location.entry.ordinal = 3
methods.2.item.identity.owner.location.entry.origin.root_container = "root"
methods.2.item.identity.owner.location.entry.origin.snapshot = "e371304a7fe58cc0f00d248c684713fc0deac6bdae8073b99697cdfb45299986"
methods.2.item.identity.owner.location.entry.origin.steps = []
methods.2.item.identity.owner.location.entry.raw_name = [65,110,111,110,121,109,111,117,115,83,117,112,101,114,65,114,103,115,46,99,108,97,115,115]
methods.2.item.identity.owner.location.kind = "archive_entry"
methods.2.item.identity.owner.variant.kind = "base"
methods.2.item.index = 2
methods.2.item.name.escaped = "text"
methods.2.item.name.raw = [116,101,120,116]
methods.2.item.name.utf16 = [116,101,120,116]
methods.2.markers = []
methods.2.no_body_kind = null
methods.2.outcome.analysis.diagnostics = 0
methods.2.outcome.analysis.execution.status = "complete"
methods.2.outcome.analysis.execution.usage.analysis_steps = 246
methods.2.outcome.analysis.execution.usage.archive_entries = 14
methods.2.outcome.analysis.execution.usage.attribute_bytes = 685
methods.2.outcome.analysis.execution.usage.class_bytes = 2522
methods.2.outcome.analysis.execution.usage.class_headers = 1
methods.2.outcome.analysis.execution.usage.code_bytes = 56
methods.2.outcome.analysis.execution.usage.dependency_depth = 0
methods.2.outcome.analysis.execution.usage.elapsed_millis = 33
methods.2.outcome.analysis.execution.usage.entry_bytes = 1261
methods.2.outcome.analysis.execution.usage.input_bytes = 2149
methods.2.outcome.analysis.execution.usage.ir_edges = 37
methods.2.outcome.analysis.execution.usage.ir_items = 543
methods.2.outcome.analysis.execution.usage.method_bodies = 3
methods.2.outcome.analysis.execution.usage.nested_depth = 0
methods.2.outcome.analysis.execution.usage.normalization_clones = 0
methods.2.outcome.analysis.execution.usage.output_bytes = 634
methods.2.outcome.analysis.execution.usage.read_bytes = 673
methods.2.outcome.analysis.execution.usage.result_items = 28
methods.2.outcome.kind = "recovered"
methods.2.outcome.report.accessors = []
methods.2.outcome.report.aliased_names = []
methods.2.outcome.report.artifact.agreement.state = "not_stated"
methods.2.outcome.report.artifact.binding.engine = "0.1.0"
methods.2.outcome.report.artifact.binding.environment.content = ["e371304a7fe58cc0f00d248c684713fc0deac6bdae8073b99697cdfb45299986"]
methods.2.outcome.report.artifact.binding.environment.domain_loaders = ["app"]
methods.2.outcome.report.artifact.binding.environment.providers = []
methods.2.outcome.report.artifact.binding.environment.runtime.load_domain.delegation.kind = "parent_first"
methods.2.outcome.report.artifact.binding.environment.runtime.load_domain.external_override = "none"
methods.2.outcome.report.artifact.binding.environment.runtime.load_domain.loader = "app"
methods.2.outcome.report.artifact.binding.environment.runtime.load_domain.module_mode.kind = "class_path"
methods.2.outcome.report.artifact.binding.environment.runtime.load_domain.parent_loader = null
methods.2.outcome.report.artifact.binding.environment.runtime.load_domain.roots.0.kind = "container"
methods.2.outcome.report.artifact.binding.environment.runtime.load_domain.roots.0.origin.root_container = "root"
methods.2.outcome.report.artifact.binding.environment.runtime.load_domain.roots.0.origin.snapshot = "e371304a7fe58cc0f00d248c684713fc0deac6bdae8073b99697cdfb45299986"
methods.2.outcome.report.artifact.binding.environment.runtime.load_domain.roots.0.origin.steps = []
methods.2.outcome.report.artifact.binding.environment.runtime.load_domain.roots.0.prefix = []
methods.2.outcome.report.artifact.binding.environment.runtime.load_domain.runtime_transformation = "none"
methods.2.outcome.report.artifact.binding.environment.runtime.physical.scope.kind = "snapshot_all"
methods.2.outcome.report.artifact.binding.environment.runtime.physical.snapshot = "e371304a7fe58cc0f00d248c684713fc0deac6bdae8073b99697cdfb45299986"
methods.2.outcome.report.artifact.binding.environment.runtime.profile.java_release = 8
methods.2.outcome.report.artifact.binding.environment.runtime.profile.layout.kind = "generic"
methods.2.outcome.report.artifact.binding.environment.runtime.profile.multi_release.kind = "disabled"
methods.2.outcome.report.artifact.binding.member_ordinal = 2
methods.2.outcome.report.artifact.binding.method.descriptor = [40,76,106,97,118,97,47,108,97,110,103,47,83,116,114,105,110,103,59,76,106,97,118,97,47,108,97,110,103,47,83,116,114,105,110,103,59,41,76,106,97,118,97,47,108,97,110,103,47,83,116,114,105,110,103,59]
methods.2.outcome.report.artifact.binding.method.name = [116,101,120,116]
methods.2.outcome.report.artifact.binding.method.owner.class_bytes.digest = "dec2f64abd26ec9435c39927a9e7694207f04abc99d2f0f416da2ce9e93d7d82"
methods.2.outcome.report.artifact.binding.method.owner.class_bytes.length = 1261
methods.2.outcome.report.artifact.binding.method.owner.location.entry.ordinal = 3
methods.2.outcome.report.artifact.binding.method.owner.location.entry.origin.root_container = "root"
methods.2.outcome.report.artifact.binding.method.owner.location.entry.origin.snapshot = "e371304a7fe58cc0f00d248c684713fc0deac6bdae8073b99697cdfb45299986"
methods.2.outcome.report.artifact.binding.method.owner.location.entry.origin.steps = []
methods.2.outcome.report.artifact.binding.method.owner.location.entry.raw_name = [65,110,111,110,121,109,111,117,115,83,117,112,101,114,65,114,103,115,46,99,108,97,115,115]
methods.2.outcome.report.artifact.binding.method.owner.location.kind = "archive_entry"
methods.2.outcome.report.artifact.binding.method.owner.variant.kind = "base"
methods.2.outcome.report.artifact.binding.profile.java_release = 8
methods.2.outcome.report.artifact.binding.profile.layout.kind = "generic"
methods.2.outcome.report.artifact.binding.profile.multi_release.kind = "disabled"
methods.2.outcome.report.artifact.binding.registry = 71
methods.2.outcome.report.artifact.binding.rules = ["straight@1","if@1","loop@1","switch@1","lambda@1","concat@1","bridge@1","accessor@1","new@1","field@1","enumswitch@1","init@1","declaration@1","twr@1","monitor@1","finally@1"]
methods.2.outcome.report.artifact.binding.schema = 1
methods.2.outcome.report.artifact.binding.text_bytes = 263
methods.2.outcome.report.artifact.binding.text_digest = "0f8a1c1f5c1ead297399d14d891ef05e"
methods.2.outcome.report.bridges = []
methods.2.outcome.report.compile_status = "not_attempted"
methods.2.outcome.report.concats = []
methods.2.outcome.report.content = "contains_statements"
methods.2.outcome.report.declaration = null
methods.2.outcome.report.diagnostics.0.code = "jre_recovery_produced"
methods.2.outcome.report.diagnostics.0.message = "1 region(s), 2 statement(s), 7 segment(s), 263 byte(s) written from 1 canonical block(s)"
methods.2.outcome.report.diagnostics.0.provenance = null
methods.2.outcome.report.diagnostics.0.severity = "info"
methods.2.outcome.report.diagnostics.1.code = "jre_concat_chains"
methods.2.outcome.report.diagnostics.1.message = "1 concatenation candidate(s) read under concat@1: 1 presented, 0 refused"
methods.2.outcome.report.diagnostics.1.provenance = null
methods.2.outcome.report.diagnostics.1.severity = "info"
methods.2.outcome.report.diagnostics.2.code = "jre_declaration"
methods.2.outcome.report.diagnostics.2.message = "the artifact's envelope states the member's declaration under declaration@1: a static method"
methods.2.outcome.report.diagnostics.2.provenance = null
methods.2.outcome.report.diagnostics.2.severity = "info"
methods.2.outcome.report.enum_switches = []
methods.2.outcome.report.evidence.categories.0.kind = "source_map"
methods.2.outcome.report.evidence.categories.0.state.state = "not_requested"
methods.2.outcome.report.evidence.categories.1.kind = "region_details"
methods.2.outcome.report.evidence.categories.1.state.state = "not_requested"
methods.2.outcome.report.evidence.categories.2.kind = "rule_details"
methods.2.outcome.report.evidence.categories.2.state.state = "not_requested"
methods.2.outcome.report.evidence.categories.3.kind = "name_details"
methods.2.outcome.report.evidence.categories.3.state.state = "not_requested"
methods.2.outcome.report.evidence.categories.4.kind = "read_details"
methods.2.outcome.report.evidence.categories.4.state.state = "not_requested"
methods.2.outcome.report.evidence.requested.driver_bci_range = null
methods.2.outcome.report.evidence.requested.expected_artifact = null
methods.2.outcome.report.evidence.requested.kinds = []
methods.2.outcome.report.execution.status = "complete"
methods.2.outcome.report.execution.usage.analysis_steps = 274
methods.2.outcome.report.execution.usage.archive_entries = 14
methods.2.outcome.report.execution.usage.attribute_bytes = 685
methods.2.outcome.report.execution.usage.class_bytes = 2522
methods.2.outcome.report.execution.usage.class_headers = 1
methods.2.outcome.report.execution.usage.code_bytes = 56
methods.2.outcome.report.execution.usage.dependency_depth = 0
methods.2.outcome.report.execution.usage.elapsed_millis = 33
methods.2.outcome.report.execution.usage.entry_bytes = 1261
methods.2.outcome.report.execution.usage.input_bytes = 2149
methods.2.outcome.report.execution.usage.ir_edges = 37
methods.2.outcome.report.execution.usage.ir_items = 591
methods.2.outcome.report.execution.usage.method_bodies = 3
methods.2.outcome.report.execution.usage.nested_depth = 0
methods.2.outcome.report.execution.usage.normalization_clones = 0
methods.2.outcome.report.execution.usage.output_bytes = 897
methods.2.outcome.report.execution.usage.read_bytes = 673
methods.2.outcome.report.execution.usage.result_items = 28
methods.2.outcome.report.fallbacks = []
methods.2.outcome.report.fields = []
methods.2.outcome.report.init = null
methods.2.outcome.report.lambdas = []
methods.2.outcome.report.method = "text(Ljava/lang/String;Ljava/lang/String;)Ljava/lang/String;"
methods.2.outcome.report.news = []
methods.2.outcome.report.outcome = "produced"
methods.2.outcome.report.profile.java_release = 8
methods.2.outcome.report.profile.layout.kind = "generic"
methods.2.outcome.report.profile.multi_release.kind = "disabled"
methods.2.outcome.report.quality = "structured"
methods.2.outcome.report.regions = []
methods.2.outcome.report.representation = "java"
methods.2.outcome.report.rules = []
methods.2.outcome.report.semantic_validation = "unproven"
methods.2.outcome.report.source_map.segments = []
methods.2.outcome.report.syntax_status = "unchecked"
methods.2.outcome.report.text = "// @method text(Ljava/lang/String;Ljava/lang/String;)Ljava/lang/String;\n// @declaration a static method of `AnonymousSuperArgs`, member flags 0x000a\n// recovered from bytecode; presentation is not claimed to compile\n{\n    event(\"arg:\" + arg0);\n    return arg1;\n}\n"
methods.2.outcome.report.verification = "not_performed"
methods.2.parameter_annotations.attributes = []
methods.2.parameter_annotations.refusals = []
methods.2.parameter_annotations.uses_by_position = [[],[]]
methods.2.text = "    private static java.lang.String text(java.lang.String arg0, java.lang.String arg1) {\n        // @method text(Ljava/lang/String;Ljava/lang/String;)Ljava/lang/String;\n        // @declaration a static method of `AnonymousSuperArgs`, member flags 0x000a\n        // recovered from bytecode; presentation is not claimed to compile\n        event(\"arg:\" + arg0);\n        return arg1;\n    }\n"
methods.2.type_annotations.attributes = []
methods.2.type_annotations.field_uses = []
methods.2.type_annotations.parameter_uses = [[],[]]
methods.2.type_annotations.refusals = []
methods.2.type_annotations.return_uses = []
methods.3.annotations.attributes = []
methods.3.annotations.refusals = []
methods.3.annotations.uses = []
methods.3.declaration = "private static int number(java.lang.String arg0, int arg1)"
methods.3.item.access_flags = 10
methods.3.item.body.content_span.length = 36
methods.3.item.body.content_span.start = 1093
methods.3.item.body.kind = "code_attribute"
methods.3.item.descriptor.escaped = "(Ljava/lang/String;I)I"
methods.3.item.descriptor.raw = [40,76,106,97,118,97,47,108,97,110,103,47,83,116,114,105,110,103,59,73,41,73]
methods.3.item.descriptor.utf16 = [40,76,106,97,118,97,47,108,97,110,103,47,83,116,114,105,110,103,59,73,41,73]
methods.3.item.identity.descriptor = [40,76,106,97,118,97,47,108,97,110,103,47,83,116,114,105,110,103,59,73,41,73]
methods.3.item.identity.name = [110,117,109,98,101,114]
methods.3.item.identity.owner.class_bytes.digest = "dec2f64abd26ec9435c39927a9e7694207f04abc99d2f0f416da2ce9e93d7d82"
methods.3.item.identity.owner.class_bytes.length = 1261
methods.3.item.identity.owner.location.entry.ordinal = 3
methods.3.item.identity.owner.location.entry.origin.root_container = "root"
methods.3.item.identity.owner.location.entry.origin.snapshot = "e371304a7fe58cc0f00d248c684713fc0deac6bdae8073b99697cdfb45299986"
methods.3.item.identity.owner.location.entry.origin.steps = []
methods.3.item.identity.owner.location.entry.raw_name = [65,110,111,110,121,109,111,117,115,83,117,112,101,114,65,114,103,115,46,99,108,97,115,115]
methods.3.item.identity.owner.location.kind = "archive_entry"
methods.3.item.identity.owner.variant.kind = "base"
methods.3.item.index = 3
methods.3.item.name.escaped = "number"
methods.3.item.name.raw = [110,117,109,98,101,114]
methods.3.item.name.utf16 = [110,117,109,98,101,114]
methods.3.markers = []
methods.3.no_body_kind = null
methods.3.outcome.analysis.diagnostics = 0
methods.3.outcome.analysis.execution.status = "complete"
methods.3.outcome.analysis.execution.usage.analysis_steps = 333
methods.3.outcome.analysis.execution.usage.archive_entries = 14
methods.3.outcome.analysis.execution.usage.attribute_bytes = 727
methods.3.outcome.analysis.execution.usage.class_bytes = 2522
methods.3.outcome.analysis.execution.usage.class_headers = 1
methods.3.outcome.analysis.execution.usage.code_bytes = 80
methods.3.outcome.analysis.execution.usage.dependency_depth = 0
methods.3.outcome.analysis.execution.usage.elapsed_millis = 34
methods.3.outcome.analysis.execution.usage.entry_bytes = 1261
methods.3.outcome.analysis.execution.usage.input_bytes = 2149
methods.3.outcome.analysis.execution.usage.ir_edges = 48
methods.3.outcome.analysis.execution.usage.ir_items = 760
methods.3.outcome.analysis.execution.usage.method_bodies = 4
methods.3.outcome.analysis.execution.usage.nested_depth = 0
methods.3.outcome.analysis.execution.usage.normalization_clones = 0
methods.3.outcome.analysis.execution.usage.output_bytes = 897
methods.3.outcome.analysis.execution.usage.read_bytes = 673
methods.3.outcome.analysis.execution.usage.result_items = 29
methods.3.outcome.kind = "recovered"
methods.3.outcome.report.accessors = []
methods.3.outcome.report.aliased_names = []
methods.3.outcome.report.artifact.agreement.state = "not_stated"
methods.3.outcome.report.artifact.binding.engine = "0.1.0"
methods.3.outcome.report.artifact.binding.environment.content = ["e371304a7fe58cc0f00d248c684713fc0deac6bdae8073b99697cdfb45299986"]
methods.3.outcome.report.artifact.binding.environment.domain_loaders = ["app"]
methods.3.outcome.report.artifact.binding.environment.providers = []
methods.3.outcome.report.artifact.binding.environment.runtime.load_domain.delegation.kind = "parent_first"
methods.3.outcome.report.artifact.binding.environment.runtime.load_domain.external_override = "none"
methods.3.outcome.report.artifact.binding.environment.runtime.load_domain.loader = "app"
methods.3.outcome.report.artifact.binding.environment.runtime.load_domain.module_mode.kind = "class_path"
methods.3.outcome.report.artifact.binding.environment.runtime.load_domain.parent_loader = null
methods.3.outcome.report.artifact.binding.environment.runtime.load_domain.roots.0.kind = "container"
methods.3.outcome.report.artifact.binding.environment.runtime.load_domain.roots.0.origin.root_container = "root"
methods.3.outcome.report.artifact.binding.environment.runtime.load_domain.roots.0.origin.snapshot = "e371304a7fe58cc0f00d248c684713fc0deac6bdae8073b99697cdfb45299986"
methods.3.outcome.report.artifact.binding.environment.runtime.load_domain.roots.0.origin.steps = []
methods.3.outcome.report.artifact.binding.environment.runtime.load_domain.roots.0.prefix = []
methods.3.outcome.report.artifact.binding.environment.runtime.load_domain.runtime_transformation = "none"
methods.3.outcome.report.artifact.binding.environment.runtime.physical.scope.kind = "snapshot_all"
methods.3.outcome.report.artifact.binding.environment.runtime.physical.snapshot = "e371304a7fe58cc0f00d248c684713fc0deac6bdae8073b99697cdfb45299986"
methods.3.outcome.report.artifact.binding.environment.runtime.profile.java_release = 8
methods.3.outcome.report.artifact.binding.environment.runtime.profile.layout.kind = "generic"
methods.3.outcome.report.artifact.binding.environment.runtime.profile.multi_release.kind = "disabled"
methods.3.outcome.report.artifact.binding.member_ordinal = 3
methods.3.outcome.report.artifact.binding.method.descriptor = [40,76,106,97,118,97,47,108,97,110,103,47,83,116,114,105,110,103,59,73,41,73]
methods.3.outcome.report.artifact.binding.method.name = [110,117,109,98,101,114]
methods.3.outcome.report.artifact.binding.method.owner.class_bytes.digest = "dec2f64abd26ec9435c39927a9e7694207f04abc99d2f0f416da2ce9e93d7d82"
methods.3.outcome.report.artifact.binding.method.owner.class_bytes.length = 1261
methods.3.outcome.report.artifact.binding.method.owner.location.entry.ordinal = 3
methods.3.outcome.report.artifact.binding.method.owner.location.entry.origin.root_container = "root"
methods.3.outcome.report.artifact.binding.method.owner.location.entry.origin.snapshot = "e371304a7fe58cc0f00d248c684713fc0deac6bdae8073b99697cdfb45299986"
methods.3.outcome.report.artifact.binding.method.owner.location.entry.origin.steps = []
methods.3.outcome.report.artifact.binding.method.owner.location.entry.raw_name = [65,110,111,110,121,109,111,117,115,83,117,112,101,114,65,114,103,115,46,99,108,97,115,115]
methods.3.outcome.report.artifact.binding.method.owner.location.kind = "archive_entry"
methods.3.outcome.report.artifact.binding.method.owner.variant.kind = "base"
methods.3.outcome.report.artifact.binding.profile.java_release = 8
methods.3.outcome.report.artifact.binding.profile.layout.kind = "generic"
methods.3.outcome.report.artifact.binding.profile.multi_release.kind = "disabled"
methods.3.outcome.report.artifact.binding.registry = 71
methods.3.outcome.report.artifact.binding.rules = ["straight@1","if@1","loop@1","switch@1","lambda@1","concat@1","bridge@1","accessor@1","new@1","field@1","enumswitch@1","init@1","declaration@1","twr@1","monitor@1","finally@1"]
methods.3.outcome.report.artifact.binding.schema = 1
methods.3.outcome.report.artifact.binding.text_bytes = 231
methods.3.outcome.report.artifact.binding.text_digest = "3623f32fe293717cadb6271e8745518a"
methods.3.outcome.report.bridges = []
methods.3.outcome.report.compile_status = "not_attempted"
methods.3.outcome.report.concats = []
methods.3.outcome.report.content = "contains_statements"
methods.3.outcome.report.declaration = null
methods.3.outcome.report.diagnostics.0.code = "jre_recovery_produced"
methods.3.outcome.report.diagnostics.0.message = "1 region(s), 2 statement(s), 7 segment(s), 231 byte(s) written from 1 canonical block(s)"
methods.3.outcome.report.diagnostics.0.provenance = null
methods.3.outcome.report.diagnostics.0.severity = "info"
methods.3.outcome.report.diagnostics.1.code = "jre_concat_chains"
methods.3.outcome.report.diagnostics.1.message = "1 concatenation candidate(s) read under concat@1: 1 presented, 0 refused"
methods.3.outcome.report.diagnostics.1.provenance = null
methods.3.outcome.report.diagnostics.1.severity = "info"
methods.3.outcome.report.diagnostics.2.code = "jre_declaration"
methods.3.outcome.report.diagnostics.2.message = "the artifact's envelope states the member's declaration under declaration@1: a static method"
methods.3.outcome.report.diagnostics.2.provenance = null
methods.3.outcome.report.diagnostics.2.severity = "info"
methods.3.outcome.report.enum_switches = []
methods.3.outcome.report.evidence.categories.0.kind = "source_map"
methods.3.outcome.report.evidence.categories.0.state.state = "not_requested"
methods.3.outcome.report.evidence.categories.1.kind = "region_details"
methods.3.outcome.report.evidence.categories.1.state.state = "not_requested"
methods.3.outcome.report.evidence.categories.2.kind = "rule_details"
methods.3.outcome.report.evidence.categories.2.state.state = "not_requested"
methods.3.outcome.report.evidence.categories.3.kind = "name_details"
methods.3.outcome.report.evidence.categories.3.state.state = "not_requested"
methods.3.outcome.report.evidence.categories.4.kind = "read_details"
methods.3.outcome.report.evidence.categories.4.state.state = "not_requested"
methods.3.outcome.report.evidence.requested.driver_bci_range = null
methods.3.outcome.report.evidence.requested.expected_artifact = null
methods.3.outcome.report.evidence.requested.kinds = []
methods.3.outcome.report.execution.status = "complete"
methods.3.outcome.report.execution.usage.analysis_steps = 361
methods.3.outcome.report.execution.usage.archive_entries = 14
methods.3.outcome.report.execution.usage.attribute_bytes = 727
methods.3.outcome.report.execution.usage.class_bytes = 2522
methods.3.outcome.report.execution.usage.class_headers = 1
methods.3.outcome.report.execution.usage.code_bytes = 80
methods.3.outcome.report.execution.usage.dependency_depth = 0
methods.3.outcome.report.execution.usage.elapsed_millis = 34
methods.3.outcome.report.execution.usage.entry_bytes = 1261
methods.3.outcome.report.execution.usage.input_bytes = 2149
methods.3.outcome.report.execution.usage.ir_edges = 48
methods.3.outcome.report.execution.usage.ir_items = 808
methods.3.outcome.report.execution.usage.method_bodies = 4
methods.3.outcome.report.execution.usage.nested_depth = 0
methods.3.outcome.report.execution.usage.normalization_clones = 0
methods.3.outcome.report.execution.usage.output_bytes = 1128
methods.3.outcome.report.execution.usage.read_bytes = 673
methods.3.outcome.report.execution.usage.result_items = 29
methods.3.outcome.report.fallbacks = []
methods.3.outcome.report.fields = []
methods.3.outcome.report.init = null
methods.3.outcome.report.lambdas = []
methods.3.outcome.report.method = "number(Ljava/lang/String;I)I"
methods.3.outcome.report.news = []
methods.3.outcome.report.outcome = "produced"
methods.3.outcome.report.profile.java_release = 8
methods.3.outcome.report.profile.layout.kind = "generic"
methods.3.outcome.report.profile.multi_release.kind = "disabled"
methods.3.outcome.report.quality = "structured"
methods.3.outcome.report.regions = []
methods.3.outcome.report.representation = "java"
methods.3.outcome.report.rules = []
methods.3.outcome.report.semantic_validation = "unproven"
methods.3.outcome.report.source_map.segments = []
methods.3.outcome.report.syntax_status = "unchecked"
methods.3.outcome.report.text = "// @method number(Ljava/lang/String;I)I\n// @declaration a static method of `AnonymousSuperArgs`, member flags 0x000a\n// recovered from bytecode; presentation is not claimed to compile\n{\n    event(\"arg:\" + arg0);\n    return arg1;\n}\n"
methods.3.outcome.report.verification = "not_performed"
methods.3.parameter_annotations.attributes = []
methods.3.parameter_annotations.refusals = []
methods.3.parameter_annotations.uses_by_position = [[],[]]
methods.3.text = "    private static int number(java.lang.String arg0, int arg1) {\n        // @method number(Ljava/lang/String;I)I\n        // @declaration a static method of `AnonymousSuperArgs`, member flags 0x000a\n        // recovered from bytecode; presentation is not claimed to compile\n        event(\"arg:\" + arg0);\n        return arg1;\n    }\n"
methods.3.type_annotations.attributes = []
methods.3.type_annotations.field_uses = []
methods.3.type_annotations.parameter_uses = [[],[]]
methods.3.type_annotations.refusals = []
methods.3.type_annotations.return_uses = []
methods.4.annotations.attributes = []
methods.4.annotations.refusals = []
methods.4.annotations.uses = []
methods.4.declaration = "public static void main(java.lang.String[] arg0)"
methods.4.item.access_flags = 9
methods.4.item.body.content_span.length = 63
methods.4.item.body.content_span.start = 1143
methods.4.item.body.kind = "code_attribute"
methods.4.item.descriptor.escaped = "([Ljava/lang/String;)V"
methods.4.item.descriptor.raw = [40,91,76,106,97,118,97,47,108,97,110,103,47,83,116,114,105,110,103,59,41,86]
methods.4.item.descriptor.utf16 = [40,91,76,106,97,118,97,47,108,97,110,103,47,83,116,114,105,110,103,59,41,86]
methods.4.item.identity.descriptor = [40,91,76,106,97,118,97,47,108,97,110,103,47,83,116,114,105,110,103,59,41,86]
methods.4.item.identity.name = [109,97,105,110]
methods.4.item.identity.owner.class_bytes.digest = "dec2f64abd26ec9435c39927a9e7694207f04abc99d2f0f416da2ce9e93d7d82"
methods.4.item.identity.owner.class_bytes.length = 1261
methods.4.item.identity.owner.location.entry.ordinal = 3
methods.4.item.identity.owner.location.entry.origin.root_container = "root"
methods.4.item.identity.owner.location.entry.origin.snapshot = "e371304a7fe58cc0f00d248c684713fc0deac6bdae8073b99697cdfb45299986"
methods.4.item.identity.owner.location.entry.origin.steps = []
methods.4.item.identity.owner.location.entry.raw_name = [65,110,111,110,121,109,111,117,115,83,117,112,101,114,65,114,103,115,46,99,108,97,115,115]
methods.4.item.identity.owner.location.kind = "archive_entry"
methods.4.item.identity.owner.variant.kind = "base"
methods.4.item.index = 4
methods.4.item.name.escaped = "main"
methods.4.item.name.raw = [109,97,105,110]
methods.4.item.name.utf16 = [109,97,105,110]
methods.4.markers = []
methods.4.no_body_kind = null
methods.4.outcome.analysis.diagnostics = 0
methods.4.outcome.analysis.execution.status = "complete"
methods.4.outcome.analysis.execution.usage.analysis_steps = 477
methods.4.outcome.analysis.execution.usage.archive_entries = 14
methods.4.outcome.analysis.execution.usage.attribute_bytes = 796
methods.4.outcome.analysis.execution.usage.class_bytes = 2522
methods.4.outcome.analysis.execution.usage.class_headers = 1
methods.4.outcome.analysis.execution.usage.code_bytes = 131
methods.4.outcome.analysis.execution.usage.dependency_depth = 0
methods.4.outcome.analysis.execution.usage.elapsed_millis = 34
methods.4.outcome.analysis.execution.usage.entry_bytes = 1261
methods.4.outcome.analysis.execution.usage.input_bytes = 2149
methods.4.outcome.analysis.execution.usage.ir_edges = 68
methods.4.outcome.analysis.execution.usage.ir_items = 1127
methods.4.outcome.analysis.execution.usage.method_bodies = 5
methods.4.outcome.analysis.execution.usage.nested_depth = 0
methods.4.outcome.analysis.execution.usage.normalization_clones = 0
methods.4.outcome.analysis.execution.usage.output_bytes = 1128
methods.4.outcome.analysis.execution.usage.read_bytes = 673
methods.4.outcome.analysis.execution.usage.result_items = 30
methods.4.outcome.kind = "recovered"
methods.4.outcome.report.accessors = []
methods.4.outcome.report.aliased_names = []
methods.4.outcome.report.artifact.agreement.state = "not_stated"
methods.4.outcome.report.artifact.binding.engine = "0.1.0"
methods.4.outcome.report.artifact.binding.environment.content = ["e371304a7fe58cc0f00d248c684713fc0deac6bdae8073b99697cdfb45299986"]
methods.4.outcome.report.artifact.binding.environment.domain_loaders = ["app"]
methods.4.outcome.report.artifact.binding.environment.providers = []
methods.4.outcome.report.artifact.binding.environment.runtime.load_domain.delegation.kind = "parent_first"
methods.4.outcome.report.artifact.binding.environment.runtime.load_domain.external_override = "none"
methods.4.outcome.report.artifact.binding.environment.runtime.load_domain.loader = "app"
methods.4.outcome.report.artifact.binding.environment.runtime.load_domain.module_mode.kind = "class_path"
methods.4.outcome.report.artifact.binding.environment.runtime.load_domain.parent_loader = null
methods.4.outcome.report.artifact.binding.environment.runtime.load_domain.roots.0.kind = "container"
methods.4.outcome.report.artifact.binding.environment.runtime.load_domain.roots.0.origin.root_container = "root"
methods.4.outcome.report.artifact.binding.environment.runtime.load_domain.roots.0.origin.snapshot = "e371304a7fe58cc0f00d248c684713fc0deac6bdae8073b99697cdfb45299986"
methods.4.outcome.report.artifact.binding.environment.runtime.load_domain.roots.0.origin.steps = []
methods.4.outcome.report.artifact.binding.environment.runtime.load_domain.roots.0.prefix = []
methods.4.outcome.report.artifact.binding.environment.runtime.load_domain.runtime_transformation = "none"
methods.4.outcome.report.artifact.binding.environment.runtime.physical.scope.kind = "snapshot_all"
methods.4.outcome.report.artifact.binding.environment.runtime.physical.snapshot = "e371304a7fe58cc0f00d248c684713fc0deac6bdae8073b99697cdfb45299986"
methods.4.outcome.report.artifact.binding.environment.runtime.profile.java_release = 8
methods.4.outcome.report.artifact.binding.environment.runtime.profile.layout.kind = "generic"
methods.4.outcome.report.artifact.binding.environment.runtime.profile.multi_release.kind = "disabled"
methods.4.outcome.report.artifact.binding.member_ordinal = 4
methods.4.outcome.report.artifact.binding.method.descriptor = [40,91,76,106,97,118,97,47,108,97,110,103,47,83,116,114,105,110,103,59,41,86]
methods.4.outcome.report.artifact.binding.method.name = [109,97,105,110]
methods.4.outcome.report.artifact.binding.method.owner.class_bytes.digest = "dec2f64abd26ec9435c39927a9e7694207f04abc99d2f0f416da2ce9e93d7d82"
methods.4.outcome.report.artifact.binding.method.owner.class_bytes.length = 1261
methods.4.outcome.report.artifact.binding.method.owner.location.entry.ordinal = 3
methods.4.outcome.report.artifact.binding.method.owner.location.entry.origin.root_container = "root"
methods.4.outcome.report.artifact.binding.method.owner.location.entry.origin.snapshot = "e371304a7fe58cc0f00d248c684713fc0deac6bdae8073b99697cdfb45299986"
methods.4.outcome.report.artifact.binding.method.owner.location.entry.origin.steps = []
methods.4.outcome.report.artifact.binding.method.owner.location.entry.raw_name = [65,110,111,110,121,109,111,117,115,83,117,112,101,114,65,114,103,115,46,99,108,97,115,115]
methods.4.outcome.report.artifact.binding.method.owner.location.kind = "archive_entry"
methods.4.outcome.report.artifact.binding.method.owner.variant.kind = "base"
methods.4.outcome.report.artifact.binding.profile.java_release = 8
methods.4.outcome.report.artifact.binding.profile.layout.kind = "generic"
methods.4.outcome.report.artifact.binding.profile.multi_release.kind = "disabled"
methods.4.outcome.report.artifact.binding.registry = 71
methods.4.outcome.report.artifact.binding.rules = ["straight@1","if@1","loop@1","switch@1","lambda@1","concat@1","bridge@1","accessor@1","new@1","field@1","enumswitch@1","init@1","declaration@1","twr@1","monitor@1","finally@1"]
methods.4.outcome.report.artifact.binding.schema = 1
methods.4.outcome.report.artifact.binding.text_bytes = 554
methods.4.outcome.report.artifact.binding.text_digest = "ac48dac3afecd39c03fe6a7815ff850b"
methods.4.outcome.report.bridges = []
methods.4.outcome.report.compile_status = "not_attempted"
methods.4.outcome.report.concats = []
methods.4.outcome.report.content = "contains_statements"
methods.4.outcome.report.declaration = null
methods.4.outcome.report.diagnostics.0.code = "jre_recovery_produced"
methods.4.outcome.report.diagnostics.0.message = "1 region(s), 5 statement(s), 29 segment(s), 554 byte(s) written from 1 canonical block(s)"
methods.4.outcome.report.diagnostics.0.provenance = null
methods.4.outcome.report.diagnostics.0.severity = "info"
methods.4.outcome.report.diagnostics.1.code = "jre_new_sites"
methods.4.outcome.report.diagnostics.1.message = "1 construction candidate(s) read under new@1: 1 presented as `new`, 0 refused"
methods.4.outcome.report.diagnostics.1.provenance = null
methods.4.outcome.report.diagnostics.1.severity = "info"
methods.4.outcome.report.diagnostics.2.code = "jre_field_accesses"
methods.4.outcome.report.diagnostics.2.message = "3 field instruction(s) read under field@1: 3 presented, 0 refused"
methods.4.outcome.report.diagnostics.2.provenance = null
methods.4.outcome.report.diagnostics.2.severity = "info"
methods.4.outcome.report.diagnostics.3.code = "jre_declaration"
methods.4.outcome.report.diagnostics.3.message = "the artifact's envelope states the member's declaration under declaration@1: a static method"
methods.4.outcome.report.diagnostics.3.provenance = null
methods.4.outcome.report.diagnostics.3.severity = "info"
methods.4.outcome.report.enum_switches = []
methods.4.outcome.report.evidence.categories.0.kind = "source_map"
methods.4.outcome.report.evidence.categories.0.state.state = "not_requested"
methods.4.outcome.report.evidence.categories.1.kind = "region_details"
methods.4.outcome.report.evidence.categories.1.state.state = "not_requested"
methods.4.outcome.report.evidence.categories.2.kind = "rule_details"
methods.4.outcome.report.evidence.categories.2.state.state = "not_requested"
methods.4.outcome.report.evidence.categories.3.kind = "name_details"
methods.4.outcome.report.evidence.categories.3.state.state = "not_requested"
methods.4.outcome.report.evidence.categories.4.kind = "read_details"
methods.4.outcome.report.evidence.categories.4.state.state = "not_requested"
methods.4.outcome.report.evidence.requested.driver_bci_range = null
methods.4.outcome.report.evidence.requested.expected_artifact = null
methods.4.outcome.report.evidence.requested.kinds = []
methods.4.outcome.report.execution.status = "complete"
methods.4.outcome.report.execution.usage.analysis_steps = 549
methods.4.outcome.report.execution.usage.archive_entries = 20
methods.4.outcome.report.execution.usage.attribute_bytes = 1054
methods.4.outcome.report.execution.usage.class_bytes = 3886
methods.4.outcome.report.execution.usage.class_headers = 2
methods.4.outcome.report.execution.usage.code_bytes = 131
methods.4.outcome.report.execution.usage.dependency_depth = 0
methods.4.outcome.report.execution.usage.elapsed_millis = 36
methods.4.outcome.report.execution.usage.entry_bytes = 2625
methods.4.outcome.report.execution.usage.input_bytes = 2149
methods.4.outcome.report.execution.usage.ir_edges = 68
methods.4.outcome.report.execution.usage.ir_items = 1330
methods.4.outcome.report.execution.usage.method_bodies = 5
methods.4.outcome.report.execution.usage.nested_depth = 0
methods.4.outcome.report.execution.usage.normalization_clones = 0
methods.4.outcome.report.execution.usage.output_bytes = 1682
methods.4.outcome.report.execution.usage.read_bytes = 1465
methods.4.outcome.report.execution.usage.result_items = 37
methods.4.outcome.report.fallbacks = []
methods.4.outcome.report.fields = []
methods.4.outcome.report.init = null
methods.4.outcome.report.lambdas = []
methods.4.outcome.report.method = "main([Ljava/lang/String;)V"
methods.4.outcome.report.news = []
methods.4.outcome.report.outcome = "produced"
methods.4.outcome.report.profile.java_release = 8
methods.4.outcome.report.profile.layout.kind = "generic"
methods.4.outcome.report.profile.multi_release.kind = "disabled"
methods.4.outcome.report.quality = "structured"
methods.4.outcome.report.regions = []
methods.4.outcome.report.representation = "java"
methods.4.outcome.report.rules = []
methods.4.outcome.report.semantic_validation = "unproven"
methods.4.outcome.report.source_map.segments = []
methods.4.outcome.report.syntax_status = "unchecked"
methods.4.outcome.report.text = "// @method main([Ljava/lang/String;)V\n// @declaration a static method of `AnonymousSuperArgs`, member flags 0x0009\n// recovered from bytecode; presentation is not claimed to compile\n{\n    java.lang.String local1 = text(\"capture\", \"captured\");\n    AnonymousSuperArgs$1 local2 = new AnonymousSuperArgs$1((java.lang.String) text(\"super-label\", \"explicit\"), number(\"super-value\", 17), local1);\n    java.lang.System.out.println((java.lang.Object) AnonymousSuperArgs.EVENTS);\n    java.lang.System.out.println((java.lang.String) local2.render());\n    return;\n}\n"
methods.4.outcome.report.verification = "not_performed"
methods.4.parameter_annotations.attributes = []
methods.4.parameter_annotations.refusals = []
methods.4.parameter_annotations.uses_by_position = [[]]
methods.4.text = "    public static void main(java.lang.String[] arg0) {\n        // @method main([Ljava/lang/String;)V\n        // @declaration a static method of `AnonymousSuperArgs`, member flags 0x0009\n        // recovered from bytecode; presentation is not claimed to compile\n        java.lang.String local1 = text(\"capture\", \"captured\");\n        AnonymousSuperArgs$1 local2 = new AnonymousSuperArgs$1((java.lang.String) text(\"super-label\", \"explicit\"), number(\"super-value\", 17), local1);\n        java.lang.System.out.println((java.lang.Object) AnonymousSuperArgs.EVENTS);\n        java.lang.System.out.println((java.lang.String) local2.render());\n        return;\n    }\n"
methods.4.type_annotations.attributes = []
methods.4.type_annotations.field_uses = []
methods.4.type_annotations.parameter_uses = [[]]
methods.4.type_annotations.refusals = []
methods.4.type_annotations.return_uses = []
methods.5.annotations.attributes = []
methods.5.annotations.refusals = []
methods.5.annotations.uses = []
methods.5.declaration = "static"
methods.5.item.access_flags = 8
methods.5.item.body.content_span.length = 23
methods.5.item.body.content_span.start = 1220
methods.5.item.body.kind = "code_attribute"
methods.5.item.descriptor.escaped = "()V"
methods.5.item.descriptor.raw = [40,41,86]
methods.5.item.descriptor.utf16 = [40,41,86]
methods.5.item.identity.descriptor = [40,41,86]
methods.5.item.identity.name = [60,99,108,105,110,105,116,62]
methods.5.item.identity.owner.class_bytes.digest = "dec2f64abd26ec9435c39927a9e7694207f04abc99d2f0f416da2ce9e93d7d82"
methods.5.item.identity.owner.class_bytes.length = 1261
methods.5.item.identity.owner.location.entry.ordinal = 3
methods.5.item.identity.owner.location.entry.origin.root_container = "root"
methods.5.item.identity.owner.location.entry.origin.snapshot = "e371304a7fe58cc0f00d248c684713fc0deac6bdae8073b99697cdfb45299986"
methods.5.item.identity.owner.location.entry.origin.steps = []
methods.5.item.identity.owner.location.entry.raw_name = [65,110,111,110,121,109,111,117,115,83,117,112,101,114,65,114,103,115,46,99,108,97,115,115]
methods.5.item.identity.owner.location.kind = "archive_entry"
methods.5.item.identity.owner.variant.kind = "base"
methods.5.item.index = 5
methods.5.item.name.escaped = "<clinit>"
methods.5.item.name.raw = [60,99,108,105,110,105,116,62]
methods.5.item.name.utf16 = [60,99,108,105,110,105,116,62]
methods.5.markers = []
methods.5.no_body_kind = null
methods.5.outcome.analysis.diagnostics = 0
methods.5.outcome.analysis.execution.status = "complete"
methods.5.outcome.analysis.execution.usage.analysis_steps = 580
methods.5.outcome.analysis.execution.usage.archive_entries = 20
methods.5.outcome.analysis.execution.usage.attribute_bytes = 1083
methods.5.outcome.analysis.execution.usage.class_bytes = 3886
methods.5.outcome.analysis.execution.usage.class_headers = 2
methods.5.outcome.analysis.execution.usage.code_bytes = 142
methods.5.outcome.analysis.execution.usage.dependency_depth = 0
methods.5.outcome.analysis.execution.usage.elapsed_millis = 36
methods.5.outcome.analysis.execution.usage.entry_bytes = 2625
methods.5.outcome.analysis.execution.usage.input_bytes = 2149
methods.5.outcome.analysis.execution.usage.ir_edges = 71
methods.5.outcome.analysis.execution.usage.ir_items = 1392
methods.5.outcome.analysis.execution.usage.method_bodies = 6
methods.5.outcome.analysis.execution.usage.nested_depth = 0
methods.5.outcome.analysis.execution.usage.normalization_clones = 0
methods.5.outcome.analysis.execution.usage.output_bytes = 1682
methods.5.outcome.analysis.execution.usage.read_bytes = 1465
methods.5.outcome.analysis.execution.usage.result_items = 38
methods.5.outcome.kind = "recovered"
methods.5.outcome.report.accessors = []
methods.5.outcome.report.aliased_names = []
methods.5.outcome.report.artifact.agreement.state = "not_stated"
methods.5.outcome.report.artifact.binding.engine = "0.1.0"
methods.5.outcome.report.artifact.binding.environment.content = ["e371304a7fe58cc0f00d248c684713fc0deac6bdae8073b99697cdfb45299986"]
methods.5.outcome.report.artifact.binding.environment.domain_loaders = ["app"]
methods.5.outcome.report.artifact.binding.environment.providers = []
methods.5.outcome.report.artifact.binding.environment.runtime.load_domain.delegation.kind = "parent_first"
methods.5.outcome.report.artifact.binding.environment.runtime.load_domain.external_override = "none"
methods.5.outcome.report.artifact.binding.environment.runtime.load_domain.loader = "app"
methods.5.outcome.report.artifact.binding.environment.runtime.load_domain.module_mode.kind = "class_path"
methods.5.outcome.report.artifact.binding.environment.runtime.load_domain.parent_loader = null
methods.5.outcome.report.artifact.binding.environment.runtime.load_domain.roots.0.kind = "container"
methods.5.outcome.report.artifact.binding.environment.runtime.load_domain.roots.0.origin.root_container = "root"
methods.5.outcome.report.artifact.binding.environment.runtime.load_domain.roots.0.origin.snapshot = "e371304a7fe58cc0f00d248c684713fc0deac6bdae8073b99697cdfb45299986"
methods.5.outcome.report.artifact.binding.environment.runtime.load_domain.roots.0.origin.steps = []
methods.5.outcome.report.artifact.binding.environment.runtime.load_domain.roots.0.prefix = []
methods.5.outcome.report.artifact.binding.environment.runtime.load_domain.runtime_transformation = "none"
methods.5.outcome.report.artifact.binding.environment.runtime.physical.scope.kind = "snapshot_all"
methods.5.outcome.report.artifact.binding.environment.runtime.physical.snapshot = "e371304a7fe58cc0f00d248c684713fc0deac6bdae8073b99697cdfb45299986"
methods.5.outcome.report.artifact.binding.environment.runtime.profile.java_release = 8
methods.5.outcome.report.artifact.binding.environment.runtime.profile.layout.kind = "generic"
methods.5.outcome.report.artifact.binding.environment.runtime.profile.multi_release.kind = "disabled"
methods.5.outcome.report.artifact.binding.member_ordinal = 5
methods.5.outcome.report.artifact.binding.method.descriptor = [40,41,86]
methods.5.outcome.report.artifact.binding.method.name = [60,99,108,105,110,105,116,62]
methods.5.outcome.report.artifact.binding.method.owner.class_bytes.digest = "dec2f64abd26ec9435c39927a9e7694207f04abc99d2f0f416da2ce9e93d7d82"
methods.5.outcome.report.artifact.binding.method.owner.class_bytes.length = 1261
methods.5.outcome.report.artifact.binding.method.owner.location.entry.ordinal = 3
methods.5.outcome.report.artifact.binding.method.owner.location.entry.origin.root_container = "root"
methods.5.outcome.report.artifact.binding.method.owner.location.entry.origin.snapshot = "e371304a7fe58cc0f00d248c684713fc0deac6bdae8073b99697cdfb45299986"
methods.5.outcome.report.artifact.binding.method.owner.location.entry.origin.steps = []
methods.5.outcome.report.artifact.binding.method.owner.location.entry.raw_name = [65,110,111,110,121,109,111,117,115,83,117,112,101,114,65,114,103,115,46,99,108,97,115,115]
methods.5.outcome.report.artifact.binding.method.owner.location.kind = "archive_entry"
methods.5.outcome.report.artifact.binding.method.owner.variant.kind = "base"
methods.5.outcome.report.artifact.binding.profile.java_release = 8
methods.5.outcome.report.artifact.binding.profile.layout.kind = "generic"
methods.5.outcome.report.artifact.binding.profile.multi_release.kind = "disabled"
methods.5.outcome.report.artifact.binding.registry = 71
methods.5.outcome.report.artifact.binding.rules = ["straight@1","if@1","loop@1","switch@1","lambda@1","concat@1","bridge@1","accessor@1","new@1","field@1","enumswitch@1","init@1","declaration@1","twr@1","monitor@1","finally@1"]
methods.5.outcome.report.artifact.binding.schema = 1
methods.5.outcome.report.artifact.binding.text_bytes = 220
methods.5.outcome.report.artifact.binding.text_digest = "eac2afcd1556b9a5fce5b22182f54e69"
methods.5.outcome.report.bridges = []
methods.5.outcome.report.compile_status = "not_attempted"
methods.5.outcome.report.concats = []
methods.5.outcome.report.content = "contains_statements"
methods.5.outcome.report.declaration = null
methods.5.outcome.report.diagnostics.0.code = "jre_recovery_produced"
methods.5.outcome.report.diagnostics.0.message = "1 region(s), 2 statement(s), 3 segment(s), 220 byte(s) written from 1 canonical block(s)"
methods.5.outcome.report.diagnostics.0.provenance = null
methods.5.outcome.report.diagnostics.0.severity = "info"
methods.5.outcome.report.diagnostics.1.code = "jre_concat_interleaved_effect"
methods.5.outcome.report.diagnostics.1.message = "the concatenation at BCI 0 was not presented: the instruction at BCI 7 is an Field { access: Write, is_static: true, owner: \"AnonymousSuperArgs\", name: \"EVENTS\", descriptor: \"Ljava/lang/StringBuilder;\" } between the chain's own instructions, and presenting the concatenation would write the `append` calls around it: the effect at BCI 7 would run in a different order or a different number of times"
methods.5.outcome.report.diagnostics.1.provenance = null
methods.5.outcome.report.diagnostics.1.severity = "warning"
methods.5.outcome.report.diagnostics.2.code = "jre_concat_chains"
methods.5.outcome.report.diagnostics.2.message = "1 concatenation candidate(s) read under concat@1: 0 presented, 1 refused"
methods.5.outcome.report.diagnostics.2.provenance = null
methods.5.outcome.report.diagnostics.2.severity = "info"
methods.5.outcome.report.diagnostics.3.code = "jre_new_sites"
methods.5.outcome.report.diagnostics.3.message = "1 construction candidate(s) read under new@1: 1 presented as `new`, 0 refused"
methods.5.outcome.report.diagnostics.3.provenance = null
methods.5.outcome.report.diagnostics.3.severity = "info"
methods.5.outcome.report.diagnostics.4.code = "jre_field_accesses"
methods.5.outcome.report.diagnostics.4.message = "1 field instruction(s) read under field@1: 1 presented, 0 refused"
methods.5.outcome.report.diagnostics.4.provenance = null
methods.5.outcome.report.diagnostics.4.severity = "info"
methods.5.outcome.report.diagnostics.5.code = "jre_declaration"
methods.5.outcome.report.diagnostics.5.message = "the artifact's envelope states the member's declaration under declaration@1: a static initializer"
methods.5.outcome.report.diagnostics.5.provenance = null
methods.5.outcome.report.diagnostics.5.severity = "info"
methods.5.outcome.report.enum_switches = []
methods.5.outcome.report.evidence.categories.0.kind = "source_map"
methods.5.outcome.report.evidence.categories.0.state.state = "not_requested"
methods.5.outcome.report.evidence.categories.1.kind = "region_details"
methods.5.outcome.report.evidence.categories.1.state.state = "not_requested"
methods.5.outcome.report.evidence.categories.2.kind = "rule_details"
methods.5.outcome.report.evidence.categories.2.state.state = "not_requested"
methods.5.outcome.report.evidence.categories.3.kind = "name_details"
methods.5.outcome.report.evidence.categories.3.state.state = "not_requested"
methods.5.outcome.report.evidence.categories.4.kind = "read_details"
methods.5.outcome.report.evidence.categories.4.state.state = "not_requested"
methods.5.outcome.report.evidence.requested.driver_bci_range = null
methods.5.outcome.report.evidence.requested.expected_artifact = null
methods.5.outcome.report.evidence.requested.kinds = []
methods.5.outcome.report.execution.status = "complete"
methods.5.outcome.report.execution.usage.analysis_steps = 596
methods.5.outcome.report.execution.usage.archive_entries = 20
methods.5.outcome.report.execution.usage.attribute_bytes = 1083
methods.5.outcome.report.execution.usage.class_bytes = 3886
methods.5.outcome.report.execution.usage.class_headers = 2
methods.5.outcome.report.execution.usage.code_bytes = 142
methods.5.outcome.report.execution.usage.dependency_depth = 0
methods.5.outcome.report.execution.usage.elapsed_millis = 36
methods.5.outcome.report.execution.usage.entry_bytes = 2625
methods.5.outcome.report.execution.usage.input_bytes = 2149
methods.5.outcome.report.execution.usage.ir_edges = 71
methods.5.outcome.report.execution.usage.ir_items = 1427
methods.5.outcome.report.execution.usage.method_bodies = 6
methods.5.outcome.report.execution.usage.nested_depth = 0
methods.5.outcome.report.execution.usage.normalization_clones = 0
methods.5.outcome.report.execution.usage.output_bytes = 1902
methods.5.outcome.report.execution.usage.read_bytes = 1465
methods.5.outcome.report.execution.usage.result_items = 38
methods.5.outcome.report.fallbacks = []
methods.5.outcome.report.fields = []
methods.5.outcome.report.init = null
methods.5.outcome.report.lambdas = []
methods.5.outcome.report.method = "<clinit>()V"
methods.5.outcome.report.news = []
methods.5.outcome.report.outcome = "produced"
methods.5.outcome.report.profile.java_release = 8
methods.5.outcome.report.profile.layout.kind = "generic"
methods.5.outcome.report.profile.multi_release.kind = "disabled"
methods.5.outcome.report.quality = "structured"
methods.5.outcome.report.regions = []
methods.5.outcome.report.representation = "java"
methods.5.outcome.report.rules = []
methods.5.outcome.report.semantic_validation = "unproven"
methods.5.outcome.report.source_map.segments = []
methods.5.outcome.report.syntax_status = "unchecked"
methods.5.outcome.report.text = "// @method <clinit>()V\n// @declaration a static initializer of `AnonymousSuperArgs`, member flags 0x0008\n// recovered from bytecode; presentation is not claimed to compile\n{\n    EVENTS = new java.lang.StringBuilder();\n}\n"
methods.5.outcome.report.verification = "not_performed"
methods.5.parameter_annotations.attributes = []
methods.5.parameter_annotations.refusals = []
methods.5.parameter_annotations.uses_by_position = []
methods.5.text = "    static {\n        // @method <clinit>()V\n        // @declaration a static initializer of `AnonymousSuperArgs`, member flags 0x0008\n        // recovered from bytecode; presentation is not claimed to compile\n        EVENTS = new java.lang.StringBuilder();\n    }\n"
methods.5.type_annotations.attributes = []
methods.5.type_annotations.field_uses = []
methods.5.type_annotations.parameter_uses = []
methods.5.type_annotations.refusals = []
methods.5.type_annotations.return_uses = []
outcome = "performed"
stages = ["raw_facts","raw_cfg","legacy_normalization","canonical_cfg","frame","ssa"]
usage.analysis_steps = 596
usage.archive_entries = 20
usage.attribute_bytes = 1083
usage.class_bytes = 3886
usage.class_headers = 2
usage.code_bytes = 142
usage.dependency_depth = 0
usage.elapsed_millis = 36
usage.entry_bytes = 2625
usage.input_bytes = 2149
usage.ir_edges = 71
usage.ir_items = 1427
usage.method_bodies = 6
usage.nested_depth = 0
usage.normalization_clones = 0
usage.output_bytes = 1902
usage.read_bytes = 1465
usage.result_items = 39
view.scope.kind = "snapshot_all"
view.snapshot = "e371304a7fe58cc0f00d248c684713fc0deac6bdae8073b99697cdfb45299986"
exit=0
