Classfile jar:file:/private/tmp/jarde-generic-call-patrol-v1/results-v3/SameErasureBinder/SameErasureBinder.jar!/SameErasureBinder.class
  Last modified 2026-10-9; size 810 bytes
  MD5 checksum 09b2fc89e94a7fc66af7cde0a0de8832
  Compiled from "SameErasureBinder.java"
public class SameErasureBinder<T extends java.lang.Number & java.lang.Runnable> extends java.lang.Object
  minor version: 0
  major version: 52
  flags: ACC_PUBLIC, ACC_SUPER
Constant pool:
   #1 = Methodref          #4.#27         // java/lang/Object."<init>":()V
   #2 = Methodref          #3.#28         // SameErasureBinder.sink:(Ljava/lang/Number;)Ljava/lang/Number;
   #3 = Class              #29            // SameErasureBinder
   #4 = Class              #30            // java/lang/Object
   #5 = Utf8               <init>
   #6 = Utf8               ()V
   #7 = Utf8               Code
   #8 = Utf8               LineNumberTable
   #9 = Utf8               LocalVariableTable
  #10 = Utf8               this
  #11 = Utf8               LSameErasureBinder;
  #12 = Utf8               LocalVariableTypeTable
  #13 = Utf8               LSameErasureBinder<TT;>;
  #14 = Utf8               sink
  #15 = Utf8               (Ljava/lang/Number;)Ljava/lang/Number;
  #16 = Utf8               x
  #17 = Utf8               Ljava/lang/Number;
  #18 = Utf8               TU;
  #19 = Utf8               Signature
  #20 = Utf8               <U:Ljava/lang/Number;:Ljava/lang/Runnable;>(TU;)TU;
  #21 = Utf8               relay
  #22 = Utf8               TT;
  #23 = Utf8               (TT;)TT;
  #24 = Utf8               <T:Ljava/lang/Number;:Ljava/lang/Runnable;>Ljava/lang/Object;
  #25 = Utf8               SourceFile
  #26 = Utf8               SameErasureBinder.java
  #27 = NameAndType        #5:#6          // "<init>":()V
  #28 = NameAndType        #14:#15        // sink:(Ljava/lang/Number;)Ljava/lang/Number;
  #29 = Utf8               SameErasureBinder
  #30 = Utf8               java/lang/Object
{
  public SameErasureBinder();
    descriptor: ()V
    flags: ACC_PUBLIC
    Code:
      stack=1, locals=1, args_size=1
         0: aload_0
         1: invokespecial #1                  // Method java/lang/Object."<init>":()V
         4: return
      LineNumberTable:
        line 1: 0
      LocalVariableTable:
        Start  Length  Slot  Name   Signature
            0       5     0  this   LSameErasureBinder;
      LocalVariableTypeTable:
        Start  Length  Slot  Name   Signature
            0       5     0  this   LSameErasureBinder<TT;>;

  public <U extends java.lang.Number & java.lang.Runnable> U sink(U);
    descriptor: (Ljava/lang/Number;)Ljava/lang/Number;
    flags: ACC_PUBLIC
    Code:
      stack=1, locals=2, args_size=2
         0: aload_1
         1: areturn
      LineNumberTable:
        line 2: 0
      LocalVariableTable:
        Start  Length  Slot  Name   Signature
            0       2     0  this   LSameErasureBinder;
            0       2     1     x   Ljava/lang/Number;
      LocalVariableTypeTable:
        Start  Length  Slot  Name   Signature
            0       2     0  this   LSameErasureBinder<TT;>;
            0       2     1     x   TU;
    Signature: #20                          // <U:Ljava/lang/Number;:Ljava/lang/Runnable;>(TU;)TU;

  public T relay(T);
    descriptor: (Ljava/lang/Number;)Ljava/lang/Number;
    flags: ACC_PUBLIC
    Code:
      stack=2, locals=2, args_size=2
         0: aload_0
         1: aload_1
         2: invokevirtual #2                  // Method sink:(Ljava/lang/Number;)Ljava/lang/Number;
         5: areturn
      LineNumberTable:
        line 3: 0
      LocalVariableTable:
        Start  Length  Slot  Name   Signature
            0       6     0  this   LSameErasureBinder;
            0       6     1     x   Ljava/lang/Number;
      LocalVariableTypeTable:
        Start  Length  Slot  Name   Signature
            0       6     0  this   LSameErasureBinder<TT;>;
            0       6     1     x   TT;
    Signature: #23                          // (TT;)TT;
}
Signature: #24                          // <T:Ljava/lang/Number;:Ljava/lang/Runnable;>Ljava/lang/Object;
SourceFile: "SameErasureBinder.java"
