   Compiling cfg-if v1.0.4
   Compiling libc v0.2.189
   Compiling proc-macro2 v1.0.107
   Compiling quote v1.0.47
   Compiling unicode-ident v1.0.24
   Compiling bitflags v2.13.2
   Compiling syn v3.0.5
   Compiling find-msvc-tools v0.1.12
   Compiling shlex v2.0.1
   Compiling serde_core v1.0.229
   Compiling cc v1.4.6
   Compiling equivalent v1.0.2
   Compiling hashbrown v0.17.1
   Compiling crc32fast v1.5.2
   Compiling indexmap v2.14.2
   Compiling blake3 v1.8.7
   Compiling getrandom v0.3.4
   Compiling adler2 v2.0.1
   Compiling simd-adler32 v0.3.10
   Compiling thiserror v2.0.20
   Compiling serde v1.0.229
   Compiling miniz_oxide v0.9.1
   Compiling serde_derive v1.0.229
   Compiling thiserror-impl v2.0.20
   Compiling arrayvec v0.7.8
   Compiling constant_time_eq v0.4.2
   Compiling flate2 v1.1.10
   Compiling noak v0.7.0
   Compiling rawzip v0.5.1
   Compiling rustix v1.1.4
   Compiling getrandom v0.4.3
   Compiling zerocopy v0.8.57
   Compiling foldhash v0.1.5
   Compiling hashbrown v0.15.5
   Compiling jarde-reader v0.1.0 (/Users/lordcasser/workspace/projects/jarde/crates/jarde-reader)
   Compiling rand_core v0.9.5
   Compiling errno v0.3.14
   Compiling autocfg v1.5.1
   Compiling fixedbitset v0.5.7
   Compiling petgraph v0.8.3
   Compiling num-traits v0.2.19
   Compiling jarde-query v0.1.0 (/Users/lordcasser/workspace/projects/jarde/crates/jarde-query)
   Compiling once_cell v1.21.4
   Compiling zmij v1.0.23
   Compiling fastrand v2.5.0
   Compiling tempfile v3.27.0
   Compiling ppv-lite86 v0.2.21
   Compiling jarde-jvm v0.1.0 (/Users/lordcasser/workspace/projects/jarde/crates/jarde-jvm)
   Compiling wait-timeout v0.2.1
   Compiling bit-vec v0.8.0
   Compiling quick-error v1.2.3
   Compiling serde_json v1.0.151
   Compiling fnv v1.0.7
   Compiling rusty-fork v0.3.1
   Compiling bit-set v0.8.0
   Compiling jarde-java v0.1.0 (/Users/lordcasser/workspace/projects/jarde/crates/jarde-java)
warning: unreachable pattern
     --> crates/jarde-java/src/build.rs:29898:9
      |
29898 |         Value::Ref(_) | Value::Null => false,
      |         ^^^^^^^^^^^^^ no value can reach this
      |
note: multiple earlier patterns match some of the same values
     --> crates/jarde-java/src/build.rs:29898:9
      |
29893 |         Value::Ref(RefType::Named { .. }) => true,
      |         --------------------------------- matches some of the same values
29894 |         Value::Ref(RefType::Unknown) => {
      |         ---------------------------- matches some of the same values
...
29898 |         Value::Ref(_) | Value::Null => false,
      |         ^^^^^^^^^^^^^ collectively making this unreachable
      = note: `#[warn(unreachable_patterns)]` (part of `#[warn(unused)]`) on by default

warning: `jarde-java` (lib) generated 1 warning
   Compiling rand_chacha v0.9.0
   Compiling rand v0.9.5
   Compiling rand_xorshift v0.4.0
   Compiling itoa v1.0.18
   Compiling unarray v0.1.4
   Compiling regex-syntax v0.8.11
   Compiling memchr v2.8.3
   Compiling proptest v1.11.0
   Compiling jarde v0.1.0 (/Users/lordcasser/workspace/projects/jarde)
    Finished `test` profile [unoptimized + debuginfo] target(s) in 54.18s
     Running tests/p3_reference_slot_lifetimes.rs (target/debug/deps/p3_reference_slot_lifetimes-38c86119bcfdf562)

running 1 test
test all_sixteen_no_debug_classes_keep_each_reference_lifetime_separate ... ok

test result: ok. 1 passed; 0 failed; 0 ignored; 0 measured; 0 filtered out; finished in 0.07s


