
running 1 test
test record_the_billing_table ... // flat-mixed                 one flat archive, four class entries, STORED and DEFLATED alternating
Billing { archive_entries: 8, entry_bytes: 1813, class_bytes: 1813, class_headers: 0, method_bodies: 17, ir_items: 2473, analysis_steps: 1360, result_items: 37, output_bytes: 3657 }
// classes(seen=4 prepared=4 refused=0) methods(declared=18 delivered=18) outcomes(produced=17 explanation_only=0 not_produced=0 refused=0 no_body=1)
// nested-mixed               root classes beside a STORED and a DEFLATED nested container
Billing { archive_entries: 25, entry_bytes: 8061, class_bytes: 2381, class_headers: 0, method_bodies: 26, ir_items: 4298, analysis_steps: 2093, result_items: 64, output_bytes: 5628 }
// classes(seen=5 prepared=5 refused=0) methods(declared=27 delivered=27) outcomes(produced=26 explanation_only=0 not_produced=0 refused=0 no_body=1)
// two-origins-one-identity   the same nested bytes at two origins, one STORED and one DEFLATED
Billing { archive_entries: 43, entry_bytes: 7522, class_bytes: 2686, class_headers: 4, method_bodies: 12, ir_items: 2058, analysis_steps: 1121, result_items: 43, output_bytes: 2638 }
// classes(seen=3 prepared=3 refused=0) methods(declared=16 delivered=16) outcomes(produced=12 explanation_only=0 not_produced=4 refused=0 no_body=0)
// many-method-class          64 generated members in one class beside the widest committed ones (24 and 19): the large M, and the slow consumer's sample
Billing { archive_entries: 6, entry_bytes: 7683, class_bytes: 7683, class_headers: 0, method_bodies: 107, ir_items: 21278, analysis_steps: 10609, result_items: 122, output_bytes: 23333 }
// classes(seen=3 prepared=3 refused=0) methods(declared=107 delivered=107) outcomes(produced=103 explanation_only=4 not_produced=0 refused=0 no_body=0)
// damaged-tail               a truncated class file, a container whose tail is cut and a non-container .jar beside two readable classes
Billing { archive_entries: 17, entry_bytes: 1881, class_bytes: 1019, class_headers: 0, method_bodies: 12, ir_items: 2058, analysis_steps: 1121, result_items: 35, output_bytes: 2638 }
// classes(seen=3 prepared=2 refused=1) methods(declared=12 delivered=12) outcomes(produced=12 explanation_only=0 not_produced=0 refused=0 no_body=0)
// deep-expression            a generated 16-level addition tree and a 64-level one beside the committed nested-evaluation sample
Billing { archive_entries: 4, entry_bytes: 753, class_bytes: 753, class_headers: 0, method_bodies: 7, ir_items: 3213, analysis_steps: 1172, result_items: 18, output_bytes: 1723 }
// classes(seen=2 prepared=2 refused=0) methods(declared=7 delivered=7) outcomes(produced=6 explanation_only=1 not_produced=0 refused=0 no_body=0)
ok

test result: ok. 1 passed; 0 failed; 0 ignored; 0 measured; 5 filtered out; finished in 0.08s

