
running 1 test

ArrayThenList: canonical edges
  0 -> 13 Normal
  13 -> 20 Normal
  13 -> 37 Normal
  20 -> 13 Normal
ArrayThenList: SSA phis
  block=13 slot=Local(0) value=ValueId(1) inputs=[Value(ValueId(0)), Itself] replacement=Some(ValueId(0))
  block=13 slot=Local(1) value=ValueId(2) inputs=[Value(ValueId(8)), Value(ValueId(27))] replacement=None
  block=13 slot=Local(2) value=ValueId(3) inputs=[Value(ValueId(10)), Itself] replacement=Some(ValueId(10))
  block=13 slot=Local(3) value=ValueId(4) inputs=[Value(ValueId(12)), Itself] replacement=Some(ValueId(12))
  block=13 slot=Local(4) value=ValueId(5) inputs=[Value(ValueId(15)), Itself] replacement=Some(ValueId(15))
  block=13 slot=Local(5) value=ValueId(6) inputs=[Value(ValueId(17)), Value(ValueId(28))] replacement=None
ArrayThenList: STORE slot=2 bci=3 block=0 value=ValueId(10) ty=Ref(Named { name: [91, 73], loader: LoaderId("app") }) def=Instruction { block: CanonicalBlockId { bci: 0, path: [] }, bci: 3 } chain=[ValueId(10)]
  chain value=ValueId(10) ty=Ref(Named { name: [91, 73], loader: LoaderId("app") }) def=Instruction { block: CanonicalBlockId { bci: 0, path: [] }, bci: 3 } replaced_by=None
    use value=ValueId(10) block=0 bci=Some(4)
    use value=ValueId(10) block=13 bci=None
ArrayThenList: STORE slot=2 bci=44 block=37 value=ValueId(33) ty=Ref(Named { name: [106, 97, 118, 97, 47, 117, 116, 105, 108, 47, 65, 114, 114, 97, 121, 76, 105, 115, 116], loader: LoaderId("app") }) def=Instruction { block: CanonicalBlockId { bci: 37, path: [] }, bci: 44 } chain=[ValueId(33)]
  chain value=ValueId(33) ty=Ref(Named { name: [106, 97, 118, 97, 47, 117, 116, 105, 108, 47, 65, 114, 114, 97, 121, 76, 105, 115, 116], loader: LoaderId("app") }) def=Instruction { block: CanonicalBlockId { bci: 37, path: [] }, bci: 44 } replaced_by=None
    use value=ValueId(33) block=37 bci=Some(45)
    use value=ValueId(33) block=37 bci=Some(54)
    use value=ValueId(33) block=37 bci=Some(64)
    use value=ValueId(33) block=37 bci=Some(75)
ArrayThenList: READ slot=2 bci=4 block=0 value=ValueId(10) ty=Ref(Named { name: [91, 73], loader: LoaderId("app") }) def=Instruction { block: CanonicalBlockId { bci: 0, path: [] }, bci: 3 } chain=[ValueId(10)] owners=[3]
  read-chain use value=ValueId(10) block=0 bci=Some(4)
  read-chain use value=ValueId(10) block=13 bci=None
ArrayThenList: READ slot=2 bci=45 block=37 value=ValueId(33) ty=Ref(Named { name: [106, 97, 118, 97, 47, 117, 116, 105, 108, 47, 65, 114, 114, 97, 121, 76, 105, 115, 116], loader: LoaderId("app") }) def=Instruction { block: CanonicalBlockId { bci: 37, path: [] }, bci: 44 } chain=[ValueId(33)] owners=[44]
  read-chain use value=ValueId(33) block=37 bci=Some(45)
  read-chain use value=ValueId(33) block=37 bci=Some(54)
  read-chain use value=ValueId(33) block=37 bci=Some(64)
  read-chain use value=ValueId(33) block=37 bci=Some(75)
ArrayThenList: READ slot=2 bci=54 block=37 value=ValueId(33) ty=Ref(Named { name: [106, 97, 118, 97, 47, 117, 116, 105, 108, 47, 65, 114, 114, 97, 121, 76, 105, 115, 116], loader: LoaderId("app") }) def=Instruction { block: CanonicalBlockId { bci: 37, path: [] }, bci: 44 } chain=[ValueId(33)] owners=[44]
  read-chain use value=ValueId(33) block=37 bci=Some(45)
  read-chain use value=ValueId(33) block=37 bci=Some(54)
  read-chain use value=ValueId(33) block=37 bci=Some(64)
  read-chain use value=ValueId(33) block=37 bci=Some(75)
ArrayThenList: READ slot=2 bci=64 block=37 value=ValueId(33) ty=Ref(Named { name: [106, 97, 118, 97, 47, 117, 116, 105, 108, 47, 65, 114, 114, 97, 121, 76, 105, 115, 116], loader: LoaderId("app") }) def=Instruction { block: CanonicalBlockId { bci: 37, path: [] }, bci: 44 } chain=[ValueId(33)] owners=[44]
  read-chain use value=ValueId(33) block=37 bci=Some(45)
  read-chain use value=ValueId(33) block=37 bci=Some(54)
  read-chain use value=ValueId(33) block=37 bci=Some(64)
  read-chain use value=ValueId(33) block=37 bci=Some(75)
ArrayThenList: READ slot=2 bci=75 block=37 value=ValueId(33) ty=Ref(Named { name: [106, 97, 118, 97, 47, 117, 116, 105, 108, 47, 65, 114, 114, 97, 121, 76, 105, 115, 116], loader: LoaderId("app") }) def=Instruction { block: CanonicalBlockId { bci: 37, path: [] }, bci: 44 } chain=[ValueId(33)] owners=[44]
  read-chain use value=ValueId(33) block=37 bci=Some(45)
  read-chain use value=ValueId(33) block=37 bci=Some(54)
  read-chain use value=ValueId(33) block=37 bci=Some(64)
  read-chain use value=ValueId(33) block=37 bci=Some(75)
ArrayThenList: EARLIER-SEGMENT USE block=0 bci=Some(4)
ArrayThenList: EARLIER-SEGMENT USE block=13 bci=None
test root_audits_reference_slot_owners_and_uses ... FAILED

failures:

failures:
    root_audits_reference_slot_owners_and_uses

test result: FAILED. 0 passed; 1 failed; 0 ignored; 0 measured; 0 filtered out; finished in 0.00s

