B:instance:value:-32769:stored:-1
B:instance:value:-32768:stored:0
B:instance:value:-257:stored:-1
B:instance:value:-256:stored:0
B:instance:value:-129:stored:127
B:instance:value:-128:stored:-128
B:instance:value:-2:stored:-2
B:instance:value:-1:stored:-1
B:instance:value:0:stored:0
B:instance:value:1:stored:1
B:instance:value:2:stored:2
B:instance:value:127:stored:127
B:instance:value:128:stored:-128
B:instance:value:255:stored:-1
B:instance:value:256:stored:0
B:instance:value:32767:stored:-1
B:instance:value:32768:stored:0
B:instance:value:65535:stored:-1
B:instance:value:65536:stored:0
B:instance:value:-2147483648:stored:0
B:instance:value:2147483647:stored:-1
B:instance:null:error:java.lang.NullPointerException
B:instance-produced:value:-32769:stored:-1:calls:1
B:instance-produced:value:-32768:stored:0:calls:1
B:instance-produced:value:-257:stored:-1:calls:1
B:instance-produced:value:-256:stored:0:calls:1
B:instance-produced:value:-129:stored:127:calls:1
B:instance-produced:value:-128:stored:-128:calls:1
B:instance-produced:value:-2:stored:-2:calls:1
B:instance-produced:value:-1:stored:-1:calls:1
B:instance-produced:value:0:stored:0:calls:1
B:instance-produced:value:1:stored:1:calls:1
B:instance-produced:value:2:stored:2:calls:1
B:instance-produced:value:127:stored:127:calls:1
B:instance-produced:value:128:stored:-128:calls:1
B:instance-produced:value:255:stored:-1:calls:1
B:instance-produced:value:256:stored:0:calls:1
B:instance-produced:value:32767:stored:-1:calls:1
B:instance-produced:value:32768:stored:0:calls:1
B:instance-produced:value:65535:stored:-1:calls:1
B:instance-produced:value:65536:stored:0:calls:1
B:instance-produced:value:-2147483648:stored:0:calls:1
B:instance-produced:value:2147483647:stored:-1:calls:1
B:instance-produced:producer-fail:error:java.lang.IllegalStateException:stored:77:calls:1
B:instance-produced:null-fail:error:java.lang.IllegalStateException:calls:1
B:instance-produced:null-ok:error:java.lang.NullPointerException:calls:1
B:static:value:-32769:stored:-1
B:static:value:-32768:stored:0
B:static:value:-257:stored:-1
B:static:value:-256:stored:0
B:static:value:-129:stored:127
B:static:value:-128:stored:-128
B:static:value:-2:stored:-2
B:static:value:-1:stored:-1
B:static:value:0:stored:0
B:static:value:1:stored:1
B:static:value:2:stored:2
B:static:value:127:stored:127
B:static:value:128:stored:-128
B:static:value:255:stored:-1
B:static:value:256:stored:0
B:static:value:32767:stored:-1
B:static:value:32768:stored:0
B:static:value:65535:stored:-1
B:static:value:65536:stored:0
B:static:value:-2147483648:stored:0
B:static:value:2147483647:stored:-1
B:static-produced:value:-32769:stored:-1:calls:1
B:static-produced:value:-32768:stored:0:calls:1
B:static-produced:value:-257:stored:-1:calls:1
B:static-produced:value:-256:stored:0:calls:1
B:static-produced:value:-129:stored:127:calls:1
B:static-produced:value:-128:stored:-128:calls:1
B:static-produced:value:-2:stored:-2:calls:1
B:static-produced:value:-1:stored:-1:calls:1
B:static-produced:value:0:stored:0:calls:1
B:static-produced:value:1:stored:1:calls:1
B:static-produced:value:2:stored:2:calls:1
B:static-produced:value:127:stored:127:calls:1
B:static-produced:value:128:stored:-128:calls:1
B:static-produced:value:255:stored:-1:calls:1
B:static-produced:value:256:stored:0:calls:1
B:static-produced:value:32767:stored:-1:calls:1
B:static-produced:value:32768:stored:0:calls:1
B:static-produced:value:65535:stored:-1:calls:1
B:static-produced:value:65536:stored:0:calls:1
B:static-produced:value:-2147483648:stored:0:calls:1
B:static-produced:value:2147483647:stored:-1:calls:1
B:static-produced:producer-fail:error:java.lang.IllegalStateException:stored:77:calls:1
B:ordinary-instance:local:1
B:ordinary-instance:zero:0
B:ordinary-instance:one:1
B:ordinary-static:local:1
B:ordinary-static:zero:0
B:ordinary-static:one:1
C:instance:value:-32769:stored:32767
C:instance:value:-32768:stored:32768
C:instance:value:-257:stored:65279
C:instance:value:-256:stored:65280
C:instance:value:-129:stored:65407
C:instance:value:-128:stored:65408
C:instance:value:-2:stored:65534
C:instance:value:-1:stored:65535
C:instance:value:0:stored:0
C:instance:value:1:stored:1
C:instance:value:2:stored:2
C:instance:value:127:stored:127
C:instance:value:128:stored:128
C:instance:value:255:stored:255
C:instance:value:256:stored:256
C:instance:value:32767:stored:32767
C:instance:value:32768:stored:32768
C:instance:value:65535:stored:65535
C:instance:value:65536:stored:0
C:instance:value:-2147483648:stored:0
C:instance:value:2147483647:stored:65535
C:instance:null:error:java.lang.NullPointerException
C:instance-produced:value:-32769:stored:32767:calls:1
C:instance-produced:value:-32768:stored:32768:calls:1
C:instance-produced:value:-257:stored:65279:calls:1
C:instance-produced:value:-256:stored:65280:calls:1
C:instance-produced:value:-129:stored:65407:calls:1
C:instance-produced:value:-128:stored:65408:calls:1
C:instance-produced:value:-2:stored:65534:calls:1
C:instance-produced:value:-1:stored:65535:calls:1
C:instance-produced:value:0:stored:0:calls:1
C:instance-produced:value:1:stored:1:calls:1
C:instance-produced:value:2:stored:2:calls:1
C:instance-produced:value:127:stored:127:calls:1
C:instance-produced:value:128:stored:128:calls:1
C:instance-produced:value:255:stored:255:calls:1
C:instance-produced:value:256:stored:256:calls:1
C:instance-produced:value:32767:stored:32767:calls:1
C:instance-produced:value:32768:stored:32768:calls:1
C:instance-produced:value:65535:stored:65535:calls:1
C:instance-produced:value:65536:stored:0:calls:1
C:instance-produced:value:-2147483648:stored:0:calls:1
C:instance-produced:value:2147483647:stored:65535:calls:1
C:instance-produced:producer-fail:error:java.lang.IllegalStateException:stored:77:calls:1
C:instance-produced:null-fail:error:java.lang.IllegalStateException:calls:1
C:instance-produced:null-ok:error:java.lang.NullPointerException:calls:1
C:static:value:-32769:stored:32767
C:static:value:-32768:stored:32768
C:static:value:-257:stored:65279
C:static:value:-256:stored:65280
C:static:value:-129:stored:65407
C:static:value:-128:stored:65408
C:static:value:-2:stored:65534
C:static:value:-1:stored:65535
C:static:value:0:stored:0
C:static:value:1:stored:1
C:static:value:2:stored:2
C:static:value:127:stored:127
C:static:value:128:stored:128
C:static:value:255:stored:255
C:static:value:256:stored:256
C:static:value:32767:stored:32767
C:static:value:32768:stored:32768
C:static:value:65535:stored:65535
C:static:value:65536:stored:0
C:static:value:-2147483648:stored:0
C:static:value:2147483647:stored:65535
C:static-produced:value:-32769:stored:32767:calls:1
C:static-produced:value:-32768:stored:32768:calls:1
C:static-produced:value:-257:stored:65279:calls:1
C:static-produced:value:-256:stored:65280:calls:1
C:static-produced:value:-129:stored:65407:calls:1
C:static-produced:value:-128:stored:65408:calls:1
C:static-produced:value:-2:stored:65534:calls:1
C:static-produced:value:-1:stored:65535:calls:1
C:static-produced:value:0:stored:0:calls:1
C:static-produced:value:1:stored:1:calls:1
C:static-produced:value:2:stored:2:calls:1
C:static-produced:value:127:stored:127:calls:1
C:static-produced:value:128:stored:128:calls:1
C:static-produced:value:255:stored:255:calls:1
C:static-produced:value:256:stored:256:calls:1
C:static-produced:value:32767:stored:32767:calls:1
C:static-produced:value:32768:stored:32768:calls:1
C:static-produced:value:65535:stored:65535:calls:1
C:static-produced:value:65536:stored:0:calls:1
C:static-produced:value:-2147483648:stored:0:calls:1
C:static-produced:value:2147483647:stored:65535:calls:1
C:static-produced:producer-fail:error:java.lang.IllegalStateException:stored:77:calls:1
C:ordinary-instance:local:1
C:ordinary-instance:zero:0
C:ordinary-instance:one:1
C:ordinary-static:local:1
C:ordinary-static:zero:0
C:ordinary-static:one:1
S:instance:value:-32769:stored:32767
S:instance:value:-32768:stored:-32768
S:instance:value:-257:stored:-257
S:instance:value:-256:stored:-256
S:instance:value:-129:stored:-129
S:instance:value:-128:stored:-128
S:instance:value:-2:stored:-2
S:instance:value:-1:stored:-1
S:instance:value:0:stored:0
S:instance:value:1:stored:1
S:instance:value:2:stored:2
S:instance:value:127:stored:127
S:instance:value:128:stored:128
S:instance:value:255:stored:255
S:instance:value:256:stored:256
S:instance:value:32767:stored:32767
S:instance:value:32768:stored:-32768
S:instance:value:65535:stored:-1
S:instance:value:65536:stored:0
S:instance:value:-2147483648:stored:0
S:instance:value:2147483647:stored:-1
S:instance:null:error:java.lang.NullPointerException
S:instance-produced:value:-32769:stored:32767:calls:1
S:instance-produced:value:-32768:stored:-32768:calls:1
S:instance-produced:value:-257:stored:-257:calls:1
S:instance-produced:value:-256:stored:-256:calls:1
S:instance-produced:value:-129:stored:-129:calls:1
S:instance-produced:value:-128:stored:-128:calls:1
S:instance-produced:value:-2:stored:-2:calls:1
S:instance-produced:value:-1:stored:-1:calls:1
S:instance-produced:value:0:stored:0:calls:1
S:instance-produced:value:1:stored:1:calls:1
S:instance-produced:value:2:stored:2:calls:1
S:instance-produced:value:127:stored:127:calls:1
S:instance-produced:value:128:stored:128:calls:1
S:instance-produced:value:255:stored:255:calls:1
S:instance-produced:value:256:stored:256:calls:1
S:instance-produced:value:32767:stored:32767:calls:1
S:instance-produced:value:32768:stored:-32768:calls:1
S:instance-produced:value:65535:stored:-1:calls:1
S:instance-produced:value:65536:stored:0:calls:1
S:instance-produced:value:-2147483648:stored:0:calls:1
S:instance-produced:value:2147483647:stored:-1:calls:1
S:instance-produced:producer-fail:error:java.lang.IllegalStateException:stored:77:calls:1
S:instance-produced:null-fail:error:java.lang.IllegalStateException:calls:1
S:instance-produced:null-ok:error:java.lang.NullPointerException:calls:1
S:static:value:-32769:stored:32767
S:static:value:-32768:stored:-32768
S:static:value:-257:stored:-257
S:static:value:-256:stored:-256
S:static:value:-129:stored:-129
S:static:value:-128:stored:-128
S:static:value:-2:stored:-2
S:static:value:-1:stored:-1
S:static:value:0:stored:0
S:static:value:1:stored:1
S:static:value:2:stored:2
S:static:value:127:stored:127
S:static:value:128:stored:128
S:static:value:255:stored:255
S:static:value:256:stored:256
S:static:value:32767:stored:32767
S:static:value:32768:stored:-32768
S:static:value:65535:stored:-1
S:static:value:65536:stored:0
S:static:value:-2147483648:stored:0
S:static:value:2147483647:stored:-1
S:static-produced:value:-32769:stored:32767:calls:1
S:static-produced:value:-32768:stored:-32768:calls:1
S:static-produced:value:-257:stored:-257:calls:1
S:static-produced:value:-256:stored:-256:calls:1
S:static-produced:value:-129:stored:-129:calls:1
S:static-produced:value:-128:stored:-128:calls:1
S:static-produced:value:-2:stored:-2:calls:1
S:static-produced:value:-1:stored:-1:calls:1
S:static-produced:value:0:stored:0:calls:1
S:static-produced:value:1:stored:1:calls:1
S:static-produced:value:2:stored:2:calls:1
S:static-produced:value:127:stored:127:calls:1
S:static-produced:value:128:stored:128:calls:1
S:static-produced:value:255:stored:255:calls:1
S:static-produced:value:256:stored:256:calls:1
S:static-produced:value:32767:stored:32767:calls:1
S:static-produced:value:32768:stored:-32768:calls:1
S:static-produced:value:65535:stored:-1:calls:1
S:static-produced:value:65536:stored:0:calls:1
S:static-produced:value:-2147483648:stored:0:calls:1
S:static-produced:value:2147483647:stored:-1:calls:1
S:static-produced:producer-fail:error:java.lang.IllegalStateException:stored:77:calls:1
S:ordinary-instance:local:1
S:ordinary-instance:zero:0
S:ordinary-instance:one:1
S:ordinary-static:local:1
S:ordinary-static:zero:0
S:ordinary-static:one:1
Z:instance:value:-32769:stored:false
Z:instance:value:-32768:stored:false
Z:instance:value:-257:stored:false
Z:instance:value:-256:stored:false
Z:instance:value:-129:stored:false
Z:instance:value:-128:stored:false
Z:instance:value:-2:stored:false
Z:instance:value:-1:stored:false
Z:instance:value:0:stored:false
Z:instance:value:1:stored:false
Z:instance:value:2:stored:false
Z:instance:value:127:stored:false
Z:instance:value:128:stored:false
Z:instance:value:255:stored:false
Z:instance:value:256:stored:false
Z:instance:value:32767:stored:false
Z:instance:value:32768:stored:false
Z:instance:value:65535:stored:false
Z:instance:value:65536:stored:false
Z:instance:value:-2147483648:stored:false
Z:instance:value:2147483647:stored:false
Z:instance:null:returned
Z:instance-produced:value:-32769:stored:false:calls:0
Z:instance-produced:value:-32768:stored:false:calls:0
Z:instance-produced:value:-257:stored:false:calls:0
Z:instance-produced:value:-256:stored:false:calls:0
Z:instance-produced:value:-129:stored:false:calls:0
Z:instance-produced:value:-128:stored:false:calls:0
Z:instance-produced:value:-2:stored:false:calls:0
Z:instance-produced:value:-1:stored:false:calls:0
Z:instance-produced:value:0:stored:false:calls:0
Z:instance-produced:value:1:stored:false:calls:0
Z:instance-produced:value:2:stored:false:calls:0
Z:instance-produced:value:127:stored:false:calls:0
Z:instance-produced:value:128:stored:false:calls:0
Z:instance-produced:value:255:stored:false:calls:0
Z:instance-produced:value:256:stored:false:calls:0
Z:instance-produced:value:32767:stored:false:calls:0
Z:instance-produced:value:32768:stored:false:calls:0
Z:instance-produced:value:65535:stored:false:calls:0
Z:instance-produced:value:65536:stored:false:calls:0
Z:instance-produced:value:-2147483648:stored:false:calls:0
Z:instance-produced:value:2147483647:stored:false:calls:0
Z:instance-produced:producer-fail:returned:stored:true:calls:0
Z:instance-produced:null-fail:returned:calls:0
Z:instance-produced:null-ok:returned:calls:0
Z:static:value:-32769:stored:true
Z:static:value:-32768:stored:true
Z:static:value:-257:stored:true
Z:static:value:-256:stored:true
Z:static:value:-129:stored:true
Z:static:value:-128:stored:true
Z:static:value:-2:stored:true
Z:static:value:-1:stored:true
Z:static:value:0:stored:true
Z:static:value:1:stored:true
Z:static:value:2:stored:true
Z:static:value:127:stored:true
Z:static:value:128:stored:true
Z:static:value:255:stored:true
Z:static:value:256:stored:true
Z:static:value:32767:stored:true
Z:static:value:32768:stored:true
Z:static:value:65535:stored:true
Z:static:value:65536:stored:true
Z:static:value:-2147483648:stored:true
Z:static:value:2147483647:stored:true
Z:static-produced:value:-32769:stored:true:calls:0
Z:static-produced:value:-32768:stored:true:calls:0
Z:static-produced:value:-257:stored:true:calls:0
Z:static-produced:value:-256:stored:true:calls:0
Z:static-produced:value:-129:stored:true:calls:0
Z:static-produced:value:-128:stored:true:calls:0
Z:static-produced:value:-2:stored:true:calls:0
Z:static-produced:value:-1:stored:true:calls:0
Z:static-produced:value:0:stored:true:calls:0
Z:static-produced:value:1:stored:true:calls:0
Z:static-produced:value:2:stored:true:calls:0
Z:static-produced:value:127:stored:true:calls:0
Z:static-produced:value:128:stored:true:calls:0
Z:static-produced:value:255:stored:true:calls:0
Z:static-produced:value:256:stored:true:calls:0
Z:static-produced:value:32767:stored:true:calls:0
Z:static-produced:value:32768:stored:true:calls:0
Z:static-produced:value:65535:stored:true:calls:0
Z:static-produced:value:65536:stored:true:calls:0
Z:static-produced:value:-2147483648:stored:true:calls:0
Z:static-produced:value:2147483647:stored:true:calls:0
Z:static-produced:producer-fail:returned:stored:true:calls:0
Z:ordinary-instance:local:false
Z:ordinary-instance:zero:false
Z:ordinary-instance:one:true
Z:ordinary-static:local:false
Z:ordinary-static:zero:false
Z:ordinary-static:one:true
