Classfile jar:file:///Users/lordcasser/workspace/projects/jarde/openspec/evidence/same-class-generic-call-consumers-2026-10-09/frozen-inputs-v1/openjdk23/debug/DeepRelay/DeepRelay.jar!/DeepRelay.class
  Last modified 2026年10月9日; size 956 bytes
  SHA-256 checksum f246c26ba935ddf9aeecea6604e4600096881e6cb396bd6476158581073683fc
  Compiled from "DeepRelay.java"
public class DeepRelay<T extends java.lang.Object> extends java.lang.Object
  minor version: 0
  major version: 52
  flags: (0x0021) ACC_PUBLIC, ACC_SUPER
  this_class: #8                          // DeepRelay
  super_class: #2                         // java/lang/Object
  interfaces: 0, fields: 0, methods: 5, attributes: 2
Constant pool:
   #1 = Methodref          #2.#3          // java/lang/Object."<init>":()V
   #2 = Class              #4             // java/lang/Object
   #3 = NameAndType        #5:#6          // "<init>":()V
   #4 = Utf8               java/lang/Object
   #5 = Utf8               <init>
   #6 = Utf8               ()V
   #7 = Methodref          #8.#9          // DeepRelay.relay1:(Ljava/lang/Object;)Ljava/lang/Object;
   #8 = Class              #10            // DeepRelay
   #9 = NameAndType        #11:#12        // relay1:(Ljava/lang/Object;)Ljava/lang/Object;
  #10 = Utf8               DeepRelay
  #11 = Utf8               relay1
  #12 = Utf8               (Ljava/lang/Object;)Ljava/lang/Object;
  #13 = Methodref          #8.#14         // DeepRelay.relay2:(Ljava/lang/Object;)Ljava/lang/Object;
  #14 = NameAndType        #15:#12        // relay2:(Ljava/lang/Object;)Ljava/lang/Object;
  #15 = Utf8               relay2
  #16 = Methodref          #8.#17         // DeepRelay.identity:(Ljava/lang/Object;)Ljava/lang/Object;
  #17 = NameAndType        #18:#12        // identity:(Ljava/lang/Object;)Ljava/lang/Object;
  #18 = Utf8               identity
  #19 = Utf8               Code
  #20 = Utf8               LineNumberTable
  #21 = Utf8               LocalVariableTable
  #22 = Utf8               this
  #23 = Utf8               LDeepRelay;
  #24 = Utf8               LocalVariableTypeTable
  #25 = Utf8               LDeepRelay<TT;>;
  #26 = Utf8               relay0
  #27 = Utf8               x
  #28 = Utf8               Ljava/lang/Object;
  #29 = Utf8               TT;
  #30 = Utf8               Signature
  #31 = Utf8               (TT;)TT;
  #32 = Utf8               <T:Ljava/lang/Object;>Ljava/lang/Object;
  #33 = Utf8               SourceFile
  #34 = Utf8               DeepRelay.java
{
  public DeepRelay();
    descriptor: ()V
    flags: (0x0001) ACC_PUBLIC
    Code:
      stack=1, locals=1, args_size=1
         0: aload_0
         1: invokespecial #1                  // Method java/lang/Object."<init>":()V
         4: return
      LineNumberTable:
        line 1: 0
      LocalVariableTable:
        Start  Length  Slot  Name   Signature
            0       5     0  this   LDeepRelay;
      LocalVariableTypeTable:
        Start  Length  Slot  Name   Signature
            0       5     0  this   LDeepRelay<TT;>;

  public T relay0(T);
    descriptor: (Ljava/lang/Object;)Ljava/lang/Object;
    flags: (0x0001) ACC_PUBLIC
    Code:
      stack=2, locals=2, args_size=2
         0: aload_0
         1: aload_1
         2: invokevirtual #7                  // Method relay1:(Ljava/lang/Object;)Ljava/lang/Object;
         5: areturn
      LineNumberTable:
        line 1: 0
      LocalVariableTable:
        Start  Length  Slot  Name   Signature
            0       6     0  this   LDeepRelay;
            0       6     1     x   Ljava/lang/Object;
      LocalVariableTypeTable:
        Start  Length  Slot  Name   Signature
            0       6     0  this   LDeepRelay<TT;>;
            0       6     1     x   TT;
    Signature: #31                          // (TT;)TT;

  public T relay1(T);
    descriptor: (Ljava/lang/Object;)Ljava/lang/Object;
    flags: (0x0001) ACC_PUBLIC
    Code:
      stack=2, locals=2, args_size=2
         0: aload_0
         1: aload_1
         2: invokevirtual #13                 // Method relay2:(Ljava/lang/Object;)Ljava/lang/Object;
         5: areturn
      LineNumberTable:
        line 1: 0
      LocalVariableTable:
        Start  Length  Slot  Name   Signature
            0       6     0  this   LDeepRelay;
            0       6     1     x   Ljava/lang/Object;
      LocalVariableTypeTable:
        Start  Length  Slot  Name   Signature
            0       6     0  this   LDeepRelay<TT;>;
            0       6     1     x   TT;
    Signature: #31                          // (TT;)TT;

  public T relay2(T);
    descriptor: (Ljava/lang/Object;)Ljava/lang/Object;
    flags: (0x0001) ACC_PUBLIC
    Code:
      stack=2, locals=2, args_size=2
         0: aload_0
         1: aload_1
         2: invokevirtual #16                 // Method identity:(Ljava/lang/Object;)Ljava/lang/Object;
         5: areturn
      LineNumberTable:
        line 1: 0
      LocalVariableTable:
        Start  Length  Slot  Name   Signature
            0       6     0  this   LDeepRelay;
            0       6     1     x   Ljava/lang/Object;
      LocalVariableTypeTable:
        Start  Length  Slot  Name   Signature
            0       6     0  this   LDeepRelay<TT;>;
            0       6     1     x   TT;
    Signature: #31                          // (TT;)TT;

  public T identity(T);
    descriptor: (Ljava/lang/Object;)Ljava/lang/Object;
    flags: (0x0001) ACC_PUBLIC
    Code:
      stack=1, locals=2, args_size=2
         0: aload_1
         1: areturn
      LineNumberTable:
        line 1: 0
      LocalVariableTable:
        Start  Length  Slot  Name   Signature
            0       2     0  this   LDeepRelay;
            0       2     1     x   Ljava/lang/Object;
      LocalVariableTypeTable:
        Start  Length  Slot  Name   Signature
            0       2     0  this   LDeepRelay<TT;>;
            0       2     1     x   TT;
    Signature: #31                          // (TT;)TT;
}
Signature: #32                          // <T:Ljava/lang/Object;>Ljava/lang/Object;
SourceFile: "DeepRelay.java"
