Classfile jar:file:/Users/lordcasser/workspace/projects/jarde/openspec/evidence/same-class-generic-call-consumers-2026-10-09/frozen-inputs-v1/corretto8/nodebug/MultiParam/MultiParam.jar!/MultiParam.class
  Last modified 2026-10-9; size 364 bytes
  MD5 checksum 76023a98a82491b9bb6fc7553f98658a
public class MultiParam<T extends java.lang.Object> extends java.lang.Object
  minor version: 0
  major version: 52
  flags: ACC_PUBLIC, ACC_SUPER
Constant pool:
   #1 = Methodref          #4.#14         // java/lang/Object."<init>":()V
   #2 = Methodref          #3.#15         // MultiParam.first:(Ljava/lang/Object;Ljava/lang/Object;)Ljava/lang/Object;
   #3 = Class              #16            // MultiParam
   #4 = Class              #17            // java/lang/Object
   #5 = Utf8               <init>
   #6 = Utf8               ()V
   #7 = Utf8               Code
   #8 = Utf8               first
   #9 = Utf8               (Ljava/lang/Object;Ljava/lang/Object;)Ljava/lang/Object;
  #10 = Utf8               Signature
  #11 = Utf8               (TT;TT;)TT;
  #12 = Utf8               relay
  #13 = Utf8               <T:Ljava/lang/Object;>Ljava/lang/Object;
  #14 = NameAndType        #5:#6          // "<init>":()V
  #15 = NameAndType        #8:#9          // first:(Ljava/lang/Object;Ljava/lang/Object;)Ljava/lang/Object;
  #16 = Utf8               MultiParam
  #17 = Utf8               java/lang/Object
{
  public MultiParam();
    descriptor: ()V
    flags: ACC_PUBLIC
    Code:
      stack=1, locals=1, args_size=1
         0: aload_0
         1: invokespecial #1                  // Method java/lang/Object."<init>":()V
         4: return

  public T first(T, T);
    descriptor: (Ljava/lang/Object;Ljava/lang/Object;)Ljava/lang/Object;
    flags: ACC_PUBLIC
    Code:
      stack=1, locals=3, args_size=3
         0: aload_1
         1: areturn
    Signature: #11                          // (TT;TT;)TT;

  public T relay(T, T);
    descriptor: (Ljava/lang/Object;Ljava/lang/Object;)Ljava/lang/Object;
    flags: ACC_PUBLIC
    Code:
      stack=3, locals=3, args_size=3
         0: aload_0
         1: aload_1
         2: aload_2
         3: invokevirtual #2                  // Method first:(Ljava/lang/Object;Ljava/lang/Object;)Ljava/lang/Object;
         6: areturn
    Signature: #11                          // (TT;TT;)TT;
}
Signature: #13                          // <T:Ljava/lang/Object;>Ljava/lang/Object;
