Classfile jar:file:/Users/lordcasser/workspace/projects/jarde/openspec/evidence/same-class-generic-call-consumers-2026-10-09/frozen-inputs-v1/corretto8/debug/EmptySink/EmptySink.jar!/EmptySink.class
  Last modified 2026-10-9; size 551 bytes
  MD5 checksum 225c18cd4e30a9461cb606bdd8d28ebc
  Compiled from "EmptySink.java"
public class EmptySink<T extends java.lang.Object> extends java.lang.Object
  minor version: 0
  major version: 52
  flags: ACC_PUBLIC, ACC_SUPER
Constant pool:
   #1 = Methodref          #3.#23         // java/lang/Object."<init>":()V
   #2 = Class              #24            // EmptySink
   #3 = Class              #25            // java/lang/Object
   #4 = Utf8               <init>
   #5 = Utf8               ()V
   #6 = Utf8               Code
   #7 = Utf8               LineNumberTable
   #8 = Utf8               LocalVariableTable
   #9 = Utf8               this
  #10 = Utf8               LEmptySink;
  #11 = Utf8               LocalVariableTypeTable
  #12 = Utf8               LEmptySink<TT;>;
  #13 = Utf8               sink
  #14 = Utf8               (Ljava/lang/Object;)V
  #15 = Utf8               x
  #16 = Utf8               Ljava/lang/Object;
  #17 = Utf8               TT;
  #18 = Utf8               Signature
  #19 = Utf8               (TT;)V
  #20 = Utf8               <T:Ljava/lang/Object;>Ljava/lang/Object;
  #21 = Utf8               SourceFile
  #22 = Utf8               EmptySink.java
  #23 = NameAndType        #4:#5          // "<init>":()V
  #24 = Utf8               EmptySink
  #25 = Utf8               java/lang/Object
{
  public EmptySink();
    descriptor: ()V
    flags: ACC_PUBLIC
    Code:
      stack=1, locals=1, args_size=1
         0: aload_0
         1: invokespecial #1                  // Method java/lang/Object."<init>":()V
         4: return
      LineNumberTable:
        line 1: 0
      LocalVariableTable:
        Start  Length  Slot  Name   Signature
            0       5     0  this   LEmptySink;
      LocalVariableTypeTable:
        Start  Length  Slot  Name   Signature
            0       5     0  this   LEmptySink<TT;>;

  public void sink(T);
    descriptor: (Ljava/lang/Object;)V
    flags: ACC_PUBLIC
    Code:
      stack=0, locals=2, args_size=2
         0: return
      LineNumberTable:
        line 1: 0
      LocalVariableTable:
        Start  Length  Slot  Name   Signature
            0       1     0  this   LEmptySink;
            0       1     1     x   Ljava/lang/Object;
      LocalVariableTypeTable:
        Start  Length  Slot  Name   Signature
            0       1     0  this   LEmptySink<TT;>;
            0       1     1     x   TT;
    Signature: #19                          // (TT;)V
}
Signature: #20                          // <T:Ljava/lang/Object;>Ljava/lang/Object;
SourceFile: "EmptySink.java"
