mark:sequence-first
mark:sequence-second
java.lang.StringBuilder
java.lang.StringBuffer
mark:collection-first
mark:collection-second
java.util.ArrayList
java.util.HashSet
mark:throwable-first
mark:throwable-second
java.lang.IllegalStateException
java.lang.IllegalArgumentException
mark:direct-first
ctor:Base:direct-first
ctor:DirectA:direct-first
mark:direct-second
ctor:Base:direct-second
ctor:DirectB:direct-second
defpackage.DirectA
defpackage.DirectB
mark:two-hop-first
ctor:Base:two-hop-first
ctor:Mid:two-hop-first
ctor:TwoHop:two-hop-first
mark:two-hop-second
ctor:Base:two-hop-second
ctor:DirectB:two-hop-second
defpackage.TwoHop
defpackage.DirectB
mark:interface-first
ctor:Base:interface-first
ctor:DirectA:interface-first
mark:interface-second
ctor:Base:interface-second
ctor:Mid:interface-second
ctor:TwoHop:interface-second
defpackage.DirectA
defpackage.TwoHop
