警告: [options] 源值 8 已过时，将在未来发行版中删除
警告: [options] 目标值 8 已过时，将在未来发行版中删除
警告: [options] 要隐藏有关已过时选项的警告, 请使用 -Xlint:-options。
/Users/lordcasser/workspace/projects/jarde/openspec/changes/compose-constructed-reference-array-elements/results/baseline-cli1-complete-family-v1/javac23-jarde/sources/Main.java:55: 错误: 缺少返回语句
    }
    ^
/Users/lordcasser/workspace/projects/jarde/openspec/changes/compose-constructed-reference-array-elements/results/baseline-cli1-complete-family-v1/javac23-jarde/sources/Main.java:83: 错误: 缺少返回语句
    }
    ^
/Users/lordcasser/workspace/projects/jarde/openspec/changes/compose-constructed-reference-array-elements/results/baseline-cli1-complete-family-v1/javac23-jarde/sources/Main.java:110: 错误: 缺少返回语句
    }
    ^
/Users/lordcasser/workspace/projects/jarde/openspec/changes/compose-constructed-reference-array-elements/results/baseline-cli1-complete-family-v1/javac23-jarde/sources/Main.java:137: 错误: 缺少返回语句
    }
    ^
/Users/lordcasser/workspace/projects/jarde/openspec/changes/compose-constructed-reference-array-elements/results/baseline-cli1-complete-family-v1/javac23-jarde/sources/Main.java:164: 错误: 缺少返回语句
    }
    ^
/Users/lordcasser/workspace/projects/jarde/openspec/changes/compose-constructed-reference-array-elements/results/baseline-cli1-complete-family-v1/javac23-jarde/sources/Main.java:191: 错误: 缺少返回语句
    }
    ^
6 个错误
3 个警告
