Classfile jar:file:///Users/lordcasser/workspace/projects/jarde/openspec/evidence/same-class-generic-call-consumers-2026-10-09/frozen-inputs-v1/openjdk23/nodebug/BridgeUnknown/BridgeUnknown.jar!/BridgeUnknown.class
  Last modified 2026年10月9日; size 435 bytes
  SHA-256 checksum c6481ac5f198d76b8a440dcbde15271ec429f3022cc79c7061b4b4e3f4b044d9
public class BridgeUnknown extends BridgeBase<java.lang.String>
  minor version: 0
  major version: 52
  flags: (0x0021) ACC_PUBLIC, ACC_SUPER
  this_class: #10                         // BridgeUnknown
  super_class: #2                         // BridgeBase
  interfaces: 0, fields: 0, methods: 4, attributes: 1
Constant pool:
   #1 = Methodref          #2.#3          // BridgeBase."<init>":()V
   #2 = Class              #4             // BridgeBase
   #3 = NameAndType        #5:#6          // "<init>":()V
   #4 = Utf8               BridgeBase
   #5 = Utf8               <init>
   #6 = Utf8               ()V
   #7 = Class              #8             // java/lang/String
   #8 = Utf8               java/lang/String
   #9 = Methodref          #10.#11        // BridgeUnknown.apply:(Ljava/lang/String;)Ljava/lang/String;
  #10 = Class              #12            // BridgeUnknown
  #11 = NameAndType        #13:#14        // apply:(Ljava/lang/String;)Ljava/lang/String;
  #12 = Utf8               BridgeUnknown
  #13 = Utf8               apply
  #14 = Utf8               (Ljava/lang/String;)Ljava/lang/String;
  #15 = Utf8               Code
  #16 = Utf8               relay
  #17 = Utf8               (Ljava/lang/Object;)Ljava/lang/Object;
  #18 = Utf8               MethodParameters
  #19 = Utf8               Signature
  #20 = Utf8               LBridgeBase<Ljava/lang/String;>;
{
  public BridgeUnknown();
    descriptor: ()V
    flags: (0x0001) ACC_PUBLIC
    Code:
      stack=1, locals=1, args_size=1
         0: aload_0
         1: invokespecial #1                  // Method BridgeBase."<init>":()V
         4: return

  public java.lang.String apply(java.lang.String);
    descriptor: (Ljava/lang/String;)Ljava/lang/String;
    flags: (0x0001) ACC_PUBLIC
    Code:
      stack=1, locals=2, args_size=2
         0: aload_1
         1: areturn

  public java.lang.Object relay(java.lang.Object);
    descriptor: (Ljava/lang/Object;)Ljava/lang/Object;
    flags: (0x0001) ACC_PUBLIC
    Code:
      stack=2, locals=2, args_size=2
         0: aload_0
         1: aload_1
         2: checkcast     #7                  // class java/lang/String
         5: invokevirtual #9                  // Method apply:(Ljava/lang/String;)Ljava/lang/String;
         8: areturn

  public java.lang.Object apply(java.lang.Object);
    descriptor: (Ljava/lang/Object;)Ljava/lang/Object;
    flags: (0x1041) ACC_PUBLIC, ACC_BRIDGE, ACC_SYNTHETIC
    Code:
      stack=2, locals=2, args_size=2
         0: aload_0
         1: aload_1
         2: checkcast     #7                  // class java/lang/String
         5: invokevirtual #9                  // Method apply:(Ljava/lang/String;)Ljava/lang/String;
         8: areturn
    MethodParameters:
      Name                           Flags
      <no name>                      synthetic
}
Signature: #20                          // LBridgeBase<Ljava/lang/String;>;
