Classfile jar:file:/Users/lordcasser/workspace/projects/jarde/openspec/evidence/raw-receiver-field-selection-2026-10-09/jdk8/debug/input/NullRawParam.jar!/NullRawParam.class
  Last modified 2026-10-9; size 553 bytes
  MD5 checksum cd1affb7394211d54eeaf1831fb609b5
  Compiled from "NullRawParam.java"
public class NullRawParam<T extends java.lang.Object> extends java.lang.Object
  minor version: 0
  major version: 52
  flags: ACC_PUBLIC, ACC_SUPER
Constant pool:
   #1 = Methodref          #4.#24         // java/lang/Object."<init>":()V
   #2 = Fieldref           #3.#25         // NullRawParam.value:Ljava/lang/Object;
   #3 = Class              #26            // NullRawParam
   #4 = Class              #27            // java/lang/Object
   #5 = Utf8               value
   #6 = Utf8               Ljava/lang/Object;
   #7 = Utf8               Signature
   #8 = Utf8               TT;
   #9 = Utf8               <init>
  #10 = Utf8               ()V
  #11 = Utf8               Code
  #12 = Utf8               LineNumberTable
  #13 = Utf8               LocalVariableTable
  #14 = Utf8               this
  #15 = Utf8               LNullRawParam;
  #16 = Utf8               LocalVariableTypeTable
  #17 = Utf8               LNullRawParam<TT;>;
  #18 = Utf8               put
  #19 = Utf8               (LNullRawParam;)V
  #20 = Utf8               receiver
  #21 = Utf8               <T:Ljava/lang/Object;>Ljava/lang/Object;
  #22 = Utf8               SourceFile
  #23 = Utf8               NullRawParam.java
  #24 = NameAndType        #9:#10         // "<init>":()V
  #25 = NameAndType        #5:#6          // value:Ljava/lang/Object;
  #26 = Utf8               NullRawParam
  #27 = Utf8               java/lang/Object
{
  public T value;
    descriptor: Ljava/lang/Object;
    flags: ACC_PUBLIC
    Signature: #8                           // TT;

  public NullRawParam();
    descriptor: ()V
    flags: ACC_PUBLIC
    Code:
      stack=1, locals=1, args_size=1
         0: aload_0
         1: invokespecial #1                  // Method java/lang/Object."<init>":()V
         4: return
      LineNumberTable:
        line 1: 0
      LocalVariableTable:
        Start  Length  Slot  Name   Signature
            0       5     0  this   LNullRawParam;
      LocalVariableTypeTable:
        Start  Length  Slot  Name   Signature
            0       5     0  this   LNullRawParam<TT;>;

  public static void put(NullRawParam);
    descriptor: (LNullRawParam;)V
    flags: ACC_PUBLIC, ACC_STATIC
    Code:
      stack=2, locals=1, args_size=1
         0: aload_0
         1: aconst_null
         2: putfield      #2                  // Field value:Ljava/lang/Object;
         5: return
      LineNumberTable:
        line 5: 0
        line 6: 5
      LocalVariableTable:
        Start  Length  Slot  Name   Signature
            0       6     0 receiver   LNullRawParam;
}
Signature: #21                          // <T:Ljava/lang/Object;>Ljava/lang/Object;
SourceFile: "NullRawParam.java"
