Classfile jar:file:///Users/lordcasser/workspace/projects/jarde/openspec/evidence/raw-receiver-field-selection-2026-10-09/jdk23/no-debug/input/StaticRawLocal.jar!/StaticRawLocal.class
  Last modified 2026年10月9日; size 333 bytes
  SHA-256 checksum 6959d25e64c5ebe952615c5cee8b78fc53d9928fc8fc566affa929ad318c40a2
public class StaticRawLocal<T extends java.lang.Object> extends java.lang.Object
  minor version: 0
  major version: 52
  flags: (0x0021) ACC_PUBLIC, ACC_SUPER
  this_class: #8                          // StaticRawLocal
  super_class: #2                         // java/lang/Object
  interfaces: 0, fields: 1, methods: 2, attributes: 1
Constant pool:
   #1 = Methodref          #2.#3          // java/lang/Object."<init>":()V
   #2 = Class              #4             // java/lang/Object
   #3 = NameAndType        #5:#6          // "<init>":()V
   #4 = Utf8               java/lang/Object
   #5 = Utf8               <init>
   #6 = Utf8               ()V
   #7 = Fieldref           #8.#9          // StaticRawLocal.value:Ljava/lang/Object;
   #8 = Class              #10            // StaticRawLocal
   #9 = NameAndType        #11:#12        // value:Ljava/lang/Object;
  #10 = Utf8               StaticRawLocal
  #11 = Utf8               value
  #12 = Utf8               Ljava/lang/Object;
  #13 = Utf8               Signature
  #14 = Utf8               TT;
  #15 = Utf8               Code
  #16 = Utf8               put
  #17 = Utf8               (LStaticRawLocal;Ljava/lang/Object;)V
  #18 = Utf8               <T:Ljava/lang/Object;>Ljava/lang/Object;
{
  public T value;
    descriptor: Ljava/lang/Object;
    flags: (0x0001) ACC_PUBLIC
    Signature: #14                          // TT;

  public StaticRawLocal();
    descriptor: ()V
    flags: (0x0001) ACC_PUBLIC
    Code:
      stack=1, locals=1, args_size=1
         0: aload_0
         1: invokespecial #1                  // Method java/lang/Object."<init>":()V
         4: return

  public static void put(StaticRawLocal, java.lang.Object);
    descriptor: (LStaticRawLocal;Ljava/lang/Object;)V
    flags: (0x0009) ACC_PUBLIC, ACC_STATIC
    Code:
      stack=2, locals=3, args_size=2
         0: aload_0
         1: astore_2
         2: aload_2
         3: aload_1
         4: putfield      #7                  // Field value:Ljava/lang/Object;
         7: return
}
Signature: #18                          // <T:Ljava/lang/Object;>Ljava/lang/Object;
