Classfile jar:file:///Users/lordcasser/workspace/projects/jarde/openspec/evidence/raw-receiver-field-selection-2026-10-09/jdk23/debug/input/TypedReceiver.jar!/TypedReceiver.class
  Last modified 2026年10月9日; size 740 bytes
  SHA-256 checksum e60de3a59499f889eb84369bfede906eeb1a38d84675529601c9b4306971731c
  Compiled from "TypedReceiver.java"
public class TypedReceiver<T extends java.lang.Object> extends java.lang.Object
  minor version: 0
  major version: 52
  flags: (0x0021) ACC_PUBLIC, ACC_SUPER
  this_class: #8                          // TypedReceiver
  super_class: #2                         // java/lang/Object
  interfaces: 0, fields: 1, methods: 3, attributes: 2
Constant pool:
   #1 = Methodref          #2.#3          // java/lang/Object."<init>":()V
   #2 = Class              #4             // java/lang/Object
   #3 = NameAndType        #5:#6          // "<init>":()V
   #4 = Utf8               java/lang/Object
   #5 = Utf8               <init>
   #6 = Utf8               ()V
   #7 = Fieldref           #8.#9          // TypedReceiver.value:Ljava/lang/Object;
   #8 = Class              #10            // TypedReceiver
   #9 = NameAndType        #11:#12        // value:Ljava/lang/Object;
  #10 = Utf8               TypedReceiver
  #11 = Utf8               value
  #12 = Utf8               Ljava/lang/Object;
  #13 = Utf8               Signature
  #14 = Utf8               TT;
  #15 = Utf8               Code
  #16 = Utf8               LineNumberTable
  #17 = Utf8               LocalVariableTable
  #18 = Utf8               this
  #19 = Utf8               LTypedReceiver;
  #20 = Utf8               LocalVariableTypeTable
  #21 = Utf8               LTypedReceiver<TT;>;
  #22 = Utf8               put
  #23 = Utf8               (LTypedReceiver;Ljava/lang/Object;)V
  #24 = Utf8               receiver
  #25 = Utf8               (LTypedReceiver<TT;>;TT;)V
  #26 = Utf8               observe
  #27 = Utf8               (LTypedReceiver;)V
  #28 = Utf8               (LTypedReceiver<TT;>;)V
  #29 = Utf8               <T:Ljava/lang/Object;>Ljava/lang/Object;
  #30 = Utf8               SourceFile
  #31 = Utf8               TypedReceiver.java
{
  public T value;
    descriptor: Ljava/lang/Object;
    flags: (0x0001) ACC_PUBLIC
    Signature: #14                          // TT;

  public TypedReceiver();
    descriptor: ()V
    flags: (0x0001) ACC_PUBLIC
    Code:
      stack=1, locals=1, args_size=1
         0: aload_0
         1: invokespecial #1                  // Method java/lang/Object."<init>":()V
         4: return
      LineNumberTable:
        line 1: 0
      LocalVariableTable:
        Start  Length  Slot  Name   Signature
            0       5     0  this   LTypedReceiver;
      LocalVariableTypeTable:
        Start  Length  Slot  Name   Signature
            0       5     0  this   LTypedReceiver<TT;>;

  public void put(TypedReceiver<T>, T);
    descriptor: (LTypedReceiver;Ljava/lang/Object;)V
    flags: (0x0001) ACC_PUBLIC
    Code:
      stack=2, locals=3, args_size=3
         0: aload_1
         1: aload_2
         2: putfield      #7                  // Field value:Ljava/lang/Object;
         5: return
      LineNumberTable:
        line 3: 0
      LocalVariableTable:
        Start  Length  Slot  Name   Signature
            0       6     0  this   LTypedReceiver;
            0       6     1 receiver   LTypedReceiver;
            0       6     2 value   Ljava/lang/Object;
      LocalVariableTypeTable:
        Start  Length  Slot  Name   Signature
            0       6     0  this   LTypedReceiver<TT;>;
            0       6     1 receiver   LTypedReceiver<TT;>;
            0       6     2 value   TT;
    Signature: #25                          // (LTypedReceiver<TT;>;TT;)V

  public native void observe(TypedReceiver<T>);
    descriptor: (LTypedReceiver;)V
    flags: (0x0101) ACC_PUBLIC, ACC_NATIVE
    Signature: #28                          // (LTypedReceiver<TT;>;)V
}
Signature: #29                          // <T:Ljava/lang/Object;>Ljava/lang/Object;
SourceFile: "TypedReceiver.java"
