Classfile jar:file:/Users/lordcasser/workspace/projects/jarde/openspec/evidence/same-class-generic-call-consumers-2026-10-09/frozen-inputs-v1/corretto8/debug/CallHold/CallHold.jar!/CallHold.class
  Last modified 2026-10-8; size 681 bytes
  MD5 checksum e449b7d759d8932d0d7c12da9c972e5d
  Compiled from "CallHold.java"
public class CallHold<T extends java.lang.Object> extends java.lang.Object
  minor version: 0
  major version: 52
  flags: ACC_PUBLIC, ACC_SUPER
Constant pool:
   #1 = Methodref          #5.#27         // java/lang/Object."<init>":()V
   #2 = Methodref          #4.#28         // CallHold.identity:(Ljava/lang/Object;)Ljava/lang/Object;
   #3 = Fieldref           #4.#29         // CallHold.v:Ljava/lang/Object;
   #4 = Class              #30            // CallHold
   #5 = Class              #31            // java/lang/Object
   #6 = Utf8               v
   #7 = Utf8               Ljava/lang/Object;
   #8 = Utf8               Signature
   #9 = Utf8               TT;
  #10 = Utf8               <init>
  #11 = Utf8               (Ljava/lang/Object;)V
  #12 = Utf8               Code
  #13 = Utf8               LineNumberTable
  #14 = Utf8               LocalVariableTable
  #15 = Utf8               this
  #16 = Utf8               LCallHold;
  #17 = Utf8               LocalVariableTypeTable
  #18 = Utf8               LCallHold<TT;>;
  #19 = Utf8               (TT;)V
  #20 = Utf8               identity
  #21 = Utf8               (Ljava/lang/Object;)Ljava/lang/Object;
  #22 = Utf8               x
  #23 = Utf8               (TT;)TT;
  #24 = Utf8               <T:Ljava/lang/Object;>Ljava/lang/Object;
  #25 = Utf8               SourceFile
  #26 = Utf8               CallHold.java
  #27 = NameAndType        #10:#32        // "<init>":()V
  #28 = NameAndType        #20:#21        // identity:(Ljava/lang/Object;)Ljava/lang/Object;
  #29 = NameAndType        #6:#7          // v:Ljava/lang/Object;
  #30 = Utf8               CallHold
  #31 = Utf8               java/lang/Object
  #32 = Utf8               ()V
{
  public T v;
    descriptor: Ljava/lang/Object;
    flags: ACC_PUBLIC
    Signature: #9                           // TT;

  public CallHold(T);
    descriptor: (Ljava/lang/Object;)V
    flags: ACC_PUBLIC
    Code:
      stack=3, locals=2, args_size=2
         0: aload_0
         1: invokespecial #1                  // Method java/lang/Object."<init>":()V
         4: aload_0
         5: aload_0
         6: aload_1
         7: invokespecial #2                  // Method identity:(Ljava/lang/Object;)Ljava/lang/Object;
        10: putfield      #3                  // Field v:Ljava/lang/Object;
        13: return
      LineNumberTable:
        line 1: 0
      LocalVariableTable:
        Start  Length  Slot  Name   Signature
            0      14     0  this   LCallHold;
            0      14     1     v   Ljava/lang/Object;
      LocalVariableTypeTable:
        Start  Length  Slot  Name   Signature
            0      14     0  this   LCallHold<TT;>;
            0      14     1     v   TT;
    Signature: #19                          // (TT;)V

  private T identity(T);
    descriptor: (Ljava/lang/Object;)Ljava/lang/Object;
    flags: ACC_PRIVATE
    Code:
      stack=1, locals=2, args_size=2
         0: aload_1
         1: areturn
      LineNumberTable:
        line 1: 0
      LocalVariableTable:
        Start  Length  Slot  Name   Signature
            0       2     0  this   LCallHold;
            0       2     1     x   Ljava/lang/Object;
      LocalVariableTypeTable:
        Start  Length  Slot  Name   Signature
            0       2     0  this   LCallHold<TT;>;
            0       2     1     x   TT;
    Signature: #23                          // (TT;)TT;
}
Signature: #24                          // <T:Ljava/lang/Object;>Ljava/lang/Object;
SourceFile: "CallHold.java"
