anonymous_interface_projection.state = "absent"
bridge_proofs = []
class.class_bytes.digest = "997f104874d0d62c10751bd5be7d76a4f9d8c26afd6cab69ad1953f59f20c495"
class.class_bytes.length = 365
class.location.entry.ordinal = 0
class.location.entry.origin.root_container = "root"
class.location.entry.origin.snapshot = "65fb40ada896c5e1dd725cc47f7f425053148bbb555b13b374e4196ac4509b8e"
class.location.entry.origin.steps = []
class.location.entry.raw_name = [68,66,83,50,46,99,108,97,115,115]
class.location.kind = "archive_entry"
class.variant.kind = "base"
coverage.artifact_structural.scanned.0.end = 2
coverage.artifact_structural.scanned.0.label = "central_directory_entries"
coverage.artifact_structural.scanned.0.start = 0
coverage.artifact_structural.scanned.1.end = 1
coverage.artifact_structural.scanned.1.label = "navigation_candidates"
coverage.artifact_structural.scanned.1.start = 0
coverage.artifact_structural.scanned.2.end = 3
coverage.artifact_structural.scanned.2.label = "class_methods"
coverage.artifact_structural.scanned.2.start = 0
coverage.artifact_structural.scanned.3.end = 3
coverage.artifact_structural.scanned.3.label = "class_source_bodies"
coverage.artifact_structural.scanned.3.start = 0
coverage.artifact_structural.skipped = []
coverage.artifact_structural.state = "complete_within_schema"
coverage.artifact_structural.uninterpreted_extensions = []
coverage.dynamic_analysis.scanned = []
coverage.dynamic_analysis.skipped = []
coverage.dynamic_analysis.state = "not_requested"
coverage.dynamic_analysis.uninterpreted_extensions = []
coverage.runtime_resolution.scanned = []
coverage.runtime_resolution.skipped = []
coverage.runtime_resolution.state = "not_requested"
coverage.runtime_resolution.uninterpreted_extensions = []
declaration.annotation_attributes = []
declaration.annotation_refusals = []
declaration.annotation_uses = []
declaration.declaration = "public class DBS2 extends java.lang.Object"
declaration.generic_refusal = null
declaration.generic_signature = null
declaration.item.binding.kind = "path_name_agrees"
declaration.item.declaration.access_flags = 33
declaration.item.declaration.interfaces = []
declaration.item.declaration.super_class.escaped = "java/lang/Object"
declaration.item.declaration.super_class.raw = [106,97,118,97,47,108,97,110,103,47,79,98,106,101,99,116]
declaration.item.declaration.super_class.utf16 = [106,97,118,97,47,108,97,110,103,47,79,98,106,101,99,116]
declaration.item.declaration.this_class.escaped = "DBS2"
declaration.item.declaration.this_class.raw = [68,66,83,50]
declaration.item.declaration.this_class.utf16 = [68,66,83,50]
declaration.item.definition.class_bytes.digest = "997f104874d0d62c10751bd5be7d76a4f9d8c26afd6cab69ad1953f59f20c495"
declaration.item.definition.class_bytes.length = 365
declaration.item.definition.location.entry.ordinal = 0
declaration.item.definition.location.entry.origin.root_container = "root"
declaration.item.definition.location.entry.origin.snapshot = "65fb40ada896c5e1dd725cc47f7f425053148bbb555b13b374e4196ac4509b8e"
declaration.item.definition.location.entry.origin.steps = []
declaration.item.definition.location.entry.raw_name = [68,66,83,50,46,99,108,97,115,115]
declaration.item.definition.location.kind = "archive_entry"
declaration.item.definition.variant.kind = "base"
declaration.item.member_table = null
declaration.name = "DBS2"
diagnostics = []
direct_override_proofs = []
enum_switch_proofs = []
execution.status = "complete"
execution.usage.analysis_steps = 640
execution.usage.archive_entries = 75
execution.usage.attribute_bytes = 4203
execution.usage.class_bytes = 12874
execution.usage.class_headers = 9
execution.usage.code_bytes = 287
execution.usage.dependency_depth = 0
execution.usage.elapsed_millis = 5
execution.usage.entry_bytes = 12509
execution.usage.input_bytes = 808
execution.usage.ir_edges = 64
execution.usage.ir_items = 1036
execution.usage.method_bodies = 7
execution.usage.nested_depth = 0
execution.usage.normalization_clones = 0
execution.usage.output_bytes = 667
execution.usage.read_bytes = 8123
execution.usage.result_items = 89
fields = []
initializer_proof.kind = "not_applicable"
integer_constant_projections = []
limits.analysis_steps = 4194304
limits.archive_entries = 65536
limits.attribute_bytes = 67108864
limits.class_bytes = 67108864
limits.class_headers = 4096
limits.code_bytes = 16777216
limits.dependency_depth = 8
limits.elapsed_millis = 30000
limits.entry_bytes = 67108864
limits.input_bytes = 67108864
limits.ir_edges = 4194304
limits.ir_items = 4194304
limits.method_bodies = 4096
limits.nested_depth = 4
limits.normalization_clones = 1048576
limits.output_bytes = 16777216
limits.read_bytes = 67108864
limits.result_items = 65536
member_family.state = "absent"
methods.0.annotations.attributes = []
methods.0.annotations.refusals = []
methods.0.annotations.uses = []
methods.0.declaration = "public DBS2()"
methods.0.item.access_flags = 1
methods.0.item.body.content_span.length = 17
methods.0.item.body.content_span.start = 256
methods.0.item.body.kind = "code_attribute"
methods.0.item.descriptor.escaped = "()V"
methods.0.item.descriptor.raw = [40,41,86]
methods.0.item.descriptor.utf16 = [40,41,86]
methods.0.item.identity.descriptor = [40,41,86]
methods.0.item.identity.name = [60,105,110,105,116,62]
methods.0.item.identity.owner.class_bytes.digest = "997f104874d0d62c10751bd5be7d76a4f9d8c26afd6cab69ad1953f59f20c495"
methods.0.item.identity.owner.class_bytes.length = 365
methods.0.item.identity.owner.location.entry.ordinal = 0
methods.0.item.identity.owner.location.entry.origin.root_container = "root"
methods.0.item.identity.owner.location.entry.origin.snapshot = "65fb40ada896c5e1dd725cc47f7f425053148bbb555b13b374e4196ac4509b8e"
methods.0.item.identity.owner.location.entry.origin.steps = []
methods.0.item.identity.owner.location.entry.raw_name = [68,66,83,50,46,99,108,97,115,115]
methods.0.item.identity.owner.location.kind = "archive_entry"
methods.0.item.identity.owner.variant.kind = "base"
methods.0.item.index = 0
methods.0.item.name.escaped = "<init>"
methods.0.item.name.raw = [60,105,110,105,116,62]
methods.0.item.name.utf16 = [60,105,110,105,116,62]
methods.0.markers = []
methods.0.no_body_kind = null
methods.0.outcome.analysis.diagnostics = 0
methods.0.outcome.analysis.execution.status = "complete"
methods.0.outcome.analysis.execution.usage.analysis_steps = 23
methods.0.outcome.analysis.execution.usage.archive_entries = 5
methods.0.outcome.analysis.execution.usage.attribute_bytes = 249
methods.0.outcome.analysis.execution.usage.class_bytes = 730
methods.0.outcome.analysis.execution.usage.class_headers = 1
methods.0.outcome.analysis.execution.usage.code_bytes = 5
methods.0.outcome.analysis.execution.usage.dependency_depth = 0
methods.0.outcome.analysis.execution.usage.elapsed_millis = 0
methods.0.outcome.analysis.execution.usage.entry_bytes = 365
methods.0.outcome.analysis.execution.usage.input_bytes = 808
methods.0.outcome.analysis.execution.usage.ir_edges = 2
methods.0.outcome.analysis.execution.usage.ir_items = 48
methods.0.outcome.analysis.execution.usage.method_bodies = 1
methods.0.outcome.analysis.execution.usage.nested_depth = 0
methods.0.outcome.analysis.execution.usage.normalization_clones = 0
methods.0.outcome.analysis.execution.usage.output_bytes = 0
methods.0.outcome.analysis.execution.usage.read_bytes = 227
methods.0.outcome.analysis.execution.usage.result_items = 12
methods.0.outcome.kind = "recovered"
methods.0.outcome.report.accessors = []
methods.0.outcome.report.aliased_names = []
methods.0.outcome.report.artifact.agreement.state = "not_stated"
methods.0.outcome.report.artifact.binding.engine = "0.1.0"
methods.0.outcome.report.artifact.binding.environment.content = ["65fb40ada896c5e1dd725cc47f7f425053148bbb555b13b374e4196ac4509b8e"]
methods.0.outcome.report.artifact.binding.environment.domain_loaders = ["app"]
methods.0.outcome.report.artifact.binding.environment.providers = []
methods.0.outcome.report.artifact.binding.environment.runtime.load_domain.delegation.kind = "parent_first"
methods.0.outcome.report.artifact.binding.environment.runtime.load_domain.external_override = "none"
methods.0.outcome.report.artifact.binding.environment.runtime.load_domain.loader = "app"
methods.0.outcome.report.artifact.binding.environment.runtime.load_domain.module_mode.kind = "class_path"
methods.0.outcome.report.artifact.binding.environment.runtime.load_domain.parent_loader = null
methods.0.outcome.report.artifact.binding.environment.runtime.load_domain.roots.0.kind = "container"
methods.0.outcome.report.artifact.binding.environment.runtime.load_domain.roots.0.origin.root_container = "root"
methods.0.outcome.report.artifact.binding.environment.runtime.load_domain.roots.0.origin.snapshot = "65fb40ada896c5e1dd725cc47f7f425053148bbb555b13b374e4196ac4509b8e"
methods.0.outcome.report.artifact.binding.environment.runtime.load_domain.roots.0.origin.steps = []
methods.0.outcome.report.artifact.binding.environment.runtime.load_domain.roots.0.prefix = []
methods.0.outcome.report.artifact.binding.environment.runtime.load_domain.runtime_transformation = "none"
methods.0.outcome.report.artifact.binding.environment.runtime.physical.scope.kind = "snapshot_all"
methods.0.outcome.report.artifact.binding.environment.runtime.physical.snapshot = "65fb40ada896c5e1dd725cc47f7f425053148bbb555b13b374e4196ac4509b8e"
methods.0.outcome.report.artifact.binding.environment.runtime.profile.java_release = 8
methods.0.outcome.report.artifact.binding.environment.runtime.profile.layout.kind = "generic"
methods.0.outcome.report.artifact.binding.environment.runtime.profile.multi_release.kind = "disabled"
methods.0.outcome.report.artifact.binding.member_ordinal = 0
methods.0.outcome.report.artifact.binding.method.descriptor = [40,41,86]
methods.0.outcome.report.artifact.binding.method.name = [60,105,110,105,116,62]
methods.0.outcome.report.artifact.binding.method.owner.class_bytes.digest = "997f104874d0d62c10751bd5be7d76a4f9d8c26afd6cab69ad1953f59f20c495"
methods.0.outcome.report.artifact.binding.method.owner.class_bytes.length = 365
methods.0.outcome.report.artifact.binding.method.owner.location.entry.ordinal = 0
methods.0.outcome.report.artifact.binding.method.owner.location.entry.origin.root_container = "root"
methods.0.outcome.report.artifact.binding.method.owner.location.entry.origin.snapshot = "65fb40ada896c5e1dd725cc47f7f425053148bbb555b13b374e4196ac4509b8e"
methods.0.outcome.report.artifact.binding.method.owner.location.entry.origin.steps = []
methods.0.outcome.report.artifact.binding.method.owner.location.entry.raw_name = [68,66,83,50,46,99,108,97,115,115]
methods.0.outcome.report.artifact.binding.method.owner.location.kind = "archive_entry"
methods.0.outcome.report.artifact.binding.method.owner.variant.kind = "base"
methods.0.outcome.report.artifact.binding.profile.java_release = 8
methods.0.outcome.report.artifact.binding.profile.layout.kind = "generic"
methods.0.outcome.report.artifact.binding.profile.multi_release.kind = "disabled"
methods.0.outcome.report.artifact.binding.registry = 71
methods.0.outcome.report.artifact.binding.rules = ["straight@1","if@1","loop@1","switch@1","lambda@1","concat@1","bridge@1","accessor@1","new@1","field@1","enumswitch@1","init@1","declaration@1","twr@1","monitor@1","finally@1"]
methods.0.outcome.report.artifact.binding.schema = 1
methods.0.outcome.report.artifact.binding.text_bytes = 178
methods.0.outcome.report.artifact.binding.text_digest = "b5bbfc444d37407a9c7a5d31bee69bbd"
methods.0.outcome.report.bridges = []
methods.0.outcome.report.compile_status = "not_attempted"
methods.0.outcome.report.concats = []
methods.0.outcome.report.content = "contains_statements"
methods.0.outcome.report.declaration = null
methods.0.outcome.report.diagnostics.0.code = "jre_recovery_produced"
methods.0.outcome.report.diagnostics.0.message = "1 region(s), 2 statement(s), 2 segment(s), 178 byte(s) written from 1 canonical block(s)"
methods.0.outcome.report.diagnostics.0.provenance = null
methods.0.outcome.report.diagnostics.0.severity = "info"
methods.0.outcome.report.diagnostics.1.code = "jre_constructor_prologue"
methods.0.outcome.report.diagnostics.1.message = "the body is an instance initializer and its prologue is written under init@1 as `super`: the call at BCI 1 names `java/lang/Object`, and the class that declares this constructor is `DBS2`"
methods.0.outcome.report.diagnostics.1.provenance = null
methods.0.outcome.report.diagnostics.1.severity = "info"
methods.0.outcome.report.diagnostics.2.code = "jre_declaration"
methods.0.outcome.report.diagnostics.2.message = "the artifact's envelope states the member's declaration under declaration@1: a constructor"
methods.0.outcome.report.diagnostics.2.provenance = null
methods.0.outcome.report.diagnostics.2.severity = "info"
methods.0.outcome.report.enum_switches = []
methods.0.outcome.report.evidence.categories.0.kind = "source_map"
methods.0.outcome.report.evidence.categories.0.state.state = "complete"
methods.0.outcome.report.evidence.categories.1.kind = "region_details"
methods.0.outcome.report.evidence.categories.1.state.state = "not_requested"
methods.0.outcome.report.evidence.categories.2.kind = "rule_details"
methods.0.outcome.report.evidence.categories.2.state.state = "not_requested"
methods.0.outcome.report.evidence.categories.3.kind = "name_details"
methods.0.outcome.report.evidence.categories.3.state.state = "not_requested"
methods.0.outcome.report.evidence.categories.4.kind = "read_details"
methods.0.outcome.report.evidence.categories.4.state.state = "not_requested"
methods.0.outcome.report.evidence.requested.driver_bci_range = null
methods.0.outcome.report.evidence.requested.expected_artifact = null
methods.0.outcome.report.evidence.requested.kinds = ["source_map"]
methods.0.outcome.report.execution.status = "complete"
methods.0.outcome.report.execution.usage.analysis_steps = 50
methods.0.outcome.report.execution.usage.archive_entries = 5
methods.0.outcome.report.execution.usage.attribute_bytes = 249
methods.0.outcome.report.execution.usage.class_bytes = 730
methods.0.outcome.report.execution.usage.class_headers = 1
methods.0.outcome.report.execution.usage.code_bytes = 5
methods.0.outcome.report.execution.usage.dependency_depth = 0
methods.0.outcome.report.execution.usage.elapsed_millis = 1
methods.0.outcome.report.execution.usage.entry_bytes = 365
methods.0.outcome.report.execution.usage.input_bytes = 808
methods.0.outcome.report.execution.usage.ir_edges = 2
methods.0.outcome.report.execution.usage.ir_items = 68
methods.0.outcome.report.execution.usage.method_bodies = 1
methods.0.outcome.report.execution.usage.nested_depth = 0
methods.0.outcome.report.execution.usage.normalization_clones = 0
methods.0.outcome.report.execution.usage.output_bytes = 178
methods.0.outcome.report.execution.usage.read_bytes = 227
methods.0.outcome.report.execution.usage.result_items = 12
methods.0.outcome.report.fallbacks = []
methods.0.outcome.report.fields = []
methods.0.outcome.report.init = null
methods.0.outcome.report.lambdas = []
methods.0.outcome.report.method = "<init>()V"
methods.0.outcome.report.news = []
methods.0.outcome.report.outcome = "produced"
methods.0.outcome.report.profile.java_release = 8
methods.0.outcome.report.profile.layout.kind = "generic"
methods.0.outcome.report.profile.multi_release.kind = "disabled"
methods.0.outcome.report.quality = "structured"
methods.0.outcome.report.regions = []
methods.0.outcome.report.representation = "java"
methods.0.outcome.report.rules = []
methods.0.outcome.report.semantic_validation = "unproven"
methods.0.outcome.report.source_map.segments.0.end = 164
methods.0.outcome.report.source_map.segments.0.origin.derived.0.bci = 0
methods.0.outcome.report.source_map.segments.0.origin.derived.0.cp = null
methods.0.outcome.report.source_map.segments.0.origin.derived.0.method.descriptor = [40,41,86]
methods.0.outcome.report.source_map.segments.0.origin.derived.0.method.name = [60,105,110,105,116,62]
methods.0.outcome.report.source_map.segments.0.origin.derived.0.method.owner.class_bytes.digest = "997f104874d0d62c10751bd5be7d76a4f9d8c26afd6cab69ad1953f59f20c495"
methods.0.outcome.report.source_map.segments.0.origin.derived.0.method.owner.class_bytes.length = 365
methods.0.outcome.report.source_map.segments.0.origin.derived.0.method.owner.location.entry.ordinal = 0
methods.0.outcome.report.source_map.segments.0.origin.derived.0.method.owner.location.entry.origin.root_container = "root"
methods.0.outcome.report.source_map.segments.0.origin.derived.0.method.owner.location.entry.origin.snapshot = "65fb40ada896c5e1dd725cc47f7f425053148bbb555b13b374e4196ac4509b8e"
methods.0.outcome.report.source_map.segments.0.origin.derived.0.method.owner.location.entry.origin.steps = []
methods.0.outcome.report.source_map.segments.0.origin.derived.0.method.owner.location.entry.raw_name = [68,66,83,50,46,99,108,97,115,115]
methods.0.outcome.report.source_map.segments.0.origin.derived.0.method.owner.location.kind = "archive_entry"
methods.0.outcome.report.source_map.segments.0.origin.derived.0.method.owner.variant.kind = "base"
methods.0.outcome.report.source_map.segments.0.origin.derived.0.provenance = "Derived"
methods.0.outcome.report.source_map.segments.0.origin.primary.bci = 1
methods.0.outcome.report.source_map.segments.0.origin.primary.cp = null
methods.0.outcome.report.source_map.segments.0.origin.primary.method.descriptor = [40,41,86]
methods.0.outcome.report.source_map.segments.0.origin.primary.method.name = [60,105,110,105,116,62]
methods.0.outcome.report.source_map.segments.0.origin.primary.method.owner.class_bytes.digest = "997f104874d0d62c10751bd5be7d76a4f9d8c26afd6cab69ad1953f59f20c495"
methods.0.outcome.report.source_map.segments.0.origin.primary.method.owner.class_bytes.length = 365
methods.0.outcome.report.source_map.segments.0.origin.primary.method.owner.location.entry.ordinal = 0
methods.0.outcome.report.source_map.segments.0.origin.primary.method.owner.location.entry.origin.root_container = "root"
methods.0.outcome.report.source_map.segments.0.origin.primary.method.owner.location.entry.origin.snapshot = "65fb40ada896c5e1dd725cc47f7f425053148bbb555b13b374e4196ac4509b8e"
methods.0.outcome.report.source_map.segments.0.origin.primary.method.owner.location.entry.origin.steps = []
methods.0.outcome.report.source_map.segments.0.origin.primary.method.owner.location.entry.raw_name = [68,66,83,50,46,99,108,97,115,115]
methods.0.outcome.report.source_map.segments.0.origin.primary.method.owner.location.kind = "archive_entry"
methods.0.outcome.report.source_map.segments.0.origin.primary.method.owner.variant.kind = "base"
methods.0.outcome.report.source_map.segments.0.origin.primary.provenance = "Direct"
methods.0.outcome.report.source_map.segments.0.start = 151
methods.0.outcome.report.source_map.segments.1.end = 176
methods.0.outcome.report.source_map.segments.1.origin.derived = []
methods.0.outcome.report.source_map.segments.1.origin.primary.bci = 4
methods.0.outcome.report.source_map.segments.1.origin.primary.cp = null
methods.0.outcome.report.source_map.segments.1.origin.primary.method.descriptor = [40,41,86]
methods.0.outcome.report.source_map.segments.1.origin.primary.method.name = [60,105,110,105,116,62]
methods.0.outcome.report.source_map.segments.1.origin.primary.method.owner.class_bytes.digest = "997f104874d0d62c10751bd5be7d76a4f9d8c26afd6cab69ad1953f59f20c495"
methods.0.outcome.report.source_map.segments.1.origin.primary.method.owner.class_bytes.length = 365
methods.0.outcome.report.source_map.segments.1.origin.primary.method.owner.location.entry.ordinal = 0
methods.0.outcome.report.source_map.segments.1.origin.primary.method.owner.location.entry.origin.root_container = "root"
methods.0.outcome.report.source_map.segments.1.origin.primary.method.owner.location.entry.origin.snapshot = "65fb40ada896c5e1dd725cc47f7f425053148bbb555b13b374e4196ac4509b8e"
methods.0.outcome.report.source_map.segments.1.origin.primary.method.owner.location.entry.origin.steps = []
methods.0.outcome.report.source_map.segments.1.origin.primary.method.owner.location.entry.raw_name = [68,66,83,50,46,99,108,97,115,115]
methods.0.outcome.report.source_map.segments.1.origin.primary.method.owner.location.kind = "archive_entry"
methods.0.outcome.report.source_map.segments.1.origin.primary.method.owner.variant.kind = "base"
methods.0.outcome.report.source_map.segments.1.origin.primary.provenance = "Direct"
methods.0.outcome.report.source_map.segments.1.start = 164
methods.0.outcome.report.syntax_status = "unchecked"
methods.0.outcome.report.text = "// @method <init>()V\n// @declaration a constructor of `DBS2`, member flags 0x0001\n// recovered from bytecode; presentation is not claimed to compile\n{\n    super();\n    return;\n}\n"
methods.0.outcome.report.verification = "not_performed"
methods.0.parameter_annotations.attributes = []
methods.0.parameter_annotations.refusals = []
methods.0.parameter_annotations.uses_by_position = []
methods.0.text = "    public DBS2() {\n        // @method <init>()V\n        // @declaration a constructor of `DBS2`, member flags 0x0001\n        // recovered from bytecode; presentation is not claimed to compile\n        super();\n        return;\n    }\n"
methods.0.type_annotations.attributes = []
methods.0.type_annotations.field_uses = []
methods.0.type_annotations.parameter_uses = []
methods.0.type_annotations.refusals = []
methods.0.type_annotations.return_uses = []
methods.1.annotations.attributes = []
methods.1.annotations.refusals = []
methods.1.annotations.uses = []
methods.1.declaration = "static java.util.List make(java.lang.String arg0)"
methods.1.item.access_flags = 8
methods.1.item.body.content_span.length = 23
methods.1.item.body.content_span.start = 287
methods.1.item.body.kind = "code_attribute"
methods.1.item.descriptor.escaped = "(Ljava/lang/String;)Ljava/util/List;"
methods.1.item.descriptor.raw = [40,76,106,97,118,97,47,108,97,110,103,47,83,116,114,105,110,103,59,41,76,106,97,118,97,47,117,116,105,108,47,76,105,115,116,59]
methods.1.item.descriptor.utf16 = [40,76,106,97,118,97,47,108,97,110,103,47,83,116,114,105,110,103,59,41,76,106,97,118,97,47,117,116,105,108,47,76,105,115,116,59]
methods.1.item.identity.descriptor = [40,76,106,97,118,97,47,108,97,110,103,47,83,116,114,105,110,103,59,41,76,106,97,118,97,47,117,116,105,108,47,76,105,115,116,59]
methods.1.item.identity.name = [109,97,107,101]
methods.1.item.identity.owner.class_bytes.digest = "997f104874d0d62c10751bd5be7d76a4f9d8c26afd6cab69ad1953f59f20c495"
methods.1.item.identity.owner.class_bytes.length = 365
methods.1.item.identity.owner.location.entry.ordinal = 0
methods.1.item.identity.owner.location.entry.origin.root_container = "root"
methods.1.item.identity.owner.location.entry.origin.snapshot = "65fb40ada896c5e1dd725cc47f7f425053148bbb555b13b374e4196ac4509b8e"
methods.1.item.identity.owner.location.entry.origin.steps = []
methods.1.item.identity.owner.location.entry.raw_name = [68,66,83,50,46,99,108,97,115,115]
methods.1.item.identity.owner.location.kind = "archive_entry"
methods.1.item.identity.owner.variant.kind = "base"
methods.1.item.index = 1
methods.1.item.name.escaped = "make"
methods.1.item.name.raw = [109,97,107,101]
methods.1.item.name.utf16 = [109,97,107,101]
methods.1.markers = []
methods.1.no_body_kind = null
methods.1.outcome.analysis.diagnostics = 0
methods.1.outcome.analysis.execution.status = "complete"
methods.1.outcome.analysis.execution.usage.analysis_steps = 88
methods.1.outcome.analysis.execution.usage.archive_entries = 5
methods.1.outcome.analysis.execution.usage.attribute_bytes = 294
methods.1.outcome.analysis.execution.usage.class_bytes = 730
methods.1.outcome.analysis.execution.usage.class_headers = 1
methods.1.outcome.analysis.execution.usage.code_bytes = 16
methods.1.outcome.analysis.execution.usage.dependency_depth = 0
methods.1.outcome.analysis.execution.usage.elapsed_millis = 1
methods.1.outcome.analysis.execution.usage.entry_bytes = 365
methods.1.outcome.analysis.execution.usage.input_bytes = 808
methods.1.outcome.analysis.execution.usage.ir_edges = 9
methods.1.outcome.analysis.execution.usage.ir_items = 180
methods.1.outcome.analysis.execution.usage.method_bodies = 2
methods.1.outcome.analysis.execution.usage.nested_depth = 0
methods.1.outcome.analysis.execution.usage.normalization_clones = 0
methods.1.outcome.analysis.execution.usage.output_bytes = 178
methods.1.outcome.analysis.execution.usage.read_bytes = 227
methods.1.outcome.analysis.execution.usage.result_items = 13
methods.1.outcome.kind = "recovered"
methods.1.outcome.report.accessors = []
methods.1.outcome.report.aliased_names = []
methods.1.outcome.report.artifact.agreement.state = "not_stated"
methods.1.outcome.report.artifact.binding.engine = "0.1.0"
methods.1.outcome.report.artifact.binding.environment.content = ["65fb40ada896c5e1dd725cc47f7f425053148bbb555b13b374e4196ac4509b8e"]
methods.1.outcome.report.artifact.binding.environment.domain_loaders = ["app"]
methods.1.outcome.report.artifact.binding.environment.providers = []
methods.1.outcome.report.artifact.binding.environment.runtime.load_domain.delegation.kind = "parent_first"
methods.1.outcome.report.artifact.binding.environment.runtime.load_domain.external_override = "none"
methods.1.outcome.report.artifact.binding.environment.runtime.load_domain.loader = "app"
methods.1.outcome.report.artifact.binding.environment.runtime.load_domain.module_mode.kind = "class_path"
methods.1.outcome.report.artifact.binding.environment.runtime.load_domain.parent_loader = null
methods.1.outcome.report.artifact.binding.environment.runtime.load_domain.roots.0.kind = "container"
methods.1.outcome.report.artifact.binding.environment.runtime.load_domain.roots.0.origin.root_container = "root"
methods.1.outcome.report.artifact.binding.environment.runtime.load_domain.roots.0.origin.snapshot = "65fb40ada896c5e1dd725cc47f7f425053148bbb555b13b374e4196ac4509b8e"
methods.1.outcome.report.artifact.binding.environment.runtime.load_domain.roots.0.origin.steps = []
methods.1.outcome.report.artifact.binding.environment.runtime.load_domain.roots.0.prefix = []
methods.1.outcome.report.artifact.binding.environment.runtime.load_domain.runtime_transformation = "none"
methods.1.outcome.report.artifact.binding.environment.runtime.physical.scope.kind = "snapshot_all"
methods.1.outcome.report.artifact.binding.environment.runtime.physical.snapshot = "65fb40ada896c5e1dd725cc47f7f425053148bbb555b13b374e4196ac4509b8e"
methods.1.outcome.report.artifact.binding.environment.runtime.profile.java_release = 8
methods.1.outcome.report.artifact.binding.environment.runtime.profile.layout.kind = "generic"
methods.1.outcome.report.artifact.binding.environment.runtime.profile.multi_release.kind = "disabled"
methods.1.outcome.report.artifact.binding.member_ordinal = 1
methods.1.outcome.report.artifact.binding.method.descriptor = [40,76,106,97,118,97,47,108,97,110,103,47,83,116,114,105,110,103,59,41,76,106,97,118,97,47,117,116,105,108,47,76,105,115,116,59]
methods.1.outcome.report.artifact.binding.method.name = [109,97,107,101]
methods.1.outcome.report.artifact.binding.method.owner.class_bytes.digest = "997f104874d0d62c10751bd5be7d76a4f9d8c26afd6cab69ad1953f59f20c495"
methods.1.outcome.report.artifact.binding.method.owner.class_bytes.length = 365
methods.1.outcome.report.artifact.binding.method.owner.location.entry.ordinal = 0
methods.1.outcome.report.artifact.binding.method.owner.location.entry.origin.root_container = "root"
methods.1.outcome.report.artifact.binding.method.owner.location.entry.origin.snapshot = "65fb40ada896c5e1dd725cc47f7f425053148bbb555b13b374e4196ac4509b8e"
methods.1.outcome.report.artifact.binding.method.owner.location.entry.origin.steps = []
methods.1.outcome.report.artifact.binding.method.owner.location.entry.raw_name = [68,66,83,50,46,99,108,97,115,115]
methods.1.outcome.report.artifact.binding.method.owner.location.kind = "archive_entry"
methods.1.outcome.report.artifact.binding.method.owner.variant.kind = "base"
methods.1.outcome.report.artifact.binding.profile.java_release = 8
methods.1.outcome.report.artifact.binding.profile.layout.kind = "generic"
methods.1.outcome.report.artifact.binding.profile.multi_release.kind = "disabled"
methods.1.outcome.report.artifact.binding.registry = 71
methods.1.outcome.report.artifact.binding.rules = ["straight@1","if@1","loop@1","switch@1","lambda@1","concat@1","bridge@1","accessor@1","new@1","field@1","enumswitch@1","init@1","declaration@1","twr@1","monitor@1","finally@1"]
methods.1.outcome.report.artifact.binding.schema = 1
methods.1.outcome.report.artifact.binding.text_bytes = 243
methods.1.outcome.report.artifact.binding.text_digest = "2353c87fed89b1ded8e9429a9c831f24"
methods.1.outcome.report.bridges = []
methods.1.outcome.report.compile_status = "not_attempted"
methods.1.outcome.report.concats = []
methods.1.outcome.report.content = "contains_statements"
methods.1.outcome.report.declaration = null
methods.1.outcome.report.diagnostics.0.code = "jre_recovery_produced"
methods.1.outcome.report.diagnostics.0.message = "1 region(s), 2 statement(s), 5 segment(s), 243 byte(s) written from 1 canonical block(s)"
methods.1.outcome.report.diagnostics.0.provenance = null
methods.1.outcome.report.diagnostics.0.severity = "info"
methods.1.outcome.report.diagnostics.1.code = "jre_new_sites"
methods.1.outcome.report.diagnostics.1.message = "1 construction candidate(s) read under new@1: 1 presented as `new`, 0 refused"
methods.1.outcome.report.diagnostics.1.provenance = null
methods.1.outcome.report.diagnostics.1.severity = "info"
methods.1.outcome.report.diagnostics.2.code = "jre_declaration"
methods.1.outcome.report.diagnostics.2.message = "the artifact's envelope states the member's declaration under declaration@1: a static method"
methods.1.outcome.report.diagnostics.2.provenance = null
methods.1.outcome.report.diagnostics.2.severity = "info"
methods.1.outcome.report.enum_switches = []
methods.1.outcome.report.evidence.categories.0.kind = "source_map"
methods.1.outcome.report.evidence.categories.0.state.state = "complete"
methods.1.outcome.report.evidence.categories.1.kind = "region_details"
methods.1.outcome.report.evidence.categories.1.state.state = "not_requested"
methods.1.outcome.report.evidence.categories.2.kind = "rule_details"
methods.1.outcome.report.evidence.categories.2.state.state = "not_requested"
methods.1.outcome.report.evidence.categories.3.kind = "name_details"
methods.1.outcome.report.evidence.categories.3.state.state = "not_requested"
methods.1.outcome.report.evidence.categories.4.kind = "read_details"
methods.1.outcome.report.evidence.categories.4.state.state = "not_requested"
methods.1.outcome.report.evidence.requested.driver_bci_range = null
methods.1.outcome.report.evidence.requested.expected_artifact = null
methods.1.outcome.report.evidence.requested.kinds = ["source_map"]
methods.1.outcome.report.execution.status = "complete"
methods.1.outcome.report.execution.usage.analysis_steps = 159
methods.1.outcome.report.execution.usage.archive_entries = 9
methods.1.outcome.report.execution.usage.attribute_bytes = 512
methods.1.outcome.report.execution.usage.class_bytes = 1836
methods.1.outcome.report.execution.usage.class_headers = 2
methods.1.outcome.report.execution.usage.code_bytes = 16
methods.1.outcome.report.execution.usage.dependency_depth = 0
methods.1.outcome.report.execution.usage.elapsed_millis = 2
methods.1.outcome.report.execution.usage.entry_bytes = 1471
methods.1.outcome.report.execution.usage.input_bytes = 808
methods.1.outcome.report.execution.usage.ir_edges = 9
methods.1.outcome.report.execution.usage.ir_items = 240
methods.1.outcome.report.execution.usage.method_bodies = 2
methods.1.outcome.report.execution.usage.nested_depth = 0
methods.1.outcome.report.execution.usage.normalization_clones = 0
methods.1.outcome.report.execution.usage.output_bytes = 421
methods.1.outcome.report.execution.usage.read_bytes = 953
methods.1.outcome.report.execution.usage.result_items = 20
methods.1.outcome.report.fallbacks = []
methods.1.outcome.report.fields = []
methods.1.outcome.report.init = null
methods.1.outcome.report.lambdas = []
methods.1.outcome.report.method = "make(Ljava/lang/String;)Ljava/util/List;"
methods.1.outcome.report.news = []
methods.1.outcome.report.outcome = "produced"
methods.1.outcome.report.profile.java_release = 8
methods.1.outcome.report.profile.layout.kind = "generic"
methods.1.outcome.report.profile.multi_release.kind = "disabled"
methods.1.outcome.report.quality = "structured"
methods.1.outcome.report.regions = []
methods.1.outcome.report.representation = "java"
methods.1.outcome.report.rules = []
methods.1.outcome.report.semantic_validation = "unproven"
methods.1.outcome.report.source_map.segments.0.end = 219
methods.1.outcome.report.source_map.segments.0.origin.derived = []
methods.1.outcome.report.source_map.segments.0.origin.primary.bci = 4
methods.1.outcome.report.source_map.segments.0.origin.primary.cp = null
methods.1.outcome.report.source_map.segments.0.origin.primary.method.descriptor = [40,76,106,97,118,97,47,108,97,110,103,47,83,116,114,105,110,103,59,41,76,106,97,118,97,47,117,116,105,108,47,76,105,115,116,59]
methods.1.outcome.report.source_map.segments.0.origin.primary.method.name = [109,97,107,101]
methods.1.outcome.report.source_map.segments.0.origin.primary.method.owner.class_bytes.digest = "997f104874d0d62c10751bd5be7d76a4f9d8c26afd6cab69ad1953f59f20c495"
methods.1.outcome.report.source_map.segments.0.origin.primary.method.owner.class_bytes.length = 365
methods.1.outcome.report.source_map.segments.0.origin.primary.method.owner.location.entry.ordinal = 0
methods.1.outcome.report.source_map.segments.0.origin.primary.method.owner.location.entry.origin.root_container = "root"
methods.1.outcome.report.source_map.segments.0.origin.primary.method.owner.location.entry.origin.snapshot = "65fb40ada896c5e1dd725cc47f7f425053148bbb555b13b374e4196ac4509b8e"
methods.1.outcome.report.source_map.segments.0.origin.primary.method.owner.location.entry.origin.steps = []
methods.1.outcome.report.source_map.segments.0.origin.primary.method.owner.location.entry.raw_name = [68,66,83,50,46,99,108,97,115,115]
methods.1.outcome.report.source_map.segments.0.origin.primary.method.owner.location.kind = "archive_entry"
methods.1.outcome.report.source_map.segments.0.origin.primary.method.owner.variant.kind = "base"
methods.1.outcome.report.source_map.segments.0.origin.primary.provenance = "Direct"
methods.1.outcome.report.source_map.segments.0.start = 215
methods.1.outcome.report.source_map.segments.1.end = 220
methods.1.outcome.report.source_map.segments.1.origin.derived.0.bci = 0
methods.1.outcome.report.source_map.segments.1.origin.derived.0.cp = null
methods.1.outcome.report.source_map.segments.1.origin.derived.0.method.descriptor = [40,76,106,97,118,97,47,108,97,110,103,47,83,116,114,105,110,103,59,41,76,106,97,118,97,47,117,116,105,108,47,76,105,115,116,59]
methods.1.outcome.report.source_map.segments.1.origin.derived.0.method.name = [109,97,107,101]
methods.1.outcome.report.source_map.segments.1.origin.derived.0.method.owner.class_bytes.digest = "997f104874d0d62c10751bd5be7d76a4f9d8c26afd6cab69ad1953f59f20c495"
methods.1.outcome.report.source_map.segments.1.origin.derived.0.method.owner.class_bytes.length = 365
methods.1.outcome.report.source_map.segments.1.origin.derived.0.method.owner.location.entry.ordinal = 0
methods.1.outcome.report.source_map.segments.1.origin.derived.0.method.owner.location.entry.origin.root_container = "root"
methods.1.outcome.report.source_map.segments.1.origin.derived.0.method.owner.location.entry.origin.snapshot = "65fb40ada896c5e1dd725cc47f7f425053148bbb555b13b374e4196ac4509b8e"
methods.1.outcome.report.source_map.segments.1.origin.derived.0.method.owner.location.entry.origin.steps = []
methods.1.outcome.report.source_map.segments.1.origin.derived.0.method.owner.location.entry.raw_name = [68,66,83,50,46,99,108,97,115,115]
methods.1.outcome.report.source_map.segments.1.origin.derived.0.method.owner.location.kind = "archive_entry"
methods.1.outcome.report.source_map.segments.1.origin.derived.0.method.owner.variant.kind = "base"
methods.1.outcome.report.source_map.segments.1.origin.derived.0.provenance = "Derived"
methods.1.outcome.report.source_map.segments.1.origin.derived.1.bci = 3
methods.1.outcome.report.source_map.segments.1.origin.derived.1.cp = null
methods.1.outcome.report.source_map.segments.1.origin.derived.1.method.descriptor = [40,76,106,97,118,97,47,108,97,110,103,47,83,116,114,105,110,103,59,41,76,106,97,118,97,47,117,116,105,108,47,76,105,115,116,59]
methods.1.outcome.report.source_map.segments.1.origin.derived.1.method.name = [109,97,107,101]
methods.1.outcome.report.source_map.segments.1.origin.derived.1.method.owner.class_bytes.digest = "997f104874d0d62c10751bd5be7d76a4f9d8c26afd6cab69ad1953f59f20c495"
methods.1.outcome.report.source_map.segments.1.origin.derived.1.method.owner.class_bytes.length = 365
methods.1.outcome.report.source_map.segments.1.origin.derived.1.method.owner.location.entry.ordinal = 0
methods.1.outcome.report.source_map.segments.1.origin.derived.1.method.owner.location.entry.origin.root_container = "root"
methods.1.outcome.report.source_map.segments.1.origin.derived.1.method.owner.location.entry.origin.snapshot = "65fb40ada896c5e1dd725cc47f7f425053148bbb555b13b374e4196ac4509b8e"
methods.1.outcome.report.source_map.segments.1.origin.derived.1.method.owner.location.entry.origin.steps = []
methods.1.outcome.report.source_map.segments.1.origin.derived.1.method.owner.location.entry.raw_name = [68,66,83,50,46,99,108,97,115,115]
methods.1.outcome.report.source_map.segments.1.origin.derived.1.method.owner.location.kind = "archive_entry"
methods.1.outcome.report.source_map.segments.1.origin.derived.1.method.owner.variant.kind = "base"
methods.1.outcome.report.source_map.segments.1.origin.derived.1.provenance = "Derived"
methods.1.outcome.report.source_map.segments.1.origin.primary.bci = 5
methods.1.outcome.report.source_map.segments.1.origin.primary.cp = null
methods.1.outcome.report.source_map.segments.1.origin.primary.method.descriptor = [40,76,106,97,118,97,47,108,97,110,103,47,83,116,114,105,110,103,59,41,76,106,97,118,97,47,117,116,105,108,47,76,105,115,116,59]
methods.1.outcome.report.source_map.segments.1.origin.primary.method.name = [109,97,107,101]
methods.1.outcome.report.source_map.segments.1.origin.primary.method.owner.class_bytes.digest = "997f104874d0d62c10751bd5be7d76a4f9d8c26afd6cab69ad1953f59f20c495"
methods.1.outcome.report.source_map.segments.1.origin.primary.method.owner.class_bytes.length = 365
methods.1.outcome.report.source_map.segments.1.origin.primary.method.owner.location.entry.ordinal = 0
methods.1.outcome.report.source_map.segments.1.origin.primary.method.owner.location.entry.origin.root_container = "root"
methods.1.outcome.report.source_map.segments.1.origin.primary.method.owner.location.entry.origin.snapshot = "65fb40ada896c5e1dd725cc47f7f425053148bbb555b13b374e4196ac4509b8e"
methods.1.outcome.report.source_map.segments.1.origin.primary.method.owner.location.entry.origin.steps = []
methods.1.outcome.report.source_map.segments.1.origin.primary.method.owner.location.entry.raw_name = [68,66,83,50,46,99,108,97,115,115]
methods.1.outcome.report.source_map.segments.1.origin.primary.method.owner.location.kind = "archive_entry"
methods.1.outcome.report.source_map.segments.1.origin.primary.method.owner.variant.kind = "base"
methods.1.outcome.report.source_map.segments.1.origin.primary.provenance = "Direct"
methods.1.outcome.report.source_map.segments.1.start = 204
methods.1.outcome.report.source_map.segments.2.end = 222
methods.1.outcome.report.source_map.segments.2.origin.derived = []
methods.1.outcome.report.source_map.segments.2.origin.primary.bci = 8
methods.1.outcome.report.source_map.segments.2.origin.primary.cp = null
methods.1.outcome.report.source_map.segments.2.origin.primary.method.descriptor = [40,76,106,97,118,97,47,108,97,110,103,47,83,116,114,105,110,103,59,41,76,106,97,118,97,47,117,116,105,108,47,76,105,115,116,59]
methods.1.outcome.report.source_map.segments.2.origin.primary.method.name = [109,97,107,101]
methods.1.outcome.report.source_map.segments.2.origin.primary.method.owner.class_bytes.digest = "997f104874d0d62c10751bd5be7d76a4f9d8c26afd6cab69ad1953f59f20c495"
methods.1.outcome.report.source_map.segments.2.origin.primary.method.owner.class_bytes.length = 365
methods.1.outcome.report.source_map.segments.2.origin.primary.method.owner.location.entry.ordinal = 0
methods.1.outcome.report.source_map.segments.2.origin.primary.method.owner.location.entry.origin.root_container = "root"
methods.1.outcome.report.source_map.segments.2.origin.primary.method.owner.location.entry.origin.snapshot = "65fb40ada896c5e1dd725cc47f7f425053148bbb555b13b374e4196ac4509b8e"
methods.1.outcome.report.source_map.segments.2.origin.primary.method.owner.location.entry.origin.steps = []
methods.1.outcome.report.source_map.segments.2.origin.primary.method.owner.location.entry.raw_name = [68,66,83,50,46,99,108,97,115,115]
methods.1.outcome.report.source_map.segments.2.origin.primary.method.owner.location.kind = "archive_entry"
methods.1.outcome.report.source_map.segments.2.origin.primary.method.owner.variant.kind = "base"
methods.1.outcome.report.source_map.segments.2.origin.primary.provenance = "Direct"
methods.1.outcome.report.source_map.segments.2.start = 184
methods.1.outcome.report.source_map.segments.3.end = 239
methods.1.outcome.report.source_map.segments.3.origin.derived = []
methods.1.outcome.report.source_map.segments.3.origin.primary.bci = 9
methods.1.outcome.report.source_map.segments.3.origin.primary.cp = null
methods.1.outcome.report.source_map.segments.3.origin.primary.method.descriptor = [40,76,106,97,118,97,47,108,97,110,103,47,83,116,114,105,110,103,59,41,76,106,97,118,97,47,117,116,105,108,47,76,105,115,116,59]
methods.1.outcome.report.source_map.segments.3.origin.primary.method.name = [109,97,107,101]
methods.1.outcome.report.source_map.segments.3.origin.primary.method.owner.class_bytes.digest = "997f104874d0d62c10751bd5be7d76a4f9d8c26afd6cab69ad1953f59f20c495"
methods.1.outcome.report.source_map.segments.3.origin.primary.method.owner.class_bytes.length = 365
methods.1.outcome.report.source_map.segments.3.origin.primary.method.owner.location.entry.ordinal = 0
methods.1.outcome.report.source_map.segments.3.origin.primary.method.owner.location.entry.origin.root_container = "root"
methods.1.outcome.report.source_map.segments.3.origin.primary.method.owner.location.entry.origin.snapshot = "65fb40ada896c5e1dd725cc47f7f425053148bbb555b13b374e4196ac4509b8e"
methods.1.outcome.report.source_map.segments.3.origin.primary.method.owner.location.entry.origin.steps = []
methods.1.outcome.report.source_map.segments.3.origin.primary.method.owner.location.entry.raw_name = [68,66,83,50,46,99,108,97,115,115]
methods.1.outcome.report.source_map.segments.3.origin.primary.method.owner.location.kind = "archive_entry"
methods.1.outcome.report.source_map.segments.3.origin.primary.method.owner.variant.kind = "base"
methods.1.outcome.report.source_map.segments.3.origin.primary.provenance = "Direct"
methods.1.outcome.report.source_map.segments.3.start = 233
methods.1.outcome.report.source_map.segments.4.end = 241
methods.1.outcome.report.source_map.segments.4.origin.derived = []
methods.1.outcome.report.source_map.segments.4.origin.primary.bci = 10
methods.1.outcome.report.source_map.segments.4.origin.primary.cp = null
methods.1.outcome.report.source_map.segments.4.origin.primary.method.descriptor = [40,76,106,97,118,97,47,108,97,110,103,47,83,116,114,105,110,103,59,41,76,106,97,118,97,47,117,116,105,108,47,76,105,115,116,59]
methods.1.outcome.report.source_map.segments.4.origin.primary.method.name = [109,97,107,101]
methods.1.outcome.report.source_map.segments.4.origin.primary.method.owner.class_bytes.digest = "997f104874d0d62c10751bd5be7d76a4f9d8c26afd6cab69ad1953f59f20c495"
methods.1.outcome.report.source_map.segments.4.origin.primary.method.owner.class_bytes.length = 365
methods.1.outcome.report.source_map.segments.4.origin.primary.method.owner.location.entry.ordinal = 0
methods.1.outcome.report.source_map.segments.4.origin.primary.method.owner.location.entry.origin.root_container = "root"
methods.1.outcome.report.source_map.segments.4.origin.primary.method.owner.location.entry.origin.snapshot = "65fb40ada896c5e1dd725cc47f7f425053148bbb555b13b374e4196ac4509b8e"
methods.1.outcome.report.source_map.segments.4.origin.primary.method.owner.location.entry.origin.steps = []
methods.1.outcome.report.source_map.segments.4.origin.primary.method.owner.location.entry.raw_name = [68,66,83,50,46,99,108,97,115,115]
methods.1.outcome.report.source_map.segments.4.origin.primary.method.owner.location.kind = "archive_entry"
methods.1.outcome.report.source_map.segments.4.origin.primary.method.owner.variant.kind = "base"
methods.1.outcome.report.source_map.segments.4.origin.primary.provenance = "Direct"
methods.1.outcome.report.source_map.segments.4.start = 222
methods.1.outcome.report.syntax_status = "unchecked"
methods.1.outcome.report.text = "// @method make(Ljava/lang/String;)Ljava/util/List;\n// @declaration a static method of `DBS2`, member flags 0x0008\n// recovered from bytecode; presentation is not claimed to compile\n{\n    DBS2$1 local1 = new DBS2$1(arg0);\n    return local1;\n}\n"
methods.1.outcome.report.verification = "not_performed"
methods.1.parameter_annotations.attributes = []
methods.1.parameter_annotations.refusals = []
methods.1.parameter_annotations.uses_by_position = [[]]
methods.1.text = "    static java.util.List make(java.lang.String arg0) {\n        // @method make(Ljava/lang/String;)Ljava/util/List;\n        // @declaration a static method of `DBS2`, member flags 0x0008\n        // recovered from bytecode; presentation is not claimed to compile\n        DBS2$1 local1 = new DBS2$1(arg0);\n        return local1;\n    }\n"
methods.1.type_annotations.attributes = []
methods.1.type_annotations.field_uses = []
methods.1.type_annotations.parameter_uses = [[]]
methods.1.type_annotations.refusals = []
methods.1.type_annotations.return_uses = []
methods.2.annotations.attributes = []
methods.2.annotations.refusals = []
methods.2.annotations.uses = []
methods.2.declaration = "static java.lang.Object again(java.lang.String arg0)"
methods.2.item.access_flags = 8
methods.2.item.body.content_span.length = 23
methods.2.item.body.content_span.start = 324
methods.2.item.body.kind = "code_attribute"
methods.2.item.descriptor.escaped = "(Ljava/lang/String;)Ljava/lang/Object;"
methods.2.item.descriptor.raw = [40,76,106,97,118,97,47,108,97,110,103,47,83,116,114,105,110,103,59,41,76,106,97,118,97,47,108,97,110,103,47,79,98,106,101,99,116,59]
methods.2.item.descriptor.utf16 = [40,76,106,97,118,97,47,108,97,110,103,47,83,116,114,105,110,103,59,41,76,106,97,118,97,47,108,97,110,103,47,79,98,106,101,99,116,59]
methods.2.item.identity.descriptor = [40,76,106,97,118,97,47,108,97,110,103,47,83,116,114,105,110,103,59,41,76,106,97,118,97,47,108,97,110,103,47,79,98,106,101,99,116,59]
methods.2.item.identity.name = [97,103,97,105,110]
methods.2.item.identity.owner.class_bytes.digest = "997f104874d0d62c10751bd5be7d76a4f9d8c26afd6cab69ad1953f59f20c495"
methods.2.item.identity.owner.class_bytes.length = 365
methods.2.item.identity.owner.location.entry.ordinal = 0
methods.2.item.identity.owner.location.entry.origin.root_container = "root"
methods.2.item.identity.owner.location.entry.origin.snapshot = "65fb40ada896c5e1dd725cc47f7f425053148bbb555b13b374e4196ac4509b8e"
methods.2.item.identity.owner.location.entry.origin.steps = []
methods.2.item.identity.owner.location.entry.raw_name = [68,66,83,50,46,99,108,97,115,115]
methods.2.item.identity.owner.location.kind = "archive_entry"
methods.2.item.identity.owner.variant.kind = "base"
methods.2.item.index = 2
methods.2.item.name.escaped = "again"
methods.2.item.name.raw = [97,103,97,105,110]
methods.2.item.name.utf16 = [97,103,97,105,110]
methods.2.markers = []
methods.2.no_body_kind = null
methods.2.outcome.analysis.diagnostics = 0
methods.2.outcome.analysis.execution.status = "complete"
methods.2.outcome.analysis.execution.usage.analysis_steps = 197
methods.2.outcome.analysis.execution.usage.archive_entries = 9
methods.2.outcome.analysis.execution.usage.attribute_bytes = 557
methods.2.outcome.analysis.execution.usage.class_bytes = 1836
methods.2.outcome.analysis.execution.usage.class_headers = 2
methods.2.outcome.analysis.execution.usage.code_bytes = 27
methods.2.outcome.analysis.execution.usage.dependency_depth = 0
methods.2.outcome.analysis.execution.usage.elapsed_millis = 2
methods.2.outcome.analysis.execution.usage.entry_bytes = 1471
methods.2.outcome.analysis.execution.usage.input_bytes = 808
methods.2.outcome.analysis.execution.usage.ir_edges = 16
methods.2.outcome.analysis.execution.usage.ir_items = 352
methods.2.outcome.analysis.execution.usage.method_bodies = 3
methods.2.outcome.analysis.execution.usage.nested_depth = 0
methods.2.outcome.analysis.execution.usage.normalization_clones = 0
methods.2.outcome.analysis.execution.usage.output_bytes = 421
methods.2.outcome.analysis.execution.usage.read_bytes = 953
methods.2.outcome.analysis.execution.usage.result_items = 21
methods.2.outcome.kind = "recovered"
methods.2.outcome.report.accessors = []
methods.2.outcome.report.aliased_names = []
methods.2.outcome.report.artifact.agreement.state = "not_stated"
methods.2.outcome.report.artifact.binding.engine = "0.1.0"
methods.2.outcome.report.artifact.binding.environment.content = ["65fb40ada896c5e1dd725cc47f7f425053148bbb555b13b374e4196ac4509b8e"]
methods.2.outcome.report.artifact.binding.environment.domain_loaders = ["app"]
methods.2.outcome.report.artifact.binding.environment.providers = []
methods.2.outcome.report.artifact.binding.environment.runtime.load_domain.delegation.kind = "parent_first"
methods.2.outcome.report.artifact.binding.environment.runtime.load_domain.external_override = "none"
methods.2.outcome.report.artifact.binding.environment.runtime.load_domain.loader = "app"
methods.2.outcome.report.artifact.binding.environment.runtime.load_domain.module_mode.kind = "class_path"
methods.2.outcome.report.artifact.binding.environment.runtime.load_domain.parent_loader = null
methods.2.outcome.report.artifact.binding.environment.runtime.load_domain.roots.0.kind = "container"
methods.2.outcome.report.artifact.binding.environment.runtime.load_domain.roots.0.origin.root_container = "root"
methods.2.outcome.report.artifact.binding.environment.runtime.load_domain.roots.0.origin.snapshot = "65fb40ada896c5e1dd725cc47f7f425053148bbb555b13b374e4196ac4509b8e"
methods.2.outcome.report.artifact.binding.environment.runtime.load_domain.roots.0.origin.steps = []
methods.2.outcome.report.artifact.binding.environment.runtime.load_domain.roots.0.prefix = []
methods.2.outcome.report.artifact.binding.environment.runtime.load_domain.runtime_transformation = "none"
methods.2.outcome.report.artifact.binding.environment.runtime.physical.scope.kind = "snapshot_all"
methods.2.outcome.report.artifact.binding.environment.runtime.physical.snapshot = "65fb40ada896c5e1dd725cc47f7f425053148bbb555b13b374e4196ac4509b8e"
methods.2.outcome.report.artifact.binding.environment.runtime.profile.java_release = 8
methods.2.outcome.report.artifact.binding.environment.runtime.profile.layout.kind = "generic"
methods.2.outcome.report.artifact.binding.environment.runtime.profile.multi_release.kind = "disabled"
methods.2.outcome.report.artifact.binding.member_ordinal = 2
methods.2.outcome.report.artifact.binding.method.descriptor = [40,76,106,97,118,97,47,108,97,110,103,47,83,116,114,105,110,103,59,41,76,106,97,118,97,47,108,97,110,103,47,79,98,106,101,99,116,59]
methods.2.outcome.report.artifact.binding.method.name = [97,103,97,105,110]
methods.2.outcome.report.artifact.binding.method.owner.class_bytes.digest = "997f104874d0d62c10751bd5be7d76a4f9d8c26afd6cab69ad1953f59f20c495"
methods.2.outcome.report.artifact.binding.method.owner.class_bytes.length = 365
methods.2.outcome.report.artifact.binding.method.owner.location.entry.ordinal = 0
methods.2.outcome.report.artifact.binding.method.owner.location.entry.origin.root_container = "root"
methods.2.outcome.report.artifact.binding.method.owner.location.entry.origin.snapshot = "65fb40ada896c5e1dd725cc47f7f425053148bbb555b13b374e4196ac4509b8e"
methods.2.outcome.report.artifact.binding.method.owner.location.entry.origin.steps = []
methods.2.outcome.report.artifact.binding.method.owner.location.entry.raw_name = [68,66,83,50,46,99,108,97,115,115]
methods.2.outcome.report.artifact.binding.method.owner.location.kind = "archive_entry"
methods.2.outcome.report.artifact.binding.method.owner.variant.kind = "base"
methods.2.outcome.report.artifact.binding.profile.java_release = 8
methods.2.outcome.report.artifact.binding.profile.layout.kind = "generic"
methods.2.outcome.report.artifact.binding.profile.multi_release.kind = "disabled"
methods.2.outcome.report.artifact.binding.registry = 71
methods.2.outcome.report.artifact.binding.rules = ["straight@1","if@1","loop@1","switch@1","lambda@1","concat@1","bridge@1","accessor@1","new@1","field@1","enumswitch@1","init@1","declaration@1","twr@1","monitor@1","finally@1"]
methods.2.outcome.report.artifact.binding.schema = 1
methods.2.outcome.report.artifact.binding.text_bytes = 246
methods.2.outcome.report.artifact.binding.text_digest = "d8e9783626a13fe42ebf677b6cb012fb"
methods.2.outcome.report.bridges = []
methods.2.outcome.report.compile_status = "not_attempted"
methods.2.outcome.report.concats = []
methods.2.outcome.report.content = "contains_statements"
methods.2.outcome.report.declaration = null
methods.2.outcome.report.diagnostics.0.code = "jre_recovery_produced"
methods.2.outcome.report.diagnostics.0.message = "1 region(s), 2 statement(s), 5 segment(s), 246 byte(s) written from 1 canonical block(s)"
methods.2.outcome.report.diagnostics.0.provenance = null
methods.2.outcome.report.diagnostics.0.severity = "info"
methods.2.outcome.report.diagnostics.1.code = "jre_new_sites"
methods.2.outcome.report.diagnostics.1.message = "1 construction candidate(s) read under new@1: 1 presented as `new`, 0 refused"
methods.2.outcome.report.diagnostics.1.provenance = null
methods.2.outcome.report.diagnostics.1.severity = "info"
methods.2.outcome.report.diagnostics.2.code = "jre_declaration"
methods.2.outcome.report.diagnostics.2.message = "the artifact's envelope states the member's declaration under declaration@1: a static method"
methods.2.outcome.report.diagnostics.2.provenance = null
methods.2.outcome.report.diagnostics.2.severity = "info"
methods.2.outcome.report.enum_switches = []
methods.2.outcome.report.evidence.categories.0.kind = "source_map"
methods.2.outcome.report.evidence.categories.0.state.state = "complete"
methods.2.outcome.report.evidence.categories.1.kind = "region_details"
methods.2.outcome.report.evidence.categories.1.state.state = "not_requested"
methods.2.outcome.report.evidence.categories.2.kind = "rule_details"
methods.2.outcome.report.evidence.categories.2.state.state = "not_requested"
methods.2.outcome.report.evidence.categories.3.kind = "name_details"
methods.2.outcome.report.evidence.categories.3.state.state = "not_requested"
methods.2.outcome.report.evidence.categories.4.kind = "read_details"
methods.2.outcome.report.evidence.categories.4.state.state = "not_requested"
methods.2.outcome.report.evidence.requested.driver_bci_range = null
methods.2.outcome.report.evidence.requested.expected_artifact = null
methods.2.outcome.report.evidence.requested.kinds = ["source_map"]
methods.2.outcome.report.execution.status = "complete"
methods.2.outcome.report.execution.usage.analysis_steps = 268
methods.2.outcome.report.execution.usage.archive_entries = 13
methods.2.outcome.report.execution.usage.attribute_bytes = 775
methods.2.outcome.report.execution.usage.class_bytes = 2942
methods.2.outcome.report.execution.usage.class_headers = 3
methods.2.outcome.report.execution.usage.code_bytes = 27
methods.2.outcome.report.execution.usage.dependency_depth = 0
methods.2.outcome.report.execution.usage.elapsed_millis = 2
methods.2.outcome.report.execution.usage.entry_bytes = 2577
methods.2.outcome.report.execution.usage.input_bytes = 808
methods.2.outcome.report.execution.usage.ir_edges = 16
methods.2.outcome.report.execution.usage.ir_items = 412
methods.2.outcome.report.execution.usage.method_bodies = 3
methods.2.outcome.report.execution.usage.nested_depth = 0
methods.2.outcome.report.execution.usage.normalization_clones = 0
methods.2.outcome.report.execution.usage.output_bytes = 667
methods.2.outcome.report.execution.usage.read_bytes = 1679
methods.2.outcome.report.execution.usage.result_items = 28
methods.2.outcome.report.fallbacks = []
methods.2.outcome.report.fields = []
methods.2.outcome.report.init = null
methods.2.outcome.report.lambdas = []
methods.2.outcome.report.method = "again(Ljava/lang/String;)Ljava/lang/Object;"
methods.2.outcome.report.news = []
methods.2.outcome.report.outcome = "produced"
methods.2.outcome.report.profile.java_release = 8
methods.2.outcome.report.profile.layout.kind = "generic"
methods.2.outcome.report.profile.multi_release.kind = "disabled"
methods.2.outcome.report.quality = "structured"
methods.2.outcome.report.regions = []
methods.2.outcome.report.representation = "java"
methods.2.outcome.report.rules = []
methods.2.outcome.report.semantic_validation = "unproven"
methods.2.outcome.report.source_map.segments.0.end = 222
methods.2.outcome.report.source_map.segments.0.origin.derived = []
methods.2.outcome.report.source_map.segments.0.origin.primary.bci = 4
methods.2.outcome.report.source_map.segments.0.origin.primary.cp = null
methods.2.outcome.report.source_map.segments.0.origin.primary.method.descriptor = [40,76,106,97,118,97,47,108,97,110,103,47,83,116,114,105,110,103,59,41,76,106,97,118,97,47,108,97,110,103,47,79,98,106,101,99,116,59]
methods.2.outcome.report.source_map.segments.0.origin.primary.method.name = [97,103,97,105,110]
methods.2.outcome.report.source_map.segments.0.origin.primary.method.owner.class_bytes.digest = "997f104874d0d62c10751bd5be7d76a4f9d8c26afd6cab69ad1953f59f20c495"
methods.2.outcome.report.source_map.segments.0.origin.primary.method.owner.class_bytes.length = 365
methods.2.outcome.report.source_map.segments.0.origin.primary.method.owner.location.entry.ordinal = 0
methods.2.outcome.report.source_map.segments.0.origin.primary.method.owner.location.entry.origin.root_container = "root"
methods.2.outcome.report.source_map.segments.0.origin.primary.method.owner.location.entry.origin.snapshot = "65fb40ada896c5e1dd725cc47f7f425053148bbb555b13b374e4196ac4509b8e"
methods.2.outcome.report.source_map.segments.0.origin.primary.method.owner.location.entry.origin.steps = []
methods.2.outcome.report.source_map.segments.0.origin.primary.method.owner.location.entry.raw_name = [68,66,83,50,46,99,108,97,115,115]
methods.2.outcome.report.source_map.segments.0.origin.primary.method.owner.location.kind = "archive_entry"
methods.2.outcome.report.source_map.segments.0.origin.primary.method.owner.variant.kind = "base"
methods.2.outcome.report.source_map.segments.0.origin.primary.provenance = "Direct"
methods.2.outcome.report.source_map.segments.0.start = 218
methods.2.outcome.report.source_map.segments.1.end = 223
methods.2.outcome.report.source_map.segments.1.origin.derived.0.bci = 0
methods.2.outcome.report.source_map.segments.1.origin.derived.0.cp = null
methods.2.outcome.report.source_map.segments.1.origin.derived.0.method.descriptor = [40,76,106,97,118,97,47,108,97,110,103,47,83,116,114,105,110,103,59,41,76,106,97,118,97,47,108,97,110,103,47,79,98,106,101,99,116,59]
methods.2.outcome.report.source_map.segments.1.origin.derived.0.method.name = [97,103,97,105,110]
methods.2.outcome.report.source_map.segments.1.origin.derived.0.method.owner.class_bytes.digest = "997f104874d0d62c10751bd5be7d76a4f9d8c26afd6cab69ad1953f59f20c495"
methods.2.outcome.report.source_map.segments.1.origin.derived.0.method.owner.class_bytes.length = 365
methods.2.outcome.report.source_map.segments.1.origin.derived.0.method.owner.location.entry.ordinal = 0
methods.2.outcome.report.source_map.segments.1.origin.derived.0.method.owner.location.entry.origin.root_container = "root"
methods.2.outcome.report.source_map.segments.1.origin.derived.0.method.owner.location.entry.origin.snapshot = "65fb40ada896c5e1dd725cc47f7f425053148bbb555b13b374e4196ac4509b8e"
methods.2.outcome.report.source_map.segments.1.origin.derived.0.method.owner.location.entry.origin.steps = []
methods.2.outcome.report.source_map.segments.1.origin.derived.0.method.owner.location.entry.raw_name = [68,66,83,50,46,99,108,97,115,115]
methods.2.outcome.report.source_map.segments.1.origin.derived.0.method.owner.location.kind = "archive_entry"
methods.2.outcome.report.source_map.segments.1.origin.derived.0.method.owner.variant.kind = "base"
methods.2.outcome.report.source_map.segments.1.origin.derived.0.provenance = "Derived"
methods.2.outcome.report.source_map.segments.1.origin.derived.1.bci = 3
methods.2.outcome.report.source_map.segments.1.origin.derived.1.cp = null
methods.2.outcome.report.source_map.segments.1.origin.derived.1.method.descriptor = [40,76,106,97,118,97,47,108,97,110,103,47,83,116,114,105,110,103,59,41,76,106,97,118,97,47,108,97,110,103,47,79,98,106,101,99,116,59]
methods.2.outcome.report.source_map.segments.1.origin.derived.1.method.name = [97,103,97,105,110]
methods.2.outcome.report.source_map.segments.1.origin.derived.1.method.owner.class_bytes.digest = "997f104874d0d62c10751bd5be7d76a4f9d8c26afd6cab69ad1953f59f20c495"
methods.2.outcome.report.source_map.segments.1.origin.derived.1.method.owner.class_bytes.length = 365
methods.2.outcome.report.source_map.segments.1.origin.derived.1.method.owner.location.entry.ordinal = 0
methods.2.outcome.report.source_map.segments.1.origin.derived.1.method.owner.location.entry.origin.root_container = "root"
methods.2.outcome.report.source_map.segments.1.origin.derived.1.method.owner.location.entry.origin.snapshot = "65fb40ada896c5e1dd725cc47f7f425053148bbb555b13b374e4196ac4509b8e"
methods.2.outcome.report.source_map.segments.1.origin.derived.1.method.owner.location.entry.origin.steps = []
methods.2.outcome.report.source_map.segments.1.origin.derived.1.method.owner.location.entry.raw_name = [68,66,83,50,46,99,108,97,115,115]
methods.2.outcome.report.source_map.segments.1.origin.derived.1.method.owner.location.kind = "archive_entry"
methods.2.outcome.report.source_map.segments.1.origin.derived.1.method.owner.variant.kind = "base"
methods.2.outcome.report.source_map.segments.1.origin.derived.1.provenance = "Derived"
methods.2.outcome.report.source_map.segments.1.origin.primary.bci = 5
methods.2.outcome.report.source_map.segments.1.origin.primary.cp = null
methods.2.outcome.report.source_map.segments.1.origin.primary.method.descriptor = [40,76,106,97,118,97,47,108,97,110,103,47,83,116,114,105,110,103,59,41,76,106,97,118,97,47,108,97,110,103,47,79,98,106,101,99,116,59]
methods.2.outcome.report.source_map.segments.1.origin.primary.method.name = [97,103,97,105,110]
methods.2.outcome.report.source_map.segments.1.origin.primary.method.owner.class_bytes.digest = "997f104874d0d62c10751bd5be7d76a4f9d8c26afd6cab69ad1953f59f20c495"
methods.2.outcome.report.source_map.segments.1.origin.primary.method.owner.class_bytes.length = 365
methods.2.outcome.report.source_map.segments.1.origin.primary.method.owner.location.entry.ordinal = 0
methods.2.outcome.report.source_map.segments.1.origin.primary.method.owner.location.entry.origin.root_container = "root"
methods.2.outcome.report.source_map.segments.1.origin.primary.method.owner.location.entry.origin.snapshot = "65fb40ada896c5e1dd725cc47f7f425053148bbb555b13b374e4196ac4509b8e"
methods.2.outcome.report.source_map.segments.1.origin.primary.method.owner.location.entry.origin.steps = []
methods.2.outcome.report.source_map.segments.1.origin.primary.method.owner.location.entry.raw_name = [68,66,83,50,46,99,108,97,115,115]
methods.2.outcome.report.source_map.segments.1.origin.primary.method.owner.location.kind = "archive_entry"
methods.2.outcome.report.source_map.segments.1.origin.primary.method.owner.variant.kind = "base"
methods.2.outcome.report.source_map.segments.1.origin.primary.provenance = "Direct"
methods.2.outcome.report.source_map.segments.1.start = 207
methods.2.outcome.report.source_map.segments.2.end = 225
methods.2.outcome.report.source_map.segments.2.origin.derived = []
methods.2.outcome.report.source_map.segments.2.origin.primary.bci = 8
methods.2.outcome.report.source_map.segments.2.origin.primary.cp = null
methods.2.outcome.report.source_map.segments.2.origin.primary.method.descriptor = [40,76,106,97,118,97,47,108,97,110,103,47,83,116,114,105,110,103,59,41,76,106,97,118,97,47,108,97,110,103,47,79,98,106,101,99,116,59]
methods.2.outcome.report.source_map.segments.2.origin.primary.method.name = [97,103,97,105,110]
methods.2.outcome.report.source_map.segments.2.origin.primary.method.owner.class_bytes.digest = "997f104874d0d62c10751bd5be7d76a4f9d8c26afd6cab69ad1953f59f20c495"
methods.2.outcome.report.source_map.segments.2.origin.primary.method.owner.class_bytes.length = 365
methods.2.outcome.report.source_map.segments.2.origin.primary.method.owner.location.entry.ordinal = 0
methods.2.outcome.report.source_map.segments.2.origin.primary.method.owner.location.entry.origin.root_container = "root"
methods.2.outcome.report.source_map.segments.2.origin.primary.method.owner.location.entry.origin.snapshot = "65fb40ada896c5e1dd725cc47f7f425053148bbb555b13b374e4196ac4509b8e"
methods.2.outcome.report.source_map.segments.2.origin.primary.method.owner.location.entry.origin.steps = []
methods.2.outcome.report.source_map.segments.2.origin.primary.method.owner.location.entry.raw_name = [68,66,83,50,46,99,108,97,115,115]
methods.2.outcome.report.source_map.segments.2.origin.primary.method.owner.location.kind = "archive_entry"
methods.2.outcome.report.source_map.segments.2.origin.primary.method.owner.variant.kind = "base"
methods.2.outcome.report.source_map.segments.2.origin.primary.provenance = "Direct"
methods.2.outcome.report.source_map.segments.2.start = 187
methods.2.outcome.report.source_map.segments.3.end = 242
methods.2.outcome.report.source_map.segments.3.origin.derived = []
methods.2.outcome.report.source_map.segments.3.origin.primary.bci = 9
methods.2.outcome.report.source_map.segments.3.origin.primary.cp = null
methods.2.outcome.report.source_map.segments.3.origin.primary.method.descriptor = [40,76,106,97,118,97,47,108,97,110,103,47,83,116,114,105,110,103,59,41,76,106,97,118,97,47,108,97,110,103,47,79,98,106,101,99,116,59]
methods.2.outcome.report.source_map.segments.3.origin.primary.method.name = [97,103,97,105,110]
methods.2.outcome.report.source_map.segments.3.origin.primary.method.owner.class_bytes.digest = "997f104874d0d62c10751bd5be7d76a4f9d8c26afd6cab69ad1953f59f20c495"
methods.2.outcome.report.source_map.segments.3.origin.primary.method.owner.class_bytes.length = 365
methods.2.outcome.report.source_map.segments.3.origin.primary.method.owner.location.entry.ordinal = 0
methods.2.outcome.report.source_map.segments.3.origin.primary.method.owner.location.entry.origin.root_container = "root"
methods.2.outcome.report.source_map.segments.3.origin.primary.method.owner.location.entry.origin.snapshot = "65fb40ada896c5e1dd725cc47f7f425053148bbb555b13b374e4196ac4509b8e"
methods.2.outcome.report.source_map.segments.3.origin.primary.method.owner.location.entry.origin.steps = []
methods.2.outcome.report.source_map.segments.3.origin.primary.method.owner.location.entry.raw_name = [68,66,83,50,46,99,108,97,115,115]
methods.2.outcome.report.source_map.segments.3.origin.primary.method.owner.location.kind = "archive_entry"
methods.2.outcome.report.source_map.segments.3.origin.primary.method.owner.variant.kind = "base"
methods.2.outcome.report.source_map.segments.3.origin.primary.provenance = "Direct"
methods.2.outcome.report.source_map.segments.3.start = 236
methods.2.outcome.report.source_map.segments.4.end = 244
methods.2.outcome.report.source_map.segments.4.origin.derived = []
methods.2.outcome.report.source_map.segments.4.origin.primary.bci = 10
methods.2.outcome.report.source_map.segments.4.origin.primary.cp = null
methods.2.outcome.report.source_map.segments.4.origin.primary.method.descriptor = [40,76,106,97,118,97,47,108,97,110,103,47,83,116,114,105,110,103,59,41,76,106,97,118,97,47,108,97,110,103,47,79,98,106,101,99,116,59]
methods.2.outcome.report.source_map.segments.4.origin.primary.method.name = [97,103,97,105,110]
methods.2.outcome.report.source_map.segments.4.origin.primary.method.owner.class_bytes.digest = "997f104874d0d62c10751bd5be7d76a4f9d8c26afd6cab69ad1953f59f20c495"
methods.2.outcome.report.source_map.segments.4.origin.primary.method.owner.class_bytes.length = 365
methods.2.outcome.report.source_map.segments.4.origin.primary.method.owner.location.entry.ordinal = 0
methods.2.outcome.report.source_map.segments.4.origin.primary.method.owner.location.entry.origin.root_container = "root"
methods.2.outcome.report.source_map.segments.4.origin.primary.method.owner.location.entry.origin.snapshot = "65fb40ada896c5e1dd725cc47f7f425053148bbb555b13b374e4196ac4509b8e"
methods.2.outcome.report.source_map.segments.4.origin.primary.method.owner.location.entry.origin.steps = []
methods.2.outcome.report.source_map.segments.4.origin.primary.method.owner.location.entry.raw_name = [68,66,83,50,46,99,108,97,115,115]
methods.2.outcome.report.source_map.segments.4.origin.primary.method.owner.location.kind = "archive_entry"
methods.2.outcome.report.source_map.segments.4.origin.primary.method.owner.variant.kind = "base"
methods.2.outcome.report.source_map.segments.4.origin.primary.provenance = "Direct"
methods.2.outcome.report.source_map.segments.4.start = 225
methods.2.outcome.report.syntax_status = "unchecked"
methods.2.outcome.report.text = "// @method again(Ljava/lang/String;)Ljava/lang/Object;\n// @declaration a static method of `DBS2`, member flags 0x0008\n// recovered from bytecode; presentation is not claimed to compile\n{\n    DBS2$1 local1 = new DBS2$1(arg0);\n    return local1;\n}\n"
methods.2.outcome.report.verification = "not_performed"
methods.2.parameter_annotations.attributes = []
methods.2.parameter_annotations.refusals = []
methods.2.parameter_annotations.uses_by_position = [[]]
methods.2.text = "    static java.lang.Object again(java.lang.String arg0) {\n        // @method again(Ljava/lang/String;)Ljava/lang/Object;\n        // @declaration a static method of `DBS2`, member flags 0x0008\n        // recovered from bytecode; presentation is not claimed to compile\n        DBS2$1 local1 = new DBS2$1(arg0);\n        return local1;\n    }\n"
methods.2.type_annotations.attributes = []
methods.2.type_annotations.field_uses = []
methods.2.type_annotations.parameter_uses = [[]]
methods.2.type_annotations.refusals = []
methods.2.type_annotations.return_uses = []
nested_annotation_family.state = "absent"
nested_enum_family.state = "absent"
outcome = "performed"
stages = ["raw_facts","raw_cfg","legacy_normalization","canonical_cfg","frame","ssa"]
usage.analysis_steps = 640
usage.archive_entries = 75
usage.attribute_bytes = 4203
usage.class_bytes = 12874
usage.class_headers = 9
usage.code_bytes = 287
usage.dependency_depth = 0
usage.elapsed_millis = 5
usage.entry_bytes = 12509
usage.input_bytes = 808
usage.ir_edges = 64
usage.ir_items = 1036
usage.method_bodies = 7
usage.nested_depth = 0
usage.normalization_clones = 0
usage.output_bytes = 667
usage.read_bytes = 8123
usage.result_items = 89
view.scope.kind = "snapshot_all"
view.snapshot = "65fb40ada896c5e1dd725cc47f7f425053148bbb555b13b374e4196ac4509b8e"
