Classfile /Users/lordcasser/workspace/projects/jarde/openspec/changes/recover-common-instance-array-initializers/results/controls-baseline-root-v1/cases/javac23-original/classes/InterveningEffectByteArray.class
  Last modified 2026年10月10日; size 1046 bytes
  SHA-256 checksum 08ad8ab44c956bb1be1c0a559abbcf5f0b216b7a0299302d421a1fcaeb1d9227
  Compiled from "InterveningEffectByteArray.java"
public class InterveningEffectByteArray
  minor version: 0
  major version: 52
  flags: (0x0021) ACC_PUBLIC, ACC_SUPER
  this_class: #8                          // InterveningEffectByteArray
  super_class: #29                        // java/lang/Object
  interfaces: 0, fields: 2, methods: 4, attributes: 1
Constant pool:
   #1 = Class              #2             // java/lang/StringBuilder
   #2 = Utf8               java/lang/StringBuilder
   #3 = Methodref          #1.#4          // java/lang/StringBuilder."<init>":()V
   #4 = NameAndType        #5:#6          // "<init>":()V
   #5 = Utf8               <init>
   #6 = Utf8               ()V
   #7 = Fieldref           #8.#9          // InterveningEffectByteArray.trace:Ljava/lang/String;
   #8 = Class              #10            // InterveningEffectByteArray
   #9 = NameAndType        #11:#12        // trace:Ljava/lang/String;
  #10 = Utf8               InterveningEffectByteArray
  #11 = Utf8               trace
  #12 = Utf8               Ljava/lang/String;
  #13 = Methodref          #1.#14         // java/lang/StringBuilder.append:(Ljava/lang/String;)Ljava/lang/StringBuilder;
  #14 = NameAndType        #15:#16        // append:(Ljava/lang/String;)Ljava/lang/StringBuilder;
  #15 = Utf8               append
  #16 = Utf8               (Ljava/lang/String;)Ljava/lang/StringBuilder;
  #17 = String             #18            // eval:
  #18 = Utf8               eval:
  #19 = Methodref          #1.#20         // java/lang/StringBuilder.append:(I)Ljava/lang/StringBuilder;
  #20 = NameAndType        #15:#21        // append:(I)Ljava/lang/StringBuilder;
  #21 = Utf8               (I)Ljava/lang/StringBuilder;
  #22 = String             #23            // ;
  #23 = Utf8               ;
  #24 = Methodref          #1.#25         // java/lang/StringBuilder.toString:()Ljava/lang/String;
  #25 = NameAndType        #26:#27        // toString:()Ljava/lang/String;
  #26 = Utf8               toString
  #27 = Utf8               ()Ljava/lang/String;
  #28 = Methodref          #29.#4         // java/lang/Object."<init>":()V
  #29 = Class              #30            // java/lang/Object
  #30 = Utf8               java/lang/Object
  #31 = String             #32            // gap;
  #32 = Utf8               gap;
  #33 = Methodref          #8.#34         // InterveningEffectByteArray.mark:(I)B
  #34 = NameAndType        #35:#36        // mark:(I)B
  #35 = Utf8               mark
  #36 = Utf8               (I)B
  #37 = Fieldref           #8.#38         // InterveningEffectByteArray.bytes:[B
  #38 = NameAndType        #39:#40        // bytes:[B
  #39 = Utf8               bytes
  #40 = Utf8               [B
  #41 = String             #42            // body:noarg;
  #42 = Utf8               body:noarg;
  #43 = String             #44            // body:int:
  #44 = Utf8               body:int:
  #45 = String             #46            //
  #46 = Utf8
  #47 = Utf8               Code
  #48 = Utf8               LineNumberTable
  #49 = Utf8               LocalVariableTable
  #50 = Utf8               value
  #51 = Utf8               I
  #52 = Utf8               this
  #53 = Utf8               LInterveningEffectByteArray;
  #54 = Utf8               (I)V
  #55 = Utf8               marker
  #56 = Utf8               <clinit>
  #57 = Utf8               SourceFile
  #58 = Utf8               InterveningEffectByteArray.java
{
  static java.lang.String trace;
    descriptor: Ljava/lang/String;
    flags: (0x0008) ACC_STATIC

  byte[] bytes;
    descriptor: [B
    flags: (0x0000)

  static byte mark(int);
    descriptor: (I)B
    flags: (0x0008) ACC_STATIC
    Code:
      stack=2, locals=1, args_size=1
         0: new           #1                  // class java/lang/StringBuilder
         3: dup
         4: invokespecial #3                  // Method java/lang/StringBuilder."<init>":()V
         7: getstatic     #7                  // Field trace:Ljava/lang/String;
        10: invokevirtual #13                 // Method java/lang/StringBuilder.append:(Ljava/lang/String;)Ljava/lang/StringBuilder;
        13: ldc           #17                 // String eval:
        15: invokevirtual #13                 // Method java/lang/StringBuilder.append:(Ljava/lang/String;)Ljava/lang/StringBuilder;
        18: iload_0
        19: invokevirtual #19                 // Method java/lang/StringBuilder.append:(I)Ljava/lang/StringBuilder;
        22: ldc           #22                 // String ;
        24: invokevirtual #13                 // Method java/lang/StringBuilder.append:(Ljava/lang/String;)Ljava/lang/StringBuilder;
        27: invokevirtual #24                 // Method java/lang/StringBuilder.toString:()Ljava/lang/String;
        30: putstatic     #7                  // Field trace:Ljava/lang/String;
        33: iload_0
        34: i2b
        35: ireturn
      LineNumberTable:
        line 6: 0
        line 7: 33
      LocalVariableTable:
        Start  Length  Slot  Name   Signature
            0      36     0 value   I

  public InterveningEffectByteArray();
    descriptor: ()V
    flags: (0x0001) ACC_PUBLIC
    Code:
      stack=5, locals=1, args_size=1
         0: aload_0
         1: invokespecial #28                 // Method java/lang/Object."<init>":()V
         4: new           #1                  // class java/lang/StringBuilder
         7: dup
         8: invokespecial #3                  // Method java/lang/StringBuilder."<init>":()V
        11: getstatic     #7                  // Field trace:Ljava/lang/String;
        14: invokevirtual #13                 // Method java/lang/StringBuilder.append:(Ljava/lang/String;)Ljava/lang/StringBuilder;
        17: ldc           #31                 // String gap;
        19: invokevirtual #13                 // Method java/lang/StringBuilder.append:(Ljava/lang/String;)Ljava/lang/StringBuilder;
        22: invokevirtual #24                 // Method java/lang/StringBuilder.toString:()Ljava/lang/String;
        25: putstatic     #7                  // Field trace:Ljava/lang/String;
        28: aload_0
        29: iconst_1
        30: newarray       byte
        32: dup
        33: iconst_0
        34: bipush        61
        36: invokestatic  #33                 // Method mark:(I)B
        39: bastore
        40: putfield      #37                 // Field bytes:[B
        43: new           #1                  // class java/lang/StringBuilder
        46: dup
        47: invokespecial #3                  // Method java/lang/StringBuilder."<init>":()V
        50: getstatic     #7                  // Field trace:Ljava/lang/String;
        53: invokevirtual #13                 // Method java/lang/StringBuilder.append:(Ljava/lang/String;)Ljava/lang/StringBuilder;
        56: ldc           #41                 // String body:noarg;
        58: invokevirtual #13                 // Method java/lang/StringBuilder.append:(Ljava/lang/String;)Ljava/lang/StringBuilder;
        61: invokevirtual #24                 // Method java/lang/StringBuilder.toString:()Ljava/lang/String;
        64: putstatic     #7                  // Field trace:Ljava/lang/String;
        67: return
      LineNumberTable:
        line 11: 0
        line 12: 4
        line 13: 28
        line 14: 43
        line 15: 67
      LocalVariableTable:
        Start  Length  Slot  Name   Signature
            0      68     0  this   LInterveningEffectByteArray;

  public InterveningEffectByteArray(int);
    descriptor: (I)V
    flags: (0x0001) ACC_PUBLIC
    Code:
      stack=5, locals=2, args_size=2
         0: aload_0
         1: invokespecial #28                 // Method java/lang/Object."<init>":()V
         4: aload_0
         5: iconst_1
         6: newarray       byte
         8: dup
         9: iconst_0
        10: bipush        61
        12: invokestatic  #33                 // Method mark:(I)B
        15: bastore
        16: putfield      #37                 // Field bytes:[B
        19: new           #1                  // class java/lang/StringBuilder
        22: dup
        23: invokespecial #3                  // Method java/lang/StringBuilder."<init>":()V
        26: getstatic     #7                  // Field trace:Ljava/lang/String;
        29: invokevirtual #13                 // Method java/lang/StringBuilder.append:(Ljava/lang/String;)Ljava/lang/StringBuilder;
        32: ldc           #43                 // String body:int:
        34: invokevirtual #13                 // Method java/lang/StringBuilder.append:(Ljava/lang/String;)Ljava/lang/StringBuilder;
        37: iload_1
        38: invokevirtual #19                 // Method java/lang/StringBuilder.append:(I)Ljava/lang/StringBuilder;
        41: ldc           #22                 // String ;
        43: invokevirtual #13                 // Method java/lang/StringBuilder.append:(Ljava/lang/String;)Ljava/lang/StringBuilder;
        46: invokevirtual #24                 // Method java/lang/StringBuilder.toString:()Ljava/lang/String;
        49: putstatic     #7                  // Field trace:Ljava/lang/String;
        52: return
      LineNumberTable:
        line 18: 0
        line 19: 4
        line 20: 19
        line 21: 52
      LocalVariableTable:
        Start  Length  Slot  Name   Signature
            0      53     0  this   LInterveningEffectByteArray;
            0      53     1 marker   I

  static {};
    descriptor: ()V
    flags: (0x0008) ACC_STATIC
    Code:
      stack=1, locals=0, args_size=0
         0: ldc           #45                 // String
         2: putstatic     #7                  // Field trace:Ljava/lang/String;
         5: return
      LineNumberTable:
        line 2: 0
}
SourceFile: "InterveningEffectByteArray.java"
