Classfile /Users/lordcasser/workspace/projects/jarde/openspec/changes/recover-common-instance-array-initializers/results/controls-baseline-root-v1/cases/javac23-original/classes/HandlerArrayByteArray.class
  Last modified 2026年10月10日; size 1380 bytes
  SHA-256 checksum f7ed2cc901c552d1554a395c0ccd4024ee82b87336d3926499af82cd6c889cf5
  Compiled from "HandlerArrayByteArray.java"
public class HandlerArrayByteArray
  minor version: 0
  major version: 52
  flags: (0x0021) ACC_PUBLIC, ACC_SUPER
  this_class: #8                          // HandlerArrayByteArray
  super_class: #40                        // java/lang/Object
  interfaces: 0, fields: 3, methods: 4, attributes: 1
Constant pool:
   #1 = Class              #2             // java/lang/StringBuilder
   #2 = Utf8               java/lang/StringBuilder
   #3 = Methodref          #1.#4          // java/lang/StringBuilder."<init>":()V
   #4 = NameAndType        #5:#6          // "<init>":()V
   #5 = Utf8               <init>
   #6 = Utf8               ()V
   #7 = Fieldref           #8.#9          // HandlerArrayByteArray.trace:Ljava/lang/String;
   #8 = Class              #10            // HandlerArrayByteArray
   #9 = NameAndType        #11:#12        // trace:Ljava/lang/String;
  #10 = Utf8               HandlerArrayByteArray
  #11 = Utf8               trace
  #12 = Utf8               Ljava/lang/String;
  #13 = Methodref          #1.#14         // java/lang/StringBuilder.append:(Ljava/lang/String;)Ljava/lang/StringBuilder;
  #14 = NameAndType        #15:#16        // append:(Ljava/lang/String;)Ljava/lang/StringBuilder;
  #15 = Utf8               append
  #16 = Utf8               (Ljava/lang/String;)Ljava/lang/StringBuilder;
  #17 = String             #18            // eval:
  #18 = Utf8               eval:
  #19 = Methodref          #1.#20         // java/lang/StringBuilder.append:(I)Ljava/lang/StringBuilder;
  #20 = NameAndType        #15:#21        // append:(I)Ljava/lang/StringBuilder;
  #21 = Utf8               (I)Ljava/lang/StringBuilder;
  #22 = String             #23            // ;
  #23 = Utf8               ;
  #24 = Methodref          #1.#25         // java/lang/StringBuilder.toString:()Ljava/lang/String;
  #25 = NameAndType        #26:#27        // toString:()Ljava/lang/String;
  #26 = Utf8               toString
  #27 = Utf8               ()Ljava/lang/String;
  #28 = Fieldref           #8.#29         // HandlerArrayByteArray.fail:Z
  #29 = NameAndType        #30:#31        // fail:Z
  #30 = Utf8               fail
  #31 = Utf8               Z
  #32 = Class              #33            // java/lang/IllegalStateException
  #33 = Utf8               java/lang/IllegalStateException
  #34 = String             #35            // requested failure
  #35 = Utf8               requested failure
  #36 = Methodref          #32.#37        // java/lang/IllegalStateException."<init>":(Ljava/lang/String;)V
  #37 = NameAndType        #5:#38         // "<init>":(Ljava/lang/String;)V
  #38 = Utf8               (Ljava/lang/String;)V
  #39 = Methodref          #40.#4         // java/lang/Object."<init>":()V
  #40 = Class              #41            // java/lang/Object
  #41 = Utf8               java/lang/Object
  #42 = Methodref          #8.#43         // HandlerArrayByteArray.mark:(I)B
  #43 = NameAndType        #44:#45        // mark:(I)B
  #44 = Utf8               mark
  #45 = Utf8               (I)B
  #46 = Fieldref           #8.#47         // HandlerArrayByteArray.bytes:[B
  #47 = NameAndType        #48:#49        // bytes:[B
  #48 = Utf8               bytes
  #49 = Utf8               [B
  #50 = String             #51            // caught;
  #51 = Utf8               caught;
  #52 = String             #53            // body:noarg;
  #53 = Utf8               body:noarg;
  #54 = String             #55            // body:int:
  #55 = Utf8               body:int:
  #56 = String             #57            //
  #57 = Utf8
  #58 = Utf8               Code
  #59 = Utf8               LineNumberTable
  #60 = Utf8               LocalVariableTable
  #61 = Utf8               value
  #62 = Utf8               I
  #63 = Utf8               StackMapTable
  #64 = Utf8               ex
  #65 = Utf8               Ljava/lang/IllegalStateException;
  #66 = Utf8               this
  #67 = Utf8               LHandlerArrayByteArray;
  #68 = Utf8               (I)V
  #69 = Utf8               marker
  #70 = Utf8               <clinit>
  #71 = Utf8               SourceFile
  #72 = Utf8               HandlerArrayByteArray.java
{
  static java.lang.String trace;
    descriptor: Ljava/lang/String;
    flags: (0x0008) ACC_STATIC

  static boolean fail;
    descriptor: Z
    flags: (0x0008) ACC_STATIC

  byte[] bytes;
    descriptor: [B
    flags: (0x0000)

  static byte mark(int);
    descriptor: (I)B
    flags: (0x0008) ACC_STATIC
    Code:
      stack=3, locals=1, args_size=1
         0: new           #1                  // class java/lang/StringBuilder
         3: dup
         4: invokespecial #3                  // Method java/lang/StringBuilder."<init>":()V
         7: getstatic     #7                  // Field trace:Ljava/lang/String;
        10: invokevirtual #13                 // Method java/lang/StringBuilder.append:(Ljava/lang/String;)Ljava/lang/StringBuilder;
        13: ldc           #17                 // String eval:
        15: invokevirtual #13                 // Method java/lang/StringBuilder.append:(Ljava/lang/String;)Ljava/lang/StringBuilder;
        18: iload_0
        19: invokevirtual #19                 // Method java/lang/StringBuilder.append:(I)Ljava/lang/StringBuilder;
        22: ldc           #22                 // String ;
        24: invokevirtual #13                 // Method java/lang/StringBuilder.append:(Ljava/lang/String;)Ljava/lang/StringBuilder;
        27: invokevirtual #24                 // Method java/lang/StringBuilder.toString:()Ljava/lang/String;
        30: putstatic     #7                  // Field trace:Ljava/lang/String;
        33: getstatic     #28                 // Field fail:Z
        36: ifeq          49
        39: new           #32                 // class java/lang/IllegalStateException
        42: dup
        43: ldc           #34                 // String requested failure
        45: invokespecial #36                 // Method java/lang/IllegalStateException."<init>":(Ljava/lang/String;)V
        48: athrow
        49: iload_0
        50: i2b
        51: ireturn
      LineNumberTable:
        line 7: 0
        line 8: 33
        line 9: 39
        line 11: 49
      LocalVariableTable:
        Start  Length  Slot  Name   Signature
            0      52     0 value   I
      StackMapTable: number_of_entries = 1
        frame_type = 49 /* same */

  public HandlerArrayByteArray();
    descriptor: ()V
    flags: (0x0001) ACC_PUBLIC
    Code:
      stack=5, locals=2, args_size=1
         0: aload_0
         1: invokespecial #39                 // Method java/lang/Object."<init>":()V
         4: aload_0
         5: iconst_1
         6: newarray       byte
         8: dup
         9: iconst_0
        10: bipush        91
        12: invokestatic  #42                 // Method mark:(I)B
        15: bastore
        16: putfield      #46                 // Field bytes:[B
        19: goto          47
        22: astore_1
        23: new           #1                  // class java/lang/StringBuilder
        26: dup
        27: invokespecial #3                  // Method java/lang/StringBuilder."<init>":()V
        30: getstatic     #7                  // Field trace:Ljava/lang/String;
        33: invokevirtual #13                 // Method java/lang/StringBuilder.append:(Ljava/lang/String;)Ljava/lang/StringBuilder;
        36: ldc           #50                 // String caught;
        38: invokevirtual #13                 // Method java/lang/StringBuilder.append:(Ljava/lang/String;)Ljava/lang/StringBuilder;
        41: invokevirtual #24                 // Method java/lang/StringBuilder.toString:()Ljava/lang/String;
        44: putstatic     #7                  // Field trace:Ljava/lang/String;
        47: new           #1                  // class java/lang/StringBuilder
        50: dup
        51: invokespecial #3                  // Method java/lang/StringBuilder."<init>":()V
        54: getstatic     #7                  // Field trace:Ljava/lang/String;
        57: invokevirtual #13                 // Method java/lang/StringBuilder.append:(Ljava/lang/String;)Ljava/lang/StringBuilder;
        60: ldc           #52                 // String body:noarg;
        62: invokevirtual #13                 // Method java/lang/StringBuilder.append:(Ljava/lang/String;)Ljava/lang/StringBuilder;
        65: invokevirtual #24                 // Method java/lang/StringBuilder.toString:()Ljava/lang/String;
        68: putstatic     #7                  // Field trace:Ljava/lang/String;
        71: return
      Exception table:
         from    to  target type
             4    19    22   Class java/lang/IllegalStateException
      LineNumberTable:
        line 15: 0
        line 17: 4
        line 20: 19
        line 18: 22
        line 19: 23
        line 21: 47
        line 22: 71
      LocalVariableTable:
        Start  Length  Slot  Name   Signature
           23      24     1    ex   Ljava/lang/IllegalStateException;
            0      72     0  this   LHandlerArrayByteArray;
      StackMapTable: number_of_entries = 2
        frame_type = 255 /* full_frame */
          offset_delta = 22
          locals = [ class HandlerArrayByteArray ]
          stack = [ class java/lang/IllegalStateException ]
        frame_type = 24 /* same */

  public HandlerArrayByteArray(int);
    descriptor: (I)V
    flags: (0x0001) ACC_PUBLIC
    Code:
      stack=5, locals=3, args_size=2
         0: aload_0
         1: invokespecial #39                 // Method java/lang/Object."<init>":()V
         4: aload_0
         5: iconst_1
         6: newarray       byte
         8: dup
         9: iconst_0
        10: bipush        91
        12: invokestatic  #42                 // Method mark:(I)B
        15: bastore
        16: putfield      #46                 // Field bytes:[B
        19: goto          47
        22: astore_2
        23: new           #1                  // class java/lang/StringBuilder
        26: dup
        27: invokespecial #3                  // Method java/lang/StringBuilder."<init>":()V
        30: getstatic     #7                  // Field trace:Ljava/lang/String;
        33: invokevirtual #13                 // Method java/lang/StringBuilder.append:(Ljava/lang/String;)Ljava/lang/StringBuilder;
        36: ldc           #50                 // String caught;
        38: invokevirtual #13                 // Method java/lang/StringBuilder.append:(Ljava/lang/String;)Ljava/lang/StringBuilder;
        41: invokevirtual #24                 // Method java/lang/StringBuilder.toString:()Ljava/lang/String;
        44: putstatic     #7                  // Field trace:Ljava/lang/String;
        47: new           #1                  // class java/lang/StringBuilder
        50: dup
        51: invokespecial #3                  // Method java/lang/StringBuilder."<init>":()V
        54: getstatic     #7                  // Field trace:Ljava/lang/String;
        57: invokevirtual #13                 // Method java/lang/StringBuilder.append:(Ljava/lang/String;)Ljava/lang/StringBuilder;
        60: ldc           #54                 // String body:int:
        62: invokevirtual #13                 // Method java/lang/StringBuilder.append:(Ljava/lang/String;)Ljava/lang/StringBuilder;
        65: iload_1
        66: invokevirtual #19                 // Method java/lang/StringBuilder.append:(I)Ljava/lang/StringBuilder;
        69: ldc           #22                 // String ;
        71: invokevirtual #13                 // Method java/lang/StringBuilder.append:(Ljava/lang/String;)Ljava/lang/StringBuilder;
        74: invokevirtual #24                 // Method java/lang/StringBuilder.toString:()Ljava/lang/String;
        77: putstatic     #7                  // Field trace:Ljava/lang/String;
        80: return
      Exception table:
         from    to  target type
             4    19    22   Class java/lang/IllegalStateException
      LineNumberTable:
        line 25: 0
        line 27: 4
        line 30: 19
        line 28: 22
        line 29: 23
        line 31: 47
        line 32: 80
      LocalVariableTable:
        Start  Length  Slot  Name   Signature
           23      24     2    ex   Ljava/lang/IllegalStateException;
            0      81     0  this   LHandlerArrayByteArray;
            0      81     1 marker   I
      StackMapTable: number_of_entries = 2
        frame_type = 255 /* full_frame */
          offset_delta = 22
          locals = [ class HandlerArrayByteArray, int ]
          stack = [ class java/lang/IllegalStateException ]
        frame_type = 24 /* same */

  static {};
    descriptor: ()V
    flags: (0x0008) ACC_STATIC
    Code:
      stack=1, locals=0, args_size=0
         0: ldc           #56                 // String
         2: putstatic     #7                  // Field trace:Ljava/lang/String;
         5: return
      LineNumberTable:
        line 2: 0
}
SourceFile: "HandlerArrayByteArray.java"
