Classfile /Users/lordcasser/workspace/projects/jarde/openspec/changes/recover-common-instance-array-initializers/results/controls-baseline-root-v1/cases/javac8-original/classes/HandlerArrayByteArray.class
  Last modified 2026-10-10; size 1386 bytes
  MD5 checksum 334be75288035f066ba6dcdd52571f4c
  Compiled from "HandlerArrayByteArray.java"
public class HandlerArrayByteArray
  minor version: 0
  major version: 52
  flags: ACC_PUBLIC, ACC_SUPER
Constant pool:
   #1 = Class              #49            // java/lang/StringBuilder
   #2 = Methodref          #1.#50         // java/lang/StringBuilder."<init>":()V
   #3 = Fieldref           #20.#51        // HandlerArrayByteArray.trace:Ljava/lang/String;
   #4 = Methodref          #1.#52         // java/lang/StringBuilder.append:(Ljava/lang/String;)Ljava/lang/StringBuilder;
   #5 = String             #53            // eval:
   #6 = Methodref          #1.#54         // java/lang/StringBuilder.append:(I)Ljava/lang/StringBuilder;
   #7 = String             #55            // ;
   #8 = Methodref          #1.#56         // java/lang/StringBuilder.toString:()Ljava/lang/String;
   #9 = Fieldref           #20.#57        // HandlerArrayByteArray.fail:Z
  #10 = Class              #58            // java/lang/IllegalStateException
  #11 = String             #59            // requested failure
  #12 = Methodref          #10.#60        // java/lang/IllegalStateException."<init>":(Ljava/lang/String;)V
  #13 = Methodref          #21.#50        // java/lang/Object."<init>":()V
  #14 = Methodref          #20.#61        // HandlerArrayByteArray.mark:(I)B
  #15 = Fieldref           #20.#62        // HandlerArrayByteArray.bytes:[B
  #16 = String             #63            // caught;
  #17 = String             #64            // body:noarg;
  #18 = String             #65            // body:int:
  #19 = String             #66            //
  #20 = Class              #67            // HandlerArrayByteArray
  #21 = Class              #68            // java/lang/Object
  #22 = Utf8               trace
  #23 = Utf8               Ljava/lang/String;
  #24 = Utf8               fail
  #25 = Utf8               Z
  #26 = Utf8               bytes
  #27 = Utf8               [B
  #28 = Utf8               mark
  #29 = Utf8               (I)B
  #30 = Utf8               Code
  #31 = Utf8               LineNumberTable
  #32 = Utf8               LocalVariableTable
  #33 = Utf8               value
  #34 = Utf8               I
  #35 = Utf8               StackMapTable
  #36 = Utf8               <init>
  #37 = Utf8               ()V
  #38 = Utf8               ex
  #39 = Utf8               Ljava/lang/IllegalStateException;
  #40 = Utf8               this
  #41 = Utf8               LHandlerArrayByteArray;
  #42 = Class              #67            // HandlerArrayByteArray
  #43 = Class              #58            // java/lang/IllegalStateException
  #44 = Utf8               (I)V
  #45 = Utf8               marker
  #46 = Utf8               <clinit>
  #47 = Utf8               SourceFile
  #48 = Utf8               HandlerArrayByteArray.java
  #49 = Utf8               java/lang/StringBuilder
  #50 = NameAndType        #36:#37        // "<init>":()V
  #51 = NameAndType        #22:#23        // trace:Ljava/lang/String;
  #52 = NameAndType        #69:#70        // append:(Ljava/lang/String;)Ljava/lang/StringBuilder;
  #53 = Utf8               eval:
  #54 = NameAndType        #69:#71        // append:(I)Ljava/lang/StringBuilder;
  #55 = Utf8               ;
  #56 = NameAndType        #72:#73        // toString:()Ljava/lang/String;
  #57 = NameAndType        #24:#25        // fail:Z
  #58 = Utf8               java/lang/IllegalStateException
  #59 = Utf8               requested failure
  #60 = NameAndType        #36:#74        // "<init>":(Ljava/lang/String;)V
  #61 = NameAndType        #28:#29        // mark:(I)B
  #62 = NameAndType        #26:#27        // bytes:[B
  #63 = Utf8               caught;
  #64 = Utf8               body:noarg;
  #65 = Utf8               body:int:
  #66 = Utf8
  #67 = Utf8               HandlerArrayByteArray
  #68 = Utf8               java/lang/Object
  #69 = Utf8               append
  #70 = Utf8               (Ljava/lang/String;)Ljava/lang/StringBuilder;
  #71 = Utf8               (I)Ljava/lang/StringBuilder;
  #72 = Utf8               toString
  #73 = Utf8               ()Ljava/lang/String;
  #74 = Utf8               (Ljava/lang/String;)V
{
  static java.lang.String trace;
    descriptor: Ljava/lang/String;
    flags: ACC_STATIC

  static boolean fail;
    descriptor: Z
    flags: ACC_STATIC

  byte[] bytes;
    descriptor: [B
    flags:

  static byte mark(int);
    descriptor: (I)B
    flags: ACC_STATIC
    Code:
      stack=3, locals=1, args_size=1
         0: new           #1                  // class java/lang/StringBuilder
         3: dup
         4: invokespecial #2                  // Method java/lang/StringBuilder."<init>":()V
         7: getstatic     #3                  // Field trace:Ljava/lang/String;
        10: invokevirtual #4                  // Method java/lang/StringBuilder.append:(Ljava/lang/String;)Ljava/lang/StringBuilder;
        13: ldc           #5                  // String eval:
        15: invokevirtual #4                  // Method java/lang/StringBuilder.append:(Ljava/lang/String;)Ljava/lang/StringBuilder;
        18: iload_0
        19: invokevirtual #6                  // Method java/lang/StringBuilder.append:(I)Ljava/lang/StringBuilder;
        22: ldc           #7                  // String ;
        24: invokevirtual #4                  // Method java/lang/StringBuilder.append:(Ljava/lang/String;)Ljava/lang/StringBuilder;
        27: invokevirtual #8                  // Method java/lang/StringBuilder.toString:()Ljava/lang/String;
        30: putstatic     #3                  // Field trace:Ljava/lang/String;
        33: getstatic     #9                  // Field fail:Z
        36: ifeq          49
        39: new           #10                 // class java/lang/IllegalStateException
        42: dup
        43: ldc           #11                 // String requested failure
        45: invokespecial #12                 // Method java/lang/IllegalStateException."<init>":(Ljava/lang/String;)V
        48: athrow
        49: iload_0
        50: i2b
        51: ireturn
      LineNumberTable:
        line 7: 0
        line 8: 33
        line 9: 39
        line 11: 49
      LocalVariableTable:
        Start  Length  Slot  Name   Signature
            0      52     0 value   I
      StackMapTable: number_of_entries = 1
        frame_type = 49 /* same */

  public HandlerArrayByteArray();
    descriptor: ()V
    flags: ACC_PUBLIC
    Code:
      stack=5, locals=2, args_size=1
         0: aload_0
         1: invokespecial #13                 // Method java/lang/Object."<init>":()V
         4: aload_0
         5: iconst_1
         6: newarray       byte
         8: dup
         9: iconst_0
        10: bipush        91
        12: invokestatic  #14                 // Method mark:(I)B
        15: bastore
        16: putfield      #15                 // Field bytes:[B
        19: goto          47
        22: astore_1
        23: new           #1                  // class java/lang/StringBuilder
        26: dup
        27: invokespecial #2                  // Method java/lang/StringBuilder."<init>":()V
        30: getstatic     #3                  // Field trace:Ljava/lang/String;
        33: invokevirtual #4                  // Method java/lang/StringBuilder.append:(Ljava/lang/String;)Ljava/lang/StringBuilder;
        36: ldc           #16                 // String caught;
        38: invokevirtual #4                  // Method java/lang/StringBuilder.append:(Ljava/lang/String;)Ljava/lang/StringBuilder;
        41: invokevirtual #8                  // Method java/lang/StringBuilder.toString:()Ljava/lang/String;
        44: putstatic     #3                  // Field trace:Ljava/lang/String;
        47: new           #1                  // class java/lang/StringBuilder
        50: dup
        51: invokespecial #2                  // Method java/lang/StringBuilder."<init>":()V
        54: getstatic     #3                  // Field trace:Ljava/lang/String;
        57: invokevirtual #4                  // Method java/lang/StringBuilder.append:(Ljava/lang/String;)Ljava/lang/StringBuilder;
        60: ldc           #17                 // String body:noarg;
        62: invokevirtual #4                  // Method java/lang/StringBuilder.append:(Ljava/lang/String;)Ljava/lang/StringBuilder;
        65: invokevirtual #8                  // Method java/lang/StringBuilder.toString:()Ljava/lang/String;
        68: putstatic     #3                  // Field trace:Ljava/lang/String;
        71: return
      Exception table:
         from    to  target type
             4    19    22   Class java/lang/IllegalStateException
      LineNumberTable:
        line 15: 0
        line 17: 4
        line 20: 19
        line 18: 22
        line 19: 23
        line 21: 47
        line 22: 71
      LocalVariableTable:
        Start  Length  Slot  Name   Signature
           23      24     1    ex   Ljava/lang/IllegalStateException;
            0      72     0  this   LHandlerArrayByteArray;
      StackMapTable: number_of_entries = 2
        frame_type = 255 /* full_frame */
          offset_delta = 22
          locals = [ class HandlerArrayByteArray ]
          stack = [ class java/lang/IllegalStateException ]
        frame_type = 24 /* same */

  public HandlerArrayByteArray(int);
    descriptor: (I)V
    flags: ACC_PUBLIC
    Code:
      stack=5, locals=3, args_size=2
         0: aload_0
         1: invokespecial #13                 // Method java/lang/Object."<init>":()V
         4: aload_0
         5: iconst_1
         6: newarray       byte
         8: dup
         9: iconst_0
        10: bipush        91
        12: invokestatic  #14                 // Method mark:(I)B
        15: bastore
        16: putfield      #15                 // Field bytes:[B
        19: goto          47
        22: astore_2
        23: new           #1                  // class java/lang/StringBuilder
        26: dup
        27: invokespecial #2                  // Method java/lang/StringBuilder."<init>":()V
        30: getstatic     #3                  // Field trace:Ljava/lang/String;
        33: invokevirtual #4                  // Method java/lang/StringBuilder.append:(Ljava/lang/String;)Ljava/lang/StringBuilder;
        36: ldc           #16                 // String caught;
        38: invokevirtual #4                  // Method java/lang/StringBuilder.append:(Ljava/lang/String;)Ljava/lang/StringBuilder;
        41: invokevirtual #8                  // Method java/lang/StringBuilder.toString:()Ljava/lang/String;
        44: putstatic     #3                  // Field trace:Ljava/lang/String;
        47: new           #1                  // class java/lang/StringBuilder
        50: dup
        51: invokespecial #2                  // Method java/lang/StringBuilder."<init>":()V
        54: getstatic     #3                  // Field trace:Ljava/lang/String;
        57: invokevirtual #4                  // Method java/lang/StringBuilder.append:(Ljava/lang/String;)Ljava/lang/StringBuilder;
        60: ldc           #18                 // String body:int:
        62: invokevirtual #4                  // Method java/lang/StringBuilder.append:(Ljava/lang/String;)Ljava/lang/StringBuilder;
        65: iload_1
        66: invokevirtual #6                  // Method java/lang/StringBuilder.append:(I)Ljava/lang/StringBuilder;
        69: ldc           #7                  // String ;
        71: invokevirtual #4                  // Method java/lang/StringBuilder.append:(Ljava/lang/String;)Ljava/lang/StringBuilder;
        74: invokevirtual #8                  // Method java/lang/StringBuilder.toString:()Ljava/lang/String;
        77: putstatic     #3                  // Field trace:Ljava/lang/String;
        80: return
      Exception table:
         from    to  target type
             4    19    22   Class java/lang/IllegalStateException
      LineNumberTable:
        line 25: 0
        line 27: 4
        line 30: 19
        line 28: 22
        line 29: 23
        line 31: 47
        line 32: 80
      LocalVariableTable:
        Start  Length  Slot  Name   Signature
           23      24     2    ex   Ljava/lang/IllegalStateException;
            0      81     0  this   LHandlerArrayByteArray;
            0      81     1 marker   I
      StackMapTable: number_of_entries = 2
        frame_type = 255 /* full_frame */
          offset_delta = 22
          locals = [ class HandlerArrayByteArray, int ]
          stack = [ class java/lang/IllegalStateException ]
        frame_type = 24 /* same */

  static {};
    descriptor: ()V
    flags: ACC_STATIC
    Code:
      stack=1, locals=0, args_size=0
         0: ldc           #19                 // String
         2: putstatic     #3                  // Field trace:Ljava/lang/String;
         5: return
      LineNumberTable:
        line 2: 0
}
SourceFile: "HandlerArrayByteArray.java"
