Classfile /Users/lordcasser/workspace/projects/jarde/openspec/changes/recover-common-instance-array-initializers/results/controls-baseline-root-v1/cases/javac8-original/classes/InstanceFieldInitRunner.class
  Last modified 2026-10-10; size 3170 bytes
  MD5 checksum fe1b038072bb31ab252b58d09b3faad1
  Compiled from "InstanceFieldInitRunner.java"
public class InstanceFieldInitRunner
  minor version: 0
  major version: 52
  flags: ACC_PUBLIC, ACC_SUPER
Constant pool:
    #1 = Methodref          #52.#94       // java/lang/Object."<init>":()V
    #2 = Class              #95           // java/lang/AssertionError
    #3 = Methodref          #2.#96        // java/lang/AssertionError."<init>":(Ljava/lang/Object;)V
    #4 = Methodref          #97.#98       // java/util/Arrays.equals:([B[B)Z
    #5 = Class              #99           // java/lang/StringBuilder
    #6 = Methodref          #5.#94        // java/lang/StringBuilder."<init>":()V
    #7 = String             #100          // array:
    #8 = Methodref          #5.#101       // java/lang/StringBuilder.append:(Ljava/lang/String;)Ljava/lang/StringBuilder;
    #9 = Methodref          #97.#102      // java/util/Arrays.toString:([B)Ljava/lang/String;
   #10 = Methodref          #5.#103       // java/lang/StringBuilder.toString:()Ljava/lang/String;
   #11 = Methodref          #51.#104      // InstanceFieldInitRunner.require:(ZLjava/lang/String;)V
   #12 = String             #105          //
   #13 = Fieldref           #14.#106      // CommonDirectSuperByteArray.trace:Ljava/lang/String;
   #14 = Class              #107          // CommonDirectSuperByteArray
   #15 = Methodref          #14.#94       // CommonDirectSuperByteArray."<init>":()V
   #16 = Fieldref           #14.#108      // CommonDirectSuperByteArray.bytes:[B
   #17 = Methodref          #51.#109      // InstanceFieldInitRunner.requireArray:([B[B)V
   #18 = String             #110          // eval:10;eval:20;body:noarg;
   #19 = Methodref          #111.#112     // java/lang/String.equals:(Ljava/lang/Object;)Z
   #20 = String             #113          // common noarg order:
   #21 = Methodref          #14.#114      // CommonDirectSuperByteArray."<init>":(I)V
   #22 = String             #115          // eval:10;eval:20;body:int:4;
   #23 = String             #116          // common int order:
   #24 = String             #117          // each instance gets its own array
   #25 = Fieldref           #118.#119     // java/lang/System.out:Ljava/io/PrintStream;
   #26 = String             #120          // common=
   #27 = String             #121          // ;
   #28 = String             #122          // ;distinct=
   #29 = Methodref          #5.#123       // java/lang/StringBuilder.append:(Z)Ljava/lang/StringBuilder;
   #30 = Methodref          #124.#125     // java/io/PrintStream.println:(Ljava/lang/String;)V
   #31 = Fieldref           #32.#106      // ThisDelegatingByteArray.trace:Ljava/lang/String;
   #32 = Class              #126          // ThisDelegatingByteArray
   #33 = Methodref          #32.#94       // ThisDelegatingByteArray."<init>":()V
   #34 = Fieldref           #32.#108      // ThisDelegatingByteArray.bytes:[B
   #35 = String             #127          // eval:21;eval:22;body:target:7;body:delegate;
   #36 = String             #128          // delegating order/count:
   #37 = String             #129          // each delegation initializes once:
   #38 = String             #130          // delegated instances get distinct arrays
   #39 = String             #131          // delegated=
   #40 = String             #132          // ;trace=
   #41 = Fieldref           #42.#106      // DifferentRhsByteArray.trace:Ljava/lang/String;
   #42 = Class              #133          // DifferentRhsByteArray
   #43 = Methodref          #42.#94       // DifferentRhsByteArray."<init>":()V
   #44 = Fieldref           #42.#108      // DifferentRhsByteArray.bytes:[B
   #45 = String             #134          // eval:31;body:noarg;
   #46 = String             #135          // different noarg path:
   #47 = Methodref          #42.#114      // DifferentRhsByteArray."<init>":(I)V
   #48 = String             #136          // eval:32;body:int:5;
   #49 = String             #137          // different int path:
   #50 = String             #138          // different=
   #51 = Class              #139          // InstanceFieldInitRunner
   #52 = Class              #140          // java/lang/Object
   #53 = Utf8               <init>
   #54 = Utf8               ()V
   #55 = Utf8               Code
   #56 = Utf8               LineNumberTable
   #57 = Utf8               LocalVariableTable
   #58 = Utf8               this
   #59 = Utf8               LInstanceFieldInitRunner;
   #60 = Utf8               require
   #61 = Utf8               (ZLjava/lang/String;)V
   #62 = Utf8               condition
   #63 = Utf8               Z
   #64 = Utf8               message
   #65 = Utf8               Ljava/lang/String;
   #66 = Utf8               StackMapTable
   #67 = Utf8               requireArray
   #68 = Utf8               ([B[B)V
   #69 = Utf8               actual
   #70 = Utf8               [B
   #71 = Utf8               expected
   #72 = Utf8               main
   #73 = Utf8               ([Ljava/lang/String;)V
   #74 = Utf8               args
   #75 = Utf8               [Ljava/lang/String;
   #76 = Utf8               common0
   #77 = Utf8               LCommonDirectSuperByteArray;
   #78 = Utf8               common1
   #79 = Utf8               delegated0
   #80 = Utf8               LThisDelegatingByteArray;
   #81 = Utf8               firstDelegationTrace
   #82 = Utf8               delegated1
   #83 = Utf8               different0
   #84 = Utf8               LDifferentRhsByteArray;
   #85 = Utf8               different1
   #86 = Class              #107          // CommonDirectSuperByteArray
   #87 = Class              #75           // "[Ljava/lang/String;"
   #88 = Class              #141          // java/io/PrintStream
   #89 = Class              #99           // java/lang/StringBuilder
   #90 = Class              #126          // ThisDelegatingByteArray
   #91 = Class              #142          // java/lang/String
   #92 = Utf8               SourceFile
   #93 = Utf8               InstanceFieldInitRunner.java
   #94 = NameAndType        #53:#54       // "<init>":()V
   #95 = Utf8               java/lang/AssertionError
   #96 = NameAndType        #53:#143      // "<init>":(Ljava/lang/Object;)V
   #97 = Class              #144          // java/util/Arrays
   #98 = NameAndType        #145:#146     // equals:([B[B)Z
   #99 = Utf8               java/lang/StringBuilder
  #100 = Utf8               array:
  #101 = NameAndType        #147:#148     // append:(Ljava/lang/String;)Ljava/lang/StringBuilder;
  #102 = NameAndType        #149:#150     // toString:([B)Ljava/lang/String;
  #103 = NameAndType        #149:#151     // toString:()Ljava/lang/String;
  #104 = NameAndType        #60:#61       // require:(ZLjava/lang/String;)V
  #105 = Utf8
  #106 = NameAndType        #152:#65      // trace:Ljava/lang/String;
  #107 = Utf8               CommonDirectSuperByteArray
  #108 = NameAndType        #153:#70      // bytes:[B
  #109 = NameAndType        #67:#68       // requireArray:([B[B)V
  #110 = Utf8               eval:10;eval:20;body:noarg;
  #111 = Class              #142          // java/lang/String
  #112 = NameAndType        #145:#154     // equals:(Ljava/lang/Object;)Z
  #113 = Utf8               common noarg order:
  #114 = NameAndType        #53:#155      // "<init>":(I)V
  #115 = Utf8               eval:10;eval:20;body:int:4;
  #116 = Utf8               common int order:
  #117 = Utf8               each instance gets its own array
  #118 = Class              #156          // java/lang/System
  #119 = NameAndType        #157:#158     // out:Ljava/io/PrintStream;
  #120 = Utf8               common=
  #121 = Utf8               ;
  #122 = Utf8               ;distinct=
  #123 = NameAndType        #147:#159     // append:(Z)Ljava/lang/StringBuilder;
  #124 = Class              #141          // java/io/PrintStream
  #125 = NameAndType        #160:#161     // println:(Ljava/lang/String;)V
  #126 = Utf8               ThisDelegatingByteArray
  #127 = Utf8               eval:21;eval:22;body:target:7;body:delegate;
  #128 = Utf8               delegating order/count:
  #129 = Utf8               each delegation initializes once:
  #130 = Utf8               delegated instances get distinct arrays
  #131 = Utf8               delegated=
  #132 = Utf8               ;trace=
  #133 = Utf8               DifferentRhsByteArray
  #134 = Utf8               eval:31;body:noarg;
  #135 = Utf8               different noarg path:
  #136 = Utf8               eval:32;body:int:5;
  #137 = Utf8               different int path:
  #138 = Utf8               different=
  #139 = Utf8               InstanceFieldInitRunner
  #140 = Utf8               java/lang/Object
  #141 = Utf8               java/io/PrintStream
  #142 = Utf8               java/lang/String
  #143 = Utf8               (Ljava/lang/Object;)V
  #144 = Utf8               java/util/Arrays
  #145 = Utf8               equals
  #146 = Utf8               ([B[B)Z
  #147 = Utf8               append
  #148 = Utf8               (Ljava/lang/String;)Ljava/lang/StringBuilder;
  #149 = Utf8               toString
  #150 = Utf8               ([B)Ljava/lang/String;
  #151 = Utf8               ()Ljava/lang/String;
  #152 = Utf8               trace
  #153 = Utf8               bytes
  #154 = Utf8               (Ljava/lang/Object;)Z
  #155 = Utf8               (I)V
  #156 = Utf8               java/lang/System
  #157 = Utf8               out
  #158 = Utf8               Ljava/io/PrintStream;
  #159 = Utf8               (Z)Ljava/lang/StringBuilder;
  #160 = Utf8               println
  #161 = Utf8               (Ljava/lang/String;)V
{
  public InstanceFieldInitRunner();
    descriptor: ()V
    flags: ACC_PUBLIC
    Code:
      stack=1, locals=1, args_size=1
         0: aload_0
         1: invokespecial #1                  // Method java/lang/Object."<init>":()V
         4: return
      LineNumberTable:
        line 3: 0
      LocalVariableTable:
        Start  Length  Slot  Name   Signature
            0       5     0  this   LInstanceFieldInitRunner;

  private static void require(boolean, java.lang.String);
    descriptor: (ZLjava/lang/String;)V
    flags: ACC_PRIVATE, ACC_STATIC
    Code:
      stack=3, locals=2, args_size=2
         0: iload_0
         1: ifne          13
         4: new           #2                  // class java/lang/AssertionError
         7: dup
         8: aload_1
         9: invokespecial #3                  // Method java/lang/AssertionError."<init>":(Ljava/lang/Object;)V
        12: athrow
        13: return
      LineNumberTable:
        line 5: 0
        line 6: 4
        line 8: 13
      LocalVariableTable:
        Start  Length  Slot  Name   Signature
            0      14     0 condition   Z
            0      14     1 message   Ljava/lang/String;
      StackMapTable: number_of_entries = 1
        frame_type = 13 /* same */

  private static void requireArray(byte[], byte...);
    descriptor: ([B[B)V
    flags: ACC_PRIVATE, ACC_STATIC, ACC_VARARGS
    Code:
      stack=3, locals=2, args_size=2
         0: aload_0
         1: aload_1
         2: invokestatic  #4                  // Method java/util/Arrays.equals:([B[B)Z
         5: new           #5                  // class java/lang/StringBuilder
         8: dup
         9: invokespecial #6                  // Method java/lang/StringBuilder."<init>":()V
        12: ldc           #7                  // String array:
        14: invokevirtual #8                  // Method java/lang/StringBuilder.append:(Ljava/lang/String;)Ljava/lang/StringBuilder;
        17: aload_0
        18: invokestatic  #9                  // Method java/util/Arrays.toString:([B)Ljava/lang/String;
        21: invokevirtual #8                  // Method java/lang/StringBuilder.append:(Ljava/lang/String;)Ljava/lang/StringBuilder;
        24: invokevirtual #10                 // Method java/lang/StringBuilder.toString:()Ljava/lang/String;
        27: invokestatic  #11                 // Method require:(ZLjava/lang/String;)V
        30: return
      LineNumberTable:
        line 11: 0
        line 12: 30
      LocalVariableTable:
        Start  Length  Slot  Name   Signature
            0      31     0 actual   [B
            0      31     1 expected   [B

  public static void main(java.lang.String[]);
    descriptor: ([Ljava/lang/String;)V
    flags: ACC_PUBLIC, ACC_STATIC
    Code:
      stack=5, locals=8, args_size=1
         0: ldc           #12                 // String
         2: putstatic     #13                 // Field CommonDirectSuperByteArray.trace:Ljava/lang/String;
         5: new           #14                 // class CommonDirectSuperByteArray
         8: dup
         9: invokespecial #15                 // Method CommonDirectSuperByteArray."<init>":()V
        12: astore_1
        13: aload_1
        14: getfield      #16                 // Field CommonDirectSuperByteArray.bytes:[B
        17: iconst_2
        18: newarray       byte
        20: dup
        21: iconst_0
        22: bipush        10
        24: bastore
        25: dup
        26: iconst_1
        27: bipush        20
        29: bastore
        30: invokestatic  #17                 // Method requireArray:([B[B)V
        33: ldc           #18                 // String eval:10;eval:20;body:noarg;
        35: getstatic     #13                 // Field CommonDirectSuperByteArray.trace:Ljava/lang/String;
        38: invokevirtual #19                 // Method java/lang/String.equals:(Ljava/lang/Object;)Z
        41: new           #5                  // class java/lang/StringBuilder
        44: dup
        45: invokespecial #6                  // Method java/lang/StringBuilder."<init>":()V
        48: ldc           #20                 // String common noarg order:
        50: invokevirtual #8                  // Method java/lang/StringBuilder.append:(Ljava/lang/String;)Ljava/lang/StringBuilder;
        53: getstatic     #13                 // Field CommonDirectSuperByteArray.trace:Ljava/lang/String;
        56: invokevirtual #8                  // Method java/lang/StringBuilder.append:(Ljava/lang/String;)Ljava/lang/StringBuilder;
        59: invokevirtual #10                 // Method java/lang/StringBuilder.toString:()Ljava/lang/String;
        62: invokestatic  #11                 // Method require:(ZLjava/lang/String;)V
        65: ldc           #12                 // String
        67: putstatic     #13                 // Field CommonDirectSuperByteArray.trace:Ljava/lang/String;
        70: new           #14                 // class CommonDirectSuperByteArray
        73: dup
        74: iconst_4
        75: invokespecial #21                 // Method CommonDirectSuperByteArray."<init>":(I)V
        78: astore_2
        79: aload_2
        80: getfield      #16                 // Field CommonDirectSuperByteArray.bytes:[B
        83: iconst_2
        84: newarray       byte
        86: dup
        87: iconst_0
        88: bipush        10
        90: bastore
        91: dup
        92: iconst_1
        93: bipush        20
        95: bastore
        96: invokestatic  #17                 // Method requireArray:([B[B)V
        99: ldc           #22                 // String eval:10;eval:20;body:int:4;
       101: getstatic     #13                 // Field CommonDirectSuperByteArray.trace:Ljava/lang/String;
       104: invokevirtual #19                 // Method java/lang/String.equals:(Ljava/lang/Object;)Z
       107: new           #5                  // class java/lang/StringBuilder
       110: dup
       111: invokespecial #6                  // Method java/lang/StringBuilder."<init>":()V
       114: ldc           #23                 // String common int order:
       116: invokevirtual #8                  // Method java/lang/StringBuilder.append:(Ljava/lang/String;)Ljava/lang/StringBuilder;
       119: getstatic     #13                 // Field CommonDirectSuperByteArray.trace:Ljava/lang/String;
       122: invokevirtual #8                  // Method java/lang/StringBuilder.append:(Ljava/lang/String;)Ljava/lang/StringBuilder;
       125: invokevirtual #10                 // Method java/lang/StringBuilder.toString:()Ljava/lang/String;
       128: invokestatic  #11                 // Method require:(ZLjava/lang/String;)V
       131: aload_1
       132: getfield      #16                 // Field CommonDirectSuperByteArray.bytes:[B
       135: aload_2
       136: getfield      #16                 // Field CommonDirectSuperByteArray.bytes:[B
       139: if_acmpeq     146
       142: iconst_1
       143: goto          147
       146: iconst_0
       147: ldc           #24                 // String each instance gets its own array
       149: invokestatic  #11                 // Method require:(ZLjava/lang/String;)V
       152: getstatic     #25                 // Field java/lang/System.out:Ljava/io/PrintStream;
       155: new           #5                  // class java/lang/StringBuilder
       158: dup
       159: invokespecial #6                  // Method java/lang/StringBuilder."<init>":()V
       162: ldc           #26                 // String common=
       164: invokevirtual #8                  // Method java/lang/StringBuilder.append:(Ljava/lang/String;)Ljava/lang/StringBuilder;
       167: aload_1
       168: getfield      #16                 // Field CommonDirectSuperByteArray.bytes:[B
       171: invokestatic  #9                  // Method java/util/Arrays.toString:([B)Ljava/lang/String;
       174: invokevirtual #8                  // Method java/lang/StringBuilder.append:(Ljava/lang/String;)Ljava/lang/StringBuilder;
       177: ldc           #27                 // String ;
       179: invokevirtual #8                  // Method java/lang/StringBuilder.append:(Ljava/lang/String;)Ljava/lang/StringBuilder;
       182: aload_2
       183: getfield      #16                 // Field CommonDirectSuperByteArray.bytes:[B
       186: invokestatic  #9                  // Method java/util/Arrays.toString:([B)Ljava/lang/String;
       189: invokevirtual #8                  // Method java/lang/StringBuilder.append:(Ljava/lang/String;)Ljava/lang/StringBuilder;
       192: ldc           #28                 // String ;distinct=
       194: invokevirtual #8                  // Method java/lang/StringBuilder.append:(Ljava/lang/String;)Ljava/lang/StringBuilder;
       197: aload_1
       198: getfield      #16                 // Field CommonDirectSuperByteArray.bytes:[B
       201: aload_2
       202: getfield      #16                 // Field CommonDirectSuperByteArray.bytes:[B
       205: if_acmpeq     212
       208: iconst_1
       209: goto          213
       212: iconst_0
       213: invokevirtual #29                 // Method java/lang/StringBuilder.append:(Z)Ljava/lang/StringBuilder;
       216: invokevirtual #10                 // Method java/lang/StringBuilder.toString:()Ljava/lang/String;
       219: invokevirtual #30                 // Method java/io/PrintStream.println:(Ljava/lang/String;)V
       222: ldc           #12                 // String
       224: putstatic     #31                 // Field ThisDelegatingByteArray.trace:Ljava/lang/String;
       227: new           #32                 // class ThisDelegatingByteArray
       230: dup
       231: invokespecial #33                 // Method ThisDelegatingByteArray."<init>":()V
       234: astore_3
       235: aload_3
       236: getfield      #34                 // Field ThisDelegatingByteArray.bytes:[B
       239: iconst_2
       240: newarray       byte
       242: dup
       243: iconst_0
       244: bipush        21
       246: bastore
       247: dup
       248: iconst_1
       249: bipush        22
       251: bastore
       252: invokestatic  #17                 // Method requireArray:([B[B)V
       255: ldc           #35                 // String eval:21;eval:22;body:target:7;body:delegate;
       257: getstatic     #31                 // Field ThisDelegatingByteArray.trace:Ljava/lang/String;
       260: invokevirtual #19                 // Method java/lang/String.equals:(Ljava/lang/Object;)Z
       263: new           #5                  // class java/lang/StringBuilder
       266: dup
       267: invokespecial #6                  // Method java/lang/StringBuilder."<init>":()V
       270: ldc           #36                 // String delegating order/count:
       272: invokevirtual #8                  // Method java/lang/StringBuilder.append:(Ljava/lang/String;)Ljava/lang/StringBuilder;
       275: getstatic     #31                 // Field ThisDelegatingByteArray.trace:Ljava/lang/String;
       278: invokevirtual #8                  // Method java/lang/StringBuilder.append:(Ljava/lang/String;)Ljava/lang/StringBuilder;
       281: invokevirtual #10                 // Method java/lang/StringBuilder.toString:()Ljava/lang/String;
       284: invokestatic  #11                 // Method require:(ZLjava/lang/String;)V
       287: getstatic     #31                 // Field ThisDelegatingByteArray.trace:Ljava/lang/String;
       290: astore        4
       292: ldc           #12                 // String
       294: putstatic     #31                 // Field ThisDelegatingByteArray.trace:Ljava/lang/String;
       297: new           #32                 // class ThisDelegatingByteArray
       300: dup
       301: invokespecial #33                 // Method ThisDelegatingByteArray."<init>":()V
       304: astore        5
       306: aload         5
       308: getfield      #34                 // Field ThisDelegatingByteArray.bytes:[B
       311: iconst_2
       312: newarray       byte
       314: dup
       315: iconst_0
       316: bipush        21
       318: bastore
       319: dup
       320: iconst_1
       321: bipush        22
       323: bastore
       324: invokestatic  #17                 // Method requireArray:([B[B)V
       327: aload         4
       329: getstatic     #31                 // Field ThisDelegatingByteArray.trace:Ljava/lang/String;
       332: invokevirtual #19                 // Method java/lang/String.equals:(Ljava/lang/Object;)Z
       335: new           #5                  // class java/lang/StringBuilder
       338: dup
       339: invokespecial #6                  // Method java/lang/StringBuilder."<init>":()V
       342: ldc           #37                 // String each delegation initializes once:
       344: invokevirtual #8                  // Method java/lang/StringBuilder.append:(Ljava/lang/String;)Ljava/lang/StringBuilder;
       347: getstatic     #31                 // Field ThisDelegatingByteArray.trace:Ljava/lang/String;
       350: invokevirtual #8                  // Method java/lang/StringBuilder.append:(Ljava/lang/String;)Ljava/lang/StringBuilder;
       353: invokevirtual #10                 // Method java/lang/StringBuilder.toString:()Ljava/lang/String;
       356: invokestatic  #11                 // Method require:(ZLjava/lang/String;)V
       359: aload_3
       360: getfield      #34                 // Field ThisDelegatingByteArray.bytes:[B
       363: aload         5
       365: getfield      #34                 // Field ThisDelegatingByteArray.bytes:[B
       368: if_acmpeq     375
       371: iconst_1
       372: goto          376
       375: iconst_0
       376: ldc           #38                 // String delegated instances get distinct arrays
       378: invokestatic  #11                 // Method require:(ZLjava/lang/String;)V
       381: getstatic     #25                 // Field java/lang/System.out:Ljava/io/PrintStream;
       384: new           #5                  // class java/lang/StringBuilder
       387: dup
       388: invokespecial #6                  // Method java/lang/StringBuilder."<init>":()V
       391: ldc           #39                 // String delegated=
       393: invokevirtual #8                  // Method java/lang/StringBuilder.append:(Ljava/lang/String;)Ljava/lang/StringBuilder;
       396: aload_3
       397: getfield      #34                 // Field ThisDelegatingByteArray.bytes:[B
       400: invokestatic  #9                  // Method java/util/Arrays.toString:([B)Ljava/lang/String;
       403: invokevirtual #8                  // Method java/lang/StringBuilder.append:(Ljava/lang/String;)Ljava/lang/StringBuilder;
       406: ldc           #40                 // String ;trace=
       408: invokevirtual #8                  // Method java/lang/StringBuilder.append:(Ljava/lang/String;)Ljava/lang/StringBuilder;
       411: aload         4
       413: invokevirtual #8                  // Method java/lang/StringBuilder.append:(Ljava/lang/String;)Ljava/lang/StringBuilder;
       416: ldc           #28                 // String ;distinct=
       418: invokevirtual #8                  // Method java/lang/StringBuilder.append:(Ljava/lang/String;)Ljava/lang/StringBuilder;
       421: aload_3
       422: getfield      #34                 // Field ThisDelegatingByteArray.bytes:[B
       425: aload         5
       427: getfield      #34                 // Field ThisDelegatingByteArray.bytes:[B
       430: if_acmpeq     437
       433: iconst_1
       434: goto          438
       437: iconst_0
       438: invokevirtual #29                 // Method java/lang/StringBuilder.append:(Z)Ljava/lang/StringBuilder;
       441: invokevirtual #10                 // Method java/lang/StringBuilder.toString:()Ljava/lang/String;
       444: invokevirtual #30                 // Method java/io/PrintStream.println:(Ljava/lang/String;)V
       447: ldc           #12                 // String
       449: putstatic     #41                 // Field DifferentRhsByteArray.trace:Ljava/lang/String;
       452: new           #42                 // class DifferentRhsByteArray
       455: dup
       456: invokespecial #43                 // Method DifferentRhsByteArray."<init>":()V
       459: astore        6
       461: aload         6
       463: getfield      #44                 // Field DifferentRhsByteArray.bytes:[B
       466: iconst_1
       467: newarray       byte
       469: dup
       470: iconst_0
       471: bipush        31
       473: bastore
       474: invokestatic  #17                 // Method requireArray:([B[B)V
       477: ldc           #45                 // String eval:31;body:noarg;
       479: getstatic     #41                 // Field DifferentRhsByteArray.trace:Ljava/lang/String;
       482: invokevirtual #19                 // Method java/lang/String.equals:(Ljava/lang/Object;)Z
       485: new           #5                  // class java/lang/StringBuilder
       488: dup
       489: invokespecial #6                  // Method java/lang/StringBuilder."<init>":()V
       492: ldc           #46                 // String different noarg path:
       494: invokevirtual #8                  // Method java/lang/StringBuilder.append:(Ljava/lang/String;)Ljava/lang/StringBuilder;
       497: getstatic     #41                 // Field DifferentRhsByteArray.trace:Ljava/lang/String;
       500: invokevirtual #8                  // Method java/lang/StringBuilder.append:(Ljava/lang/String;)Ljava/lang/StringBuilder;
       503: invokevirtual #10                 // Method java/lang/StringBuilder.toString:()Ljava/lang/String;
       506: invokestatic  #11                 // Method require:(ZLjava/lang/String;)V
       509: ldc           #12                 // String
       511: putstatic     #41                 // Field DifferentRhsByteArray.trace:Ljava/lang/String;
       514: new           #42                 // class DifferentRhsByteArray
       517: dup
       518: iconst_5
       519: invokespecial #47                 // Method DifferentRhsByteArray."<init>":(I)V
       522: astore        7
       524: aload         7
       526: getfield      #44                 // Field DifferentRhsByteArray.bytes:[B
       529: iconst_1
       530: newarray       byte
       532: dup
       533: iconst_0
       534: bipush        32
       536: bastore
       537: invokestatic  #17                 // Method requireArray:([B[B)V
       540: ldc           #48                 // String eval:32;body:int:5;
       542: getstatic     #41                 // Field DifferentRhsByteArray.trace:Ljava/lang/String;
       545: invokevirtual #19                 // Method java/lang/String.equals:(Ljava/lang/Object;)Z
       548: new           #5                  // class java/lang/StringBuilder
       551: dup
       552: invokespecial #6                  // Method java/lang/StringBuilder."<init>":()V
       555: ldc           #49                 // String different int path:
       557: invokevirtual #8                  // Method java/lang/StringBuilder.append:(Ljava/lang/String;)Ljava/lang/StringBuilder;
       560: getstatic     #41                 // Field DifferentRhsByteArray.trace:Ljava/lang/String;
       563: invokevirtual #8                  // Method java/lang/StringBuilder.append:(Ljava/lang/String;)Ljava/lang/StringBuilder;
       566: invokevirtual #10                 // Method java/lang/StringBuilder.toString:()Ljava/lang/String;
       569: invokestatic  #11                 // Method require:(ZLjava/lang/String;)V
       572: getstatic     #25                 // Field java/lang/System.out:Ljava/io/PrintStream;
       575: new           #5                  // class java/lang/StringBuilder
       578: dup
       579: invokespecial #6                  // Method java/lang/StringBuilder."<init>":()V
       582: ldc           #50                 // String different=
       584: invokevirtual #8                  // Method java/lang/StringBuilder.append:(Ljava/lang/String;)Ljava/lang/StringBuilder;
       587: aload         6
       589: getfield      #44                 // Field DifferentRhsByteArray.bytes:[B
       592: invokestatic  #9                  // Method java/util/Arrays.toString:([B)Ljava/lang/String;
       595: invokevirtual #8                  // Method java/lang/StringBuilder.append:(Ljava/lang/String;)Ljava/lang/StringBuilder;
       598: ldc           #27                 // String ;
       600: invokevirtual #8                  // Method java/lang/StringBuilder.append:(Ljava/lang/String;)Ljava/lang/StringBuilder;
       603: aload         7
       605: getfield      #44                 // Field DifferentRhsByteArray.bytes:[B
       608: invokestatic  #9                  // Method java/util/Arrays.toString:([B)Ljava/lang/String;
       611: invokevirtual #8                  // Method java/lang/StringBuilder.append:(Ljava/lang/String;)Ljava/lang/StringBuilder;
       614: invokevirtual #10                 // Method java/lang/StringBuilder.toString:()Ljava/lang/String;
       617: invokevirtual #30                 // Method java/io/PrintStream.println:(Ljava/lang/String;)V
       620: return
      LineNumberTable:
        line 15: 0
        line 16: 5
        line 17: 13
        line 18: 33
        line 21: 65
        line 22: 70
        line 23: 79
        line 24: 99
        line 26: 131
        line 27: 152
        line 28: 186
        line 27: 219
        line 30: 222
        line 31: 227
        line 32: 235
        line 33: 255
        line 35: 287
        line 36: 292
        line 37: 297
        line 38: 306
        line 39: 327
        line 41: 359
        line 42: 381
        line 45: 447
        line 46: 452
        line 47: 461
        line 48: 477
        line 50: 509
        line 51: 514
        line 52: 524
        line 53: 540
        line 55: 572
        line 56: 608
        line 55: 617
        line 57: 620
      LocalVariableTable:
        Start  Length  Slot  Name   Signature
            0     621     0  args   [Ljava/lang/String;
           13     608     1 common0   LCommonDirectSuperByteArray;
           79     542     2 common1   LCommonDirectSuperByteArray;
          235     386     3 delegated0   LThisDelegatingByteArray;
          292     329     4 firstDelegationTrace   Ljava/lang/String;
          306     315     5 delegated1   LThisDelegatingByteArray;
          461     160     6 different0   LDifferentRhsByteArray;
          524      97     7 different1   LDifferentRhsByteArray;
      StackMapTable: number_of_entries = 8
        frame_type = 253 /* append */
          offset_delta = 146
          locals = [ class CommonDirectSuperByteArray, class CommonDirectSuperByteArray ]
        frame_type = 64 /* same_locals_1_stack_item */
          stack = [ int ]
        frame_type = 255 /* full_frame */
          offset_delta = 64
          locals = [ class "[Ljava/lang/String;", class CommonDirectSuperByteArray, class CommonDirectSuperByteArray ]
          stack = [ class java/io/PrintStream, class java/lang/StringBuilder ]
        frame_type = 255 /* full_frame */
          offset_delta = 0
          locals = [ class "[Ljava/lang/String;", class CommonDirectSuperByteArray, class CommonDirectSuperByteArray ]
          stack = [ class java/io/PrintStream, class java/lang/StringBuilder, int ]
        frame_type = 254 /* append */
          offset_delta = 161
          locals = [ class ThisDelegatingByteArray, class java/lang/String, class ThisDelegatingByteArray ]
        frame_type = 64 /* same_locals_1_stack_item */
          stack = [ int ]
        frame_type = 255 /* full_frame */
          offset_delta = 60
          locals = [ class "[Ljava/lang/String;", class CommonDirectSuperByteArray, class CommonDirectSuperByteArray, class ThisDelegatingByteArray, class java/lang/String, class ThisDelegatingByteArray ]
          stack = [ class java/io/PrintStream, class java/lang/StringBuilder ]
        frame_type = 255 /* full_frame */
          offset_delta = 0
          locals = [ class "[Ljava/lang/String;", class CommonDirectSuperByteArray, class CommonDirectSuperByteArray, class ThisDelegatingByteArray, class java/lang/String, class ThisDelegatingByteArray ]
          stack = [ class java/io/PrintStream, class java/lang/StringBuilder, int ]
}
SourceFile: "InstanceFieldInitRunner.java"
