Classfile /Users/lordcasser/workspace/projects/jarde/openspec/changes/recover-common-instance-array-initializers/results/controls-baseline-root-v1/cases/javac23-original/classes/ReverseFieldOrderByteArray.class
  Last modified 2026年10月10日; size 1073 bytes
  SHA-256 checksum 9ef31ba39eb528c7e80d54184e9b4529249fb5e103ace75a2b8652d793ec4f9b
  Compiled from "ReverseFieldOrderByteArray.java"
public class ReverseFieldOrderByteArray
  minor version: 0
  major version: 52
  flags: (0x0021) ACC_PUBLIC, ACC_SUPER
  this_class: #8                          // ReverseFieldOrderByteArray
  super_class: #29                        // java/lang/Object
  interfaces: 0, fields: 3, methods: 4, attributes: 1
Constant pool:
   #1 = Class              #2             // java/lang/StringBuilder
   #2 = Utf8               java/lang/StringBuilder
   #3 = Methodref          #1.#4          // java/lang/StringBuilder."<init>":()V
   #4 = NameAndType        #5:#6          // "<init>":()V
   #5 = Utf8               <init>
   #6 = Utf8               ()V
   #7 = Fieldref           #8.#9          // ReverseFieldOrderByteArray.trace:Ljava/lang/String;
   #8 = Class              #10            // ReverseFieldOrderByteArray
   #9 = NameAndType        #11:#12        // trace:Ljava/lang/String;
  #10 = Utf8               ReverseFieldOrderByteArray
  #11 = Utf8               trace
  #12 = Utf8               Ljava/lang/String;
  #13 = Methodref          #1.#14         // java/lang/StringBuilder.append:(Ljava/lang/String;)Ljava/lang/StringBuilder;
  #14 = NameAndType        #15:#16        // append:(Ljava/lang/String;)Ljava/lang/StringBuilder;
  #15 = Utf8               append
  #16 = Utf8               (Ljava/lang/String;)Ljava/lang/StringBuilder;
  #17 = String             #18            // eval:
  #18 = Utf8               eval:
  #19 = Methodref          #1.#20         // java/lang/StringBuilder.append:(I)Ljava/lang/StringBuilder;
  #20 = NameAndType        #15:#21        // append:(I)Ljava/lang/StringBuilder;
  #21 = Utf8               (I)Ljava/lang/StringBuilder;
  #22 = String             #23            // ;
  #23 = Utf8               ;
  #24 = Methodref          #1.#25         // java/lang/StringBuilder.toString:()Ljava/lang/String;
  #25 = NameAndType        #26:#27        // toString:()Ljava/lang/String;
  #26 = Utf8               toString
  #27 = Utf8               ()Ljava/lang/String;
  #28 = Methodref          #29.#4         // java/lang/Object."<init>":()V
  #29 = Class              #30            // java/lang/Object
  #30 = Utf8               java/lang/Object
  #31 = Methodref          #8.#32         // ReverseFieldOrderByteArray.mark:(I)B
  #32 = NameAndType        #33:#34        // mark:(I)B
  #33 = Utf8               mark
  #34 = Utf8               (I)B
  #35 = Fieldref           #8.#36         // ReverseFieldOrderByteArray.second:[B
  #36 = NameAndType        #37:#38        // second:[B
  #37 = Utf8               second
  #38 = Utf8               [B
  #39 = Fieldref           #8.#40         // ReverseFieldOrderByteArray.first:[B
  #40 = NameAndType        #41:#38        // first:[B
  #41 = Utf8               first
  #42 = String             #43            // body:noarg;
  #43 = Utf8               body:noarg;
  #44 = String             #45            // body:int:
  #45 = Utf8               body:int:
  #46 = String             #47            //
  #47 = Utf8
  #48 = Utf8               Code
  #49 = Utf8               LineNumberTable
  #50 = Utf8               LocalVariableTable
  #51 = Utf8               value
  #52 = Utf8               I
  #53 = Utf8               this
  #54 = Utf8               LReverseFieldOrderByteArray;
  #55 = Utf8               (I)V
  #56 = Utf8               marker
  #57 = Utf8               <clinit>
  #58 = Utf8               SourceFile
  #59 = Utf8               ReverseFieldOrderByteArray.java
{
  static java.lang.String trace;
    descriptor: Ljava/lang/String;
    flags: (0x0008) ACC_STATIC

  byte[] first;
    descriptor: [B
    flags: (0x0000)

  byte[] second;
    descriptor: [B
    flags: (0x0000)

  static byte mark(int);
    descriptor: (I)B
    flags: (0x0008) ACC_STATIC
    Code:
      stack=2, locals=1, args_size=1
         0: new           #1                  // class java/lang/StringBuilder
         3: dup
         4: invokespecial #3                  // Method java/lang/StringBuilder."<init>":()V
         7: getstatic     #7                  // Field trace:Ljava/lang/String;
        10: invokevirtual #13                 // Method java/lang/StringBuilder.append:(Ljava/lang/String;)Ljava/lang/StringBuilder;
        13: ldc           #17                 // String eval:
        15: invokevirtual #13                 // Method java/lang/StringBuilder.append:(Ljava/lang/String;)Ljava/lang/StringBuilder;
        18: iload_0
        19: invokevirtual #19                 // Method java/lang/StringBuilder.append:(I)Ljava/lang/StringBuilder;
        22: ldc           #22                 // String ;
        24: invokevirtual #13                 // Method java/lang/StringBuilder.append:(Ljava/lang/String;)Ljava/lang/StringBuilder;
        27: invokevirtual #24                 // Method java/lang/StringBuilder.toString:()Ljava/lang/String;
        30: putstatic     #7                  // Field trace:Ljava/lang/String;
        33: iload_0
        34: i2b
        35: ireturn
      LineNumberTable:
        line 7: 0
        line 8: 33
      LocalVariableTable:
        Start  Length  Slot  Name   Signature
            0      36     0 value   I

  public ReverseFieldOrderByteArray();
    descriptor: ()V
    flags: (0x0001) ACC_PUBLIC
    Code:
      stack=5, locals=1, args_size=1
         0: aload_0
         1: invokespecial #28                 // Method java/lang/Object."<init>":()V
         4: aload_0
         5: iconst_1
         6: newarray       byte
         8: dup
         9: iconst_0
        10: bipush        82
        12: invokestatic  #31                 // Method mark:(I)B
        15: bastore
        16: putfield      #35                 // Field second:[B
        19: aload_0
        20: iconst_1
        21: newarray       byte
        23: dup
        24: iconst_0
        25: bipush        81
        27: invokestatic  #31                 // Method mark:(I)B
        30: bastore
        31: putfield      #39                 // Field first:[B
        34: new           #1                  // class java/lang/StringBuilder
        37: dup
        38: invokespecial #3                  // Method java/lang/StringBuilder."<init>":()V
        41: getstatic     #7                  // Field trace:Ljava/lang/String;
        44: invokevirtual #13                 // Method java/lang/StringBuilder.append:(Ljava/lang/String;)Ljava/lang/StringBuilder;
        47: ldc           #42                 // String body:noarg;
        49: invokevirtual #13                 // Method java/lang/StringBuilder.append:(Ljava/lang/String;)Ljava/lang/StringBuilder;
        52: invokevirtual #24                 // Method java/lang/StringBuilder.toString:()Ljava/lang/String;
        55: putstatic     #7                  // Field trace:Ljava/lang/String;
        58: return
      LineNumberTable:
        line 12: 0
        line 13: 4
        line 14: 19
        line 15: 34
        line 16: 58
      LocalVariableTable:
        Start  Length  Slot  Name   Signature
            0      59     0  this   LReverseFieldOrderByteArray;

  public ReverseFieldOrderByteArray(int);
    descriptor: (I)V
    flags: (0x0001) ACC_PUBLIC
    Code:
      stack=5, locals=2, args_size=2
         0: aload_0
         1: invokespecial #28                 // Method java/lang/Object."<init>":()V
         4: aload_0
         5: iconst_1
         6: newarray       byte
         8: dup
         9: iconst_0
        10: bipush        82
        12: invokestatic  #31                 // Method mark:(I)B
        15: bastore
        16: putfield      #35                 // Field second:[B
        19: aload_0
        20: iconst_1
        21: newarray       byte
        23: dup
        24: iconst_0
        25: bipush        81
        27: invokestatic  #31                 // Method mark:(I)B
        30: bastore
        31: putfield      #39                 // Field first:[B
        34: new           #1                  // class java/lang/StringBuilder
        37: dup
        38: invokespecial #3                  // Method java/lang/StringBuilder."<init>":()V
        41: getstatic     #7                  // Field trace:Ljava/lang/String;
        44: invokevirtual #13                 // Method java/lang/StringBuilder.append:(Ljava/lang/String;)Ljava/lang/StringBuilder;
        47: ldc           #44                 // String body:int:
        49: invokevirtual #13                 // Method java/lang/StringBuilder.append:(Ljava/lang/String;)Ljava/lang/StringBuilder;
        52: iload_1
        53: invokevirtual #19                 // Method java/lang/StringBuilder.append:(I)Ljava/lang/StringBuilder;
        56: ldc           #22                 // String ;
        58: invokevirtual #13                 // Method java/lang/StringBuilder.append:(Ljava/lang/String;)Ljava/lang/StringBuilder;
        61: invokevirtual #24                 // Method java/lang/StringBuilder.toString:()Ljava/lang/String;
        64: putstatic     #7                  // Field trace:Ljava/lang/String;
        67: return
      LineNumberTable:
        line 19: 0
        line 20: 4
        line 21: 19
        line 22: 34
        line 23: 67
      LocalVariableTable:
        Start  Length  Slot  Name   Signature
            0      68     0  this   LReverseFieldOrderByteArray;
            0      68     1 marker   I

  static {};
    descriptor: ()V
    flags: (0x0008) ACC_STATIC
    Code:
      stack=1, locals=0, args_size=0
         0: ldc           #46                 // String
         2: putstatic     #7                  // Field trace:Ljava/lang/String;
         5: return
      LineNumberTable:
        line 2: 0
}
SourceFile: "ReverseFieldOrderByteArray.java"
