Classfile /Users/lordcasser/workspace/projects/jarde/openspec/changes/recover-common-instance-array-initializers/results/controls-baseline-root-v1/cases/javac23-original/classes/FinalLiteralTwoArrays.class
  Last modified 2026年10月10日; size 919 bytes
  SHA-256 checksum 665031b1a4836ee352307be77df43ed33d7af1d5f2f561fff457ce3781113bdd
  Compiled from "FinalLiteralTwoArrays.java"
public class FinalLiteralTwoArrays
  minor version: 0
  major version: 52
  flags: (0x0021) ACC_PUBLIC, ACC_SUPER
  this_class: #8                          // FinalLiteralTwoArrays
  super_class: #2                         // java/lang/Object
  interfaces: 0, fields: 3, methods: 3, attributes: 1
Constant pool:
   #1 = Methodref          #2.#3          // java/lang/Object."<init>":()V
   #2 = Class              #4             // java/lang/Object
   #3 = NameAndType        #5:#6          // "<init>":()V
   #4 = Utf8               java/lang/Object
   #5 = Utf8               <init>
   #6 = Utf8               ()V
   #7 = Fieldref           #8.#9          // FinalLiteralTwoArrays.first:[B
   #8 = Class              #10            // FinalLiteralTwoArrays
   #9 = NameAndType        #11:#12        // first:[B
  #10 = Utf8               FinalLiteralTwoArrays
  #11 = Utf8               first
  #12 = Utf8               [B
  #13 = Fieldref           #8.#14         // FinalLiteralTwoArrays.second:[B
  #14 = NameAndType        #15:#12        // second:[B
  #15 = Utf8               second
  #16 = Class              #17            // java/lang/StringBuilder
  #17 = Utf8               java/lang/StringBuilder
  #18 = Methodref          #16.#3         // java/lang/StringBuilder."<init>":()V
  #19 = Fieldref           #8.#20         // FinalLiteralTwoArrays.trace:Ljava/lang/String;
  #20 = NameAndType        #21:#22        // trace:Ljava/lang/String;
  #21 = Utf8               trace
  #22 = Utf8               Ljava/lang/String;
  #23 = Methodref          #16.#24        // java/lang/StringBuilder.append:(Ljava/lang/String;)Ljava/lang/StringBuilder;
  #24 = NameAndType        #25:#26        // append:(Ljava/lang/String;)Ljava/lang/StringBuilder;
  #25 = Utf8               append
  #26 = Utf8               (Ljava/lang/String;)Ljava/lang/StringBuilder;
  #27 = String             #28            // body:noarg;
  #28 = Utf8               body:noarg;
  #29 = Methodref          #16.#30        // java/lang/StringBuilder.toString:()Ljava/lang/String;
  #30 = NameAndType        #31:#32        // toString:()Ljava/lang/String;
  #31 = Utf8               toString
  #32 = Utf8               ()Ljava/lang/String;
  #33 = String             #34            // body:int:
  #34 = Utf8               body:int:
  #35 = Methodref          #16.#36        // java/lang/StringBuilder.append:(I)Ljava/lang/StringBuilder;
  #36 = NameAndType        #25:#37        // append:(I)Ljava/lang/StringBuilder;
  #37 = Utf8               (I)Ljava/lang/StringBuilder;
  #38 = String             #39            // ;
  #39 = Utf8               ;
  #40 = String             #41            //
  #41 = Utf8
  #42 = Utf8               Code
  #43 = Utf8               LineNumberTable
  #44 = Utf8               LocalVariableTable
  #45 = Utf8               this
  #46 = Utf8               LFinalLiteralTwoArrays;
  #47 = Utf8               (I)V
  #48 = Utf8               marker
  #49 = Utf8               I
  #50 = Utf8               <clinit>
  #51 = Utf8               SourceFile
  #52 = Utf8               FinalLiteralTwoArrays.java
{
  static java.lang.String trace;
    descriptor: Ljava/lang/String;
    flags: (0x0008) ACC_STATIC

  final byte[] first;
    descriptor: [B
    flags: (0x0010) ACC_FINAL

  final byte[] second;
    descriptor: [B
    flags: (0x0010) ACC_FINAL

  public FinalLiteralTwoArrays();
    descriptor: ()V
    flags: (0x0001) ACC_PUBLIC
    Code:
      stack=5, locals=1, args_size=1
         0: aload_0
         1: invokespecial #1                  // Method java/lang/Object."<init>":()V
         4: aload_0
         5: iconst_2
         6: newarray       byte
         8: dup
         9: iconst_0
        10: iconst_1
        11: bastore
        12: dup
        13: iconst_1
        14: iconst_2
        15: bastore
        16: putfield      #7                  // Field first:[B
        19: aload_0
        20: iconst_2
        21: newarray       byte
        23: dup
        24: iconst_0
        25: iconst_3
        26: bastore
        27: dup
        28: iconst_1
        29: iconst_4
        30: bastore
        31: putfield      #13                 // Field second:[B
        34: new           #16                 // class java/lang/StringBuilder
        37: dup
        38: invokespecial #18                 // Method java/lang/StringBuilder."<init>":()V
        41: getstatic     #19                 // Field trace:Ljava/lang/String;
        44: invokevirtual #23                 // Method java/lang/StringBuilder.append:(Ljava/lang/String;)Ljava/lang/StringBuilder;
        47: ldc           #27                 // String body:noarg;
        49: invokevirtual #23                 // Method java/lang/StringBuilder.append:(Ljava/lang/String;)Ljava/lang/StringBuilder;
        52: invokevirtual #29                 // Method java/lang/StringBuilder.toString:()Ljava/lang/String;
        55: putstatic     #19                 // Field trace:Ljava/lang/String;
        58: return
      LineNumberTable:
        line 7: 0
        line 8: 4
        line 9: 19
        line 10: 34
        line 11: 58
      LocalVariableTable:
        Start  Length  Slot  Name   Signature
            0      59     0  this   LFinalLiteralTwoArrays;

  public FinalLiteralTwoArrays(int);
    descriptor: (I)V
    flags: (0x0001) ACC_PUBLIC
    Code:
      stack=5, locals=2, args_size=2
         0: aload_0
         1: invokespecial #1                  // Method java/lang/Object."<init>":()V
         4: aload_0
         5: iconst_2
         6: newarray       byte
         8: dup
         9: iconst_0
        10: iconst_1
        11: bastore
        12: dup
        13: iconst_1
        14: iconst_2
        15: bastore
        16: putfield      #7                  // Field first:[B
        19: aload_0
        20: iconst_2
        21: newarray       byte
        23: dup
        24: iconst_0
        25: iconst_3
        26: bastore
        27: dup
        28: iconst_1
        29: iconst_4
        30: bastore
        31: putfield      #13                 // Field second:[B
        34: new           #16                 // class java/lang/StringBuilder
        37: dup
        38: invokespecial #18                 // Method java/lang/StringBuilder."<init>":()V
        41: getstatic     #19                 // Field trace:Ljava/lang/String;
        44: invokevirtual #23                 // Method java/lang/StringBuilder.append:(Ljava/lang/String;)Ljava/lang/StringBuilder;
        47: ldc           #33                 // String body:int:
        49: invokevirtual #23                 // Method java/lang/StringBuilder.append:(Ljava/lang/String;)Ljava/lang/StringBuilder;
        52: iload_1
        53: invokevirtual #35                 // Method java/lang/StringBuilder.append:(I)Ljava/lang/StringBuilder;
        56: ldc           #38                 // String ;
        58: invokevirtual #23                 // Method java/lang/StringBuilder.append:(Ljava/lang/String;)Ljava/lang/StringBuilder;
        61: invokevirtual #29                 // Method java/lang/StringBuilder.toString:()Ljava/lang/String;
        64: putstatic     #19                 // Field trace:Ljava/lang/String;
        67: return
      LineNumberTable:
        line 14: 0
        line 15: 4
        line 16: 19
        line 17: 34
        line 18: 67
      LocalVariableTable:
        Start  Length  Slot  Name   Signature
            0      68     0  this   LFinalLiteralTwoArrays;
            0      68     1 marker   I

  static {};
    descriptor: ()V
    flags: (0x0008) ACC_STATIC
    Code:
      stack=1, locals=0, args_size=0
         0: ldc           #40                 // String
         2: putstatic     #19                 // Field trace:Ljava/lang/String;
         5: return
      LineNumberTable:
        line 2: 0
}
SourceFile: "FinalLiteralTwoArrays.java"
