Classfile jar:file:/Users/lordcasser/workspace/projects/jarde/openspec/evidence/same-class-generic-call-consumers-2026-10-09/frozen-inputs-v1/corretto8/debug/VoidDirect/VoidDirect.jar!/VoidDirect.class
  Last modified 2026-10-9; size 751 bytes
  MD5 checksum f00170e60df2326b1ea5ccec011e072c
  Compiled from "VoidDirect.java"
public class VoidDirect<T extends java.lang.Object> extends java.lang.Object
  minor version: 0
  major version: 52
  flags: ACC_PUBLIC, ACC_SUPER
Constant pool:
   #1 = Methodref          #6.#30         // java/lang/Object."<init>":()V
   #2 = Fieldref           #5.#31         // VoidDirect.seen:Ljava/lang/Object;
   #3 = Fieldref           #5.#32         // VoidDirect.calls:I
   #4 = Methodref          #5.#33         // VoidDirect.sink:(Ljava/lang/Object;)V
   #5 = Class              #34            // VoidDirect
   #6 = Class              #35            // java/lang/Object
   #7 = Utf8               seen
   #8 = Utf8               Ljava/lang/Object;
   #9 = Utf8               calls
  #10 = Utf8               I
  #11 = Utf8               <init>
  #12 = Utf8               ()V
  #13 = Utf8               Code
  #14 = Utf8               LineNumberTable
  #15 = Utf8               LocalVariableTable
  #16 = Utf8               this
  #17 = Utf8               LVoidDirect;
  #18 = Utf8               LocalVariableTypeTable
  #19 = Utf8               LVoidDirect<TT;>;
  #20 = Utf8               sink
  #21 = Utf8               (Ljava/lang/Object;)V
  #22 = Utf8               x
  #23 = Utf8               TT;
  #24 = Utf8               Signature
  #25 = Utf8               (TT;)V
  #26 = Utf8               relay
  #27 = Utf8               <T:Ljava/lang/Object;>Ljava/lang/Object;
  #28 = Utf8               SourceFile
  #29 = Utf8               VoidDirect.java
  #30 = NameAndType        #11:#12        // "<init>":()V
  #31 = NameAndType        #7:#8          // seen:Ljava/lang/Object;
  #32 = NameAndType        #9:#10         // calls:I
  #33 = NameAndType        #20:#21        // sink:(Ljava/lang/Object;)V
  #34 = Utf8               VoidDirect
  #35 = Utf8               java/lang/Object
{
  public java.lang.Object seen;
    descriptor: Ljava/lang/Object;
    flags: ACC_PUBLIC

  public int calls;
    descriptor: I
    flags: ACC_PUBLIC

  public VoidDirect();
    descriptor: ()V
    flags: ACC_PUBLIC
    Code:
      stack=1, locals=1, args_size=1
         0: aload_0
         1: invokespecial #1                  // Method java/lang/Object."<init>":()V
         4: return
      LineNumberTable:
        line 1: 0
      LocalVariableTable:
        Start  Length  Slot  Name   Signature
            0       5     0  this   LVoidDirect;
      LocalVariableTypeTable:
        Start  Length  Slot  Name   Signature
            0       5     0  this   LVoidDirect<TT;>;

  public void sink(T);
    descriptor: (Ljava/lang/Object;)V
    flags: ACC_PUBLIC
    Code:
      stack=3, locals=2, args_size=2
         0: aload_0
         1: aload_1
         2: putfield      #2                  // Field seen:Ljava/lang/Object;
         5: aload_0
         6: dup
         7: getfield      #3                  // Field calls:I
        10: iconst_1
        11: iadd
        12: putfield      #3                  // Field calls:I
        15: return
      LineNumberTable:
        line 1: 0
      LocalVariableTable:
        Start  Length  Slot  Name   Signature
            0      16     0  this   LVoidDirect;
            0      16     1     x   Ljava/lang/Object;
      LocalVariableTypeTable:
        Start  Length  Slot  Name   Signature
            0      16     0  this   LVoidDirect<TT;>;
            0      16     1     x   TT;
    Signature: #25                          // (TT;)V

  public void relay(T);
    descriptor: (Ljava/lang/Object;)V
    flags: ACC_PUBLIC
    Code:
      stack=2, locals=2, args_size=2
         0: aload_0
         1: aload_1
         2: invokevirtual #4                  // Method sink:(Ljava/lang/Object;)V
         5: return
      LineNumberTable:
        line 1: 0
      LocalVariableTable:
        Start  Length  Slot  Name   Signature
            0       6     0  this   LVoidDirect;
            0       6     1     x   Ljava/lang/Object;
      LocalVariableTypeTable:
        Start  Length  Slot  Name   Signature
            0       6     0  this   LVoidDirect<TT;>;
            0       6     1     x   TT;
    Signature: #25                          // (TT;)V
}
Signature: #27                          // <T:Ljava/lang/Object;>Ljava/lang/Object;
SourceFile: "VoidDirect.java"
