Classfile /Users/lordcasser/workspace/projects/jarde/openspec/evidence/java-syntax-2026-10-10/array-literal-boundaries-next/baseline-root-v2/cases/javac23-original/classes/ConstantIntArray.class
  Last modified 2026年10月10日; size 244 bytes
  SHA-256 checksum 01fb80721991829db8b889a43ebd9d1618d0cc453fdf2862137d13f75b7816de
public class ConstantIntArray
  minor version: 0
  major version: 52
  flags: (0x0021) ACC_PUBLIC, ACC_SUPER
  this_class: #7                          // ConstantIntArray
  super_class: #2                         // java/lang/Object
  interfaces: 0, fields: 1, methods: 2, attributes: 0
Constant pool:
   #1 = Methodref          #2.#3          // java/lang/Object."<init>":()V
   #2 = Class              #4             // java/lang/Object
   #3 = NameAndType        #5:#6          // "<init>":()V
   #4 = Utf8               java/lang/Object
   #5 = Utf8               <init>
   #6 = Utf8               ()V
   #7 = Class              #8             // ConstantIntArray
   #8 = Utf8               ConstantIntArray
   #9 = Integer            65535
  #10 = Utf8               CONST_INT
  #11 = Utf8               I
  #12 = Utf8               ConstantValue
  #13 = Utf8               Code
  #14 = Utf8               test
  #15 = Utf8               ()[I
{
  public static final int CONST_INT;
    descriptor: I
    flags: (0x0019) ACC_PUBLIC, ACC_STATIC, ACC_FINAL
    ConstantValue: int 65535

  public ConstantIntArray();
    descriptor: ()V
    flags: (0x0001) ACC_PUBLIC
    Code:
      stack=1, locals=1, args_size=1
         0: aload_0
         1: invokespecial #1                  // Method java/lang/Object."<init>":()V
         4: return

  public int[] test();
    descriptor: ()[I
    flags: (0x0001) ACC_PUBLIC
    Code:
      stack=4, locals=1, args_size=1
         0: iconst_3
         1: newarray       int
         3: dup
         4: iconst_0
         5: bipush        127
         7: iastore
         8: dup
         9: iconst_1
        10: sipush        129
        13: iastore
        14: dup
        15: iconst_2
        16: ldc           #9                  // int 65535
        18: iastore
        19: areturn
}
