Classfile /Users/lordcasser/workspace/projects/jarde/openspec/evidence/java-syntax-2026-10-10/array-literal-boundaries-next/baseline-root-v2/cases/javac23-original/classes/LongArrayLimits.class
  Last modified 2026年10月10日; size 286 bytes
  SHA-256 checksum ed74f6b834d390dec8e6e8d557dea34fe0fac359f9e4fac6e43688ef8c28c2c7
public class LongArrayLimits
  minor version: 0
  major version: 52
  flags: (0x0021) ACC_PUBLIC, ACC_SUPER
  this_class: #13                         // LongArrayLimits
  super_class: #2                         // java/lang/Object
  interfaces: 0, fields: 1, methods: 2, attributes: 0
Constant pool:
   #1 = Methodref          #2.#3          // java/lang/Object."<init>":()V
   #2 = Class              #4             // java/lang/Object
   #3 = NameAndType        #5:#6          // "<init>":()V
   #4 = Utf8               java/lang/Object
   #5 = Utf8               <init>
   #6 = Utf8               ()V
   #7 = Class              #8             // java/lang/Long
   #8 = Utf8               java/lang/Long
   #9 = Long               9223372036854775807l
  #11 = Long               -9223372036854775807l
  #13 = Class              #14            // LongArrayLimits
  #14 = Utf8               LongArrayLimits
  #15 = Utf8               ARRAY_SIZE
  #16 = Utf8               I
  #17 = Utf8               ConstantValue
  #18 = Integer            4
  #19 = Utf8               Code
  #20 = Utf8               test
  #21 = Utf8               ()[J
{
  private static final int ARRAY_SIZE;
    descriptor: I
    flags: (0x001a) ACC_PRIVATE, ACC_STATIC, ACC_FINAL
    ConstantValue: int 4

  public LongArrayLimits();
    descriptor: ()V
    flags: (0x0001) ACC_PUBLIC
    Code:
      stack=1, locals=1, args_size=1
         0: aload_0
         1: invokespecial #1                  // Method java/lang/Object."<init>":()V
         4: return

  public long[] test();
    descriptor: ()[J
    flags: (0x0001) ACC_PUBLIC
    Code:
      stack=5, locals=1, args_size=1
         0: iconst_4
         1: newarray       long
         3: dup
         4: iconst_0
         5: lconst_0
         6: lastore
         7: dup
         8: iconst_1
         9: lconst_1
        10: lastore
        11: dup
        12: iconst_2
        13: ldc2_w        #9                  // long 9223372036854775807l
        16: lastore
        17: dup
        18: iconst_3
        19: ldc2_w        #11                 // long -9223372036854775807l
        22: lastore
        23: areturn
}
