Classfile jar:file:/Users/lordcasser/workspace/projects/jarde/openspec/evidence/same-class-generic-call-consumers-2026-10-09/frozen-inputs-v1/corretto8/debug/CycleRelay/CycleRelay.jar!/CycleRelay.class
  Last modified 2026-10-9; size 797 bytes
  MD5 checksum e8750cd796acbb061bf1b1583898a0d3
  Compiled from "CycleRelay.java"
public class CycleRelay<T extends java.lang.Object> extends java.lang.Object
  minor version: 0
  major version: 52
  flags: ACC_PUBLIC, ACC_SUPER
Constant pool:
   #1 = Methodref          #5.#29         // java/lang/Object."<init>":()V
   #2 = Methodref          #4.#30         // CycleRelay.right:(Ljava/lang/Object;Z)Ljava/lang/Object;
   #3 = Methodref          #4.#31         // CycleRelay.left:(Ljava/lang/Object;Z)Ljava/lang/Object;
   #4 = Class              #32            // CycleRelay
   #5 = Class              #33            // java/lang/Object
   #6 = Utf8               <init>
   #7 = Utf8               ()V
   #8 = Utf8               Code
   #9 = Utf8               LineNumberTable
  #10 = Utf8               LocalVariableTable
  #11 = Utf8               this
  #12 = Utf8               LCycleRelay;
  #13 = Utf8               LocalVariableTypeTable
  #14 = Utf8               LCycleRelay<TT;>;
  #15 = Utf8               left
  #16 = Utf8               (Ljava/lang/Object;Z)Ljava/lang/Object;
  #17 = Utf8               x
  #18 = Utf8               Ljava/lang/Object;
  #19 = Utf8               again
  #20 = Utf8               Z
  #21 = Utf8               TT;
  #22 = Utf8               StackMapTable
  #23 = Utf8               Signature
  #24 = Utf8               (TT;Z)TT;
  #25 = Utf8               right
  #26 = Utf8               <T:Ljava/lang/Object;>Ljava/lang/Object;
  #27 = Utf8               SourceFile
  #28 = Utf8               CycleRelay.java
  #29 = NameAndType        #6:#7          // "<init>":()V
  #30 = NameAndType        #25:#16        // right:(Ljava/lang/Object;Z)Ljava/lang/Object;
  #31 = NameAndType        #15:#16        // left:(Ljava/lang/Object;Z)Ljava/lang/Object;
  #32 = Utf8               CycleRelay
  #33 = Utf8               java/lang/Object
{
  public CycleRelay();
    descriptor: ()V
    flags: ACC_PUBLIC
    Code:
      stack=1, locals=1, args_size=1
         0: aload_0
         1: invokespecial #1                  // Method java/lang/Object."<init>":()V
         4: return
      LineNumberTable:
        line 1: 0
      LocalVariableTable:
        Start  Length  Slot  Name   Signature
            0       5     0  this   LCycleRelay;
      LocalVariableTypeTable:
        Start  Length  Slot  Name   Signature
            0       5     0  this   LCycleRelay<TT;>;

  public T left(T, boolean);
    descriptor: (Ljava/lang/Object;Z)Ljava/lang/Object;
    flags: ACC_PUBLIC
    Code:
      stack=3, locals=3, args_size=3
         0: iload_2
         1: ifeq          11
         4: aload_0
         5: aload_1
         6: iconst_0
         7: invokevirtual #2                  // Method right:(Ljava/lang/Object;Z)Ljava/lang/Object;
        10: areturn
        11: aload_1
        12: areturn
      LineNumberTable:
        line 1: 0
      LocalVariableTable:
        Start  Length  Slot  Name   Signature
            0      13     0  this   LCycleRelay;
            0      13     1     x   Ljava/lang/Object;
            0      13     2 again   Z
      LocalVariableTypeTable:
        Start  Length  Slot  Name   Signature
            0      13     0  this   LCycleRelay<TT;>;
            0      13     1     x   TT;
      StackMapTable: number_of_entries = 1
        frame_type = 11 /* same */
    Signature: #24                          // (TT;Z)TT;

  public T right(T, boolean);
    descriptor: (Ljava/lang/Object;Z)Ljava/lang/Object;
    flags: ACC_PUBLIC
    Code:
      stack=3, locals=3, args_size=3
         0: iload_2
         1: ifeq          11
         4: aload_0
         5: aload_1
         6: iconst_0
         7: invokevirtual #3                  // Method left:(Ljava/lang/Object;Z)Ljava/lang/Object;
        10: areturn
        11: aload_1
        12: areturn
      LineNumberTable:
        line 1: 0
      LocalVariableTable:
        Start  Length  Slot  Name   Signature
            0      13     0  this   LCycleRelay;
            0      13     1     x   Ljava/lang/Object;
            0      13     2 again   Z
      LocalVariableTypeTable:
        Start  Length  Slot  Name   Signature
            0      13     0  this   LCycleRelay<TT;>;
            0      13     1     x   TT;
      StackMapTable: number_of_entries = 1
        frame_type = 11 /* same */
    Signature: #24                          // (TT;Z)TT;
}
Signature: #26                          // <T:Ljava/lang/Object;>Ljava/lang/Object;
SourceFile: "CycleRelay.java"
