警告: [options] 源值 8 已过时，将在未来发行版中删除
警告: [options] 目标值 8 已过时，将在未来发行版中删除
警告: [options] 要隐藏有关已过时选项的警告, 请使用 -Xlint:-options。
openspec/evidence/java-syntax-2026-09-24/shift-root-core-slice/jarde/ShiftSlice.java:21: 错误: 缺少返回语句
    }
    ^
openspec/evidence/java-syntax-2026-09-24/shift-root-core-slice/jarde/ShiftSlice.java:32: 错误: 缺少返回语句
    }
    ^
openspec/evidence/java-syntax-2026-09-24/shift-root-core-slice/jarde/ShiftSlice.java:43: 错误: 缺少返回语句
    }
    ^
openspec/evidence/java-syntax-2026-09-24/shift-root-core-slice/jarde/ShiftSlice.java:54: 错误: 缺少返回语句
    }
    ^
openspec/evidence/java-syntax-2026-09-24/shift-root-core-slice/jarde/ShiftSlice.java:65: 错误: 缺少返回语句
    }
    ^
openspec/evidence/java-syntax-2026-09-24/shift-root-core-slice/jarde/ShiftSlice.java:76: 错误: 缺少返回语句
    }
    ^
openspec/evidence/java-syntax-2026-09-24/shift-root-core-slice/jarde/ShiftSlice.java:87: 错误: 缺少返回语句
    }
    ^
openspec/evidence/java-syntax-2026-09-24/shift-root-core-slice/jarde/ShiftSlice.java:98: 错误: 缺少返回语句
    }
    ^
openspec/evidence/java-syntax-2026-09-24/shift-root-core-slice/jarde/ShiftSlice.java:111: 错误: 缺少返回语句
    }
    ^
openspec/evidence/java-syntax-2026-09-24/shift-root-core-slice/jarde/ShiftSlice.java:123: 错误: 缺少返回语句
    }
    ^
10 个错误
3 个警告
