Classfile /Users/lordcasser/workspace/projects/jarde/openspec/evidence/java-syntax-2026-10-10/array-literal-boundaries-next/baseline-root-v2/cases/javac23-original/classes/ArrayLiteralBoundariesRunner.class
  Last modified 2026年10月10日; size 1823 bytes
  SHA-256 checksum 9c17944608aa5046bb8a6b171bf15d9028d082a82e51683ca25204a8e39b3820
public final class ArrayLiteralBoundariesRunner
  minor version: 0
  major version: 52
  flags: (0x0031) ACC_PUBLIC, ACC_FINAL, ACC_SUPER
  this_class: #17                         // ArrayLiteralBoundariesRunner
  super_class: #2                         // java/lang/Object
  interfaces: 0, fields: 0, methods: 3, attributes: 0
Constant pool:
    #1 = Methodref          #2.#3         // java/lang/Object."<init>":()V
    #2 = Class              #4            // java/lang/Object
    #3 = NameAndType        #5:#6         // "<init>":()V
    #4 = Utf8               java/lang/Object
    #5 = Utf8               <init>
    #6 = Utf8               ()V
    #7 = Class              #8            // LongArrayLimits
    #8 = Utf8               LongArrayLimits
    #9 = Methodref          #7.#3         // LongArrayLimits."<init>":()V
   #10 = Methodref          #7.#11        // LongArrayLimits.test:()[J
   #11 = NameAndType        #12:#13       // test:()[J
   #12 = Utf8               test
   #13 = Utf8               ()[J
   #14 = String             #15           // LongArrayLimits.test must return a fresh array
   #15 = Utf8               LongArrayLimits.test must return a fresh array
   #16 = Methodref          #17.#18       // ArrayLiteralBoundariesRunner.check:(ZLjava/lang/String;)V
   #17 = Class              #19           // ArrayLiteralBoundariesRunner
   #18 = NameAndType        #20:#21       // check:(ZLjava/lang/String;)V
   #19 = Utf8               ArrayLiteralBoundariesRunner
   #20 = Utf8               check
   #21 = Utf8               (ZLjava/lang/String;)V
   #22 = Class              #23           // java/lang/Long
   #23 = Utf8               java/lang/Long
   #24 = Long               9223372036854775807l
   #26 = Long               -9223372036854775807l
   #28 = Methodref          #29.#30       // java/util/Arrays.equals:([J[J)Z
   #29 = Class              #31           // java/util/Arrays
   #30 = NameAndType        #32:#33       // equals:([J[J)Z
   #31 = Utf8               java/util/Arrays
   #32 = Utf8               equals
   #33 = Utf8               ([J[J)Z
   #34 = String             #35           // long literal values must preserve all 64 bits
   #35 = Utf8               long literal values must preserve all 64 bits
   #36 = Fieldref           #37.#38       // java/lang/System.out:Ljava/io/PrintStream;
   #37 = Class              #39           // java/lang/System
   #38 = NameAndType        #40:#41       // out:Ljava/io/PrintStream;
   #39 = Utf8               java/lang/System
   #40 = Utf8               out
   #41 = Utf8               Ljava/io/PrintStream;
   #42 = Class              #43           // java/lang/StringBuilder
   #43 = Utf8               java/lang/StringBuilder
   #44 = Methodref          #42.#3        // java/lang/StringBuilder."<init>":()V
   #45 = String             #46           // longs=
   #46 = Utf8               longs=
   #47 = Methodref          #42.#48       // java/lang/StringBuilder.append:(Ljava/lang/String;)Ljava/lang/StringBuilder;
   #48 = NameAndType        #49:#50       // append:(Ljava/lang/String;)Ljava/lang/StringBuilder;
   #49 = Utf8               append
   #50 = Utf8               (Ljava/lang/String;)Ljava/lang/StringBuilder;
   #51 = Methodref          #42.#52       // java/lang/StringBuilder.append:(I)Ljava/lang/StringBuilder;
   #52 = NameAndType        #49:#53       // append:(I)Ljava/lang/StringBuilder;
   #53 = Utf8               (I)Ljava/lang/StringBuilder;
   #54 = String             #55           // :
   #55 = Utf8               :
   #56 = Methodref          #42.#57       // java/lang/StringBuilder.append:(J)Ljava/lang/StringBuilder;
   #57 = NameAndType        #49:#58       // append:(J)Ljava/lang/StringBuilder;
   #58 = Utf8               (J)Ljava/lang/StringBuilder;
   #59 = Methodref          #42.#60       // java/lang/StringBuilder.toString:()Ljava/lang/String;
   #60 = NameAndType        #61:#62       // toString:()Ljava/lang/String;
   #61 = Utf8               toString
   #62 = Utf8               ()Ljava/lang/String;
   #63 = Methodref          #64.#65       // java/io/PrintStream.println:(Ljava/lang/String;)V
   #64 = Class              #66           // java/io/PrintStream
   #65 = NameAndType        #67:#68       // println:(Ljava/lang/String;)V
   #66 = Utf8               java/io/PrintStream
   #67 = Utf8               println
   #68 = Utf8               (Ljava/lang/String;)V
   #69 = Class              #70           // ConstantIntArray
   #70 = Utf8               ConstantIntArray
   #71 = Methodref          #69.#3        // ConstantIntArray."<init>":()V
   #72 = Methodref          #69.#73       // ConstantIntArray.test:()[I
   #73 = NameAndType        #12:#74       // test:()[I
   #74 = Utf8               ()[I
   #75 = String             #76           // ConstantIntArray.test must return a fresh array
   #76 = Utf8               ConstantIntArray.test must return a fresh array
   #77 = String             #78           // CONST_INT keeps its exact positive value
   #78 = Utf8               CONST_INT keeps its exact positive value
   #79 = Integer            65535
   #80 = Methodref          #29.#81       // java/util/Arrays.equals:([I[I)Z
   #81 = NameAndType        #32:#82       // equals:([I[I)Z
   #82 = Utf8               ([I[I)Z
   #83 = String             #84           // constant int array values
   #84 = Utf8               constant int array values
   #85 = String             #86           // ints=
   #86 = Utf8               ints=
   #87 = Class              #88           // DependentArrayStores
   #88 = Utf8               DependentArrayStores
   #89 = Methodref          #87.#3        // DependentArrayStores."<init>":()V
   #90 = Methodref          #87.#73       // DependentArrayStores.test:()[I
   #91 = String             #92           // DependentArrayStores.test must return a fresh array
   #92 = Utf8               DependentArrayStores.test must return a fresh array
   #93 = String             #94           // dependent stores use previous elements
   #94 = Utf8               dependent stores use previous elements
   #95 = String             #96           // dependent=
   #96 = Utf8               dependent=
   #97 = Class              #98           // java/lang/AssertionError
   #98 = Utf8               java/lang/AssertionError
   #99 = Methodref          #97.#100      // java/lang/AssertionError."<init>":(Ljava/lang/Object;)V
  #100 = NameAndType        #5:#101       // "<init>":(Ljava/lang/Object;)V
  #101 = Utf8               (Ljava/lang/Object;)V
  #102 = Utf8               Code
  #103 = Utf8               main
  #104 = Utf8               ([Ljava/lang/String;)V
  #105 = Utf8               StackMapTable
  #106 = Class              #107          // "[J"
  #107 = Utf8               [J
  #108 = Class              #109          // "[I"
  #109 = Utf8               [I
{
  private ArrayLiteralBoundariesRunner();
    descriptor: ()V
    flags: (0x0002) ACC_PRIVATE
    Code:
      stack=1, locals=1, args_size=1
         0: aload_0
         1: invokespecial #1                  // Method java/lang/Object."<init>":()V
         4: return

  public static void main(java.lang.String[]);
    descriptor: ([Ljava/lang/String;)V
    flags: (0x0009) ACC_PUBLIC, ACC_STATIC
    Code:
      stack=6, locals=10, args_size=1
         0: new           #7                  // class LongArrayLimits
         3: dup
         4: invokespecial #9                  // Method LongArrayLimits."<init>":()V
         7: astore_1
         8: aload_1
         9: invokevirtual #10                 // Method LongArrayLimits.test:()[J
        12: astore_2
        13: aload_1
        14: invokevirtual #10                 // Method LongArrayLimits.test:()[J
        17: astore_3
        18: aload_2
        19: aload_3
        20: if_acmpeq     27
        23: iconst_1
        24: goto          28
        27: iconst_0
        28: ldc           #14                 // String LongArrayLimits.test must return a fresh array
        30: invokestatic  #16                 // Method check:(ZLjava/lang/String;)V
        33: aload_2
        34: iconst_4
        35: newarray       long
        37: dup
        38: iconst_0
        39: lconst_0
        40: lastore
        41: dup
        42: iconst_1
        43: lconst_1
        44: lastore
        45: dup
        46: iconst_2
        47: ldc2_w        #24                 // long 9223372036854775807l
        50: lastore
        51: dup
        52: iconst_3
        53: ldc2_w        #26                 // long -9223372036854775807l
        56: lastore
        57: invokestatic  #28                 // Method java/util/Arrays.equals:([J[J)Z
        60: ldc           #34                 // String long literal values must preserve all 64 bits
        62: invokestatic  #16                 // Method check:(ZLjava/lang/String;)V
        65: getstatic     #36                 // Field java/lang/System.out:Ljava/io/PrintStream;
        68: new           #42                 // class java/lang/StringBuilder
        71: dup
        72: invokespecial #44                 // Method java/lang/StringBuilder."<init>":()V
        75: ldc           #45                 // String longs=
        77: invokevirtual #47                 // Method java/lang/StringBuilder.append:(Ljava/lang/String;)Ljava/lang/StringBuilder;
        80: aload_2
        81: arraylength
        82: invokevirtual #51                 // Method java/lang/StringBuilder.append:(I)Ljava/lang/StringBuilder;
        85: ldc           #54                 // String :
        87: invokevirtual #47                 // Method java/lang/StringBuilder.append:(Ljava/lang/String;)Ljava/lang/StringBuilder;
        90: aload_2
        91: iconst_0
        92: laload
        93: invokevirtual #56                 // Method java/lang/StringBuilder.append:(J)Ljava/lang/StringBuilder;
        96: ldc           #54                 // String :
        98: invokevirtual #47                 // Method java/lang/StringBuilder.append:(Ljava/lang/String;)Ljava/lang/StringBuilder;
       101: aload_2
       102: iconst_1
       103: laload
       104: invokevirtual #56                 // Method java/lang/StringBuilder.append:(J)Ljava/lang/StringBuilder;
       107: ldc           #54                 // String :
       109: invokevirtual #47                 // Method java/lang/StringBuilder.append:(Ljava/lang/String;)Ljava/lang/StringBuilder;
       112: aload_2
       113: iconst_2
       114: laload
       115: invokevirtual #56                 // Method java/lang/StringBuilder.append:(J)Ljava/lang/StringBuilder;
       118: ldc           #54                 // String :
       120: invokevirtual #47                 // Method java/lang/StringBuilder.append:(Ljava/lang/String;)Ljava/lang/StringBuilder;
       123: aload_2
       124: iconst_3
       125: laload
       126: invokevirtual #56                 // Method java/lang/StringBuilder.append:(J)Ljava/lang/StringBuilder;
       129: invokevirtual #59                 // Method java/lang/StringBuilder.toString:()Ljava/lang/String;
       132: invokevirtual #63                 // Method java/io/PrintStream.println:(Ljava/lang/String;)V
       135: new           #69                 // class ConstantIntArray
       138: dup
       139: invokespecial #71                 // Method ConstantIntArray."<init>":()V
       142: astore        4
       144: aload         4
       146: invokevirtual #72                 // Method ConstantIntArray.test:()[I
       149: astore        5
       151: aload         4
       153: invokevirtual #72                 // Method ConstantIntArray.test:()[I
       156: astore        6
       158: aload         5
       160: aload         6
       162: if_acmpeq     169
       165: iconst_1
       166: goto          170
       169: iconst_0
       170: ldc           #75                 // String ConstantIntArray.test must return a fresh array
       172: invokestatic  #16                 // Method check:(ZLjava/lang/String;)V
       175: iconst_1
       176: ldc           #77                 // String CONST_INT keeps its exact positive value
       178: invokestatic  #16                 // Method check:(ZLjava/lang/String;)V
       181: aload         5
       183: iconst_3
       184: newarray       int
       186: dup
       187: iconst_0
       188: bipush        127
       190: iastore
       191: dup
       192: iconst_1
       193: sipush        129
       196: iastore
       197: dup
       198: iconst_2
       199: ldc           #79                 // int 65535
       201: iastore
       202: invokestatic  #80                 // Method java/util/Arrays.equals:([I[I)Z
       205: ldc           #83                 // String constant int array values
       207: invokestatic  #16                 // Method check:(ZLjava/lang/String;)V
       210: getstatic     #36                 // Field java/lang/System.out:Ljava/io/PrintStream;
       213: new           #42                 // class java/lang/StringBuilder
       216: dup
       217: invokespecial #44                 // Method java/lang/StringBuilder."<init>":()V
       220: ldc           #85                 // String ints=
       222: invokevirtual #47                 // Method java/lang/StringBuilder.append:(Ljava/lang/String;)Ljava/lang/StringBuilder;
       225: aload         5
       227: arraylength
       228: invokevirtual #51                 // Method java/lang/StringBuilder.append:(I)Ljava/lang/StringBuilder;
       231: ldc           #54                 // String :
       233: invokevirtual #47                 // Method java/lang/StringBuilder.append:(Ljava/lang/String;)Ljava/lang/StringBuilder;
       236: aload         5
       238: iconst_0
       239: iaload
       240: invokevirtual #51                 // Method java/lang/StringBuilder.append:(I)Ljava/lang/StringBuilder;
       243: ldc           #54                 // String :
       245: invokevirtual #47                 // Method java/lang/StringBuilder.append:(Ljava/lang/String;)Ljava/lang/StringBuilder;
       248: aload         5
       250: iconst_1
       251: iaload
       252: invokevirtual #51                 // Method java/lang/StringBuilder.append:(I)Ljava/lang/StringBuilder;
       255: ldc           #54                 // String :
       257: invokevirtual #47                 // Method java/lang/StringBuilder.append:(Ljava/lang/String;)Ljava/lang/StringBuilder;
       260: aload         5
       262: iconst_2
       263: iaload
       264: invokevirtual #51                 // Method java/lang/StringBuilder.append:(I)Ljava/lang/StringBuilder;
       267: invokevirtual #59                 // Method java/lang/StringBuilder.toString:()Ljava/lang/String;
       270: invokevirtual #63                 // Method java/io/PrintStream.println:(Ljava/lang/String;)V
       273: new           #87                 // class DependentArrayStores
       276: dup
       277: invokespecial #89                 // Method DependentArrayStores."<init>":()V
       280: astore        7
       282: aload         7
       284: invokevirtual #90                 // Method DependentArrayStores.test:()[I
       287: astore        8
       289: aload         7
       291: invokevirtual #90                 // Method DependentArrayStores.test:()[I
       294: astore        9
       296: aload         8
       298: aload         9
       300: if_acmpeq     307
       303: iconst_1
       304: goto          308
       307: iconst_0
       308: ldc           #91                 // String DependentArrayStores.test must return a fresh array
       310: invokestatic  #16                 // Method check:(ZLjava/lang/String;)V
       313: aload         8
       315: iconst_3
       316: newarray       int
       318: dup
       319: iconst_0
       320: iconst_1
       321: iastore
       322: dup
       323: iconst_1
       324: iconst_2
       325: iastore
       326: dup
       327: iconst_2
       328: iconst_3
       329: iastore
       330: invokestatic  #80                 // Method java/util/Arrays.equals:([I[I)Z
       333: ldc           #93                 // String dependent stores use previous elements
       335: invokestatic  #16                 // Method check:(ZLjava/lang/String;)V
       338: getstatic     #36                 // Field java/lang/System.out:Ljava/io/PrintStream;
       341: new           #42                 // class java/lang/StringBuilder
       344: dup
       345: invokespecial #44                 // Method java/lang/StringBuilder."<init>":()V
       348: ldc           #95                 // String dependent=
       350: invokevirtual #47                 // Method java/lang/StringBuilder.append:(Ljava/lang/String;)Ljava/lang/StringBuilder;
       353: aload         8
       355: arraylength
       356: invokevirtual #51                 // Method java/lang/StringBuilder.append:(I)Ljava/lang/StringBuilder;
       359: ldc           #54                 // String :
       361: invokevirtual #47                 // Method java/lang/StringBuilder.append:(Ljava/lang/String;)Ljava/lang/StringBuilder;
       364: aload         8
       366: iconst_0
       367: iaload
       368: invokevirtual #51                 // Method java/lang/StringBuilder.append:(I)Ljava/lang/StringBuilder;
       371: ldc           #54                 // String :
       373: invokevirtual #47                 // Method java/lang/StringBuilder.append:(Ljava/lang/String;)Ljava/lang/StringBuilder;
       376: aload         8
       378: iconst_1
       379: iaload
       380: invokevirtual #51                 // Method java/lang/StringBuilder.append:(I)Ljava/lang/StringBuilder;
       383: ldc           #54                 // String :
       385: invokevirtual #47                 // Method java/lang/StringBuilder.append:(Ljava/lang/String;)Ljava/lang/StringBuilder;
       388: aload         8
       390: iconst_2
       391: iaload
       392: invokevirtual #51                 // Method java/lang/StringBuilder.append:(I)Ljava/lang/StringBuilder;
       395: invokevirtual #59                 // Method java/lang/StringBuilder.toString:()Ljava/lang/String;
       398: invokevirtual #63                 // Method java/io/PrintStream.println:(Ljava/lang/String;)V
       401: return
      StackMapTable: number_of_entries = 6
        frame_type = 254 /* append */
          offset_delta = 27
          locals = [ class LongArrayLimits, class "[J", class "[J" ]
        frame_type = 64 /* same_locals_1_stack_item */
          stack = [ int ]
        frame_type = 254 /* append */
          offset_delta = 140
          locals = [ class ConstantIntArray, class "[I", class "[I" ]
        frame_type = 64 /* same_locals_1_stack_item */
          stack = [ int ]
        frame_type = 254 /* append */
          offset_delta = 136
          locals = [ class DependentArrayStores, class "[I", class "[I" ]
        frame_type = 64 /* same_locals_1_stack_item */
          stack = [ int ]

  private static void check(boolean, java.lang.String);
    descriptor: (ZLjava/lang/String;)V
    flags: (0x000a) ACC_PRIVATE, ACC_STATIC
    Code:
      stack=3, locals=2, args_size=2
         0: iload_0
         1: ifne          13
         4: new           #97                 // class java/lang/AssertionError
         7: dup
         8: aload_1
         9: invokespecial #99                 // Method java/lang/AssertionError."<init>":(Ljava/lang/Object;)V
        12: athrow
        13: return
      StackMapTable: number_of_entries = 1
        frame_type = 13 /* same */
}
