Classfile /Users/lordcasser/workspace/projects/jarde/openspec/evidence/java-syntax-2026-10-10/array-literal-boundaries-next/baseline-root-v2/cases/javac23-original/classes/DependentArrayStores.class
  Last modified 2026年10月10日; size 201 bytes
  SHA-256 checksum c48d810ddd6cd0ee6b4bd47b4ff583fc425025a1306a886b27b454bddc2bce5c
public class DependentArrayStores
  minor version: 0
  major version: 52
  flags: (0x0021) ACC_PUBLIC, ACC_SUPER
  this_class: #7                          // DependentArrayStores
  super_class: #2                         // java/lang/Object
  interfaces: 0, fields: 0, methods: 2, attributes: 0
Constant pool:
   #1 = Methodref          #2.#3          // java/lang/Object."<init>":()V
   #2 = Class              #4             // java/lang/Object
   #3 = NameAndType        #5:#6          // "<init>":()V
   #4 = Utf8               java/lang/Object
   #5 = Utf8               <init>
   #6 = Utf8               ()V
   #7 = Class              #8             // DependentArrayStores
   #8 = Utf8               DependentArrayStores
   #9 = Utf8               Code
  #10 = Utf8               test
  #11 = Utf8               ()[I
{
  public DependentArrayStores();
    descriptor: ()V
    flags: (0x0001) ACC_PUBLIC
    Code:
      stack=1, locals=1, args_size=1
         0: aload_0
         1: invokespecial #1                  // Method java/lang/Object."<init>":()V
         4: return

  public int[] test();
    descriptor: ()[I
    flags: (0x0001) ACC_PUBLIC
    Code:
      stack=4, locals=2, args_size=1
         0: iconst_3
         1: newarray       int
         3: astore_1
         4: aload_1
         5: iconst_0
         6: iconst_1
         7: iastore
         8: aload_1
         9: iconst_1
        10: aload_1
        11: iconst_0
        12: iaload
        13: iconst_1
        14: iadd
        15: iastore
        16: aload_1
        17: iconst_2
        18: aload_1
        19: iconst_1
        20: iaload
        21: iconst_1
        22: iadd
        23: iastore
        24: aload_1
        25: areturn
}
