Classfile jar:file:///Users/lordcasser/workspace/projects/jarde/openspec/evidence/same-class-generic-call-consumers-2026-10-09/frozen-inputs-v1/openjdk23/debug/NumberBoundRelay/NumberBoundRelay.jar!/NumberBoundRelay.class
  Last modified 2026年10月9日; size 729 bytes
  SHA-256 checksum 4020f92be425629006d36122a1d88c8cf0b8e70d2638798255cae3c8c7732146
  Compiled from "NumberBoundRelay.java"
public class NumberBoundRelay<T extends java.lang.Number> extends java.lang.Object
  minor version: 0
  major version: 52
  flags: (0x0021) ACC_PUBLIC, ACC_SUPER
  this_class: #8                          // NumberBoundRelay
  super_class: #2                         // java/lang/Object
  interfaces: 0, fields: 0, methods: 3, attributes: 2
Constant pool:
   #1 = Methodref          #2.#3          // java/lang/Object."<init>":()V
   #2 = Class              #4             // java/lang/Object
   #3 = NameAndType        #5:#6          // "<init>":()V
   #4 = Utf8               java/lang/Object
   #5 = Utf8               <init>
   #6 = Utf8               ()V
   #7 = Methodref          #8.#9          // NumberBoundRelay.identity:(Ljava/lang/Number;)Ljava/lang/Number;
   #8 = Class              #10            // NumberBoundRelay
   #9 = NameAndType        #11:#12        // identity:(Ljava/lang/Number;)Ljava/lang/Number;
  #10 = Utf8               NumberBoundRelay
  #11 = Utf8               identity
  #12 = Utf8               (Ljava/lang/Number;)Ljava/lang/Number;
  #13 = Utf8               Code
  #14 = Utf8               LineNumberTable
  #15 = Utf8               LocalVariableTable
  #16 = Utf8               this
  #17 = Utf8               LNumberBoundRelay;
  #18 = Utf8               LocalVariableTypeTable
  #19 = Utf8               LNumberBoundRelay<TT;>;
  #20 = Utf8               x
  #21 = Utf8               Ljava/lang/Number;
  #22 = Utf8               TT;
  #23 = Utf8               Signature
  #24 = Utf8               (TT;)TT;
  #25 = Utf8               relay
  #26 = Utf8               <T:Ljava/lang/Number;>Ljava/lang/Object;
  #27 = Utf8               SourceFile
  #28 = Utf8               NumberBoundRelay.java
{
  public NumberBoundRelay();
    descriptor: ()V
    flags: (0x0001) ACC_PUBLIC
    Code:
      stack=1, locals=1, args_size=1
         0: aload_0
         1: invokespecial #1                  // Method java/lang/Object."<init>":()V
         4: return
      LineNumberTable:
        line 1: 0
      LocalVariableTable:
        Start  Length  Slot  Name   Signature
            0       5     0  this   LNumberBoundRelay;
      LocalVariableTypeTable:
        Start  Length  Slot  Name   Signature
            0       5     0  this   LNumberBoundRelay<TT;>;

  public T identity(T);
    descriptor: (Ljava/lang/Number;)Ljava/lang/Number;
    flags: (0x0001) ACC_PUBLIC
    Code:
      stack=1, locals=2, args_size=2
         0: aload_1
         1: areturn
      LineNumberTable:
        line 1: 0
      LocalVariableTable:
        Start  Length  Slot  Name   Signature
            0       2     0  this   LNumberBoundRelay;
            0       2     1     x   Ljava/lang/Number;
      LocalVariableTypeTable:
        Start  Length  Slot  Name   Signature
            0       2     0  this   LNumberBoundRelay<TT;>;
            0       2     1     x   TT;
    Signature: #24                          // (TT;)TT;

  public T relay(T);
    descriptor: (Ljava/lang/Number;)Ljava/lang/Number;
    flags: (0x0001) ACC_PUBLIC
    Code:
      stack=2, locals=2, args_size=2
         0: aload_0
         1: aload_1
         2: invokevirtual #7                  // Method identity:(Ljava/lang/Number;)Ljava/lang/Number;
         5: areturn
      LineNumberTable:
        line 1: 0
      LocalVariableTable:
        Start  Length  Slot  Name   Signature
            0       6     0  this   LNumberBoundRelay;
            0       6     1     x   Ljava/lang/Number;
      LocalVariableTypeTable:
        Start  Length  Slot  Name   Signature
            0       6     0  this   LNumberBoundRelay<TT;>;
            0       6     1     x   TT;
    Signature: #24                          // (TT;)TT;
}
Signature: #26                          // <T:Ljava/lang/Number;>Ljava/lang/Object;
SourceFile: "NumberBoundRelay.java"
