// jarde: presentation of `p/Factory` from the class file's own declaration and one recovery run per member.
// jarde: not a compilable project: no imports and no resources are claimed (the `package` line is the class file's own name, not a claim about a directory); every place this text is not a full recovery carries a marker of this prefix.
package p;

public interface Factory {
    // jarde: no body: the member `make()Lp/Action;` is declared abstract and its declaration carries no Code attribute
    public abstract p.Action make();
}
bridge_proofs = []
class.class_bytes.digest = "c39423f02eb636695b1a5e5ef4ccc3b7e533a9e172e64e7f47c5d2f6d3b1afe8"
class.class_bytes.length = 91
class.location.entry.ordinal = 4
class.location.entry.origin.root_container = "root"
class.location.entry.origin.snapshot = "42e4d23fd5bc9d547e91df54c2322da2e55c32db0e91712f7765a0fa4ba2d493"
class.location.entry.origin.steps = []
class.location.entry.raw_name = [112,47,70,97,99,116,111,114,121,46,99,108,97,115,115]
class.location.kind = "archive_entry"
class.variant.kind = "base"
coverage.artifact_structural.scanned.0.end = 9
coverage.artifact_structural.scanned.0.label = "central_directory_entries"
coverage.artifact_structural.scanned.0.start = 0
coverage.artifact_structural.scanned.1.end = 1
coverage.artifact_structural.scanned.1.label = "navigation_candidates"
coverage.artifact_structural.scanned.1.start = 0
coverage.artifact_structural.scanned.2.end = 1
coverage.artifact_structural.scanned.2.label = "class_methods"
coverage.artifact_structural.scanned.2.start = 0
coverage.artifact_structural.skipped = []
coverage.artifact_structural.state = "complete_within_schema"
coverage.artifact_structural.uninterpreted_extensions = []
coverage.dynamic_analysis.scanned = []
coverage.dynamic_analysis.skipped = []
coverage.dynamic_analysis.state = "not_requested"
coverage.dynamic_analysis.uninterpreted_extensions = []
coverage.runtime_resolution.scanned = []
coverage.runtime_resolution.skipped = []
coverage.runtime_resolution.state = "not_requested"
coverage.runtime_resolution.uninterpreted_extensions = []
declaration.annotation_attributes = []
declaration.annotation_refusals = []
declaration.annotation_uses = []
declaration.declaration = "public interface Factory"
declaration.generic_refusal = null
declaration.generic_signature = null
declaration.item.binding.kind = "path_name_agrees"
declaration.item.declaration.access_flags = 1537
declaration.item.declaration.interfaces = []
declaration.item.declaration.super_class.escaped = "java/lang/Object"
declaration.item.declaration.super_class.raw = [106,97,118,97,47,108,97,110,103,47,79,98,106,101,99,116]
declaration.item.declaration.super_class.utf16 = [106,97,118,97,47,108,97,110,103,47,79,98,106,101,99,116]
declaration.item.declaration.this_class.escaped = "p/Factory"
declaration.item.declaration.this_class.raw = [112,47,70,97,99,116,111,114,121]
declaration.item.declaration.this_class.utf16 = [112,47,70,97,99,116,111,114,121]
declaration.item.definition.class_bytes.digest = "c39423f02eb636695b1a5e5ef4ccc3b7e533a9e172e64e7f47c5d2f6d3b1afe8"
declaration.item.definition.class_bytes.length = 91
declaration.item.definition.location.entry.ordinal = 4
declaration.item.definition.location.entry.origin.root_container = "root"
declaration.item.definition.location.entry.origin.snapshot = "42e4d23fd5bc9d547e91df54c2322da2e55c32db0e91712f7765a0fa4ba2d493"
declaration.item.definition.location.entry.origin.steps = []
declaration.item.definition.location.entry.raw_name = [112,47,70,97,99,116,111,114,121,46,99,108,97,115,115]
declaration.item.definition.location.kind = "archive_entry"
declaration.item.definition.variant.kind = "base"
declaration.item.member_table = null
declaration.name = "Factory"
diagnostics = []
enum_switch_proofs = []
execution.status = "complete"
execution.usage.analysis_steps = 0
execution.usage.archive_entries = 14
execution.usage.attribute_bytes = 0
execution.usage.class_bytes = 91
execution.usage.class_headers = 1
execution.usage.code_bytes = 0
execution.usage.dependency_depth = 0
execution.usage.elapsed_millis = 0
execution.usage.entry_bytes = 91
execution.usage.input_bytes = 2401
execution.usage.ir_edges = 0
execution.usage.ir_items = 0
execution.usage.method_bodies = 0
execution.usage.nested_depth = 0
execution.usage.normalization_clones = 0
execution.usage.output_bytes = 0
execution.usage.read_bytes = 87
execution.usage.result_items = 12
fields = []
initializer_proof.fields = []
initializer_proof.kind = "proved"
limits.analysis_steps = 4194304
limits.archive_entries = 65536
limits.attribute_bytes = 67108864
limits.class_bytes = 67108864
limits.class_headers = 4096
limits.code_bytes = 16777216
limits.dependency_depth = 8
limits.elapsed_millis = 30000
limits.entry_bytes = 67108864
limits.input_bytes = 67108864
limits.ir_edges = 4194304
limits.ir_items = 4194304
limits.method_bodies = 4096
limits.nested_depth = 4
limits.normalization_clones = 1048576
limits.output_bytes = 16777216
limits.read_bytes = 67108864
limits.result_items = 65536
member_family.state = "absent"
methods.0.annotations.attributes = []
methods.0.annotations.refusals = []
methods.0.annotations.uses = []
methods.0.declaration = "public abstract p.Action make()"
methods.0.item.access_flags = 1025
methods.0.item.body.kind = "no_code_attribute"
methods.0.item.descriptor.escaped = "()Lp/Action;"
methods.0.item.descriptor.raw = [40,41,76,112,47,65,99,116,105,111,110,59]
methods.0.item.descriptor.utf16 = [40,41,76,112,47,65,99,116,105,111,110,59]
methods.0.item.identity.descriptor = [40,41,76,112,47,65,99,116,105,111,110,59]
methods.0.item.identity.name = [109,97,107,101]
methods.0.item.identity.owner.class_bytes.digest = "c39423f02eb636695b1a5e5ef4ccc3b7e533a9e172e64e7f47c5d2f6d3b1afe8"
methods.0.item.identity.owner.class_bytes.length = 91
methods.0.item.identity.owner.location.entry.ordinal = 4
methods.0.item.identity.owner.location.entry.origin.root_container = "root"
methods.0.item.identity.owner.location.entry.origin.snapshot = "42e4d23fd5bc9d547e91df54c2322da2e55c32db0e91712f7765a0fa4ba2d493"
methods.0.item.identity.owner.location.entry.origin.steps = []
methods.0.item.identity.owner.location.entry.raw_name = [112,47,70,97,99,116,111,114,121,46,99,108,97,115,115]
methods.0.item.identity.owner.location.kind = "archive_entry"
methods.0.item.identity.owner.variant.kind = "base"
methods.0.item.index = 0
methods.0.item.name.escaped = "make"
methods.0.item.name.raw = [109,97,107,101]
methods.0.item.name.utf16 = [109,97,107,101]
methods.0.markers = ["// jarde: no body: the member `make()Lp/Action;` is declared abstract and its declaration carries no Code attribute"]
methods.0.no_body_kind = "abstract"
methods.0.outcome.kind = "no_body"
methods.0.parameter_annotations.attributes = []
methods.0.parameter_annotations.refusals = []
methods.0.parameter_annotations.uses_by_position = []
methods.0.text = "    // jarde: no body: the member `make()Lp/Action;` is declared abstract and its declaration carries no Code attribute\n    public abstract p.Action make();\n"
methods.0.type_annotations.attributes = []
methods.0.type_annotations.field_uses = []
methods.0.type_annotations.parameter_uses = []
methods.0.type_annotations.refusals = []
methods.0.type_annotations.return_uses = []
nested_annotation_family.state = "absent"
nested_enum_family.state = "absent"
outcome = "performed"
stages = ["raw_facts","raw_cfg","legacy_normalization","canonical_cfg","frame","ssa"]
usage.analysis_steps = 0
usage.archive_entries = 14
usage.attribute_bytes = 0
usage.class_bytes = 91
usage.class_headers = 1
usage.code_bytes = 0
usage.dependency_depth = 0
usage.elapsed_millis = 0
usage.entry_bytes = 91
usage.input_bytes = 2401
usage.ir_edges = 0
usage.ir_items = 0
usage.method_bodies = 0
usage.nested_depth = 0
usage.normalization_clones = 0
usage.output_bytes = 0
usage.read_bytes = 87
usage.result_items = 12
view.scope.kind = "snapshot_all"
view.snapshot = "42e4d23fd5bc9d547e91df54c2322da2e55c32db0e91712f7765a0fa4ba2d493"
