// jarde: presentation of `p/Nested$1$1` from the class file's own declaration and one recovery run per member.
// jarde: not a compilable project: no imports and no resources are claimed (the `package` line is the class file's own name, not a claim about a directory); every place this text is not a full recovery carries a marker of this prefix.
package p;

class Nested$1$1 extends java.lang.Object implements p.Action {
    final p.Nested$1 this$0;

    Nested$1$1(p.Nested$1 arg1) {
        // @method <init>(Lp/Nested$1;)V
        // @declaration a constructor of `p.Nested$1$1`, member flags 0x0000
        // recovered from bytecode; presentation is not claimed to compile
        this.this$0 = arg1;
        super();
        return;
    }

    public void run() {
        // @method run()V
        // @declaration an instance method of `p.Nested$1$1`, member flags 0x0001
        // recovered from bytecode; presentation is not claimed to compile
        p.Nested.trace = p.Nested.trace + 1;
        return;
    }
}
bridge_proofs = []
class.class_bytes.digest = "dff42f1d66318bebaab6c0fccaefeda445adc859857853bce6706a2992303e05"
class.class_bytes.length = 425
class.location.entry.ordinal = 5
class.location.entry.origin.root_container = "root"
class.location.entry.origin.snapshot = "42e4d23fd5bc9d547e91df54c2322da2e55c32db0e91712f7765a0fa4ba2d493"
class.location.entry.origin.steps = []
class.location.entry.raw_name = [112,47,78,101,115,116,101,100,36,49,36,49,46,99,108,97,115,115]
class.location.kind = "archive_entry"
class.variant.kind = "base"
coverage.artifact_structural.scanned.0.end = 9
coverage.artifact_structural.scanned.0.label = "central_directory_entries"
coverage.artifact_structural.scanned.0.start = 0
coverage.artifact_structural.scanned.1.end = 1
coverage.artifact_structural.scanned.1.label = "navigation_candidates"
coverage.artifact_structural.scanned.1.start = 0
coverage.artifact_structural.scanned.2.end = 1
coverage.artifact_structural.scanned.2.label = "class_fields"
coverage.artifact_structural.scanned.2.start = 0
coverage.artifact_structural.scanned.3.end = 2
coverage.artifact_structural.scanned.3.label = "class_methods"
coverage.artifact_structural.scanned.3.start = 0
coverage.artifact_structural.scanned.4.end = 2
coverage.artifact_structural.scanned.4.label = "class_source_bodies"
coverage.artifact_structural.scanned.4.start = 0
coverage.artifact_structural.skipped = []
coverage.artifact_structural.state = "complete_within_schema"
coverage.artifact_structural.uninterpreted_extensions = []
coverage.dynamic_analysis.scanned = []
coverage.dynamic_analysis.skipped = []
coverage.dynamic_analysis.state = "not_requested"
coverage.dynamic_analysis.uninterpreted_extensions = []
coverage.runtime_resolution.scanned = []
coverage.runtime_resolution.skipped = []
coverage.runtime_resolution.state = "not_requested"
coverage.runtime_resolution.uninterpreted_extensions = []
declaration.annotation_attributes = []
declaration.annotation_refusals = []
declaration.annotation_uses = []
declaration.declaration = "class Nested$1$1 extends java.lang.Object implements p.Action"
declaration.generic_refusal = null
declaration.generic_signature = null
declaration.item.binding.kind = "path_name_agrees"
declaration.item.declaration.access_flags = 32
declaration.item.declaration.interfaces.0.escaped = "p/Action"
declaration.item.declaration.interfaces.0.raw = [112,47,65,99,116,105,111,110]
declaration.item.declaration.interfaces.0.utf16 = [112,47,65,99,116,105,111,110]
declaration.item.declaration.super_class.escaped = "java/lang/Object"
declaration.item.declaration.super_class.raw = [106,97,118,97,47,108,97,110,103,47,79,98,106,101,99,116]
declaration.item.declaration.super_class.utf16 = [106,97,118,97,47,108,97,110,103,47,79,98,106,101,99,116]
declaration.item.declaration.this_class.escaped = "p/Nested$1$1"
declaration.item.declaration.this_class.raw = [112,47,78,101,115,116,101,100,36,49,36,49]
declaration.item.declaration.this_class.utf16 = [112,47,78,101,115,116,101,100,36,49,36,49]
declaration.item.definition.class_bytes.digest = "dff42f1d66318bebaab6c0fccaefeda445adc859857853bce6706a2992303e05"
declaration.item.definition.class_bytes.length = 425
declaration.item.definition.location.entry.ordinal = 5
declaration.item.definition.location.entry.origin.root_container = "root"
declaration.item.definition.location.entry.origin.snapshot = "42e4d23fd5bc9d547e91df54c2322da2e55c32db0e91712f7765a0fa4ba2d493"
declaration.item.definition.location.entry.origin.steps = []
declaration.item.definition.location.entry.raw_name = [112,47,78,101,115,116,101,100,36,49,36,49,46,99,108,97,115,115]
declaration.item.definition.location.kind = "archive_entry"
declaration.item.definition.variant.kind = "base"
declaration.item.member_table = null
declaration.name = "Nested$1$1"
diagnostics = []
enum_switch_proofs = []
execution.status = "complete"
execution.usage.analysis_steps = 114
execution.usage.archive_entries = 24
execution.usage.attribute_bytes = 289
execution.usage.class_bytes = 850
execution.usage.class_headers = 1
execution.usage.code_bytes = 19
execution.usage.dependency_depth = 0
execution.usage.elapsed_millis = 2
execution.usage.entry_bytes = 425
execution.usage.input_bytes = 2401
execution.usage.ir_edges = 9
execution.usage.ir_items = 227
execution.usage.method_bodies = 2
execution.usage.nested_depth = 0
execution.usage.normalization_clones = 0
execution.usage.output_bytes = 438
execution.usage.read_bytes = 306
execution.usage.result_items = 31
fields.0.annotations.attributes = []
fields.0.annotations.refusals = []
fields.0.annotations.uses = []
fields.0.declaration = "final p.Nested$1 this$0"
fields.0.item.access_flags = 4112
fields.0.item.descriptor.escaped = "Lp/Nested$1;"
fields.0.item.descriptor.raw = [76,112,47,78,101,115,116,101,100,36,49,59]
fields.0.item.descriptor.utf16 = [76,112,47,78,101,115,116,101,100,36,49,59]
fields.0.item.identity.member.descriptor = [76,112,47,78,101,115,116,101,100,36,49,59]
fields.0.item.identity.member.kind = "field"
fields.0.item.identity.member.name = [116,104,105,115,36,48]
fields.0.item.identity.owner.class_bytes.digest = "dff42f1d66318bebaab6c0fccaefeda445adc859857853bce6706a2992303e05"
fields.0.item.identity.owner.class_bytes.length = 425
fields.0.item.identity.owner.location.entry.ordinal = 5
fields.0.item.identity.owner.location.entry.origin.root_container = "root"
fields.0.item.identity.owner.location.entry.origin.snapshot = "42e4d23fd5bc9d547e91df54c2322da2e55c32db0e91712f7765a0fa4ba2d493"
fields.0.item.identity.owner.location.entry.origin.steps = []
fields.0.item.identity.owner.location.entry.raw_name = [112,47,78,101,115,116,101,100,36,49,36,49,46,99,108,97,115,115]
fields.0.item.identity.owner.location.kind = "archive_entry"
fields.0.item.identity.owner.variant.kind = "base"
fields.0.item.index = 0
fields.0.item.name.escaped = "this$0"
fields.0.item.name.raw = [116,104,105,115,36,48]
fields.0.item.name.utf16 = [116,104,105,115,36,48]
fields.0.markers = []
fields.0.type_annotations.attributes = []
fields.0.type_annotations.field_uses = []
fields.0.type_annotations.parameter_uses = []
fields.0.type_annotations.refusals = []
fields.0.type_annotations.return_uses = []
initializer_proof.kind = "not_applicable"
limits.analysis_steps = 4194304
limits.archive_entries = 65536
limits.attribute_bytes = 67108864
limits.class_bytes = 67108864
limits.class_headers = 4096
limits.code_bytes = 16777216
limits.dependency_depth = 8
limits.elapsed_millis = 30000
limits.entry_bytes = 67108864
limits.input_bytes = 67108864
limits.ir_edges = 4194304
limits.ir_items = 4194304
limits.method_bodies = 4096
limits.nested_depth = 4
limits.normalization_clones = 1048576
limits.output_bytes = 16777216
limits.read_bytes = 67108864
limits.result_items = 65536
member_family.child = null
member_family.reason = "selected root has EnclosingMethod identity"
member_family.state = "refused"
methods.0.annotations.attributes = []
methods.0.annotations.refusals = []
methods.0.annotations.uses = []
methods.0.declaration = "Nested$1$1(p.Nested$1 arg1)"
methods.0.item.access_flags = 0
methods.0.item.body.content_span.length = 22
methods.0.item.body.content_span.start = 321
methods.0.item.body.kind = "code_attribute"
methods.0.item.descriptor.escaped = "(Lp/Nested$1;)V"
methods.0.item.descriptor.raw = [40,76,112,47,78,101,115,116,101,100,36,49,59,41,86]
methods.0.item.descriptor.utf16 = [40,76,112,47,78,101,115,116,101,100,36,49,59,41,86]
methods.0.item.identity.descriptor = [40,76,112,47,78,101,115,116,101,100,36,49,59,41,86]
methods.0.item.identity.name = [60,105,110,105,116,62]
methods.0.item.identity.owner.class_bytes.digest = "dff42f1d66318bebaab6c0fccaefeda445adc859857853bce6706a2992303e05"
methods.0.item.identity.owner.class_bytes.length = 425
methods.0.item.identity.owner.location.entry.ordinal = 5
methods.0.item.identity.owner.location.entry.origin.root_container = "root"
methods.0.item.identity.owner.location.entry.origin.snapshot = "42e4d23fd5bc9d547e91df54c2322da2e55c32db0e91712f7765a0fa4ba2d493"
methods.0.item.identity.owner.location.entry.origin.steps = []
methods.0.item.identity.owner.location.entry.raw_name = [112,47,78,101,115,116,101,100,36,49,36,49,46,99,108,97,115,115]
methods.0.item.identity.owner.location.kind = "archive_entry"
methods.0.item.identity.owner.variant.kind = "base"
methods.0.item.index = 0
methods.0.item.name.escaped = "<init>"
methods.0.item.name.raw = [60,105,110,105,116,62]
methods.0.item.name.utf16 = [60,105,110,105,116,62]
methods.0.markers = []
methods.0.no_body_kind = null
methods.0.outcome.analysis.diagnostics = 0
methods.0.outcome.analysis.execution.status = "complete"
methods.0.outcome.analysis.execution.usage.analysis_steps = 37
methods.0.outcome.analysis.execution.usage.archive_entries = 24
methods.0.outcome.analysis.execution.usage.attribute_bytes = 262
methods.0.outcome.analysis.execution.usage.class_bytes = 850
methods.0.outcome.analysis.execution.usage.class_headers = 1
methods.0.outcome.analysis.execution.usage.code_bytes = 10
methods.0.outcome.analysis.execution.usage.dependency_depth = 0
methods.0.outcome.analysis.execution.usage.elapsed_millis = 1
methods.0.outcome.analysis.execution.usage.entry_bytes = 425
methods.0.outcome.analysis.execution.usage.input_bytes = 2401
methods.0.outcome.analysis.execution.usage.ir_edges = 6
methods.0.outcome.analysis.execution.usage.ir_items = 94
methods.0.outcome.analysis.execution.usage.method_bodies = 1
methods.0.outcome.analysis.execution.usage.nested_depth = 0
methods.0.outcome.analysis.execution.usage.normalization_clones = 0
methods.0.outcome.analysis.execution.usage.output_bytes = 0
methods.0.outcome.analysis.execution.usage.read_bytes = 306
methods.0.outcome.analysis.execution.usage.result_items = 29
methods.0.outcome.kind = "recovered"
methods.0.outcome.report.accessors = []
methods.0.outcome.report.aliased_names = []
methods.0.outcome.report.artifact.agreement.state = "not_stated"
methods.0.outcome.report.artifact.binding.engine = "0.1.0"
methods.0.outcome.report.artifact.binding.environment.content = ["42e4d23fd5bc9d547e91df54c2322da2e55c32db0e91712f7765a0fa4ba2d493"]
methods.0.outcome.report.artifact.binding.environment.domain_loaders = ["app"]
methods.0.outcome.report.artifact.binding.environment.providers = []
methods.0.outcome.report.artifact.binding.environment.runtime.load_domain.delegation.kind = "parent_first"
methods.0.outcome.report.artifact.binding.environment.runtime.load_domain.external_override = "none"
methods.0.outcome.report.artifact.binding.environment.runtime.load_domain.loader = "app"
methods.0.outcome.report.artifact.binding.environment.runtime.load_domain.module_mode.kind = "class_path"
methods.0.outcome.report.artifact.binding.environment.runtime.load_domain.parent_loader = null
methods.0.outcome.report.artifact.binding.environment.runtime.load_domain.roots.0.kind = "container"
methods.0.outcome.report.artifact.binding.environment.runtime.load_domain.roots.0.origin.root_container = "root"
methods.0.outcome.report.artifact.binding.environment.runtime.load_domain.roots.0.origin.snapshot = "42e4d23fd5bc9d547e91df54c2322da2e55c32db0e91712f7765a0fa4ba2d493"
methods.0.outcome.report.artifact.binding.environment.runtime.load_domain.roots.0.origin.steps = []
methods.0.outcome.report.artifact.binding.environment.runtime.load_domain.roots.0.prefix = []
methods.0.outcome.report.artifact.binding.environment.runtime.load_domain.runtime_transformation = "none"
methods.0.outcome.report.artifact.binding.environment.runtime.physical.scope.kind = "snapshot_all"
methods.0.outcome.report.artifact.binding.environment.runtime.physical.snapshot = "42e4d23fd5bc9d547e91df54c2322da2e55c32db0e91712f7765a0fa4ba2d493"
methods.0.outcome.report.artifact.binding.environment.runtime.profile.java_release = 8
methods.0.outcome.report.artifact.binding.environment.runtime.profile.layout.kind = "generic"
methods.0.outcome.report.artifact.binding.environment.runtime.profile.multi_release.kind = "disabled"
methods.0.outcome.report.artifact.binding.member_ordinal = 0
methods.0.outcome.report.artifact.binding.method.descriptor = [40,76,112,47,78,101,115,116,101,100,36,49,59,41,86]
methods.0.outcome.report.artifact.binding.method.name = [60,105,110,105,116,62]
methods.0.outcome.report.artifact.binding.method.owner.class_bytes.digest = "dff42f1d66318bebaab6c0fccaefeda445adc859857853bce6706a2992303e05"
methods.0.outcome.report.artifact.binding.method.owner.class_bytes.length = 425
methods.0.outcome.report.artifact.binding.method.owner.location.entry.ordinal = 5
methods.0.outcome.report.artifact.binding.method.owner.location.entry.origin.root_container = "root"
methods.0.outcome.report.artifact.binding.method.owner.location.entry.origin.snapshot = "42e4d23fd5bc9d547e91df54c2322da2e55c32db0e91712f7765a0fa4ba2d493"
methods.0.outcome.report.artifact.binding.method.owner.location.entry.origin.steps = []
methods.0.outcome.report.artifact.binding.method.owner.location.entry.raw_name = [112,47,78,101,115,116,101,100,36,49,36,49,46,99,108,97,115,115]
methods.0.outcome.report.artifact.binding.method.owner.location.kind = "archive_entry"
methods.0.outcome.report.artifact.binding.method.owner.variant.kind = "base"
methods.0.outcome.report.artifact.binding.profile.java_release = 8
methods.0.outcome.report.artifact.binding.profile.layout.kind = "generic"
methods.0.outcome.report.artifact.binding.profile.multi_release.kind = "disabled"
methods.0.outcome.report.artifact.binding.registry = 71
methods.0.outcome.report.artifact.binding.rules = ["straight@1","if@1","loop@1","switch@1","lambda@1","concat@1","bridge@1","accessor@1","new@1","field@1","enumswitch@1","init@1","declaration@1","twr@1","monitor@1","finally@1"]
methods.0.outcome.report.artifact.binding.schema = 1
methods.0.outcome.report.artifact.binding.text_bytes = 222
methods.0.outcome.report.artifact.binding.text_digest = "6feeafbea08d3beabb91c99e8345360f"
methods.0.outcome.report.bridges = []
methods.0.outcome.report.compile_status = "not_attempted"
methods.0.outcome.report.concats = []
methods.0.outcome.report.content = "contains_statements"
methods.0.outcome.report.declaration = null
methods.0.outcome.report.diagnostics.0.code = "jre_recovery_produced"
methods.0.outcome.report.diagnostics.0.message = "1 region(s), 3 statement(s), 5 segment(s), 222 byte(s) written from 1 canonical block(s)"
methods.0.outcome.report.diagnostics.0.provenance = null
methods.0.outcome.report.diagnostics.0.severity = "info"
methods.0.outcome.report.diagnostics.1.code = "jre_field_accesses"
methods.0.outcome.report.diagnostics.1.message = "1 field instruction(s) read under field@1: 1 presented, 0 refused"
methods.0.outcome.report.diagnostics.1.provenance = null
methods.0.outcome.report.diagnostics.1.severity = "info"
methods.0.outcome.report.diagnostics.2.code = "jre_constructor_prologue"
methods.0.outcome.report.diagnostics.2.message = "the body is an instance initializer and its prologue is written under init@1 as `super`: the call at BCI 6 names `java/lang/Object`, and the class that declares this constructor is `p/Nested$1$1`"
methods.0.outcome.report.diagnostics.2.provenance = null
methods.0.outcome.report.diagnostics.2.severity = "info"
methods.0.outcome.report.diagnostics.3.code = "jre_declaration"
methods.0.outcome.report.diagnostics.3.message = "the artifact's envelope states the member's declaration under declaration@1: a constructor"
methods.0.outcome.report.diagnostics.3.provenance = null
methods.0.outcome.report.diagnostics.3.severity = "info"
methods.0.outcome.report.enum_switches = []
methods.0.outcome.report.evidence.categories.0.kind = "source_map"
methods.0.outcome.report.evidence.categories.0.state.state = "not_requested"
methods.0.outcome.report.evidence.categories.1.kind = "region_details"
methods.0.outcome.report.evidence.categories.1.state.state = "not_requested"
methods.0.outcome.report.evidence.categories.2.kind = "rule_details"
methods.0.outcome.report.evidence.categories.2.state.state = "not_requested"
methods.0.outcome.report.evidence.categories.3.kind = "name_details"
methods.0.outcome.report.evidence.categories.3.state.state = "not_requested"
methods.0.outcome.report.evidence.categories.4.kind = "read_details"
methods.0.outcome.report.evidence.categories.4.state.state = "not_requested"
methods.0.outcome.report.evidence.requested.driver_bci_range = null
methods.0.outcome.report.evidence.requested.expected_artifact = null
methods.0.outcome.report.evidence.requested.kinds = []
methods.0.outcome.report.execution.status = "complete"
methods.0.outcome.report.execution.usage.analysis_steps = 60
methods.0.outcome.report.execution.usage.archive_entries = 24
methods.0.outcome.report.execution.usage.attribute_bytes = 262
methods.0.outcome.report.execution.usage.class_bytes = 850
methods.0.outcome.report.execution.usage.class_headers = 1
methods.0.outcome.report.execution.usage.code_bytes = 10
methods.0.outcome.report.execution.usage.dependency_depth = 0
methods.0.outcome.report.execution.usage.elapsed_millis = 1
methods.0.outcome.report.execution.usage.entry_bytes = 425
methods.0.outcome.report.execution.usage.input_bytes = 2401
methods.0.outcome.report.execution.usage.ir_edges = 6
methods.0.outcome.report.execution.usage.ir_items = 124
methods.0.outcome.report.execution.usage.method_bodies = 1
methods.0.outcome.report.execution.usage.nested_depth = 0
methods.0.outcome.report.execution.usage.normalization_clones = 0
methods.0.outcome.report.execution.usage.output_bytes = 222
methods.0.outcome.report.execution.usage.read_bytes = 306
methods.0.outcome.report.execution.usage.result_items = 29
methods.0.outcome.report.fallbacks = []
methods.0.outcome.report.fields = []
methods.0.outcome.report.init = null
methods.0.outcome.report.lambdas = []
methods.0.outcome.report.method = "<init>(Lp/Nested$1;)V"
methods.0.outcome.report.news = []
methods.0.outcome.report.outcome = "produced"
methods.0.outcome.report.profile.java_release = 8
methods.0.outcome.report.profile.layout.kind = "generic"
methods.0.outcome.report.profile.multi_release.kind = "disabled"
methods.0.outcome.report.quality = "structured"
methods.0.outcome.report.regions = []
methods.0.outcome.report.representation = "java"
methods.0.outcome.report.rules = []
methods.0.outcome.report.semantic_validation = "unproven"
methods.0.outcome.report.source_map.segments = []
methods.0.outcome.report.syntax_status = "unchecked"
methods.0.outcome.report.text = "// @method <init>(Lp/Nested$1;)V\n// @declaration a constructor of `p.Nested$1$1`, member flags 0x0000\n// recovered from bytecode; presentation is not claimed to compile\n{\n    this.this$0 = arg1;\n    super();\n    return;\n}\n"
methods.0.outcome.report.verification = "not_performed"
methods.0.parameter_annotations.attributes = []
methods.0.parameter_annotations.refusals = []
methods.0.parameter_annotations.uses_by_position = [[]]
methods.0.text = "    Nested$1$1(p.Nested$1 arg1) {\n        // @method <init>(Lp/Nested$1;)V\n        // @declaration a constructor of `p.Nested$1$1`, member flags 0x0000\n        // recovered from bytecode; presentation is not claimed to compile\n        this.this$0 = arg1;\n        super();\n        return;\n    }\n"
methods.0.type_annotations.attributes = []
methods.0.type_annotations.field_uses = []
methods.0.type_annotations.parameter_uses = [[]]
methods.0.type_annotations.refusals = []
methods.0.type_annotations.return_uses = []
methods.1.annotations.attributes = []
methods.1.annotations.refusals = []
methods.1.annotations.uses = []
methods.1.declaration = "public void run()"
methods.1.item.access_flags = 1
methods.1.item.body.content_span.length = 21
methods.1.item.body.content_span.start = 368
methods.1.item.body.kind = "code_attribute"
methods.1.item.descriptor.escaped = "()V"
methods.1.item.descriptor.raw = [40,41,86]
methods.1.item.descriptor.utf16 = [40,41,86]
methods.1.item.identity.descriptor = [40,41,86]
methods.1.item.identity.name = [114,117,110]
methods.1.item.identity.owner.class_bytes.digest = "dff42f1d66318bebaab6c0fccaefeda445adc859857853bce6706a2992303e05"
methods.1.item.identity.owner.class_bytes.length = 425
methods.1.item.identity.owner.location.entry.ordinal = 5
methods.1.item.identity.owner.location.entry.origin.root_container = "root"
methods.1.item.identity.owner.location.entry.origin.snapshot = "42e4d23fd5bc9d547e91df54c2322da2e55c32db0e91712f7765a0fa4ba2d493"
methods.1.item.identity.owner.location.entry.origin.steps = []
methods.1.item.identity.owner.location.entry.raw_name = [112,47,78,101,115,116,101,100,36,49,36,49,46,99,108,97,115,115]
methods.1.item.identity.owner.location.kind = "archive_entry"
methods.1.item.identity.owner.variant.kind = "base"
methods.1.item.index = 1
methods.1.item.name.escaped = "run"
methods.1.item.name.raw = [114,117,110]
methods.1.item.name.utf16 = [114,117,110]
methods.1.markers = []
methods.1.no_body_kind = null
methods.1.outcome.analysis.diagnostics = 0
methods.1.outcome.analysis.execution.status = "complete"
methods.1.outcome.analysis.execution.usage.analysis_steps = 90
methods.1.outcome.analysis.execution.usage.archive_entries = 24
methods.1.outcome.analysis.execution.usage.attribute_bytes = 289
methods.1.outcome.analysis.execution.usage.class_bytes = 850
methods.1.outcome.analysis.execution.usage.class_headers = 1
methods.1.outcome.analysis.execution.usage.code_bytes = 19
methods.1.outcome.analysis.execution.usage.dependency_depth = 0
methods.1.outcome.analysis.execution.usage.elapsed_millis = 1
methods.1.outcome.analysis.execution.usage.entry_bytes = 425
methods.1.outcome.analysis.execution.usage.input_bytes = 2401
methods.1.outcome.analysis.execution.usage.ir_edges = 9
methods.1.outcome.analysis.execution.usage.ir_items = 190
methods.1.outcome.analysis.execution.usage.method_bodies = 2
methods.1.outcome.analysis.execution.usage.nested_depth = 0
methods.1.outcome.analysis.execution.usage.normalization_clones = 0
methods.1.outcome.analysis.execution.usage.output_bytes = 222
methods.1.outcome.analysis.execution.usage.read_bytes = 306
methods.1.outcome.analysis.execution.usage.result_items = 30
methods.1.outcome.kind = "recovered"
methods.1.outcome.report.accessors = []
methods.1.outcome.report.aliased_names = []
methods.1.outcome.report.artifact.agreement.state = "not_stated"
methods.1.outcome.report.artifact.binding.engine = "0.1.0"
methods.1.outcome.report.artifact.binding.environment.content = ["42e4d23fd5bc9d547e91df54c2322da2e55c32db0e91712f7765a0fa4ba2d493"]
methods.1.outcome.report.artifact.binding.environment.domain_loaders = ["app"]
methods.1.outcome.report.artifact.binding.environment.providers = []
methods.1.outcome.report.artifact.binding.environment.runtime.load_domain.delegation.kind = "parent_first"
methods.1.outcome.report.artifact.binding.environment.runtime.load_domain.external_override = "none"
methods.1.outcome.report.artifact.binding.environment.runtime.load_domain.loader = "app"
methods.1.outcome.report.artifact.binding.environment.runtime.load_domain.module_mode.kind = "class_path"
methods.1.outcome.report.artifact.binding.environment.runtime.load_domain.parent_loader = null
methods.1.outcome.report.artifact.binding.environment.runtime.load_domain.roots.0.kind = "container"
methods.1.outcome.report.artifact.binding.environment.runtime.load_domain.roots.0.origin.root_container = "root"
methods.1.outcome.report.artifact.binding.environment.runtime.load_domain.roots.0.origin.snapshot = "42e4d23fd5bc9d547e91df54c2322da2e55c32db0e91712f7765a0fa4ba2d493"
methods.1.outcome.report.artifact.binding.environment.runtime.load_domain.roots.0.origin.steps = []
methods.1.outcome.report.artifact.binding.environment.runtime.load_domain.roots.0.prefix = []
methods.1.outcome.report.artifact.binding.environment.runtime.load_domain.runtime_transformation = "none"
methods.1.outcome.report.artifact.binding.environment.runtime.physical.scope.kind = "snapshot_all"
methods.1.outcome.report.artifact.binding.environment.runtime.physical.snapshot = "42e4d23fd5bc9d547e91df54c2322da2e55c32db0e91712f7765a0fa4ba2d493"
methods.1.outcome.report.artifact.binding.environment.runtime.profile.java_release = 8
methods.1.outcome.report.artifact.binding.environment.runtime.profile.layout.kind = "generic"
methods.1.outcome.report.artifact.binding.environment.runtime.profile.multi_release.kind = "disabled"
methods.1.outcome.report.artifact.binding.member_ordinal = 1
methods.1.outcome.report.artifact.binding.method.descriptor = [40,41,86]
methods.1.outcome.report.artifact.binding.method.name = [114,117,110]
methods.1.outcome.report.artifact.binding.method.owner.class_bytes.digest = "dff42f1d66318bebaab6c0fccaefeda445adc859857853bce6706a2992303e05"
methods.1.outcome.report.artifact.binding.method.owner.class_bytes.length = 425
methods.1.outcome.report.artifact.binding.method.owner.location.entry.ordinal = 5
methods.1.outcome.report.artifact.binding.method.owner.location.entry.origin.root_container = "root"
methods.1.outcome.report.artifact.binding.method.owner.location.entry.origin.snapshot = "42e4d23fd5bc9d547e91df54c2322da2e55c32db0e91712f7765a0fa4ba2d493"
methods.1.outcome.report.artifact.binding.method.owner.location.entry.origin.steps = []
methods.1.outcome.report.artifact.binding.method.owner.location.entry.raw_name = [112,47,78,101,115,116,101,100,36,49,36,49,46,99,108,97,115,115]
methods.1.outcome.report.artifact.binding.method.owner.location.kind = "archive_entry"
methods.1.outcome.report.artifact.binding.method.owner.variant.kind = "base"
methods.1.outcome.report.artifact.binding.profile.java_release = 8
methods.1.outcome.report.artifact.binding.profile.layout.kind = "generic"
methods.1.outcome.report.artifact.binding.profile.multi_release.kind = "disabled"
methods.1.outcome.report.artifact.binding.registry = 71
methods.1.outcome.report.artifact.binding.rules = ["straight@1","if@1","loop@1","switch@1","lambda@1","concat@1","bridge@1","accessor@1","new@1","field@1","enumswitch@1","init@1","declaration@1","twr@1","monitor@1","finally@1"]
methods.1.outcome.report.artifact.binding.schema = 1
methods.1.outcome.report.artifact.binding.text_bytes = 216
methods.1.outcome.report.artifact.binding.text_digest = "1fe5071a9795040d60c2716771ebebdb"
methods.1.outcome.report.bridges = []
methods.1.outcome.report.compile_status = "not_attempted"
methods.1.outcome.report.concats = []
methods.1.outcome.report.content = "contains_statements"
methods.1.outcome.report.declaration = null
methods.1.outcome.report.diagnostics.0.code = "jre_recovery_produced"
methods.1.outcome.report.diagnostics.0.message = "1 region(s), 2 statement(s), 7 segment(s), 216 byte(s) written from 1 canonical block(s)"
methods.1.outcome.report.diagnostics.0.provenance = null
methods.1.outcome.report.diagnostics.0.severity = "info"
methods.1.outcome.report.diagnostics.1.code = "jre_field_accesses"
methods.1.outcome.report.diagnostics.1.message = "2 field instruction(s) read under field@1: 2 presented, 0 refused"
methods.1.outcome.report.diagnostics.1.provenance = null
methods.1.outcome.report.diagnostics.1.severity = "info"
methods.1.outcome.report.diagnostics.2.code = "jre_declaration"
methods.1.outcome.report.diagnostics.2.message = "the artifact's envelope states the member's declaration under declaration@1: an instance method"
methods.1.outcome.report.diagnostics.2.provenance = null
methods.1.outcome.report.diagnostics.2.severity = "info"
methods.1.outcome.report.enum_switches = []
methods.1.outcome.report.evidence.categories.0.kind = "source_map"
methods.1.outcome.report.evidence.categories.0.state.state = "not_requested"
methods.1.outcome.report.evidence.categories.1.kind = "region_details"
methods.1.outcome.report.evidence.categories.1.state.state = "not_requested"
methods.1.outcome.report.evidence.categories.2.kind = "rule_details"
methods.1.outcome.report.evidence.categories.2.state.state = "not_requested"
methods.1.outcome.report.evidence.categories.3.kind = "name_details"
methods.1.outcome.report.evidence.categories.3.state.state = "not_requested"
methods.1.outcome.report.evidence.categories.4.kind = "read_details"
methods.1.outcome.report.evidence.categories.4.state.state = "not_requested"
methods.1.outcome.report.evidence.requested.driver_bci_range = null
methods.1.outcome.report.evidence.requested.expected_artifact = null
methods.1.outcome.report.evidence.requested.kinds = []
methods.1.outcome.report.execution.status = "complete"
methods.1.outcome.report.execution.usage.analysis_steps = 110
methods.1.outcome.report.execution.usage.archive_entries = 24
methods.1.outcome.report.execution.usage.attribute_bytes = 289
methods.1.outcome.report.execution.usage.class_bytes = 850
methods.1.outcome.report.execution.usage.class_headers = 1
methods.1.outcome.report.execution.usage.code_bytes = 19
methods.1.outcome.report.execution.usage.dependency_depth = 0
methods.1.outcome.report.execution.usage.elapsed_millis = 2
methods.1.outcome.report.execution.usage.entry_bytes = 425
methods.1.outcome.report.execution.usage.input_bytes = 2401
methods.1.outcome.report.execution.usage.ir_edges = 9
methods.1.outcome.report.execution.usage.ir_items = 227
methods.1.outcome.report.execution.usage.method_bodies = 2
methods.1.outcome.report.execution.usage.nested_depth = 0
methods.1.outcome.report.execution.usage.normalization_clones = 0
methods.1.outcome.report.execution.usage.output_bytes = 438
methods.1.outcome.report.execution.usage.read_bytes = 306
methods.1.outcome.report.execution.usage.result_items = 30
methods.1.outcome.report.fallbacks = []
methods.1.outcome.report.fields = []
methods.1.outcome.report.init = null
methods.1.outcome.report.lambdas = []
methods.1.outcome.report.method = "run()V"
methods.1.outcome.report.news = []
methods.1.outcome.report.outcome = "produced"
methods.1.outcome.report.profile.java_release = 8
methods.1.outcome.report.profile.layout.kind = "generic"
methods.1.outcome.report.profile.multi_release.kind = "disabled"
methods.1.outcome.report.quality = "structured"
methods.1.outcome.report.regions = []
methods.1.outcome.report.representation = "java"
methods.1.outcome.report.rules = []
methods.1.outcome.report.semantic_validation = "unproven"
methods.1.outcome.report.source_map.segments = []
methods.1.outcome.report.syntax_status = "unchecked"
methods.1.outcome.report.text = "// @method run()V\n// @declaration an instance method of `p.Nested$1$1`, member flags 0x0001\n// recovered from bytecode; presentation is not claimed to compile\n{\n    p.Nested.trace = p.Nested.trace + 1;\n    return;\n}\n"
methods.1.outcome.report.verification = "not_performed"
methods.1.parameter_annotations.attributes = []
methods.1.parameter_annotations.refusals = []
methods.1.parameter_annotations.uses_by_position = []
methods.1.text = "    public void run() {\n        // @method run()V\n        // @declaration an instance method of `p.Nested$1$1`, member flags 0x0001\n        // recovered from bytecode; presentation is not claimed to compile\n        p.Nested.trace = p.Nested.trace + 1;\n        return;\n    }\n"
methods.1.type_annotations.attributes = []
methods.1.type_annotations.field_uses = []
methods.1.type_annotations.parameter_uses = []
methods.1.type_annotations.refusals = []
methods.1.type_annotations.return_uses = []
nested_annotation_family.state = "absent"
nested_enum_family.state = "absent"
outcome = "performed"
stages = ["raw_facts","raw_cfg","legacy_normalization","canonical_cfg","frame","ssa"]
usage.analysis_steps = 114
usage.archive_entries = 24
usage.attribute_bytes = 289
usage.class_bytes = 850
usage.class_headers = 1
usage.code_bytes = 19
usage.dependency_depth = 0
usage.elapsed_millis = 2
usage.entry_bytes = 425
usage.input_bytes = 2401
usage.ir_edges = 9
usage.ir_items = 227
usage.method_bodies = 2
usage.nested_depth = 0
usage.normalization_clones = 0
usage.output_bytes = 438
usage.read_bytes = 306
usage.result_items = 31
view.scope.kind = "snapshot_all"
view.snapshot = "42e4d23fd5bc9d547e91df54c2322da2e55c32db0e91712f7765a0fa4ba2d493"
