target:int[][]=Object[]
target:String[]=Object[]
target:String[][]=Object[][]
target:Object-widened-int[][]=Object
target:Object[]-widened-int[][]=Object[]
target:Object-widened-String[]=Object
target:Object[]-widened-String[]=Object[]
target:Object-widened-String[][]=Object
target:Object[]-widened-String[][]=Object[]
exact:int[][]=int[][]:2
exact:String[]=String[]:2
exact:String[][]=String[][]:2
exact:Object[]-int[][]=Object[]:2
exact:Object[]-String[]=Object[]:2
exact:Object[]-String[][]=Object[]:2
exact:Object[][]-String[][]=Object[][]:2
describe:Object[]-int[][]=[[I:2
describe:Object[]-String[]=[Ljava.lang.String;:2
describe:Object[][]-String[][]=[[Ljava.lang.String;:2
write:Object[]-int[][]=error:java.lang.ArrayStoreException
write:Object[]-String[]=error:java.lang.ArrayStoreException
write:Object[][]-String[][]=error:java.lang.ArrayStoreException
write:Object[]-empty-int[][]=error:java.lang.ArrayIndexOutOfBoundsException
write:Object[]-empty-String[]=error:java.lang.ArrayIndexOutOfBoundsException
write:Object[][]-empty-String[][]=error:java.lang.ArrayIndexOutOfBoundsException
size:int[][]=int[][]:2
size:String[]=String[]:2
size:String[][]=String[][]:2
size:Object[]-int[][]=[[I:2
size:Object[]-String[]=[Ljava.lang.String;:2
size:Object[][]-String[][]=[[Ljava.lang.String;:2
null:exact-int[][]=error:java.lang.NullPointerException
null:exact-String[]=error:java.lang.NullPointerException
null:exact-String[][]=error:java.lang.NullPointerException
null:Object-widened=Object
null:Object[]-widened=Object[]
null:Object[]-dereference=error:java.lang.NullPointerException
