VERIFY_ERROR java.lang.VerifyError: Bad type on operand stack
Exception Details:
  Location:
    Main.ownGridDirect()[[LBase; @46: ireturn
  Reason:
    Type '[[LBase;' (current frame, stack[0]) is not assignable to integer
  Current Frame:
    bci: @46
    flags: { }
    locals: { }
    stack: { '[[LBase;' }
  Bytecode:
    0x0000000: 05bd 0037 5903 04bd 001e 5903 bb00 1e59
    0x0000010: 04b8 000b b700 1f53 5359 0404 bd00 2059
    0x0000020: 03bb 0020 5905 b800 0bb7 0021 5353 ac  

java.lang.VerifyError: Bad type on operand stack
Exception Details:
  Location:
    Main.ownGridDirect()[[LBase; @46: ireturn
  Reason:
    Type '[[LBase;' (current frame, stack[0]) is not assignable to integer
  Current Frame:
    bci: @46
    flags: { }
    locals: { }
    stack: { '[[LBase;' }
  Bytecode:
    0x0000000: 05bd 0037 5903 04bd 001e 5903 bb00 1e59
    0x0000010: 04b8 000b b700 1f53 5359 0404 bd00 2059
    0x0000020: 03bb 0020 5905 b800 0bb7 0021 5353 ac  

	at java.lang.Class.getDeclaredMethods0(Native Method)
	at java.lang.Class.privateGetDeclaredMethods(Class.java:2729)
	at java.lang.Class.getDeclaredMethods(Class.java:2003)
	at VerifyOnly$VariantLoader.loadResolveAndInspect(Unknown Source)
	at VerifyOnly.main(Unknown Source)
