   Compiling jarde v0.1.0 (/Users/lordcasser/workspace/projects/jarde)
    Finished `test` profile [unoptimized + debuginfo] target(s) in 14.04s
     Running tests/d1_evidence_selection.rs (target/debug/deps/d1_evidence_selection-0c9db97758be57b6)

running 8 tests
test a_legal_empty_range_is_a_complete_empty_selection ... ok
test a_range_over_a_body_with_no_code_is_refused_as_a_missing_table ... ok
test a_selected_category_that_stopped_states_its_prefix ... ok
test a_selection_this_entry_cannot_answer_is_refused_with_its_own_code ... ok
test closing_the_rule_records_keeps_the_refusals_and_the_explanation ... ok
test the_driver_range_selects_the_records_it_intersects ... ok
test the_ordinary_entry_and_the_stated_essential_selection_answer_the_same_report ... ok
test the_same_request_under_either_selection_presents_the_same_body ... ok

test result: ok. 8 passed; 0 failed; 0 ignored; 0 measured; 0 filtered out; finished in 0.01s

     Running tests/p3_eval_context.rs (target/debug/deps/p3_eval_context-89d135dc32204181)

running 10 tests
test a_call_argument_is_checked_where_the_consuming_expression_is_evaluated ... ok
test a_nested_arithmetic_is_checked_where_its_text_is_evaluated ... ok
test a_nested_expression_that_crosses_no_write_is_still_written ... ok
test a_read_behind_another_read_is_named_too ... ok
test a_recursion_that_re_enters_its_own_loop_stops_instead_of_aborting ... ok
test a_refused_instance_read_keeps_the_null_pointer_it_can_throw ... ok
test a_refused_static_read_keeps_the_class_initialization_it_can_run ... ok
test every_presented_field_read_is_accounted_for_by_its_artifact ... ok
test the_printed_text_keeps_the_arithmetic_tree ... ok
test the_printed_text_keeps_the_grouping_of_every_position ... ok

test result: ok. 10 passed; 0 failed; 0 ignored; 0 measured; 0 filtered out; finished in 0.01s

     Running tests/p3_guard.rs (target/debug/deps/p3_guard-eceb0b1e8978c2e7)

running 13 tests
test a_close_the_exception_path_lacks_is_refused ... ok
test a_finally_copy_is_refused_and_the_refusal_says_which_code_it_copies ... ok
test a_guarded_body_that_branches_is_refused ... ok
test a_handler_range_that_swallows_the_initialisation_is_refused ... ok
test a_monitor_whose_exception_path_does_not_exit_is_refused ... ok
test a_profile_that_does_not_admit_the_header_refuses_it ... ok
test a_resource_initialised_after_an_earlier_one_is_inside_the_region_that_closes_it ... ok
test a_second_entry_into_a_monitor_region_is_refused ... ok
test a_single_resource_is_declared_in_the_header_and_closed_by_the_compiler ... ok
test a_suppression_that_is_the_other_way_round_is_refused ... ok
test a_synchronized_block_is_written_only_where_every_path_leaves_the_monitor ... ok
test a_try_with_a_catch_beside_it_is_refused_rather_than_partially_presented ... ok
test three_resources_are_declared_in_the_order_whose_closes_run_backwards ... ok

test result: ok. 13 passed; 0 failed; 0 ignored; 0 measured; 0 filtered out; finished in 0.02s

     Running tests/p3_invocation_arguments.rs (target/debug/deps/p3_invocation_arguments-795dea53a8392d17)

running 4 tests
test call_casts_keep_their_call_site_as_derived_provenance ... ok
test fixture_has_one_real_class_and_all_argument_shapes ... ok
test recovered_calls_keep_their_invocation_argument_types ... ok
test recovered_invocation_arguments_match_original_runtime ... ignored, requires JDK: compile Engine::class_source output and execute a temporary runner

test result: ok. 3 passed; 0 failed; 1 ignored; 0 measured; 0 filtered out; finished in 0.01s

     Running tests/p3_new_value.rs (target/debug/deps/p3_new_value-e8c5600069976e83)

running 4 tests
test a_field_write_takes_the_construction_as_its_value ... ok
test a_leftover_two_instructions_read_keeps_its_refusal ... ok
test a_return_and_an_argument_write_the_construction_in_place ... ok
test the_store_consumer_keeps_the_spelling_it_had ... ok

test result: ok. 4 passed; 0 failed; 0 ignored; 0 measured; 0 filtered out; finished in 0.01s

     Running tests/p3_numeric_comparison.rs (target/debug/deps/p3_numeric_comparison-4bafda7aeb43cc52)

running 7 tests
test accepted_comparison_keeps_compare_and_branch_origins ... ok
test call_operands_keep_order_and_the_negative_boolean_merge_stays_quoted ... ok
test direct_long_float_double_relations_recover_with_expected_nan_polarity ... ok
test jdk_execution_matches_original_for_comparisons_and_effects ... ignored, runs javac/java with NaN, signed zero, infinities, calls and exceptions
test long_compare_through_local_keeps_refusal_sources ... ok
test long_compare_with_overwritten_local_keeps_refusal_sources ... ok
test long_compare_with_stack_duplicate_and_pop_keeps_refusal_sources ... ok

test result: ok. 6 passed; 0 failed; 1 ignored; 0 measured; 0 filtered out; finished in 0.02s

     Running tests/p3_reference_cast.rs (target/debug/deps/p3_reference_cast-9643107f7de77bce)

running 6 tests
test discarded_cast_patch_retains_check_and_call_sources ... ok
test fixture_declares_the_cast_shapes_and_real_java_source ... ok
test nested_casts_keep_the_intermediate_runtime_check ... ok
test ordinary_reference_casts_are_written_at_each_consumer ... ok
test recovered_reference_casts_match_original_runtime ... ignored, requires JDK: compile Engine::class_source output and execute a temporary runner
test unsupported_nested_consumer_retains_invocation_and_both_cast_bcis ... ok

test result: ok. 5 passed; 0 failed; 1 ignored; 0 measured; 0 filtered out; finished in 0.02s

     Running tests/p3_throw.rs (target/debug/deps/p3_throw-2af5caca810cbbdb)

running 8 tests
test duplicated_call_result_is_called_once_or_fully_referenced ... ok
test fixture_has_the_complete_positive_throw_surface ... ok
test lower_parameter_stack_value_is_not_an_extra_throw_read ... ok
test ordinary_throw_shapes_are_presented_with_their_source_types ... ok
test recovered_throw_probe_matches_original_runtime ... ignored, requires JDK: compile Engine::class_source output and execute a temporary runner
test source_map_is_not_built_by_default ... ok
test stale_parameter_throw_keeps_the_old_stack_value_or_quotes_its_boundary ... ok
test throw_sources_keep_real_bcis_and_member_identity ... ok

test result: ok. 7 passed; 0 failed; 1 ignored; 0 measured; 0 filtered out; finished in 0.02s

     Running tests/p5_corpus_fingerprint.rs (target/debug/deps/p5_corpus_fingerprint-2598fd54007ae6c2)

running 6 tests
test corpus_files_match_the_recorded_fingerprint ... ok
test every_acceptance_row_is_indexed_against_existing_corpus ... ok
test every_dimension_is_carried_by_existing_corpus ... ok
test regenerate_corpus_fingerprint ... ignored, writes tests/fixtures/corpus-fingerprint.json; run explicitly for an intended corpus change
test the_indexed_rows_are_the_rows_the_acceptance_table_names ... ok
test the_manifest_matches_its_rendered_classification ... ok

test result: ok. 5 passed; 0 failed; 1 ignored; 0 measured; 0 filtered out; finished in 0.08s

