   Compiling jarde-reader v0.1.0 (/Users/lordcasser/workspace/projects/jarde/crates/jarde-reader)
   Compiling jarde-query v0.1.0 (/Users/lordcasser/workspace/projects/jarde/crates/jarde-query)
   Compiling jarde-jvm v0.1.0 (/Users/lordcasser/workspace/projects/jarde/crates/jarde-jvm)
   Compiling jarde-java v0.1.0 (/Users/lordcasser/workspace/projects/jarde/crates/jarde-java)
    Finished `test` profile [unoptimized + debuginfo] target(s) in 26.39s
     Running unittests src/lib.rs (target/debug/deps/jarde_java-962e3f8838370d64)

running 100 tests
test accessor::tests::the_marker_decides_whether_a_call_is_worth_a_verdict_and_nothing_else ... ok
test artifact::tests::every_contract_dimension_is_compared ... ok
test artifact::tests::the_configuration_states_the_rule_table_this_build_registers ... ok
test artifact::tests::the_text_identity_is_a_digest_and_not_a_length ... ok
test ast::tests::a_node_carries_its_own_anchors ... ok
test ast::tests::the_subset_spells_the_operators_and_types_it_claims ... ok
test bridge::tests::only_a_declared_bridge_is_this_rules_business ... ok
test build::tests::a_concatenation_part_states_the_widening_its_own_append_performed ... ok
test build::tests::a_descriptor_that_states_a_type_is_spelled_as_java_source ... ok
test build::tests::a_name_that_states_no_java_type_is_refused_rather_than_written ... ok
test build::tests::a_position_converts_what_a_widening_conversion_states_and_nothing_else ... ok
test build::tests::a_position_writes_an_implicit_widening_as_the_value_itself ... ok
test concat::tests::an_append_whose_conversion_plus_would_not_reproduce_is_refused ... ok
test concat::tests::the_two_concatenation_classes_are_the_only_ones_this_rule_reads ... ok
test declaration::tests::a_missing_declaration_fact_is_refused_with_its_own_requirement_named ... ok
test declaration::tests::an_interface_method_without_either_flag_is_abstract_and_a_static_one_is_static ... ok
test declaration::tests::an_interfaces_non_abstract_method_is_a_default_method_and_a_classs_is_not ... ok
test decode::tests::a_newarray_creation_states_the_atype_code_as_an_element_type ... ok
test decode::tests::a_nul_decodes_to_the_one_nul_its_modified_utf8_bytes_state ... ok
test decode::tests::a_raw_zero_byte_is_one_replacement_and_never_a_character ... ok
test decode::tests::a_surrogate_pair_is_one_scalar_and_a_lone_half_is_one_replacement ... ok
test decode::tests::a_switch_states_its_keys_and_the_bci_each_key_transfers_to ... ok
test decode::tests::an_invocation_names_its_target_out_of_the_classs_own_pool ... ok
test decode::tests::an_unmodeled_numeric_conversion_remains_stated_as_other ... ok
test decode::tests::every_form_this_encoding_does_not_have_is_one_replacement_per_sequence ... ok
test decode::tests::ordinary_text_survives_the_modified_utf8_read_unchanged ... ok
test decode::tests::the_array_accesses_are_the_facts_their_own_opcodes_state ... ok
test decode::tests::the_creation_instructions_take_their_arrays_from_their_own_operands ... ok
test decode::tests::the_four_numeric_negation_opcodes_decode_to_one_fact ... ok
test decode::tests::the_polarity_of_a_branch_and_the_target_it_jumps_to_come_from_the_decode ... ok
test decode::tests::the_pool_entries_the_body_names_are_the_ones_it_reads ... ok
test emit::tests::a_char_selector_writes_character_keys_and_every_other_selector_stays_decimal ... ok
test emit::tests::a_comment_cannot_carry_an_escape_or_end_its_own_line ... ok
test emit::tests::a_concatenation_starts_in_a_string_context_and_keeps_its_parts_groups ... ok
test emit::tests::a_delimited_or_already_grouped_position_gains_no_parentheses ... ok
test emit::tests::a_lambda_in_a_receiver_position_keeps_its_own_group ... ok
test emit::tests::a_negation_keeps_nested_groups_and_negative_literals_lexically_separate ... ok
test emit::tests::a_nested_return_is_kept_when_the_static_initializer_tail_is_projected ... ok
test emit::tests::a_prefix_position_and_a_not_receiver_keep_their_groups ... ok
test emit::tests::a_primary_operand_and_an_already_stated_group_gain_nothing ... ok
test emit::tests::a_refused_write_empties_the_buffer_it_had_already_filled ... ok
test emit::tests::a_static_initializer_projection_keeps_budget_stop_atomic ... ok
test emit::tests::a_static_initializer_tail_return_closes_the_block_and_keeps_its_origin ... ok
test emit::tests::a_stop_inside_a_node_leaves_nothing_behind ... ok
test emit::tests::a_string_literal_escapes_what_it_cannot_hold_literally_and_nothing_else ... ok
test emit::tests::a_suffix_position_keeps_the_group_of_its_operand ... ok
test emit::tests::a_throw_source_map_budget_stops_before_publishing_a_partial_node ... ok
test emit::tests::a_throw_stops_atomically_at_the_output_bound ... ok
test emit::tests::an_empty_static_initializer_has_no_statement_but_maps_its_terminator ... ok
test emit::tests::grouping_writes_parentheses_into_the_parents_span_and_moves_no_anchor ... ok
test emit::tests::non_initializer_returns_are_not_projected ... ok
test emit::tests::the_budget_is_checked_before_every_write_and_a_refusal_discards_the_buffer ... ok
test emit::tests::the_segment_table_covers_the_nodes_in_writing_order ... ok
test enumswitch::tests::the_rule_states_the_tables_it_reads_and_claims_no_mapping ... ok
test evidence::tests::the_essential_selection_builds_only_what_it_asked_for ... ok
test evidence::tests::the_evidence_of_one_text_is_never_attached_to_another ... ok
test evidence::tests::the_request_type_defaults_to_the_essential_selection ... ok
test evidence::tests::the_status_list_distinguishes_not_requested_complete_partial_and_not_performed ... ok
test facts::tests::parameter_types_places_an_arrays_successor_one_slot_past_the_array ... ok
test facts::tests::the_arithmetic_and_comparison_vocabulary_is_stated_once ... ok
test facts::tests::the_caller_states_identity_and_debug_names_and_nothing_about_the_body ... ok
test facts::tests::the_receiver_is_decided_by_the_members_own_static_flag_and_by_nothing_else ... ok
test field::tests::the_rule_states_the_ir_it_reads_and_the_one_declaration_fact_it_needs ... ok
test init::tests::the_two_construction_rules_state_what_they_read ... ok
test lambda::tests::a_descriptor_this_layer_does_not_read_is_refused_rather_than_split ... ok
test lambda::tests::a_method_descriptor_is_read_into_parameters_and_a_return_type ... ok
test lambda::tests::the_declaration_spelling_reuses_this_parser_and_the_two_agree ... ok
test lambda::tests::the_generated_body_marker_is_the_only_thing_that_decides_the_lambda_writing ... ok
test lambda::tests::the_int_shaped_primitives_are_one_shape_and_a_reference_is_not_a_primitive ... ok
test names::tests::a_collision_resolves_by_slot_order_and_is_an_alias ... ok
test names::tests::a_keyword_becomes_a_deterministic_alias_and_never_an_error ... ok
test names::tests::a_static_members_slot_zero_is_a_parameter_and_keeps_its_own_naming ... ok
test names::tests::a_table_that_states_no_split_still_states_one_variable ... ok
test names::tests::evidence_wins_where_it_exists_and_aliases_where_it_cannot_be_written ... ok
test names::tests::no_debug_evidence_still_names_every_slot_deterministically ... ok
test names::tests::one_slot_can_hold_two_variables_and_each_takes_its_own_name ... ok
test names::tests::the_receiver_is_spelled_by_its_identity_and_not_by_the_name_the_table_states ... ok
test normal_flow::tests::the_view_states_exactly_which_edge_kinds_it_keeps ... ok
test oracle::tests::the_oracle_and_the_presentation_agree_on_a_do_whiles_effects ... ok
test oracle::tests::the_oracle_and_the_presentation_agree_on_a_lambdas_captures ... ok
test oracle::tests::the_oracle_and_the_presentation_agree_on_a_loops_effects ... ok
test oracle::tests::the_oracle_and_the_presentation_agree_on_polarity ... ok
test oracle::tests::the_oracle_names_no_helper_of_the_layers_it_checks ... ok
test oracle::tests::the_oracle_rejects_a_flipped_condition ... ok
test oracle::tests::the_oracle_rejects_a_loop_effect_moved_out_of_the_loop ... ok
test oracle::tests::the_oracle_rejects_a_reordered_or_shortened_capture_list ... ok
test oracle::tests::the_oracle_rejects_a_wrong_return ... ok
test oracle::tests::the_oracle_states_the_priority_of_a_crossing_table_and_the_report_carries_it ... ok
test pass::tests::a_requirement_says_what_it_asks_for_and_a_rule_version_says_who_asked ... ok
test pass::tests::the_profile_is_the_fact_layers_own_type_and_the_gate_reads_its_release ... ok
test pass::tests::the_registered_table_states_each_rule_and_its_preconditions ... ok
test refusal::tests::a_refusal_under_a_requirement_carries_the_rules_own_code ... ok
test refusal::tests::a_requirement_a_rule_never_declared_cannot_be_refused_under - should panic ... ok
test region::tests::a_fallback_names_the_code_and_the_place_it_could_not_prove ... ok
test source_map::tests::a_node_keeps_its_own_anchor_apart_from_the_one_it_presents ... ok
test source_map::tests::an_anchor_says_which_member_body_its_bytecode_index_is_in ... ok
test source_map::tests::cp_is_optional_and_survives_the_set ... ok
test source_map::tests::the_table_answers_by_bci_and_by_byte ... ok
test stop::tests::a_cancellation_outranks_a_bound_and_says_so ... ok
test stop::tests::a_refused_charge_names_the_bound_it_refused_on ... ok

test result: ok. 100 passed; 0 failed; 0 ignored; 0 measured; 0 filtered out; finished in 0.02s

     Running tests/p3_java_recovery.rs (target/debug/deps/p3_java_recovery-86e838281a7a0058)

running 32 tests
test a_body_the_graph_accounts_for_names_the_copy_nothing_reaches ... ok
test a_body_the_subset_cannot_prove_is_quoted_rather_than_emptied ... ok
test a_body_without_debug_metadata_gets_deterministic_names ... ok
test a_body_without_debug_names_is_named_deterministically_and_invents_no_source_scope ... ok
test a_bound_receiver_becomes_a_method_reference_and_a_static_member_a_type_reference ... ok
test a_budget_that_refuses_the_emission_of_a_lambda_body_hands_out_nothing ... ok
test a_cancelled_run_produces_nothing_and_says_it_was_cancelled ... ok
test a_capture_the_shape_may_not_replay_is_refused_under_the_declared_precondition ... ok
test a_captured_lambda_is_written_with_its_capture_in_order_before_the_sam_parameters ... ok
test a_committed_straight_line_body_is_presented_from_its_own_decode ... ok
test a_do_while_loop_runs_its_body_before_the_test ... ok
test a_graph_that_is_not_reducible_is_quoted_whole_with_its_own_reason ... ok
test a_handlers_instructions_a_dead_node_holds_are_accounted_for ... ok
test a_keyword_name_takes_a_deterministic_alias_and_the_syntax_plane_says_so ... ok
test a_lambda_body_without_debug_metadata_is_named_deterministically ... ok
test a_loop_whose_header_writes_state_is_quoted_rather_than_hoisted ... ok
test a_member_that_cannot_be_presented_leaves_the_member_that_can_alone ... ok
test a_payload_without_the_tables_the_recovery_needs_states_that_instead_of_an_empty_body ... ok
test a_profile_that_does_not_present_java_8_is_refused_the_lambda_rule ... ok
test a_sam_that_the_implementation_does_not_line_up_with_is_refused ... ok
test a_slot_the_records_cannot_place_is_one_variable_with_the_ordinal_name ... ok
test a_straight_line_body_with_a_call_reaches_text_and_a_segment_table ... ok
test a_tableswitch_becomes_one_arm_per_target_with_its_keys_and_default ... ok
test a_verified_site_is_recorded_with_its_bootstrap_use_site_and_captures ... ok
test a_while_loop_keeps_its_test_inside_the_statement_and_its_body_in_order ... ok
test an_alt_metafactory_flag_word_and_an_unread_instance_are_both_refused ... ok
test an_arbitrary_bootstrap_is_never_presented_as_a_lambda ... ok
test an_if_else_is_written_with_the_arm_the_branch_really_picks ... ok
test crossing_exception_records_are_quoted_with_the_priority_the_table_states ... ok
test execution_quality_and_representation_each_state_their_own_thing ... ok
test the_output_bound_is_checked_at_the_write_and_a_stop_produces_nothing ... ok
test two_captures_are_written_in_the_order_the_site_reads_them ... ok

test result: ok. 32 passed; 0 failed; 0 ignored; 0 measured; 0 filtered out; finished in 0.02s

     Running tests/p3_patterns.rs (target/debug/deps/p3_patterns-4d7676605fcc0f84)

running 46 tests
test a_body_that_builds_a_concatenation_out_of_an_accessor_is_presented_as_both ... ok
test a_body_without_debug_metadata_is_still_presented_with_deterministic_names ... ok
test a_bridge_that_does_something_besides_forward_is_refused_and_its_body_kept ... ok
test a_bridge_without_a_cast_is_presented_without_any_erasure ... ok
test a_budget_that_refuses_the_emission_of_a_new_shape_hands_out_nothing ... ok
test a_cast_a_bridge_applies_to_a_parameter_is_not_an_erasure ... ok
test a_chain_a_branch_cuts_is_refused_rather_than_written_as_one_expression ... ok
test a_chain_whose_instance_is_stored_in_a_local_is_refused ... ok
test a_construction_only_quoted_instructions_read_is_refused_and_quoted_whole ... ok
test a_constructors_field_initializers_are_written_after_its_constructor_call_and_in_order ... ok
test a_debug_table_that_names_slot_zero_this_is_not_a_keyword_to_alias ... ok
test a_declared_bridge_is_presented_as_the_forward_it_is_with_the_cast_it_erases ... ok
test a_member_the_class_declares_without_a_body_is_refused_as_itself ... ok
test a_member_the_class_did_not_declare_synthetic_is_not_an_accessor ... ok
test a_member_the_class_does_not_declare_a_bridge_keeps_its_cast_quoted ... ok
test a_run_that_states_no_access_flags_cannot_decide_a_bridge ... ok
test a_run_that_was_not_told_the_class_refuses_the_pre_call_write_and_the_prologue ... ok
test a_run_that_was_not_told_the_declaring_class_states_no_declaration ... ok
test a_run_with_no_member_table_states_the_table_it_is_missing ... ok
test a_single_append_is_not_a_concatenation ... ok
test a_static_initializer_is_written_as_the_writes_it_performs_and_declared_as_one ... ok
test a_static_initializer_source_map_stop_keeps_the_artifact_and_unpaid_tail_unmapped ... ok
test a_static_object_to_interface_call_is_quoted_without_an_invented_cast ... ok
test a_synthetic_accessors_call_site_is_presented_as_the_field_access_it_forwards ... ok
test a_table_read_indexed_by_a_local_is_refused_and_the_subscript_is_written ... ok
test a_verified_chain_is_written_once_with_its_operands_in_the_order_it_read_them ... ok
test a_write_accessor_becomes_the_assignment_it_performs ... ok
test a_write_made_before_the_constructor_call_stays_where_the_bytecode_made_it ... ok
test an_accessor_whose_body_does_more_than_forward_is_refused ... ok
test an_anonymous_classs_use_is_presented_with_the_enclosing_instance_it_really_read ... ok
test an_append_overload_that_plus_would_not_reproduce_is_refused ... ok
test an_enum_switch_is_presented_as_the_table_read_the_bytecode_performs ... ok
test an_instance_call_upcasts_this_to_object_from_the_declaring_class_fact ... ok
test an_interfaces_non_abstract_method_is_stated_as_a_default_method ... ok
test an_invocation_argument_keeps_its_recovered_cast ... ok
test an_invocation_is_written_once_with_its_recovered_cast ... ok
test the_anchor_of_a_presented_field_access_states_the_member_its_bci_is_in ... ok
test the_models_section_is_independent_of_the_presentation ... ok
test the_oracle_agrees_with_the_run_on_a_concatenation_and_on_a_field_access ... ok
test the_oracle_agrees_with_the_run_on_a_constructor_and_on_a_construction ... ok
test the_oracle_rejects_a_concatenation_that_calls_an_operand_twice ... ok
test the_oracle_rejects_a_concatenation_whose_calls_are_written_in_another_order ... ok
test the_oracle_rejects_a_constructor_call_written_after_its_field_initializers ... ok
test the_oracle_rejects_a_constructor_whose_field_writes_are_in_another_order ... ok
test the_same_member_in_a_class_is_an_ordinary_method_and_a_static_one_is_stated_as_such ... ok
test the_same_shape_on_a_string_buffer_is_presented_with_its_call_in_the_middle ... ok

test result: ok. 46 passed; 0 failed; 0 ignored; 0 measured; 0 filtered out; finished in 0.03s

   Doc-tests jarde_java

running 0 tests

test result: ok. 0 passed; 0 failed; 0 ignored; 0 measured; 0 filtered out; finished in 0.00s

