Classfile jar:file:///Users/lordcasser/workspace/projects/jarde/openspec/evidence/same-class-generic-call-consumers-2026-10-09/frozen-inputs-v1/openjdk23/debug/CompatibleIntersectionBinder/CompatibleIntersectionBinder.jar!/CompatibleIntersectionBinder.class
  Last modified 2026年10月9日; size 858 bytes
  SHA-256 checksum b63215944ab19a7b3383ab312e4f8c9634dfc077f2c36773ffd7a86edfc3babe
  Compiled from "CompatibleIntersectionBinder.java"
public class CompatibleIntersectionBinder<T extends java.lang.Number & java.lang.Runnable> extends java.lang.Object
  minor version: 0
  major version: 52
  flags: (0x0021) ACC_PUBLIC, ACC_SUPER
  this_class: #8                          // CompatibleIntersectionBinder
  super_class: #2                         // java/lang/Object
  interfaces: 0, fields: 0, methods: 3, attributes: 2
Constant pool:
   #1 = Methodref          #2.#3          // java/lang/Object."<init>":()V
   #2 = Class              #4             // java/lang/Object
   #3 = NameAndType        #5:#6          // "<init>":()V
   #4 = Utf8               java/lang/Object
   #5 = Utf8               <init>
   #6 = Utf8               ()V
   #7 = Methodref          #8.#9          // CompatibleIntersectionBinder.identity:(Ljava/lang/Number;)Ljava/lang/Number;
   #8 = Class              #10            // CompatibleIntersectionBinder
   #9 = NameAndType        #11:#12        // identity:(Ljava/lang/Number;)Ljava/lang/Number;
  #10 = Utf8               CompatibleIntersectionBinder
  #11 = Utf8               identity
  #12 = Utf8               (Ljava/lang/Number;)Ljava/lang/Number;
  #13 = Utf8               Code
  #14 = Utf8               LineNumberTable
  #15 = Utf8               LocalVariableTable
  #16 = Utf8               this
  #17 = Utf8               LCompatibleIntersectionBinder;
  #18 = Utf8               LocalVariableTypeTable
  #19 = Utf8               LCompatibleIntersectionBinder<TT;>;
  #20 = Utf8               x
  #21 = Utf8               Ljava/lang/Number;
  #22 = Utf8               TU;
  #23 = Utf8               Signature
  #24 = Utf8               <U:Ljava/lang/Number;:Ljava/lang/Runnable;>(TU;)TU;
  #25 = Utf8               relay
  #26 = Utf8               TT;
  #27 = Utf8               (TT;)TT;
  #28 = Utf8               <T:Ljava/lang/Number;:Ljava/lang/Runnable;>Ljava/lang/Object;
  #29 = Utf8               SourceFile
  #30 = Utf8               CompatibleIntersectionBinder.java
{
  public CompatibleIntersectionBinder();
    descriptor: ()V
    flags: (0x0001) ACC_PUBLIC
    Code:
      stack=1, locals=1, args_size=1
         0: aload_0
         1: invokespecial #1                  // Method java/lang/Object."<init>":()V
         4: return
      LineNumberTable:
        line 1: 0
      LocalVariableTable:
        Start  Length  Slot  Name   Signature
            0       5     0  this   LCompatibleIntersectionBinder;
      LocalVariableTypeTable:
        Start  Length  Slot  Name   Signature
            0       5     0  this   LCompatibleIntersectionBinder<TT;>;

  public <U extends java.lang.Number & java.lang.Runnable> U identity(U);
    descriptor: (Ljava/lang/Number;)Ljava/lang/Number;
    flags: (0x0001) ACC_PUBLIC
    Code:
      stack=1, locals=2, args_size=2
         0: aload_1
         1: areturn
      LineNumberTable:
        line 1: 0
      LocalVariableTable:
        Start  Length  Slot  Name   Signature
            0       2     0  this   LCompatibleIntersectionBinder;
            0       2     1     x   Ljava/lang/Number;
      LocalVariableTypeTable:
        Start  Length  Slot  Name   Signature
            0       2     0  this   LCompatibleIntersectionBinder<TT;>;
            0       2     1     x   TU;
    Signature: #24                          // <U:Ljava/lang/Number;:Ljava/lang/Runnable;>(TU;)TU;

  public T relay(T);
    descriptor: (Ljava/lang/Number;)Ljava/lang/Number;
    flags: (0x0001) ACC_PUBLIC
    Code:
      stack=2, locals=2, args_size=2
         0: aload_0
         1: aload_1
         2: invokevirtual #7                  // Method identity:(Ljava/lang/Number;)Ljava/lang/Number;
         5: areturn
      LineNumberTable:
        line 1: 0
      LocalVariableTable:
        Start  Length  Slot  Name   Signature
            0       6     0  this   LCompatibleIntersectionBinder;
            0       6     1     x   Ljava/lang/Number;
      LocalVariableTypeTable:
        Start  Length  Slot  Name   Signature
            0       6     0  this   LCompatibleIntersectionBinder<TT;>;
            0       6     1     x   TT;
    Signature: #27                          // (TT;)TT;
}
Signature: #28                          // <T:Ljava/lang/Number;:Ljava/lang/Runnable;>Ljava/lang/Object;
SourceFile: "CompatibleIntersectionBinder.java"
