B:instance:value:-32769:stored:0
B:instance:value:-32768:stored:0
B:instance:value:-257:stored:0
B:instance:value:-256:stored:0
B:instance:value:-129:stored:0
B:instance:value:-128:stored:0
B:instance:value:-2:stored:0
B:instance:value:-1:stored:0
B:instance:value:0:stored:0
B:instance:value:1:stored:0
B:instance:value:2:stored:0
B:instance:value:127:stored:0
B:instance:value:128:stored:0
B:instance:value:255:stored:0
B:instance:value:256:stored:0
B:instance:value:32767:stored:0
B:instance:value:32768:stored:0
B:instance:value:65535:stored:0
B:instance:value:65536:stored:0
B:instance:value:-2147483648:stored:0
B:instance:value:2147483647:stored:0
B:instance-produced:value:-32769:stored:0:calls:0
B:instance-produced:value:-32768:stored:0:calls:0
B:instance-produced:value:-257:stored:0:calls:0
B:instance-produced:value:-256:stored:0:calls:0
B:instance-produced:value:-129:stored:0:calls:0
B:instance-produced:value:-128:stored:0:calls:0
B:instance-produced:value:-2:stored:0:calls:0
B:instance-produced:value:-1:stored:0:calls:0
B:instance-produced:value:0:stored:0:calls:0
B:instance-produced:value:1:stored:0:calls:0
B:instance-produced:value:2:stored:0:calls:0
B:instance-produced:value:127:stored:0:calls:0
B:instance-produced:value:128:stored:0:calls:0
B:instance-produced:value:255:stored:0:calls:0
B:instance-produced:value:256:stored:0:calls:0
B:instance-produced:value:32767:stored:0:calls:0
B:instance-produced:value:32768:stored:0:calls:0
B:instance-produced:value:65535:stored:0:calls:0
B:instance-produced:value:65536:stored:0:calls:0
B:instance-produced:value:-2147483648:stored:0:calls:0
B:instance-produced:value:2147483647:stored:0:calls:0
B:instance-produced:producer-fail:returned:stored:77:calls:0
B:instance-produced:null-fail:returned:calls:0
B:instance-produced:null-ok:returned:calls:0
B:static:value:-32769:stored:77
B:static:value:-32768:stored:77
B:static:value:-257:stored:77
B:static:value:-256:stored:77
B:static:value:-129:stored:77
B:static:value:-128:stored:77
B:static:value:-2:stored:77
B:static:value:-1:stored:77
B:static:value:0:stored:77
B:static:value:1:stored:77
B:static:value:2:stored:77
B:static:value:127:stored:77
B:static:value:128:stored:77
B:static:value:255:stored:77
B:static:value:256:stored:77
B:static:value:32767:stored:77
B:static:value:32768:stored:77
B:static:value:65535:stored:77
B:static:value:65536:stored:77
B:static:value:-2147483648:stored:77
B:static:value:2147483647:stored:77
B:static-produced:value:-32769:stored:77:calls:0
B:static-produced:value:-32768:stored:77:calls:0
B:static-produced:value:-257:stored:77:calls:0
B:static-produced:value:-256:stored:77:calls:0
B:static-produced:value:-129:stored:77:calls:0
B:static-produced:value:-128:stored:77:calls:0
B:static-produced:value:-2:stored:77:calls:0
B:static-produced:value:-1:stored:77:calls:0
B:static-produced:value:0:stored:77:calls:0
B:static-produced:value:1:stored:77:calls:0
B:static-produced:value:2:stored:77:calls:0
B:static-produced:value:127:stored:77:calls:0
B:static-produced:value:128:stored:77:calls:0
B:static-produced:value:255:stored:77:calls:0
B:static-produced:value:256:stored:77:calls:0
B:static-produced:value:32767:stored:77:calls:0
B:static-produced:value:32768:stored:77:calls:0
B:static-produced:value:65535:stored:77:calls:0
B:static-produced:value:65536:stored:77:calls:0
B:static-produced:value:-2147483648:stored:77:calls:0
B:static-produced:value:2147483647:stored:77:calls:0
B:static-produced:producer-fail:returned:stored:77:calls:0
B:ordinary:stored:0
C:instance:value:-32769:stored:0
C:instance:value:-32768:stored:0
C:instance:value:-257:stored:0
C:instance:value:-256:stored:0
C:instance:value:-129:stored:0
C:instance:value:-128:stored:0
C:instance:value:-2:stored:0
C:instance:value:-1:stored:0
C:instance:value:0:stored:0
C:instance:value:1:stored:0
C:instance:value:2:stored:0
C:instance:value:127:stored:0
C:instance:value:128:stored:0
C:instance:value:255:stored:0
C:instance:value:256:stored:0
C:instance:value:32767:stored:0
C:instance:value:32768:stored:0
C:instance:value:65535:stored:0
C:instance:value:65536:stored:0
C:instance:value:-2147483648:stored:0
C:instance:value:2147483647:stored:0
C:instance-produced:value:-32769:stored:0:calls:0
C:instance-produced:value:-32768:stored:0:calls:0
C:instance-produced:value:-257:stored:0:calls:0
C:instance-produced:value:-256:stored:0:calls:0
C:instance-produced:value:-129:stored:0:calls:0
C:instance-produced:value:-128:stored:0:calls:0
C:instance-produced:value:-2:stored:0:calls:0
C:instance-produced:value:-1:stored:0:calls:0
C:instance-produced:value:0:stored:0:calls:0
C:instance-produced:value:1:stored:0:calls:0
C:instance-produced:value:2:stored:0:calls:0
C:instance-produced:value:127:stored:0:calls:0
C:instance-produced:value:128:stored:0:calls:0
C:instance-produced:value:255:stored:0:calls:0
C:instance-produced:value:256:stored:0:calls:0
C:instance-produced:value:32767:stored:0:calls:0
C:instance-produced:value:32768:stored:0:calls:0
C:instance-produced:value:65535:stored:0:calls:0
C:instance-produced:value:65536:stored:0:calls:0
C:instance-produced:value:-2147483648:stored:0:calls:0
C:instance-produced:value:2147483647:stored:0:calls:0
C:instance-produced:producer-fail:returned:stored:77:calls:0
C:instance-produced:null-fail:returned:calls:0
C:instance-produced:null-ok:returned:calls:0
C:static:value:-32769:stored:77
C:static:value:-32768:stored:77
C:static:value:-257:stored:77
C:static:value:-256:stored:77
C:static:value:-129:stored:77
C:static:value:-128:stored:77
C:static:value:-2:stored:77
C:static:value:-1:stored:77
C:static:value:0:stored:77
C:static:value:1:stored:77
C:static:value:2:stored:77
C:static:value:127:stored:77
C:static:value:128:stored:77
C:static:value:255:stored:77
C:static:value:256:stored:77
C:static:value:32767:stored:77
C:static:value:32768:stored:77
C:static:value:65535:stored:77
C:static:value:65536:stored:77
C:static:value:-2147483648:stored:77
C:static:value:2147483647:stored:77
C:static-produced:value:-32769:stored:77:calls:0
C:static-produced:value:-32768:stored:77:calls:0
C:static-produced:value:-257:stored:77:calls:0
C:static-produced:value:-256:stored:77:calls:0
C:static-produced:value:-129:stored:77:calls:0
C:static-produced:value:-128:stored:77:calls:0
C:static-produced:value:-2:stored:77:calls:0
C:static-produced:value:-1:stored:77:calls:0
C:static-produced:value:0:stored:77:calls:0
C:static-produced:value:1:stored:77:calls:0
C:static-produced:value:2:stored:77:calls:0
C:static-produced:value:127:stored:77:calls:0
C:static-produced:value:128:stored:77:calls:0
C:static-produced:value:255:stored:77:calls:0
C:static-produced:value:256:stored:77:calls:0
C:static-produced:value:32767:stored:77:calls:0
C:static-produced:value:32768:stored:77:calls:0
C:static-produced:value:65535:stored:77:calls:0
C:static-produced:value:65536:stored:77:calls:0
C:static-produced:value:-2147483648:stored:77:calls:0
C:static-produced:value:2147483647:stored:77:calls:0
C:static-produced:producer-fail:returned:stored:77:calls:0
C:ordinary:stored:0
S:instance:value:-32769:stored:0
S:instance:value:-32768:stored:0
S:instance:value:-257:stored:0
S:instance:value:-256:stored:0
S:instance:value:-129:stored:0
S:instance:value:-128:stored:0
S:instance:value:-2:stored:0
S:instance:value:-1:stored:0
S:instance:value:0:stored:0
S:instance:value:1:stored:0
S:instance:value:2:stored:0
S:instance:value:127:stored:0
S:instance:value:128:stored:0
S:instance:value:255:stored:0
S:instance:value:256:stored:0
S:instance:value:32767:stored:0
S:instance:value:32768:stored:0
S:instance:value:65535:stored:0
S:instance:value:65536:stored:0
S:instance:value:-2147483648:stored:0
S:instance:value:2147483647:stored:0
S:instance-produced:value:-32769:stored:0:calls:0
S:instance-produced:value:-32768:stored:0:calls:0
S:instance-produced:value:-257:stored:0:calls:0
S:instance-produced:value:-256:stored:0:calls:0
S:instance-produced:value:-129:stored:0:calls:0
S:instance-produced:value:-128:stored:0:calls:0
S:instance-produced:value:-2:stored:0:calls:0
S:instance-produced:value:-1:stored:0:calls:0
S:instance-produced:value:0:stored:0:calls:0
S:instance-produced:value:1:stored:0:calls:0
S:instance-produced:value:2:stored:0:calls:0
S:instance-produced:value:127:stored:0:calls:0
S:instance-produced:value:128:stored:0:calls:0
S:instance-produced:value:255:stored:0:calls:0
S:instance-produced:value:256:stored:0:calls:0
S:instance-produced:value:32767:stored:0:calls:0
S:instance-produced:value:32768:stored:0:calls:0
S:instance-produced:value:65535:stored:0:calls:0
S:instance-produced:value:65536:stored:0:calls:0
S:instance-produced:value:-2147483648:stored:0:calls:0
S:instance-produced:value:2147483647:stored:0:calls:0
S:instance-produced:producer-fail:returned:stored:77:calls:0
S:instance-produced:null-fail:returned:calls:0
S:instance-produced:null-ok:returned:calls:0
S:static:value:-32769:stored:77
S:static:value:-32768:stored:77
S:static:value:-257:stored:77
S:static:value:-256:stored:77
S:static:value:-129:stored:77
S:static:value:-128:stored:77
S:static:value:-2:stored:77
S:static:value:-1:stored:77
S:static:value:0:stored:77
S:static:value:1:stored:77
S:static:value:2:stored:77
S:static:value:127:stored:77
S:static:value:128:stored:77
S:static:value:255:stored:77
S:static:value:256:stored:77
S:static:value:32767:stored:77
S:static:value:32768:stored:77
S:static:value:65535:stored:77
S:static:value:65536:stored:77
S:static:value:-2147483648:stored:77
S:static:value:2147483647:stored:77
S:static-produced:value:-32769:stored:77:calls:0
S:static-produced:value:-32768:stored:77:calls:0
S:static-produced:value:-257:stored:77:calls:0
S:static-produced:value:-256:stored:77:calls:0
S:static-produced:value:-129:stored:77:calls:0
S:static-produced:value:-128:stored:77:calls:0
S:static-produced:value:-2:stored:77:calls:0
S:static-produced:value:-1:stored:77:calls:0
S:static-produced:value:0:stored:77:calls:0
S:static-produced:value:1:stored:77:calls:0
S:static-produced:value:2:stored:77:calls:0
S:static-produced:value:127:stored:77:calls:0
S:static-produced:value:128:stored:77:calls:0
S:static-produced:value:255:stored:77:calls:0
S:static-produced:value:256:stored:77:calls:0
S:static-produced:value:32767:stored:77:calls:0
S:static-produced:value:32768:stored:77:calls:0
S:static-produced:value:65535:stored:77:calls:0
S:static-produced:value:65536:stored:77:calls:0
S:static-produced:value:-2147483648:stored:77:calls:0
S:static-produced:value:2147483647:stored:77:calls:0
S:static-produced:producer-fail:returned:stored:77:calls:0
S:ordinary:stored:0
