// jarde: presentation of `em24/Numbers` from the class file's own declaration and one recovery run per member.
// jarde: not a compilable project: no imports and no resources are claimed (the `package` line is the class file's own name, not a claim about a directory); every place this text is not a full recovery carries a marker of this prefix.
package em24;

public final class Numbers extends java.lang.Object {
    private Numbers() {
        // @method <init>()V
        // @declaration a constructor of `em24.Numbers`, member flags 0x0002
        // recovered from bytecode; presentation is not claimed to compile
        super();
        return;
    }

    public static byte[] bytes() {
        // @method bytes()[B
        // @declaration a static method of `em24.Numbers`, member flags 0x0009
        // recovered from bytecode; presentation is not claimed to compile
        return new byte[]{0, -1, -10, -1, -128, 127};
    }

    public static short[] shorts() {
        // @method shorts()[S
        // @declaration a static method of `em24.Numbers`, member flags 0x0009
        // recovered from bytecode; presentation is not claimed to compile
        return new short[]{0, -1, -10, -1, -32768, 32767};
    }

    public static int[] ints() {
        // @method ints()[I
        // @declaration a static method of `em24.Numbers`, member flags 0x0009
        // recovered from bytecode; presentation is not claimed to compile
        return new int[]{0, -1, -10, -1, -2147483648, 2147483647};
    }

    public static long[] longs() {
        // @method longs()[J
        // @declaration a static method of `em24.Numbers`, member flags 0x0009
        // recovered from bytecode; presentation is not claimed to compile
        return new long[]{0L, -1L, -10L, -1L, -9223372036854775808L, 9223372036854775807L};
    }

    public static float[] floats() {
        // @method floats()[F
        // @declaration a static method of `em24.Numbers`, member flags 0x0009
        // recovered from bytecode; presentation is not claimed to compile
        return new float[]{0x1.19999ap-1f, -0x0.000000p-126f, 0x0.000000p-126f / 0x0.000000p-126f, -0x1.000000p0f / 0x0.000000p-126f, 0x1.000000p0f / 0x0.000000p-126f, 0x0.000002p-126f, 0x1.000000p-126f, 0x1.fffffep127f};
    }

    public static double[] doubles() {
        // @method doubles()[D
        // @declaration a static method of `em24.Numbers`, member flags 0x0009
        // recovered from bytecode; presentation is not claimed to compile
        return new double[]{0x1.199999999999ap-1d, -0x0.0000000000000p-1022d, 0x0.0000000000000p-1022d / 0x0.0000000000000p-1022d, -0x1.0000000000000p0d / 0x0.0000000000000p-1022d, 0x1.0000000000000p0d / 0x0.0000000000000p-1022d, 0x0.0000000000001p-1022d, 0x1.0000000000000p-1022d, 0x1.fffffffffffffp1023d};
    }
}
bridge_proofs = []
class.class_bytes.digest = "c2d422b4d64cddfc363652cffb5a02f78b12bb839759f57a8d00622ae54562a5"
class.class_bytes.length = 900
class.location.entry.ordinal = 2
class.location.entry.origin.root_container = "root"
class.location.entry.origin.snapshot = "bd399e89dcd78e3102b71a3f4c1107b8e3a7ad5095d4a3b53752b69ba6375cc7"
class.location.entry.origin.steps = []
class.location.entry.raw_name = [101,109,50,52,47,78,117,109,98,101,114,115,46,99,108,97,115,115]
class.location.kind = "archive_entry"
class.variant.kind = "base"
coverage.artifact_structural.scanned.0.end = 3
coverage.artifact_structural.scanned.0.label = "central_directory_entries"
coverage.artifact_structural.scanned.0.start = 0
coverage.artifact_structural.scanned.1.end = 1
coverage.artifact_structural.scanned.1.label = "navigation_candidates"
coverage.artifact_structural.scanned.1.start = 0
coverage.artifact_structural.scanned.2.end = 7
coverage.artifact_structural.scanned.2.label = "class_methods"
coverage.artifact_structural.scanned.2.start = 0
coverage.artifact_structural.scanned.3.end = 7
coverage.artifact_structural.scanned.3.label = "class_source_bodies"
coverage.artifact_structural.scanned.3.start = 0
coverage.artifact_structural.skipped = []
coverage.artifact_structural.state = "complete_within_schema"
coverage.artifact_structural.uninterpreted_extensions = []
coverage.dynamic_analysis.scanned = []
coverage.dynamic_analysis.skipped = []
coverage.dynamic_analysis.state = "not_requested"
coverage.dynamic_analysis.uninterpreted_extensions = []
coverage.runtime_resolution.scanned = []
coverage.runtime_resolution.skipped = []
coverage.runtime_resolution.state = "not_requested"
coverage.runtime_resolution.uninterpreted_extensions = []
declaration.annotation_attributes = []
declaration.annotation_refusals = []
declaration.annotation_uses = []
declaration.declaration = "public final class Numbers extends java.lang.Object"
declaration.generic_refusal = null
declaration.generic_signature = null
declaration.item.binding.kind = "path_name_agrees"
declaration.item.declaration.access_flags = 49
declaration.item.declaration.interfaces = []
declaration.item.declaration.super_class.escaped = "java/lang/Object"
declaration.item.declaration.super_class.raw = [106,97,118,97,47,108,97,110,103,47,79,98,106,101,99,116]
declaration.item.declaration.super_class.utf16 = [106,97,118,97,47,108,97,110,103,47,79,98,106,101,99,116]
declaration.item.declaration.this_class.escaped = "em24/Numbers"
declaration.item.declaration.this_class.raw = [101,109,50,52,47,78,117,109,98,101,114,115]
declaration.item.declaration.this_class.utf16 = [101,109,50,52,47,78,117,109,98,101,114,115]
declaration.item.definition.class_bytes.digest = "c2d422b4d64cddfc363652cffb5a02f78b12bb839759f57a8d00622ae54562a5"
declaration.item.definition.class_bytes.length = 900
declaration.item.definition.location.entry.ordinal = 2
declaration.item.definition.location.entry.origin.root_container = "root"
declaration.item.definition.location.entry.origin.snapshot = "bd399e89dcd78e3102b71a3f4c1107b8e3a7ad5095d4a3b53752b69ba6375cc7"
declaration.item.definition.location.entry.origin.steps = []
declaration.item.definition.location.entry.raw_name = [101,109,50,52,47,78,117,109,98,101,114,115,46,99,108,97,115,115]
declaration.item.definition.location.kind = "archive_entry"
declaration.item.definition.variant.kind = "base"
declaration.item.member_table = null
declaration.name = "Numbers"
diagnostics = []
enum_switch_proofs = []
execution.status = "complete"
execution.usage.analysis_steps = 1155
execution.usage.archive_entries = 9
execution.usage.attribute_bytes = 1110
execution.usage.class_bytes = 1800
execution.usage.class_headers = 1
execution.usage.code_bytes = 244
execution.usage.dependency_depth = 0
execution.usage.elapsed_millis = 8
execution.usage.entry_bytes = 900
execution.usage.input_bytes = 1003
execution.usage.ir_edges = 174
execution.usage.ir_items = 4253
execution.usage.method_bodies = 7
execution.usage.nested_depth = 0
execution.usage.normalization_clones = 0
execution.usage.output_bytes = 1945
execution.usage.read_bytes = 552
execution.usage.result_items = 28
fields = []
initializer_proof.kind = "not_applicable"
limits.analysis_steps = 4194304
limits.archive_entries = 65536
limits.attribute_bytes = 67108864
limits.class_bytes = 67108864
limits.class_headers = 4096
limits.code_bytes = 16777216
limits.dependency_depth = 8
limits.elapsed_millis = 30000
limits.entry_bytes = 67108864
limits.input_bytes = 67108864
limits.ir_edges = 4194304
limits.ir_items = 4194304
limits.method_bodies = 4096
limits.nested_depth = 4
limits.normalization_clones = 1048576
limits.output_bytes = 16777216
limits.read_bytes = 67108864
limits.result_items = 65536
member_family.state = "absent"
methods.0.annotations.attributes = []
methods.0.annotations.refusals = []
methods.0.annotations.uses = []
methods.0.declaration = "private Numbers()"
methods.0.item.access_flags = 2
methods.0.item.body.content_span.length = 17
methods.0.item.body.content_span.start = 486
methods.0.item.body.kind = "code_attribute"
methods.0.item.descriptor.escaped = "()V"
methods.0.item.descriptor.raw = [40,41,86]
methods.0.item.descriptor.utf16 = [40,41,86]
methods.0.item.identity.descriptor = [40,41,86]
methods.0.item.identity.name = [60,105,110,105,116,62]
methods.0.item.identity.owner.class_bytes.digest = "c2d422b4d64cddfc363652cffb5a02f78b12bb839759f57a8d00622ae54562a5"
methods.0.item.identity.owner.class_bytes.length = 900
methods.0.item.identity.owner.location.entry.ordinal = 2
methods.0.item.identity.owner.location.entry.origin.root_container = "root"
methods.0.item.identity.owner.location.entry.origin.snapshot = "bd399e89dcd78e3102b71a3f4c1107b8e3a7ad5095d4a3b53752b69ba6375cc7"
methods.0.item.identity.owner.location.entry.origin.steps = []
methods.0.item.identity.owner.location.entry.raw_name = [101,109,50,52,47,78,117,109,98,101,114,115,46,99,108,97,115,115]
methods.0.item.identity.owner.location.kind = "archive_entry"
methods.0.item.identity.owner.variant.kind = "base"
methods.0.item.index = 0
methods.0.item.name.escaped = "<init>"
methods.0.item.name.raw = [60,105,110,105,116,62]
methods.0.item.name.utf16 = [60,105,110,105,116,62]
methods.0.markers = []
methods.0.no_body_kind = null
methods.0.outcome.analysis.diagnostics = 0
methods.0.outcome.analysis.execution.status = "complete"
methods.0.outcome.analysis.execution.usage.analysis_steps = 21
methods.0.outcome.analysis.execution.usage.archive_entries = 9
methods.0.outcome.analysis.execution.usage.attribute_bytes = 763
methods.0.outcome.analysis.execution.usage.class_bytes = 1800
methods.0.outcome.analysis.execution.usage.class_headers = 1
methods.0.outcome.analysis.execution.usage.code_bytes = 5
methods.0.outcome.analysis.execution.usage.dependency_depth = 0
methods.0.outcome.analysis.execution.usage.elapsed_millis = 1
methods.0.outcome.analysis.execution.usage.entry_bytes = 900
methods.0.outcome.analysis.execution.usage.input_bytes = 1003
methods.0.outcome.analysis.execution.usage.ir_edges = 2
methods.0.outcome.analysis.execution.usage.ir_items = 48
methods.0.outcome.analysis.execution.usage.method_bodies = 1
methods.0.outcome.analysis.execution.usage.nested_depth = 0
methods.0.outcome.analysis.execution.usage.normalization_clones = 0
methods.0.outcome.analysis.execution.usage.output_bytes = 0
methods.0.outcome.analysis.execution.usage.read_bytes = 552
methods.0.outcome.analysis.execution.usage.result_items = 21
methods.0.outcome.kind = "recovered"
methods.0.outcome.report.accessors = []
methods.0.outcome.report.aliased_names = []
methods.0.outcome.report.artifact.agreement.state = "not_stated"
methods.0.outcome.report.artifact.binding.engine = "0.1.0"
methods.0.outcome.report.artifact.binding.environment.content = ["bd399e89dcd78e3102b71a3f4c1107b8e3a7ad5095d4a3b53752b69ba6375cc7"]
methods.0.outcome.report.artifact.binding.environment.domain_loaders = ["app"]
methods.0.outcome.report.artifact.binding.environment.providers = []
methods.0.outcome.report.artifact.binding.environment.runtime.load_domain.delegation.kind = "parent_first"
methods.0.outcome.report.artifact.binding.environment.runtime.load_domain.external_override = "none"
methods.0.outcome.report.artifact.binding.environment.runtime.load_domain.loader = "app"
methods.0.outcome.report.artifact.binding.environment.runtime.load_domain.module_mode.kind = "class_path"
methods.0.outcome.report.artifact.binding.environment.runtime.load_domain.parent_loader = null
methods.0.outcome.report.artifact.binding.environment.runtime.load_domain.roots.0.kind = "container"
methods.0.outcome.report.artifact.binding.environment.runtime.load_domain.roots.0.origin.root_container = "root"
methods.0.outcome.report.artifact.binding.environment.runtime.load_domain.roots.0.origin.snapshot = "bd399e89dcd78e3102b71a3f4c1107b8e3a7ad5095d4a3b53752b69ba6375cc7"
methods.0.outcome.report.artifact.binding.environment.runtime.load_domain.roots.0.origin.steps = []
methods.0.outcome.report.artifact.binding.environment.runtime.load_domain.roots.0.prefix = []
methods.0.outcome.report.artifact.binding.environment.runtime.load_domain.runtime_transformation = "none"
methods.0.outcome.report.artifact.binding.environment.runtime.physical.scope.kind = "snapshot_all"
methods.0.outcome.report.artifact.binding.environment.runtime.physical.snapshot = "bd399e89dcd78e3102b71a3f4c1107b8e3a7ad5095d4a3b53752b69ba6375cc7"
methods.0.outcome.report.artifact.binding.environment.runtime.profile.java_release = 8
methods.0.outcome.report.artifact.binding.environment.runtime.profile.layout.kind = "generic"
methods.0.outcome.report.artifact.binding.environment.runtime.profile.multi_release.kind = "disabled"
methods.0.outcome.report.artifact.binding.member_ordinal = 0
methods.0.outcome.report.artifact.binding.method.descriptor = [40,41,86]
methods.0.outcome.report.artifact.binding.method.name = [60,105,110,105,116,62]
methods.0.outcome.report.artifact.binding.method.owner.class_bytes.digest = "c2d422b4d64cddfc363652cffb5a02f78b12bb839759f57a8d00622ae54562a5"
methods.0.outcome.report.artifact.binding.method.owner.class_bytes.length = 900
methods.0.outcome.report.artifact.binding.method.owner.location.entry.ordinal = 2
methods.0.outcome.report.artifact.binding.method.owner.location.entry.origin.root_container = "root"
methods.0.outcome.report.artifact.binding.method.owner.location.entry.origin.snapshot = "bd399e89dcd78e3102b71a3f4c1107b8e3a7ad5095d4a3b53752b69ba6375cc7"
methods.0.outcome.report.artifact.binding.method.owner.location.entry.origin.steps = []
methods.0.outcome.report.artifact.binding.method.owner.location.entry.raw_name = [101,109,50,52,47,78,117,109,98,101,114,115,46,99,108,97,115,115]
methods.0.outcome.report.artifact.binding.method.owner.location.kind = "archive_entry"
methods.0.outcome.report.artifact.binding.method.owner.variant.kind = "base"
methods.0.outcome.report.artifact.binding.profile.java_release = 8
methods.0.outcome.report.artifact.binding.profile.layout.kind = "generic"
methods.0.outcome.report.artifact.binding.profile.multi_release.kind = "disabled"
methods.0.outcome.report.artifact.binding.registry = 71
methods.0.outcome.report.artifact.binding.rules = ["straight@1","if@1","loop@1","switch@1","lambda@1","concat@1","bridge@1","accessor@1","new@1","field@1","enumswitch@1","init@1","declaration@1","twr@1","monitor@1","finally@1"]
methods.0.outcome.report.artifact.binding.schema = 1
methods.0.outcome.report.artifact.binding.text_bytes = 186
methods.0.outcome.report.artifact.binding.text_digest = "49ad53eb60e5f2014d1851f0a9c23a9f"
methods.0.outcome.report.bridges = []
methods.0.outcome.report.compile_status = "not_attempted"
methods.0.outcome.report.concats = []
methods.0.outcome.report.content = "contains_statements"
methods.0.outcome.report.declaration = null
methods.0.outcome.report.diagnostics.0.code = "jre_recovery_produced"
methods.0.outcome.report.diagnostics.0.message = "1 region(s), 2 statement(s), 2 segment(s), 186 byte(s) written from 1 canonical block(s)"
methods.0.outcome.report.diagnostics.0.provenance = null
methods.0.outcome.report.diagnostics.0.severity = "info"
methods.0.outcome.report.diagnostics.1.code = "jre_constructor_prologue"
methods.0.outcome.report.diagnostics.1.message = "the body is an instance initializer and its prologue is written under init@1 as `super`: the call at BCI 1 names `java/lang/Object`, and the class that declares this constructor is `em24/Numbers`"
methods.0.outcome.report.diagnostics.1.provenance = null
methods.0.outcome.report.diagnostics.1.severity = "info"
methods.0.outcome.report.diagnostics.2.code = "jre_declaration"
methods.0.outcome.report.diagnostics.2.message = "the artifact's envelope states the member's declaration under declaration@1: a constructor"
methods.0.outcome.report.diagnostics.2.provenance = null
methods.0.outcome.report.diagnostics.2.severity = "info"
methods.0.outcome.report.enum_switches = []
methods.0.outcome.report.evidence.categories.0.kind = "source_map"
methods.0.outcome.report.evidence.categories.0.state.state = "not_requested"
methods.0.outcome.report.evidence.categories.1.kind = "region_details"
methods.0.outcome.report.evidence.categories.1.state.state = "not_requested"
methods.0.outcome.report.evidence.categories.2.kind = "rule_details"
methods.0.outcome.report.evidence.categories.2.state.state = "not_requested"
methods.0.outcome.report.evidence.categories.3.kind = "name_details"
methods.0.outcome.report.evidence.categories.3.state.state = "not_requested"
methods.0.outcome.report.evidence.categories.4.kind = "read_details"
methods.0.outcome.report.evidence.categories.4.state.state = "not_requested"
methods.0.outcome.report.evidence.requested.driver_bci_range = null
methods.0.outcome.report.evidence.requested.expected_artifact = null
methods.0.outcome.report.evidence.requested.kinds = []
methods.0.outcome.report.execution.status = "complete"
methods.0.outcome.report.execution.usage.analysis_steps = 36
methods.0.outcome.report.execution.usage.archive_entries = 9
methods.0.outcome.report.execution.usage.attribute_bytes = 763
methods.0.outcome.report.execution.usage.class_bytes = 1800
methods.0.outcome.report.execution.usage.class_headers = 1
methods.0.outcome.report.execution.usage.code_bytes = 5
methods.0.outcome.report.execution.usage.dependency_depth = 0
methods.0.outcome.report.execution.usage.elapsed_millis = 2
methods.0.outcome.report.execution.usage.entry_bytes = 900
methods.0.outcome.report.execution.usage.input_bytes = 1003
methods.0.outcome.report.execution.usage.ir_edges = 2
methods.0.outcome.report.execution.usage.ir_items = 63
methods.0.outcome.report.execution.usage.method_bodies = 1
methods.0.outcome.report.execution.usage.nested_depth = 0
methods.0.outcome.report.execution.usage.normalization_clones = 0
methods.0.outcome.report.execution.usage.output_bytes = 186
methods.0.outcome.report.execution.usage.read_bytes = 552
methods.0.outcome.report.execution.usage.result_items = 21
methods.0.outcome.report.fallbacks = []
methods.0.outcome.report.fields = []
methods.0.outcome.report.init = null
methods.0.outcome.report.lambdas = []
methods.0.outcome.report.method = "<init>()V"
methods.0.outcome.report.news = []
methods.0.outcome.report.outcome = "produced"
methods.0.outcome.report.profile.java_release = 8
methods.0.outcome.report.profile.layout.kind = "generic"
methods.0.outcome.report.profile.multi_release.kind = "disabled"
methods.0.outcome.report.quality = "structured"
methods.0.outcome.report.regions = []
methods.0.outcome.report.representation = "java"
methods.0.outcome.report.rules = []
methods.0.outcome.report.semantic_validation = "unproven"
methods.0.outcome.report.source_map.segments = []
methods.0.outcome.report.syntax_status = "unchecked"
methods.0.outcome.report.text = "// @method <init>()V\n// @declaration a constructor of `em24.Numbers`, member flags 0x0002\n// recovered from bytecode; presentation is not claimed to compile\n{\n    super();\n    return;\n}\n"
methods.0.outcome.report.verification = "not_performed"
methods.0.parameter_annotations.attributes = []
methods.0.parameter_annotations.refusals = []
methods.0.parameter_annotations.uses_by_position = []
methods.0.text = "    private Numbers() {\n        // @method <init>()V\n        // @declaration a constructor of `em24.Numbers`, member flags 0x0002\n        // recovered from bytecode; presentation is not claimed to compile\n        super();\n        return;\n    }\n"
methods.0.type_annotations.attributes = []
methods.0.type_annotations.field_uses = []
methods.0.type_annotations.parameter_uses = []
methods.0.type_annotations.refusals = []
methods.0.type_annotations.return_uses = []
methods.1.annotations.attributes = []
methods.1.annotations.refusals = []
methods.1.annotations.uses = []
methods.1.declaration = "public static byte[] bytes()"
methods.1.item.access_flags = 9
methods.1.item.body.content_span.length = 44
methods.1.item.body.content_span.start = 517
methods.1.item.body.kind = "code_attribute"
methods.1.item.descriptor.escaped = "()[B"
methods.1.item.descriptor.raw = [40,41,91,66]
methods.1.item.descriptor.utf16 = [40,41,91,66]
methods.1.item.identity.descriptor = [40,41,91,66]
methods.1.item.identity.name = [98,121,116,101,115]
methods.1.item.identity.owner.class_bytes.digest = "c2d422b4d64cddfc363652cffb5a02f78b12bb839759f57a8d00622ae54562a5"
methods.1.item.identity.owner.class_bytes.length = 900
methods.1.item.identity.owner.location.entry.ordinal = 2
methods.1.item.identity.owner.location.entry.origin.root_container = "root"
methods.1.item.identity.owner.location.entry.origin.snapshot = "bd399e89dcd78e3102b71a3f4c1107b8e3a7ad5095d4a3b53752b69ba6375cc7"
methods.1.item.identity.owner.location.entry.origin.steps = []
methods.1.item.identity.owner.location.entry.raw_name = [101,109,50,52,47,78,117,109,98,101,114,115,46,99,108,97,115,115]
methods.1.item.identity.owner.location.kind = "archive_entry"
methods.1.item.identity.owner.variant.kind = "base"
methods.1.item.index = 1
methods.1.item.name.escaped = "bytes"
methods.1.item.name.raw = [98,121,116,101,115]
methods.1.item.name.utf16 = [98,121,116,101,115]
methods.1.markers = []
methods.1.no_body_kind = null
methods.1.outcome.analysis.diagnostics = 0
methods.1.outcome.analysis.execution.status = "complete"
methods.1.outcome.analysis.execution.usage.analysis_steps = 159
methods.1.outcome.analysis.execution.usage.archive_entries = 9
methods.1.outcome.analysis.execution.usage.attribute_bytes = 813
methods.1.outcome.analysis.execution.usage.class_bytes = 1800
methods.1.outcome.analysis.execution.usage.class_headers = 1
methods.1.outcome.analysis.execution.usage.code_bytes = 37
methods.1.outcome.analysis.execution.usage.dependency_depth = 0
methods.1.outcome.analysis.execution.usage.elapsed_millis = 3
methods.1.outcome.analysis.execution.usage.entry_bytes = 900
methods.1.outcome.analysis.execution.usage.input_bytes = 1003
methods.1.outcome.analysis.execution.usage.ir_edges = 28
methods.1.outcome.analysis.execution.usage.ir_items = 400
methods.1.outcome.analysis.execution.usage.method_bodies = 2
methods.1.outcome.analysis.execution.usage.nested_depth = 0
methods.1.outcome.analysis.execution.usage.normalization_clones = 0
methods.1.outcome.analysis.execution.usage.output_bytes = 186
methods.1.outcome.analysis.execution.usage.read_bytes = 552
methods.1.outcome.analysis.execution.usage.result_items = 22
methods.1.outcome.kind = "recovered"
methods.1.outcome.report.accessors = []
methods.1.outcome.report.aliased_names = []
methods.1.outcome.report.artifact.agreement.state = "not_stated"
methods.1.outcome.report.artifact.binding.engine = "0.1.0"
methods.1.outcome.report.artifact.binding.environment.content = ["bd399e89dcd78e3102b71a3f4c1107b8e3a7ad5095d4a3b53752b69ba6375cc7"]
methods.1.outcome.report.artifact.binding.environment.domain_loaders = ["app"]
methods.1.outcome.report.artifact.binding.environment.providers = []
methods.1.outcome.report.artifact.binding.environment.runtime.load_domain.delegation.kind = "parent_first"
methods.1.outcome.report.artifact.binding.environment.runtime.load_domain.external_override = "none"
methods.1.outcome.report.artifact.binding.environment.runtime.load_domain.loader = "app"
methods.1.outcome.report.artifact.binding.environment.runtime.load_domain.module_mode.kind = "class_path"
methods.1.outcome.report.artifact.binding.environment.runtime.load_domain.parent_loader = null
methods.1.outcome.report.artifact.binding.environment.runtime.load_domain.roots.0.kind = "container"
methods.1.outcome.report.artifact.binding.environment.runtime.load_domain.roots.0.origin.root_container = "root"
methods.1.outcome.report.artifact.binding.environment.runtime.load_domain.roots.0.origin.snapshot = "bd399e89dcd78e3102b71a3f4c1107b8e3a7ad5095d4a3b53752b69ba6375cc7"
methods.1.outcome.report.artifact.binding.environment.runtime.load_domain.roots.0.origin.steps = []
methods.1.outcome.report.artifact.binding.environment.runtime.load_domain.roots.0.prefix = []
methods.1.outcome.report.artifact.binding.environment.runtime.load_domain.runtime_transformation = "none"
methods.1.outcome.report.artifact.binding.environment.runtime.physical.scope.kind = "snapshot_all"
methods.1.outcome.report.artifact.binding.environment.runtime.physical.snapshot = "bd399e89dcd78e3102b71a3f4c1107b8e3a7ad5095d4a3b53752b69ba6375cc7"
methods.1.outcome.report.artifact.binding.environment.runtime.profile.java_release = 8
methods.1.outcome.report.artifact.binding.environment.runtime.profile.layout.kind = "generic"
methods.1.outcome.report.artifact.binding.environment.runtime.profile.multi_release.kind = "disabled"
methods.1.outcome.report.artifact.binding.member_ordinal = 1
methods.1.outcome.report.artifact.binding.method.descriptor = [40,41,91,66]
methods.1.outcome.report.artifact.binding.method.name = [98,121,116,101,115]
methods.1.outcome.report.artifact.binding.method.owner.class_bytes.digest = "c2d422b4d64cddfc363652cffb5a02f78b12bb839759f57a8d00622ae54562a5"
methods.1.outcome.report.artifact.binding.method.owner.class_bytes.length = 900
methods.1.outcome.report.artifact.binding.method.owner.location.entry.ordinal = 2
methods.1.outcome.report.artifact.binding.method.owner.location.entry.origin.root_container = "root"
methods.1.outcome.report.artifact.binding.method.owner.location.entry.origin.snapshot = "bd399e89dcd78e3102b71a3f4c1107b8e3a7ad5095d4a3b53752b69ba6375cc7"
methods.1.outcome.report.artifact.binding.method.owner.location.entry.origin.steps = []
methods.1.outcome.report.artifact.binding.method.owner.location.entry.raw_name = [101,109,50,52,47,78,117,109,98,101,114,115,46,99,108,97,115,115]
methods.1.outcome.report.artifact.binding.method.owner.location.kind = "archive_entry"
methods.1.outcome.report.artifact.binding.method.owner.variant.kind = "base"
methods.1.outcome.report.artifact.binding.profile.java_release = 8
methods.1.outcome.report.artifact.binding.profile.layout.kind = "generic"
methods.1.outcome.report.artifact.binding.profile.multi_release.kind = "disabled"
methods.1.outcome.report.artifact.binding.registry = 71
methods.1.outcome.report.artifact.binding.rules = ["straight@1","if@1","loop@1","switch@1","lambda@1","concat@1","bridge@1","accessor@1","new@1","field@1","enumswitch@1","init@1","declaration@1","twr@1","monitor@1","finally@1"]
methods.1.outcome.report.artifact.binding.schema = 1
methods.1.outcome.report.artifact.binding.text_bytes = 213
methods.1.outcome.report.artifact.binding.text_digest = "f8fd4eceef563d2f14ceb8feebb50f3c"
methods.1.outcome.report.bridges = []
methods.1.outcome.report.compile_status = "not_attempted"
methods.1.outcome.report.concats = []
methods.1.outcome.report.content = "contains_statements"
methods.1.outcome.report.declaration = null
methods.1.outcome.report.diagnostics.0.code = "jre_recovery_produced"
methods.1.outcome.report.diagnostics.0.message = "1 region(s), 1 statement(s), 8 segment(s), 213 byte(s) written from 1 canonical block(s)"
methods.1.outcome.report.diagnostics.0.provenance = null
methods.1.outcome.report.diagnostics.0.severity = "info"
methods.1.outcome.report.diagnostics.1.code = "jre_declaration"
methods.1.outcome.report.diagnostics.1.message = "the artifact's envelope states the member's declaration under declaration@1: a static method"
methods.1.outcome.report.diagnostics.1.provenance = null
methods.1.outcome.report.diagnostics.1.severity = "info"
methods.1.outcome.report.enum_switches = []
methods.1.outcome.report.evidence.categories.0.kind = "source_map"
methods.1.outcome.report.evidence.categories.0.state.state = "not_requested"
methods.1.outcome.report.evidence.categories.1.kind = "region_details"
methods.1.outcome.report.evidence.categories.1.state.state = "not_requested"
methods.1.outcome.report.evidence.categories.2.kind = "rule_details"
methods.1.outcome.report.evidence.categories.2.state.state = "not_requested"
methods.1.outcome.report.evidence.categories.3.kind = "name_details"
methods.1.outcome.report.evidence.categories.3.state.state = "not_requested"
methods.1.outcome.report.evidence.categories.4.kind = "read_details"
methods.1.outcome.report.evidence.categories.4.state.state = "not_requested"
methods.1.outcome.report.evidence.requested.driver_bci_range = null
methods.1.outcome.report.evidence.requested.expected_artifact = null
methods.1.outcome.report.evidence.requested.kinds = []
methods.1.outcome.report.execution.status = "complete"
methods.1.outcome.report.execution.usage.analysis_steps = 202
methods.1.outcome.report.execution.usage.archive_entries = 9
methods.1.outcome.report.execution.usage.attribute_bytes = 813
methods.1.outcome.report.execution.usage.class_bytes = 1800
methods.1.outcome.report.execution.usage.class_headers = 1
methods.1.outcome.report.execution.usage.code_bytes = 37
methods.1.outcome.report.execution.usage.dependency_depth = 0
methods.1.outcome.report.execution.usage.elapsed_millis = 3
methods.1.outcome.report.execution.usage.entry_bytes = 900
methods.1.outcome.report.execution.usage.input_bytes = 1003
methods.1.outcome.report.execution.usage.ir_edges = 28
methods.1.outcome.report.execution.usage.ir_items = 689
methods.1.outcome.report.execution.usage.method_bodies = 2
methods.1.outcome.report.execution.usage.nested_depth = 0
methods.1.outcome.report.execution.usage.normalization_clones = 0
methods.1.outcome.report.execution.usage.output_bytes = 399
methods.1.outcome.report.execution.usage.read_bytes = 552
methods.1.outcome.report.execution.usage.result_items = 22
methods.1.outcome.report.fallbacks = []
methods.1.outcome.report.fields = []
methods.1.outcome.report.init = null
methods.1.outcome.report.lambdas = []
methods.1.outcome.report.method = "bytes()[B"
methods.1.outcome.report.news = []
methods.1.outcome.report.outcome = "produced"
methods.1.outcome.report.profile.java_release = 8
methods.1.outcome.report.profile.layout.kind = "generic"
methods.1.outcome.report.profile.multi_release.kind = "disabled"
methods.1.outcome.report.quality = "structured"
methods.1.outcome.report.regions = []
methods.1.outcome.report.representation = "java"
methods.1.outcome.report.rules = []
methods.1.outcome.report.semantic_validation = "unproven"
methods.1.outcome.report.source_map.segments = []
methods.1.outcome.report.syntax_status = "unchecked"
methods.1.outcome.report.text = "// @method bytes()[B\n// @declaration a static method of `em24.Numbers`, member flags 0x0009\n// recovered from bytecode; presentation is not claimed to compile\n{\n    return new byte[]{0, -1, -10, -1, -128, 127};\n}\n"
methods.1.outcome.report.verification = "not_performed"
methods.1.parameter_annotations.attributes = []
methods.1.parameter_annotations.refusals = []
methods.1.parameter_annotations.uses_by_position = []
methods.1.text = "    public static byte[] bytes() {\n        // @method bytes()[B\n        // @declaration a static method of `em24.Numbers`, member flags 0x0009\n        // recovered from bytecode; presentation is not claimed to compile\n        return new byte[]{0, -1, -10, -1, -128, 127};\n    }\n"
methods.1.type_annotations.attributes = []
methods.1.type_annotations.field_uses = []
methods.1.type_annotations.parameter_uses = []
methods.1.type_annotations.refusals = []
methods.1.type_annotations.return_uses = []
methods.2.annotations.attributes = []
methods.2.annotations.refusals = []
methods.2.annotations.uses = []
methods.2.declaration = "public static short[] shorts()"
methods.2.item.access_flags = 9
methods.2.item.body.content_span.length = 46
methods.2.item.body.content_span.start = 575
methods.2.item.body.kind = "code_attribute"
methods.2.item.descriptor.escaped = "()[S"
methods.2.item.descriptor.raw = [40,41,91,83]
methods.2.item.descriptor.utf16 = [40,41,91,83]
methods.2.item.identity.descriptor = [40,41,91,83]
methods.2.item.identity.name = [115,104,111,114,116,115]
methods.2.item.identity.owner.class_bytes.digest = "c2d422b4d64cddfc363652cffb5a02f78b12bb839759f57a8d00622ae54562a5"
methods.2.item.identity.owner.class_bytes.length = 900
methods.2.item.identity.owner.location.entry.ordinal = 2
methods.2.item.identity.owner.location.entry.origin.root_container = "root"
methods.2.item.identity.owner.location.entry.origin.snapshot = "bd399e89dcd78e3102b71a3f4c1107b8e3a7ad5095d4a3b53752b69ba6375cc7"
methods.2.item.identity.owner.location.entry.origin.steps = []
methods.2.item.identity.owner.location.entry.raw_name = [101,109,50,52,47,78,117,109,98,101,114,115,46,99,108,97,115,115]
methods.2.item.identity.owner.location.kind = "archive_entry"
methods.2.item.identity.owner.variant.kind = "base"
methods.2.item.index = 2
methods.2.item.name.escaped = "shorts"
methods.2.item.name.raw = [115,104,111,114,116,115]
methods.2.item.name.utf16 = [115,104,111,114,116,115]
methods.2.markers = []
methods.2.no_body_kind = null
methods.2.outcome.analysis.diagnostics = 0
methods.2.outcome.analysis.execution.status = "complete"
methods.2.outcome.analysis.execution.usage.analysis_steps = 325
methods.2.outcome.analysis.execution.usage.archive_entries = 9
methods.2.outcome.analysis.execution.usage.attribute_bytes = 865
methods.2.outcome.analysis.execution.usage.class_bytes = 1800
methods.2.outcome.analysis.execution.usage.class_headers = 1
methods.2.outcome.analysis.execution.usage.code_bytes = 71
methods.2.outcome.analysis.execution.usage.dependency_depth = 0
methods.2.outcome.analysis.execution.usage.elapsed_millis = 4
methods.2.outcome.analysis.execution.usage.entry_bytes = 900
methods.2.outcome.analysis.execution.usage.input_bytes = 1003
methods.2.outcome.analysis.execution.usage.ir_edges = 54
methods.2.outcome.analysis.execution.usage.ir_items = 1026
methods.2.outcome.analysis.execution.usage.method_bodies = 3
methods.2.outcome.analysis.execution.usage.nested_depth = 0
methods.2.outcome.analysis.execution.usage.normalization_clones = 0
methods.2.outcome.analysis.execution.usage.output_bytes = 399
methods.2.outcome.analysis.execution.usage.read_bytes = 552
methods.2.outcome.analysis.execution.usage.result_items = 23
methods.2.outcome.kind = "recovered"
methods.2.outcome.report.accessors = []
methods.2.outcome.report.aliased_names = []
methods.2.outcome.report.artifact.agreement.state = "not_stated"
methods.2.outcome.report.artifact.binding.engine = "0.1.0"
methods.2.outcome.report.artifact.binding.environment.content = ["bd399e89dcd78e3102b71a3f4c1107b8e3a7ad5095d4a3b53752b69ba6375cc7"]
methods.2.outcome.report.artifact.binding.environment.domain_loaders = ["app"]
methods.2.outcome.report.artifact.binding.environment.providers = []
methods.2.outcome.report.artifact.binding.environment.runtime.load_domain.delegation.kind = "parent_first"
methods.2.outcome.report.artifact.binding.environment.runtime.load_domain.external_override = "none"
methods.2.outcome.report.artifact.binding.environment.runtime.load_domain.loader = "app"
methods.2.outcome.report.artifact.binding.environment.runtime.load_domain.module_mode.kind = "class_path"
methods.2.outcome.report.artifact.binding.environment.runtime.load_domain.parent_loader = null
methods.2.outcome.report.artifact.binding.environment.runtime.load_domain.roots.0.kind = "container"
methods.2.outcome.report.artifact.binding.environment.runtime.load_domain.roots.0.origin.root_container = "root"
methods.2.outcome.report.artifact.binding.environment.runtime.load_domain.roots.0.origin.snapshot = "bd399e89dcd78e3102b71a3f4c1107b8e3a7ad5095d4a3b53752b69ba6375cc7"
methods.2.outcome.report.artifact.binding.environment.runtime.load_domain.roots.0.origin.steps = []
methods.2.outcome.report.artifact.binding.environment.runtime.load_domain.roots.0.prefix = []
methods.2.outcome.report.artifact.binding.environment.runtime.load_domain.runtime_transformation = "none"
methods.2.outcome.report.artifact.binding.environment.runtime.physical.scope.kind = "snapshot_all"
methods.2.outcome.report.artifact.binding.environment.runtime.physical.snapshot = "bd399e89dcd78e3102b71a3f4c1107b8e3a7ad5095d4a3b53752b69ba6375cc7"
methods.2.outcome.report.artifact.binding.environment.runtime.profile.java_release = 8
methods.2.outcome.report.artifact.binding.environment.runtime.profile.layout.kind = "generic"
methods.2.outcome.report.artifact.binding.environment.runtime.profile.multi_release.kind = "disabled"
methods.2.outcome.report.artifact.binding.member_ordinal = 2
methods.2.outcome.report.artifact.binding.method.descriptor = [40,41,91,83]
methods.2.outcome.report.artifact.binding.method.name = [115,104,111,114,116,115]
methods.2.outcome.report.artifact.binding.method.owner.class_bytes.digest = "c2d422b4d64cddfc363652cffb5a02f78b12bb839759f57a8d00622ae54562a5"
methods.2.outcome.report.artifact.binding.method.owner.class_bytes.length = 900
methods.2.outcome.report.artifact.binding.method.owner.location.entry.ordinal = 2
methods.2.outcome.report.artifact.binding.method.owner.location.entry.origin.root_container = "root"
methods.2.outcome.report.artifact.binding.method.owner.location.entry.origin.snapshot = "bd399e89dcd78e3102b71a3f4c1107b8e3a7ad5095d4a3b53752b69ba6375cc7"
methods.2.outcome.report.artifact.binding.method.owner.location.entry.origin.steps = []
methods.2.outcome.report.artifact.binding.method.owner.location.entry.raw_name = [101,109,50,52,47,78,117,109,98,101,114,115,46,99,108,97,115,115]
methods.2.outcome.report.artifact.binding.method.owner.location.kind = "archive_entry"
methods.2.outcome.report.artifact.binding.method.owner.variant.kind = "base"
methods.2.outcome.report.artifact.binding.profile.java_release = 8
methods.2.outcome.report.artifact.binding.profile.layout.kind = "generic"
methods.2.outcome.report.artifact.binding.profile.multi_release.kind = "disabled"
methods.2.outcome.report.artifact.binding.registry = 71
methods.2.outcome.report.artifact.binding.rules = ["straight@1","if@1","loop@1","switch@1","lambda@1","concat@1","bridge@1","accessor@1","new@1","field@1","enumswitch@1","init@1","declaration@1","twr@1","monitor@1","finally@1"]
methods.2.outcome.report.artifact.binding.schema = 1
methods.2.outcome.report.artifact.binding.text_bytes = 219
methods.2.outcome.report.artifact.binding.text_digest = "215e1c947c6754878e32f17a9d3671ad"
methods.2.outcome.report.bridges = []
methods.2.outcome.report.compile_status = "not_attempted"
methods.2.outcome.report.concats = []
methods.2.outcome.report.content = "contains_statements"
methods.2.outcome.report.declaration = null
methods.2.outcome.report.diagnostics.0.code = "jre_recovery_produced"
methods.2.outcome.report.diagnostics.0.message = "1 region(s), 1 statement(s), 8 segment(s), 219 byte(s) written from 1 canonical block(s)"
methods.2.outcome.report.diagnostics.0.provenance = null
methods.2.outcome.report.diagnostics.0.severity = "info"
methods.2.outcome.report.diagnostics.1.code = "jre_declaration"
methods.2.outcome.report.diagnostics.1.message = "the artifact's envelope states the member's declaration under declaration@1: a static method"
methods.2.outcome.report.diagnostics.1.provenance = null
methods.2.outcome.report.diagnostics.1.severity = "info"
methods.2.outcome.report.enum_switches = []
methods.2.outcome.report.evidence.categories.0.kind = "source_map"
methods.2.outcome.report.evidence.categories.0.state.state = "not_requested"
methods.2.outcome.report.evidence.categories.1.kind = "region_details"
methods.2.outcome.report.evidence.categories.1.state.state = "not_requested"
methods.2.outcome.report.evidence.categories.2.kind = "rule_details"
methods.2.outcome.report.evidence.categories.2.state.state = "not_requested"
methods.2.outcome.report.evidence.categories.3.kind = "name_details"
methods.2.outcome.report.evidence.categories.3.state.state = "not_requested"
methods.2.outcome.report.evidence.categories.4.kind = "read_details"
methods.2.outcome.report.evidence.categories.4.state.state = "not_requested"
methods.2.outcome.report.evidence.requested.driver_bci_range = null
methods.2.outcome.report.evidence.requested.expected_artifact = null
methods.2.outcome.report.evidence.requested.kinds = []
methods.2.outcome.report.execution.status = "complete"
methods.2.outcome.report.execution.usage.analysis_steps = 368
methods.2.outcome.report.execution.usage.archive_entries = 9
methods.2.outcome.report.execution.usage.attribute_bytes = 865
methods.2.outcome.report.execution.usage.class_bytes = 1800
methods.2.outcome.report.execution.usage.class_headers = 1
methods.2.outcome.report.execution.usage.code_bytes = 71
methods.2.outcome.report.execution.usage.dependency_depth = 0
methods.2.outcome.report.execution.usage.elapsed_millis = 4
methods.2.outcome.report.execution.usage.entry_bytes = 900
methods.2.outcome.report.execution.usage.input_bytes = 1003
methods.2.outcome.report.execution.usage.ir_edges = 54
methods.2.outcome.report.execution.usage.ir_items = 1315
methods.2.outcome.report.execution.usage.method_bodies = 3
methods.2.outcome.report.execution.usage.nested_depth = 0
methods.2.outcome.report.execution.usage.normalization_clones = 0
methods.2.outcome.report.execution.usage.output_bytes = 618
methods.2.outcome.report.execution.usage.read_bytes = 552
methods.2.outcome.report.execution.usage.result_items = 23
methods.2.outcome.report.fallbacks = []
methods.2.outcome.report.fields = []
methods.2.outcome.report.init = null
methods.2.outcome.report.lambdas = []
methods.2.outcome.report.method = "shorts()[S"
methods.2.outcome.report.news = []
methods.2.outcome.report.outcome = "produced"
methods.2.outcome.report.profile.java_release = 8
methods.2.outcome.report.profile.layout.kind = "generic"
methods.2.outcome.report.profile.multi_release.kind = "disabled"
methods.2.outcome.report.quality = "structured"
methods.2.outcome.report.regions = []
methods.2.outcome.report.representation = "java"
methods.2.outcome.report.rules = []
methods.2.outcome.report.semantic_validation = "unproven"
methods.2.outcome.report.source_map.segments = []
methods.2.outcome.report.syntax_status = "unchecked"
methods.2.outcome.report.text = "// @method shorts()[S\n// @declaration a static method of `em24.Numbers`, member flags 0x0009\n// recovered from bytecode; presentation is not claimed to compile\n{\n    return new short[]{0, -1, -10, -1, -32768, 32767};\n}\n"
methods.2.outcome.report.verification = "not_performed"
methods.2.parameter_annotations.attributes = []
methods.2.parameter_annotations.refusals = []
methods.2.parameter_annotations.uses_by_position = []
methods.2.text = "    public static short[] shorts() {\n        // @method shorts()[S\n        // @declaration a static method of `em24.Numbers`, member flags 0x0009\n        // recovered from bytecode; presentation is not claimed to compile\n        return new short[]{0, -1, -10, -1, -32768, 32767};\n    }\n"
methods.2.type_annotations.attributes = []
methods.2.type_annotations.field_uses = []
methods.2.type_annotations.parameter_uses = []
methods.2.type_annotations.refusals = []
methods.2.type_annotations.return_uses = []
methods.3.annotations.attributes = []
methods.3.annotations.refusals = []
methods.3.annotations.uses = []
methods.3.declaration = "public static int[] ints()"
methods.3.item.access_flags = 9
methods.3.item.body.content_span.length = 44
methods.3.item.body.content_span.start = 635
methods.3.item.body.kind = "code_attribute"
methods.3.item.descriptor.escaped = "()[I"
methods.3.item.descriptor.raw = [40,41,91,73]
methods.3.item.descriptor.utf16 = [40,41,91,73]
methods.3.item.identity.descriptor = [40,41,91,73]
methods.3.item.identity.name = [105,110,116,115]
methods.3.item.identity.owner.class_bytes.digest = "c2d422b4d64cddfc363652cffb5a02f78b12bb839759f57a8d00622ae54562a5"
methods.3.item.identity.owner.class_bytes.length = 900
methods.3.item.identity.owner.location.entry.ordinal = 2
methods.3.item.identity.owner.location.entry.origin.root_container = "root"
methods.3.item.identity.owner.location.entry.origin.snapshot = "bd399e89dcd78e3102b71a3f4c1107b8e3a7ad5095d4a3b53752b69ba6375cc7"
methods.3.item.identity.owner.location.entry.origin.steps = []
methods.3.item.identity.owner.location.entry.raw_name = [101,109,50,52,47,78,117,109,98,101,114,115,46,99,108,97,115,115]
methods.3.item.identity.owner.location.kind = "archive_entry"
methods.3.item.identity.owner.variant.kind = "base"
methods.3.item.index = 3
methods.3.item.name.escaped = "ints"
methods.3.item.name.raw = [105,110,116,115]
methods.3.item.name.utf16 = [105,110,116,115]
methods.3.markers = []
methods.3.no_body_kind = null
methods.3.outcome.analysis.diagnostics = 0
methods.3.outcome.analysis.execution.status = "complete"
methods.3.outcome.analysis.execution.usage.analysis_steps = 493
methods.3.outcome.analysis.execution.usage.archive_entries = 9
methods.3.outcome.analysis.execution.usage.attribute_bytes = 915
methods.3.outcome.analysis.execution.usage.class_bytes = 1800
methods.3.outcome.analysis.execution.usage.class_headers = 1
methods.3.outcome.analysis.execution.usage.code_bytes = 103
methods.3.outcome.analysis.execution.usage.dependency_depth = 0
methods.3.outcome.analysis.execution.usage.elapsed_millis = 4
methods.3.outcome.analysis.execution.usage.entry_bytes = 900
methods.3.outcome.analysis.execution.usage.input_bytes = 1003
methods.3.outcome.analysis.execution.usage.ir_edges = 80
methods.3.outcome.analysis.execution.usage.ir_items = 1656
methods.3.outcome.analysis.execution.usage.method_bodies = 4
methods.3.outcome.analysis.execution.usage.nested_depth = 0
methods.3.outcome.analysis.execution.usage.normalization_clones = 0
methods.3.outcome.analysis.execution.usage.output_bytes = 618
methods.3.outcome.analysis.execution.usage.read_bytes = 552
methods.3.outcome.analysis.execution.usage.result_items = 24
methods.3.outcome.kind = "recovered"
methods.3.outcome.report.accessors = []
methods.3.outcome.report.aliased_names = []
methods.3.outcome.report.artifact.agreement.state = "not_stated"
methods.3.outcome.report.artifact.binding.engine = "0.1.0"
methods.3.outcome.report.artifact.binding.environment.content = ["bd399e89dcd78e3102b71a3f4c1107b8e3a7ad5095d4a3b53752b69ba6375cc7"]
methods.3.outcome.report.artifact.binding.environment.domain_loaders = ["app"]
methods.3.outcome.report.artifact.binding.environment.providers = []
methods.3.outcome.report.artifact.binding.environment.runtime.load_domain.delegation.kind = "parent_first"
methods.3.outcome.report.artifact.binding.environment.runtime.load_domain.external_override = "none"
methods.3.outcome.report.artifact.binding.environment.runtime.load_domain.loader = "app"
methods.3.outcome.report.artifact.binding.environment.runtime.load_domain.module_mode.kind = "class_path"
methods.3.outcome.report.artifact.binding.environment.runtime.load_domain.parent_loader = null
methods.3.outcome.report.artifact.binding.environment.runtime.load_domain.roots.0.kind = "container"
methods.3.outcome.report.artifact.binding.environment.runtime.load_domain.roots.0.origin.root_container = "root"
methods.3.outcome.report.artifact.binding.environment.runtime.load_domain.roots.0.origin.snapshot = "bd399e89dcd78e3102b71a3f4c1107b8e3a7ad5095d4a3b53752b69ba6375cc7"
methods.3.outcome.report.artifact.binding.environment.runtime.load_domain.roots.0.origin.steps = []
methods.3.outcome.report.artifact.binding.environment.runtime.load_domain.roots.0.prefix = []
methods.3.outcome.report.artifact.binding.environment.runtime.load_domain.runtime_transformation = "none"
methods.3.outcome.report.artifact.binding.environment.runtime.physical.scope.kind = "snapshot_all"
methods.3.outcome.report.artifact.binding.environment.runtime.physical.snapshot = "bd399e89dcd78e3102b71a3f4c1107b8e3a7ad5095d4a3b53752b69ba6375cc7"
methods.3.outcome.report.artifact.binding.environment.runtime.profile.java_release = 8
methods.3.outcome.report.artifact.binding.environment.runtime.profile.layout.kind = "generic"
methods.3.outcome.report.artifact.binding.environment.runtime.profile.multi_release.kind = "disabled"
methods.3.outcome.report.artifact.binding.member_ordinal = 3
methods.3.outcome.report.artifact.binding.method.descriptor = [40,41,91,73]
methods.3.outcome.report.artifact.binding.method.name = [105,110,116,115]
methods.3.outcome.report.artifact.binding.method.owner.class_bytes.digest = "c2d422b4d64cddfc363652cffb5a02f78b12bb839759f57a8d00622ae54562a5"
methods.3.outcome.report.artifact.binding.method.owner.class_bytes.length = 900
methods.3.outcome.report.artifact.binding.method.owner.location.entry.ordinal = 2
methods.3.outcome.report.artifact.binding.method.owner.location.entry.origin.root_container = "root"
methods.3.outcome.report.artifact.binding.method.owner.location.entry.origin.snapshot = "bd399e89dcd78e3102b71a3f4c1107b8e3a7ad5095d4a3b53752b69ba6375cc7"
methods.3.outcome.report.artifact.binding.method.owner.location.entry.origin.steps = []
methods.3.outcome.report.artifact.binding.method.owner.location.entry.raw_name = [101,109,50,52,47,78,117,109,98,101,114,115,46,99,108,97,115,115]
methods.3.outcome.report.artifact.binding.method.owner.location.kind = "archive_entry"
methods.3.outcome.report.artifact.binding.method.owner.variant.kind = "base"
methods.3.outcome.report.artifact.binding.profile.java_release = 8
methods.3.outcome.report.artifact.binding.profile.layout.kind = "generic"
methods.3.outcome.report.artifact.binding.profile.multi_release.kind = "disabled"
methods.3.outcome.report.artifact.binding.registry = 71
methods.3.outcome.report.artifact.binding.rules = ["straight@1","if@1","loop@1","switch@1","lambda@1","concat@1","bridge@1","accessor@1","new@1","field@1","enumswitch@1","init@1","declaration@1","twr@1","monitor@1","finally@1"]
methods.3.outcome.report.artifact.binding.schema = 1
methods.3.outcome.report.artifact.binding.text_bytes = 225
methods.3.outcome.report.artifact.binding.text_digest = "420305ef8eccf7a3e401839a68d57fb7"
methods.3.outcome.report.bridges = []
methods.3.outcome.report.compile_status = "not_attempted"
methods.3.outcome.report.concats = []
methods.3.outcome.report.content = "contains_statements"
methods.3.outcome.report.declaration = null
methods.3.outcome.report.diagnostics.0.code = "jre_recovery_produced"
methods.3.outcome.report.diagnostics.0.message = "1 region(s), 1 statement(s), 8 segment(s), 225 byte(s) written from 1 canonical block(s)"
methods.3.outcome.report.diagnostics.0.provenance = null
methods.3.outcome.report.diagnostics.0.severity = "info"
methods.3.outcome.report.diagnostics.1.code = "jre_declaration"
methods.3.outcome.report.diagnostics.1.message = "the artifact's envelope states the member's declaration under declaration@1: a static method"
methods.3.outcome.report.diagnostics.1.provenance = null
methods.3.outcome.report.diagnostics.1.severity = "info"
methods.3.outcome.report.enum_switches = []
methods.3.outcome.report.evidence.categories.0.kind = "source_map"
methods.3.outcome.report.evidence.categories.0.state.state = "not_requested"
methods.3.outcome.report.evidence.categories.1.kind = "region_details"
methods.3.outcome.report.evidence.categories.1.state.state = "not_requested"
methods.3.outcome.report.evidence.categories.2.kind = "rule_details"
methods.3.outcome.report.evidence.categories.2.state.state = "not_requested"
methods.3.outcome.report.evidence.categories.3.kind = "name_details"
methods.3.outcome.report.evidence.categories.3.state.state = "not_requested"
methods.3.outcome.report.evidence.categories.4.kind = "read_details"
methods.3.outcome.report.evidence.categories.4.state.state = "not_requested"
methods.3.outcome.report.evidence.requested.driver_bci_range = null
methods.3.outcome.report.evidence.requested.expected_artifact = null
methods.3.outcome.report.evidence.requested.kinds = []
methods.3.outcome.report.execution.status = "complete"
methods.3.outcome.report.execution.usage.analysis_steps = 536
methods.3.outcome.report.execution.usage.archive_entries = 9
methods.3.outcome.report.execution.usage.attribute_bytes = 915
methods.3.outcome.report.execution.usage.class_bytes = 1800
methods.3.outcome.report.execution.usage.class_headers = 1
methods.3.outcome.report.execution.usage.code_bytes = 103
methods.3.outcome.report.execution.usage.dependency_depth = 0
methods.3.outcome.report.execution.usage.elapsed_millis = 5
methods.3.outcome.report.execution.usage.entry_bytes = 900
methods.3.outcome.report.execution.usage.input_bytes = 1003
methods.3.outcome.report.execution.usage.ir_edges = 80
methods.3.outcome.report.execution.usage.ir_items = 1945
methods.3.outcome.report.execution.usage.method_bodies = 4
methods.3.outcome.report.execution.usage.nested_depth = 0
methods.3.outcome.report.execution.usage.normalization_clones = 0
methods.3.outcome.report.execution.usage.output_bytes = 843
methods.3.outcome.report.execution.usage.read_bytes = 552
methods.3.outcome.report.execution.usage.result_items = 24
methods.3.outcome.report.fallbacks = []
methods.3.outcome.report.fields = []
methods.3.outcome.report.init = null
methods.3.outcome.report.lambdas = []
methods.3.outcome.report.method = "ints()[I"
methods.3.outcome.report.news = []
methods.3.outcome.report.outcome = "produced"
methods.3.outcome.report.profile.java_release = 8
methods.3.outcome.report.profile.layout.kind = "generic"
methods.3.outcome.report.profile.multi_release.kind = "disabled"
methods.3.outcome.report.quality = "structured"
methods.3.outcome.report.regions = []
methods.3.outcome.report.representation = "java"
methods.3.outcome.report.rules = []
methods.3.outcome.report.semantic_validation = "unproven"
methods.3.outcome.report.source_map.segments = []
methods.3.outcome.report.syntax_status = "unchecked"
methods.3.outcome.report.text = "// @method ints()[I\n// @declaration a static method of `em24.Numbers`, member flags 0x0009\n// recovered from bytecode; presentation is not claimed to compile\n{\n    return new int[]{0, -1, -10, -1, -2147483648, 2147483647};\n}\n"
methods.3.outcome.report.verification = "not_performed"
methods.3.parameter_annotations.attributes = []
methods.3.parameter_annotations.refusals = []
methods.3.parameter_annotations.uses_by_position = []
methods.3.text = "    public static int[] ints() {\n        // @method ints()[I\n        // @declaration a static method of `em24.Numbers`, member flags 0x0009\n        // recovered from bytecode; presentation is not claimed to compile\n        return new int[]{0, -1, -10, -1, -2147483648, 2147483647};\n    }\n"
methods.3.type_annotations.attributes = []
methods.3.type_annotations.field_uses = []
methods.3.type_annotations.parameter_uses = []
methods.3.type_annotations.refusals = []
methods.3.type_annotations.return_uses = []
methods.4.annotations.attributes = []
methods.4.annotations.refusals = []
methods.4.annotations.uses = []
methods.4.declaration = "public static long[] longs()"
methods.4.item.access_flags = 9
methods.4.item.body.content_span.length = 51
methods.4.item.body.content_span.start = 693
methods.4.item.body.kind = "code_attribute"
methods.4.item.descriptor.escaped = "()[J"
methods.4.item.descriptor.raw = [40,41,91,74]
methods.4.item.descriptor.utf16 = [40,41,91,74]
methods.4.item.identity.descriptor = [40,41,91,74]
methods.4.item.identity.name = [108,111,110,103,115]
methods.4.item.identity.owner.class_bytes.digest = "c2d422b4d64cddfc363652cffb5a02f78b12bb839759f57a8d00622ae54562a5"
methods.4.item.identity.owner.class_bytes.length = 900
methods.4.item.identity.owner.location.entry.ordinal = 2
methods.4.item.identity.owner.location.entry.origin.root_container = "root"
methods.4.item.identity.owner.location.entry.origin.snapshot = "bd399e89dcd78e3102b71a3f4c1107b8e3a7ad5095d4a3b53752b69ba6375cc7"
methods.4.item.identity.owner.location.entry.origin.steps = []
methods.4.item.identity.owner.location.entry.raw_name = [101,109,50,52,47,78,117,109,98,101,114,115,46,99,108,97,115,115]
methods.4.item.identity.owner.location.kind = "archive_entry"
methods.4.item.identity.owner.variant.kind = "base"
methods.4.item.index = 4
methods.4.item.name.escaped = "longs"
methods.4.item.name.raw = [108,111,110,103,115]
methods.4.item.name.utf16 = [108,111,110,103,115]
methods.4.markers = []
methods.4.no_body_kind = null
methods.4.outcome.analysis.diagnostics = 0
methods.4.outcome.analysis.execution.status = "complete"
methods.4.outcome.analysis.execution.usage.analysis_steps = 664
methods.4.outcome.analysis.execution.usage.archive_entries = 9
methods.4.outcome.analysis.execution.usage.attribute_bytes = 972
methods.4.outcome.analysis.execution.usage.class_bytes = 1800
methods.4.outcome.analysis.execution.usage.class_headers = 1
methods.4.outcome.analysis.execution.usage.code_bytes = 142
methods.4.outcome.analysis.execution.usage.dependency_depth = 0
methods.4.outcome.analysis.execution.usage.elapsed_millis = 5
methods.4.outcome.analysis.execution.usage.entry_bytes = 900
methods.4.outcome.analysis.execution.usage.input_bytes = 1003
methods.4.outcome.analysis.execution.usage.ir_edges = 106
methods.4.outcome.analysis.execution.usage.ir_items = 2292
methods.4.outcome.analysis.execution.usage.method_bodies = 5
methods.4.outcome.analysis.execution.usage.nested_depth = 0
methods.4.outcome.analysis.execution.usage.normalization_clones = 0
methods.4.outcome.analysis.execution.usage.output_bytes = 843
methods.4.outcome.analysis.execution.usage.read_bytes = 552
methods.4.outcome.analysis.execution.usage.result_items = 25
methods.4.outcome.kind = "recovered"
methods.4.outcome.report.accessors = []
methods.4.outcome.report.aliased_names = []
methods.4.outcome.report.artifact.agreement.state = "not_stated"
methods.4.outcome.report.artifact.binding.engine = "0.1.0"
methods.4.outcome.report.artifact.binding.environment.content = ["bd399e89dcd78e3102b71a3f4c1107b8e3a7ad5095d4a3b53752b69ba6375cc7"]
methods.4.outcome.report.artifact.binding.environment.domain_loaders = ["app"]
methods.4.outcome.report.artifact.binding.environment.providers = []
methods.4.outcome.report.artifact.binding.environment.runtime.load_domain.delegation.kind = "parent_first"
methods.4.outcome.report.artifact.binding.environment.runtime.load_domain.external_override = "none"
methods.4.outcome.report.artifact.binding.environment.runtime.load_domain.loader = "app"
methods.4.outcome.report.artifact.binding.environment.runtime.load_domain.module_mode.kind = "class_path"
methods.4.outcome.report.artifact.binding.environment.runtime.load_domain.parent_loader = null
methods.4.outcome.report.artifact.binding.environment.runtime.load_domain.roots.0.kind = "container"
methods.4.outcome.report.artifact.binding.environment.runtime.load_domain.roots.0.origin.root_container = "root"
methods.4.outcome.report.artifact.binding.environment.runtime.load_domain.roots.0.origin.snapshot = "bd399e89dcd78e3102b71a3f4c1107b8e3a7ad5095d4a3b53752b69ba6375cc7"
methods.4.outcome.report.artifact.binding.environment.runtime.load_domain.roots.0.origin.steps = []
methods.4.outcome.report.artifact.binding.environment.runtime.load_domain.roots.0.prefix = []
methods.4.outcome.report.artifact.binding.environment.runtime.load_domain.runtime_transformation = "none"
methods.4.outcome.report.artifact.binding.environment.runtime.physical.scope.kind = "snapshot_all"
methods.4.outcome.report.artifact.binding.environment.runtime.physical.snapshot = "bd399e89dcd78e3102b71a3f4c1107b8e3a7ad5095d4a3b53752b69ba6375cc7"
methods.4.outcome.report.artifact.binding.environment.runtime.profile.java_release = 8
methods.4.outcome.report.artifact.binding.environment.runtime.profile.layout.kind = "generic"
methods.4.outcome.report.artifact.binding.environment.runtime.profile.multi_release.kind = "disabled"
methods.4.outcome.report.artifact.binding.member_ordinal = 4
methods.4.outcome.report.artifact.binding.method.descriptor = [40,41,91,74]
methods.4.outcome.report.artifact.binding.method.name = [108,111,110,103,115]
methods.4.outcome.report.artifact.binding.method.owner.class_bytes.digest = "c2d422b4d64cddfc363652cffb5a02f78b12bb839759f57a8d00622ae54562a5"
methods.4.outcome.report.artifact.binding.method.owner.class_bytes.length = 900
methods.4.outcome.report.artifact.binding.method.owner.location.entry.ordinal = 2
methods.4.outcome.report.artifact.binding.method.owner.location.entry.origin.root_container = "root"
methods.4.outcome.report.artifact.binding.method.owner.location.entry.origin.snapshot = "bd399e89dcd78e3102b71a3f4c1107b8e3a7ad5095d4a3b53752b69ba6375cc7"
methods.4.outcome.report.artifact.binding.method.owner.location.entry.origin.steps = []
methods.4.outcome.report.artifact.binding.method.owner.location.entry.raw_name = [101,109,50,52,47,78,117,109,98,101,114,115,46,99,108,97,115,115]
methods.4.outcome.report.artifact.binding.method.owner.location.kind = "archive_entry"
methods.4.outcome.report.artifact.binding.method.owner.variant.kind = "base"
methods.4.outcome.report.artifact.binding.profile.java_release = 8
methods.4.outcome.report.artifact.binding.profile.layout.kind = "generic"
methods.4.outcome.report.artifact.binding.profile.multi_release.kind = "disabled"
methods.4.outcome.report.artifact.binding.registry = 71
methods.4.outcome.report.artifact.binding.rules = ["straight@1","if@1","loop@1","switch@1","lambda@1","concat@1","bridge@1","accessor@1","new@1","field@1","enumswitch@1","init@1","declaration@1","twr@1","monitor@1","finally@1"]
methods.4.outcome.report.artifact.binding.schema = 1
methods.4.outcome.report.artifact.binding.text_bytes = 251
methods.4.outcome.report.artifact.binding.text_digest = "3eca03e0309e772a7efa48922d9bf01c"
methods.4.outcome.report.bridges = []
methods.4.outcome.report.compile_status = "not_attempted"
methods.4.outcome.report.concats = []
methods.4.outcome.report.content = "contains_statements"
methods.4.outcome.report.declaration = null
methods.4.outcome.report.diagnostics.0.code = "jre_recovery_produced"
methods.4.outcome.report.diagnostics.0.message = "1 region(s), 1 statement(s), 8 segment(s), 251 byte(s) written from 1 canonical block(s)"
methods.4.outcome.report.diagnostics.0.provenance = null
methods.4.outcome.report.diagnostics.0.severity = "info"
methods.4.outcome.report.diagnostics.1.code = "jre_declaration"
methods.4.outcome.report.diagnostics.1.message = "the artifact's envelope states the member's declaration under declaration@1: a static method"
methods.4.outcome.report.diagnostics.1.provenance = null
methods.4.outcome.report.diagnostics.1.severity = "info"
methods.4.outcome.report.enum_switches = []
methods.4.outcome.report.evidence.categories.0.kind = "source_map"
methods.4.outcome.report.evidence.categories.0.state.state = "not_requested"
methods.4.outcome.report.evidence.categories.1.kind = "region_details"
methods.4.outcome.report.evidence.categories.1.state.state = "not_requested"
methods.4.outcome.report.evidence.categories.2.kind = "rule_details"
methods.4.outcome.report.evidence.categories.2.state.state = "not_requested"
methods.4.outcome.report.evidence.categories.3.kind = "name_details"
methods.4.outcome.report.evidence.categories.3.state.state = "not_requested"
methods.4.outcome.report.evidence.categories.4.kind = "read_details"
methods.4.outcome.report.evidence.categories.4.state.state = "not_requested"
methods.4.outcome.report.evidence.requested.driver_bci_range = null
methods.4.outcome.report.evidence.requested.expected_artifact = null
methods.4.outcome.report.evidence.requested.kinds = []
methods.4.outcome.report.execution.status = "complete"
methods.4.outcome.report.execution.usage.analysis_steps = 707
methods.4.outcome.report.execution.usage.archive_entries = 9
methods.4.outcome.report.execution.usage.attribute_bytes = 972
methods.4.outcome.report.execution.usage.class_bytes = 1800
methods.4.outcome.report.execution.usage.class_headers = 1
methods.4.outcome.report.execution.usage.code_bytes = 142
methods.4.outcome.report.execution.usage.dependency_depth = 0
methods.4.outcome.report.execution.usage.elapsed_millis = 6
methods.4.outcome.report.execution.usage.entry_bytes = 900
methods.4.outcome.report.execution.usage.input_bytes = 1003
methods.4.outcome.report.execution.usage.ir_edges = 106
methods.4.outcome.report.execution.usage.ir_items = 2581
methods.4.outcome.report.execution.usage.method_bodies = 5
methods.4.outcome.report.execution.usage.nested_depth = 0
methods.4.outcome.report.execution.usage.normalization_clones = 0
methods.4.outcome.report.execution.usage.output_bytes = 1094
methods.4.outcome.report.execution.usage.read_bytes = 552
methods.4.outcome.report.execution.usage.result_items = 25
methods.4.outcome.report.fallbacks = []
methods.4.outcome.report.fields = []
methods.4.outcome.report.init = null
methods.4.outcome.report.lambdas = []
methods.4.outcome.report.method = "longs()[J"
methods.4.outcome.report.news = []
methods.4.outcome.report.outcome = "produced"
methods.4.outcome.report.profile.java_release = 8
methods.4.outcome.report.profile.layout.kind = "generic"
methods.4.outcome.report.profile.multi_release.kind = "disabled"
methods.4.outcome.report.quality = "structured"
methods.4.outcome.report.regions = []
methods.4.outcome.report.representation = "java"
methods.4.outcome.report.rules = []
methods.4.outcome.report.semantic_validation = "unproven"
methods.4.outcome.report.source_map.segments = []
methods.4.outcome.report.syntax_status = "unchecked"
methods.4.outcome.report.text = "// @method longs()[J\n// @declaration a static method of `em24.Numbers`, member flags 0x0009\n// recovered from bytecode; presentation is not claimed to compile\n{\n    return new long[]{0L, -1L, -10L, -1L, -9223372036854775808L, 9223372036854775807L};\n}\n"
methods.4.outcome.report.verification = "not_performed"
methods.4.parameter_annotations.attributes = []
methods.4.parameter_annotations.refusals = []
methods.4.parameter_annotations.uses_by_position = []
methods.4.text = "    public static long[] longs() {\n        // @method longs()[J\n        // @declaration a static method of `em24.Numbers`, member flags 0x0009\n        // recovered from bytecode; presentation is not claimed to compile\n        return new long[]{0L, -1L, -10L, -1L, -9223372036854775808L, 9223372036854775807L};\n    }\n"
methods.4.type_annotations.attributes = []
methods.4.type_annotations.field_uses = []
methods.4.type_annotations.parameter_uses = []
methods.4.type_annotations.refusals = []
methods.4.type_annotations.return_uses = []
methods.5.annotations.attributes = []
methods.5.annotations.refusals = []
methods.5.annotations.uses = []
methods.5.declaration = "public static float[] floats()"
methods.5.item.access_flags = 9
methods.5.item.body.content_span.length = 59
methods.5.item.body.content_span.start = 758
methods.5.item.body.kind = "code_attribute"
methods.5.item.descriptor.escaped = "()[F"
methods.5.item.descriptor.raw = [40,41,91,70]
methods.5.item.descriptor.utf16 = [40,41,91,70]
methods.5.item.identity.descriptor = [40,41,91,70]
methods.5.item.identity.name = [102,108,111,97,116,115]
methods.5.item.identity.owner.class_bytes.digest = "c2d422b4d64cddfc363652cffb5a02f78b12bb839759f57a8d00622ae54562a5"
methods.5.item.identity.owner.class_bytes.length = 900
methods.5.item.identity.owner.location.entry.ordinal = 2
methods.5.item.identity.owner.location.entry.origin.root_container = "root"
methods.5.item.identity.owner.location.entry.origin.snapshot = "bd399e89dcd78e3102b71a3f4c1107b8e3a7ad5095d4a3b53752b69ba6375cc7"
methods.5.item.identity.owner.location.entry.origin.steps = []
methods.5.item.identity.owner.location.entry.raw_name = [101,109,50,52,47,78,117,109,98,101,114,115,46,99,108,97,115,115]
methods.5.item.identity.owner.location.kind = "archive_entry"
methods.5.item.identity.owner.variant.kind = "base"
methods.5.item.index = 5
methods.5.item.name.escaped = "floats"
methods.5.item.name.raw = [102,108,111,97,116,115]
methods.5.item.name.utf16 = [102,108,111,97,116,115]
methods.5.markers = []
methods.5.no_body_kind = null
methods.5.outcome.analysis.diagnostics = 0
methods.5.outcome.analysis.execution.status = "complete"
methods.5.outcome.analysis.execution.usage.analysis_steps = 872
methods.5.outcome.analysis.execution.usage.archive_entries = 9
methods.5.outcome.analysis.execution.usage.attribute_bytes = 1037
methods.5.outcome.analysis.execution.usage.class_bytes = 1800
methods.5.outcome.analysis.execution.usage.class_headers = 1
methods.5.outcome.analysis.execution.usage.code_bytes = 189
methods.5.outcome.analysis.execution.usage.dependency_depth = 0
methods.5.outcome.analysis.execution.usage.elapsed_millis = 6
methods.5.outcome.analysis.execution.usage.entry_bytes = 900
methods.5.outcome.analysis.execution.usage.input_bytes = 1003
methods.5.outcome.analysis.execution.usage.ir_edges = 140
methods.5.outcome.analysis.execution.usage.ir_items = 3034
methods.5.outcome.analysis.execution.usage.method_bodies = 6
methods.5.outcome.analysis.execution.usage.nested_depth = 0
methods.5.outcome.analysis.execution.usage.normalization_clones = 0
methods.5.outcome.analysis.execution.usage.output_bytes = 1094
methods.5.outcome.analysis.execution.usage.read_bytes = 552
methods.5.outcome.analysis.execution.usage.result_items = 26
methods.5.outcome.kind = "recovered"
methods.5.outcome.report.accessors = []
methods.5.outcome.report.aliased_names = []
methods.5.outcome.report.artifact.agreement.state = "not_stated"
methods.5.outcome.report.artifact.binding.engine = "0.1.0"
methods.5.outcome.report.artifact.binding.environment.content = ["bd399e89dcd78e3102b71a3f4c1107b8e3a7ad5095d4a3b53752b69ba6375cc7"]
methods.5.outcome.report.artifact.binding.environment.domain_loaders = ["app"]
methods.5.outcome.report.artifact.binding.environment.providers = []
methods.5.outcome.report.artifact.binding.environment.runtime.load_domain.delegation.kind = "parent_first"
methods.5.outcome.report.artifact.binding.environment.runtime.load_domain.external_override = "none"
methods.5.outcome.report.artifact.binding.environment.runtime.load_domain.loader = "app"
methods.5.outcome.report.artifact.binding.environment.runtime.load_domain.module_mode.kind = "class_path"
methods.5.outcome.report.artifact.binding.environment.runtime.load_domain.parent_loader = null
methods.5.outcome.report.artifact.binding.environment.runtime.load_domain.roots.0.kind = "container"
methods.5.outcome.report.artifact.binding.environment.runtime.load_domain.roots.0.origin.root_container = "root"
methods.5.outcome.report.artifact.binding.environment.runtime.load_domain.roots.0.origin.snapshot = "bd399e89dcd78e3102b71a3f4c1107b8e3a7ad5095d4a3b53752b69ba6375cc7"
methods.5.outcome.report.artifact.binding.environment.runtime.load_domain.roots.0.origin.steps = []
methods.5.outcome.report.artifact.binding.environment.runtime.load_domain.roots.0.prefix = []
methods.5.outcome.report.artifact.binding.environment.runtime.load_domain.runtime_transformation = "none"
methods.5.outcome.report.artifact.binding.environment.runtime.physical.scope.kind = "snapshot_all"
methods.5.outcome.report.artifact.binding.environment.runtime.physical.snapshot = "bd399e89dcd78e3102b71a3f4c1107b8e3a7ad5095d4a3b53752b69ba6375cc7"
methods.5.outcome.report.artifact.binding.environment.runtime.profile.java_release = 8
methods.5.outcome.report.artifact.binding.environment.runtime.profile.layout.kind = "generic"
methods.5.outcome.report.artifact.binding.environment.runtime.profile.multi_release.kind = "disabled"
methods.5.outcome.report.artifact.binding.member_ordinal = 5
methods.5.outcome.report.artifact.binding.method.descriptor = [40,41,91,70]
methods.5.outcome.report.artifact.binding.method.name = [102,108,111,97,116,115]
methods.5.outcome.report.artifact.binding.method.owner.class_bytes.digest = "c2d422b4d64cddfc363652cffb5a02f78b12bb839759f57a8d00622ae54562a5"
methods.5.outcome.report.artifact.binding.method.owner.class_bytes.length = 900
methods.5.outcome.report.artifact.binding.method.owner.location.entry.ordinal = 2
methods.5.outcome.report.artifact.binding.method.owner.location.entry.origin.root_container = "root"
methods.5.outcome.report.artifact.binding.method.owner.location.entry.origin.snapshot = "bd399e89dcd78e3102b71a3f4c1107b8e3a7ad5095d4a3b53752b69ba6375cc7"
methods.5.outcome.report.artifact.binding.method.owner.location.entry.origin.steps = []
methods.5.outcome.report.artifact.binding.method.owner.location.entry.raw_name = [101,109,50,52,47,78,117,109,98,101,114,115,46,99,108,97,115,115]
methods.5.outcome.report.artifact.binding.method.owner.location.kind = "archive_entry"
methods.5.outcome.report.artifact.binding.method.owner.variant.kind = "base"
methods.5.outcome.report.artifact.binding.profile.java_release = 8
methods.5.outcome.report.artifact.binding.profile.layout.kind = "generic"
methods.5.outcome.report.artifact.binding.profile.multi_release.kind = "disabled"
methods.5.outcome.report.artifact.binding.registry = 71
methods.5.outcome.report.artifact.binding.rules = ["straight@1","if@1","loop@1","switch@1","lambda@1","concat@1","bridge@1","accessor@1","new@1","field@1","enumswitch@1","init@1","declaration@1","twr@1","monitor@1","finally@1"]
methods.5.outcome.report.artifact.binding.schema = 1
methods.5.outcome.report.artifact.binding.text_bytes = 382
methods.5.outcome.report.artifact.binding.text_digest = "dd8bb00f07245afc3ef49a734c2e874b"
methods.5.outcome.report.bridges = []
methods.5.outcome.report.compile_status = "not_attempted"
methods.5.outcome.report.concats = []
methods.5.outcome.report.content = "contains_statements"
methods.5.outcome.report.declaration = null
methods.5.outcome.report.diagnostics.0.code = "jre_recovery_produced"
methods.5.outcome.report.diagnostics.0.message = "1 region(s), 1 statement(s), 16 segment(s), 382 byte(s) written from 1 canonical block(s)"
methods.5.outcome.report.diagnostics.0.provenance = null
methods.5.outcome.report.diagnostics.0.severity = "info"
methods.5.outcome.report.diagnostics.1.code = "jre_declaration"
methods.5.outcome.report.diagnostics.1.message = "the artifact's envelope states the member's declaration under declaration@1: a static method"
methods.5.outcome.report.diagnostics.1.provenance = null
methods.5.outcome.report.diagnostics.1.severity = "info"
methods.5.outcome.report.enum_switches = []
methods.5.outcome.report.evidence.categories.0.kind = "source_map"
methods.5.outcome.report.evidence.categories.0.state.state = "not_requested"
methods.5.outcome.report.evidence.categories.1.kind = "region_details"
methods.5.outcome.report.evidence.categories.1.state.state = "not_requested"
methods.5.outcome.report.evidence.categories.2.kind = "rule_details"
methods.5.outcome.report.evidence.categories.2.state.state = "not_requested"
methods.5.outcome.report.evidence.categories.3.kind = "name_details"
methods.5.outcome.report.evidence.categories.3.state.state = "not_requested"
methods.5.outcome.report.evidence.categories.4.kind = "read_details"
methods.5.outcome.report.evidence.categories.4.state.state = "not_requested"
methods.5.outcome.report.evidence.requested.driver_bci_range = null
methods.5.outcome.report.evidence.requested.expected_artifact = null
methods.5.outcome.report.evidence.requested.kinds = []
methods.5.outcome.report.execution.status = "complete"
methods.5.outcome.report.execution.usage.analysis_steps = 931
methods.5.outcome.report.execution.usage.archive_entries = 9
methods.5.outcome.report.execution.usage.attribute_bytes = 1037
methods.5.outcome.report.execution.usage.class_bytes = 1800
methods.5.outcome.report.execution.usage.class_headers = 1
methods.5.outcome.report.execution.usage.code_bytes = 189
methods.5.outcome.report.execution.usage.dependency_depth = 0
methods.5.outcome.report.execution.usage.elapsed_millis = 7
methods.5.outcome.report.execution.usage.entry_bytes = 900
methods.5.outcome.report.execution.usage.input_bytes = 1003
methods.5.outcome.report.execution.usage.ir_edges = 140
methods.5.outcome.report.execution.usage.ir_items = 3417
methods.5.outcome.report.execution.usage.method_bodies = 6
methods.5.outcome.report.execution.usage.nested_depth = 0
methods.5.outcome.report.execution.usage.normalization_clones = 0
methods.5.outcome.report.execution.usage.output_bytes = 1476
methods.5.outcome.report.execution.usage.read_bytes = 552
methods.5.outcome.report.execution.usage.result_items = 26
methods.5.outcome.report.fallbacks = []
methods.5.outcome.report.fields = []
methods.5.outcome.report.init = null
methods.5.outcome.report.lambdas = []
methods.5.outcome.report.method = "floats()[F"
methods.5.outcome.report.news = []
methods.5.outcome.report.outcome = "produced"
methods.5.outcome.report.profile.java_release = 8
methods.5.outcome.report.profile.layout.kind = "generic"
methods.5.outcome.report.profile.multi_release.kind = "disabled"
methods.5.outcome.report.quality = "structured"
methods.5.outcome.report.regions = []
methods.5.outcome.report.representation = "java"
methods.5.outcome.report.rules = []
methods.5.outcome.report.semantic_validation = "unproven"
methods.5.outcome.report.source_map.segments = []
methods.5.outcome.report.syntax_status = "unchecked"
methods.5.outcome.report.text = "// @method floats()[F\n// @declaration a static method of `em24.Numbers`, member flags 0x0009\n// recovered from bytecode; presentation is not claimed to compile\n{\n    return new float[]{0x1.19999ap-1f, -0x0.000000p-126f, 0x0.000000p-126f / 0x0.000000p-126f, -0x1.000000p0f / 0x0.000000p-126f, 0x1.000000p0f / 0x0.000000p-126f, 0x0.000002p-126f, 0x1.000000p-126f, 0x1.fffffep127f};\n}\n"
methods.5.outcome.report.verification = "not_performed"
methods.5.parameter_annotations.attributes = []
methods.5.parameter_annotations.refusals = []
methods.5.parameter_annotations.uses_by_position = []
methods.5.text = "    public static float[] floats() {\n        // @method floats()[F\n        // @declaration a static method of `em24.Numbers`, member flags 0x0009\n        // recovered from bytecode; presentation is not claimed to compile\n        return new float[]{0x1.19999ap-1f, -0x0.000000p-126f, 0x0.000000p-126f / 0x0.000000p-126f, -0x1.000000p0f / 0x0.000000p-126f, 0x1.000000p0f / 0x0.000000p-126f, 0x0.000002p-126f, 0x1.000000p-126f, 0x1.fffffep127f};\n    }\n"
methods.5.type_annotations.attributes = []
methods.5.type_annotations.field_uses = []
methods.5.type_annotations.parameter_uses = []
methods.5.type_annotations.refusals = []
methods.5.type_annotations.return_uses = []
methods.6.annotations.attributes = []
methods.6.annotations.refusals = []
methods.6.annotations.uses = []
methods.6.declaration = "public static double[] doubles()"
methods.6.item.access_flags = 9
methods.6.item.body.content_span.length = 67
methods.6.item.body.content_span.start = 831
methods.6.item.body.kind = "code_attribute"
methods.6.item.descriptor.escaped = "()[D"
methods.6.item.descriptor.raw = [40,41,91,68]
methods.6.item.descriptor.utf16 = [40,41,91,68]
methods.6.item.identity.descriptor = [40,41,91,68]
methods.6.item.identity.name = [100,111,117,98,108,101,115]
methods.6.item.identity.owner.class_bytes.digest = "c2d422b4d64cddfc363652cffb5a02f78b12bb839759f57a8d00622ae54562a5"
methods.6.item.identity.owner.class_bytes.length = 900
methods.6.item.identity.owner.location.entry.ordinal = 2
methods.6.item.identity.owner.location.entry.origin.root_container = "root"
methods.6.item.identity.owner.location.entry.origin.snapshot = "bd399e89dcd78e3102b71a3f4c1107b8e3a7ad5095d4a3b53752b69ba6375cc7"
methods.6.item.identity.owner.location.entry.origin.steps = []
methods.6.item.identity.owner.location.entry.raw_name = [101,109,50,52,47,78,117,109,98,101,114,115,46,99,108,97,115,115]
methods.6.item.identity.owner.location.kind = "archive_entry"
methods.6.item.identity.owner.variant.kind = "base"
methods.6.item.index = 6
methods.6.item.name.escaped = "doubles"
methods.6.item.name.raw = [100,111,117,98,108,101,115]
methods.6.item.name.utf16 = [100,111,117,98,108,101,115]
methods.6.markers = []
methods.6.no_body_kind = null
methods.6.outcome.analysis.diagnostics = 0
methods.6.outcome.analysis.execution.status = "complete"
methods.6.outcome.analysis.execution.usage.analysis_steps = 1096
methods.6.outcome.analysis.execution.usage.archive_entries = 9
methods.6.outcome.analysis.execution.usage.attribute_bytes = 1110
methods.6.outcome.analysis.execution.usage.class_bytes = 1800
methods.6.outcome.analysis.execution.usage.class_headers = 1
methods.6.outcome.analysis.execution.usage.code_bytes = 244
methods.6.outcome.analysis.execution.usage.dependency_depth = 0
methods.6.outcome.analysis.execution.usage.elapsed_millis = 7
methods.6.outcome.analysis.execution.usage.entry_bytes = 900
methods.6.outcome.analysis.execution.usage.input_bytes = 1003
methods.6.outcome.analysis.execution.usage.ir_edges = 174
methods.6.outcome.analysis.execution.usage.ir_items = 3870
methods.6.outcome.analysis.execution.usage.method_bodies = 7
methods.6.outcome.analysis.execution.usage.nested_depth = 0
methods.6.outcome.analysis.execution.usage.normalization_clones = 0
methods.6.outcome.analysis.execution.usage.output_bytes = 1476
methods.6.outcome.analysis.execution.usage.read_bytes = 552
methods.6.outcome.analysis.execution.usage.result_items = 27
methods.6.outcome.kind = "recovered"
methods.6.outcome.report.accessors = []
methods.6.outcome.report.aliased_names = []
methods.6.outcome.report.artifact.agreement.state = "not_stated"
methods.6.outcome.report.artifact.binding.engine = "0.1.0"
methods.6.outcome.report.artifact.binding.environment.content = ["bd399e89dcd78e3102b71a3f4c1107b8e3a7ad5095d4a3b53752b69ba6375cc7"]
methods.6.outcome.report.artifact.binding.environment.domain_loaders = ["app"]
methods.6.outcome.report.artifact.binding.environment.providers = []
methods.6.outcome.report.artifact.binding.environment.runtime.load_domain.delegation.kind = "parent_first"
methods.6.outcome.report.artifact.binding.environment.runtime.load_domain.external_override = "none"
methods.6.outcome.report.artifact.binding.environment.runtime.load_domain.loader = "app"
methods.6.outcome.report.artifact.binding.environment.runtime.load_domain.module_mode.kind = "class_path"
methods.6.outcome.report.artifact.binding.environment.runtime.load_domain.parent_loader = null
methods.6.outcome.report.artifact.binding.environment.runtime.load_domain.roots.0.kind = "container"
methods.6.outcome.report.artifact.binding.environment.runtime.load_domain.roots.0.origin.root_container = "root"
methods.6.outcome.report.artifact.binding.environment.runtime.load_domain.roots.0.origin.snapshot = "bd399e89dcd78e3102b71a3f4c1107b8e3a7ad5095d4a3b53752b69ba6375cc7"
methods.6.outcome.report.artifact.binding.environment.runtime.load_domain.roots.0.origin.steps = []
methods.6.outcome.report.artifact.binding.environment.runtime.load_domain.roots.0.prefix = []
methods.6.outcome.report.artifact.binding.environment.runtime.load_domain.runtime_transformation = "none"
methods.6.outcome.report.artifact.binding.environment.runtime.physical.scope.kind = "snapshot_all"
methods.6.outcome.report.artifact.binding.environment.runtime.physical.snapshot = "bd399e89dcd78e3102b71a3f4c1107b8e3a7ad5095d4a3b53752b69ba6375cc7"
methods.6.outcome.report.artifact.binding.environment.runtime.profile.java_release = 8
methods.6.outcome.report.artifact.binding.environment.runtime.profile.layout.kind = "generic"
methods.6.outcome.report.artifact.binding.environment.runtime.profile.multi_release.kind = "disabled"
methods.6.outcome.report.artifact.binding.member_ordinal = 6
methods.6.outcome.report.artifact.binding.method.descriptor = [40,41,91,68]
methods.6.outcome.report.artifact.binding.method.name = [100,111,117,98,108,101,115]
methods.6.outcome.report.artifact.binding.method.owner.class_bytes.digest = "c2d422b4d64cddfc363652cffb5a02f78b12bb839759f57a8d00622ae54562a5"
methods.6.outcome.report.artifact.binding.method.owner.class_bytes.length = 900
methods.6.outcome.report.artifact.binding.method.owner.location.entry.ordinal = 2
methods.6.outcome.report.artifact.binding.method.owner.location.entry.origin.root_container = "root"
methods.6.outcome.report.artifact.binding.method.owner.location.entry.origin.snapshot = "bd399e89dcd78e3102b71a3f4c1107b8e3a7ad5095d4a3b53752b69ba6375cc7"
methods.6.outcome.report.artifact.binding.method.owner.location.entry.origin.steps = []
methods.6.outcome.report.artifact.binding.method.owner.location.entry.raw_name = [101,109,50,52,47,78,117,109,98,101,114,115,46,99,108,97,115,115]
methods.6.outcome.report.artifact.binding.method.owner.location.kind = "archive_entry"
methods.6.outcome.report.artifact.binding.method.owner.variant.kind = "base"
methods.6.outcome.report.artifact.binding.profile.java_release = 8
methods.6.outcome.report.artifact.binding.profile.layout.kind = "generic"
methods.6.outcome.report.artifact.binding.profile.multi_release.kind = "disabled"
methods.6.outcome.report.artifact.binding.registry = 71
methods.6.outcome.report.artifact.binding.rules = ["straight@1","if@1","loop@1","switch@1","lambda@1","concat@1","bridge@1","accessor@1","new@1","field@1","enumswitch@1","init@1","declaration@1","twr@1","monitor@1","finally@1"]
methods.6.outcome.report.artifact.binding.schema = 1
methods.6.outcome.report.artifact.binding.text_bytes = 469
methods.6.outcome.report.artifact.binding.text_digest = "e25a55b8f99a585029936307774ad534"
methods.6.outcome.report.bridges = []
methods.6.outcome.report.compile_status = "not_attempted"
methods.6.outcome.report.concats = []
methods.6.outcome.report.content = "contains_statements"
methods.6.outcome.report.declaration = null
methods.6.outcome.report.diagnostics.0.code = "jre_recovery_produced"
methods.6.outcome.report.diagnostics.0.message = "1 region(s), 1 statement(s), 16 segment(s), 469 byte(s) written from 1 canonical block(s)"
methods.6.outcome.report.diagnostics.0.provenance = null
methods.6.outcome.report.diagnostics.0.severity = "info"
methods.6.outcome.report.diagnostics.1.code = "jre_declaration"
methods.6.outcome.report.diagnostics.1.message = "the artifact's envelope states the member's declaration under declaration@1: a static method"
methods.6.outcome.report.diagnostics.1.provenance = null
methods.6.outcome.report.diagnostics.1.severity = "info"
methods.6.outcome.report.enum_switches = []
methods.6.outcome.report.evidence.categories.0.kind = "source_map"
methods.6.outcome.report.evidence.categories.0.state.state = "not_requested"
methods.6.outcome.report.evidence.categories.1.kind = "region_details"
methods.6.outcome.report.evidence.categories.1.state.state = "not_requested"
methods.6.outcome.report.evidence.categories.2.kind = "rule_details"
methods.6.outcome.report.evidence.categories.2.state.state = "not_requested"
methods.6.outcome.report.evidence.categories.3.kind = "name_details"
methods.6.outcome.report.evidence.categories.3.state.state = "not_requested"
methods.6.outcome.report.evidence.categories.4.kind = "read_details"
methods.6.outcome.report.evidence.categories.4.state.state = "not_requested"
methods.6.outcome.report.evidence.requested.driver_bci_range = null
methods.6.outcome.report.evidence.requested.expected_artifact = null
methods.6.outcome.report.evidence.requested.kinds = []
methods.6.outcome.report.execution.status = "complete"
methods.6.outcome.report.execution.usage.analysis_steps = 1155
methods.6.outcome.report.execution.usage.archive_entries = 9
methods.6.outcome.report.execution.usage.attribute_bytes = 1110
methods.6.outcome.report.execution.usage.class_bytes = 1800
methods.6.outcome.report.execution.usage.class_headers = 1
methods.6.outcome.report.execution.usage.code_bytes = 244
methods.6.outcome.report.execution.usage.dependency_depth = 0
methods.6.outcome.report.execution.usage.elapsed_millis = 8
methods.6.outcome.report.execution.usage.entry_bytes = 900
methods.6.outcome.report.execution.usage.input_bytes = 1003
methods.6.outcome.report.execution.usage.ir_edges = 174
methods.6.outcome.report.execution.usage.ir_items = 4253
methods.6.outcome.report.execution.usage.method_bodies = 7
methods.6.outcome.report.execution.usage.nested_depth = 0
methods.6.outcome.report.execution.usage.normalization_clones = 0
methods.6.outcome.report.execution.usage.output_bytes = 1945
methods.6.outcome.report.execution.usage.read_bytes = 552
methods.6.outcome.report.execution.usage.result_items = 27
methods.6.outcome.report.fallbacks = []
methods.6.outcome.report.fields = []
methods.6.outcome.report.init = null
methods.6.outcome.report.lambdas = []
methods.6.outcome.report.method = "doubles()[D"
methods.6.outcome.report.news = []
methods.6.outcome.report.outcome = "produced"
methods.6.outcome.report.profile.java_release = 8
methods.6.outcome.report.profile.layout.kind = "generic"
methods.6.outcome.report.profile.multi_release.kind = "disabled"
methods.6.outcome.report.quality = "structured"
methods.6.outcome.report.regions = []
methods.6.outcome.report.representation = "java"
methods.6.outcome.report.rules = []
methods.6.outcome.report.semantic_validation = "unproven"
methods.6.outcome.report.source_map.segments = []
methods.6.outcome.report.syntax_status = "unchecked"
methods.6.outcome.report.text = "// @method doubles()[D\n// @declaration a static method of `em24.Numbers`, member flags 0x0009\n// recovered from bytecode; presentation is not claimed to compile\n{\n    return new double[]{0x1.199999999999ap-1d, -0x0.0000000000000p-1022d, 0x0.0000000000000p-1022d / 0x0.0000000000000p-1022d, -0x1.0000000000000p0d / 0x0.0000000000000p-1022d, 0x1.0000000000000p0d / 0x0.0000000000000p-1022d, 0x0.0000000000001p-1022d, 0x1.0000000000000p-1022d, 0x1.fffffffffffffp1023d};\n}\n"
methods.6.outcome.report.verification = "not_performed"
methods.6.parameter_annotations.attributes = []
methods.6.parameter_annotations.refusals = []
methods.6.parameter_annotations.uses_by_position = []
methods.6.text = "    public static double[] doubles() {\n        // @method doubles()[D\n        // @declaration a static method of `em24.Numbers`, member flags 0x0009\n        // recovered from bytecode; presentation is not claimed to compile\n        return new double[]{0x1.199999999999ap-1d, -0x0.0000000000000p-1022d, 0x0.0000000000000p-1022d / 0x0.0000000000000p-1022d, -0x1.0000000000000p0d / 0x0.0000000000000p-1022d, 0x1.0000000000000p0d / 0x0.0000000000000p-1022d, 0x0.0000000000001p-1022d, 0x1.0000000000000p-1022d, 0x1.fffffffffffffp1023d};\n    }\n"
methods.6.type_annotations.attributes = []
methods.6.type_annotations.field_uses = []
methods.6.type_annotations.parameter_uses = []
methods.6.type_annotations.refusals = []
methods.6.type_annotations.return_uses = []
nested_annotation_family.state = "absent"
nested_enum_family.state = "absent"
outcome = "performed"
stages = ["raw_facts","raw_cfg","legacy_normalization","canonical_cfg","frame","ssa"]
usage.analysis_steps = 1155
usage.archive_entries = 9
usage.attribute_bytes = 1110
usage.class_bytes = 1800
usage.class_headers = 1
usage.code_bytes = 244
usage.dependency_depth = 0
usage.elapsed_millis = 8
usage.entry_bytes = 900
usage.input_bytes = 1003
usage.ir_edges = 174
usage.ir_items = 4253
usage.method_bodies = 7
usage.nested_depth = 0
usage.normalization_clones = 0
usage.output_bytes = 1945
usage.read_bytes = 552
usage.result_items = 28
view.scope.kind = "snapshot_all"
view.snapshot = "bd399e89dcd78e3102b71a3f4c1107b8e3a7ad5095d4a3b53752b69ba6375cc7"
