Classfile /Users/lordcasser/workspace/projects/jarde/openspec/changes/recover-interface-field-initializers/evidence/task-3-1-replay-final/refusal-duplicate-write/BoundaryProbe.class
  Last modified 2026年9月23日; size 626 bytes
  SHA-256 checksum 2c8ce2e3a9fc416b80ef5151ef185b4b55053163c860ca4bba75addcc84e1cd8
public interface BoundaryProbe
  minor version: 0
  major version: 52
  flags: (0x0601) ACC_PUBLIC, ACC_INTERFACE, ACC_ABSTRACT
  this_class: #20                         // BoundaryProbe
  super_class: #42                        // java/lang/Object
  interfaces: 0, fields: 2, methods: 3, attributes: 0
Constant pool:
   #1 = Class              #2             // java/lang/StringBuilder
   #2 = Utf8               java/lang/StringBuilder
   #3 = Methodref          #1.#4          // java/lang/StringBuilder."<init>":()V
   #4 = NameAndType        #5:#6          // "<init>":()V
   #5 = Utf8               <init>
   #6 = Utf8               ()V
   #7 = Fieldref           #8.#9          // BoundaryEffects.trace:Ljava/lang/String;
   #8 = Class              #10            // BoundaryEffects
   #9 = NameAndType        #11:#12        // trace:Ljava/lang/String;
  #10 = Utf8               BoundaryEffects
  #11 = Utf8               trace
  #12 = Utf8               Ljava/lang/String;
  #13 = Methodref          #1.#14         // java/lang/StringBuilder.append:(Ljava/lang/String;)Ljava/lang/StringBuilder;
  #14 = NameAndType        #15:#16        // append:(Ljava/lang/String;)Ljava/lang/StringBuilder;
  #15 = Utf8               append
  #16 = Utf8               (Ljava/lang/String;)Ljava/lang/StringBuilder;
  #17 = String             #18            // |
  #18 = Utf8               |
  #19 = Fieldref           #20.#21        // BoundaryProbe.FIRST:Ljava/lang/String;
  #20 = Class              #22            // BoundaryProbe
  #21 = NameAndType        #23:#12        // FIRST:Ljava/lang/String;
  #22 = Utf8               BoundaryProbe
  #23 = Utf8               FIRST
  #24 = Fieldref           #20.#25        // BoundaryProbe.SECOND:Ljava/lang/String;
  #25 = NameAndType        #26:#12        // SECOND:Ljava/lang/String;
  #26 = Utf8               SECOND
  #27 = Methodref          #1.#28         // java/lang/StringBuilder.toString:()Ljava/lang/String;
  #28 = NameAndType        #29:#30        // toString:()Ljava/lang/String;
  #29 = Utf8               toString
  #30 = Utf8               ()Ljava/lang/String;
  #31 = Methodref          #8.#32         // BoundaryEffects.independent:()V
  #32 = NameAndType        #33:#6         // independent:()V
  #33 = Utf8               independent
  #34 = String             #35            // A
  #35 = Utf8               A
  #36 = Methodref          #8.#37         // BoundaryEffects.next:(Ljava/lang/String;)Ljava/lang/String;
  #37 = NameAndType        #38:#39        // next:(Ljava/lang/String;)Ljava/lang/String;
  #38 = Utf8               next
  #39 = Utf8               (Ljava/lang/String;)Ljava/lang/String;
  #40 = String             #41            // B
  #41 = Utf8               B
  #42 = Class              #43            // java/lang/Object
  #43 = Utf8               java/lang/Object
  #44 = Utf8               observe
  #45 = Utf8               Code
  #46 = Utf8               patchAnchor
  #47 = Utf8               <clinit>
{
  public static final java.lang.String FIRST;
    descriptor: Ljava/lang/String;
    flags: (0x0019) ACC_PUBLIC, ACC_STATIC, ACC_FINAL

  public static final java.lang.String SECOND;
    descriptor: Ljava/lang/String;
    flags: (0x0019) ACC_PUBLIC, ACC_STATIC, ACC_FINAL

  public static java.lang.String observe();
    descriptor: ()Ljava/lang/String;
    flags: (0x0009) ACC_PUBLIC, ACC_STATIC
    Code:
      stack=2, locals=0, args_size=0
         0: new           #1                  // class java/lang/StringBuilder
         3: dup
         4: invokespecial #3                  // Method java/lang/StringBuilder."<init>":()V
         7: getstatic     #7                  // Field BoundaryEffects.trace:Ljava/lang/String;
        10: invokevirtual #13                 // Method java/lang/StringBuilder.append:(Ljava/lang/String;)Ljava/lang/StringBuilder;
        13: ldc           #17                 // String |
        15: invokevirtual #13                 // Method java/lang/StringBuilder.append:(Ljava/lang/String;)Ljava/lang/StringBuilder;
        18: getstatic     #19                 // Field FIRST:Ljava/lang/String;
        21: invokevirtual #13                 // Method java/lang/StringBuilder.append:(Ljava/lang/String;)Ljava/lang/StringBuilder;
        24: ldc           #17                 // String |
        26: invokevirtual #13                 // Method java/lang/StringBuilder.append:(Ljava/lang/String;)Ljava/lang/StringBuilder;
        29: getstatic     #24                 // Field SECOND:Ljava/lang/String;
        32: invokevirtual #13                 // Method java/lang/StringBuilder.append:(Ljava/lang/String;)Ljava/lang/StringBuilder;
        35: invokevirtual #27                 // Method java/lang/StringBuilder.toString:()Ljava/lang/String;
        38: areturn

  public static void patchAnchor();
    descriptor: ()V
    flags: (0x0009) ACC_PUBLIC, ACC_STATIC
    Code:
      stack=0, locals=0, args_size=0
         0: invokestatic  #31                 // Method BoundaryEffects.independent:()V
         3: return

  static {};
    descriptor: ()V
    flags: (0x0008) ACC_STATIC
    Code:
      stack=1, locals=0, args_size=0
         0: ldc           #34                 // String A
         2: invokestatic  #36                 // Method BoundaryEffects.next:(Ljava/lang/String;)Ljava/lang/String;
         5: putstatic     #24                 // Field SECOND:Ljava/lang/String;
         8: ldc           #40                 // String B
        10: invokestatic  #36                 // Method BoundaryEffects.next:(Ljava/lang/String;)Ljava/lang/String;
        13: putstatic     #24                 // Field SECOND:Ljava/lang/String;
        16: return
}
