Classfile jar:file:/Users/lordcasser/workspace/projects/jarde/openspec/evidence/same-class-generic-call-consumers-2026-10-09/frozen-inputs-v1/corretto8/nodebug/EmptySink/EmptySink.jar!/EmptySink.class
  Last modified 2026-10-9; size 262 bytes
  MD5 checksum 3a0c9fd7a8d8f27c72c2cb3bc94d3585
public class EmptySink<T extends java.lang.Object> extends java.lang.Object
  minor version: 0
  major version: 52
  flags: ACC_PUBLIC, ACC_SUPER
Constant pool:
   #1 = Methodref          #3.#12         // java/lang/Object."<init>":()V
   #2 = Class              #13            // EmptySink
   #3 = Class              #14            // java/lang/Object
   #4 = Utf8               <init>
   #5 = Utf8               ()V
   #6 = Utf8               Code
   #7 = Utf8               sink
   #8 = Utf8               (Ljava/lang/Object;)V
   #9 = Utf8               Signature
  #10 = Utf8               (TT;)V
  #11 = Utf8               <T:Ljava/lang/Object;>Ljava/lang/Object;
  #12 = NameAndType        #4:#5          // "<init>":()V
  #13 = Utf8               EmptySink
  #14 = Utf8               java/lang/Object
{
  public EmptySink();
    descriptor: ()V
    flags: ACC_PUBLIC
    Code:
      stack=1, locals=1, args_size=1
         0: aload_0
         1: invokespecial #1                  // Method java/lang/Object."<init>":()V
         4: return

  public void sink(T);
    descriptor: (Ljava/lang/Object;)V
    flags: ACC_PUBLIC
    Code:
      stack=0, locals=2, args_size=2
         0: return
    Signature: #10                          // (TT;)V
}
Signature: #11                          // <T:Ljava/lang/Object;>Ljava/lang/Object;
