bridge_proofs = []
class.class_bytes.digest = "<SHA256>"
class.class_bytes.length = 1356
class.location.entry.ordinal = 5
class.location.entry.origin.root_container = "root"
class.location.entry.origin.snapshot = "<SNAPSHOT>"
class.location.entry.origin.steps = []
class.location.entry.raw_name = [100,101,109,111,47,77,105,120,101,100,82,117,110,110,101,114,46,99,108,97,115,115]
class.location.kind = "archive_entry"
class.variant.kind = "base"
coverage.artifact_structural.scanned.0.end = 12
coverage.artifact_structural.scanned.0.label = "central_directory_entries"
coverage.artifact_structural.scanned.0.start = 0
coverage.artifact_structural.scanned.1.end = 1
coverage.artifact_structural.scanned.1.label = "navigation_candidates"
coverage.artifact_structural.scanned.1.start = 0
coverage.artifact_structural.scanned.2.end = 2
coverage.artifact_structural.scanned.2.label = "class_methods"
coverage.artifact_structural.scanned.2.start = 0
coverage.artifact_structural.scanned.3.end = 2
coverage.artifact_structural.scanned.3.label = "class_source_bodies"
coverage.artifact_structural.scanned.3.start = 0
coverage.artifact_structural.skipped = []
coverage.artifact_structural.state = "complete_within_schema"
coverage.artifact_structural.uninterpreted_extensions = []
coverage.dynamic_analysis.scanned = []
coverage.dynamic_analysis.skipped = []
coverage.dynamic_analysis.state = "not_requested"
coverage.dynamic_analysis.uninterpreted_extensions = []
coverage.runtime_resolution.scanned = []
coverage.runtime_resolution.skipped = []
coverage.runtime_resolution.state = "not_requested"
coverage.runtime_resolution.uninterpreted_extensions = []
declaration.annotation_attributes = []
declaration.annotation_refusals = []
declaration.annotation_uses = []
declaration.declaration = "public class MixedRunner extends java.lang.Object"
declaration.generic_refusal = null
declaration.generic_signature = null
declaration.item.binding.kind = "path_name_agrees"
declaration.item.declaration.access_flags = 33
declaration.item.declaration.interfaces = []
declaration.item.declaration.super_class.escaped = "java/lang/Object"
declaration.item.declaration.super_class.raw = [106,97,118,97,47,108,97,110,103,47,79,98,106,101,99,116]
declaration.item.declaration.super_class.utf16 = [106,97,118,97,47,108,97,110,103,47,79,98,106,101,99,116]
declaration.item.declaration.this_class.escaped = "demo/MixedRunner"
declaration.item.declaration.this_class.raw = [100,101,109,111,47,77,105,120,101,100,82,117,110,110,101,114]
declaration.item.declaration.this_class.utf16 = [100,101,109,111,47,77,105,120,101,100,82,117,110,110,101,114]
declaration.item.definition.class_bytes.digest = "<SHA256>"
declaration.item.definition.class_bytes.length = 1356
declaration.item.definition.location.entry.ordinal = 5
declaration.item.definition.location.entry.origin.root_container = "root"
declaration.item.definition.location.entry.origin.snapshot = "<SNAPSHOT>"
declaration.item.definition.location.entry.origin.steps = []
declaration.item.definition.location.entry.raw_name = [100,101,109,111,47,77,105,120,101,100,82,117,110,110,101,114,46,99,108,97,115,115]
declaration.item.definition.location.kind = "archive_entry"
declaration.item.definition.variant.kind = "base"
declaration.item.member_table = null
declaration.name = "MixedRunner"
diagnostics = []
enum_switch_proofs = []
execution.status = "complete"
execution.usage.analysis_steps = 739
execution.usage.archive_entries = 30
execution.usage.attribute_bytes = 1063
execution.usage.class_bytes = 2712
execution.usage.class_headers = 1
execution.usage.code_bytes = 136
execution.usage.dependency_depth = 0
execution.usage.elapsed_millis = <MEASURED>
execution.usage.entry_bytes = 1356
execution.usage.input_bytes = 6868
execution.usage.ir_edges = 129
execution.usage.ir_items = 2398
execution.usage.method_bodies = 2
execution.usage.nested_depth = 0
execution.usage.normalization_clones = 0
execution.usage.output_bytes = 2246
execution.usage.read_bytes = 773
execution.usage.result_items = 32
fields = []
initializer_proof.kind = "not_applicable"
limits.analysis_steps = 4194304
limits.archive_entries = 65536
limits.attribute_bytes = 67108864
limits.class_bytes = 67108864
limits.class_headers = 4096
limits.code_bytes = 16777216
limits.dependency_depth = 8
limits.elapsed_millis = <MEASURED>
limits.entry_bytes = 67108864
limits.input_bytes = 67108864
limits.ir_edges = 4194304
limits.ir_items = 4194304
limits.method_bodies = 4096
limits.nested_depth = 4
limits.normalization_clones = 1048576
limits.output_bytes = 16777216
limits.read_bytes = 67108864
limits.result_items = 65536
methods.0.annotations.attributes = []
methods.0.annotations.refusals = []
methods.0.annotations.uses = []
methods.0.declaration = "public MixedRunner()"
methods.0.item.access_flags = 1
methods.0.item.body.content_span.length = 47
methods.0.item.body.content_span.start = 995
methods.0.item.body.kind = "code_attribute"
methods.0.item.descriptor.escaped = "()V"
methods.0.item.descriptor.raw = [40,41,86]
methods.0.item.descriptor.utf16 = [40,41,86]
methods.0.item.identity.descriptor = [40,41,86]
methods.0.item.identity.name = [60,105,110,105,116,62]
methods.0.item.identity.owner.class_bytes.digest = "<SHA256>"
methods.0.item.identity.owner.class_bytes.length = 1356
methods.0.item.identity.owner.location.entry.ordinal = 5
methods.0.item.identity.owner.location.entry.origin.root_container = "root"
methods.0.item.identity.owner.location.entry.origin.snapshot = "<SNAPSHOT>"
methods.0.item.identity.owner.location.entry.origin.steps = []
methods.0.item.identity.owner.location.entry.raw_name = [100,101,109,111,47,77,105,120,101,100,82,117,110,110,101,114,46,99,108,97,115,115]
methods.0.item.identity.owner.location.kind = "archive_entry"
methods.0.item.identity.owner.variant.kind = "base"
methods.0.item.index = 0
methods.0.item.name.escaped = "<init>"
methods.0.item.name.raw = [60,105,110,105,116,62]
methods.0.item.name.utf16 = [60,105,110,105,116,62]
methods.0.markers = []
methods.0.no_body_kind = null
methods.0.outcome.analysis.diagnostics = 0
methods.0.outcome.analysis.execution.status = "complete"
methods.0.outcome.analysis.execution.usage.analysis_steps = 21
methods.0.outcome.analysis.execution.usage.archive_entries = 30
methods.0.outcome.analysis.execution.usage.attribute_bytes = 767
methods.0.outcome.analysis.execution.usage.class_bytes = 2712
methods.0.outcome.analysis.execution.usage.class_headers = 1
methods.0.outcome.analysis.execution.usage.code_bytes = 5
methods.0.outcome.analysis.execution.usage.dependency_depth = 0
methods.0.outcome.analysis.execution.usage.elapsed_millis = <MEASURED>
methods.0.outcome.analysis.execution.usage.entry_bytes = 1356
methods.0.outcome.analysis.execution.usage.input_bytes = 6868
methods.0.outcome.analysis.execution.usage.ir_edges = 2
methods.0.outcome.analysis.execution.usage.ir_items = 48
methods.0.outcome.analysis.execution.usage.method_bodies = 1
methods.0.outcome.analysis.execution.usage.nested_depth = 0
methods.0.outcome.analysis.execution.usage.normalization_clones = 0
methods.0.outcome.analysis.execution.usage.output_bytes = 0
methods.0.outcome.analysis.execution.usage.read_bytes = 773
methods.0.outcome.analysis.execution.usage.result_items = 30
methods.0.outcome.kind = "recovered"
methods.0.outcome.report.accessors = []
methods.0.outcome.report.aliased_names = []
methods.0.outcome.report.artifact.agreement.state = "not_stated"
methods.0.outcome.report.artifact.binding.engine = "0.1.0"
methods.0.outcome.report.artifact.binding.environment.content = ["<SHA256>"]
methods.0.outcome.report.artifact.binding.environment.domain_loaders = ["app"]
methods.0.outcome.report.artifact.binding.environment.providers = []
methods.0.outcome.report.artifact.binding.environment.runtime.load_domain.delegation.kind = "parent_first"
methods.0.outcome.report.artifact.binding.environment.runtime.load_domain.external_override = "none"
methods.0.outcome.report.artifact.binding.environment.runtime.load_domain.loader = "app"
methods.0.outcome.report.artifact.binding.environment.runtime.load_domain.module_mode.kind = "class_path"
methods.0.outcome.report.artifact.binding.environment.runtime.load_domain.parent_loader = null
methods.0.outcome.report.artifact.binding.environment.runtime.load_domain.roots.0.kind = "container"
methods.0.outcome.report.artifact.binding.environment.runtime.load_domain.roots.0.origin.root_container = "root"
methods.0.outcome.report.artifact.binding.environment.runtime.load_domain.roots.0.origin.snapshot = "<SNAPSHOT>"
methods.0.outcome.report.artifact.binding.environment.runtime.load_domain.roots.0.origin.steps = []
methods.0.outcome.report.artifact.binding.environment.runtime.load_domain.roots.0.prefix = []
methods.0.outcome.report.artifact.binding.environment.runtime.load_domain.runtime_transformation = "none"
methods.0.outcome.report.artifact.binding.environment.runtime.physical.scope.kind = "snapshot_all"
methods.0.outcome.report.artifact.binding.environment.runtime.physical.snapshot = "<SNAPSHOT>"
methods.0.outcome.report.artifact.binding.environment.runtime.profile.java_release = 8
methods.0.outcome.report.artifact.binding.environment.runtime.profile.layout.kind = "generic"
methods.0.outcome.report.artifact.binding.environment.runtime.profile.multi_release.kind = "disabled"
methods.0.outcome.report.artifact.binding.member_ordinal = 0
methods.0.outcome.report.artifact.binding.method.descriptor = [40,41,86]
methods.0.outcome.report.artifact.binding.method.name = [60,105,110,105,116,62]
methods.0.outcome.report.artifact.binding.method.owner.class_bytes.digest = "<SHA256>"
methods.0.outcome.report.artifact.binding.method.owner.class_bytes.length = 1356
methods.0.outcome.report.artifact.binding.method.owner.location.entry.ordinal = 5
methods.0.outcome.report.artifact.binding.method.owner.location.entry.origin.root_container = "root"
methods.0.outcome.report.artifact.binding.method.owner.location.entry.origin.snapshot = "<SNAPSHOT>"
methods.0.outcome.report.artifact.binding.method.owner.location.entry.origin.steps = []
methods.0.outcome.report.artifact.binding.method.owner.location.entry.raw_name = [100,101,109,111,47,77,105,120,101,100,82,117,110,110,101,114,46,99,108,97,115,115]
methods.0.outcome.report.artifact.binding.method.owner.location.kind = "archive_entry"
methods.0.outcome.report.artifact.binding.method.owner.variant.kind = "base"
methods.0.outcome.report.artifact.binding.profile.java_release = 8
methods.0.outcome.report.artifact.binding.profile.layout.kind = "generic"
methods.0.outcome.report.artifact.binding.profile.multi_release.kind = "disabled"
methods.0.outcome.report.artifact.binding.registry = 71
methods.0.outcome.report.artifact.binding.rules = ["straight@1","if@1","loop@1","switch@1","lambda@1","concat@1","bridge@1","accessor@1","new@1","field@1","enumswitch@1","init@1","declaration@1","twr@1","monitor@1","finally@1"]
methods.0.outcome.report.artifact.binding.schema = 1
methods.0.outcome.report.artifact.binding.text_bytes = 190
methods.0.outcome.report.artifact.binding.text_digest = "a1324d4a12cd92f453f67531a1a2e8d4"
methods.0.outcome.report.bridges = []
methods.0.outcome.report.compile_status = "not_attempted"
methods.0.outcome.report.concats = []
methods.0.outcome.report.content = "contains_statements"
methods.0.outcome.report.declaration = null
methods.0.outcome.report.diagnostics.0.code = "jre_recovery_produced"
methods.0.outcome.report.diagnostics.0.message = "1 region(s), 2 statement(s), 2 segment(s), 190 byte(s) written from 1 canonical block(s)"
methods.0.outcome.report.diagnostics.0.provenance = null
methods.0.outcome.report.diagnostics.0.severity = "info"
methods.0.outcome.report.diagnostics.1.code = "jre_constructor_prologue"
methods.0.outcome.report.diagnostics.1.message = "the body is an instance initializer and its prologue is written under init@1 as `super`: the call at BCI 1 names `java/lang/Object`, and the class that declares this constructor is `demo/MixedRunner`"
methods.0.outcome.report.diagnostics.1.provenance = null
methods.0.outcome.report.diagnostics.1.severity = "info"
methods.0.outcome.report.diagnostics.2.code = "jre_declaration"
methods.0.outcome.report.diagnostics.2.message = "the artifact's envelope states the member's declaration under declaration@1: a constructor"
methods.0.outcome.report.diagnostics.2.provenance = null
methods.0.outcome.report.diagnostics.2.severity = "info"
methods.0.outcome.report.enum_switches = []
methods.0.outcome.report.evidence.categories.0.kind = "source_map"
methods.0.outcome.report.evidence.categories.0.state.state = "not_requested"
methods.0.outcome.report.evidence.categories.1.kind = "region_details"
methods.0.outcome.report.evidence.categories.1.state.state = "not_requested"
methods.0.outcome.report.evidence.categories.2.kind = "rule_details"
methods.0.outcome.report.evidence.categories.2.state.state = "not_requested"
methods.0.outcome.report.evidence.categories.3.kind = "name_details"
methods.0.outcome.report.evidence.categories.3.state.state = "not_requested"
methods.0.outcome.report.evidence.categories.4.kind = "read_details"
methods.0.outcome.report.evidence.categories.4.state.state = "not_requested"
methods.0.outcome.report.evidence.requested.driver_bci_range = null
methods.0.outcome.report.evidence.requested.expected_artifact = null
methods.0.outcome.report.evidence.requested.kinds = []
methods.0.outcome.report.execution.status = "complete"
methods.0.outcome.report.execution.usage.analysis_steps = 30
methods.0.outcome.report.execution.usage.archive_entries = 30
methods.0.outcome.report.execution.usage.attribute_bytes = 767
methods.0.outcome.report.execution.usage.class_bytes = 2712
methods.0.outcome.report.execution.usage.class_headers = 1
methods.0.outcome.report.execution.usage.code_bytes = 5
methods.0.outcome.report.execution.usage.dependency_depth = 0
methods.0.outcome.report.execution.usage.elapsed_millis = <MEASURED>
methods.0.outcome.report.execution.usage.entry_bytes = 1356
methods.0.outcome.report.execution.usage.input_bytes = 6868
methods.0.outcome.report.execution.usage.ir_edges = 2
methods.0.outcome.report.execution.usage.ir_items = 63
methods.0.outcome.report.execution.usage.method_bodies = 1
methods.0.outcome.report.execution.usage.nested_depth = 0
methods.0.outcome.report.execution.usage.normalization_clones = 0
methods.0.outcome.report.execution.usage.output_bytes = 190
methods.0.outcome.report.execution.usage.read_bytes = 773
methods.0.outcome.report.execution.usage.result_items = 30
methods.0.outcome.report.fallbacks = []
methods.0.outcome.report.fields = []
methods.0.outcome.report.init = null
methods.0.outcome.report.lambdas = []
methods.0.outcome.report.method = "<init>()V"
methods.0.outcome.report.news = []
methods.0.outcome.report.outcome = "produced"
methods.0.outcome.report.profile.java_release = 8
methods.0.outcome.report.profile.layout.kind = "generic"
methods.0.outcome.report.profile.multi_release.kind = "disabled"
methods.0.outcome.report.quality = "structured"
methods.0.outcome.report.regions = []
methods.0.outcome.report.representation = "java"
methods.0.outcome.report.rules = []
methods.0.outcome.report.semantic_validation = "unproven"
methods.0.outcome.report.source_map.segments = []
methods.0.outcome.report.syntax_status = "unchecked"
methods.0.outcome.report.text = "// @method <init>()V\n// @declaration a constructor of `demo.MixedRunner`, member flags 0x0001\n// recovered from bytecode; presentation is not claimed to compile\n{\n    super();\n    return;\n}\n"
methods.0.outcome.report.verification = "not_performed"
methods.0.parameter_annotations.attributes = []
methods.0.parameter_annotations.refusals = []
methods.0.parameter_annotations.uses_by_position = []
methods.0.text = "    public MixedRunner() {\n        // @method <init>()V\n        // @declaration a constructor of `demo.MixedRunner`, member flags 0x0001\n        // recovered from bytecode; presentation is not claimed to compile\n        super();\n        return;\n    }\n"
methods.0.type_annotations.attributes = []
methods.0.type_annotations.field_uses = []
methods.0.type_annotations.parameter_uses = []
methods.0.type_annotations.refusals = []
methods.0.type_annotations.return_uses = []
methods.1.annotations.attributes = []
methods.1.annotations.refusals = []
methods.1.annotations.uses = []
methods.1.declaration = "public static void main(java.lang.String[] args)"
methods.1.item.access_flags = 9
methods.1.item.body.content_span.length = 290
methods.1.item.body.content_span.start = 1056
methods.1.item.body.kind = "code_attribute"
methods.1.item.descriptor.escaped = "([Ljava/lang/String;)V"
methods.1.item.descriptor.raw = [40,91,76,106,97,118,97,47,108,97,110,103,47,83,116,114,105,110,103,59,41,86]
methods.1.item.descriptor.utf16 = [40,91,76,106,97,118,97,47,108,97,110,103,47,83,116,114,105,110,103,59,41,86]
methods.1.item.identity.descriptor = [40,91,76,106,97,118,97,47,108,97,110,103,47,83,116,114,105,110,103,59,41,86]
methods.1.item.identity.name = [109,97,105,110]
methods.1.item.identity.owner.class_bytes.digest = "<SHA256>"
methods.1.item.identity.owner.class_bytes.length = 1356
methods.1.item.identity.owner.location.entry.ordinal = 5
methods.1.item.identity.owner.location.entry.origin.root_container = "root"
methods.1.item.identity.owner.location.entry.origin.snapshot = "<SNAPSHOT>"
methods.1.item.identity.owner.location.entry.origin.steps = []
methods.1.item.identity.owner.location.entry.raw_name = [100,101,109,111,47,77,105,120,101,100,82,117,110,110,101,114,46,99,108,97,115,115]
methods.1.item.identity.owner.location.kind = "archive_entry"
methods.1.item.identity.owner.variant.kind = "base"
methods.1.item.index = 1
methods.1.item.name.escaped = "main"
methods.1.item.name.raw = [109,97,105,110]
methods.1.item.name.utf16 = [109,97,105,110]
methods.1.markers = []
methods.1.no_body_kind = null
methods.1.outcome.analysis.diagnostics = 0
methods.1.outcome.analysis.execution.status = "complete"
methods.1.outcome.analysis.execution.usage.analysis_steps = 387
methods.1.outcome.analysis.execution.usage.archive_entries = 30
methods.1.outcome.analysis.execution.usage.attribute_bytes = 1063
methods.1.outcome.analysis.execution.usage.class_bytes = 2712
methods.1.outcome.analysis.execution.usage.class_headers = 1
methods.1.outcome.analysis.execution.usage.code_bytes = 136
methods.1.outcome.analysis.execution.usage.dependency_depth = 0
methods.1.outcome.analysis.execution.usage.elapsed_millis = <MEASURED>
methods.1.outcome.analysis.execution.usage.entry_bytes = 1356
methods.1.outcome.analysis.execution.usage.input_bytes = 6868
methods.1.outcome.analysis.execution.usage.ir_edges = 121
methods.1.outcome.analysis.execution.usage.ir_items = 1376
methods.1.outcome.analysis.execution.usage.method_bodies = 2
methods.1.outcome.analysis.execution.usage.nested_depth = 0
methods.1.outcome.analysis.execution.usage.normalization_clones = 0
methods.1.outcome.analysis.execution.usage.output_bytes = 190
methods.1.outcome.analysis.execution.usage.read_bytes = 773
methods.1.outcome.analysis.execution.usage.result_items = 31
methods.1.outcome.kind = "recovered"
methods.1.outcome.report.accessors = []
methods.1.outcome.report.aliased_names = []
methods.1.outcome.report.artifact.agreement.state = "not_stated"
methods.1.outcome.report.artifact.binding.engine = "0.1.0"
methods.1.outcome.report.artifact.binding.environment.content = ["<SHA256>"]
methods.1.outcome.report.artifact.binding.environment.domain_loaders = ["app"]
methods.1.outcome.report.artifact.binding.environment.providers = []
methods.1.outcome.report.artifact.binding.environment.runtime.load_domain.delegation.kind = "parent_first"
methods.1.outcome.report.artifact.binding.environment.runtime.load_domain.external_override = "none"
methods.1.outcome.report.artifact.binding.environment.runtime.load_domain.loader = "app"
methods.1.outcome.report.artifact.binding.environment.runtime.load_domain.module_mode.kind = "class_path"
methods.1.outcome.report.artifact.binding.environment.runtime.load_domain.parent_loader = null
methods.1.outcome.report.artifact.binding.environment.runtime.load_domain.roots.0.kind = "container"
methods.1.outcome.report.artifact.binding.environment.runtime.load_domain.roots.0.origin.root_container = "root"
methods.1.outcome.report.artifact.binding.environment.runtime.load_domain.roots.0.origin.snapshot = "<SNAPSHOT>"
methods.1.outcome.report.artifact.binding.environment.runtime.load_domain.roots.0.origin.steps = []
methods.1.outcome.report.artifact.binding.environment.runtime.load_domain.roots.0.prefix = []
methods.1.outcome.report.artifact.binding.environment.runtime.load_domain.runtime_transformation = "none"
methods.1.outcome.report.artifact.binding.environment.runtime.physical.scope.kind = "snapshot_all"
methods.1.outcome.report.artifact.binding.environment.runtime.physical.snapshot = "<SNAPSHOT>"
methods.1.outcome.report.artifact.binding.environment.runtime.profile.java_release = 8
methods.1.outcome.report.artifact.binding.environment.runtime.profile.layout.kind = "generic"
methods.1.outcome.report.artifact.binding.environment.runtime.profile.multi_release.kind = "disabled"
methods.1.outcome.report.artifact.binding.member_ordinal = 1
methods.1.outcome.report.artifact.binding.method.descriptor = [40,91,76,106,97,118,97,47,108,97,110,103,47,83,116,114,105,110,103,59,41,86]
methods.1.outcome.report.artifact.binding.method.name = [109,97,105,110]
methods.1.outcome.report.artifact.binding.method.owner.class_bytes.digest = "<SHA256>"
methods.1.outcome.report.artifact.binding.method.owner.class_bytes.length = 1356
methods.1.outcome.report.artifact.binding.method.owner.location.entry.ordinal = 5
methods.1.outcome.report.artifact.binding.method.owner.location.entry.origin.root_container = "root"
methods.1.outcome.report.artifact.binding.method.owner.location.entry.origin.snapshot = "<SNAPSHOT>"
methods.1.outcome.report.artifact.binding.method.owner.location.entry.origin.steps = []
methods.1.outcome.report.artifact.binding.method.owner.location.entry.raw_name = [100,101,109,111,47,77,105,120,101,100,82,117,110,110,101,114,46,99,108,97,115,115]
methods.1.outcome.report.artifact.binding.method.owner.location.kind = "archive_entry"
methods.1.outcome.report.artifact.binding.method.owner.variant.kind = "base"
methods.1.outcome.report.artifact.binding.profile.java_release = 8
methods.1.outcome.report.artifact.binding.profile.layout.kind = "generic"
methods.1.outcome.report.artifact.binding.profile.multi_release.kind = "disabled"
methods.1.outcome.report.artifact.binding.registry = 71
methods.1.outcome.report.artifact.binding.rules = ["straight@1","if@1","loop@1","switch@1","lambda@1","concat@1","bridge@1","accessor@1","new@1","field@1","enumswitch@1","init@1","declaration@1","twr@1","monitor@1","finally@1"]
methods.1.outcome.report.artifact.binding.schema = 1
methods.1.outcome.report.artifact.binding.text_bytes = 2056
methods.1.outcome.report.artifact.binding.text_digest = "ac80ea17a4d81cef89fda41c8fa5dd9f"
methods.1.outcome.report.bridges = []
methods.1.outcome.report.compile_status = "not_attempted"
methods.1.outcome.report.concats = []
methods.1.outcome.report.content = "contains_statements"
methods.1.outcome.report.declaration = null
methods.1.outcome.report.diagnostics.0.code = "jre_recovery_produced"
methods.1.outcome.report.diagnostics.0.message = "3 region(s), 23 statement(s), 37 segment(s), 2056 byte(s) written from 7 canonical block(s)"
methods.1.outcome.report.diagnostics.0.provenance = null
methods.1.outcome.report.diagnostics.0.severity = "info"
methods.1.outcome.report.diagnostics.1.code = "jre_concat_split"
methods.1.outcome.report.diagnostics.1.message = "the concatenation at BCI 22 was not presented: the concatenation that starts at BCI 22 ends in the `toString` at BCI 118, which is in another block: a branch cuts the chain in two, and the value it builds is not the value of one expression"
methods.1.outcome.report.diagnostics.1.provenance = null
methods.1.outcome.report.diagnostics.1.severity = "warning"
methods.1.outcome.report.diagnostics.2.code = "jre_concat_chains"
methods.1.outcome.report.diagnostics.2.message = "1 concatenation candidate(s) read under concat@1: 0 presented, 1 refused"
methods.1.outcome.report.diagnostics.2.provenance = null
methods.1.outcome.report.diagnostics.2.severity = "info"
methods.1.outcome.report.diagnostics.3.code = "jre_new_sites"
methods.1.outcome.report.diagnostics.3.message = "1 construction candidate(s) read under new@1: 1 presented as `new`, 0 refused"
methods.1.outcome.report.diagnostics.3.provenance = null
methods.1.outcome.report.diagnostics.3.severity = "info"
methods.1.outcome.report.diagnostics.4.code = "jre_field_not_emitted"
methods.1.outcome.report.diagnostics.4.message = "the field access at BCI 19 passed field identity proof, but no matching Java field operation was emitted by the final body"
methods.1.outcome.report.diagnostics.4.provenance = null
methods.1.outcome.report.diagnostics.4.severity = "warning"
methods.1.outcome.report.diagnostics.5.code = "jre_field_accesses"
methods.1.outcome.report.diagnostics.5.message = "1 field instruction(s) read under field@1: 0 presented, 1 refused"
methods.1.outcome.report.diagnostics.5.provenance = null
methods.1.outcome.report.diagnostics.5.severity = "info"
methods.1.outcome.report.diagnostics.6.code = "jre_declaration"
methods.1.outcome.report.diagnostics.6.message = "the artifact's envelope states the member's declaration under declaration@1: a static method"
methods.1.outcome.report.diagnostics.6.provenance = null
methods.1.outcome.report.diagnostics.6.severity = "info"
methods.1.outcome.report.enum_switches = []
methods.1.outcome.report.evidence.categories.0.kind = "source_map"
methods.1.outcome.report.evidence.categories.0.state.state = "not_requested"
methods.1.outcome.report.evidence.categories.1.kind = "region_details"
methods.1.outcome.report.evidence.categories.1.state.state = "not_requested"
methods.1.outcome.report.evidence.categories.2.kind = "rule_details"
methods.1.outcome.report.evidence.categories.2.state.state = "not_requested"
methods.1.outcome.report.evidence.categories.3.kind = "name_details"
methods.1.outcome.report.evidence.categories.3.state.state = "not_requested"
methods.1.outcome.report.evidence.categories.4.kind = "read_details"
methods.1.outcome.report.evidence.categories.4.state.state = "not_requested"
methods.1.outcome.report.evidence.requested.driver_bci_range = null
methods.1.outcome.report.evidence.requested.expected_artifact = null
methods.1.outcome.report.evidence.requested.kinds = []
methods.1.outcome.report.execution.status = "complete"
methods.1.outcome.report.execution.usage.analysis_steps = 739
methods.1.outcome.report.execution.usage.archive_entries = 30
methods.1.outcome.report.execution.usage.attribute_bytes = 1063
methods.1.outcome.report.execution.usage.class_bytes = 2712
methods.1.outcome.report.execution.usage.class_headers = 1
methods.1.outcome.report.execution.usage.code_bytes = 136
methods.1.outcome.report.execution.usage.dependency_depth = 0
methods.1.outcome.report.execution.usage.elapsed_millis = <MEASURED>
methods.1.outcome.report.execution.usage.entry_bytes = 1356
methods.1.outcome.report.execution.usage.input_bytes = 6868
methods.1.outcome.report.execution.usage.ir_edges = 129
methods.1.outcome.report.execution.usage.ir_items = 2398
methods.1.outcome.report.execution.usage.method_bodies = 2
methods.1.outcome.report.execution.usage.nested_depth = 0
methods.1.outcome.report.execution.usage.normalization_clones = 0
methods.1.outcome.report.execution.usage.output_bytes = 2246
methods.1.outcome.report.execution.usage.read_bytes = 773
methods.1.outcome.report.execution.usage.result_items = 31
methods.1.outcome.report.fallbacks = []
methods.1.outcome.report.fields = []
methods.1.outcome.report.init = null
methods.1.outcome.report.lambdas = []
methods.1.outcome.report.method = "main([Ljava/lang/String;)V"
methods.1.outcome.report.news = []
methods.1.outcome.report.outcome = "produced"
methods.1.outcome.report.profile.java_release = 8
methods.1.outcome.report.profile.layout.kind = "generic"
methods.1.outcome.report.profile.multi_release.kind = "disabled"
methods.1.outcome.report.quality = "fallback"
methods.1.outcome.report.regions = []
methods.1.outcome.report.representation = "mixed"
methods.1.outcome.report.rules = []
methods.1.outcome.report.semantic_validation = "unproven"
methods.1.outcome.report.source_map.segments = []
methods.1.outcome.report.syntax_status = "not_java"
methods.1.outcome.report.text = "// @method main([Ljava/lang/String;)V\n// @declaration a static method of `demo.MixedRunner`, member flags 0x0009\n// recovered from bytecode; presentation is not claimed to compile\n{\n    demo.Mixed[] local1;\n    int local2;\n    int local3;\n    local1 = demo.Mixed.values();\n    local2 = local1.length;\n    local3 = 0;\n    Object value;\n    while (local3 < local2) {\n        value = local1[local3];\n        // @bytecode 19\n        // the saved producer at BCI 19 has 3 consumers, so one local binding cannot prove its execution count\n        // @bytecode 22 25 26\n        // the saved producer at BCI 26 has no bounded final expression consumer\n        // @bytecode 29 31\n        // the saved producer at BCI 31 has no bounded final expression consumer\n        // @bytecode 22 25 26 29 31 34\n        // the saved producer at BCI 34 has no bounded final expression consumer\n        // @bytecode 22 25 26 29 31 34 39\n        // the saved producer at BCI 39 has no bounded final expression consumer\n        // @bytecode 42 44\n        // the saved producer at BCI 44 has no bounded final expression consumer\n        // @bytecode 22 25 26 29 31 34 39 42 44 47\n        // the saved producer at BCI 47 has no bounded final expression consumer\n        // @bytecode 22 25 26 29 31 34 39 42 44 47 52\n        // the saved producer at BCI 52 has no bounded final expression consumer\n        // @bytecode 55 57\n        // the saved producer at BCI 57 has no bounded final expression consumer\n        // @bytecode 22 25 26 29 31 34 39 42 44 47 52 55 57 60\n        // the saved producer at BCI 60 has no bounded final expression consumer\n        // @bytecode 22 25 26 29 31 34 39 42 44 47 52 55 57 60 65\n        // the saved producer at BCI 65 has 3 consumers, so one local binding cannot prove its execution count\n        // @bytecode 121 19 118 115 104 99 88 83 65 60 52 47 39 34 26 22 25 31 44 57 96 93 112 109 29 42 55 91 107\n        // the value at BCI 121 was produced by a saved declaration this run could not commit\n        local3 = local3 + 1;\n    }\n    return;\n}\n"
methods.1.outcome.report.verification = "not_performed"
methods.1.parameter_annotations.attributes = []
methods.1.parameter_annotations.refusals = []
methods.1.parameter_annotations.uses_by_position = [[]]
methods.1.text = "    public static void main(java.lang.String[] args) {\n        // @method main([Ljava/lang/String;)V\n        // @declaration a static method of `demo.MixedRunner`, member flags 0x0009\n        // recovered from bytecode; presentation is not claimed to compile\n        demo.Mixed[] local1;\n        int local2;\n        int local3;\n        local1 = demo.Mixed.values();\n        local2 = local1.length;\n        local3 = 0;\n        Object value;\n        while (local3 < local2) {\n            value = local1[local3];\n            // @bytecode 19\n            // the saved producer at BCI 19 has 3 consumers, so one local binding cannot prove its execution count\n            // @bytecode 22 25 26\n            // the saved producer at BCI 26 has no bounded final expression consumer\n            // @bytecode 29 31\n            // the saved producer at BCI 31 has no bounded final expression consumer\n            // @bytecode 22 25 26 29 31 34\n            // the saved producer at BCI 34 has no bounded final expression consumer\n            // @bytecode 22 25 26 29 31 34 39\n            // the saved producer at BCI 39 has no bounded final expression consumer\n            // @bytecode 42 44\n            // the saved producer at BCI 44 has no bounded final expression consumer\n            // @bytecode 22 25 26 29 31 34 39 42 44 47\n            // the saved producer at BCI 47 has no bounded final expression consumer\n            // @bytecode 22 25 26 29 31 34 39 42 44 47 52\n            // the saved producer at BCI 52 has no bounded final expression consumer\n            // @bytecode 55 57\n            // the saved producer at BCI 57 has no bounded final expression consumer\n            // @bytecode 22 25 26 29 31 34 39 42 44 47 52 55 57 60\n            // the saved producer at BCI 60 has no bounded final expression consumer\n            // @bytecode 22 25 26 29 31 34 39 42 44 47 52 55 57 60 65\n            // the saved producer at BCI 65 has 3 consumers, so one local binding cannot prove its execution count\n            // @bytecode 121 19 118 115 104 99 88 83 65 60 52 47 39 34 26 22 25 31 44 57 96 93 112 109 29 42 55 91 107\n            // the value at BCI 121 was produced by a saved declaration this run could not commit\n            local3 = local3 + 1;\n        }\n        return;\n    }\n"
methods.1.type_annotations.attributes = []
methods.1.type_annotations.field_uses = []
methods.1.type_annotations.parameter_uses = [[]]
methods.1.type_annotations.refusals = []
methods.1.type_annotations.return_uses = []
outcome = "performed"
stages = ["raw_facts","raw_cfg","legacy_normalization","canonical_cfg","frame","ssa"]
usage.analysis_steps = 739
usage.archive_entries = 30
usage.attribute_bytes = 1063
usage.class_bytes = 2712
usage.class_headers = 1
usage.code_bytes = 136
usage.dependency_depth = 0
usage.elapsed_millis = <MEASURED>
usage.entry_bytes = 1356
usage.input_bytes = 6868
usage.ir_edges = 129
usage.ir_items = 2398
usage.method_bodies = 2
usage.nested_depth = 0
usage.normalization_clones = 0
usage.output_bytes = 2246
usage.read_bytes = 773
usage.result_items = 32
view.scope.kind = "snapshot_all"
view.snapshot = "<SNAPSHOT>"
exit=0
