   Compiling jarde-java v0.1.0 (/Users/lordcasser/workspace/projects/jarde/crates/jarde-java)
   Compiling jarde v0.1.0 (/Users/lordcasser/workspace/projects/jarde)
    Finished `test` profile [unoptimized + debuginfo] target(s) in 25.58s
     Running tests/same_class_generic_call_consumers.rs (target/debug/deps/same_class_generic_call_consumers-1d910b4666582669)

running 1 test
test direct_generic_calls_publish_only_closed_parameterized_headers ... generic-call component members=[PhysicalMethodId { owner: PhysicalDefinitionId { location: StandaloneRoot { snapshot: SnapshotId("c59a4a60a15f9ec7e7d3317974614ab72fd7ba772586827da484d6e2f82cea2f") }, class_bytes: ClassBytesId { digest: Digest("c59a4a60a15f9ec7e7d3317974614ab72fd7ba772586827da484d6e2f82cea2f"), length: 344 }, variant: Base }, name: JvmBytes([105, 100, 101, 110, 116, 105, 116, 121]), descriptor: JvmBytes([40, 76, 106, 97, 118, 97, 47, 108, 97, 110, 103, 47, 79, 98, 106, 101, 99, 116, 59, 41, 76, 106, 97, 118, 97, 47, 108, 97, 110, 103, 47, 79, 98, 106, 101, 99, 116, 59]) }, PhysicalMethodId { owner: PhysicalDefinitionId { location: StandaloneRoot { snapshot: SnapshotId("c59a4a60a15f9ec7e7d3317974614ab72fd7ba772586827da484d6e2f82cea2f") }, class_bytes: ClassBytesId { digest: Digest("c59a4a60a15f9ec7e7d3317974614ab72fd7ba772586827da484d6e2f82cea2f"), length: 344 }, variant: Base }, name: JvmBytes([114, 101, 108, 97, 121]), descriptor: JvmBytes([40, 76, 106, 97, 118, 97, 47, 108, 97, 110, 103, 47, 79, 98, 106, 101, 99, 116, 59, 41, 76, 106, 97, 118, 97, 47, 108, 97, 110, 103, 47, 79, 98, 106, 101, 99, 116, 59]) }] order=Some([1, 2])
generic-call stage member=PhysicalMethodId { owner: PhysicalDefinitionId { location: StandaloneRoot { snapshot: SnapshotId("c59a4a60a15f9ec7e7d3317974614ab72fd7ba772586827da484d6e2f82cea2f") }, class_bytes: ClassBytesId { digest: Digest("c59a4a60a15f9ec7e7d3317974614ab72fd7ba772586827da484d6e2f82cea2f"), length: 344 }, variant: Base }, name: JvmBytes([105, 100, 101, 110, 116, 105, 116, 121]), descriptor: JvmBytes([40, 76, 106, 97, 118, 97, 47, 108, 97, 110, 103, 47, 79, 98, 106, 101, 99, 116, 59, 41, 76, 106, 97, 118, 97, 47, 108, 97, 110, 103, 47, 79, 98, 106, 101, 99, 116, 59]) } original_projected=true
generic-call invoke census caller=PhysicalMethodId { owner: PhysicalDefinitionId { location: StandaloneRoot { snapshot: SnapshotId("c59a4a60a15f9ec7e7d3317974614ab72fd7ba772586827da484d6e2f82cea2f") }, class_bytes: ClassBytesId { digest: Digest("c59a4a60a15f9ec7e7d3317974614ab72fd7ba772586827da484d6e2f82cea2f"), length: 344 }, variant: Base }, name: JvmBytes([105, 100, 101, 110, 116, 105, 116, 121]), descriptor: JvmBytes([40, 76, 106, 97, 118, 97, 47, 108, 97, 110, 103, 47, 79, 98, 106, 101, 99, 116, 59, 41, 76, 106, 97, 118, 97, 47, 108, 97, 110, 103, 47, 79, 98, 106, 101, 99, 116, 59]) }: []
generic-call body proof member=PhysicalMethodId { owner: PhysicalDefinitionId { location: StandaloneRoot { snapshot: SnapshotId("c59a4a60a15f9ec7e7d3317974614ab72fd7ba772586827da484d6e2f82cea2f") }, class_bytes: ClassBytesId { digest: Digest("c59a4a60a15f9ec7e7d3317974614ab72fd7ba772586827da484d6e2f82cea2f"), length: 344 }, variant: Base }, name: JvmBytes([105, 100, 101, 110, 116, 105, 116, 121]), descriptor: JvmBytes([40, 76, 106, 97, 118, 97, 47, 108, 97, 110, 103, 47, 79, 98, 106, 101, 99, 116, 59, 41, 76, 106, 97, 118, 97, 47, 108, 97, 110, 103, 47, 79, 98, 106, 101, 99, 116, 59]) } result=Some(SameClassGenericMethodBodyProof { method: PhysicalMethodId { owner: PhysicalDefinitionId { location: StandaloneRoot { snapshot: SnapshotId("c59a4a60a15f9ec7e7d3317974614ab72fd7ba772586827da484d6e2f82cea2f") }, class_bytes: ClassBytesId { digest: Digest("c59a4a60a15f9ec7e7d3317974614ab72fd7ba772586827da484d6e2f82cea2f"), length: 344 }, variant: Base }, name: JvmBytes([105, 100, 101, 110, 116, 105, 116, 121]), descriptor: JvmBytes([40, 76, 106, 97, 118, 97, 47, 108, 97, 110, 103, 47, 79, 98, 106, 101, 99, 116, 59, 41, 76, 106, 97, 118, 97, 47, 108, 97, 110, 103, 47, 79, 98, 106, 101, 99, 116, 59]) }, formal_names: [(1, "arg1")], return_sources: [Parameter { slot: 1 }], condition_slots: [], throw_sites: [], field_write_sites: [], constructor_call_bci: None })
generic-call projection member=PhysicalMethodId { owner: PhysicalDefinitionId { location: StandaloneRoot { snapshot: SnapshotId("c59a4a60a15f9ec7e7d3317974614ab72fd7ba772586827da484d6e2f82cea2f") }, class_bytes: ClassBytesId { digest: Digest("c59a4a60a15f9ec7e7d3317974614ab72fd7ba772586827da484d6e2f82cea2f"), length: 344 }, variant: Base }, name: JvmBytes([105, 100, 101, 110, 116, 105, 116, 121]), descriptor: JvmBytes([40, 76, 106, 97, 118, 97, 47, 108, 97, 110, 103, 47, 79, 98, 106, 101, 99, 116, 59, 41, 76, 106, 97, 118, 97, 47, 108, 97, 110, 103, 47, 79, 98, 106, 101, 99, 116, 59]) } result=Settled projected=false body-proof=Some(SameClassGenericMethodBodyProof { method: PhysicalMethodId { owner: PhysicalDefinitionId { location: StandaloneRoot { snapshot: SnapshotId("c59a4a60a15f9ec7e7d3317974614ab72fd7ba772586827da484d6e2f82cea2f") }, class_bytes: ClassBytesId { digest: Digest("c59a4a60a15f9ec7e7d3317974614ab72fd7ba772586827da484d6e2f82cea2f"), length: 344 }, variant: Base }, name: JvmBytes([105, 100, 101, 110, 116, 105, 116, 121]), descriptor: JvmBytes([40, 76, 106, 97, 118, 97, 47, 108, 97, 110, 103, 47, 79, 98, 106, 101, 99, 116, 59, 41, 76, 106, 97, 118, 97, 47, 108, 97, 110, 103, 47, 79, 98, 106, 101, 99, 116, 59]) }, formal_names: [(1, "arg1")], return_sources: [Parameter { slot: 1 }], condition_slots: [], throw_sites: [], field_write_sites: [], constructor_call_bci: None })

thread 'direct_generic_calls_publish_only_closed_parameterized_headers' (3856824) panicked at tests/same_class_generic_call_consumers.rs:155:13:
CallRelay did not publish `public T identity(T arg1)`:
// jarde: presentation of `CallRelay` from the class file's own declaration and one recovery run per member.
// jarde: not a compilable project: no imports and no resources are claimed (the `package` line is the class file's own name, not a claim about a directory); every place this text is not a full recovery carries a marker of this prefix.
// jarde: class Signature `<T:Ljava/lang/Object;>Ljava/lang/Object;` projected after physical parent erasure proof
public class CallRelay<T> extends java.lang.Object {
    public CallRelay() {
        // @method <init>()V
        // @declaration a constructor of `CallRelay`, member flags 0x0001
        // recovered from bytecode; presentation is not claimed to compile
        super();
        return;
    }

    // jarde: generic Signature projection refused for `identity(Ljava/lang/Object;)Ljava/lang/Object;`: same-class generic call dependency did not close over every incoming use
    public java.lang.Object identity(java.lang.Object arg1) {
        // @method identity(Ljava/lang/Object;)Ljava/lang/Object;
        // @declaration an instance method of `CallRelay`, member flags 0x0001
        // recovered from bytecode; presentation is not claimed to compile
        return arg1;
    }

    // jarde: generic Signature projection refused for `relay(Ljava/lang/Object;)Ljava/lang/Object;`: same-class generic call dependency did not close over every incoming use
    public java.lang.Object relay(java.lang.Object arg1) {
        // @method relay(Ljava/lang/Object;)Ljava/lang/Object;
        // @declaration an instance method of `CallRelay`, member flags 0x0001
        // recovered from bytecode; presentation is not claimed to compile
        return this.identity(arg1);
    }
}

note: run with `RUST_BACKTRACE=1` environment variable to display a backtrace
FAILED

failures:

failures:
    direct_generic_calls_publish_only_closed_parameterized_headers

test result: FAILED. 0 passed; 1 failed; 0 ignored; 0 measured; 4 filtered out; finished in 0.31s

error: test failed, to rerun pass `-p jarde --test same_class_generic_call_consumers`
