   Compiling syn v3.0.5
   Compiling serde_derive v1.0.229
   Compiling thiserror-impl v2.0.20
   Compiling thiserror v2.0.20
   Compiling serde v1.0.229
   Compiling jarde-reader v0.1.0 (/Users/lordcasser/workspace/projects/jarde/crates/jarde-reader)
   Compiling utf8parse v0.2.2
   Compiling anstyle-parse v1.0.0
   Compiling jarde-query v0.1.0 (/Users/lordcasser/workspace/projects/jarde/crates/jarde-query)
   Compiling anstyle v1.0.14
   Compiling is_terminal_polyfill v1.70.2
   Compiling zmij v1.0.23
   Compiling colorchoice v1.0.5
   Compiling anstyle-query v1.1.5
   Compiling anstream v1.0.0
   Compiling jarde-jvm v0.1.0 (/Users/lordcasser/workspace/projects/jarde/crates/jarde-jvm)
   Compiling clap_lex v1.1.1
   Compiling strsim v0.11.1
   Compiling serde_json v1.0.151
   Compiling heck v0.5.0
   Compiling clap_derive v4.6.7
   Compiling clap_builder v4.6.7
   Compiling jarde-java v0.1.0 (/Users/lordcasser/workspace/projects/jarde/crates/jarde-java)
   Compiling memchr v2.8.3
   Compiling itoa v1.0.18
   Compiling jarde v0.1.0 (/Users/lordcasser/workspace/projects/jarde)
   Compiling clap v4.6.7
   Compiling jarde-cli v0.1.0 (/Users/lordcasser/workspace/projects/jarde/crates/jarde-cli)
    Finished `dev` profile [unoptimized + debuginfo] target(s) in 45.34s
