    Checking jarde v0.1.0 (/Users/lordcasser/workspace/projects/jarde)
    Checking quick-error v1.2.3
    Checking bit-vec v0.8.0
    Checking fnv v1.0.7
    Checking rusty-fork v0.3.1
    Checking bit-set v0.8.0
    Checking num-traits v0.2.19
    Checking rand_chacha v0.9.0
    Checking rand_xorshift v0.4.0
    Checking rand v0.9.5
    Checking unarray v0.1.4
    Checking regex-syntax v0.8.11
    Checking proptest v1.11.0
    Checking utf8parse v0.2.2
    Checking anstyle-parse v1.0.0
    Checking anstyle v1.0.14
    Checking is_terminal_polyfill v1.70.2
    Checking colorchoice v1.0.5
    Checking anstyle-query v1.1.5
    Checking anstream v1.0.0
    Checking strsim v0.11.1
    Checking clap_lex v1.1.1
    Checking clap_builder v4.6.7
    Checking clap v4.6.7
    Checking jarde-cli v0.1.0 (/Users/lordcasser/workspace/projects/jarde/crates/jarde-cli)
    Checking jarde-reader v0.1.0 (/Users/lordcasser/workspace/projects/jarde/crates/jarde-reader)
    Checking jarde-query v0.1.0 (/Users/lordcasser/workspace/projects/jarde/crates/jarde-query)
    Checking jarde-jvm v0.1.0 (/Users/lordcasser/workspace/projects/jarde/crates/jarde-jvm)
    Checking jarde-java v0.1.0 (/Users/lordcasser/workspace/projects/jarde/crates/jarde-java)
error: field assignment outside of initializer for an instance created with Default::default()
     --> crates/jarde-java/src/report.rs:12091:9
      |
12091 |         limits.ir_items = 0;
      |         ^^^^^^^^^^^^^^^^^^^^
      |
note: consider initializing the variable with `jarde_reader::budget::Limits { ir_items: 0, ..Default::default() }` and removing relevant reassignments
     --> crates/jarde-java/src/report.rs:12090:9
      |
12090 |         let mut limits = Limits::default();
      |         ^^^^^^^^^^^^^^^^^^^^^^^^^^^^^^^^^^^
      = help: for further information visit https://rust-lang.github.io/rust-clippy/rust-1.98.0/index.html#field_reassign_with_default
      = note: `-D clippy::field-reassign-with-default` implied by `-D warnings`
      = help: to override `-D warnings` add `#[allow(clippy::field_reassign_with_default)]`

error: could not compile `jarde-java` (lib test) due to 1 previous error
