   Compiling jarde v0.1.0 (/Users/lordcasser/workspace/projects/jarde)
    Finished `test` profile [unoptimized + debuginfo] target(s) in 9.70s
     Running tests/same_class_generic_call_consumers.rs (target/debug/deps/same_class_generic_call_consumers-1d910b4666582669)

running 5 tests
test bounded_same_class_overloads_keep_the_physical_target_with_only_proved_casts ... FAILED
test direct_generic_calls_publish_only_closed_parameterized_headers ... FAILED
test nested_generic_call_results_feed_the_next_proved_call ... FAILED
test structured_catch_call_results_keep_the_constructor_contract ... FAILED
test unknown_incoming_call_rolls_back_only_its_connected_component ... FAILED

failures:

---- bounded_same_class_overloads_keep_the_physical_target_with_only_proved_casts stdout ----

thread 'bounded_same_class_overloads_keep_the_physical_target_with_only_proved_casts' (3253304) panicked at tests/same_class_generic_call_consumers.rs:71:18:
the fixture answers one class-source request: Err(InvalidInput { code: "environment_policy_snapshot_kind_mismatch", message: "the `plain_jar` policy is declared over snapshot `a0ceb6ed188107a2ec5dd5b1a153db72eb54fbbc5895696ef9975ad41be22edf`, whose kind is not the one the policy names; a root is never invented for another kind of bytes" })
note: run with `RUST_BACKTRACE=1` environment variable to display a backtrace

---- direct_generic_calls_publish_only_closed_parameterized_headers stdout ----

thread 'direct_generic_calls_publish_only_closed_parameterized_headers' (3253469) panicked at tests/same_class_generic_call_consumers.rs:71:18:
the fixture answers one class-source request: Err(InvalidInput { code: "environment_policy_snapshot_kind_mismatch", message: "the `plain_jar` policy is declared over snapshot `c59a4a60a15f9ec7e7d3317974614ab72fd7ba772586827da484d6e2f82cea2f`, whose kind is not the one the policy names; a root is never invented for another kind of bytes" })

---- nested_generic_call_results_feed_the_next_proved_call stdout ----

thread 'nested_generic_call_results_feed_the_next_proved_call' (3253592) panicked at tests/same_class_generic_call_consumers.rs:71:18:
the fixture answers one class-source request: Err(InvalidInput { code: "environment_policy_snapshot_kind_mismatch", message: "the `plain_jar` policy is declared over snapshot `13cc8a97ae677c70ee3022c6d33a751cd671ffd48b28c4c120dcb044d5394c64`, whose kind is not the one the policy names; a root is never invented for another kind of bytes" })

---- structured_catch_call_results_keep_the_constructor_contract stdout ----

thread 'structured_catch_call_results_keep_the_constructor_contract' (3253736) panicked at tests/same_class_generic_call_consumers.rs:71:18:
the fixture answers one class-source request: Err(InvalidInput { code: "environment_policy_snapshot_kind_mismatch", message: "the `plain_jar` policy is declared over snapshot `0f1cc39b2a4989ace21ee1214c2345b91d8ccbe2037e76f0f608f3f3986392c7`, whose kind is not the one the policy names; a root is never invented for another kind of bytes" })

---- unknown_incoming_call_rolls_back_only_its_connected_component stdout ----

thread 'unknown_incoming_call_rolls_back_only_its_connected_component' (3253857) panicked at tests/same_class_generic_call_consumers.rs:71:18:
the fixture answers one class-source request: Err(InvalidInput { code: "environment_policy_snapshot_kind_mismatch", message: "the `plain_jar` policy is declared over snapshot `1873edfc824d1227962e17c3e945fd20b50ba893cd026795aa23d8d715a845bb`, whose kind is not the one the policy names; a root is never invented for another kind of bytes" })


failures:
    bounded_same_class_overloads_keep_the_physical_target_with_only_proved_casts
    direct_generic_calls_publish_only_closed_parameterized_headers
    nested_generic_call_results_feed_the_next_proved_call
    structured_catch_call_results_keep_the_constructor_contract
    unknown_incoming_call_rolls_back_only_its_connected_component

test result: FAILED. 0 passed; 5 failed; 0 ignored; 0 measured; 0 filtered out; finished in 1.16s

error: test failed, to rerun pass `-p jarde --test same_class_generic_call_consumers`
