   Compiling jarde-java v0.1.0 (/Users/lordcasser/workspace/projects/jarde/crates/jarde-java)
   Compiling jarde v0.1.0 (/Users/lordcasser/workspace/projects/jarde)
    Finished `test` profile [unoptimized + debuginfo] target(s) in 28.74s
     Running tests/same_class_generic_call_consumers.rs (target/debug/deps/same_class_generic_call_consumers-1d910b4666582669)

running 11 tests
test bounded_same_class_overloads_keep_the_physical_target_with_only_proved_casts ... ok
test constructor_only_classes_keep_the_existing_generic_projection ... ok
test direct_generic_calls_publish_only_closed_parameterized_headers ... ok
test exhausted_call_publication_does_not_leave_a_partial_generic_chain ... ok
test nested_generic_call_results_feed_the_next_proved_call ... ok
test proved_void_effects_survive_generic_call_staging ... ok
test raw_incoming_call_keeps_the_previously_proved_field_setter ... ok
test staged_generic_headers_keep_the_same_debug_names_as_the_emitted_body ... 
thread 'staged_generic_headers_keep_the_same_debug_names_as_the_emitted_body' (7906360) panicked at tests/same_class_generic_call_consumers.rs:126:13:
// jarde: presentation of `CatchCallMarker` from the class file's own declaration and one recovery run per member.
// jarde: not a compilable project: no imports and no resources are claimed (the `package` line is the class file's own name, not a claim about a directory); every place this text is not a full recovery carries a marker of this prefix.
// jarde: class Signature `<T:Ljava/lang/Object;>Ljava/lang/Object;` projected after physical parent erasure proof
public class CatchCallMarker<T> extends java.lang.Object {
    // jarde: field Signature projection refused for `valueLjava/lang/Object;`: unsupported (field_generic_write_source_unproved): writer <init>(Ljava/lang/Object;Z)V@11 has no closed SSA source
    public java.lang.Object value;

    public CatchCallMarker(T x, boolean fail) {
        // jarde: generic Signature `(TT;Z)V` projected after descriptor erasure and same-run AST/Code/SSA constructor body proof; same-class call binding proved
        // @method <init>(Ljava/lang/Object;Z)V
        // @declaration a constructor of `CatchCallMarker`, member flags 0x0001
        // recovered from bytecode; presentation is not claimed to compile
        super();
        try {
            this.value = this.maybe(x, fail);
        } catch (java.lang.RuntimeException ex) {
            this.value = null;
        }
        return;
    }

    private T maybe(T x, boolean fail) {
        // jarde: generic Signature `(TT;Z)TT;` projected after descriptor erasure and same-run AST/SSA parameter-return proof; same-class call binding proved
        // @method maybe(Ljava/lang/Object;Z)Ljava/lang/Object;
        // @declaration an instance method of `CatchCallMarker`, member flags 0x0002
        // recovered from bytecode; presentation is not claimed to compile
        if (fail) {
            throw new java.lang.RuntimeException();
        } else {
            return x;
        }
    }
}

note: run with `RUST_BACKTRACE=1` environment variable to display a backtrace
FAILED
test structured_catch_call_results_keep_the_constructor_contract ... ok
test unknown_incoming_call_rolls_back_only_its_connected_component ... ok
test unread_parameterized_formals_require_complete_slot_evidence ... ok

failures:

failures:
    staged_generic_headers_keep_the_same_debug_names_as_the_emitted_body

test result: FAILED. 10 passed; 1 failed; 0 ignored; 0 measured; 0 filtered out; finished in 7.54s

error: test failed, to rerun pass `--test same_class_generic_call_consumers`
