   Compiling jarde-java v0.1.0 (/Users/lordcasser/workspace/projects/jarde/crates/jarde-java)
   Compiling jarde v0.1.0 (/Users/lordcasser/workspace/projects/jarde)
error[E0164]: expected tuple struct or tuple variant, found associated function `::alloc::vec::Vec::new`
    --> src/class_source.rs:8079:41
     |
8079 |                 unread_parameter_slots: vec![],
     |                                         ^^^^^^ `fn` calls are not allowed in patterns
     |
     = help: for more information, visit https://doc.rust-lang.org/book/ch19-00-patterns.html

error[E0308]: mismatched types
     --> src/facade.rs:11974:13
      |
11971 |         || !generic_call_local_definition_matches_declaration(
      |             ------------------------------------------------- arguments to this function are incorrect
...
11974 |             slot,
      |             ^^^^ expected `u16`, found `&u16`
      |
note: function defined here
     --> src/facade.rs:12374:4
      |
12374 | fn generic_call_local_definition_matches_declaration(
      |    ^^^^^^^^^^^^^^^^^^^^^^^^^^^^^^^^^^^^^^^^^^^^^^^^^
...
12377 |     local_slot: u16,
      |     ---------------
help: consider dereferencing the borrow
      |
11974 |             *slot,
      |             +

error[E0308]: mismatched types
     --> src/facade.rs:12119:37
      |
12116 | ...                   || !generic_call_local_definition_matches_declaration(
      |                           ------------------------------------------------- arguments to this function are incorrect
...
12119 | ...                       argument_slot,
      |                           ^^^^^^^^^^^^^ expected `u16`, found `&u16`
      |
note: function defined here
     --> src/facade.rs:12374:4
      |
12374 | fn generic_call_local_definition_matches_declaration(
      |    ^^^^^^^^^^^^^^^^^^^^^^^^^^^^^^^^^^^^^^^^^^^^^^^^^
...
12377 |     local_slot: u16,
      |     ---------------
help: consider dereferencing the borrow
      |
12119 |                                     *argument_slot,
      |                                     +

Some errors have detailed explanations: E0164, E0308.
For more information about an error, try `rustc --explain E0164`.
error: could not compile `jarde` (lib) due to 3 previous errors
