   Compiling jarde v0.1.0 (/Users/lordcasser/workspace/projects/jarde)
    Finished `test` profile [unoptimized + debuginfo] target(s) in 12.45s
     Running tests/class_scope_constructor_projection.rs (target/debug/deps/class_scope_constructor_projection-be6b9092a4cb99da)

running 7 tests
test class_scope_constructor_positives_recompile_and_preserve_behavior_and_binders ... ok
test cross_hold_restores_u_constructor_binder_and_keeps_t_field_erased ... ok
test peer_new_restores_only_the_two_argument_constructor_binder ... ok
test positive_constructor_output_budget_and_early_cancellation_stop_cleanly ... ok
test same_class_call_consumers_restore_class_binders_in_both_evidence_flavors ... ok
test this_delegate_keeps_physical_signature_and_recompiles_with_original_behavior ... ok
test unproved_constructor_shapes_keep_physical_parameters_and_refusals ... ok

test result: ok. 7 passed; 0 failed; 0 ignored; 0 measured; 0 filtered out; finished in 20.74s

     Running tests/generic_constructor_projection.rs (target/debug/deps/generic_constructor_projection-1aeeea95ae8c17ad)

running 4 tests
test body_budget_and_cancellation_never_publish_a_partial_constructor_header ... ok
test generic_constructor_projects_atomically_for_debug_and_no_debug_classes ... ok
test same_class_constructor_binding_and_adjacent_generic_method_are_independent ... ok
test unproved_constructor_body_keeps_its_physical_parameter ... ok

test result: ok. 4 passed; 0 failed; 0 ignored; 0 measured; 0 filtered out; finished in 3.60s

     Running tests/generic_method_projection.rs (target/debug/deps/generic_method_projection-8f5f7a021f6d4d97)

running 20 tests
test body_assignment_without_type_variable_proof_is_refused ... ok
test bounded_method_variable_follows_same_run_parameters ... ok
test direct_return_and_generic_throws_can_share_the_method_variable ... ok
test erasure_shape_and_body_refusals_keep_descriptor_declarations ... ok
test exact_generic_instance_null_return_projects_and_preserves_physical_method ... ok
test exact_parameterized_list_null_return_projects_with_raw_controls_unchanged ... ok
test exceptions_without_generic_throws_suffix_survive ... ok
test generic_instance_null_return_admits_an_arity_disjoint_same_class_overload ... ok
test generic_instance_null_return_rejects_unproved_signatures_bodies_and_bindings ... ok
test generic_null_return_budget_and_cancellation_never_publish_a_partial_header ... ok
test generic_null_return_refuses_signature_erasure_mismatch ... ok
test method_local_relay_in_a_nongeneric_class_preserves_distinct_method_binders ... ok
test multiple_local_variables_and_ordinary_parameters_keep_their_positions ... ok
test neighboring_overload_without_a_caller_does_not_block_the_proved_method ... ok
test parameterized_null_return_erasure_budget_and_cancellation_keep_raw_method ... ok
test parameterized_null_return_rejects_other_signatures_effects_and_self_calls ... ok
test parameterized_null_return_same_class_caller_projects_after_use_proof ... ok
test raw_direct_return_uses_the_actual_method_bound_and_parameter_positions ... ok
test same_class_caller_to_arity_disjoint_overload_proves_projection ... ok
test type_use_annotations_and_varargs_are_whole_method_refusals ... ok

test result: ok. 20 passed; 0 failed; 0 ignored; 0 measured; 0 filtered out; finished in 10.72s

     Running tests/same_class_generic_binding.rs (target/debug/deps/same_class_generic_binding-92c8a8247a2a16df)

running 16 tests
test adjacent_same_arity_overload_keeps_the_binding_refusal ... ok
test budget_and_cancellation_never_publish_a_partial_binding_projection ... ok
test deferred_same_class_writer_settles_before_its_generic_field ... ok
test essential_and_all_evidence_admit_the_same_binding_projections ... ok
test field_shadowing_projection_keeps_the_own_field_binding ... ok
test frozen_holder_write_boundaries_recompile_and_match_on_both_javac_legs ... ok
test generic_field_write_sources_keep_the_frozen_safe_and_unsafe_boundaries ... ok
test parameter_shift_preserves_the_wide_slot_generic_field_write ... ok
test published_raw_class_bound_keeps_its_unchecked_parameterized_field_assignment ... ok
test raw_reference_parameters_keep_array_and_static_assignments ... ok
test receiver_consumed_field_read_keeps_the_field_refusal ... ok
test same_class_field_read_write_proves_binding_and_reflects_like_the_original ... ok
test same_class_method_call_proves_binding_and_reflects_like_the_original ... ok
test unconsumed_same_class_pool_entries_do_not_block_projection ... ok
test unproved_field_write_sources_and_shadowed_types_keep_erased_fields ... ok
test z1_family_replays_item_by_item_after_the_binding_proof ... ok

test result: ok. 16 passed; 0 failed; 0 ignored; 0 measured; 0 filtered out; finished in 14.00s

     Running tests/same_class_generic_call_consumers.rs (target/debug/deps/same_class_generic_call_consumers-1d910b4666582669)

running 11 tests
test bounded_same_class_overloads_keep_the_physical_target_with_only_proved_casts ... ok
test constructor_only_classes_keep_the_existing_generic_projection ... ok
test direct_generic_calls_publish_only_closed_parameterized_headers ... ok
test exhausted_call_publication_does_not_leave_a_partial_generic_chain ... ok
test nested_generic_call_results_feed_the_next_proved_call ... ok
test proved_void_effects_survive_generic_call_staging ... ok
test raw_incoming_call_keeps_the_previously_proved_field_setter ... ok
test staged_generic_headers_keep_the_same_debug_names_as_the_emitted_body ... ok
test structured_catch_call_results_keep_the_constructor_contract ... ok
test unknown_incoming_call_rolls_back_only_its_connected_component ... ok
test unread_parameterized_formals_require_complete_slot_evidence ... ok

test result: ok. 11 passed; 0 failed; 0 ignored; 0 measured; 0 filtered out; finished in 7.50s

