   Compiling jarde-reader v0.1.0 (/Users/lordcasser/workspace/projects/jarde/crates/jarde-reader)
   Compiling jarde-query v0.1.0 (/Users/lordcasser/workspace/projects/jarde/crates/jarde-query)
   Compiling jarde-jvm v0.1.0 (/Users/lordcasser/workspace/projects/jarde/crates/jarde-jvm)
   Compiling jarde-java v0.1.0 (/Users/lordcasser/workspace/projects/jarde/crates/jarde-java)
   Compiling jarde v0.1.0 (/Users/lordcasser/workspace/projects/jarde)
   Compiling jarde-cli v0.1.0 (/Users/lordcasser/workspace/projects/jarde/crates/jarde-cli)
    Finished `test` profile [unoptimized + debuginfo] target(s) in 4m 28s
     Running unittests src/lib.rs (target/debug/deps/jarde-af5b53fff86474f2)

running 208 tests
test bulk::observation::tests::a_threads_tallies_are_flushed_once ... ok
test bulk::observation::tests::the_reading_carries_its_site_names ... ok
test bulk::observation::tests::the_site_names_and_indexes_are_the_declared_order ... ok
test class_source::same_class_overload_proof_tests::bound_overload_casts_only_to_the_physical_targets_explicit_number_bound ... ok
test class_source::same_class_overload_proof_tests::callee_method_binder_is_substituted_and_unknown_user_hierarchy_refuses ... ok
test class_source::same_class_overload_proof_tests::distinct_type_variables_are_not_assumed_incompatible ... ok
test class_source::same_class_overload_proof_tests::incomplete_or_foreign_physical_inventories_never_pin_a_target ... ok
test class_source::same_class_overload_proof_tests::overload_proof_propagates_budget_exhaustion_and_cancellation ... ok
test class_source::same_class_overload_proof_tests::plain_upper_bound_is_already_unique_and_same_name_string_is_closed_negative ... ok
test class_source::same_class_overload_proof_tests::same_class_binding_defers_only_closed_same_arity_overload_competition ... ok
test class_source::same_class_overload_proof_tests::same_class_binding_defers_unreferenced_generic_sibling_for_real_same_arity_target ... ok
test class_source::same_class_overload_proof_tests::same_class_binding_keeps_unclosed_overload_inventories_unproved ... ok
test class_source::same_class_overload_proof_tests::same_class_binding_propagates_budget_and_cancellation ... ok
test class_source::same_class_overload_proof_tests::same_name_overload_uses_unbounded_typevar_and_does_not_narrow_to_string ... ok
test class_source::same_class_overload_proof_tests::unknown_typevar_bound_is_not_negative_evidence_for_an_overload ... ok
test class_source::same_class_overload_proof_tests::wide_second_argument_keeps_its_descriptor_position_when_casting_first ... ok
test class_source::tests::a_binary_name_is_split_where_its_own_last_slash_is ... ok
test class_source::tests::a_name_java_cannot_spell_becomes_the_deterministic_alias ... ok
test class_source::tests::a_text_that_is_not_that_shape_is_not_placed ... ok
test class_source::tests::a_varargs_flag_writes_the_last_parameters_array_as_the_dots ... ok
test class_source::tests::an_arrays_element_width_does_not_move_the_parameters_after_it ... ok
test class_source::tests::anonymous_capture_class_facts_are_passed_as_typed_assembly_input ... ok
test class_source::tests::bytes_that_are_not_a_field_descriptor_are_refused_rather_than_guessed ... ok
test class_source::tests::bytes_that_are_not_a_method_descriptor_are_refused_rather_than_guessed ... ok
test class_source::tests::class_header_spelling_keeps_pool_names_the_member_spelling_refuses ... ok
test class_source::tests::class_scope_constructor_gate_matches_exact_same_class_target_and_receiver ... ok
test class_source::tests::field_write_parameter_proof_distinguishes_published_generic_and_raw_parameters ... ok
test class_source::tests::field_write_source_type_walk_charges_exact_work_and_propagates_stops ... ok
test class_source::tests::functional_withholding_uses_projected_state_not_markers_or_source_text ... ok
test class_source::tests::generic_call_components_are_callee_first_and_cycles_are_rejected ... ok
test class_source::tests::generic_call_projection_state_stops_atomically_and_clones_with_metering ... ok
test class_source::tests::generic_call_substitution_preserves_binders_bounds_and_arrays ... ok
test class_source::tests::generic_constructor_field_write_requires_one_unique_instance_field_by_name ... ok
test class_source::tests::incomplete_same_class_field_inventory_cannot_prove_a_field_binding ... ok
test class_source::tests::member_annotation_budget_stop_keeps_the_raw_shell_unread ... ok
test class_source::tests::member_annotation_cancellation_keeps_the_raw_shell_unread ... ok
test class_source::tests::method_parameters_need_a_complete_safe_slot_projection ... ok
test class_source::tests::one_artifact_is_split_at_its_own_block ... ok
test class_source::tests::one_field_descriptor_is_spelled_as_java_spells_it ... ok
test class_source::tests::one_internal_name_is_spelled_dotted_and_nothing_else_about_it_changes ... ok
test class_source::tests::one_member_block_puts_the_envelope_and_the_statements_at_the_same_depth ... ok
test class_source::tests::one_member_whose_artifact_cannot_be_placed_quotes_it_line_by_line ... ok
test class_source::tests::one_member_without_an_artifact_keeps_its_marker_inside_the_block ... ok
test class_source::tests::one_method_descriptor_is_spelled_with_its_slots_and_its_return_type ... ok
test class_source::tests::one_stop_code_is_the_engines_own_spelling_of_its_reason ... ok
test class_source::tests::ordinary_signature_types_spell_each_structured_argument_and_array ... ok
test class_source::tests::projected_parameter_names_and_final_are_one_declaration ... ok
test class_source::tests::published_method_type_variable_uses_only_its_matching_raw_class_bound ... ok
test class_source::tests::raw_parameter_platform_widening_rejects_invalid_utf8_name_collisions ... ok
test class_source::tests::raw_receiver_assignment_uses_java_reference_and_array_erasure_rules ... ok
test class_source::tests::raw_receiver_type_proof_propagates_budget_and_cancellation ... ok
test class_source::tests::recovered_names_follow_parameter_slots_across_a_wide_value ... ok
test class_source::tests::selected_member_path_spells_only_exact_nested_signature_segments ... ok
test class_source::tests::void_generic_header_output_budget_publishes_no_partial_declaration ... ok
test class_source::tests::void_generic_signature_stops_before_publishing_on_cancel_or_analysis_budget ... ok
test enum_constants::tests::abstract_enum_candidate_capture_observes_budget_and_cancellation ... ok
test enum_constants::tests::arbitrary_argument_fold_stays_a_budget_stop_that_keeps_the_per_field_text ... ok
test enum_constants::tests::arbitrary_argument_shapes_fold_with_narrowed_spellings_and_verified_runtime ... ok
test enum_constants::tests::arbitrary_ctor_descriptor_grammar_parses_only_the_admitted_tails ... ok
test enum_constants::tests::cancellation_is_not_converted_into_a_normal_enum_refusal ... ok
test enum_constants::tests::cancellation_of_the_measure_request_never_publishes_a_partial_enum_projection ... ok
test enum_constants::tests::constructor_delegation_edge_preserves_budget_and_cancellation_stops ... ok
test enum_constants::tests::constructor_delegation_edge_rejects_wrong_edges_arguments_effects_handlers_and_duplicates ... ok
test enum_constants::tests::constructor_index_uses_the_method_table_not_the_shorter_field_table ... ok
test enum_constants::tests::counted_side_effectful_suffix_executes_once_in_the_projected_source ... ok
test enum_constants::tests::custom_map_suffix_output_stop_and_cancellation_leave_no_partial_projection ... ok
test enum_constants::tests::custom_map_suffix_recompiles_and_preserves_singleton_identity ... ok
test enum_constants::tests::custom_map_suffix_refuses_unproved_effects_and_loop_shapes_atomically ... ok
test enum_constants::tests::custom_map_suffix_rejects_changed_loop_increment ... ok
test enum_constants::tests::delegating_class_source_stops_do_not_publish_a_partial_projection ... ok
test enum_constants::tests::delegating_projection_keeps_default_all_json_sources_and_method_only_recovery_aligned ... ok
test enum_constants::tests::delegating_projection_output_budget_stop_keeps_both_physical_constructors ... ok
test enum_constants::tests::empty_enum_with_a_user_method_emits_its_required_separator ... ok
test enum_constants::tests::enum_code_capture_is_structured_and_charges_each_instruction ... ok
test enum_constants::tests::exhausted_proof_budget_is_reported_as_stopped ... ok
test enum_constants::tests::extra_calls_field_writes_and_exception_edges_keep_the_unprojected_initializer ... ok
test enum_constants::tests::extra_user_read_of_values_backing_array_refuses_and_stays_visible ... ok
test enum_constants::tests::frozen_four_constant_factory_rejects_wrong_length_and_duplicate_entries ... ok
test enum_constants::tests::frozen_plain_enum_arities_project_as_one_ordered_physical_group ... ok
test enum_constants::tests::helper_constructor_and_prefix_1_2_boundaries_are_refused ... ok
test enum_constants::tests::implicit_enum_constructor_with_an_extra_effect_refuses_the_whole_group ... ok
test enum_constants::tests::implicit_enum_constructor_with_wrong_ordinal_forwarding_refuses_the_group ... ok
test enum_constants::tests::incomplete_enum_code_budget_does_not_project_any_member ... ok
test enum_constants::tests::int_static_field_arguments_preserve_the_same_run_expression_and_runtime_order ... ok
test enum_constants::tests::int_ternary_arguments_bind_both_arms_and_preserve_condition_evaluation ... ok
test enum_constants::tests::int_user_arguments_narrow_by_their_parameter_descriptor ... ok
test enum_constants::tests::java8_two_constant_enum_capture_admits_op_without_proving_or_fabricating_code ... ok
test enum_constants::tests::measure_constants_used_by_user_methods_remain_provable ... ok
test enum_constants::tests::measure_projection_text_is_equal_for_default_and_all_evidence_with_physical_members_intact ... ok
test enum_constants::tests::measure_static_suffix_recompiles_and_matches_original_and_jadx_with_both_debug_modes ... ok
test enum_constants::tests::measure_suffix_output_budget_stop_keeps_the_entire_unprojected_initializer ... ok
test enum_constants::tests::missing_string_varargs_constructor_code_refuses_the_group ... ok
test enum_constants::tests::object_and_array_descriptors_follow_the_classfile_owner ... ok
test enum_constants::tests::one_unproved_string_varargs_constant_refuses_all_constants ... ok
test enum_constants::tests::ordinary_class_fields_and_static_initializer_keep_the_existing_projection ... ok
test enum_constants::tests::patrol_n0_fixture_keeps_its_exact_folded_text ... ok
test enum_constants::tests::patrol_n1_full_shape_folds_and_recompiles_run_like_the_fixture_baseline ... ok
test enum_constants::tests::patrol_n3_probes_fold_and_recompile_run_like_the_fixture_baseline ... ok
test enum_constants::tests::projected_delegating_enum_compiles_and_preserves_verified_constructor_behavior ... ok
test enum_constants::tests::projection_output_budget_stop_keeps_the_original_class_source ... ok
test enum_constants::tests::repeated_string_array_index_write_is_jvm_verifiable_and_refused ... ok
test enum_constants::tests::same_package_field_uses_its_short_source_name_and_preserves_initialization ... ok
test enum_constants::tests::scalar_string_arguments_preserve_literal_and_alternating_ternary_runtime ... ok
test enum_constants::tests::scalar_string_diamond_requires_exact_branch_targets_and_literal_arms ... ok
test enum_constants::tests::selected_environment_field_ambiguity_and_budget_stop_never_publish_int_arguments ... ok
test enum_constants::tests::string_varargs_arrays_are_proved_and_projected_atomically ... ok
test enum_constants::tests::string_varargs_low_budget_and_cancellation_keep_the_group_unpublished ... ok
test enum_constants::tests::string_varargs_signature_mismatch_refuses_without_partial_projection ... ok
test enum_constants::tests::string_varargs_source_uses_the_existing_java_literal_escaper ... ok
test enum_constants::tests::terminal_constructor_body_consumes_the_exact_same_run_ast_and_code_sequence ... ok
test enum_constants::tests::terminal_constructor_body_propagates_budget_and_cancellation_stops ... ok
test enum_constants::tests::terminal_constructor_body_rejects_target_parameter_order_signature_effect_and_handler_changes ... ok
test enum_constants::tests::two_constructor_edge_and_terminal_body_project_as_one_source_group ... ok
test enum_constants::tests::unsafe_static_field_owners_and_metadata_refuse_the_whole_group ... ok
test enum_constants::tests::unsupported_arbitrary_argument_shapes_refuse_and_keep_the_per_field_presentation ... ok
test enum_constants::tests::unsupported_int_argument_shapes_refuse_the_whole_constant_group ... ok
test enum_constants::tests::unsupported_scalar_string_arguments_refuse_the_whole_group ... ok
test enum_constants::tests::unsupported_string_varargs_classfiles_refuse_the_complete_group ... ok
test enum_constants::tests::unsupported_verifier_valid_int_ternary_diamonds_keep_physical_origins ... ok
test facade::anonymous_allocation_uniqueness_tests::one_site_requires_a_complete_scan_and_verified_candidate ... ok
test facade::anonymous_allocation_uniqueness_tests::two_sites_in_the_same_method_are_not_one_unique_allocation ... ok
test facade::array_helper_census_tests::direct_invocation_and_ldc_handle_refuse_the_exact_physical_helper ... ok
test facade::direct_generic_superclass_tests::cancellation_during_parent_proof_does_not_publish_a_generic_header ... ok
test facade::direct_generic_superclass_tests::dependency_budget_stop_does_not_publish_a_partial_generic_header ... ok
test facade::direct_generic_superclass_tests::missing_parent_keeps_the_physical_raw_class_header ... ok
test facade::direct_generic_superclass_tests::selected_parent_signature_projects_one_direct_string_argument ... ok
test facade::enum_constant_body_relation_tests::a_second_unwritten_string_field_leaves_the_proved_target_unique ... ok
test facade::enum_constant_body_relation_tests::broken_constructor_argument_forwarding_refuses_the_whole_group ... ok
test facade::enum_constant_body_relation_tests::dt12_ascii_string_arguments_project_atomically_and_recompile ... ok
test facade::enum_constant_body_relation_tests::dt12_output_budget_and_precancellation_publish_no_partial_group ... ok
test facade::enum_constant_body_relation_tests::dt12_rejects_non_ascii_nonliteral_and_three_constant_groups ... ok
test facade::enum_constant_body_relation_tests::dt12_rejects_verifier_valid_ordinal_and_bridge_forwarding_changes ... ok
test facade::enum_constant_body_relation_tests::enum_body_group_rejects_a_changed_generated_values_helper ... ok
test facade::enum_constant_body_relation_tests::enum_body_group_requires_each_abstract_implementation_and_keeps_physical_child ... ok
test facade::enum_constant_body_relation_tests::enum_body_prefix_reads_actual_name_and_ordinal_and_allows_closed_user_suffix ... ok
test facade::enum_constant_body_relation_tests::enum_body_prefix_rejects_extra_alias_store_and_unclosed_suffix ... ok
test facade::enum_constant_body_relation_tests::enum_body_projection_budget_and_cancellation_leave_no_half_body ... ok
test facade::enum_constant_body_relation_tests::enum_body_projection_is_atomic_when_the_second_body_cannot_be_written ... ok
test facade::enum_constant_body_relation_tests::enum_body_projection_keeps_physical_json_and_independent_child_requests ... ok
test facade::enum_constant_body_relation_tests::enum_child_body_proof_rejects_fields_effects_and_unspellable_overrides ... ok
test facade::enum_constant_body_relation_tests::enum_child_body_recovery_is_evidence_independent_and_budgeted ... ok
test facade::enum_constant_body_relation_tests::enum_child_constructor_read_preserves_budget_and_cancellation_stops ... ok
test facade::enum_constant_body_relation_tests::enum_child_exceptional_body_cannot_pass_full_recovery ... ok
test facade::enum_constant_body_relation_tests::enum_constant_body_census_rejects_another_constant_and_other_class_code_use ... ok
test facade::enum_constant_body_relation_tests::enum_constant_body_relations_follow_each_verified_construction_and_reject_missing_or_changed_rows ... ok
test facade::enum_constant_body_relation_tests::enum_constructor_edges_require_exact_forwarding_and_targets ... ok
test facade::enum_constant_body_relation_tests::frozen_nested_matrix_jars_flip_exactly_the_nested_cells ... ok
test facade::enum_constant_body_relation_tests::labeled_field_name_string_bodies_project_from_the_proved_name ... ok
test facade::enum_constant_body_relation_tests::mixed_argument_constant_bodies_fold_as_one_ordered_group ... ok
test facade::enum_constant_body_relation_tests::multi_level_nested_enum_structural_semantics_are_registered ... ok
test facade::enum_constant_body_relation_tests::nested_enum_constant_bodies_fold_with_the_same_structural_obligations ... ok
test facade::enum_constant_body_relation_tests::nested_enum_projection_is_proved_and_budget_stop_is_atomic ... ok
test facade::enum_constant_body_relation_tests::nested_enum_with_unproved_body_obligations_stays_field_by_field ... ok
test facade::enum_constant_body_relation_tests::nested_mixed_constant_bodies_fold_with_the_same_obligations ... ok
test facade::enum_constant_body_relation_tests::proved_body_group_shares_selected_methods_and_their_physical_origins ... ok
test facade::enum_constant_body_relation_tests::proved_enum_bodies_recompile_and_match_original_and_jadx_behavior ... ok
test facade::enum_constant_body_relation_tests::static_field_argument_constant_bodies_stay_field_by_field ... ok
test facade::enum_constant_body_relation_tests::string_constructor_identity_binds_the_written_field_and_refuses_everything_else ... ok
test facade::enum_constant_body_relation_tests::string_constructor_negatives_refuse_loudly ... ok
test facade::enum_constant_body_relation_tests::three_argument_constant_bodies_fold_with_narrowed_literals ... ok
test facade::enum_constant_body_relation_tests::user_dollar_named_toplevel_enum_keeps_its_toplevel_semantics ... ok
test facade::enum_int_static_owner_gate_tests::same_enum_owner_is_rejected_before_any_dependency_read ... ok
test facade::enum_int_static_owner_gate_tests::same_package_owner_name_is_rejected_when_an_enum_member_shadows_it ... ok
test facade::enum_int_static_owner_gate_tests::static_field_owner_gate_rejects_self_cross_package_and_binary_member_names ... ok
test facade::integer_constant_name_tests::case_and_return_candidates_are_independent_with_narrow_refusals ... ok
test facade::integer_constant_name_tests::direct_integer_return_names_independently_of_a_numeric_case_key ... ok
test facade::integer_constant_name_tests::fixed_switch_names_keep_physical_keys_returns_and_origins ... ok
test facade::integer_constant_name_tests::incomplete_field_table_never_proves_an_integer_name ... ok
test facade::integer_constant_name_tests::output_limit_or_cancellation_never_publishes_partial_name_projection ... ok
test facade::interface_super_proof_tests::interface_hierarchy_cycles_are_unknown ... ok
test facade::interface_super_proof_tests::interface_hierarchy_observes_dependency_depth_and_cancellation ... ok
test facade::interface_super_proof_tests::unique_source_default_rejects_multiple_inherited_defaults ... ok
test facade::lambda_helper_census_tests::cancellation_stops_class_census_before_publication ... ok
test facade::lambda_helper_census_tests::constant_dynamic_reuse_of_an_owned_lambda_row_refuses_projection ... ok
test facade::lambda_helper_census_tests::direct_helper_invocation_and_incomplete_scan_both_refuse ... ok
test facade::lambda_helper_census_tests::nested_dynamic_back_edge_to_earlier_owned_row_refuses_independent_of_queue_order ... ok
test facade::lambda_helper_census_tests::nested_dynamic_bootstrap_with_helper_in_non_implementation_argument_is_rejected ... ok
test facade::lambda_helper_census_tests::shared_bootstrap_row_rejects_any_unprojected_invokedynamic_site ... ok
test facade::member_inner_target_tests::caller_relation_is_optional_but_a_present_row_must_agree ... ok
test facade::member_inner_target_tests::generic_outer_path_and_all_member_call_shapes_remain_selected_and_emittable ... ok
test facade::member_inner_target_tests::malformed_generic_outer_signature_and_ambiguous_outer_definitions_do_not_prove ... ok
test facade::member_inner_target_tests::selected_target_is_required_and_ambiguous_definitions_do_not_prove ... ok
test facade::member_inner_target_tests::target_selection_observes_budget_and_cancellation ... ok
test facade::nested_enum_source_rewrite_tests::candidate_spans_skip_literals_and_comments_for_later_physical_proof ... ok
test facade::outer_super_bridge_closure_tests::closed_bridge_projects_exact_outer_super_and_keeps_both_physical_methods ... ok
test facade::outer_super_bridge_closure_tests::effectful_outer_super_arguments_project_in_evaluation_order ... ok
test facade::outer_super_bridge_closure_tests::exact_bridge_closure_requires_every_static_call_and_a_complete_scan ... ok
test facade::package_info_source_tests::non_package_target_annotation_cannot_enter_the_projection ... ok
test facade::package_info_source_tests::output_budget_stop_keeps_the_physical_package_info_presentation ... ok
test facade::package_info_source_tests::pre_cancelled_request_cannot_publish_a_package_projection ... ok
test facade::package_info_source_tests::proved_package_info_is_only_annotation_then_package_statement ... ok
test facade::reference_overload_tests::exact_target_refuses_same_formal_ambiguity_and_bridge ... ok
test facade::reference_overload_tests::private_target_keeps_a_binding_with_b_overload_and_refuses_bad_declarations ... ok
test facade::same_class_generic_call_inventory_tests::incomplete_expected_inventory_rolls_back_only_its_call_component ... ok
test facade::snapshot_hierarchy_tests::named_reference_classes_carry_both_spellings_and_no_arrays ... ok
test facade::snapshot_hierarchy_tests::parameter_ordinals_count_values_not_slots ... ok
test member_inner::tests::bridge_load_and_return_opcodes_follow_jvm_parameter_categories ... ok
test member_inner::tests::exact_target_relation_field_and_prologue_are_required ... ok
test member_inner::tests::family_capture_distinguishes_other_and_refuses_unclosed_shapes ... ok
test member_inner::tests::family_relation_needs_matching_typed_rows_and_uses_member_flags ... ok
test member_inner::tests::family_row_scan_observes_real_budget_and_cancellation ... ok
test member_inner::tests::generic_member_signature_and_constructor_tail_are_proved ... ok
test member_inner::tests::generic_signature_proof_preserves_budget_and_cancellation_stops ... ok
test member_inner::tests::mixed_family_scan_collects_the_static_subset_beside_the_instance_candidate ... ok
test member_inner::tests::nested_enum_root_scan_reports_budget_and_cancellation_stops ... ok
test member_inner::tests::nested_enum_root_scan_requires_exact_rows_and_never_guesses_dollar_names ... ok
test member_inner::tests::outer_super_bridge_and_call_require_exact_body_target_and_capture_value ... ok
test member_inner::tests::outer_super_call_keeps_effectful_arguments_in_physical_order ... ok

test result: ok. 208 passed; 0 failed; 0 ignored; 0 measured; 0 filtered out; finished in 66.83s

     Running tests/anonymous_parameterized_root.rs (target/debug/deps/anonymous_parameterized_root-fd87213eba5ff031)

running 4 tests
test the_parameterized_root_fixture_projects_the_capture_parameter_form ... ok
test the_parameterized_root_projection_does_not_need_debug_information ... ok
test the_parameterized_root_projection_recompiles_and_runs_as_the_original ... ok
test the_parameterized_root_refusals_keep_their_physical_text ... ok

test result: ok. 4 passed; 0 failed; 0 ignored; 0 measured; 0 filtered out; finished in 0.82s

     Running tests/anonymous_supertype_return.rs (target/debug/deps/anonymous_supertype_return-bc8470110fb5b650)

running 6 tests
test non_javac_return_descriptors_keep_their_refusals ... ok
test the_gate_keeps_the_one_layer_and_spelling_boundaries ... ok
test the_interface_path_keeps_refusing_child_self_invocations ... ok
test the_parameterized_supertype_return_contrast_positive_projects_and_runs ... ok
test the_supertype_return_anchor_projects_the_interface_declaration ... ok
test the_supertype_return_anchor_recompiles_and_runs_as_the_original ... ok

test result: ok. 6 passed; 0 failed; 0 ignored; 0 measured; 0 filtered out; finished in 0.86s

     Running tests/assert_statement_sugar.rs (target/debug/deps/assert_statement_sugar-e2e6babb698846a3)

running 7 tests
test a1_family_presents_assert_statements_and_hides_every_synthetic_layer ... ok
test a1_family_recompiles_and_prints_the_original_output_in_both_assertion_states ... ok
test class_without_asserts_stages_no_projection ... ok
test extra_statement_inside_the_guard_keeps_the_physical_presentation ... ok
test guards_that_do_not_all_fold_keep_the_whole_class_physical ... ok
test message_side_effects_keep_their_evaluation_order ... ok
test wrong_owner_switch_keeps_the_physical_presentation ... ok

test result: ok. 7 passed; 0 failed; 0 ignored; 0 measured; 0 filtered out; finished in 2.94s

     Running tests/bulk_recovery_backpressure.rs (target/debug/deps/bulk_recovery_backpressure-49b509dd14270e57)

running 7 tests
test a_pool_of_one_result_still_cannot_starve_the_earliest_class ... ok
test a_result_weighs_what_it_owns_and_not_the_length_it_writes ... ok
test a_shared_pool_lets_the_classes_behind_the_front_work_ahead ... ok
test a_slow_first_class_does_not_starve_the_later_ones_or_the_order ... ok
test a_window_that_only_funds_the_reservations_is_one_result_per_class ... ok
test one_result_larger_than_the_ceiling_stops_that_method_only ... ok
test the_shared_pool_is_the_declared_window_outside_the_reservations ... ok

test result: ok. 7 passed; 0 failed; 0 ignored; 0 measured; 0 filtered out; finished in 0.80s

     Running tests/bulk_recovery_cancel.rs (target/debug/deps/bulk_recovery_cancel-be54bef41dbab415)

running 7 tests
test a_cancellation_between_classes_ends_the_traversal_and_the_class_in_flight ... ok
test a_cancellation_mid_run_keeps_the_prefix_and_bills_the_holes ... ok
test a_cancellation_wakes_a_producer_waiting_for_room_in_the_shared_pool ... ok
test a_cancellation_while_the_window_is_full_wakes_every_waiter ... ok
test a_cancelled_request_publishes_nothing_and_dispatches_nothing ... ok
test a_consumer_that_fails_is_infrastructure ... ok
test a_consumer_that_stops_the_stream_keeps_its_prefix ... ok

test result: ok. 7 passed; 0 failed; 0 ignored; 0 measured; 0 filtered out; finished in 0.36s

     Running tests/bulk_recovery_delivery.rs (target/debug/deps/bulk_recovery_delivery-fa886d9c12a90be0)

running 3 tests
test a_refused_permit_stops_the_stream_at_the_one_total_and_names_the_delivery_owner ... ok
test one_declaration_bounds_the_librarys_own_presentation_too ... ok
test the_terminal_record_pays_for_itself_before_the_call_returns ... ok

test result: ok. 3 passed; 0 failed; 0 ignored; 0 measured; 0 filtered out; finished in 0.07s

     Running tests/bulk_recovery_handover.rs (target/debug/deps/bulk_recovery_handover-87cffa074374d5e8)

running 2 tests
test a_container_a_class_task_is_still_using_is_never_parsed_again ... ok
test a_run_holds_a_container_only_until_the_class_task_reading_it_ends ... ok

test result: ok. 2 passed; 0 failed; 0 ignored; 0 measured; 0 filtered out; finished in 2.09s

     Running tests/bulk_recovery_lifecycle.rs (target/debug/deps/bulk_recovery_lifecycle-54af6e4f5c348306)

running 4 tests
test a_run_without_faults_still_reports_its_own_lifecycle ... ok
test a_worker_that_panics_fails_the_operation_and_leaves_no_thread_behind ... ok
test a_worker_the_system_refuses_to_create_fails_the_operation_before_dispatching ... ok
test at_most_the_window_of_class_tasks_runs_at_once_and_two_of_them_overlap ... ok

test result: ok. 4 passed; 0 failed; 0 ignored; 0 measured; 0 filtered out; finished in 0.05s

     Running tests/bulk_recovery_retention.rs (target/debug/deps/bulk_recovery_retention-dac31b95402ba262)

running 2 tests
test a_consumed_result_is_handed_over_once_and_the_report_keeps_no_result ... ok
test zero_and_tiny_retention_publish_the_same_scope_as_retention_with_room ... ok

test result: ok. 2 passed; 0 failed; 0 ignored; 0 measured; 0 filtered out; finished in 0.24s

     Running tests/bulk_recovery_serial.rs (target/debug/deps/bulk_recovery_serial-34ef226432903019)

running 7 tests
test a_class_over_the_preparation_ceiling_is_refused_before_it_is_read_into_memory ... ok
test a_class_that_cannot_be_prepared_is_refused_and_its_method_count_stays_unknown ... ok
test an_explanation_only_result_is_an_outcome_and_not_a_stop ... ok
test the_same_methods_read_one_at_a_time_cost_one_class_read_each ... ok
test the_serial_configuration_finishes_inside_a_deadline_and_holds_no_window_slot ... ok
test the_store_the_caller_attached_is_the_store_the_operation_reads_through ... ok
test the_whole_scope_is_recovered_class_by_class_in_physical_order ... ok

test result: ok. 7 passed; 0 failed; 0 ignored; 0 measured; 0 filtered out; finished in 0.09s

     Running tests/bulk_recovery_workers.rs (target/debug/deps/bulk_recovery_workers-3fb9a527114de32c)

running 6 tests
test a_class_task_overlaps_another_while_the_first_one_is_still_working ... ok
test one_worker_and_four_publish_the_same_stream ... ok
test the_observation_port_sees_the_coordination_that_really_happened ... ok
test the_operations_total_and_a_methods_local_limit_are_two_declarations ... ok
test the_request_is_checked_before_anything_is_dispatched ... ok
test the_window_reduces_the_workers_and_publishes_both_numbers ... ok

test result: ok. 6 passed; 0 failed; 0 ignored; 0 measured; 0 filtered out; finished in 0.16s

     Running tests/bulk_support.rs (target/debug/deps/bulk_support-eb17a30deb19a8c6)

running 0 tests

test result: ok. 0 passed; 0 failed; 0 ignored; 0 measured; 0 filtered out; finished in 0.00s

     Running tests/class_scope_constructor_projection.rs (target/debug/deps/class_scope_constructor_projection-b9914668aeff1479)

running 6 tests
test class_scope_constructor_positives_recompile_and_preserve_behavior_and_binders ... ok
test cross_hold_restores_u_constructor_binder_and_keeps_t_field_erased ... ok
test peer_new_restores_only_the_two_argument_constructor_binder ... ok
test positive_constructor_output_budget_and_early_cancellation_stop_cleanly ... ok
test this_delegate_keeps_physical_signature_and_recompiles_with_original_behavior ... ok
test unproved_constructor_shapes_keep_physical_parameters_and_refusals ... FAILED

failures:

---- unproved_constructor_shapes_keep_physical_parameters_and_refusals stdout ----

thread 'unproved_constructor_shapes_keep_physical_parameters_and_refusals' (7767743) panicked at tests/class_scope_constructor_projection.rs:315:9:
CallHold keeps its erased Object parameter: public CallHold(T v)
note: run with `RUST_BACKTRACE=1` environment variable to display a backtrace


failures:
    unproved_constructor_shapes_keep_physical_parameters_and_refusals

test result: FAILED. 5 passed; 1 failed; 0 ignored; 0 measured; 0 filtered out; finished in 15.84s

error: test failed, to rerun pass `-p jarde --test class_scope_constructor_projection`
