class.class_bytes.digest = "c0747fbcedb7cd2d4f95781632c17202c735b5f4ebb2f7049756acb206ca84a3"
class.class_bytes.length = 269
class.location.kind = "standalone_root"
class.location.snapshot = "c0747fbcedb7cd2d4f95781632c17202c735b5f4ebb2f7049756acb206ca84a3"
class.variant.kind = "base"
coverage.artifact_structural.scanned.0.end = 1
coverage.artifact_structural.scanned.0.label = "navigation_candidates"
coverage.artifact_structural.scanned.0.start = 0
coverage.artifact_structural.scanned.1.end = 3
coverage.artifact_structural.scanned.1.label = "class_methods"
coverage.artifact_structural.scanned.1.start = 0
coverage.artifact_structural.scanned.2.end = 3
coverage.artifact_structural.scanned.2.label = "class_source_bodies"
coverage.artifact_structural.scanned.2.start = 0
coverage.artifact_structural.skipped = []
coverage.artifact_structural.state = "complete_within_schema"
coverage.artifact_structural.uninterpreted_extensions = []
coverage.dynamic_analysis.scanned = []
coverage.dynamic_analysis.skipped = []
coverage.dynamic_analysis.state = "not_requested"
coverage.dynamic_analysis.uninterpreted_extensions = []
coverage.runtime_resolution.scanned = []
coverage.runtime_resolution.skipped = []
coverage.runtime_resolution.state = "not_requested"
coverage.runtime_resolution.uninterpreted_extensions = []
declaration.declaration = "public final class OwnerBoundaryProbe extends java.lang.Object"
declaration.item.binding.kind = "standalone_root"
declaration.item.declaration.access_flags = 49
declaration.item.declaration.interfaces = []
declaration.item.declaration.super_class.escaped = "java/lang/Object"
declaration.item.declaration.super_class.raw = [106,97,118,97,47,108,97,110,103,47,79,98,106,101,99,116]
declaration.item.declaration.super_class.utf16 = [106,97,118,97,47,108,97,110,103,47,79,98,106,101,99,116]
declaration.item.declaration.this_class.escaped = "OwnerBoundaryProbe"
declaration.item.declaration.this_class.raw = [79,119,110,101,114,66,111,117,110,100,97,114,121,80,114,111,98,101]
declaration.item.declaration.this_class.utf16 = [79,119,110,101,114,66,111,117,110,100,97,114,121,80,114,111,98,101]
declaration.item.definition.class_bytes.digest = "c0747fbcedb7cd2d4f95781632c17202c735b5f4ebb2f7049756acb206ca84a3"
declaration.item.definition.class_bytes.length = 269
declaration.item.definition.location.kind = "standalone_root"
declaration.item.definition.location.snapshot = "c0747fbcedb7cd2d4f95781632c17202c735b5f4ebb2f7049756acb206ca84a3"
declaration.item.definition.variant.kind = "base"
declaration.item.member_table = null
declaration.name = "OwnerBoundaryProbe"
diagnostics = []
execution.status = "complete"
execution.usage.analysis_steps = 78
execution.usage.archive_entries = 0
execution.usage.attribute_bytes = 207
execution.usage.class_bytes = 538
execution.usage.class_headers = 1
execution.usage.code_bytes = 15
execution.usage.dependency_depth = 0
execution.usage.elapsed_millis = 1
execution.usage.entry_bytes = 0
execution.usage.input_bytes = 269
execution.usage.ir_edges = 5
execution.usage.ir_items = 134
execution.usage.method_bodies = 3
execution.usage.nested_depth = 0
execution.usage.normalization_clones = 0
execution.usage.output_bytes = 868
execution.usage.read_bytes = 269
execution.usage.result_items = 10
fields = []
limits.analysis_steps = 4194304
limits.archive_entries = 65536
limits.attribute_bytes = 67108864
limits.class_bytes = 67108864
limits.class_headers = 4096
limits.code_bytes = 16777216
limits.dependency_depth = 8
limits.elapsed_millis = 30000
limits.entry_bytes = 67108864
limits.input_bytes = 67108864
limits.ir_edges = 4194304
limits.ir_items = 4194304
limits.method_bodies = 4096
limits.nested_depth = 4
limits.normalization_clones = 1048576
limits.output_bytes = 16777216
limits.read_bytes = 67108864
limits.result_items = 65536
methods.0.declaration = "public OwnerBoundaryProbe()"
methods.0.item.access_flags = 1
methods.0.item.body.content_span.length = 17
methods.0.item.body.content_span.start = 188
methods.0.item.body.kind = "code_attribute"
methods.0.item.descriptor.escaped = "()V"
methods.0.item.descriptor.raw = [40,41,86]
methods.0.item.descriptor.utf16 = [40,41,86]
methods.0.item.identity.descriptor = [40,41,86]
methods.0.item.identity.name = [60,105,110,105,116,62]
methods.0.item.identity.owner.class_bytes.digest = "c0747fbcedb7cd2d4f95781632c17202c735b5f4ebb2f7049756acb206ca84a3"
methods.0.item.identity.owner.class_bytes.length = 269
methods.0.item.identity.owner.location.kind = "standalone_root"
methods.0.item.identity.owner.location.snapshot = "c0747fbcedb7cd2d4f95781632c17202c735b5f4ebb2f7049756acb206ca84a3"
methods.0.item.identity.owner.variant.kind = "base"
methods.0.item.index = 0
methods.0.item.name.escaped = "<init>"
methods.0.item.name.raw = [60,105,110,105,116,62]
methods.0.item.name.utf16 = [60,105,110,105,116,62]
methods.0.markers = []
methods.0.no_body_kind = null
methods.0.outcome.analysis.diagnostics = 0
methods.0.outcome.analysis.execution.status = "complete"
methods.0.outcome.analysis.execution.usage.analysis_steps = 21
methods.0.outcome.analysis.execution.usage.archive_entries = 0
methods.0.outcome.analysis.execution.usage.attribute_bytes = 161
methods.0.outcome.analysis.execution.usage.class_bytes = 538
methods.0.outcome.analysis.execution.usage.class_headers = 1
methods.0.outcome.analysis.execution.usage.code_bytes = 5
methods.0.outcome.analysis.execution.usage.dependency_depth = 0
methods.0.outcome.analysis.execution.usage.elapsed_millis = 0
methods.0.outcome.analysis.execution.usage.entry_bytes = 0
methods.0.outcome.analysis.execution.usage.input_bytes = 269
methods.0.outcome.analysis.execution.usage.ir_edges = 2
methods.0.outcome.analysis.execution.usage.ir_items = 48
methods.0.outcome.analysis.execution.usage.method_bodies = 1
methods.0.outcome.analysis.execution.usage.nested_depth = 0
methods.0.outcome.analysis.execution.usage.normalization_clones = 0
methods.0.outcome.analysis.execution.usage.output_bytes = 269
methods.0.outcome.analysis.execution.usage.read_bytes = 269
methods.0.outcome.analysis.execution.usage.result_items = 7
methods.0.outcome.kind = "recovered"
methods.0.outcome.report.accessors = []
methods.0.outcome.report.aliased_names = []
methods.0.outcome.report.artifact.agreement.state = "not_stated"
methods.0.outcome.report.artifact.binding.engine = "0.1.0"
methods.0.outcome.report.artifact.binding.environment.content = ["c0747fbcedb7cd2d4f95781632c17202c735b5f4ebb2f7049756acb206ca84a3"]
methods.0.outcome.report.artifact.binding.environment.domain_loaders = ["app"]
methods.0.outcome.report.artifact.binding.environment.providers = []
methods.0.outcome.report.artifact.binding.environment.runtime.load_domain.delegation.kind = "parent_first"
methods.0.outcome.report.artifact.binding.environment.runtime.load_domain.external_override = "none"
methods.0.outcome.report.artifact.binding.environment.runtime.load_domain.loader = "app"
methods.0.outcome.report.artifact.binding.environment.runtime.load_domain.module_mode.kind = "class_path"
methods.0.outcome.report.artifact.binding.environment.runtime.load_domain.parent_loader = null
methods.0.outcome.report.artifact.binding.environment.runtime.load_domain.roots.0.kind = "standalone_class"
methods.0.outcome.report.artifact.binding.environment.runtime.load_domain.roots.0.snapshot = "c0747fbcedb7cd2d4f95781632c17202c735b5f4ebb2f7049756acb206ca84a3"
methods.0.outcome.report.artifact.binding.environment.runtime.load_domain.runtime_transformation = "none"
methods.0.outcome.report.artifact.binding.environment.runtime.physical.scope.kind = "snapshot_all"
methods.0.outcome.report.artifact.binding.environment.runtime.physical.snapshot = "c0747fbcedb7cd2d4f95781632c17202c735b5f4ebb2f7049756acb206ca84a3"
methods.0.outcome.report.artifact.binding.environment.runtime.profile.java_release = 8
methods.0.outcome.report.artifact.binding.environment.runtime.profile.layout.kind = "generic"
methods.0.outcome.report.artifact.binding.environment.runtime.profile.multi_release.kind = "disabled"
methods.0.outcome.report.artifact.binding.member_ordinal = 0
methods.0.outcome.report.artifact.binding.method.descriptor = [40,41,86]
methods.0.outcome.report.artifact.binding.method.name = [60,105,110,105,116,62]
methods.0.outcome.report.artifact.binding.method.owner.class_bytes.digest = "c0747fbcedb7cd2d4f95781632c17202c735b5f4ebb2f7049756acb206ca84a3"
methods.0.outcome.report.artifact.binding.method.owner.class_bytes.length = 269
methods.0.outcome.report.artifact.binding.method.owner.location.kind = "standalone_root"
methods.0.outcome.report.artifact.binding.method.owner.location.snapshot = "c0747fbcedb7cd2d4f95781632c17202c735b5f4ebb2f7049756acb206ca84a3"
methods.0.outcome.report.artifact.binding.method.owner.variant.kind = "base"
methods.0.outcome.report.artifact.binding.profile.java_release = 8
methods.0.outcome.report.artifact.binding.profile.layout.kind = "generic"
methods.0.outcome.report.artifact.binding.profile.multi_release.kind = "disabled"
methods.0.outcome.report.artifact.binding.registry = 71
methods.0.outcome.report.artifact.binding.rules = ["straight@1","if@1","loop@1","switch@1","lambda@1","concat@1","bridge@1","accessor@1","new@1","field@1","enumswitch@1","init@1","declaration@1","twr@1","monitor@1"]
methods.0.outcome.report.artifact.binding.schema = 1
methods.0.outcome.report.artifact.binding.text_bytes = 192
methods.0.outcome.report.artifact.binding.text_digest = "8346b235e8b062cb9050e143a0b5ae2b"
methods.0.outcome.report.bridges = []
methods.0.outcome.report.compile_status = "not_attempted"
methods.0.outcome.report.concats = []
methods.0.outcome.report.content = "contains_statements"
methods.0.outcome.report.declaration = null
methods.0.outcome.report.diagnostics.0.code = "jre_recovery_produced"
methods.0.outcome.report.diagnostics.0.message = "1 region(s), 2 statement(s), 2 segment(s), 192 byte(s) written from 1 canonical block(s)"
methods.0.outcome.report.diagnostics.0.provenance = null
methods.0.outcome.report.diagnostics.0.severity = "info"
methods.0.outcome.report.diagnostics.1.code = "jre_constructor_prologue"
methods.0.outcome.report.diagnostics.1.message = "the body is an instance initializer and its prologue is written under init@1 as `super`: the call at BCI 1 names `java/lang/Object`, and the class that declares this constructor is `OwnerBoundaryProbe`"
methods.0.outcome.report.diagnostics.1.provenance = null
methods.0.outcome.report.diagnostics.1.severity = "info"
methods.0.outcome.report.diagnostics.2.code = "jre_declaration"
methods.0.outcome.report.diagnostics.2.message = "the artifact's envelope states the member's declaration under declaration@1: a constructor"
methods.0.outcome.report.diagnostics.2.provenance = null
methods.0.outcome.report.diagnostics.2.severity = "info"
methods.0.outcome.report.enum_switches = []
methods.0.outcome.report.evidence.categories.0.kind = "source_map"
methods.0.outcome.report.evidence.categories.0.state.state = "not_requested"
methods.0.outcome.report.evidence.categories.1.kind = "region_details"
methods.0.outcome.report.evidence.categories.1.state.state = "not_requested"
methods.0.outcome.report.evidence.categories.2.kind = "rule_details"
methods.0.outcome.report.evidence.categories.2.state.state = "not_requested"
methods.0.outcome.report.evidence.categories.3.kind = "name_details"
methods.0.outcome.report.evidence.categories.3.state.state = "not_requested"
methods.0.outcome.report.evidence.categories.4.kind = "read_details"
methods.0.outcome.report.evidence.categories.4.state.state = "not_requested"
methods.0.outcome.report.evidence.requested.driver_bci_range = null
methods.0.outcome.report.evidence.requested.expected_artifact = null
methods.0.outcome.report.evidence.requested.kinds = []
methods.0.outcome.report.execution.status = "complete"
methods.0.outcome.report.execution.usage.analysis_steps = 26
methods.0.outcome.report.execution.usage.archive_entries = 0
methods.0.outcome.report.execution.usage.attribute_bytes = 161
methods.0.outcome.report.execution.usage.class_bytes = 538
methods.0.outcome.report.execution.usage.class_headers = 1
methods.0.outcome.report.execution.usage.code_bytes = 5
methods.0.outcome.report.execution.usage.dependency_depth = 0
methods.0.outcome.report.execution.usage.elapsed_millis = 0
methods.0.outcome.report.execution.usage.entry_bytes = 0
methods.0.outcome.report.execution.usage.input_bytes = 269
methods.0.outcome.report.execution.usage.ir_edges = 2
methods.0.outcome.report.execution.usage.ir_items = 54
methods.0.outcome.report.execution.usage.method_bodies = 1
methods.0.outcome.report.execution.usage.nested_depth = 0
methods.0.outcome.report.execution.usage.normalization_clones = 0
methods.0.outcome.report.execution.usage.output_bytes = 461
methods.0.outcome.report.execution.usage.read_bytes = 269
methods.0.outcome.report.execution.usage.result_items = 7
methods.0.outcome.report.fallbacks = []
methods.0.outcome.report.fields = []
methods.0.outcome.report.init = null
methods.0.outcome.report.lambdas = []
methods.0.outcome.report.method = "<init>()V"
methods.0.outcome.report.news = []
methods.0.outcome.report.outcome = "produced"
methods.0.outcome.report.profile.java_release = 8
methods.0.outcome.report.profile.layout.kind = "generic"
methods.0.outcome.report.profile.multi_release.kind = "disabled"
methods.0.outcome.report.quality = "structured"
methods.0.outcome.report.regions = []
methods.0.outcome.report.representation = "java"
methods.0.outcome.report.rules = []
methods.0.outcome.report.semantic_validation = "unproven"
methods.0.outcome.report.source_map.segments = []
methods.0.outcome.report.syntax_status = "unchecked"
methods.0.outcome.report.text = "// @method <init>()V\n// @declaration a constructor of `OwnerBoundaryProbe`, member flags 0x0001\n// recovered from bytecode; presentation is not claimed to compile\n{\n    super();\n    return;\n}\n"
methods.0.outcome.report.verification = "not_performed"
methods.0.text = "    public OwnerBoundaryProbe() {\n        // @method <init>()V\n        // @declaration a constructor of `OwnerBoundaryProbe`, member flags 0x0001\n        // recovered from bytecode; presentation is not claimed to compile\n        super();\n        return;\n    }\n"
methods.1.declaration = "static Child receiver()"
methods.1.item.access_flags = 8
methods.1.item.body.content_span.length = 14
methods.1.item.body.content_span.start = 219
methods.1.item.body.kind = "code_attribute"
methods.1.item.descriptor.escaped = "()LChild;"
methods.1.item.descriptor.raw = [40,41,76,67,104,105,108,100,59]
methods.1.item.descriptor.utf16 = [40,41,76,67,104,105,108,100,59]
methods.1.item.identity.descriptor = [40,41,76,67,104,105,108,100,59]
methods.1.item.identity.name = [114,101,99,101,105,118,101,114]
methods.1.item.identity.owner.class_bytes.digest = "c0747fbcedb7cd2d4f95781632c17202c735b5f4ebb2f7049756acb206ca84a3"
methods.1.item.identity.owner.class_bytes.length = 269
methods.1.item.identity.owner.location.kind = "standalone_root"
methods.1.item.identity.owner.location.snapshot = "c0747fbcedb7cd2d4f95781632c17202c735b5f4ebb2f7049756acb206ca84a3"
methods.1.item.identity.owner.variant.kind = "base"
methods.1.item.index = 1
methods.1.item.name.escaped = "receiver"
methods.1.item.name.raw = [114,101,99,101,105,118,101,114]
methods.1.item.name.utf16 = [114,101,99,101,105,118,101,114]
methods.1.markers = []
methods.1.no_body_kind = null
methods.1.outcome.analysis.diagnostics = 0
methods.1.outcome.analysis.execution.status = "complete"
methods.1.outcome.analysis.execution.usage.analysis_steps = 42
methods.1.outcome.analysis.execution.usage.archive_entries = 0
methods.1.outcome.analysis.execution.usage.attribute_bytes = 181
methods.1.outcome.analysis.execution.usage.class_bytes = 538
methods.1.outcome.analysis.execution.usage.class_headers = 1
methods.1.outcome.analysis.execution.usage.code_bytes = 7
methods.1.outcome.analysis.execution.usage.dependency_depth = 0
methods.1.outcome.analysis.execution.usage.elapsed_millis = 1
methods.1.outcome.analysis.execution.usage.entry_bytes = 0
methods.1.outcome.analysis.execution.usage.input_bytes = 269
methods.1.outcome.analysis.execution.usage.ir_edges = 3
methods.1.outcome.analysis.execution.usage.ir_items = 77
methods.1.outcome.analysis.execution.usage.method_bodies = 2
methods.1.outcome.analysis.execution.usage.nested_depth = 0
methods.1.outcome.analysis.execution.usage.normalization_clones = 0
methods.1.outcome.analysis.execution.usage.output_bytes = 461
methods.1.outcome.analysis.execution.usage.read_bytes = 269
methods.1.outcome.analysis.execution.usage.result_items = 8
methods.1.outcome.kind = "recovered"
methods.1.outcome.report.accessors = []
methods.1.outcome.report.aliased_names = []
methods.1.outcome.report.artifact.agreement.state = "not_stated"
methods.1.outcome.report.artifact.binding.engine = "0.1.0"
methods.1.outcome.report.artifact.binding.environment.content = ["c0747fbcedb7cd2d4f95781632c17202c735b5f4ebb2f7049756acb206ca84a3"]
methods.1.outcome.report.artifact.binding.environment.domain_loaders = ["app"]
methods.1.outcome.report.artifact.binding.environment.providers = []
methods.1.outcome.report.artifact.binding.environment.runtime.load_domain.delegation.kind = "parent_first"
methods.1.outcome.report.artifact.binding.environment.runtime.load_domain.external_override = "none"
methods.1.outcome.report.artifact.binding.environment.runtime.load_domain.loader = "app"
methods.1.outcome.report.artifact.binding.environment.runtime.load_domain.module_mode.kind = "class_path"
methods.1.outcome.report.artifact.binding.environment.runtime.load_domain.parent_loader = null
methods.1.outcome.report.artifact.binding.environment.runtime.load_domain.roots.0.kind = "standalone_class"
methods.1.outcome.report.artifact.binding.environment.runtime.load_domain.roots.0.snapshot = "c0747fbcedb7cd2d4f95781632c17202c735b5f4ebb2f7049756acb206ca84a3"
methods.1.outcome.report.artifact.binding.environment.runtime.load_domain.runtime_transformation = "none"
methods.1.outcome.report.artifact.binding.environment.runtime.physical.scope.kind = "snapshot_all"
methods.1.outcome.report.artifact.binding.environment.runtime.physical.snapshot = "c0747fbcedb7cd2d4f95781632c17202c735b5f4ebb2f7049756acb206ca84a3"
methods.1.outcome.report.artifact.binding.environment.runtime.profile.java_release = 8
methods.1.outcome.report.artifact.binding.environment.runtime.profile.layout.kind = "generic"
methods.1.outcome.report.artifact.binding.environment.runtime.profile.multi_release.kind = "disabled"
methods.1.outcome.report.artifact.binding.member_ordinal = 1
methods.1.outcome.report.artifact.binding.method.descriptor = [40,41,76,67,104,105,108,100,59]
methods.1.outcome.report.artifact.binding.method.name = [114,101,99,101,105,118,101,114]
methods.1.outcome.report.artifact.binding.method.owner.class_bytes.digest = "c0747fbcedb7cd2d4f95781632c17202c735b5f4ebb2f7049756acb206ca84a3"
methods.1.outcome.report.artifact.binding.method.owner.class_bytes.length = 269
methods.1.outcome.report.artifact.binding.method.owner.location.kind = "standalone_root"
methods.1.outcome.report.artifact.binding.method.owner.location.snapshot = "c0747fbcedb7cd2d4f95781632c17202c735b5f4ebb2f7049756acb206ca84a3"
methods.1.outcome.report.artifact.binding.method.owner.variant.kind = "base"
methods.1.outcome.report.artifact.binding.profile.java_release = 8
methods.1.outcome.report.artifact.binding.profile.layout.kind = "generic"
methods.1.outcome.report.artifact.binding.profile.multi_release.kind = "disabled"
methods.1.outcome.report.artifact.binding.registry = 71
methods.1.outcome.report.artifact.binding.rules = ["straight@1","if@1","loop@1","switch@1","lambda@1","concat@1","bridge@1","accessor@1","new@1","field@1","enumswitch@1","init@1","declaration@1","twr@1","monitor@1"]
methods.1.outcome.report.artifact.binding.schema = 1
methods.1.outcome.report.artifact.binding.text_bytes = 194
methods.1.outcome.report.artifact.binding.text_digest = "4ba2684d0a7ea6b4e4b539a9cbc0eeeb"
methods.1.outcome.report.bridges = []
methods.1.outcome.report.compile_status = "not_attempted"
methods.1.outcome.report.concats = []
methods.1.outcome.report.content = "contains_statements"
methods.1.outcome.report.declaration = null
methods.1.outcome.report.diagnostics.0.code = "jre_recovery_produced"
methods.1.outcome.report.diagnostics.0.message = "1 region(s), 1 statement(s), 2 segment(s), 194 byte(s) written from 1 canonical block(s)"
methods.1.outcome.report.diagnostics.0.provenance = null
methods.1.outcome.report.diagnostics.0.severity = "info"
methods.1.outcome.report.diagnostics.1.code = "jre_declaration"
methods.1.outcome.report.diagnostics.1.message = "the artifact's envelope states the member's declaration under declaration@1: a static method"
methods.1.outcome.report.diagnostics.1.provenance = null
methods.1.outcome.report.diagnostics.1.severity = "info"
methods.1.outcome.report.enum_switches = []
methods.1.outcome.report.evidence.categories.0.kind = "source_map"
methods.1.outcome.report.evidence.categories.0.state.state = "not_requested"
methods.1.outcome.report.evidence.categories.1.kind = "region_details"
methods.1.outcome.report.evidence.categories.1.state.state = "not_requested"
methods.1.outcome.report.evidence.categories.2.kind = "rule_details"
methods.1.outcome.report.evidence.categories.2.state.state = "not_requested"
methods.1.outcome.report.evidence.categories.3.kind = "name_details"
methods.1.outcome.report.evidence.categories.3.state.state = "not_requested"
methods.1.outcome.report.evidence.categories.4.kind = "read_details"
methods.1.outcome.report.evidence.categories.4.state.state = "not_requested"
methods.1.outcome.report.evidence.requested.driver_bci_range = null
methods.1.outcome.report.evidence.requested.expected_artifact = null
methods.1.outcome.report.evidence.requested.kinds = []
methods.1.outcome.report.execution.status = "complete"
methods.1.outcome.report.execution.usage.analysis_steps = 47
methods.1.outcome.report.execution.usage.archive_entries = 0
methods.1.outcome.report.execution.usage.attribute_bytes = 181
methods.1.outcome.report.execution.usage.class_bytes = 538
methods.1.outcome.report.execution.usage.class_headers = 1
methods.1.outcome.report.execution.usage.code_bytes = 7
methods.1.outcome.report.execution.usage.dependency_depth = 0
methods.1.outcome.report.execution.usage.elapsed_millis = 1
methods.1.outcome.report.execution.usage.entry_bytes = 0
methods.1.outcome.report.execution.usage.input_bytes = 269
methods.1.outcome.report.execution.usage.ir_edges = 3
methods.1.outcome.report.execution.usage.ir_items = 80
methods.1.outcome.report.execution.usage.method_bodies = 2
methods.1.outcome.report.execution.usage.nested_depth = 0
methods.1.outcome.report.execution.usage.normalization_clones = 0
methods.1.outcome.report.execution.usage.output_bytes = 655
methods.1.outcome.report.execution.usage.read_bytes = 269
methods.1.outcome.report.execution.usage.result_items = 8
methods.1.outcome.report.fallbacks = []
methods.1.outcome.report.fields = []
methods.1.outcome.report.init = null
methods.1.outcome.report.lambdas = []
methods.1.outcome.report.method = "receiver()LChild;"
methods.1.outcome.report.news = []
methods.1.outcome.report.outcome = "produced"
methods.1.outcome.report.profile.java_release = 8
methods.1.outcome.report.profile.layout.kind = "generic"
methods.1.outcome.report.profile.multi_release.kind = "disabled"
methods.1.outcome.report.quality = "structured"
methods.1.outcome.report.regions = []
methods.1.outcome.report.representation = "java"
methods.1.outcome.report.rules = []
methods.1.outcome.report.semantic_validation = "unproven"
methods.1.outcome.report.source_map.segments = []
methods.1.outcome.report.syntax_status = "unchecked"
methods.1.outcome.report.text = "// @method receiver()LChild;\n// @declaration a static method of `OwnerBoundaryProbe`, member flags 0x0008\n// recovered from bytecode; presentation is not claimed to compile\n{\n    return null;\n}\n"
methods.1.outcome.report.verification = "not_performed"
methods.1.text = "    static Child receiver() {\n        // @method receiver()LChild;\n        // @declaration a static method of `OwnerBoundaryProbe`, member flags 0x0008\n        // recovered from bytecode; presentation is not claimed to compile\n        return null;\n    }\n"
methods.2.declaration = "public static int call()"
methods.2.item.access_flags = 9
methods.2.item.body.content_span.length = 20
methods.2.item.body.content_span.start = 247
methods.2.item.body.kind = "code_attribute"
methods.2.item.descriptor.escaped = "()I"
methods.2.item.descriptor.raw = [40,41,73]
methods.2.item.descriptor.utf16 = [40,41,73]
methods.2.item.identity.descriptor = [40,41,73]
methods.2.item.identity.name = [99,97,108,108]
methods.2.item.identity.owner.class_bytes.digest = "c0747fbcedb7cd2d4f95781632c17202c735b5f4ebb2f7049756acb206ca84a3"
methods.2.item.identity.owner.class_bytes.length = 269
methods.2.item.identity.owner.location.kind = "standalone_root"
methods.2.item.identity.owner.location.snapshot = "c0747fbcedb7cd2d4f95781632c17202c735b5f4ebb2f7049756acb206ca84a3"
methods.2.item.identity.owner.variant.kind = "base"
methods.2.item.index = 2
methods.2.item.name.escaped = "call"
methods.2.item.name.raw = [99,97,108,108]
methods.2.item.name.utf16 = [99,97,108,108]
methods.2.markers = []
methods.2.no_body_kind = null
methods.2.outcome.analysis.diagnostics = 0
methods.2.outcome.analysis.execution.status = "complete"
methods.2.outcome.analysis.execution.usage.analysis_steps = 73
methods.2.outcome.analysis.execution.usage.archive_entries = 0
methods.2.outcome.analysis.execution.usage.attribute_bytes = 207
methods.2.outcome.analysis.execution.usage.class_bytes = 538
methods.2.outcome.analysis.execution.usage.class_headers = 1
methods.2.outcome.analysis.execution.usage.code_bytes = 15
methods.2.outcome.analysis.execution.usage.dependency_depth = 0
methods.2.outcome.analysis.execution.usage.elapsed_millis = 1
methods.2.outcome.analysis.execution.usage.entry_bytes = 0
methods.2.outcome.analysis.execution.usage.input_bytes = 269
methods.2.outcome.analysis.execution.usage.ir_edges = 5
methods.2.outcome.analysis.execution.usage.ir_items = 123
methods.2.outcome.analysis.execution.usage.method_bodies = 3
methods.2.outcome.analysis.execution.usage.nested_depth = 0
methods.2.outcome.analysis.execution.usage.normalization_clones = 0
methods.2.outcome.analysis.execution.usage.output_bytes = 655
methods.2.outcome.analysis.execution.usage.read_bytes = 269
methods.2.outcome.analysis.execution.usage.result_items = 9
methods.2.outcome.kind = "recovered"
methods.2.outcome.report.accessors = []
methods.2.outcome.report.aliased_names = []
methods.2.outcome.report.artifact.agreement.state = "not_stated"
methods.2.outcome.report.artifact.binding.engine = "0.1.0"
methods.2.outcome.report.artifact.binding.environment.content = ["c0747fbcedb7cd2d4f95781632c17202c735b5f4ebb2f7049756acb206ca84a3"]
methods.2.outcome.report.artifact.binding.environment.domain_loaders = ["app"]
methods.2.outcome.report.artifact.binding.environment.providers = []
methods.2.outcome.report.artifact.binding.environment.runtime.load_domain.delegation.kind = "parent_first"
methods.2.outcome.report.artifact.binding.environment.runtime.load_domain.external_override = "none"
methods.2.outcome.report.artifact.binding.environment.runtime.load_domain.loader = "app"
methods.2.outcome.report.artifact.binding.environment.runtime.load_domain.module_mode.kind = "class_path"
methods.2.outcome.report.artifact.binding.environment.runtime.load_domain.parent_loader = null
methods.2.outcome.report.artifact.binding.environment.runtime.load_domain.roots.0.kind = "standalone_class"
methods.2.outcome.report.artifact.binding.environment.runtime.load_domain.roots.0.snapshot = "c0747fbcedb7cd2d4f95781632c17202c735b5f4ebb2f7049756acb206ca84a3"
methods.2.outcome.report.artifact.binding.environment.runtime.load_domain.runtime_transformation = "none"
methods.2.outcome.report.artifact.binding.environment.runtime.physical.scope.kind = "snapshot_all"
methods.2.outcome.report.artifact.binding.environment.runtime.physical.snapshot = "c0747fbcedb7cd2d4f95781632c17202c735b5f4ebb2f7049756acb206ca84a3"
methods.2.outcome.report.artifact.binding.environment.runtime.profile.java_release = 8
methods.2.outcome.report.artifact.binding.environment.runtime.profile.layout.kind = "generic"
methods.2.outcome.report.artifact.binding.environment.runtime.profile.multi_release.kind = "disabled"
methods.2.outcome.report.artifact.binding.member_ordinal = 2
methods.2.outcome.report.artifact.binding.method.descriptor = [40,41,73]
methods.2.outcome.report.artifact.binding.method.name = [99,97,108,108]
methods.2.outcome.report.artifact.binding.method.owner.class_bytes.digest = "c0747fbcedb7cd2d4f95781632c17202c735b5f4ebb2f7049756acb206ca84a3"
methods.2.outcome.report.artifact.binding.method.owner.class_bytes.length = 269
methods.2.outcome.report.artifact.binding.method.owner.location.kind = "standalone_root"
methods.2.outcome.report.artifact.binding.method.owner.location.snapshot = "c0747fbcedb7cd2d4f95781632c17202c735b5f4ebb2f7049756acb206ca84a3"
methods.2.outcome.report.artifact.binding.method.owner.variant.kind = "base"
methods.2.outcome.report.artifact.binding.profile.java_release = 8
methods.2.outcome.report.artifact.binding.profile.layout.kind = "generic"
methods.2.outcome.report.artifact.binding.profile.multi_release.kind = "disabled"
methods.2.outcome.report.artifact.binding.registry = 71
methods.2.outcome.report.artifact.binding.rules = ["straight@1","if@1","loop@1","switch@1","lambda@1","concat@1","bridge@1","accessor@1","new@1","field@1","enumswitch@1","init@1","declaration@1","twr@1","monitor@1"]
methods.2.outcome.report.artifact.binding.schema = 1
methods.2.outcome.report.artifact.binding.text_bytes = 213
methods.2.outcome.report.artifact.binding.text_digest = "2dbcb211009effa6579cbc8221d294bc"
methods.2.outcome.report.bridges = []
methods.2.outcome.report.compile_status = "not_attempted"
methods.2.outcome.report.concats = []
methods.2.outcome.report.content = "contains_statements"
methods.2.outcome.report.declaration = null
methods.2.outcome.report.diagnostics.0.code = "jre_recovery_produced"
methods.2.outcome.report.diagnostics.0.message = "1 region(s), 2 statement(s), 5 segment(s), 213 byte(s) written from 1 canonical block(s)"
methods.2.outcome.report.diagnostics.0.provenance = null
methods.2.outcome.report.diagnostics.0.severity = "info"
methods.2.outcome.report.diagnostics.1.code = "jre_declaration"
methods.2.outcome.report.diagnostics.1.message = "the artifact's envelope states the member's declaration under declaration@1: a static method"
methods.2.outcome.report.diagnostics.1.provenance = null
methods.2.outcome.report.diagnostics.1.severity = "info"
methods.2.outcome.report.enum_switches = []
methods.2.outcome.report.evidence.categories.0.kind = "source_map"
methods.2.outcome.report.evidence.categories.0.state.state = "not_requested"
methods.2.outcome.report.evidence.categories.1.kind = "region_details"
methods.2.outcome.report.evidence.categories.1.state.state = "not_requested"
methods.2.outcome.report.evidence.categories.2.kind = "rule_details"
methods.2.outcome.report.evidence.categories.2.state.state = "not_requested"
methods.2.outcome.report.evidence.categories.3.kind = "name_details"
methods.2.outcome.report.evidence.categories.3.state.state = "not_requested"
methods.2.outcome.report.evidence.categories.4.kind = "read_details"
methods.2.outcome.report.evidence.categories.4.state.state = "not_requested"
methods.2.outcome.report.evidence.requested.driver_bci_range = null
methods.2.outcome.report.evidence.requested.expected_artifact = null
methods.2.outcome.report.evidence.requested.kinds = []
methods.2.outcome.report.execution.status = "complete"
methods.2.outcome.report.execution.usage.analysis_steps = 78
methods.2.outcome.report.execution.usage.archive_entries = 0
methods.2.outcome.report.execution.usage.attribute_bytes = 207
methods.2.outcome.report.execution.usage.class_bytes = 538
methods.2.outcome.report.execution.usage.class_headers = 1
methods.2.outcome.report.execution.usage.code_bytes = 15
methods.2.outcome.report.execution.usage.dependency_depth = 0
methods.2.outcome.report.execution.usage.elapsed_millis = 1
methods.2.outcome.report.execution.usage.entry_bytes = 0
methods.2.outcome.report.execution.usage.input_bytes = 269
methods.2.outcome.report.execution.usage.ir_edges = 5
methods.2.outcome.report.execution.usage.ir_items = 134
methods.2.outcome.report.execution.usage.method_bodies = 3
methods.2.outcome.report.execution.usage.nested_depth = 0
methods.2.outcome.report.execution.usage.normalization_clones = 0
methods.2.outcome.report.execution.usage.output_bytes = 868
methods.2.outcome.report.execution.usage.read_bytes = 269
methods.2.outcome.report.execution.usage.result_items = 9
methods.2.outcome.report.fallbacks = []
methods.2.outcome.report.fields = []
methods.2.outcome.report.init = null
methods.2.outcome.report.lambdas = []
methods.2.outcome.report.method = "call()I"
methods.2.outcome.report.news = []
methods.2.outcome.report.outcome = "produced"
methods.2.outcome.report.profile.java_release = 8
methods.2.outcome.report.profile.layout.kind = "generic"
methods.2.outcome.report.profile.multi_release.kind = "disabled"
methods.2.outcome.report.quality = "structured"
methods.2.outcome.report.regions = []
methods.2.outcome.report.representation = "java"
methods.2.outcome.report.rules = []
methods.2.outcome.report.semantic_validation = "unproven"
methods.2.outcome.report.source_map.segments = []
methods.2.outcome.report.syntax_status = "unchecked"
methods.2.outcome.report.text = "// @method call()I\n// @declaration a static method of `OwnerBoundaryProbe`, member flags 0x0009\n// recovered from bytecode; presentation is not claimed to compile\n{\n    receiver();\n    return receiver().ping();\n}\n"
methods.2.outcome.report.verification = "not_performed"
methods.2.text = "    public static int call() {\n        // @method call()I\n        // @declaration a static method of `OwnerBoundaryProbe`, member flags 0x0009\n        // recovered from bytecode; presentation is not claimed to compile\n        receiver();\n        return receiver().ping();\n    }\n"
outcome = "performed"
stages = ["raw_facts","raw_cfg","legacy_normalization","canonical_cfg","frame","ssa"]
usage.analysis_steps = 78
usage.archive_entries = 0
usage.attribute_bytes = 207
usage.class_bytes = 538
usage.class_headers = 1
usage.code_bytes = 15
usage.dependency_depth = 0
usage.elapsed_millis = 1
usage.entry_bytes = 0
usage.input_bytes = 269
usage.ir_edges = 5
usage.ir_items = 134
usage.method_bodies = 3
usage.nested_depth = 0
usage.normalization_clones = 0
usage.output_bytes = 868
usage.read_bytes = 269
usage.result_items = 10
view.scope.kind = "snapshot_all"
view.snapshot = "c0747fbcedb7cd2d4f95781632c17202c735b5f4ebb2f7049756acb206ca84a3"
