Classfile jar:file:///Users/lordcasser/workspace/projects/jarde/openspec/changes/recover-same-class-generic-call-consumers/results/candidate/field18-msrv-final/complete-run/permanent-original-inputs/javac23/StaticRawField/StaticRawField.jar!/StaticRawField.class
  Last modified 2026年10月9日; size 288 bytes
  SHA-256 checksum 7160d0c7d1dd36c4b631d7c28a830f75497eea00a2cea66c0f10c5d636ef6bff
public class StaticRawField
  minor version: 0
  major version: 52
  flags: (0x0021) ACC_PUBLIC, ACC_SUPER
  this_class: #8                          // StaticRawField
  super_class: #2                         // java/lang/Object
  interfaces: 0, fields: 1, methods: 2, attributes: 0
Constant pool:
   #1 = Methodref          #2.#3          // java/lang/Object."<init>":()V
   #2 = Class              #4             // java/lang/Object
   #3 = NameAndType        #5:#6          // "<init>":()V
   #4 = Utf8               java/lang/Object
   #5 = Utf8               <init>
   #6 = Utf8               ()V
   #7 = Fieldref           #8.#9          // StaticRawField.v:Ljava/util/List;
   #8 = Class              #10            // StaticRawField
   #9 = NameAndType        #11:#12        // v:Ljava/util/List;
  #10 = Utf8               StaticRawField
  #11 = Utf8               v
  #12 = Utf8               Ljava/util/List;
  #13 = Utf8               Signature
  #14 = Utf8               Ljava/util/List<Ljava/lang/String;>;
  #15 = Utf8               Code
  #16 = Utf8               put
  #17 = Utf8               (Ljava/util/List;)V
{
  public static java.util.List<java.lang.String> v;
    descriptor: Ljava/util/List;
    flags: (0x0009) ACC_PUBLIC, ACC_STATIC
    Signature: #14                          // Ljava/util/List<Ljava/lang/String;>;

  public StaticRawField();
    descriptor: ()V
    flags: (0x0001) ACC_PUBLIC
    Code:
      stack=1, locals=1, args_size=1
         0: aload_0
         1: invokespecial #1                  // Method java/lang/Object."<init>":()V
         4: return

  public static void put(java.util.List);
    descriptor: (Ljava/util/List;)V
    flags: (0x0009) ACC_PUBLIC, ACC_STATIC
    Code:
      stack=1, locals=1, args_size=1
         0: aload_0
         1: putstatic     #7                  // Field v:Ljava/util/List;
         4: return
}
