警告: [options] 源值 8 已过时，将在未来发行版中删除
警告: [options] 目标值 8 已过时，将在未来发行版中删除
警告: [options] 要隐藏有关已过时选项的警告, 请使用 -Xlint:-options。
/var/folders/gm/lzn3ylzx4lz7mx29lftngdz40000gn/T/jarde-instanceof-cli-1rtgsicb/duplicate/InstanceOfProbe.java:21: 错误: 缺少返回语句
    }
    ^
/var/folders/gm/lzn3ylzx4lz7mx29lftngdz40000gn/T/jarde-instanceof-cli-1rtgsicb/duplicate/InstanceOfProbe.java:32: 错误: 缺少返回语句
    }
    ^
/var/folders/gm/lzn3ylzx4lz7mx29lftngdz40000gn/T/jarde-instanceof-cli-1rtgsicb/duplicate/InstanceOfProbe.java:43: 错误: 缺少返回语句
    }
    ^
/var/folders/gm/lzn3ylzx4lz7mx29lftngdz40000gn/T/jarde-instanceof-cli-1rtgsicb/duplicate/InstanceOfProbe.java:54: 错误: 缺少返回语句
    }
    ^
/var/folders/gm/lzn3ylzx4lz7mx29lftngdz40000gn/T/jarde-instanceof-cli-1rtgsicb/duplicate/InstanceOfProbe.java:65: 错误: 缺少返回语句
    }
    ^
/var/folders/gm/lzn3ylzx4lz7mx29lftngdz40000gn/T/jarde-instanceof-cli-1rtgsicb/duplicate/InstanceOfProbe.java:76: 错误: 缺少返回语句
    }
    ^
/var/folders/gm/lzn3ylzx4lz7mx29lftngdz40000gn/T/jarde-instanceof-cli-1rtgsicb/duplicate/InstanceOfProbe.java:87: 错误: 缺少返回语句
    }
    ^
/var/folders/gm/lzn3ylzx4lz7mx29lftngdz40000gn/T/jarde-instanceof-cli-1rtgsicb/duplicate/InstanceOfProbe.java:98: 错误: 缺少返回语句
    }
    ^
/var/folders/gm/lzn3ylzx4lz7mx29lftngdz40000gn/T/jarde-instanceof-cli-1rtgsicb/duplicate/InstanceOfProbe.java:113: 错误: 缺少返回语句
    }
    ^
/var/folders/gm/lzn3ylzx4lz7mx29lftngdz40000gn/T/jarde-instanceof-cli-1rtgsicb/duplicate/InstanceOfProbe.java:124: 错误: 缺少返回语句
    }
    ^
/var/folders/gm/lzn3ylzx4lz7mx29lftngdz40000gn/T/jarde-instanceof-cli-1rtgsicb/duplicate/InstanceOfProbe.java:135: 错误: 缺少返回语句
    }
    ^
/var/folders/gm/lzn3ylzx4lz7mx29lftngdz40000gn/T/jarde-instanceof-cli-1rtgsicb/duplicate/InstanceOfProbe.java:148: 错误: 缺少返回语句
    }
    ^
12 个错误
3 个警告
