SELF-TEST OK: CP instance chain 0 -> 1; this change's NEG byte-identical; chained-field CF byte-identical
pass A loose candidate classes: 2920
MOVED (single-class): tests/fixtures/recover-instance-field-assignment-chains/v8/CP.class
    22,31c22,24
    <         // @bytecode 4
    <         // the instruction at BCI 4 is not part of the provable subset
    <         // @bytecode 5
    <         // the value at BCI 5 comes from an Other at BCI 4, which produces no expression this subset writes
    <         // @bytecode 8
    <         // the instruction at BCI 8 is not part of the provable subset
    <         // @bytecode 9
MOVED (single-class): tests/fixtures/recover-instance-field-assignment-chains/v8-javac8/CP.class
    22,31c22,24
    <         // @bytecode 4
    <         // the instruction at BCI 4 is not part of the provable subset
    <         // @bytecode 5
    <         // the value at BCI 5 comes from an Other at BCI 4, which produces no expression this subset writes
    <         // @bytecode 8
    <         // the instruction at BCI 8 is not part of the provable subset
    <         // @bytecode 9
UNRENDERED: tests/fixtures/proved-java-structure/package-info-basic/v8/p/package-info.class renders under no name it states
pass A: moved=2 unrendered=1
archive candidate classes: 739
UNRENDERED: openspec/evidence/java-syntax-2026-10-05/package-info-patrol/fixture/pi.jar!com/example/package-info.class renders under its own entry name
pass C: moved=0 unrendered=1
moved classes: single-class=2 jar=0 total=2
unrendered candidates: A=1 C=1
