Classfile jar:file:///Users/lordcasser/workspace/projects/jarde/openspec/evidence/same-class-generic-call-consumers-2026-10-09/frozen-inputs-v1/openjdk23/debug/TwoClassVariables/TwoClassVariables.jar!/TwoClassVariables.class
  Last modified 2026年10月9日; size 827 bytes
  SHA-256 checksum acf7ccc40c08b6df3557241edef03c61bac7e05391e205e170de77c7cb6c8c6a
  Compiled from "TwoClassVariables.java"
public class TwoClassVariables<A extends java.lang.Object, B extends java.lang.Object> extends java.lang.Object
  minor version: 0
  major version: 52
  flags: (0x0021) ACC_PUBLIC, ACC_SUPER
  this_class: #8                          // TwoClassVariables
  super_class: #2                         // java/lang/Object
  interfaces: 0, fields: 0, methods: 3, attributes: 2
Constant pool:
   #1 = Methodref          #2.#3          // java/lang/Object."<init>":()V
   #2 = Class              #4             // java/lang/Object
   #3 = NameAndType        #5:#6          // "<init>":()V
   #4 = Utf8               java/lang/Object
   #5 = Utf8               <init>
   #6 = Utf8               ()V
   #7 = Methodref          #8.#9          // TwoClassVariables.combine:(Ljava/lang/Object;Ljava/lang/Object;)Ljava/lang/Object;
   #8 = Class              #10            // TwoClassVariables
   #9 = NameAndType        #11:#12        // combine:(Ljava/lang/Object;Ljava/lang/Object;)Ljava/lang/Object;
  #10 = Utf8               TwoClassVariables
  #11 = Utf8               combine
  #12 = Utf8               (Ljava/lang/Object;Ljava/lang/Object;)Ljava/lang/Object;
  #13 = Utf8               Code
  #14 = Utf8               LineNumberTable
  #15 = Utf8               LocalVariableTable
  #16 = Utf8               this
  #17 = Utf8               LTwoClassVariables;
  #18 = Utf8               LocalVariableTypeTable
  #19 = Utf8               LTwoClassVariables<TA;TB;>;
  #20 = Utf8               a
  #21 = Utf8               Ljava/lang/Object;
  #22 = Utf8               b
  #23 = Utf8               TA;
  #24 = Utf8               TB;
  #25 = Utf8               Signature
  #26 = Utf8               (TA;TB;)TB;
  #27 = Utf8               relay
  #28 = Utf8               <A:Ljava/lang/Object;B:Ljava/lang/Object;>Ljava/lang/Object;
  #29 = Utf8               SourceFile
  #30 = Utf8               TwoClassVariables.java
{
  public TwoClassVariables();
    descriptor: ()V
    flags: (0x0001) ACC_PUBLIC
    Code:
      stack=1, locals=1, args_size=1
         0: aload_0
         1: invokespecial #1                  // Method java/lang/Object."<init>":()V
         4: return
      LineNumberTable:
        line 1: 0
      LocalVariableTable:
        Start  Length  Slot  Name   Signature
            0       5     0  this   LTwoClassVariables;
      LocalVariableTypeTable:
        Start  Length  Slot  Name   Signature
            0       5     0  this   LTwoClassVariables<TA;TB;>;

  public B combine(A, B);
    descriptor: (Ljava/lang/Object;Ljava/lang/Object;)Ljava/lang/Object;
    flags: (0x0001) ACC_PUBLIC
    Code:
      stack=1, locals=3, args_size=3
         0: aload_2
         1: areturn
      LineNumberTable:
        line 1: 0
      LocalVariableTable:
        Start  Length  Slot  Name   Signature
            0       2     0  this   LTwoClassVariables;
            0       2     1     a   Ljava/lang/Object;
            0       2     2     b   Ljava/lang/Object;
      LocalVariableTypeTable:
        Start  Length  Slot  Name   Signature
            0       2     0  this   LTwoClassVariables<TA;TB;>;
            0       2     1     a   TA;
            0       2     2     b   TB;
    Signature: #26                          // (TA;TB;)TB;

  public B relay(A, B);
    descriptor: (Ljava/lang/Object;Ljava/lang/Object;)Ljava/lang/Object;
    flags: (0x0001) ACC_PUBLIC
    Code:
      stack=3, locals=3, args_size=3
         0: aload_0
         1: aload_1
         2: aload_2
         3: invokevirtual #7                  // Method combine:(Ljava/lang/Object;Ljava/lang/Object;)Ljava/lang/Object;
         6: areturn
      LineNumberTable:
        line 1: 0
      LocalVariableTable:
        Start  Length  Slot  Name   Signature
            0       7     0  this   LTwoClassVariables;
            0       7     1     a   Ljava/lang/Object;
            0       7     2     b   Ljava/lang/Object;
      LocalVariableTypeTable:
        Start  Length  Slot  Name   Signature
            0       7     0  this   LTwoClassVariables<TA;TB;>;
            0       7     1     a   TA;
            0       7     2     b   TB;
    Signature: #26                          // (TA;TB;)TB;
}
Signature: #28                          // <A:Ljava/lang/Object;B:Ljava/lang/Object;>Ljava/lang/Object;
SourceFile: "TwoClassVariables.java"
