Classfile /Users/lordcasser/workspace/projects/jarde/openspec/changes/recover-proved-finally-cleanup/results/finally-final-gates-root-v2/cases/FinallyNormal-javac8-source/classes/FinallyNormal.class
  Last modified 2026-10-10; size 593 bytes
  MD5 checksum afc193e1fbf49163a12b65efc63a542e
public class FinallyNormal
  minor version: 0
  major version: 52
  flags: ACC_PUBLIC, ACC_SUPER
Constant pool:
   #1 = Methodref          #10.#27        // java/lang/Object."<init>":()V
   #2 = Fieldref           #9.#28         // FinallyNormal.trace:I
   #3 = Fieldref           #9.#29         // FinallyNormal.failAtOne:Z
   #4 = Fieldref           #9.#30         // FinallyNormal.FAILURE:Ljava/lang/RuntimeException;
   #5 = Methodref          #9.#31         // FinallyNormal.mark:(I)I
   #6 = Class              #32            // java/lang/IllegalArgumentException
   #7 = String             #33            // mark-1
   #8 = Methodref          #6.#34         // java/lang/IllegalArgumentException."<init>":(Ljava/lang/String;)V
   #9 = Class              #35            // FinallyNormal
  #10 = Class              #36            // java/lang/Object
  #11 = Utf8               trace
  #12 = Utf8               I
  #13 = Utf8               failAtOne
  #14 = Utf8               Z
  #15 = Utf8               FAILURE
  #16 = Utf8               Ljava/lang/RuntimeException;
  #17 = Utf8               <init>
  #18 = Utf8               ()V
  #19 = Utf8               Code
  #20 = Utf8               mark
  #21 = Utf8               (I)I
  #22 = Utf8               StackMapTable
  #23 = Utf8               run
  #24 = Utf8               ()I
  #25 = Class              #37            // java/lang/Throwable
  #26 = Utf8               <clinit>
  #27 = NameAndType        #17:#18        // "<init>":()V
  #28 = NameAndType        #11:#12        // trace:I
  #29 = NameAndType        #13:#14        // failAtOne:Z
  #30 = NameAndType        #15:#16        // FAILURE:Ljava/lang/RuntimeException;
  #31 = NameAndType        #20:#21        // mark:(I)I
  #32 = Utf8               java/lang/IllegalArgumentException
  #33 = Utf8               mark-1
  #34 = NameAndType        #17:#38        // "<init>":(Ljava/lang/String;)V
  #35 = Utf8               FinallyNormal
  #36 = Utf8               java/lang/Object
  #37 = Utf8               java/lang/Throwable
  #38 = Utf8               (Ljava/lang/String;)V
{
  public static int trace;
    descriptor: I
    flags: ACC_PUBLIC, ACC_STATIC

  public static boolean failAtOne;
    descriptor: Z
    flags: ACC_PUBLIC, ACC_STATIC

  public static final java.lang.RuntimeException FAILURE;
    descriptor: Ljava/lang/RuntimeException;
    flags: ACC_PUBLIC, ACC_STATIC, ACC_FINAL

  public FinallyNormal();
    descriptor: ()V
    flags: ACC_PUBLIC
    Code:
      stack=1, locals=1, args_size=1
         0: aload_0
         1: invokespecial #1                  // Method java/lang/Object."<init>":()V
         4: return

  private static int mark(int);
    descriptor: (I)I
    flags: ACC_PRIVATE, ACC_STATIC
    Code:
      stack=2, locals=1, args_size=1
         0: getstatic     #2                  // Field trace:I
         3: bipush        10
         5: imul
         6: iload_0
         7: iadd
         8: putstatic     #2                  // Field trace:I
        11: iload_0
        12: iconst_1
        13: if_icmpne     26
        16: getstatic     #3                  // Field failAtOne:Z
        19: ifeq          26
        22: getstatic     #4                  // Field FAILURE:Ljava/lang/RuntimeException;
        25: athrow
        26: iload_0
        27: ireturn
      StackMapTable: number_of_entries = 1
        frame_type = 26 /* same */

  public static int run();
    descriptor: ()I
    flags: ACC_PUBLIC, ACC_STATIC
    Code:
      stack=1, locals=2, args_size=0
         0: iconst_1
         1: invokestatic  #5                  // Method mark:(I)I
         4: istore_0
         5: iconst_2
         6: invokestatic  #5                  // Method mark:(I)I
         9: pop
        10: iload_0
        11: ireturn
        12: astore_1
        13: iconst_2
        14: invokestatic  #5                  // Method mark:(I)I
        17: pop
        18: aload_1
        19: athrow
      Exception table:
         from    to  target type
             0     5    12   any
      StackMapTable: number_of_entries = 1
        frame_type = 76 /* same_locals_1_stack_item */
          stack = [ class java/lang/Throwable ]

  static {};
    descriptor: ()V
    flags: ACC_STATIC
    Code:
      stack=3, locals=0, args_size=0
         0: new           #6                  // class java/lang/IllegalArgumentException
         3: dup
         4: ldc           #7                  // String mark-1
         6: invokespecial #8                  // Method java/lang/IllegalArgumentException."<init>":(Ljava/lang/String;)V
         9: putstatic     #4                  // Field FAILURE:Ljava/lang/RuntimeException;
        12: return
}
