notI:0=2147483647
notJ:0=9223372036854775807
andI:0:0=-2147483648
orI:0:0=-2147483648
xorI:0:0=0
andJ:0:0=-9223372036854775808
orJ:0:0=-9223372036854775808
xorJ:0:0=0
nestedI:0:0=0
andI:0:1=-2147483648
orI:0:1=-1
xorI:0:1=2147483647
andJ:0:1=-9223372036854775808
orJ:0:1=-1
xorJ:0:1=9223372036854775807
nestedI:0:1=-1
andI:0:2=0
orI:0:2=-2147483648
xorI:0:2=-2147483648
andJ:0:2=0
orJ:0:2=-9223372036854775808
xorJ:0:2=-9223372036854775808
nestedI:0:2=-2147483648
andI:0:3=0
orI:0:3=-2147483647
xorI:0:3=-2147483647
andJ:0:3=0
orJ:0:3=-9223372036854775807
xorJ:0:3=-9223372036854775807
nestedI:0:3=-2147483647
andI:0:4=0
orI:0:4=-1
xorI:0:4=-1
andJ:0:4=0
orJ:0:4=-1
xorJ:0:4=-1
nestedI:0:4=2147483647
notI:1=0
notJ:1=0
andI:1:0=-2147483648
orI:1:0=-1
xorI:1:0=2147483647
andJ:1:0=-9223372036854775808
orJ:1:0=-1
xorJ:1:0=9223372036854775807
nestedI:1:0=2147483646
andI:1:1=-1
orI:1:1=-1
xorI:1:1=0
andJ:1:1=-1
orJ:1:1=-1
xorJ:1:1=0
nestedI:1:1=-1
andI:1:2=0
orI:1:2=-1
xorI:1:2=-1
andJ:1:2=0
orJ:1:2=-1
xorJ:1:2=-1
nestedI:1:2=-2
andI:1:3=1
orI:1:3=-1
xorI:1:3=-2
andJ:1:3=1
orJ:1:3=-1
xorJ:1:3=-2
nestedI:1:3=-3
andI:1:4=2147483647
orI:1:4=-1
xorI:1:4=-2147483648
andJ:1:4=9223372036854775807
orJ:1:4=-1
xorJ:1:4=-9223372036854775808
nestedI:1:4=2147483647
notI:2=-1
notJ:2=-1
andI:2:0=0
orI:2:0=-2147483648
xorI:2:0=-2147483648
andJ:2:0=0
orJ:2:0=-9223372036854775808
xorJ:2:0=-9223372036854775808
nestedI:2:0=-2147483648
andI:2:1=0
orI:2:1=-1
xorI:2:1=-1
andJ:2:1=0
orJ:2:1=-1
xorJ:2:1=-1
nestedI:2:1=-1
andI:2:2=0
orI:2:2=0
xorI:2:2=0
andJ:2:2=0
orJ:2:2=0
xorJ:2:2=0
nestedI:2:2=0
andI:2:3=0
orI:2:3=1
xorI:2:3=1
andJ:2:3=0
orJ:2:3=1
xorJ:2:3=1
nestedI:2:3=1
andI:2:4=0
orI:2:4=2147483647
xorI:2:4=2147483647
andJ:2:4=0
orJ:2:4=9223372036854775807
xorJ:2:4=9223372036854775807
nestedI:2:4=2147483647
notI:3=-2
notJ:3=-2
andI:3:0=0
orI:3:0=-2147483647
xorI:3:0=-2147483647
andJ:3:0=0
orJ:3:0=-9223372036854775807
xorJ:3:0=-9223372036854775807
nestedI:3:0=-2147483648
andI:3:1=1
orI:3:1=-1
xorI:3:1=-2
andJ:3:1=1
orJ:3:1=-1
xorJ:3:1=-2
nestedI:3:1=-1
andI:3:2=0
orI:3:2=1
xorI:3:2=1
andJ:3:2=0
orJ:3:2=1
xorJ:3:2=1
nestedI:3:2=0
andI:3:3=1
orI:3:3=1
xorI:3:3=0
andJ:3:3=1
orJ:3:3=1
xorJ:3:3=0
nestedI:3:3=1
andI:3:4=1
orI:3:4=2147483647
xorI:3:4=2147483646
andJ:3:4=1
orJ:3:4=9223372036854775807
xorJ:3:4=9223372036854775806
nestedI:3:4=2147483647
notI:4=-2147483648
notJ:4=-9223372036854775808
andI:4:0=0
orI:4:0=-1
xorI:4:0=-1
andJ:4:0=0
orJ:4:0=-1
xorJ:4:0=-1
nestedI:4:0=-2
andI:4:1=2147483647
orI:4:1=-1
xorI:4:1=-2147483648
andJ:4:1=9223372036854775807
orJ:4:1=-1
xorJ:4:1=-9223372036854775808
nestedI:4:1=-1
andI:4:2=0
orI:4:2=2147483647
xorI:4:2=2147483647
andJ:4:2=0
orJ:4:2=9223372036854775807
xorJ:4:2=9223372036854775807
nestedI:4:2=2147483646
andI:4:3=1
orI:4:3=2147483647
xorI:4:3=2147483646
andJ:4:3=1
orJ:4:3=9223372036854775807
xorJ:4:3=9223372036854775806
nestedI:4:3=2147483645
andI:4:4=2147483647
orI:4:4=2147483647
xorI:4:4=0
andJ:4:4=9223372036854775807
orJ:4:4=9223372036854775807
xorJ:4:4=0
nestedI:4:4=2147483647
integerLiterals=1
andZ:false:false=false
orZ:false:false=false
xorZ:false:false=false
constant:false:false=true
branch:false:false=9
ordered:false:false=false:12
andZ:false:true=false
orZ:false:true=true
xorZ:false:true=true
constant:false:true=true
branch:false:true=7
ordered:false:true=false:12
andZ:true:false=false
orZ:true:false=true
xorZ:true:false=true
constant:true:false=false
branch:true:false=7
ordered:true:false=false:12
andZ:true:true=true
orZ:true:true=true
xorZ:true:true=false
constant:true:true=false
branch:true:true=7
ordered:true:true=true:12
throw:1=java.lang.IllegalStateException:left:1
throw:2=java.lang.IllegalArgumentException:right:12
nestedZ:false:false:false=false
copied:false:false:false=false
hoisted:false:false:false=false
passed:false:false:false=9
nestedZ:false:false:true=false
copied:false:false:true=false
hoisted:false:false:true=false
passed:false:false:true=9
nestedZ:false:true:false=false
copied:false:true:false=false
hoisted:false:true:false=false
passed:false:true:false=9
nestedZ:false:true:true=false
copied:false:true:true=true
hoisted:false:true:true=true
passed:false:true:true=7
nestedZ:true:false:false=true
copied:true:false:false=false
hoisted:true:false:false=false
passed:true:false:false=9
nestedZ:true:false:true=true
copied:true:false:true=true
hoisted:true:false:true=true
passed:true:false:true=7
nestedZ:true:true:false=false
copied:true:true:false=false
hoisted:true:true:false=true
passed:true:true:false=9
nestedZ:true:true:true=false
copied:true:true:true=true
hoisted:true:true:true=true
passed:true:true:true=9
array:false:false=false
array:false:true=true
array:true:false=true
array:true:true=false
promoted:-128:0=-128
promoted:-128:1=-127
promoted:-128:32768=-128
promoted:-128:65535=-1
promoted:-1:0=-1
promoted:-1:1=-1
promoted:-1:32768=-1
promoted:-1:65535=-1
promoted:0:0=0
promoted:0:1=1
promoted:0:32768=32768
promoted:0:65535=65535
promoted:1:0=1
promoted:1:1=1
promoted:1:32768=32769
promoted:1:65535=65535
promoted:127:0=127
promoted:127:1=127
promoted:127:32768=32895
promoted:127:65535=65535
