Classfile jar:file:/Users/lordcasser/workspace/projects/jarde/openspec/evidence/same-class-generic-call-consumers-2026-10-09/frozen-inputs-v1/corretto8/debug/PlainUpperBoundOverload/PlainUpperBoundOverload.jar!/PlainUpperBoundOverload.class
  Last modified 2026-10-9; size 931 bytes
  MD5 checksum 2a32d80f8eecc1f086e500b53457ddea
  Compiled from "PlainUpperBoundOverload.java"
public class PlainUpperBoundOverload<T extends java.lang.Number> extends java.lang.Object
  minor version: 0
  major version: 52
  flags: ACC_PUBLIC, ACC_SUPER
Constant pool:
   #1 = Methodref          #7.#32         // java/lang/Object."<init>":()V
   #2 = String             #33            // number
   #3 = Fieldref           #6.#34         // PlainUpperBoundOverload.selected:Ljava/lang/String;
   #4 = String             #35            // object
   #5 = Methodref          #6.#36         // PlainUpperBoundOverload.pick:(Ljava/lang/Number;)V
   #6 = Class              #37            // PlainUpperBoundOverload
   #7 = Class              #38            // java/lang/Object
   #8 = Utf8               selected
   #9 = Utf8               Ljava/lang/String;
  #10 = Utf8               <init>
  #11 = Utf8               ()V
  #12 = Utf8               Code
  #13 = Utf8               LineNumberTable
  #14 = Utf8               LocalVariableTable
  #15 = Utf8               this
  #16 = Utf8               LPlainUpperBoundOverload;
  #17 = Utf8               LocalVariableTypeTable
  #18 = Utf8               LPlainUpperBoundOverload<TT;>;
  #19 = Utf8               pick
  #20 = Utf8               (Ljava/lang/Number;)V
  #21 = Utf8               x
  #22 = Utf8               Ljava/lang/Number;
  #23 = Utf8               (Ljava/lang/Object;)V
  #24 = Utf8               Ljava/lang/Object;
  #25 = Utf8               relay
  #26 = Utf8               TT;
  #27 = Utf8               Signature
  #28 = Utf8               (TT;)V
  #29 = Utf8               <T:Ljava/lang/Number;>Ljava/lang/Object;
  #30 = Utf8               SourceFile
  #31 = Utf8               PlainUpperBoundOverload.java
  #32 = NameAndType        #10:#11        // "<init>":()V
  #33 = Utf8               number
  #34 = NameAndType        #8:#9          // selected:Ljava/lang/String;
  #35 = Utf8               object
  #36 = NameAndType        #19:#20        // pick:(Ljava/lang/Number;)V
  #37 = Utf8               PlainUpperBoundOverload
  #38 = Utf8               java/lang/Object
{
  public java.lang.String selected;
    descriptor: Ljava/lang/String;
    flags: ACC_PUBLIC

  public PlainUpperBoundOverload();
    descriptor: ()V
    flags: ACC_PUBLIC
    Code:
      stack=1, locals=1, args_size=1
         0: aload_0
         1: invokespecial #1                  // Method java/lang/Object."<init>":()V
         4: return
      LineNumberTable:
        line 1: 0
      LocalVariableTable:
        Start  Length  Slot  Name   Signature
            0       5     0  this   LPlainUpperBoundOverload;
      LocalVariableTypeTable:
        Start  Length  Slot  Name   Signature
            0       5     0  this   LPlainUpperBoundOverload<TT;>;

  public void pick(java.lang.Number);
    descriptor: (Ljava/lang/Number;)V
    flags: ACC_PUBLIC
    Code:
      stack=2, locals=2, args_size=2
         0: aload_0
         1: ldc           #2                  // String number
         3: putfield      #3                  // Field selected:Ljava/lang/String;
         6: return
      LineNumberTable:
        line 1: 0
      LocalVariableTable:
        Start  Length  Slot  Name   Signature
            0       7     0  this   LPlainUpperBoundOverload;
            0       7     1     x   Ljava/lang/Number;
      LocalVariableTypeTable:
        Start  Length  Slot  Name   Signature
            0       7     0  this   LPlainUpperBoundOverload<TT;>;

  public void pick(java.lang.Object);
    descriptor: (Ljava/lang/Object;)V
    flags: ACC_PUBLIC
    Code:
      stack=2, locals=2, args_size=2
         0: aload_0
         1: ldc           #4                  // String object
         3: putfield      #3                  // Field selected:Ljava/lang/String;
         6: return
      LineNumberTable:
        line 1: 0
      LocalVariableTable:
        Start  Length  Slot  Name   Signature
            0       7     0  this   LPlainUpperBoundOverload;
            0       7     1     x   Ljava/lang/Object;
      LocalVariableTypeTable:
        Start  Length  Slot  Name   Signature
            0       7     0  this   LPlainUpperBoundOverload<TT;>;

  public void relay(T);
    descriptor: (Ljava/lang/Number;)V
    flags: ACC_PUBLIC
    Code:
      stack=2, locals=2, args_size=2
         0: aload_0
         1: aload_1
         2: invokevirtual #5                  // Method pick:(Ljava/lang/Number;)V
         5: return
      LineNumberTable:
        line 1: 0
      LocalVariableTable:
        Start  Length  Slot  Name   Signature
            0       6     0  this   LPlainUpperBoundOverload;
            0       6     1     x   Ljava/lang/Number;
      LocalVariableTypeTable:
        Start  Length  Slot  Name   Signature
            0       6     0  this   LPlainUpperBoundOverload<TT;>;
            0       6     1     x   TT;
    Signature: #28                          // (TT;)V
}
Signature: #29                          // <T:Ljava/lang/Number;>Ljava/lang/Object;
SourceFile: "PlainUpperBoundOverload.java"
