Classfile jar:file:/private/tmp/jarde-generic-call-patrol-v1/results-v3/NumberBoundRelay/NumberBoundRelay.jar!/NumberBoundRelay.class
  Last modified 2026-10-9; size 723 bytes
  MD5 checksum 9f64c5fbb9983c7017501c650d25df64
  Compiled from "NumberBoundRelay.java"
public class NumberBoundRelay<T extends java.lang.Number> extends java.lang.Object
  minor version: 0
  major version: 52
  flags: ACC_PUBLIC, ACC_SUPER
Constant pool:
   #1 = Methodref          #4.#25         // java/lang/Object."<init>":()V
   #2 = Methodref          #3.#26         // NumberBoundRelay.id:(Ljava/lang/Number;)Ljava/lang/Number;
   #3 = Class              #27            // NumberBoundRelay
   #4 = Class              #28            // java/lang/Object
   #5 = Utf8               <init>
   #6 = Utf8               ()V
   #7 = Utf8               Code
   #8 = Utf8               LineNumberTable
   #9 = Utf8               LocalVariableTable
  #10 = Utf8               this
  #11 = Utf8               LNumberBoundRelay;
  #12 = Utf8               LocalVariableTypeTable
  #13 = Utf8               LNumberBoundRelay<TT;>;
  #14 = Utf8               id
  #15 = Utf8               (Ljava/lang/Number;)Ljava/lang/Number;
  #16 = Utf8               x
  #17 = Utf8               Ljava/lang/Number;
  #18 = Utf8               TT;
  #19 = Utf8               Signature
  #20 = Utf8               (TT;)TT;
  #21 = Utf8               relay
  #22 = Utf8               <T:Ljava/lang/Number;>Ljava/lang/Object;
  #23 = Utf8               SourceFile
  #24 = Utf8               NumberBoundRelay.java
  #25 = NameAndType        #5:#6          // "<init>":()V
  #26 = NameAndType        #14:#15        // id:(Ljava/lang/Number;)Ljava/lang/Number;
  #27 = Utf8               NumberBoundRelay
  #28 = Utf8               java/lang/Object
{
  public NumberBoundRelay();
    descriptor: ()V
    flags: ACC_PUBLIC
    Code:
      stack=1, locals=1, args_size=1
         0: aload_0
         1: invokespecial #1                  // Method java/lang/Object."<init>":()V
         4: return
      LineNumberTable:
        line 1: 0
      LocalVariableTable:
        Start  Length  Slot  Name   Signature
            0       5     0  this   LNumberBoundRelay;
      LocalVariableTypeTable:
        Start  Length  Slot  Name   Signature
            0       5     0  this   LNumberBoundRelay<TT;>;

  public T id(T);
    descriptor: (Ljava/lang/Number;)Ljava/lang/Number;
    flags: ACC_PUBLIC
    Code:
      stack=1, locals=2, args_size=2
         0: aload_1
         1: areturn
      LineNumberTable:
        line 2: 0
      LocalVariableTable:
        Start  Length  Slot  Name   Signature
            0       2     0  this   LNumberBoundRelay;
            0       2     1     x   Ljava/lang/Number;
      LocalVariableTypeTable:
        Start  Length  Slot  Name   Signature
            0       2     0  this   LNumberBoundRelay<TT;>;
            0       2     1     x   TT;
    Signature: #20                          // (TT;)TT;

  public T relay(T);
    descriptor: (Ljava/lang/Number;)Ljava/lang/Number;
    flags: ACC_PUBLIC
    Code:
      stack=2, locals=2, args_size=2
         0: aload_0
         1: aload_1
         2: invokevirtual #2                  // Method id:(Ljava/lang/Number;)Ljava/lang/Number;
         5: areturn
      LineNumberTable:
        line 3: 0
      LocalVariableTable:
        Start  Length  Slot  Name   Signature
            0       6     0  this   LNumberBoundRelay;
            0       6     1     x   Ljava/lang/Number;
      LocalVariableTypeTable:
        Start  Length  Slot  Name   Signature
            0       6     0  this   LNumberBoundRelay<TT;>;
            0       6     1     x   TT;
    Signature: #20                          // (TT;)TT;
}
Signature: #22                          // <T:Ljava/lang/Number;>Ljava/lang/Object;
SourceFile: "NumberBoundRelay.java"
