# The whole committed corpus, rendered by the parent commit's gate and by this slice's
# (change recover-short-circuit-local-branch-reads, sweep of 2026-10-07T12:30:20Z)
SELF-TEST OK: OP2 anchor 0 -> 1; this change's negatives byte-identical; healthy control byte-identical
pass A loose candidate classes: 2866
MOVED (single-class): tests/fixtures/recover-short-circuit-local-branch-reads/v8/BranchReads.class
    13d12
    <         // jarde: not recovered: the recovery run for `ternaryRead(I)I` produced no statement (explanation only); the artifact's own comment lines are below
    17,18c16,18
    <         // @bytecode 0 3 4 7 8 11 12 15 16 17 18
    <         // the short-circuit chain from BCI 4 through 8 reaches a shared value consumer at BCI 16, but this slice has no SSA proof for that value; the complete region is quoted
    ---
    >         x = x + 1;
    >         boolean b = x > 0 && x > 0;
MOVED (single-class): tests/fixtures/recover-short-circuit-local-branch-reads/controls/NumericBranch.class
    13d12
    <         // jarde: not recovered: the recovery run for `ternaryRead(I)I` produced no statement (explanation only); the artifact's own comment lines are below
    17,18c16,18
    <         // @bytecode 0 3 4 7 8 11 12 15 16 17 18
    <         // the short-circuit chain from BCI 4 through 8 reaches a shared value consumer at BCI 16, but this slice has no SSA proof for that value; the complete region is quoted
    ---
    >         x = x + 1;
    >         boolean b = x > 0 && x > 0;
MOVED (single-class): tests/fixtures/recover-short-circuit-local-branch-reads/controls/NotZeroBranch.class
    13d12
    <         // jarde: not recovered: the recovery run for `ternaryRead(I)I` produced no statement (explanation only); the artifact's own comment lines are below
    17,18c16,18
    <         // @bytecode 0 3 4 7 8 11 12 15 16 17 18
    <         // the short-circuit chain from BCI 4 through 8 reaches a shared value consumer at BCI 16, but this slice has no SSA proof for that value; the complete region is quoted
    ---
    >         x = x + 1;
    >         boolean b = x > 0 && x > 0;
MOVED (single-class): tests/fixtures/recover-short-circuit-local-branch-reads/v8-javac8/BranchReads.class
    13d12
    <         // jarde: not recovered: the recovery run for `ternaryRead(I)I` produced no statement (explanation only); the artifact's own comment lines are below
    17,18c16,18
    <         // @bytecode 0 3 4 7 8 11 12 15 16 17 18
    <         // the short-circuit chain from BCI 4 through 8 reaches a shared value consumer at BCI 16, but this slice has no SSA proof for that value; the complete region is quoted
    ---
    >         x = x + 1;
    >         boolean b = x > 0 && x > 0;
pass A: moved=4 unrendered=1
archive candidate classes: 739
MOVED (jar): openspec/evidence/java-syntax-2026-10-05/operator-remainder-patrol/fixture/op2.jar!OP2.class
    80d79
    <         // jarde: not recovered: the recovery run for `condAssignOld(I)I` produced no statement (explanation only); the artifact's own comment lines are below
    84,85c83,85
    <         // @bytecode 0 3 4 7 8 11 12 15 16 17 18
    <         // the short-circuit chain from BCI 4 through 8 reaches a shared value consumer at BCI 16, but this slice has no SSA proof for that value; the complete region is quoted
    ---
    >         arg0 = arg0 + 1;
    >         boolean local1 = arg0 > 0 && arg0 > 0;
pass C: moved=1 unrendered=1
moved classes: single-class=4 jar=1 total=5
unrendered candidates: A=1 C=1
