anonymous_interface_projection.state = "absent"
bridge_proofs = []
class.class_bytes.digest = "d3cc93b095a5cf398f696db081fbffa29bfd68babf3bdcabd713f3fce96ad84d"
class.class_bytes.length = 493
class.location.kind = "standalone_root"
class.location.snapshot = "d3cc93b095a5cf398f696db081fbffa29bfd68babf3bdcabd713f3fce96ad84d"
class.variant.kind = "base"
coverage.artifact_structural.scanned.0.end = 1
coverage.artifact_structural.scanned.0.label = "navigation_candidates"
coverage.artifact_structural.scanned.0.start = 0
coverage.artifact_structural.scanned.1.end = 4
coverage.artifact_structural.scanned.1.label = "class_methods"
coverage.artifact_structural.scanned.1.start = 0
coverage.artifact_structural.scanned.2.end = 3
coverage.artifact_structural.scanned.2.label = "class_source_bodies"
coverage.artifact_structural.scanned.2.start = 0
coverage.artifact_structural.skipped = []
coverage.artifact_structural.state = "complete_within_schema"
coverage.artifact_structural.uninterpreted_extensions = []
coverage.dynamic_analysis.scanned = []
coverage.dynamic_analysis.skipped = []
coverage.dynamic_analysis.state = "not_requested"
coverage.dynamic_analysis.uninterpreted_extensions = []
coverage.runtime_resolution.scanned = []
coverage.runtime_resolution.skipped = []
coverage.runtime_resolution.state = "not_requested"
coverage.runtime_resolution.uninterpreted_extensions = []
declaration.annotation_attributes = []
declaration.annotation_refusals = []
declaration.annotation_uses = []
declaration.declaration = "public abstract class GenericAbstractReceiverProbe extends java.lang.Object"
declaration.generic_refusal = null
declaration.generic_signature = null
declaration.item.binding.kind = "standalone_root"
declaration.item.declaration.access_flags = 1057
declaration.item.declaration.interfaces = []
declaration.item.declaration.super_class.escaped = "java/lang/Object"
declaration.item.declaration.super_class.raw = [106,97,118,97,47,108,97,110,103,47,79,98,106,101,99,116]
declaration.item.declaration.super_class.utf16 = [106,97,118,97,47,108,97,110,103,47,79,98,106,101,99,116]
declaration.item.declaration.this_class.escaped = "GenericAbstractReceiverProbe"
declaration.item.declaration.this_class.raw = [71,101,110,101,114,105,99,65,98,115,116,114,97,99,116,82,101,99,101,105,118,101,114,80,114,111,98,101]
declaration.item.declaration.this_class.utf16 = [71,101,110,101,114,105,99,65,98,115,116,114,97,99,116,82,101,99,101,105,118,101,114,80,114,111,98,101]
declaration.item.definition.class_bytes.digest = "d3cc93b095a5cf398f696db081fbffa29bfd68babf3bdcabd713f3fce96ad84d"
declaration.item.definition.class_bytes.length = 493
declaration.item.definition.location.kind = "standalone_root"
declaration.item.definition.location.snapshot = "d3cc93b095a5cf398f696db081fbffa29bfd68babf3bdcabd713f3fce96ad84d"
declaration.item.definition.variant.kind = "base"
declaration.item.member_table = null
declaration.name = "GenericAbstractReceiverProbe"
diagnostics = []
direct_override_proofs = []
enum_switch_proofs = []
execution.status = "complete"
execution.usage.analysis_steps = 339
execution.usage.archive_entries = 0
execution.usage.attribute_bytes = 443
execution.usage.class_bytes = 1972
execution.usage.class_headers = 3
execution.usage.code_bytes = 25
execution.usage.dependency_depth = 0
execution.usage.elapsed_millis = 2
execution.usage.entry_bytes = 0
execution.usage.input_bytes = 493
execution.usage.ir_edges = 12
execution.usage.ir_items = 347
execution.usage.method_bodies = 3
execution.usage.nested_depth = 0
execution.usage.normalization_clones = 0
execution.usage.output_bytes = 2633
execution.usage.read_bytes = 1479
execution.usage.result_items = 13
fields = []
initializer_proof.kind = "not_applicable"
integer_constant_projections = []
limits.analysis_steps = 4194304
limits.archive_entries = 65536
limits.attribute_bytes = 67108864
limits.class_bytes = 67108864
limits.class_headers = 4096
limits.code_bytes = 16777216
limits.dependency_depth = 8
limits.elapsed_millis = 30000
limits.entry_bytes = 67108864
limits.input_bytes = 67108864
limits.ir_edges = 4194304
limits.ir_items = 4194304
limits.method_bodies = 4096
limits.nested_depth = 4
limits.normalization_clones = 1048576
limits.output_bytes = 16777216
limits.read_bytes = 67108864
limits.result_items = 65536
member_family.state = "absent"
methods.0.annotations.attributes = []
methods.0.annotations.refusals = []
methods.0.annotations.uses = []
methods.0.declaration = "public GenericAbstractReceiverProbe()"
methods.0.item.access_flags = 1
methods.0.item.body.content_span.length = 17
methods.0.item.body.content_span.start = 386
methods.0.item.body.kind = "code_attribute"
methods.0.item.descriptor.escaped = "()V"
methods.0.item.descriptor.raw = [40,41,86]
methods.0.item.descriptor.utf16 = [40,41,86]
methods.0.item.identity.descriptor = [40,41,86]
methods.0.item.identity.name = [60,105,110,105,116,62]
methods.0.item.identity.owner.class_bytes.digest = "d3cc93b095a5cf398f696db081fbffa29bfd68babf3bdcabd713f3fce96ad84d"
methods.0.item.identity.owner.class_bytes.length = 493
methods.0.item.identity.owner.location.kind = "standalone_root"
methods.0.item.identity.owner.location.snapshot = "d3cc93b095a5cf398f696db081fbffa29bfd68babf3bdcabd713f3fce96ad84d"
methods.0.item.identity.owner.variant.kind = "base"
methods.0.item.index = 0
methods.0.item.name.escaped = "<init>"
methods.0.item.name.raw = [60,105,110,105,116,62]
methods.0.item.name.utf16 = [60,105,110,105,116,62]
methods.0.markers = []
methods.0.no_body_kind = null
methods.0.outcome.analysis.diagnostics = 0
methods.0.outcome.analysis.execution.status = "complete"
methods.0.outcome.analysis.execution.usage.analysis_steps = 21
methods.0.outcome.analysis.execution.usage.archive_entries = 0
methods.0.outcome.analysis.execution.usage.attribute_bytes = 197
methods.0.outcome.analysis.execution.usage.class_bytes = 986
methods.0.outcome.analysis.execution.usage.class_headers = 1
methods.0.outcome.analysis.execution.usage.code_bytes = 5
methods.0.outcome.analysis.execution.usage.dependency_depth = 0
methods.0.outcome.analysis.execution.usage.elapsed_millis = 0
methods.0.outcome.analysis.execution.usage.entry_bytes = 0
methods.0.outcome.analysis.execution.usage.input_bytes = 493
methods.0.outcome.analysis.execution.usage.ir_edges = 2
methods.0.outcome.analysis.execution.usage.ir_items = 48
methods.0.outcome.analysis.execution.usage.method_bodies = 1
methods.0.outcome.analysis.execution.usage.nested_depth = 0
methods.0.outcome.analysis.execution.usage.normalization_clones = 0
methods.0.outcome.analysis.execution.usage.output_bytes = 493
methods.0.outcome.analysis.execution.usage.read_bytes = 493
methods.0.outcome.analysis.execution.usage.result_items = 9
methods.0.outcome.kind = "recovered"
methods.0.outcome.report.accessors = []
methods.0.outcome.report.aliased_names = []
methods.0.outcome.report.artifact.agreement.state = "not_stated"
methods.0.outcome.report.artifact.binding.engine = "0.1.0"
methods.0.outcome.report.artifact.binding.environment.content = ["d3cc93b095a5cf398f696db081fbffa29bfd68babf3bdcabd713f3fce96ad84d"]
methods.0.outcome.report.artifact.binding.environment.domain_loaders = ["app"]
methods.0.outcome.report.artifact.binding.environment.providers = []
methods.0.outcome.report.artifact.binding.environment.runtime.load_domain.delegation.kind = "parent_first"
methods.0.outcome.report.artifact.binding.environment.runtime.load_domain.external_override = "none"
methods.0.outcome.report.artifact.binding.environment.runtime.load_domain.loader = "app"
methods.0.outcome.report.artifact.binding.environment.runtime.load_domain.module_mode.kind = "class_path"
methods.0.outcome.report.artifact.binding.environment.runtime.load_domain.parent_loader = null
methods.0.outcome.report.artifact.binding.environment.runtime.load_domain.roots.0.kind = "standalone_class"
methods.0.outcome.report.artifact.binding.environment.runtime.load_domain.roots.0.snapshot = "d3cc93b095a5cf398f696db081fbffa29bfd68babf3bdcabd713f3fce96ad84d"
methods.0.outcome.report.artifact.binding.environment.runtime.load_domain.runtime_transformation = "none"
methods.0.outcome.report.artifact.binding.environment.runtime.physical.scope.kind = "snapshot_all"
methods.0.outcome.report.artifact.binding.environment.runtime.physical.snapshot = "d3cc93b095a5cf398f696db081fbffa29bfd68babf3bdcabd713f3fce96ad84d"
methods.0.outcome.report.artifact.binding.environment.runtime.profile.java_release = 8
methods.0.outcome.report.artifact.binding.environment.runtime.profile.layout.kind = "generic"
methods.0.outcome.report.artifact.binding.environment.runtime.profile.multi_release.kind = "disabled"
methods.0.outcome.report.artifact.binding.member_ordinal = 0
methods.0.outcome.report.artifact.binding.method.descriptor = [40,41,86]
methods.0.outcome.report.artifact.binding.method.name = [60,105,110,105,116,62]
methods.0.outcome.report.artifact.binding.method.owner.class_bytes.digest = "d3cc93b095a5cf398f696db081fbffa29bfd68babf3bdcabd713f3fce96ad84d"
methods.0.outcome.report.artifact.binding.method.owner.class_bytes.length = 493
methods.0.outcome.report.artifact.binding.method.owner.location.kind = "standalone_root"
methods.0.outcome.report.artifact.binding.method.owner.location.snapshot = "d3cc93b095a5cf398f696db081fbffa29bfd68babf3bdcabd713f3fce96ad84d"
methods.0.outcome.report.artifact.binding.method.owner.variant.kind = "base"
methods.0.outcome.report.artifact.binding.profile.java_release = 8
methods.0.outcome.report.artifact.binding.profile.layout.kind = "generic"
methods.0.outcome.report.artifact.binding.profile.multi_release.kind = "disabled"
methods.0.outcome.report.artifact.binding.registry = 71
methods.0.outcome.report.artifact.binding.rules = ["straight@1","if@1","loop@1","switch@1","lambda@1","concat@1","bridge@1","accessor@1","new@1","field@1","enumswitch@1","init@1","declaration@1","twr@1","monitor@1","finally@1"]
methods.0.outcome.report.artifact.binding.schema = 1
methods.0.outcome.report.artifact.binding.text_bytes = 202
methods.0.outcome.report.artifact.binding.text_digest = "d12aa9f3d6a6e254c359dfe61d7b5264"
methods.0.outcome.report.bridges = []
methods.0.outcome.report.compile_status = "not_attempted"
methods.0.outcome.report.concats = []
methods.0.outcome.report.content = "contains_statements"
methods.0.outcome.report.declaration = null
methods.0.outcome.report.diagnostics.0.code = "jre_recovery_produced"
methods.0.outcome.report.diagnostics.0.message = "1 region(s), 2 statement(s), 2 segment(s), 202 byte(s) written from 1 canonical block(s)"
methods.0.outcome.report.diagnostics.0.provenance = null
methods.0.outcome.report.diagnostics.0.severity = "info"
methods.0.outcome.report.diagnostics.1.code = "jre_constructor_prologue"
methods.0.outcome.report.diagnostics.1.message = "the body is an instance initializer and its prologue is written under init@1 as `super`: the call at BCI 1 names `java/lang/Object`, and the class that declares this constructor is `GenericAbstractReceiverProbe`"
methods.0.outcome.report.diagnostics.1.provenance = null
methods.0.outcome.report.diagnostics.1.severity = "info"
methods.0.outcome.report.diagnostics.2.code = "jre_declaration"
methods.0.outcome.report.diagnostics.2.message = "the artifact's envelope states the member's declaration under declaration@1: a constructor"
methods.0.outcome.report.diagnostics.2.provenance = null
methods.0.outcome.report.diagnostics.2.severity = "info"
methods.0.outcome.report.enum_switches = []
methods.0.outcome.report.evidence.categories.0.kind = "source_map"
methods.0.outcome.report.evidence.categories.0.state.state = "complete"
methods.0.outcome.report.evidence.categories.1.kind = "region_details"
methods.0.outcome.report.evidence.categories.1.state.state = "not_requested"
methods.0.outcome.report.evidence.categories.2.kind = "rule_details"
methods.0.outcome.report.evidence.categories.2.state.state = "not_requested"
methods.0.outcome.report.evidence.categories.3.kind = "name_details"
methods.0.outcome.report.evidence.categories.3.state.state = "not_requested"
methods.0.outcome.report.evidence.categories.4.kind = "read_details"
methods.0.outcome.report.evidence.categories.4.state.state = "not_requested"
methods.0.outcome.report.evidence.requested.driver_bci_range = null
methods.0.outcome.report.evidence.requested.expected_artifact = null
methods.0.outcome.report.evidence.requested.kinds = ["source_map"]
methods.0.outcome.report.execution.status = "complete"
methods.0.outcome.report.execution.usage.analysis_steps = 53
methods.0.outcome.report.execution.usage.archive_entries = 0
methods.0.outcome.report.execution.usage.attribute_bytes = 197
methods.0.outcome.report.execution.usage.class_bytes = 986
methods.0.outcome.report.execution.usage.class_headers = 1
methods.0.outcome.report.execution.usage.code_bytes = 5
methods.0.outcome.report.execution.usage.dependency_depth = 0
methods.0.outcome.report.execution.usage.elapsed_millis = 1
methods.0.outcome.report.execution.usage.entry_bytes = 0
methods.0.outcome.report.execution.usage.input_bytes = 493
methods.0.outcome.report.execution.usage.ir_edges = 2
methods.0.outcome.report.execution.usage.ir_items = 71
methods.0.outcome.report.execution.usage.method_bodies = 1
methods.0.outcome.report.execution.usage.nested_depth = 0
methods.0.outcome.report.execution.usage.normalization_clones = 0
methods.0.outcome.report.execution.usage.output_bytes = 695
methods.0.outcome.report.execution.usage.read_bytes = 493
methods.0.outcome.report.execution.usage.result_items = 9
methods.0.outcome.report.fallbacks = []
methods.0.outcome.report.fields = []
methods.0.outcome.report.init = null
methods.0.outcome.report.lambdas = []
methods.0.outcome.report.method = "<init>()V"
methods.0.outcome.report.news = []
methods.0.outcome.report.outcome = "produced"
methods.0.outcome.report.profile.java_release = 8
methods.0.outcome.report.profile.layout.kind = "generic"
methods.0.outcome.report.profile.multi_release.kind = "disabled"
methods.0.outcome.report.quality = "structured"
methods.0.outcome.report.regions = []
methods.0.outcome.report.representation = "java"
methods.0.outcome.report.rules = []
methods.0.outcome.report.semantic_validation = "unproven"
methods.0.outcome.report.source_map.segments.0.end = 188
methods.0.outcome.report.source_map.segments.0.origin.derived.0.bci = 0
methods.0.outcome.report.source_map.segments.0.origin.derived.0.cp = null
methods.0.outcome.report.source_map.segments.0.origin.derived.0.method.descriptor = [40,41,86]
methods.0.outcome.report.source_map.segments.0.origin.derived.0.method.name = [60,105,110,105,116,62]
methods.0.outcome.report.source_map.segments.0.origin.derived.0.method.owner.class_bytes.digest = "d3cc93b095a5cf398f696db081fbffa29bfd68babf3bdcabd713f3fce96ad84d"
methods.0.outcome.report.source_map.segments.0.origin.derived.0.method.owner.class_bytes.length = 493
methods.0.outcome.report.source_map.segments.0.origin.derived.0.method.owner.location.kind = "standalone_root"
methods.0.outcome.report.source_map.segments.0.origin.derived.0.method.owner.location.snapshot = "d3cc93b095a5cf398f696db081fbffa29bfd68babf3bdcabd713f3fce96ad84d"
methods.0.outcome.report.source_map.segments.0.origin.derived.0.method.owner.variant.kind = "base"
methods.0.outcome.report.source_map.segments.0.origin.derived.0.provenance = "Derived"
methods.0.outcome.report.source_map.segments.0.origin.primary.bci = 1
methods.0.outcome.report.source_map.segments.0.origin.primary.cp = null
methods.0.outcome.report.source_map.segments.0.origin.primary.method.descriptor = [40,41,86]
methods.0.outcome.report.source_map.segments.0.origin.primary.method.name = [60,105,110,105,116,62]
methods.0.outcome.report.source_map.segments.0.origin.primary.method.owner.class_bytes.digest = "d3cc93b095a5cf398f696db081fbffa29bfd68babf3bdcabd713f3fce96ad84d"
methods.0.outcome.report.source_map.segments.0.origin.primary.method.owner.class_bytes.length = 493
methods.0.outcome.report.source_map.segments.0.origin.primary.method.owner.location.kind = "standalone_root"
methods.0.outcome.report.source_map.segments.0.origin.primary.method.owner.location.snapshot = "d3cc93b095a5cf398f696db081fbffa29bfd68babf3bdcabd713f3fce96ad84d"
methods.0.outcome.report.source_map.segments.0.origin.primary.method.owner.variant.kind = "base"
methods.0.outcome.report.source_map.segments.0.origin.primary.provenance = "Direct"
methods.0.outcome.report.source_map.segments.0.start = 175
methods.0.outcome.report.source_map.segments.1.end = 200
methods.0.outcome.report.source_map.segments.1.origin.derived = []
methods.0.outcome.report.source_map.segments.1.origin.primary.bci = 4
methods.0.outcome.report.source_map.segments.1.origin.primary.cp = null
methods.0.outcome.report.source_map.segments.1.origin.primary.method.descriptor = [40,41,86]
methods.0.outcome.report.source_map.segments.1.origin.primary.method.name = [60,105,110,105,116,62]
methods.0.outcome.report.source_map.segments.1.origin.primary.method.owner.class_bytes.digest = "d3cc93b095a5cf398f696db081fbffa29bfd68babf3bdcabd713f3fce96ad84d"
methods.0.outcome.report.source_map.segments.1.origin.primary.method.owner.class_bytes.length = 493
methods.0.outcome.report.source_map.segments.1.origin.primary.method.owner.location.kind = "standalone_root"
methods.0.outcome.report.source_map.segments.1.origin.primary.method.owner.location.snapshot = "d3cc93b095a5cf398f696db081fbffa29bfd68babf3bdcabd713f3fce96ad84d"
methods.0.outcome.report.source_map.segments.1.origin.primary.method.owner.variant.kind = "base"
methods.0.outcome.report.source_map.segments.1.origin.primary.provenance = "Direct"
methods.0.outcome.report.source_map.segments.1.start = 188
methods.0.outcome.report.syntax_status = "unchecked"
methods.0.outcome.report.text = "// @method <init>()V\n// @declaration a constructor of `GenericAbstractReceiverProbe`, member flags 0x0001\n// recovered from bytecode; presentation is not claimed to compile\n{\n    super();\n    return;\n}\n"
methods.0.outcome.report.verification = "not_performed"
methods.0.parameter_annotations.attributes = []
methods.0.parameter_annotations.refusals = []
methods.0.parameter_annotations.uses_by_position = []
methods.0.text = "    public GenericAbstractReceiverProbe() {\n        // @method <init>()V\n        // @declaration a constructor of `GenericAbstractReceiverProbe`, member flags 0x0001\n        // recovered from bytecode; presentation is not claimed to compile\n        super();\n        return;\n    }\n"
methods.0.type_annotations.attributes = []
methods.0.type_annotations.field_uses = []
methods.0.type_annotations.parameter_uses = []
methods.0.type_annotations.refusals = []
methods.0.type_annotations.return_uses = []
methods.1.annotations.attributes = []
methods.1.annotations.refusals = []
methods.1.annotations.uses = []
methods.1.declaration = "public abstract <T extends java.lang.Number> T target(T arg1)"
methods.1.item.access_flags = 1025
methods.1.item.body.kind = "no_code_attribute"
methods.1.item.descriptor.escaped = "(Ljava/lang/Number;)Ljava/lang/Number;"
methods.1.item.descriptor.raw = [40,76,106,97,118,97,47,108,97,110,103,47,78,117,109,98,101,114,59,41,76,106,97,118,97,47,108,97,110,103,47,78,117,109,98,101,114,59]
methods.1.item.descriptor.utf16 = [40,76,106,97,118,97,47,108,97,110,103,47,78,117,109,98,101,114,59,41,76,106,97,118,97,47,108,97,110,103,47,78,117,109,98,101,114,59]
methods.1.item.identity.descriptor = [40,76,106,97,118,97,47,108,97,110,103,47,78,117,109,98,101,114,59,41,76,106,97,118,97,47,108,97,110,103,47,78,117,109,98,101,114,59]
methods.1.item.identity.name = [116,97,114,103,101,116]
methods.1.item.identity.owner.class_bytes.digest = "d3cc93b095a5cf398f696db081fbffa29bfd68babf3bdcabd713f3fce96ad84d"
methods.1.item.identity.owner.class_bytes.length = 493
methods.1.item.identity.owner.location.kind = "standalone_root"
methods.1.item.identity.owner.location.snapshot = "d3cc93b095a5cf398f696db081fbffa29bfd68babf3bdcabd713f3fce96ad84d"
methods.1.item.identity.owner.variant.kind = "base"
methods.1.item.index = 1
methods.1.item.name.escaped = "target"
methods.1.item.name.raw = [116,97,114,103,101,116]
methods.1.item.name.utf16 = [116,97,114,103,101,116]
methods.1.markers = ["// jarde: no body: the member `target(Ljava/lang/Number;)Ljava/lang/Number;` is declared abstract and its declaration carries no Code attribute","// jarde: generic Signature `<T:Ljava/lang/Number;>(TT;)TT;` projected after descriptor erasure and physical no-body declaration proof; same-class call binding proved"]
methods.1.no_body_kind = "abstract"
methods.1.outcome.kind = "no_body"
methods.1.parameter_annotations.attributes = []
methods.1.parameter_annotations.refusals = []
methods.1.parameter_annotations.uses_by_position = [[]]
methods.1.text = "    // jarde: no body: the member `target(Ljava/lang/Number;)Ljava/lang/Number;` is declared abstract and its declaration carries no Code attribute\n    // jarde: generic Signature `<T:Ljava/lang/Number;>(TT;)TT;` projected after descriptor erasure and physical no-body declaration proof; same-class call binding proved\n    public abstract <T extends java.lang.Number> T target(T arg1);\n"
methods.1.type_annotations.attributes = []
methods.1.type_annotations.field_uses = []
methods.1.type_annotations.parameter_uses = [[]]
methods.1.type_annotations.refusals = []
methods.1.type_annotations.return_uses = []
methods.2.annotations.attributes = []
methods.2.annotations.refusals = []
methods.2.annotations.uses = []
methods.2.declaration = "public static java.lang.Number call(GenericAbstractReceiverProbe arg0)"
methods.2.item.access_flags = 9
methods.2.item.body.content_span.length = 22
methods.2.item.body.content_span.start = 433
methods.2.item.body.kind = "code_attribute"
methods.2.item.descriptor.escaped = "(LGenericAbstractReceiverProbe;)Ljava/lang/Number;"
methods.2.item.descriptor.raw = [40,76,71,101,110,101,114,105,99,65,98,115,116,114,97,99,116,82,101,99,101,105,118,101,114,80,114,111,98,101,59,41,76,106,97,118,97,47,108,97,110,103,47,78,117,109,98,101,114,59]
methods.2.item.descriptor.utf16 = [40,76,71,101,110,101,114,105,99,65,98,115,116,114,97,99,116,82,101,99,101,105,118,101,114,80,114,111,98,101,59,41,76,106,97,118,97,47,108,97,110,103,47,78,117,109,98,101,114,59]
methods.2.item.identity.descriptor = [40,76,71,101,110,101,114,105,99,65,98,115,116,114,97,99,116,82,101,99,101,105,118,101,114,80,114,111,98,101,59,41,76,106,97,118,97,47,108,97,110,103,47,78,117,109,98,101,114,59]
methods.2.item.identity.name = [99,97,108,108]
methods.2.item.identity.owner.class_bytes.digest = "d3cc93b095a5cf398f696db081fbffa29bfd68babf3bdcabd713f3fce96ad84d"
methods.2.item.identity.owner.class_bytes.length = 493
methods.2.item.identity.owner.location.kind = "standalone_root"
methods.2.item.identity.owner.location.snapshot = "d3cc93b095a5cf398f696db081fbffa29bfd68babf3bdcabd713f3fce96ad84d"
methods.2.item.identity.owner.variant.kind = "base"
methods.2.item.index = 2
methods.2.item.name.escaped = "call"
methods.2.item.name.raw = [99,97,108,108]
methods.2.item.name.utf16 = [99,97,108,108]
methods.2.markers = []
methods.2.no_body_kind = null
methods.2.outcome.analysis.diagnostics = 0
methods.2.outcome.analysis.execution.status = "complete"
methods.2.outcome.analysis.execution.usage.analysis_steps = 130
methods.2.outcome.analysis.execution.usage.archive_entries = 0
methods.2.outcome.analysis.execution.usage.attribute_bytes = 233
methods.2.outcome.analysis.execution.usage.class_bytes = 986
methods.2.outcome.analysis.execution.usage.class_headers = 1
methods.2.outcome.analysis.execution.usage.code_bytes = 15
methods.2.outcome.analysis.execution.usage.dependency_depth = 0
methods.2.outcome.analysis.execution.usage.elapsed_millis = 1
methods.2.outcome.analysis.execution.usage.entry_bytes = 0
methods.2.outcome.analysis.execution.usage.input_bytes = 493
methods.2.outcome.analysis.execution.usage.ir_edges = 7
methods.2.outcome.analysis.execution.usage.ir_items = 148
methods.2.outcome.analysis.execution.usage.method_bodies = 2
methods.2.outcome.analysis.execution.usage.nested_depth = 0
methods.2.outcome.analysis.execution.usage.normalization_clones = 0
methods.2.outcome.analysis.execution.usage.output_bytes = 695
methods.2.outcome.analysis.execution.usage.read_bytes = 493
methods.2.outcome.analysis.execution.usage.result_items = 11
methods.2.outcome.kind = "recovered"
methods.2.outcome.report.accessors = []
methods.2.outcome.report.aliased_names = []
methods.2.outcome.report.artifact.agreement.state = "not_stated"
methods.2.outcome.report.artifact.binding.engine = "0.1.0"
methods.2.outcome.report.artifact.binding.environment.content = ["d3cc93b095a5cf398f696db081fbffa29bfd68babf3bdcabd713f3fce96ad84d"]
methods.2.outcome.report.artifact.binding.environment.domain_loaders = ["app"]
methods.2.outcome.report.artifact.binding.environment.providers = []
methods.2.outcome.report.artifact.binding.environment.runtime.load_domain.delegation.kind = "parent_first"
methods.2.outcome.report.artifact.binding.environment.runtime.load_domain.external_override = "none"
methods.2.outcome.report.artifact.binding.environment.runtime.load_domain.loader = "app"
methods.2.outcome.report.artifact.binding.environment.runtime.load_domain.module_mode.kind = "class_path"
methods.2.outcome.report.artifact.binding.environment.runtime.load_domain.parent_loader = null
methods.2.outcome.report.artifact.binding.environment.runtime.load_domain.roots.0.kind = "standalone_class"
methods.2.outcome.report.artifact.binding.environment.runtime.load_domain.roots.0.snapshot = "d3cc93b095a5cf398f696db081fbffa29bfd68babf3bdcabd713f3fce96ad84d"
methods.2.outcome.report.artifact.binding.environment.runtime.load_domain.runtime_transformation = "none"
methods.2.outcome.report.artifact.binding.environment.runtime.physical.scope.kind = "snapshot_all"
methods.2.outcome.report.artifact.binding.environment.runtime.physical.snapshot = "d3cc93b095a5cf398f696db081fbffa29bfd68babf3bdcabd713f3fce96ad84d"
methods.2.outcome.report.artifact.binding.environment.runtime.profile.java_release = 8
methods.2.outcome.report.artifact.binding.environment.runtime.profile.layout.kind = "generic"
methods.2.outcome.report.artifact.binding.environment.runtime.profile.multi_release.kind = "disabled"
methods.2.outcome.report.artifact.binding.member_ordinal = 2
methods.2.outcome.report.artifact.binding.method.descriptor = [40,76,71,101,110,101,114,105,99,65,98,115,116,114,97,99,116,82,101,99,101,105,118,101,114,80,114,111,98,101,59,41,76,106,97,118,97,47,108,97,110,103,47,78,117,109,98,101,114,59]
methods.2.outcome.report.artifact.binding.method.name = [99,97,108,108]
methods.2.outcome.report.artifact.binding.method.owner.class_bytes.digest = "d3cc93b095a5cf398f696db081fbffa29bfd68babf3bdcabd713f3fce96ad84d"
methods.2.outcome.report.artifact.binding.method.owner.class_bytes.length = 493
methods.2.outcome.report.artifact.binding.method.owner.location.kind = "standalone_root"
methods.2.outcome.report.artifact.binding.method.owner.location.snapshot = "d3cc93b095a5cf398f696db081fbffa29bfd68babf3bdcabd713f3fce96ad84d"
methods.2.outcome.report.artifact.binding.method.owner.variant.kind = "base"
methods.2.outcome.report.artifact.binding.profile.java_release = 8
methods.2.outcome.report.artifact.binding.profile.layout.kind = "generic"
methods.2.outcome.report.artifact.binding.profile.multi_release.kind = "disabled"
methods.2.outcome.report.artifact.binding.registry = 71
methods.2.outcome.report.artifact.binding.rules = ["straight@1","if@1","loop@1","switch@1","lambda@1","concat@1","bridge@1","accessor@1","new@1","field@1","enumswitch@1","init@1","declaration@1","twr@1","monitor@1","finally@1"]
methods.2.outcome.report.artifact.binding.schema = 1
methods.2.outcome.report.artifact.binding.text_bytes = 297
methods.2.outcome.report.artifact.binding.text_digest = "2632b3a211589f3c763cefe597f43193"
methods.2.outcome.report.bridges = []
methods.2.outcome.report.compile_status = "not_attempted"
methods.2.outcome.report.concats = []
methods.2.outcome.report.content = "contains_statements"
methods.2.outcome.report.declaration = null
methods.2.outcome.report.diagnostics.0.code = "jre_recovery_produced"
methods.2.outcome.report.diagnostics.0.message = "1 region(s), 1 statement(s), 7 segment(s), 297 byte(s) written from 1 canonical block(s)"
methods.2.outcome.report.diagnostics.0.provenance = null
methods.2.outcome.report.diagnostics.0.severity = "info"
methods.2.outcome.report.diagnostics.1.code = "jre_declaration"
methods.2.outcome.report.diagnostics.1.message = "the artifact's envelope states the member's declaration under declaration@1: a static method"
methods.2.outcome.report.diagnostics.1.provenance = null
methods.2.outcome.report.diagnostics.1.severity = "info"
methods.2.outcome.report.enum_switches = []
methods.2.outcome.report.evidence.categories.0.kind = "source_map"
methods.2.outcome.report.evidence.categories.0.state.state = "complete"
methods.2.outcome.report.evidence.categories.1.kind = "region_details"
methods.2.outcome.report.evidence.categories.1.state.state = "not_requested"
methods.2.outcome.report.evidence.categories.2.kind = "rule_details"
methods.2.outcome.report.evidence.categories.2.state.state = "not_requested"
methods.2.outcome.report.evidence.categories.3.kind = "name_details"
methods.2.outcome.report.evidence.categories.3.state.state = "not_requested"
methods.2.outcome.report.evidence.categories.4.kind = "read_details"
methods.2.outcome.report.evidence.categories.4.state.state = "not_requested"
methods.2.outcome.report.evidence.requested.driver_bci_range = null
methods.2.outcome.report.evidence.requested.expected_artifact = null
methods.2.outcome.report.evidence.requested.kinds = ["source_map"]
methods.2.outcome.report.execution.status = "complete"
methods.2.outcome.report.execution.usage.analysis_steps = 187
methods.2.outcome.report.execution.usage.archive_entries = 0
methods.2.outcome.report.execution.usage.attribute_bytes = 320
methods.2.outcome.report.execution.usage.class_bytes = 1479
methods.2.outcome.report.execution.usage.class_headers = 2
methods.2.outcome.report.execution.usage.code_bytes = 15
methods.2.outcome.report.execution.usage.dependency_depth = 0
methods.2.outcome.report.execution.usage.elapsed_millis = 2
methods.2.outcome.report.execution.usage.entry_bytes = 0
methods.2.outcome.report.execution.usage.input_bytes = 493
methods.2.outcome.report.execution.usage.ir_edges = 7
methods.2.outcome.report.execution.usage.ir_items = 209
methods.2.outcome.report.execution.usage.method_bodies = 2
methods.2.outcome.report.execution.usage.nested_depth = 0
methods.2.outcome.report.execution.usage.normalization_clones = 0
methods.2.outcome.report.execution.usage.output_bytes = 1485
methods.2.outcome.report.execution.usage.read_bytes = 986
methods.2.outcome.report.execution.usage.result_items = 11
methods.2.outcome.report.fallbacks = []
methods.2.outcome.report.fields = []
methods.2.outcome.report.init = null
methods.2.outcome.report.lambdas = []
methods.2.outcome.report.method = "call(LGenericAbstractReceiverProbe;)Ljava/lang/Number;"
methods.2.outcome.report.news = []
methods.2.outcome.report.outcome = "produced"
methods.2.outcome.report.profile.java_release = 8
methods.2.outcome.report.profile.layout.kind = "generic"
methods.2.outcome.report.profile.multi_release.kind = "disabled"
methods.2.outcome.report.quality = "structured"
methods.2.outcome.report.regions = []
methods.2.outcome.report.representation = "java"
methods.2.outcome.report.rules = []
methods.2.outcome.report.semantic_validation = "unproven"
methods.2.outcome.report.source_map.segments.0.end = 237
methods.2.outcome.report.source_map.segments.0.origin.derived = []
methods.2.outcome.report.source_map.segments.0.origin.primary.bci = 0
methods.2.outcome.report.source_map.segments.0.origin.primary.cp = null
methods.2.outcome.report.source_map.segments.0.origin.primary.method.descriptor = [40,76,71,101,110,101,114,105,99,65,98,115,116,114,97,99,116,82,101,99,101,105,118,101,114,80,114,111,98,101,59,41,76,106,97,118,97,47,108,97,110,103,47,78,117,109,98,101,114,59]
methods.2.outcome.report.source_map.segments.0.origin.primary.method.name = [99,97,108,108]
methods.2.outcome.report.source_map.segments.0.origin.primary.method.owner.class_bytes.digest = "d3cc93b095a5cf398f696db081fbffa29bfd68babf3bdcabd713f3fce96ad84d"
methods.2.outcome.report.source_map.segments.0.origin.primary.method.owner.class_bytes.length = 493
methods.2.outcome.report.source_map.segments.0.origin.primary.method.owner.location.kind = "standalone_root"
methods.2.outcome.report.source_map.segments.0.origin.primary.method.owner.location.snapshot = "d3cc93b095a5cf398f696db081fbffa29bfd68babf3bdcabd713f3fce96ad84d"
methods.2.outcome.report.source_map.segments.0.origin.primary.method.owner.variant.kind = "base"
methods.2.outcome.report.source_map.segments.0.origin.primary.provenance = "Direct"
methods.2.outcome.report.source_map.segments.0.start = 233
methods.2.outcome.report.source_map.segments.1.end = 281
methods.2.outcome.report.source_map.segments.1.origin.derived = []
methods.2.outcome.report.source_map.segments.1.origin.primary.bci = 3
methods.2.outcome.report.source_map.segments.1.origin.primary.cp = null
methods.2.outcome.report.source_map.segments.1.origin.primary.method.descriptor = [40,76,71,101,110,101,114,105,99,65,98,115,116,114,97,99,116,82,101,99,101,105,118,101,114,80,114,111,98,101,59,41,76,106,97,118,97,47,108,97,110,103,47,78,117,109,98,101,114,59]
methods.2.outcome.report.source_map.segments.1.origin.primary.method.name = [99,97,108,108]
methods.2.outcome.report.source_map.segments.1.origin.primary.method.owner.class_bytes.digest = "d3cc93b095a5cf398f696db081fbffa29bfd68babf3bdcabd713f3fce96ad84d"
methods.2.outcome.report.source_map.segments.1.origin.primary.method.owner.class_bytes.length = 493
methods.2.outcome.report.source_map.segments.1.origin.primary.method.owner.location.kind = "standalone_root"
methods.2.outcome.report.source_map.segments.1.origin.primary.method.owner.location.snapshot = "d3cc93b095a5cf398f696db081fbffa29bfd68babf3bdcabd713f3fce96ad84d"
methods.2.outcome.report.source_map.segments.1.origin.primary.method.owner.variant.kind = "base"
methods.2.outcome.report.source_map.segments.1.origin.primary.provenance = "Direct"
methods.2.outcome.report.source_map.segments.1.start = 264
methods.2.outcome.report.source_map.segments.2.end = 291
methods.2.outcome.report.source_map.segments.2.origin.derived = []
methods.2.outcome.report.source_map.segments.2.origin.primary.bci = 1
methods.2.outcome.report.source_map.segments.2.origin.primary.cp = null
methods.2.outcome.report.source_map.segments.2.origin.primary.method.descriptor = [40,76,71,101,110,101,114,105,99,65,98,115,116,114,97,99,116,82,101,99,101,105,118,101,114,80,114,111,98,101,59,41,76,106,97,118,97,47,108,97,110,103,47,78,117,109,98,101,114,59]
methods.2.outcome.report.source_map.segments.2.origin.primary.method.name = [99,97,108,108]
methods.2.outcome.report.source_map.segments.2.origin.primary.method.owner.class_bytes.digest = "d3cc93b095a5cf398f696db081fbffa29bfd68babf3bdcabd713f3fce96ad84d"
methods.2.outcome.report.source_map.segments.2.origin.primary.method.owner.class_bytes.length = 493
methods.2.outcome.report.source_map.segments.2.origin.primary.method.owner.location.kind = "standalone_root"
methods.2.outcome.report.source_map.segments.2.origin.primary.method.owner.location.snapshot = "d3cc93b095a5cf398f696db081fbffa29bfd68babf3bdcabd713f3fce96ad84d"
methods.2.outcome.report.source_map.segments.2.origin.primary.method.owner.variant.kind = "base"
methods.2.outcome.report.source_map.segments.2.origin.primary.provenance = "Direct"
methods.2.outcome.report.source_map.segments.2.start = 290
methods.2.outcome.report.source_map.segments.3.end = 292
methods.2.outcome.report.source_map.segments.3.origin.derived = []
methods.2.outcome.report.source_map.segments.3.origin.primary.bci = 3
methods.2.outcome.report.source_map.segments.3.origin.primary.cp = null
methods.2.outcome.report.source_map.segments.3.origin.primary.method.descriptor = [40,76,71,101,110,101,114,105,99,65,98,115,116,114,97,99,116,82,101,99,101,105,118,101,114,80,114,111,98,101,59,41,76,106,97,118,97,47,108,97,110,103,47,78,117,109,98,101,114,59]
methods.2.outcome.report.source_map.segments.3.origin.primary.method.name = [99,97,108,108]
methods.2.outcome.report.source_map.segments.3.origin.primary.method.owner.class_bytes.digest = "d3cc93b095a5cf398f696db081fbffa29bfd68babf3bdcabd713f3fce96ad84d"
methods.2.outcome.report.source_map.segments.3.origin.primary.method.owner.class_bytes.length = 493
methods.2.outcome.report.source_map.segments.3.origin.primary.method.owner.location.kind = "standalone_root"
methods.2.outcome.report.source_map.segments.3.origin.primary.method.owner.location.snapshot = "d3cc93b095a5cf398f696db081fbffa29bfd68babf3bdcabd713f3fce96ad84d"
methods.2.outcome.report.source_map.segments.3.origin.primary.method.owner.variant.kind = "base"
methods.2.outcome.report.source_map.segments.3.origin.primary.provenance = "Direct"
methods.2.outcome.report.source_map.segments.3.start = 264
methods.2.outcome.report.source_map.segments.4.end = 292
methods.2.outcome.report.source_map.segments.4.origin.derived.0.bci = 6
methods.2.outcome.report.source_map.segments.4.origin.derived.0.cp = null
methods.2.outcome.report.source_map.segments.4.origin.derived.0.method.descriptor = [40,76,71,101,110,101,114,105,99,65,98,115,116,114,97,99,116,82,101,99,101,105,118,101,114,80,114,111,98,101,59,41,76,106,97,118,97,47,108,97,110,103,47,78,117,109,98,101,114,59]
methods.2.outcome.report.source_map.segments.4.origin.derived.0.method.name = [99,97,108,108]
methods.2.outcome.report.source_map.segments.4.origin.derived.0.method.owner.class_bytes.digest = "d3cc93b095a5cf398f696db081fbffa29bfd68babf3bdcabd713f3fce96ad84d"
methods.2.outcome.report.source_map.segments.4.origin.derived.0.method.owner.class_bytes.length = 493
methods.2.outcome.report.source_map.segments.4.origin.derived.0.method.owner.location.kind = "standalone_root"
methods.2.outcome.report.source_map.segments.4.origin.derived.0.method.owner.location.snapshot = "d3cc93b095a5cf398f696db081fbffa29bfd68babf3bdcabd713f3fce96ad84d"
methods.2.outcome.report.source_map.segments.4.origin.derived.0.method.owner.variant.kind = "base"
methods.2.outcome.report.source_map.segments.4.origin.derived.0.provenance = "Derived"
methods.2.outcome.report.source_map.segments.4.origin.primary.bci = 3
methods.2.outcome.report.source_map.segments.4.origin.primary.cp = null
methods.2.outcome.report.source_map.segments.4.origin.primary.method.descriptor = [40,76,71,101,110,101,114,105,99,65,98,115,116,114,97,99,116,82,101,99,101,105,118,101,114,80,114,111,98,101,59,41,76,106,97,118,97,47,108,97,110,103,47,78,117,109,98,101,114,59]
methods.2.outcome.report.source_map.segments.4.origin.primary.method.name = [99,97,108,108]
methods.2.outcome.report.source_map.segments.4.origin.primary.method.owner.class_bytes.digest = "d3cc93b095a5cf398f696db081fbffa29bfd68babf3bdcabd713f3fce96ad84d"
methods.2.outcome.report.source_map.segments.4.origin.primary.method.owner.class_bytes.length = 493
methods.2.outcome.report.source_map.segments.4.origin.primary.method.owner.location.kind = "standalone_root"
methods.2.outcome.report.source_map.segments.4.origin.primary.method.owner.location.snapshot = "d3cc93b095a5cf398f696db081fbffa29bfd68babf3bdcabd713f3fce96ad84d"
methods.2.outcome.report.source_map.segments.4.origin.primary.method.owner.variant.kind = "base"
methods.2.outcome.report.source_map.segments.4.origin.primary.provenance = "Direct"
methods.2.outcome.report.source_map.segments.4.start = 245
methods.2.outcome.report.source_map.segments.5.end = 293
methods.2.outcome.report.source_map.segments.5.origin.derived = []
methods.2.outcome.report.source_map.segments.5.origin.primary.bci = 6
methods.2.outcome.report.source_map.segments.5.origin.primary.cp = null
methods.2.outcome.report.source_map.segments.5.origin.primary.method.descriptor = [40,76,71,101,110,101,114,105,99,65,98,115,116,114,97,99,116,82,101,99,101,105,118,101,114,80,114,111,98,101,59,41,76,106,97,118,97,47,108,97,110,103,47,78,117,109,98,101,114,59]
methods.2.outcome.report.source_map.segments.5.origin.primary.method.name = [99,97,108,108]
methods.2.outcome.report.source_map.segments.5.origin.primary.method.owner.class_bytes.digest = "d3cc93b095a5cf398f696db081fbffa29bfd68babf3bdcabd713f3fce96ad84d"
methods.2.outcome.report.source_map.segments.5.origin.primary.method.owner.class_bytes.length = 493
methods.2.outcome.report.source_map.segments.5.origin.primary.method.owner.location.kind = "standalone_root"
methods.2.outcome.report.source_map.segments.5.origin.primary.method.owner.location.snapshot = "d3cc93b095a5cf398f696db081fbffa29bfd68babf3bdcabd713f3fce96ad84d"
methods.2.outcome.report.source_map.segments.5.origin.primary.method.owner.variant.kind = "base"
methods.2.outcome.report.source_map.segments.5.origin.primary.provenance = "Direct"
methods.2.outcome.report.source_map.segments.5.start = 233
methods.2.outcome.report.source_map.segments.6.end = 295
methods.2.outcome.report.source_map.segments.6.origin.derived = []
methods.2.outcome.report.source_map.segments.6.origin.primary.bci = 9
methods.2.outcome.report.source_map.segments.6.origin.primary.cp = null
methods.2.outcome.report.source_map.segments.6.origin.primary.method.descriptor = [40,76,71,101,110,101,114,105,99,65,98,115,116,114,97,99,116,82,101,99,101,105,118,101,114,80,114,111,98,101,59,41,76,106,97,118,97,47,108,97,110,103,47,78,117,109,98,101,114,59]
methods.2.outcome.report.source_map.segments.6.origin.primary.method.name = [99,97,108,108]
methods.2.outcome.report.source_map.segments.6.origin.primary.method.owner.class_bytes.digest = "d3cc93b095a5cf398f696db081fbffa29bfd68babf3bdcabd713f3fce96ad84d"
methods.2.outcome.report.source_map.segments.6.origin.primary.method.owner.class_bytes.length = 493
methods.2.outcome.report.source_map.segments.6.origin.primary.method.owner.location.kind = "standalone_root"
methods.2.outcome.report.source_map.segments.6.origin.primary.method.owner.location.snapshot = "d3cc93b095a5cf398f696db081fbffa29bfd68babf3bdcabd713f3fce96ad84d"
methods.2.outcome.report.source_map.segments.6.origin.primary.method.owner.variant.kind = "base"
methods.2.outcome.report.source_map.segments.6.origin.primary.provenance = "Direct"
methods.2.outcome.report.source_map.segments.6.start = 222
methods.2.outcome.report.syntax_status = "unchecked"
methods.2.outcome.report.text = "// @method call(LGenericAbstractReceiverProbe;)Ljava/lang/Number;\n// @declaration a static method of `GenericAbstractReceiverProbe`, member flags 0x0009\n// recovered from bytecode; presentation is not claimed to compile\n{\n    return arg0.target((java.lang.Number) java.lang.Integer.valueOf(7));\n}\n"
methods.2.outcome.report.verification = "not_performed"
methods.2.parameter_annotations.attributes = []
methods.2.parameter_annotations.refusals = []
methods.2.parameter_annotations.uses_by_position = [[]]
methods.2.text = "    public static java.lang.Number call(GenericAbstractReceiverProbe arg0) {\n        // @method call(LGenericAbstractReceiverProbe;)Ljava/lang/Number;\n        // @declaration a static method of `GenericAbstractReceiverProbe`, member flags 0x0009\n        // recovered from bytecode; presentation is not claimed to compile\n        return arg0.target((java.lang.Number) java.lang.Integer.valueOf(7));\n    }\n"
methods.2.type_annotations.attributes = []
methods.2.type_annotations.field_uses = []
methods.2.type_annotations.parameter_uses = [[]]
methods.2.type_annotations.refusals = []
methods.2.type_annotations.return_uses = []
methods.3.annotations.attributes = []
methods.3.annotations.refusals = []
methods.3.annotations.uses = []
methods.3.declaration = "public java.lang.Number own()"
methods.3.item.access_flags = 1
methods.3.item.body.content_span.length = 22
methods.3.item.body.content_span.start = 469
methods.3.item.body.kind = "code_attribute"
methods.3.item.descriptor.escaped = "()Ljava/lang/Number;"
methods.3.item.descriptor.raw = [40,41,76,106,97,118,97,47,108,97,110,103,47,78,117,109,98,101,114,59]
methods.3.item.descriptor.utf16 = [40,41,76,106,97,118,97,47,108,97,110,103,47,78,117,109,98,101,114,59]
methods.3.item.identity.descriptor = [40,41,76,106,97,118,97,47,108,97,110,103,47,78,117,109,98,101,114,59]
methods.3.item.identity.name = [111,119,110]
methods.3.item.identity.owner.class_bytes.digest = "d3cc93b095a5cf398f696db081fbffa29bfd68babf3bdcabd713f3fce96ad84d"
methods.3.item.identity.owner.class_bytes.length = 493
methods.3.item.identity.owner.location.kind = "standalone_root"
methods.3.item.identity.owner.location.snapshot = "d3cc93b095a5cf398f696db081fbffa29bfd68babf3bdcabd713f3fce96ad84d"
methods.3.item.identity.owner.variant.kind = "base"
methods.3.item.index = 3
methods.3.item.name.escaped = "own"
methods.3.item.name.raw = [111,119,110]
methods.3.item.name.utf16 = [111,119,110]
methods.3.markers = []
methods.3.no_body_kind = null
methods.3.outcome.analysis.diagnostics = 0
methods.3.outcome.analysis.execution.status = "complete"
methods.3.outcome.analysis.execution.usage.analysis_steps = 217
methods.3.outcome.analysis.execution.usage.archive_entries = 0
methods.3.outcome.analysis.execution.usage.attribute_bytes = 348
methods.3.outcome.analysis.execution.usage.class_bytes = 1479
methods.3.outcome.analysis.execution.usage.class_headers = 2
methods.3.outcome.analysis.execution.usage.code_bytes = 25
methods.3.outcome.analysis.execution.usage.dependency_depth = 0
methods.3.outcome.analysis.execution.usage.elapsed_millis = 2
methods.3.outcome.analysis.execution.usage.entry_bytes = 0
methods.3.outcome.analysis.execution.usage.input_bytes = 493
methods.3.outcome.analysis.execution.usage.ir_edges = 12
methods.3.outcome.analysis.execution.usage.ir_items = 286
methods.3.outcome.analysis.execution.usage.method_bodies = 3
methods.3.outcome.analysis.execution.usage.nested_depth = 0
methods.3.outcome.analysis.execution.usage.normalization_clones = 0
methods.3.outcome.analysis.execution.usage.output_bytes = 1485
methods.3.outcome.analysis.execution.usage.read_bytes = 986
methods.3.outcome.analysis.execution.usage.result_items = 12
methods.3.outcome.kind = "recovered"
methods.3.outcome.report.accessors = []
methods.3.outcome.report.aliased_names = []
methods.3.outcome.report.artifact.agreement.state = "not_stated"
methods.3.outcome.report.artifact.binding.engine = "0.1.0"
methods.3.outcome.report.artifact.binding.environment.content = ["d3cc93b095a5cf398f696db081fbffa29bfd68babf3bdcabd713f3fce96ad84d"]
methods.3.outcome.report.artifact.binding.environment.domain_loaders = ["app"]
methods.3.outcome.report.artifact.binding.environment.providers = []
methods.3.outcome.report.artifact.binding.environment.runtime.load_domain.delegation.kind = "parent_first"
methods.3.outcome.report.artifact.binding.environment.runtime.load_domain.external_override = "none"
methods.3.outcome.report.artifact.binding.environment.runtime.load_domain.loader = "app"
methods.3.outcome.report.artifact.binding.environment.runtime.load_domain.module_mode.kind = "class_path"
methods.3.outcome.report.artifact.binding.environment.runtime.load_domain.parent_loader = null
methods.3.outcome.report.artifact.binding.environment.runtime.load_domain.roots.0.kind = "standalone_class"
methods.3.outcome.report.artifact.binding.environment.runtime.load_domain.roots.0.snapshot = "d3cc93b095a5cf398f696db081fbffa29bfd68babf3bdcabd713f3fce96ad84d"
methods.3.outcome.report.artifact.binding.environment.runtime.load_domain.runtime_transformation = "none"
methods.3.outcome.report.artifact.binding.environment.runtime.physical.scope.kind = "snapshot_all"
methods.3.outcome.report.artifact.binding.environment.runtime.physical.snapshot = "d3cc93b095a5cf398f696db081fbffa29bfd68babf3bdcabd713f3fce96ad84d"
methods.3.outcome.report.artifact.binding.environment.runtime.profile.java_release = 8
methods.3.outcome.report.artifact.binding.environment.runtime.profile.layout.kind = "generic"
methods.3.outcome.report.artifact.binding.environment.runtime.profile.multi_release.kind = "disabled"
methods.3.outcome.report.artifact.binding.member_ordinal = 3
methods.3.outcome.report.artifact.binding.method.descriptor = [40,41,76,106,97,118,97,47,108,97,110,103,47,78,117,109,98,101,114,59]
methods.3.outcome.report.artifact.binding.method.name = [111,119,110]
methods.3.outcome.report.artifact.binding.method.owner.class_bytes.digest = "d3cc93b095a5cf398f696db081fbffa29bfd68babf3bdcabd713f3fce96ad84d"
methods.3.outcome.report.artifact.binding.method.owner.class_bytes.length = 493
methods.3.outcome.report.artifact.binding.method.owner.location.kind = "standalone_root"
methods.3.outcome.report.artifact.binding.method.owner.location.snapshot = "d3cc93b095a5cf398f696db081fbffa29bfd68babf3bdcabd713f3fce96ad84d"
methods.3.outcome.report.artifact.binding.method.owner.variant.kind = "base"
methods.3.outcome.report.artifact.binding.profile.java_release = 8
methods.3.outcome.report.artifact.binding.profile.layout.kind = "generic"
methods.3.outcome.report.artifact.binding.profile.multi_release.kind = "disabled"
methods.3.outcome.report.artifact.binding.registry = 71
methods.3.outcome.report.artifact.binding.rules = ["straight@1","if@1","loop@1","switch@1","lambda@1","concat@1","bridge@1","accessor@1","new@1","field@1","enumswitch@1","init@1","declaration@1","twr@1","monitor@1","finally@1"]
methods.3.outcome.report.artifact.binding.schema = 1
methods.3.outcome.report.artifact.binding.text_bytes = 269
methods.3.outcome.report.artifact.binding.text_digest = "20cbf79e9acd9be8b4bcfdd4ecf83754"
methods.3.outcome.report.bridges = []
methods.3.outcome.report.compile_status = "not_attempted"
methods.3.outcome.report.concats = []
methods.3.outcome.report.content = "contains_statements"
methods.3.outcome.report.declaration = null
methods.3.outcome.report.diagnostics.0.code = "jre_recovery_produced"
methods.3.outcome.report.diagnostics.0.message = "1 region(s), 1 statement(s), 7 segment(s), 269 byte(s) written from 1 canonical block(s)"
methods.3.outcome.report.diagnostics.0.provenance = null
methods.3.outcome.report.diagnostics.0.severity = "info"
methods.3.outcome.report.diagnostics.1.code = "jre_declaration"
methods.3.outcome.report.diagnostics.1.message = "the artifact's envelope states the member's declaration under declaration@1: an instance method"
methods.3.outcome.report.diagnostics.1.provenance = null
methods.3.outcome.report.diagnostics.1.severity = "info"
methods.3.outcome.report.enum_switches = []
methods.3.outcome.report.evidence.categories.0.kind = "source_map"
methods.3.outcome.report.evidence.categories.0.state.state = "complete"
methods.3.outcome.report.evidence.categories.1.kind = "region_details"
methods.3.outcome.report.evidence.categories.1.state.state = "not_requested"
methods.3.outcome.report.evidence.categories.2.kind = "rule_details"
methods.3.outcome.report.evidence.categories.2.state.state = "not_requested"
methods.3.outcome.report.evidence.categories.3.kind = "name_details"
methods.3.outcome.report.evidence.categories.3.state.state = "not_requested"
methods.3.outcome.report.evidence.categories.4.kind = "read_details"
methods.3.outcome.report.evidence.categories.4.state.state = "not_requested"
methods.3.outcome.report.evidence.requested.driver_bci_range = null
methods.3.outcome.report.evidence.requested.expected_artifact = null
methods.3.outcome.report.evidence.requested.kinds = ["source_map"]
methods.3.outcome.report.execution.status = "complete"
methods.3.outcome.report.execution.usage.analysis_steps = 275
methods.3.outcome.report.execution.usage.archive_entries = 0
methods.3.outcome.report.execution.usage.attribute_bytes = 435
methods.3.outcome.report.execution.usage.class_bytes = 1972
methods.3.outcome.report.execution.usage.class_headers = 3
methods.3.outcome.report.execution.usage.code_bytes = 25
methods.3.outcome.report.execution.usage.dependency_depth = 0
methods.3.outcome.report.execution.usage.elapsed_millis = 2
methods.3.outcome.report.execution.usage.entry_bytes = 0
methods.3.outcome.report.execution.usage.input_bytes = 493
methods.3.outcome.report.execution.usage.ir_edges = 12
methods.3.outcome.report.execution.usage.ir_items = 347
methods.3.outcome.report.execution.usage.method_bodies = 3
methods.3.outcome.report.execution.usage.nested_depth = 0
methods.3.outcome.report.execution.usage.normalization_clones = 0
methods.3.outcome.report.execution.usage.output_bytes = 2247
methods.3.outcome.report.execution.usage.read_bytes = 1479
methods.3.outcome.report.execution.usage.result_items = 12
methods.3.outcome.report.fallbacks = []
methods.3.outcome.report.fields = []
methods.3.outcome.report.init = null
methods.3.outcome.report.lambdas = []
methods.3.outcome.report.method = "own()Ljava/lang/Number;"
methods.3.outcome.report.news = []
methods.3.outcome.report.outcome = "produced"
methods.3.outcome.report.profile.java_release = 8
methods.3.outcome.report.profile.layout.kind = "generic"
methods.3.outcome.report.profile.multi_release.kind = "disabled"
methods.3.outcome.report.quality = "structured"
methods.3.outcome.report.regions = []
methods.3.outcome.report.representation = "java"
methods.3.outcome.report.rules = []
methods.3.outcome.report.semantic_validation = "unproven"
methods.3.outcome.report.source_map.segments.0.end = 209
methods.3.outcome.report.source_map.segments.0.origin.derived = []
methods.3.outcome.report.source_map.segments.0.origin.primary.bci = 0
methods.3.outcome.report.source_map.segments.0.origin.primary.cp = null
methods.3.outcome.report.source_map.segments.0.origin.primary.method.descriptor = [40,41,76,106,97,118,97,47,108,97,110,103,47,78,117,109,98,101,114,59]
methods.3.outcome.report.source_map.segments.0.origin.primary.method.name = [111,119,110]
methods.3.outcome.report.source_map.segments.0.origin.primary.method.owner.class_bytes.digest = "d3cc93b095a5cf398f696db081fbffa29bfd68babf3bdcabd713f3fce96ad84d"
methods.3.outcome.report.source_map.segments.0.origin.primary.method.owner.class_bytes.length = 493
methods.3.outcome.report.source_map.segments.0.origin.primary.method.owner.location.kind = "standalone_root"
methods.3.outcome.report.source_map.segments.0.origin.primary.method.owner.location.snapshot = "d3cc93b095a5cf398f696db081fbffa29bfd68babf3bdcabd713f3fce96ad84d"
methods.3.outcome.report.source_map.segments.0.origin.primary.method.owner.variant.kind = "base"
methods.3.outcome.report.source_map.segments.0.origin.primary.provenance = "Direct"
methods.3.outcome.report.source_map.segments.0.start = 205
methods.3.outcome.report.source_map.segments.1.end = 253
methods.3.outcome.report.source_map.segments.1.origin.derived = []
methods.3.outcome.report.source_map.segments.1.origin.primary.bci = 3
methods.3.outcome.report.source_map.segments.1.origin.primary.cp = null
methods.3.outcome.report.source_map.segments.1.origin.primary.method.descriptor = [40,41,76,106,97,118,97,47,108,97,110,103,47,78,117,109,98,101,114,59]
methods.3.outcome.report.source_map.segments.1.origin.primary.method.name = [111,119,110]
methods.3.outcome.report.source_map.segments.1.origin.primary.method.owner.class_bytes.digest = "d3cc93b095a5cf398f696db081fbffa29bfd68babf3bdcabd713f3fce96ad84d"
methods.3.outcome.report.source_map.segments.1.origin.primary.method.owner.class_bytes.length = 493
methods.3.outcome.report.source_map.segments.1.origin.primary.method.owner.location.kind = "standalone_root"
methods.3.outcome.report.source_map.segments.1.origin.primary.method.owner.location.snapshot = "d3cc93b095a5cf398f696db081fbffa29bfd68babf3bdcabd713f3fce96ad84d"
methods.3.outcome.report.source_map.segments.1.origin.primary.method.owner.variant.kind = "base"
methods.3.outcome.report.source_map.segments.1.origin.primary.provenance = "Direct"
methods.3.outcome.report.source_map.segments.1.start = 236
methods.3.outcome.report.source_map.segments.2.end = 263
methods.3.outcome.report.source_map.segments.2.origin.derived = []
methods.3.outcome.report.source_map.segments.2.origin.primary.bci = 1
methods.3.outcome.report.source_map.segments.2.origin.primary.cp = null
methods.3.outcome.report.source_map.segments.2.origin.primary.method.descriptor = [40,41,76,106,97,118,97,47,108,97,110,103,47,78,117,109,98,101,114,59]
methods.3.outcome.report.source_map.segments.2.origin.primary.method.name = [111,119,110]
methods.3.outcome.report.source_map.segments.2.origin.primary.method.owner.class_bytes.digest = "d3cc93b095a5cf398f696db081fbffa29bfd68babf3bdcabd713f3fce96ad84d"
methods.3.outcome.report.source_map.segments.2.origin.primary.method.owner.class_bytes.length = 493
methods.3.outcome.report.source_map.segments.2.origin.primary.method.owner.location.kind = "standalone_root"
methods.3.outcome.report.source_map.segments.2.origin.primary.method.owner.location.snapshot = "d3cc93b095a5cf398f696db081fbffa29bfd68babf3bdcabd713f3fce96ad84d"
methods.3.outcome.report.source_map.segments.2.origin.primary.method.owner.variant.kind = "base"
methods.3.outcome.report.source_map.segments.2.origin.primary.provenance = "Direct"
methods.3.outcome.report.source_map.segments.2.start = 262
methods.3.outcome.report.source_map.segments.3.end = 264
methods.3.outcome.report.source_map.segments.3.origin.derived = []
methods.3.outcome.report.source_map.segments.3.origin.primary.bci = 3
methods.3.outcome.report.source_map.segments.3.origin.primary.cp = null
methods.3.outcome.report.source_map.segments.3.origin.primary.method.descriptor = [40,41,76,106,97,118,97,47,108,97,110,103,47,78,117,109,98,101,114,59]
methods.3.outcome.report.source_map.segments.3.origin.primary.method.name = [111,119,110]
methods.3.outcome.report.source_map.segments.3.origin.primary.method.owner.class_bytes.digest = "d3cc93b095a5cf398f696db081fbffa29bfd68babf3bdcabd713f3fce96ad84d"
methods.3.outcome.report.source_map.segments.3.origin.primary.method.owner.class_bytes.length = 493
methods.3.outcome.report.source_map.segments.3.origin.primary.method.owner.location.kind = "standalone_root"
methods.3.outcome.report.source_map.segments.3.origin.primary.method.owner.location.snapshot = "d3cc93b095a5cf398f696db081fbffa29bfd68babf3bdcabd713f3fce96ad84d"
methods.3.outcome.report.source_map.segments.3.origin.primary.method.owner.variant.kind = "base"
methods.3.outcome.report.source_map.segments.3.origin.primary.provenance = "Direct"
methods.3.outcome.report.source_map.segments.3.start = 236
methods.3.outcome.report.source_map.segments.4.end = 264
methods.3.outcome.report.source_map.segments.4.origin.derived.0.bci = 6
methods.3.outcome.report.source_map.segments.4.origin.derived.0.cp = null
methods.3.outcome.report.source_map.segments.4.origin.derived.0.method.descriptor = [40,41,76,106,97,118,97,47,108,97,110,103,47,78,117,109,98,101,114,59]
methods.3.outcome.report.source_map.segments.4.origin.derived.0.method.name = [111,119,110]
methods.3.outcome.report.source_map.segments.4.origin.derived.0.method.owner.class_bytes.digest = "d3cc93b095a5cf398f696db081fbffa29bfd68babf3bdcabd713f3fce96ad84d"
methods.3.outcome.report.source_map.segments.4.origin.derived.0.method.owner.class_bytes.length = 493
methods.3.outcome.report.source_map.segments.4.origin.derived.0.method.owner.location.kind = "standalone_root"
methods.3.outcome.report.source_map.segments.4.origin.derived.0.method.owner.location.snapshot = "d3cc93b095a5cf398f696db081fbffa29bfd68babf3bdcabd713f3fce96ad84d"
methods.3.outcome.report.source_map.segments.4.origin.derived.0.method.owner.variant.kind = "base"
methods.3.outcome.report.source_map.segments.4.origin.derived.0.provenance = "Derived"
methods.3.outcome.report.source_map.segments.4.origin.primary.bci = 3
methods.3.outcome.report.source_map.segments.4.origin.primary.cp = null
methods.3.outcome.report.source_map.segments.4.origin.primary.method.descriptor = [40,41,76,106,97,118,97,47,108,97,110,103,47,78,117,109,98,101,114,59]
methods.3.outcome.report.source_map.segments.4.origin.primary.method.name = [111,119,110]
methods.3.outcome.report.source_map.segments.4.origin.primary.method.owner.class_bytes.digest = "d3cc93b095a5cf398f696db081fbffa29bfd68babf3bdcabd713f3fce96ad84d"
methods.3.outcome.report.source_map.segments.4.origin.primary.method.owner.class_bytes.length = 493
methods.3.outcome.report.source_map.segments.4.origin.primary.method.owner.location.kind = "standalone_root"
methods.3.outcome.report.source_map.segments.4.origin.primary.method.owner.location.snapshot = "d3cc93b095a5cf398f696db081fbffa29bfd68babf3bdcabd713f3fce96ad84d"
methods.3.outcome.report.source_map.segments.4.origin.primary.method.owner.variant.kind = "base"
methods.3.outcome.report.source_map.segments.4.origin.primary.provenance = "Direct"
methods.3.outcome.report.source_map.segments.4.start = 217
methods.3.outcome.report.source_map.segments.5.end = 265
methods.3.outcome.report.source_map.segments.5.origin.derived = []
methods.3.outcome.report.source_map.segments.5.origin.primary.bci = 6
methods.3.outcome.report.source_map.segments.5.origin.primary.cp = null
methods.3.outcome.report.source_map.segments.5.origin.primary.method.descriptor = [40,41,76,106,97,118,97,47,108,97,110,103,47,78,117,109,98,101,114,59]
methods.3.outcome.report.source_map.segments.5.origin.primary.method.name = [111,119,110]
methods.3.outcome.report.source_map.segments.5.origin.primary.method.owner.class_bytes.digest = "d3cc93b095a5cf398f696db081fbffa29bfd68babf3bdcabd713f3fce96ad84d"
methods.3.outcome.report.source_map.segments.5.origin.primary.method.owner.class_bytes.length = 493
methods.3.outcome.report.source_map.segments.5.origin.primary.method.owner.location.kind = "standalone_root"
methods.3.outcome.report.source_map.segments.5.origin.primary.method.owner.location.snapshot = "d3cc93b095a5cf398f696db081fbffa29bfd68babf3bdcabd713f3fce96ad84d"
methods.3.outcome.report.source_map.segments.5.origin.primary.method.owner.variant.kind = "base"
methods.3.outcome.report.source_map.segments.5.origin.primary.provenance = "Direct"
methods.3.outcome.report.source_map.segments.5.start = 205
methods.3.outcome.report.source_map.segments.6.end = 267
methods.3.outcome.report.source_map.segments.6.origin.derived = []
methods.3.outcome.report.source_map.segments.6.origin.primary.bci = 9
methods.3.outcome.report.source_map.segments.6.origin.primary.cp = null
methods.3.outcome.report.source_map.segments.6.origin.primary.method.descriptor = [40,41,76,106,97,118,97,47,108,97,110,103,47,78,117,109,98,101,114,59]
methods.3.outcome.report.source_map.segments.6.origin.primary.method.name = [111,119,110]
methods.3.outcome.report.source_map.segments.6.origin.primary.method.owner.class_bytes.digest = "d3cc93b095a5cf398f696db081fbffa29bfd68babf3bdcabd713f3fce96ad84d"
methods.3.outcome.report.source_map.segments.6.origin.primary.method.owner.class_bytes.length = 493
methods.3.outcome.report.source_map.segments.6.origin.primary.method.owner.location.kind = "standalone_root"
methods.3.outcome.report.source_map.segments.6.origin.primary.method.owner.location.snapshot = "d3cc93b095a5cf398f696db081fbffa29bfd68babf3bdcabd713f3fce96ad84d"
methods.3.outcome.report.source_map.segments.6.origin.primary.method.owner.variant.kind = "base"
methods.3.outcome.report.source_map.segments.6.origin.primary.provenance = "Direct"
methods.3.outcome.report.source_map.segments.6.start = 194
methods.3.outcome.report.syntax_status = "unchecked"
methods.3.outcome.report.text = "// @method own()Ljava/lang/Number;\n// @declaration an instance method of `GenericAbstractReceiverProbe`, member flags 0x0001\n// recovered from bytecode; presentation is not claimed to compile\n{\n    return this.target((java.lang.Number) java.lang.Integer.valueOf(8));\n}\n"
methods.3.outcome.report.verification = "not_performed"
methods.3.parameter_annotations.attributes = []
methods.3.parameter_annotations.refusals = []
methods.3.parameter_annotations.uses_by_position = []
methods.3.text = "    public java.lang.Number own() {\n        // @method own()Ljava/lang/Number;\n        // @declaration an instance method of `GenericAbstractReceiverProbe`, member flags 0x0001\n        // recovered from bytecode; presentation is not claimed to compile\n        return this.target((java.lang.Number) java.lang.Integer.valueOf(8));\n    }\n"
methods.3.type_annotations.attributes = []
methods.3.type_annotations.field_uses = []
methods.3.type_annotations.parameter_uses = []
methods.3.type_annotations.refusals = []
methods.3.type_annotations.return_uses = []
nested_annotation_family.state = "absent"
nested_enum_family.state = "absent"
outcome = "performed"
stages = ["raw_facts","raw_cfg","legacy_normalization","canonical_cfg","frame","ssa"]
usage.analysis_steps = 339
usage.archive_entries = 0
usage.attribute_bytes = 443
usage.class_bytes = 1972
usage.class_headers = 3
usage.code_bytes = 25
usage.dependency_depth = 0
usage.elapsed_millis = 2
usage.entry_bytes = 0
usage.input_bytes = 493
usage.ir_edges = 12
usage.ir_items = 347
usage.method_bodies = 3
usage.nested_depth = 0
usage.normalization_clones = 0
usage.output_bytes = 2633
usage.read_bytes = 1479
usage.result_items = 13
view.scope.kind = "snapshot_all"
view.snapshot = "d3cc93b095a5cf398f696db081fbffa29bfd68babf3bdcabd713f3fce96ad84d"
