exit=0
stdout:
public final class cf08.EndlessInts {
  public cf08.EndlessInts();
    Code:
       0: aload_0
       1: invokespecial #1                  // Method java/lang/Object."<init>":()V
       4: return

  public static int find(int);
    Code:
       0: iconst_0
       1: istore_1
       2: iload_1
       3: iload_0
       4: if_icmplt     10
       7: goto          24
      10: iload_1
      11: iconst_3
      12: if_icmpne     18
      15: goto          24
      18: iinc          1, 1
      21: goto          2
      24: iload_1
      25: ireturn
}

stderr:
