class.class_bytes.digest = "f8f13564849c8b2fd122c24e4948f05deb661b45530c92aebbb9ddc211c69535"
class.class_bytes.length = 232
class.location.kind = "standalone_root"
class.location.snapshot = "f8f13564849c8b2fd122c24e4948f05deb661b45530c92aebbb9ddc211c69535"
class.variant.kind = "base"
coverage.artifact_structural.scanned.0.end = 1
coverage.artifact_structural.scanned.0.label = "navigation_candidates"
coverage.artifact_structural.scanned.0.start = 0
coverage.artifact_structural.scanned.1.end = 2
coverage.artifact_structural.scanned.1.label = "class_methods"
coverage.artifact_structural.scanned.1.start = 0
coverage.artifact_structural.skipped = []
coverage.artifact_structural.state = "complete_within_schema"
coverage.artifact_structural.uninterpreted_extensions = []
coverage.dynamic_analysis.scanned = []
coverage.dynamic_analysis.skipped = []
coverage.dynamic_analysis.state = "not_requested"
coverage.dynamic_analysis.uninterpreted_extensions = []
coverage.runtime_resolution.scanned = []
coverage.runtime_resolution.skipped = []
coverage.runtime_resolution.state = "not_requested"
coverage.runtime_resolution.uninterpreted_extensions = []
declaration.declaration = "@interface FloatingArrays"
declaration.item.binding.kind = "standalone_root"
declaration.item.declaration.access_flags = 9728
declaration.item.declaration.interfaces.0.escaped = "java/lang/annotation/Annotation"
declaration.item.declaration.interfaces.0.raw = [106,97,118,97,47,108,97,110,103,47,97,110,110,111,116,97,116,105,111,110,47,65,110,110,111,116,97,116,105,111,110]
declaration.item.declaration.interfaces.0.utf16 = [106,97,118,97,47,108,97,110,103,47,97,110,110,111,116,97,116,105,111,110,47,65,110,110,111,116,97,116,105,111,110]
declaration.item.declaration.super_class.escaped = "java/lang/Object"
declaration.item.declaration.super_class.raw = [106,97,118,97,47,108,97,110,103,47,79,98,106,101,99,116]
declaration.item.declaration.super_class.utf16 = [106,97,118,97,47,108,97,110,103,47,79,98,106,101,99,116]
declaration.item.declaration.this_class.escaped = "FloatingArrays"
declaration.item.declaration.this_class.raw = [70,108,111,97,116,105,110,103,65,114,114,97,121,115]
declaration.item.declaration.this_class.utf16 = [70,108,111,97,116,105,110,103,65,114,114,97,121,115]
declaration.item.definition.class_bytes.digest = "f8f13564849c8b2fd122c24e4948f05deb661b45530c92aebbb9ddc211c69535"
declaration.item.definition.class_bytes.length = 232
declaration.item.definition.location.kind = "standalone_root"
declaration.item.definition.location.snapshot = "f8f13564849c8b2fd122c24e4948f05deb661b45530c92aebbb9ddc211c69535"
declaration.item.definition.variant.kind = "base"
declaration.item.member_table = null
declaration.name = "FloatingArrays"
diagnostics = []
execution.status = "complete"
execution.usage.analysis_steps = 0
execution.usage.archive_entries = 0
execution.usage.attribute_bytes = 60
execution.usage.class_bytes = 232
execution.usage.class_headers = 1
execution.usage.code_bytes = 0
execution.usage.dependency_depth = 0
execution.usage.elapsed_millis = 11
execution.usage.entry_bytes = 0
execution.usage.input_bytes = 232
execution.usage.ir_edges = 0
execution.usage.ir_items = 0
execution.usage.method_bodies = 0
execution.usage.nested_depth = 0
execution.usage.normalization_clones = 0
execution.usage.output_bytes = 232
execution.usage.read_bytes = 232
execution.usage.result_items = 8
fields = []
limits.analysis_steps = 4194304
limits.archive_entries = 65536
limits.attribute_bytes = 67108864
limits.class_bytes = 67108864
limits.class_headers = 4096
limits.code_bytes = 16777216
limits.dependency_depth = 8
limits.elapsed_millis = 30000
limits.entry_bytes = 67108864
limits.input_bytes = 67108864
limits.ir_edges = 4194304
limits.ir_items = 4194304
limits.method_bodies = 4096
limits.nested_depth = 4
limits.normalization_clones = 1048576
limits.output_bytes = 16777216
limits.read_bytes = 67108864
limits.result_items = 65536
methods.0.declaration = "public abstract float[] floats()"
methods.0.item.access_flags = 1025
methods.0.item.body.kind = "no_code_attribute"
methods.0.item.descriptor.escaped = "()[F"
methods.0.item.descriptor.raw = [40,41,91,70]
methods.0.item.descriptor.utf16 = [40,41,91,70]
methods.0.item.identity.descriptor = [40,41,91,70]
methods.0.item.identity.name = [102,108,111,97,116,115]
methods.0.item.identity.owner.class_bytes.digest = "f8f13564849c8b2fd122c24e4948f05deb661b45530c92aebbb9ddc211c69535"
methods.0.item.identity.owner.class_bytes.length = 232
methods.0.item.identity.owner.location.kind = "standalone_root"
methods.0.item.identity.owner.location.snapshot = "f8f13564849c8b2fd122c24e4948f05deb661b45530c92aebbb9ddc211c69535"
methods.0.item.identity.owner.variant.kind = "base"
methods.0.item.index = 0
methods.0.item.name.escaped = "floats"
methods.0.item.name.raw = [102,108,111,97,116,115]
methods.0.item.name.utf16 = [102,108,111,97,116,115]
methods.0.markers = ["// jarde: no body: the member `floats()[F` is declared abstract and its declaration carries no Code attribute"]
methods.0.no_body_kind = "abstract"
methods.0.outcome.kind = "no_body"
methods.0.text = "    // jarde: no body: the member `floats()[F` is declared abstract and its declaration carries no Code attribute\n    public abstract float[] floats();\n"
methods.1.declaration = "public abstract double[] doubles() default {0x0.0000000000001p-1022d, -0x1.0000000000000p0d}"
methods.1.item.access_flags = 1025
methods.1.item.body.kind = "no_code_attribute"
methods.1.item.descriptor.escaped = "()[D"
methods.1.item.descriptor.raw = [40,41,91,68]
methods.1.item.descriptor.utf16 = [40,41,91,68]
methods.1.item.identity.descriptor = [40,41,91,68]
methods.1.item.identity.name = [100,111,117,98,108,101,115]
methods.1.item.identity.owner.class_bytes.digest = "f8f13564849c8b2fd122c24e4948f05deb661b45530c92aebbb9ddc211c69535"
methods.1.item.identity.owner.class_bytes.length = 232
methods.1.item.identity.owner.location.kind = "standalone_root"
methods.1.item.identity.owner.location.snapshot = "f8f13564849c8b2fd122c24e4948f05deb661b45530c92aebbb9ddc211c69535"
methods.1.item.identity.owner.variant.kind = "base"
methods.1.item.index = 1
methods.1.item.name.escaped = "doubles"
methods.1.item.name.raw = [100,111,117,98,108,101,115]
methods.1.item.name.utf16 = [100,111,117,98,108,101,115]
methods.1.markers = ["// jarde: no body: the member `doubles()[D` is declared abstract and its declaration carries no Code attribute"]
methods.1.no_body_kind = "abstract"
methods.1.outcome.kind = "no_body"
methods.1.text = "    // jarde: no body: the member `doubles()[D` is declared abstract and its declaration carries no Code attribute\n    public abstract double[] doubles() default {0x0.0000000000001p-1022d, -0x1.0000000000000p0d};\n"
outcome = "performed"
stages = ["raw_facts","raw_cfg","legacy_normalization","canonical_cfg","frame","ssa"]
usage.analysis_steps = 0
usage.archive_entries = 0
usage.attribute_bytes = 60
usage.class_bytes = 232
usage.class_headers = 1
usage.code_bytes = 0
usage.dependency_depth = 0
usage.elapsed_millis = 11
usage.entry_bytes = 0
usage.input_bytes = 232
usage.ir_edges = 0
usage.ir_items = 0
usage.method_bodies = 0
usage.nested_depth = 0
usage.normalization_clones = 0
usage.output_bytes = 232
usage.read_bytes = 232
usage.result_items = 8
view.scope.kind = "snapshot_all"
view.snapshot = "f8f13564849c8b2fd122c24e4948f05deb661b45530c92aebbb9ddc211c69535"
