   Compiling jarde-java v0.1.0 (/Users/lordcasser/workspace/projects/jarde/crates/jarde-java)
error[E0308]: mismatched types
    --> crates/jarde-java/src/init.rs:2430:9
     |
2430 |       let Some(Definition::Instruction {
     |  _________^
2431 | |         block: allocation_block,
2432 | |         bci: allocation_bci,
2433 | |     }) = ssa.value(*allocation_value).def()
     | |      ^   ---------------------------------- this expression has type `&jarde_jvm::method_ir::Definition`
     | |______|
     |        expected `Definition`, found `Option<_>`
     |
     = note: expected enum `jarde_jvm::method_ir::Definition`
                found enum `std::option::Option<_>`

error[E0308]: mismatched types
    --> crates/jarde-java/src/init.rs:2488:9
     |
2488 |       let Some(Definition::Instruction {
     |  _________^
2489 | |         block: stored_block,
2490 | |         bci: stored_bci,
2491 | |     }) = ssa.value(stored).def()
     | |      ^   ----------------------- this expression has type `&jarde_jvm::method_ir::Definition`
     | |______|
     |        expected `Definition`, found `Option<_>`
     |
     = note: expected enum `jarde_jvm::method_ir::Definition`
                found enum `std::option::Option<_>`

warning: variable does not need to be mutable
    --> crates/jarde-java/src/init.rs:3336:13
     |
3336 |         let mut arrays =
     |             ----^^^^^^
     |             |
     |             help: remove this `mut`
     |
     = note: `#[warn(unused_mut)]` (part of `#[warn(unused)]`) on by default

For more information about this error, try `rustc --explain E0308`.
warning: `jarde-java` (lib test) generated 1 warning
error: could not compile `jarde-java` (lib test) due to 2 previous errors; 1 warning emitted
