Classfile jar:file:///Users/lordcasser/workspace/projects/jarde/openspec/evidence/same-class-generic-call-consumers-2026-10-09/frozen-inputs-v1/openjdk23/debug/ReboundOwnReceiver/ReboundOwnReceiver.jar!/ReboundOwnReceiver.class
  Last modified 2026年10月9日; size 795 bytes
  SHA-256 checksum 52fbd4b0f89cdd795f6bfc49747cc1c70796ff6362d789897d76f06072547eaa
  Compiled from "ReboundOwnReceiver.java"
public class ReboundOwnReceiver<T extends java.lang.Object> extends java.lang.Object
  minor version: 0
  major version: 52
  flags: (0x0021) ACC_PUBLIC, ACC_SUPER
  this_class: #7                          // ReboundOwnReceiver
  super_class: #2                         // java/lang/Object
  interfaces: 0, fields: 0, methods: 3, attributes: 2
Constant pool:
   #1 = Methodref          #2.#3          // java/lang/Object."<init>":()V
   #2 = Class              #4             // java/lang/Object
   #3 = NameAndType        #5:#6          // "<init>":()V
   #4 = Utf8               java/lang/Object
   #5 = Utf8               <init>
   #6 = Utf8               ()V
   #7 = Class              #8             // ReboundOwnReceiver
   #8 = Utf8               ReboundOwnReceiver
   #9 = Methodref          #7.#10         // ReboundOwnReceiver.identity:(Ljava/lang/Object;)Ljava/lang/Object;
  #10 = NameAndType        #11:#12        // identity:(Ljava/lang/Object;)Ljava/lang/Object;
  #11 = Utf8               identity
  #12 = Utf8               (Ljava/lang/Object;)Ljava/lang/Object;
  #13 = Utf8               Code
  #14 = Utf8               LineNumberTable
  #15 = Utf8               LocalVariableTable
  #16 = Utf8               this
  #17 = Utf8               LReboundOwnReceiver;
  #18 = Utf8               LocalVariableTypeTable
  #19 = Utf8               LReboundOwnReceiver<TT;>;
  #20 = Utf8               x
  #21 = Utf8               Ljava/lang/Object;
  #22 = Utf8               TT;
  #23 = Utf8               Signature
  #24 = Utf8               (TT;)TT;
  #25 = Utf8               relay
  #26 = Utf8               receiver
  #27 = Utf8               alias
  #28 = Utf8               <T:Ljava/lang/Object;>Ljava/lang/Object;
  #29 = Utf8               SourceFile
  #30 = Utf8               ReboundOwnReceiver.java
{
  public ReboundOwnReceiver();
    descriptor: ()V
    flags: (0x0001) ACC_PUBLIC
    Code:
      stack=1, locals=1, args_size=1
         0: aload_0
         1: invokespecial #1                  // Method java/lang/Object."<init>":()V
         4: return
      LineNumberTable:
        line 1: 0
      LocalVariableTable:
        Start  Length  Slot  Name   Signature
            0       5     0  this   LReboundOwnReceiver;
      LocalVariableTypeTable:
        Start  Length  Slot  Name   Signature
            0       5     0  this   LReboundOwnReceiver<TT;>;

  public T identity(T);
    descriptor: (Ljava/lang/Object;)Ljava/lang/Object;
    flags: (0x0001) ACC_PUBLIC
    Code:
      stack=1, locals=2, args_size=2
         0: aload_1
         1: areturn
      LineNumberTable:
        line 1: 0
      LocalVariableTable:
        Start  Length  Slot  Name   Signature
            0       2     0  this   LReboundOwnReceiver;
            0       2     1     x   Ljava/lang/Object;
      LocalVariableTypeTable:
        Start  Length  Slot  Name   Signature
            0       2     0  this   LReboundOwnReceiver<TT;>;
            0       2     1     x   TT;
    Signature: #24                          // (TT;)TT;

  public T relay(T);
    descriptor: (Ljava/lang/Object;)Ljava/lang/Object;
    flags: (0x0001) ACC_PUBLIC
    Code:
      stack=2, locals=4, args_size=2
         0: aload_0
         1: astore_2
         2: aload_2
         3: astore_3
         4: aload_3
         5: checkcast     #7                  // class ReboundOwnReceiver
         8: astore_2
         9: aload_2
        10: aload_1
        11: invokevirtual #9                  // Method identity:(Ljava/lang/Object;)Ljava/lang/Object;
        14: areturn
      LineNumberTable:
        line 1: 0
      LocalVariableTable:
        Start  Length  Slot  Name   Signature
            0      15     0  this   LReboundOwnReceiver;
            0      15     1     x   Ljava/lang/Object;
            2      13     2 receiver   LReboundOwnReceiver;
            4      11     3 alias   Ljava/lang/Object;
      LocalVariableTypeTable:
        Start  Length  Slot  Name   Signature
            0      15     0  this   LReboundOwnReceiver<TT;>;
            0      15     1     x   TT;
            2      13     2 receiver   LReboundOwnReceiver<TT;>;
    Signature: #24                          // (TT;)TT;
}
Signature: #28                          // <T:Ljava/lang/Object;>Ljava/lang/Object;
SourceFile: "ReboundOwnReceiver.java"
