class.class_bytes.digest = "ef767155a30e696bcc2a40228170057b6289430c8b0bbb4170228be82dde7182"
class.class_bytes.length = 721
class.location.kind = "standalone_root"
class.location.snapshot = "ef767155a30e696bcc2a40228170057b6289430c8b0bbb4170228be82dde7182"
class.variant.kind = "base"
coverage.artifact_structural.scanned.0.end = 1
coverage.artifact_structural.scanned.0.label = "navigation_candidates"
coverage.artifact_structural.scanned.0.start = 0
coverage.artifact_structural.scanned.1.end = 4
coverage.artifact_structural.scanned.1.label = "class_fields"
coverage.artifact_structural.scanned.1.start = 0
coverage.artifact_structural.scanned.2.end = 7
coverage.artifact_structural.scanned.2.label = "class_methods"
coverage.artifact_structural.scanned.2.start = 0
coverage.artifact_structural.scanned.3.end = 7
coverage.artifact_structural.scanned.3.label = "class_source_bodies"
coverage.artifact_structural.scanned.3.start = 0
coverage.artifact_structural.skipped = []
coverage.artifact_structural.state = "complete_within_schema"
coverage.artifact_structural.uninterpreted_extensions = []
coverage.dynamic_analysis.scanned = []
coverage.dynamic_analysis.skipped = []
coverage.dynamic_analysis.state = "not_requested"
coverage.dynamic_analysis.uninterpreted_extensions = []
coverage.runtime_resolution.scanned = []
coverage.runtime_resolution.skipped = []
coverage.runtime_resolution.state = "not_requested"
coverage.runtime_resolution.uninterpreted_extensions = []
declaration.declaration = "public final class StaticQualifierProbe extends java.lang.Object"
declaration.item.binding.kind = "standalone_root"
declaration.item.declaration.access_flags = 49
declaration.item.declaration.interfaces = []
declaration.item.declaration.super_class.escaped = "java/lang/Object"
declaration.item.declaration.super_class.raw = [106,97,118,97,47,108,97,110,103,47,79,98,106,101,99,116]
declaration.item.declaration.super_class.utf16 = [106,97,118,97,47,108,97,110,103,47,79,98,106,101,99,116]
declaration.item.declaration.this_class.escaped = "StaticQualifierProbe"
declaration.item.declaration.this_class.raw = [83,116,97,116,105,99,81,117,97,108,105,102,105,101,114,80,114,111,98,101]
declaration.item.declaration.this_class.utf16 = [83,116,97,116,105,99,81,117,97,108,105,102,105,101,114,80,114,111,98,101]
declaration.item.definition.class_bytes.digest = "ef767155a30e696bcc2a40228170057b6289430c8b0bbb4170228be82dde7182"
declaration.item.definition.class_bytes.length = 721
declaration.item.definition.location.kind = "standalone_root"
declaration.item.definition.location.snapshot = "ef767155a30e696bcc2a40228170057b6289430c8b0bbb4170228be82dde7182"
declaration.item.definition.variant.kind = "base"
declaration.item.member_table = null
declaration.name = "StaticQualifierProbe"
diagnostics = []
execution.status = "complete"
execution.usage.analysis_steps = 342
execution.usage.archive_entries = 0
execution.usage.attribute_bytes = 702
execution.usage.class_bytes = 1442
execution.usage.class_headers = 1
execution.usage.code_bytes = 99
execution.usage.dependency_depth = 0
execution.usage.elapsed_millis = 5
execution.usage.entry_bytes = 0
execution.usage.input_bytes = 721
execution.usage.ir_edges = 37
execution.usage.ir_items = 699
execution.usage.method_bodies = 7
execution.usage.nested_depth = 0
execution.usage.normalization_clones = 0
execution.usage.output_bytes = 2707
execution.usage.read_bytes = 721
execution.usage.result_items = 30
fields.0.declaration = "public static int selects"
fields.0.item.access_flags = 9
fields.0.item.descriptor.escaped = "I"
fields.0.item.descriptor.raw = [73]
fields.0.item.descriptor.utf16 = [73]
fields.0.item.identity.member.descriptor = [73]
fields.0.item.identity.member.kind = "field"
fields.0.item.identity.member.name = [115,101,108,101,99,116,115]
fields.0.item.identity.owner.class_bytes.digest = "ef767155a30e696bcc2a40228170057b6289430c8b0bbb4170228be82dde7182"
fields.0.item.identity.owner.class_bytes.length = 721
fields.0.item.identity.owner.location.kind = "standalone_root"
fields.0.item.identity.owner.location.snapshot = "ef767155a30e696bcc2a40228170057b6289430c8b0bbb4170228be82dde7182"
fields.0.item.identity.owner.variant.kind = "base"
fields.0.item.index = 0
fields.0.item.name.escaped = "selects"
fields.0.item.name.raw = [115,101,108,101,99,116,115]
fields.0.item.name.utf16 = [115,101,108,101,99,116,115]
fields.0.markers = []
fields.1.declaration = "public static int rightCalls"
fields.1.item.access_flags = 9
fields.1.item.descriptor.escaped = "I"
fields.1.item.descriptor.raw = [73]
fields.1.item.descriptor.utf16 = [73]
fields.1.item.identity.member.descriptor = [73]
fields.1.item.identity.member.kind = "field"
fields.1.item.identity.member.name = [114,105,103,104,116,67,97,108,108,115]
fields.1.item.identity.owner.class_bytes.digest = "ef767155a30e696bcc2a40228170057b6289430c8b0bbb4170228be82dde7182"
fields.1.item.identity.owner.class_bytes.length = 721
fields.1.item.identity.owner.location.kind = "standalone_root"
fields.1.item.identity.owner.location.snapshot = "ef767155a30e696bcc2a40228170057b6289430c8b0bbb4170228be82dde7182"
fields.1.item.identity.owner.variant.kind = "base"
fields.1.item.index = 1
fields.1.item.name.escaped = "rightCalls"
fields.1.item.name.raw = [114,105,103,104,116,67,97,108,108,115]
fields.1.item.name.utf16 = [114,105,103,104,116,67,97,108,108,115]
fields.1.markers = []
fields.2.declaration = "public static int value"
fields.2.item.access_flags = 9
fields.2.item.descriptor.escaped = "I"
fields.2.item.descriptor.raw = [73]
fields.2.item.descriptor.utf16 = [73]
fields.2.item.identity.member.descriptor = [73]
fields.2.item.identity.member.kind = "field"
fields.2.item.identity.member.name = [118,97,108,117,101]
fields.2.item.identity.owner.class_bytes.digest = "ef767155a30e696bcc2a40228170057b6289430c8b0bbb4170228be82dde7182"
fields.2.item.identity.owner.class_bytes.length = 721
fields.2.item.identity.owner.location.kind = "standalone_root"
fields.2.item.identity.owner.location.snapshot = "ef767155a30e696bcc2a40228170057b6289430c8b0bbb4170228be82dde7182"
fields.2.item.identity.owner.variant.kind = "base"
fields.2.item.index = 2
fields.2.item.name.escaped = "value"
fields.2.item.name.raw = [118,97,108,117,101]
fields.2.item.name.utf16 = [118,97,108,117,101]
fields.2.markers = []
fields.3.declaration = "public static boolean failSelect"
fields.3.item.access_flags = 9
fields.3.item.descriptor.escaped = "Z"
fields.3.item.descriptor.raw = [90]
fields.3.item.descriptor.utf16 = [90]
fields.3.item.identity.member.descriptor = [90]
fields.3.item.identity.member.kind = "field"
fields.3.item.identity.member.name = [102,97,105,108,83,101,108,101,99,116]
fields.3.item.identity.owner.class_bytes.digest = "ef767155a30e696bcc2a40228170057b6289430c8b0bbb4170228be82dde7182"
fields.3.item.identity.owner.class_bytes.length = 721
fields.3.item.identity.owner.location.kind = "standalone_root"
fields.3.item.identity.owner.location.snapshot = "ef767155a30e696bcc2a40228170057b6289430c8b0bbb4170228be82dde7182"
fields.3.item.identity.owner.variant.kind = "base"
fields.3.item.index = 3
fields.3.item.name.escaped = "failSelect"
fields.3.item.name.raw = [102,97,105,108,83,101,108,101,99,116]
fields.3.item.name.utf16 = [102,97,105,108,83,101,108,101,99,116]
fields.3.markers = []
limits.analysis_steps = 4194304
limits.archive_entries = 65536
limits.attribute_bytes = 67108864
limits.class_bytes = 67108864
limits.class_headers = 4096
limits.code_bytes = 16777216
limits.dependency_depth = 8
limits.elapsed_millis = 30000
limits.entry_bytes = 67108864
limits.input_bytes = 67108864
limits.ir_edges = 4194304
limits.ir_items = 4194304
limits.method_bodies = 4096
limits.nested_depth = 4
limits.normalization_clones = 1048576
limits.output_bytes = 16777216
limits.read_bytes = 67108864
limits.result_items = 65536
methods.0.declaration = "public StaticQualifierProbe()"
methods.0.item.access_flags = 1
methods.0.item.body.content_span.length = 17
methods.0.item.body.content_span.start = 443
methods.0.item.body.kind = "code_attribute"
methods.0.item.descriptor.escaped = "()V"
methods.0.item.descriptor.raw = [40,41,86]
methods.0.item.descriptor.utf16 = [40,41,86]
methods.0.item.identity.descriptor = [40,41,86]
methods.0.item.identity.name = [60,105,110,105,116,62]
methods.0.item.identity.owner.class_bytes.digest = "ef767155a30e696bcc2a40228170057b6289430c8b0bbb4170228be82dde7182"
methods.0.item.identity.owner.class_bytes.length = 721
methods.0.item.identity.owner.location.kind = "standalone_root"
methods.0.item.identity.owner.location.snapshot = "ef767155a30e696bcc2a40228170057b6289430c8b0bbb4170228be82dde7182"
methods.0.item.identity.owner.variant.kind = "base"
methods.0.item.index = 0
methods.0.item.name.escaped = "<init>"
methods.0.item.name.raw = [60,105,110,105,116,62]
methods.0.item.name.utf16 = [60,105,110,105,116,62]
methods.0.markers = []
methods.0.no_body_kind = null
methods.0.outcome.analysis.diagnostics = 0
methods.0.outcome.analysis.execution.status = "complete"
methods.0.outcome.analysis.execution.usage.analysis_steps = 21
methods.0.outcome.analysis.execution.usage.archive_entries = 0
methods.0.outcome.analysis.execution.usage.attribute_bytes = 491
methods.0.outcome.analysis.execution.usage.class_bytes = 1442
methods.0.outcome.analysis.execution.usage.class_headers = 1
methods.0.outcome.analysis.execution.usage.code_bytes = 5
methods.0.outcome.analysis.execution.usage.dependency_depth = 0
methods.0.outcome.analysis.execution.usage.elapsed_millis = 2
methods.0.outcome.analysis.execution.usage.entry_bytes = 0
methods.0.outcome.analysis.execution.usage.input_bytes = 721
methods.0.outcome.analysis.execution.usage.ir_edges = 2
methods.0.outcome.analysis.execution.usage.ir_items = 48
methods.0.outcome.analysis.execution.usage.method_bodies = 1
methods.0.outcome.analysis.execution.usage.nested_depth = 0
methods.0.outcome.analysis.execution.usage.normalization_clones = 0
methods.0.outcome.analysis.execution.usage.output_bytes = 721
methods.0.outcome.analysis.execution.usage.read_bytes = 721
methods.0.outcome.analysis.execution.usage.result_items = 23
methods.0.outcome.kind = "recovered"
methods.0.outcome.report.accessors = []
methods.0.outcome.report.aliased_names = []
methods.0.outcome.report.artifact.agreement.state = "not_stated"
methods.0.outcome.report.artifact.binding.engine = "0.1.0"
methods.0.outcome.report.artifact.binding.environment.content = ["ef767155a30e696bcc2a40228170057b6289430c8b0bbb4170228be82dde7182"]
methods.0.outcome.report.artifact.binding.environment.domain_loaders = ["app"]
methods.0.outcome.report.artifact.binding.environment.providers = []
methods.0.outcome.report.artifact.binding.environment.runtime.load_domain.delegation.kind = "parent_first"
methods.0.outcome.report.artifact.binding.environment.runtime.load_domain.external_override = "none"
methods.0.outcome.report.artifact.binding.environment.runtime.load_domain.loader = "app"
methods.0.outcome.report.artifact.binding.environment.runtime.load_domain.module_mode.kind = "class_path"
methods.0.outcome.report.artifact.binding.environment.runtime.load_domain.parent_loader = null
methods.0.outcome.report.artifact.binding.environment.runtime.load_domain.roots.0.kind = "standalone_class"
methods.0.outcome.report.artifact.binding.environment.runtime.load_domain.roots.0.snapshot = "ef767155a30e696bcc2a40228170057b6289430c8b0bbb4170228be82dde7182"
methods.0.outcome.report.artifact.binding.environment.runtime.load_domain.runtime_transformation = "none"
methods.0.outcome.report.artifact.binding.environment.runtime.physical.scope.kind = "snapshot_all"
methods.0.outcome.report.artifact.binding.environment.runtime.physical.snapshot = "ef767155a30e696bcc2a40228170057b6289430c8b0bbb4170228be82dde7182"
methods.0.outcome.report.artifact.binding.environment.runtime.profile.java_release = 8
methods.0.outcome.report.artifact.binding.environment.runtime.profile.layout.kind = "generic"
methods.0.outcome.report.artifact.binding.environment.runtime.profile.multi_release.kind = "disabled"
methods.0.outcome.report.artifact.binding.member_ordinal = 0
methods.0.outcome.report.artifact.binding.method.descriptor = [40,41,86]
methods.0.outcome.report.artifact.binding.method.name = [60,105,110,105,116,62]
methods.0.outcome.report.artifact.binding.method.owner.class_bytes.digest = "ef767155a30e696bcc2a40228170057b6289430c8b0bbb4170228be82dde7182"
methods.0.outcome.report.artifact.binding.method.owner.class_bytes.length = 721
methods.0.outcome.report.artifact.binding.method.owner.location.kind = "standalone_root"
methods.0.outcome.report.artifact.binding.method.owner.location.snapshot = "ef767155a30e696bcc2a40228170057b6289430c8b0bbb4170228be82dde7182"
methods.0.outcome.report.artifact.binding.method.owner.variant.kind = "base"
methods.0.outcome.report.artifact.binding.profile.java_release = 8
methods.0.outcome.report.artifact.binding.profile.layout.kind = "generic"
methods.0.outcome.report.artifact.binding.profile.multi_release.kind = "disabled"
methods.0.outcome.report.artifact.binding.registry = 71
methods.0.outcome.report.artifact.binding.rules = ["straight@1","if@1","loop@1","switch@1","lambda@1","concat@1","bridge@1","accessor@1","new@1","field@1","enumswitch@1","init@1","declaration@1","twr@1","monitor@1"]
methods.0.outcome.report.artifact.binding.schema = 1
methods.0.outcome.report.artifact.binding.text_bytes = 194
methods.0.outcome.report.artifact.binding.text_digest = "6f454fd46a16179d99403d6361a16ab8"
methods.0.outcome.report.bridges = []
methods.0.outcome.report.compile_status = "not_attempted"
methods.0.outcome.report.concats = []
methods.0.outcome.report.content = "contains_statements"
methods.0.outcome.report.declaration = null
methods.0.outcome.report.diagnostics.0.code = "jre_recovery_produced"
methods.0.outcome.report.diagnostics.0.message = "1 region(s), 2 statement(s), 2 segment(s), 194 byte(s) written from 1 canonical block(s)"
methods.0.outcome.report.diagnostics.0.provenance = null
methods.0.outcome.report.diagnostics.0.severity = "info"
methods.0.outcome.report.diagnostics.1.code = "jre_constructor_prologue"
methods.0.outcome.report.diagnostics.1.message = "the body is an instance initializer and its prologue is written under init@1 as `super`: the call at BCI 1 names `java/lang/Object`, and the class that declares this constructor is `StaticQualifierProbe`"
methods.0.outcome.report.diagnostics.1.provenance = null
methods.0.outcome.report.diagnostics.1.severity = "info"
methods.0.outcome.report.diagnostics.2.code = "jre_declaration"
methods.0.outcome.report.diagnostics.2.message = "the artifact's envelope states the member's declaration under declaration@1: a constructor"
methods.0.outcome.report.diagnostics.2.provenance = null
methods.0.outcome.report.diagnostics.2.severity = "info"
methods.0.outcome.report.enum_switches = []
methods.0.outcome.report.evidence.categories.0.kind = "source_map"
methods.0.outcome.report.evidence.categories.0.state.state = "not_requested"
methods.0.outcome.report.evidence.categories.1.kind = "region_details"
methods.0.outcome.report.evidence.categories.1.state.state = "not_requested"
methods.0.outcome.report.evidence.categories.2.kind = "rule_details"
methods.0.outcome.report.evidence.categories.2.state.state = "not_requested"
methods.0.outcome.report.evidence.categories.3.kind = "name_details"
methods.0.outcome.report.evidence.categories.3.state.state = "not_requested"
methods.0.outcome.report.evidence.categories.4.kind = "read_details"
methods.0.outcome.report.evidence.categories.4.state.state = "not_requested"
methods.0.outcome.report.evidence.requested.driver_bci_range = null
methods.0.outcome.report.evidence.requested.expected_artifact = null
methods.0.outcome.report.evidence.requested.kinds = []
methods.0.outcome.report.execution.status = "complete"
methods.0.outcome.report.execution.usage.analysis_steps = 26
methods.0.outcome.report.execution.usage.archive_entries = 0
methods.0.outcome.report.execution.usage.attribute_bytes = 491
methods.0.outcome.report.execution.usage.class_bytes = 1442
methods.0.outcome.report.execution.usage.class_headers = 1
methods.0.outcome.report.execution.usage.code_bytes = 5
methods.0.outcome.report.execution.usage.dependency_depth = 0
methods.0.outcome.report.execution.usage.elapsed_millis = 3
methods.0.outcome.report.execution.usage.entry_bytes = 0
methods.0.outcome.report.execution.usage.input_bytes = 721
methods.0.outcome.report.execution.usage.ir_edges = 2
methods.0.outcome.report.execution.usage.ir_items = 54
methods.0.outcome.report.execution.usage.method_bodies = 1
methods.0.outcome.report.execution.usage.nested_depth = 0
methods.0.outcome.report.execution.usage.normalization_clones = 0
methods.0.outcome.report.execution.usage.output_bytes = 915
methods.0.outcome.report.execution.usage.read_bytes = 721
methods.0.outcome.report.execution.usage.result_items = 23
methods.0.outcome.report.fallbacks = []
methods.0.outcome.report.fields = []
methods.0.outcome.report.init = null
methods.0.outcome.report.lambdas = []
methods.0.outcome.report.method = "<init>()V"
methods.0.outcome.report.news = []
methods.0.outcome.report.outcome = "produced"
methods.0.outcome.report.profile.java_release = 8
methods.0.outcome.report.profile.layout.kind = "generic"
methods.0.outcome.report.profile.multi_release.kind = "disabled"
methods.0.outcome.report.quality = "structured"
methods.0.outcome.report.regions = []
methods.0.outcome.report.representation = "java"
methods.0.outcome.report.rules = []
methods.0.outcome.report.semantic_validation = "unproven"
methods.0.outcome.report.source_map.segments = []
methods.0.outcome.report.syntax_status = "unchecked"
methods.0.outcome.report.text = "// @method <init>()V\n// @declaration a constructor of `StaticQualifierProbe`, member flags 0x0001\n// recovered from bytecode; presentation is not claimed to compile\n{\n    super();\n    return;\n}\n"
methods.0.outcome.report.verification = "not_performed"
methods.0.text = "    public StaticQualifierProbe() {\n        // @method <init>()V\n        // @declaration a constructor of `StaticQualifierProbe`, member flags 0x0001\n        // recovered from bytecode; presentation is not claimed to compile\n        super();\n        return;\n    }\n"
methods.1.declaration = "public static void reset()"
methods.1.item.access_flags = 9
methods.1.item.body.content_span.length = 29
methods.1.item.body.content_span.start = 474
methods.1.item.body.kind = "code_attribute"
methods.1.item.descriptor.escaped = "()V"
methods.1.item.descriptor.raw = [40,41,86]
methods.1.item.descriptor.utf16 = [40,41,86]
methods.1.item.identity.descriptor = [40,41,86]
methods.1.item.identity.name = [114,101,115,101,116]
methods.1.item.identity.owner.class_bytes.digest = "ef767155a30e696bcc2a40228170057b6289430c8b0bbb4170228be82dde7182"
methods.1.item.identity.owner.class_bytes.length = 721
methods.1.item.identity.owner.location.kind = "standalone_root"
methods.1.item.identity.owner.location.snapshot = "ef767155a30e696bcc2a40228170057b6289430c8b0bbb4170228be82dde7182"
methods.1.item.identity.owner.variant.kind = "base"
methods.1.item.index = 1
methods.1.item.name.escaped = "reset"
methods.1.item.name.raw = [114,101,115,101,116]
methods.1.item.name.utf16 = [114,101,115,101,116]
methods.1.markers = []
methods.1.no_body_kind = null
methods.1.outcome.analysis.diagnostics = 0
methods.1.outcome.analysis.execution.status = "complete"
methods.1.outcome.analysis.execution.usage.analysis_steps = 74
methods.1.outcome.analysis.execution.usage.archive_entries = 0
methods.1.outcome.analysis.execution.usage.attribute_bytes = 526
methods.1.outcome.analysis.execution.usage.class_bytes = 1442
methods.1.outcome.analysis.execution.usage.class_headers = 1
methods.1.outcome.analysis.execution.usage.code_bytes = 22
methods.1.outcome.analysis.execution.usage.dependency_depth = 0
methods.1.outcome.analysis.execution.usage.elapsed_millis = 3
methods.1.outcome.analysis.execution.usage.entry_bytes = 0
methods.1.outcome.analysis.execution.usage.input_bytes = 721
methods.1.outcome.analysis.execution.usage.ir_edges = 6
methods.1.outcome.analysis.execution.usage.ir_items = 137
methods.1.outcome.analysis.execution.usage.method_bodies = 2
methods.1.outcome.analysis.execution.usage.nested_depth = 0
methods.1.outcome.analysis.execution.usage.normalization_clones = 0
methods.1.outcome.analysis.execution.usage.output_bytes = 915
methods.1.outcome.analysis.execution.usage.read_bytes = 721
methods.1.outcome.analysis.execution.usage.result_items = 24
methods.1.outcome.kind = "recovered"
methods.1.outcome.report.accessors = []
methods.1.outcome.report.aliased_names = []
methods.1.outcome.report.artifact.agreement.state = "not_stated"
methods.1.outcome.report.artifact.binding.engine = "0.1.0"
methods.1.outcome.report.artifact.binding.environment.content = ["ef767155a30e696bcc2a40228170057b6289430c8b0bbb4170228be82dde7182"]
methods.1.outcome.report.artifact.binding.environment.domain_loaders = ["app"]
methods.1.outcome.report.artifact.binding.environment.providers = []
methods.1.outcome.report.artifact.binding.environment.runtime.load_domain.delegation.kind = "parent_first"
methods.1.outcome.report.artifact.binding.environment.runtime.load_domain.external_override = "none"
methods.1.outcome.report.artifact.binding.environment.runtime.load_domain.loader = "app"
methods.1.outcome.report.artifact.binding.environment.runtime.load_domain.module_mode.kind = "class_path"
methods.1.outcome.report.artifact.binding.environment.runtime.load_domain.parent_loader = null
methods.1.outcome.report.artifact.binding.environment.runtime.load_domain.roots.0.kind = "standalone_class"
methods.1.outcome.report.artifact.binding.environment.runtime.load_domain.roots.0.snapshot = "ef767155a30e696bcc2a40228170057b6289430c8b0bbb4170228be82dde7182"
methods.1.outcome.report.artifact.binding.environment.runtime.load_domain.runtime_transformation = "none"
methods.1.outcome.report.artifact.binding.environment.runtime.physical.scope.kind = "snapshot_all"
methods.1.outcome.report.artifact.binding.environment.runtime.physical.snapshot = "ef767155a30e696bcc2a40228170057b6289430c8b0bbb4170228be82dde7182"
methods.1.outcome.report.artifact.binding.environment.runtime.profile.java_release = 8
methods.1.outcome.report.artifact.binding.environment.runtime.profile.layout.kind = "generic"
methods.1.outcome.report.artifact.binding.environment.runtime.profile.multi_release.kind = "disabled"
methods.1.outcome.report.artifact.binding.member_ordinal = 1
methods.1.outcome.report.artifact.binding.method.descriptor = [40,41,86]
methods.1.outcome.report.artifact.binding.method.name = [114,101,115,101,116]
methods.1.outcome.report.artifact.binding.method.owner.class_bytes.digest = "ef767155a30e696bcc2a40228170057b6289430c8b0bbb4170228be82dde7182"
methods.1.outcome.report.artifact.binding.method.owner.class_bytes.length = 721
methods.1.outcome.report.artifact.binding.method.owner.location.kind = "standalone_root"
methods.1.outcome.report.artifact.binding.method.owner.location.snapshot = "ef767155a30e696bcc2a40228170057b6289430c8b0bbb4170228be82dde7182"
methods.1.outcome.report.artifact.binding.method.owner.variant.kind = "base"
methods.1.outcome.report.artifact.binding.profile.java_release = 8
methods.1.outcome.report.artifact.binding.profile.layout.kind = "generic"
methods.1.outcome.report.artifact.binding.profile.multi_release.kind = "disabled"
methods.1.outcome.report.artifact.binding.registry = 71
methods.1.outcome.report.artifact.binding.rules = ["straight@1","if@1","loop@1","switch@1","lambda@1","concat@1","bridge@1","accessor@1","new@1","field@1","enumswitch@1","init@1","declaration@1","twr@1","monitor@1"]
methods.1.outcome.report.artifact.binding.schema = 1
methods.1.outcome.report.artifact.binding.text_bytes = 342
methods.1.outcome.report.artifact.binding.text_digest = "ee3a1f42b290e0be8837fcedea023be4"
methods.1.outcome.report.bridges = []
methods.1.outcome.report.compile_status = "not_attempted"
methods.1.outcome.report.concats = []
methods.1.outcome.report.content = "contains_statements"
methods.1.outcome.report.declaration = null
methods.1.outcome.report.diagnostics.0.code = "jre_recovery_produced"
methods.1.outcome.report.diagnostics.0.message = "1 region(s), 5 statement(s), 13 segment(s), 342 byte(s) written from 1 canonical block(s)"
methods.1.outcome.report.diagnostics.0.provenance = null
methods.1.outcome.report.diagnostics.0.severity = "info"
methods.1.outcome.report.diagnostics.1.code = "jre_field_accesses"
methods.1.outcome.report.diagnostics.1.message = "4 field instruction(s) read under field@1: 4 presented, 0 refused"
methods.1.outcome.report.diagnostics.1.provenance = null
methods.1.outcome.report.diagnostics.1.severity = "info"
methods.1.outcome.report.diagnostics.2.code = "jre_declaration"
methods.1.outcome.report.diagnostics.2.message = "the artifact's envelope states the member's declaration under declaration@1: a static method"
methods.1.outcome.report.diagnostics.2.provenance = null
methods.1.outcome.report.diagnostics.2.severity = "info"
methods.1.outcome.report.enum_switches = []
methods.1.outcome.report.evidence.categories.0.kind = "source_map"
methods.1.outcome.report.evidence.categories.0.state.state = "not_requested"
methods.1.outcome.report.evidence.categories.1.kind = "region_details"
methods.1.outcome.report.evidence.categories.1.state.state = "not_requested"
methods.1.outcome.report.evidence.categories.2.kind = "rule_details"
methods.1.outcome.report.evidence.categories.2.state.state = "not_requested"
methods.1.outcome.report.evidence.categories.3.kind = "name_details"
methods.1.outcome.report.evidence.categories.3.state.state = "not_requested"
methods.1.outcome.report.evidence.categories.4.kind = "read_details"
methods.1.outcome.report.evidence.categories.4.state.state = "not_requested"
methods.1.outcome.report.evidence.requested.driver_bci_range = null
methods.1.outcome.report.evidence.requested.expected_artifact = null
methods.1.outcome.report.evidence.requested.kinds = []
methods.1.outcome.report.execution.status = "complete"
methods.1.outcome.report.execution.usage.analysis_steps = 79
methods.1.outcome.report.execution.usage.archive_entries = 0
methods.1.outcome.report.execution.usage.attribute_bytes = 526
methods.1.outcome.report.execution.usage.class_bytes = 1442
methods.1.outcome.report.execution.usage.class_headers = 1
methods.1.outcome.report.execution.usage.code_bytes = 22
methods.1.outcome.report.execution.usage.dependency_depth = 0
methods.1.outcome.report.execution.usage.elapsed_millis = 3
methods.1.outcome.report.execution.usage.entry_bytes = 0
methods.1.outcome.report.execution.usage.input_bytes = 721
methods.1.outcome.report.execution.usage.ir_edges = 6
methods.1.outcome.report.execution.usage.ir_items = 151
methods.1.outcome.report.execution.usage.method_bodies = 2
methods.1.outcome.report.execution.usage.nested_depth = 0
methods.1.outcome.report.execution.usage.normalization_clones = 0
methods.1.outcome.report.execution.usage.output_bytes = 1257
methods.1.outcome.report.execution.usage.read_bytes = 721
methods.1.outcome.report.execution.usage.result_items = 24
methods.1.outcome.report.fallbacks = []
methods.1.outcome.report.fields = []
methods.1.outcome.report.init = null
methods.1.outcome.report.lambdas = []
methods.1.outcome.report.method = "reset()V"
methods.1.outcome.report.news = []
methods.1.outcome.report.outcome = "produced"
methods.1.outcome.report.profile.java_release = 8
methods.1.outcome.report.profile.layout.kind = "generic"
methods.1.outcome.report.profile.multi_release.kind = "disabled"
methods.1.outcome.report.quality = "structured"
methods.1.outcome.report.regions = []
methods.1.outcome.report.representation = "java"
methods.1.outcome.report.rules = []
methods.1.outcome.report.semantic_validation = "unproven"
methods.1.outcome.report.source_map.segments = []
methods.1.outcome.report.syntax_status = "unchecked"
methods.1.outcome.report.text = "// @method reset()V\n// @declaration a static method of `StaticQualifierProbe`, member flags 0x0009\n// recovered from bytecode; presentation is not claimed to compile\n{\n    StaticQualifierProbe.selects = 0;\n    StaticQualifierProbe.rightCalls = 0;\n    StaticQualifierProbe.value = 5;\n    StaticQualifierProbe.failSelect = false;\n    return;\n}\n"
methods.1.outcome.report.verification = "not_performed"
methods.1.text = "    public static void reset() {\n        // @method reset()V\n        // @declaration a static method of `StaticQualifierProbe`, member flags 0x0009\n        // recovered from bytecode; presentation is not claimed to compile\n        StaticQualifierProbe.selects = 0;\n        StaticQualifierProbe.rightCalls = 0;\n        StaticQualifierProbe.value = 5;\n        StaticQualifierProbe.failSelect = false;\n        return;\n    }\n"
methods.2.declaration = "public static StaticQualifierProbe receiver()"
methods.2.item.access_flags = 9
methods.2.item.body.content_span.length = 47
methods.2.item.body.content_span.start = 517
methods.2.item.body.kind = "code_attribute"
methods.2.item.descriptor.escaped = "()LStaticQualifierProbe;"
methods.2.item.descriptor.raw = [40,41,76,83,116,97,116,105,99,81,117,97,108,105,102,105,101,114,80,114,111,98,101,59]
methods.2.item.descriptor.utf16 = [40,41,76,83,116,97,116,105,99,81,117,97,108,105,102,105,101,114,80,114,111,98,101,59]
methods.2.item.identity.descriptor = [40,41,76,83,116,97,116,105,99,81,117,97,108,105,102,105,101,114,80,114,111,98,101,59]
methods.2.item.identity.name = [114,101,99,101,105,118,101,114]
methods.2.item.identity.owner.class_bytes.digest = "ef767155a30e696bcc2a40228170057b6289430c8b0bbb4170228be82dde7182"
methods.2.item.identity.owner.class_bytes.length = 721
methods.2.item.identity.owner.location.kind = "standalone_root"
methods.2.item.identity.owner.location.snapshot = "ef767155a30e696bcc2a40228170057b6289430c8b0bbb4170228be82dde7182"
methods.2.item.identity.owner.variant.kind = "base"
methods.2.item.index = 2
methods.2.item.name.escaped = "receiver"
methods.2.item.name.raw = [114,101,99,101,105,118,101,114]
methods.2.item.name.utf16 = [114,101,99,101,105,118,101,114]
methods.2.markers = []
methods.2.no_body_kind = null
methods.2.outcome.analysis.diagnostics = 0
methods.2.outcome.analysis.execution.status = "complete"
methods.2.outcome.analysis.execution.usage.analysis_steps = 166
methods.2.outcome.analysis.execution.usage.archive_entries = 0
methods.2.outcome.analysis.execution.usage.attribute_bytes = 579
methods.2.outcome.analysis.execution.usage.class_bytes = 1442
methods.2.outcome.analysis.execution.usage.class_headers = 1
methods.2.outcome.analysis.execution.usage.code_bytes = 48
methods.2.outcome.analysis.execution.usage.dependency_depth = 0
methods.2.outcome.analysis.execution.usage.elapsed_millis = 4
methods.2.outcome.analysis.execution.usage.entry_bytes = 0
methods.2.outcome.analysis.execution.usage.input_bytes = 721
methods.2.outcome.analysis.execution.usage.ir_edges = 21
methods.2.outcome.analysis.execution.usage.ir_items = 317
methods.2.outcome.analysis.execution.usage.method_bodies = 3
methods.2.outcome.analysis.execution.usage.nested_depth = 0
methods.2.outcome.analysis.execution.usage.normalization_clones = 0
methods.2.outcome.analysis.execution.usage.output_bytes = 1257
methods.2.outcome.analysis.execution.usage.read_bytes = 721
methods.2.outcome.analysis.execution.usage.result_items = 25
methods.2.outcome.kind = "recovered"
methods.2.outcome.report.accessors = []
methods.2.outcome.report.aliased_names = []
methods.2.outcome.report.artifact.agreement.state = "not_stated"
methods.2.outcome.report.artifact.binding.engine = "0.1.0"
methods.2.outcome.report.artifact.binding.environment.content = ["ef767155a30e696bcc2a40228170057b6289430c8b0bbb4170228be82dde7182"]
methods.2.outcome.report.artifact.binding.environment.domain_loaders = ["app"]
methods.2.outcome.report.artifact.binding.environment.providers = []
methods.2.outcome.report.artifact.binding.environment.runtime.load_domain.delegation.kind = "parent_first"
methods.2.outcome.report.artifact.binding.environment.runtime.load_domain.external_override = "none"
methods.2.outcome.report.artifact.binding.environment.runtime.load_domain.loader = "app"
methods.2.outcome.report.artifact.binding.environment.runtime.load_domain.module_mode.kind = "class_path"
methods.2.outcome.report.artifact.binding.environment.runtime.load_domain.parent_loader = null
methods.2.outcome.report.artifact.binding.environment.runtime.load_domain.roots.0.kind = "standalone_class"
methods.2.outcome.report.artifact.binding.environment.runtime.load_domain.roots.0.snapshot = "ef767155a30e696bcc2a40228170057b6289430c8b0bbb4170228be82dde7182"
methods.2.outcome.report.artifact.binding.environment.runtime.load_domain.runtime_transformation = "none"
methods.2.outcome.report.artifact.binding.environment.runtime.physical.scope.kind = "snapshot_all"
methods.2.outcome.report.artifact.binding.environment.runtime.physical.snapshot = "ef767155a30e696bcc2a40228170057b6289430c8b0bbb4170228be82dde7182"
methods.2.outcome.report.artifact.binding.environment.runtime.profile.java_release = 8
methods.2.outcome.report.artifact.binding.environment.runtime.profile.layout.kind = "generic"
methods.2.outcome.report.artifact.binding.environment.runtime.profile.multi_release.kind = "disabled"
methods.2.outcome.report.artifact.binding.member_ordinal = 2
methods.2.outcome.report.artifact.binding.method.descriptor = [40,41,76,83,116,97,116,105,99,81,117,97,108,105,102,105,101,114,80,114,111,98,101,59]
methods.2.outcome.report.artifact.binding.method.name = [114,101,99,101,105,118,101,114]
methods.2.outcome.report.artifact.binding.method.owner.class_bytes.digest = "ef767155a30e696bcc2a40228170057b6289430c8b0bbb4170228be82dde7182"
methods.2.outcome.report.artifact.binding.method.owner.class_bytes.length = 721
methods.2.outcome.report.artifact.binding.method.owner.location.kind = "standalone_root"
methods.2.outcome.report.artifact.binding.method.owner.location.snapshot = "ef767155a30e696bcc2a40228170057b6289430c8b0bbb4170228be82dde7182"
methods.2.outcome.report.artifact.binding.method.owner.variant.kind = "base"
methods.2.outcome.report.artifact.binding.profile.java_release = 8
methods.2.outcome.report.artifact.binding.profile.layout.kind = "generic"
methods.2.outcome.report.artifact.binding.profile.multi_release.kind = "disabled"
methods.2.outcome.report.artifact.binding.registry = 71
methods.2.outcome.report.artifact.binding.rules = ["straight@1","if@1","loop@1","switch@1","lambda@1","concat@1","bridge@1","accessor@1","new@1","field@1","enumswitch@1","init@1","declaration@1","twr@1","monitor@1"]
methods.2.outcome.report.artifact.binding.schema = 1
methods.2.outcome.report.artifact.binding.text_bytes = 407
methods.2.outcome.report.artifact.binding.text_digest = "4f830ccb9119e0e5f5825cefd17067b2"
methods.2.outcome.report.bridges = []
methods.2.outcome.report.compile_status = "not_attempted"
methods.2.outcome.report.concats = []
methods.2.outcome.report.content = "contains_statements"
methods.2.outcome.report.declaration = null
methods.2.outcome.report.diagnostics.0.code = "jre_recovery_produced"
methods.2.outcome.report.diagnostics.0.message = "1 region(s), 4 statement(s), 14 segment(s), 407 byte(s) written from 3 canonical block(s)"
methods.2.outcome.report.diagnostics.0.provenance = null
methods.2.outcome.report.diagnostics.0.severity = "info"
methods.2.outcome.report.diagnostics.1.code = "jre_new_sites"
methods.2.outcome.report.diagnostics.1.message = "1 construction candidate(s) read under new@1: 1 presented as `new`, 0 refused"
methods.2.outcome.report.diagnostics.1.provenance = null
methods.2.outcome.report.diagnostics.1.severity = "info"
methods.2.outcome.report.diagnostics.2.code = "jre_field_accesses"
methods.2.outcome.report.diagnostics.2.message = "3 field instruction(s) read under field@1: 3 presented, 0 refused"
methods.2.outcome.report.diagnostics.2.provenance = null
methods.2.outcome.report.diagnostics.2.severity = "info"
methods.2.outcome.report.diagnostics.3.code = "jre_declaration"
methods.2.outcome.report.diagnostics.3.message = "the artifact's envelope states the member's declaration under declaration@1: a static method"
methods.2.outcome.report.diagnostics.3.provenance = null
methods.2.outcome.report.diagnostics.3.severity = "info"
methods.2.outcome.report.enum_switches = []
methods.2.outcome.report.evidence.categories.0.kind = "source_map"
methods.2.outcome.report.evidence.categories.0.state.state = "not_requested"
methods.2.outcome.report.evidence.categories.1.kind = "region_details"
methods.2.outcome.report.evidence.categories.1.state.state = "not_requested"
methods.2.outcome.report.evidence.categories.2.kind = "rule_details"
methods.2.outcome.report.evidence.categories.2.state.state = "not_requested"
methods.2.outcome.report.evidence.categories.3.kind = "name_details"
methods.2.outcome.report.evidence.categories.3.state.state = "not_requested"
methods.2.outcome.report.evidence.categories.4.kind = "read_details"
methods.2.outcome.report.evidence.categories.4.state.state = "not_requested"
methods.2.outcome.report.evidence.requested.driver_bci_range = null
methods.2.outcome.report.evidence.requested.expected_artifact = null
methods.2.outcome.report.evidence.requested.kinds = []
methods.2.outcome.report.execution.status = "complete"
methods.2.outcome.report.execution.usage.analysis_steps = 181
methods.2.outcome.report.execution.usage.archive_entries = 0
methods.2.outcome.report.execution.usage.attribute_bytes = 579
methods.2.outcome.report.execution.usage.class_bytes = 1442
methods.2.outcome.report.execution.usage.class_headers = 1
methods.2.outcome.report.execution.usage.code_bytes = 48
methods.2.outcome.report.execution.usage.dependency_depth = 0
methods.2.outcome.report.execution.usage.elapsed_millis = 4
methods.2.outcome.report.execution.usage.entry_bytes = 0
methods.2.outcome.report.execution.usage.input_bytes = 721
methods.2.outcome.report.execution.usage.ir_edges = 23
methods.2.outcome.report.execution.usage.ir_items = 357
methods.2.outcome.report.execution.usage.method_bodies = 3
methods.2.outcome.report.execution.usage.nested_depth = 0
methods.2.outcome.report.execution.usage.normalization_clones = 0
methods.2.outcome.report.execution.usage.output_bytes = 1664
methods.2.outcome.report.execution.usage.read_bytes = 721
methods.2.outcome.report.execution.usage.result_items = 25
methods.2.outcome.report.fallbacks = []
methods.2.outcome.report.fields = []
methods.2.outcome.report.init = null
methods.2.outcome.report.lambdas = []
methods.2.outcome.report.method = "receiver()LStaticQualifierProbe;"
methods.2.outcome.report.news = []
methods.2.outcome.report.outcome = "produced"
methods.2.outcome.report.profile.java_release = 8
methods.2.outcome.report.profile.layout.kind = "generic"
methods.2.outcome.report.profile.multi_release.kind = "disabled"
methods.2.outcome.report.quality = "structured"
methods.2.outcome.report.regions = []
methods.2.outcome.report.representation = "java"
methods.2.outcome.report.rules = []
methods.2.outcome.report.semantic_validation = "unproven"
methods.2.outcome.report.source_map.segments = []
methods.2.outcome.report.syntax_status = "unchecked"
methods.2.outcome.report.text = "// @method receiver()LStaticQualifierProbe;\n// @declaration a static method of `StaticQualifierProbe`, member flags 0x0009\n// recovered from bytecode; presentation is not claimed to compile\n{\n    StaticQualifierProbe.selects = StaticQualifierProbe.selects + 1;\n    if (StaticQualifierProbe.failSelect) {\n        throw new java.lang.IllegalStateException(\"select\");\n    } else {\n        return null;\n    }\n}\n"
methods.2.outcome.report.verification = "not_performed"
methods.2.text = "    public static StaticQualifierProbe receiver() {\n        // @method receiver()LStaticQualifierProbe;\n        // @declaration a static method of `StaticQualifierProbe`, member flags 0x0009\n        // recovered from bytecode; presentation is not claimed to compile\n        StaticQualifierProbe.selects = StaticQualifierProbe.selects + 1;\n        if (StaticQualifierProbe.failSelect) {\n            throw new java.lang.IllegalStateException(\"select\");\n        } else {\n            return null;\n        }\n    }\n"
methods.3.declaration = "public static int rhs()"
methods.3.item.access_flags = 9
methods.3.item.body.content_span.length = 23
methods.3.item.body.content_span.start = 578
methods.3.item.body.kind = "code_attribute"
methods.3.item.descriptor.escaped = "()I"
methods.3.item.descriptor.raw = [40,41,73]
methods.3.item.descriptor.utf16 = [40,41,73]
methods.3.item.identity.descriptor = [40,41,73]
methods.3.item.identity.name = [114,104,115]
methods.3.item.identity.owner.class_bytes.digest = "ef767155a30e696bcc2a40228170057b6289430c8b0bbb4170228be82dde7182"
methods.3.item.identity.owner.class_bytes.length = 721
methods.3.item.identity.owner.location.kind = "standalone_root"
methods.3.item.identity.owner.location.snapshot = "ef767155a30e696bcc2a40228170057b6289430c8b0bbb4170228be82dde7182"
methods.3.item.identity.owner.variant.kind = "base"
methods.3.item.index = 3
methods.3.item.name.escaped = "rhs"
methods.3.item.name.raw = [114,104,115]
methods.3.item.name.utf16 = [114,104,115]
methods.3.markers = []
methods.3.no_body_kind = null
methods.3.outcome.analysis.diagnostics = 0
methods.3.outcome.analysis.execution.status = "complete"
methods.3.outcome.analysis.execution.usage.analysis_steps = 215
methods.3.outcome.analysis.execution.usage.archive_entries = 0
methods.3.outcome.analysis.execution.usage.attribute_bytes = 608
methods.3.outcome.analysis.execution.usage.class_bytes = 1442
methods.3.outcome.analysis.execution.usage.class_headers = 1
methods.3.outcome.analysis.execution.usage.code_bytes = 59
methods.3.outcome.analysis.execution.usage.dependency_depth = 0
methods.3.outcome.analysis.execution.usage.elapsed_millis = 4
methods.3.outcome.analysis.execution.usage.entry_bytes = 0
methods.3.outcome.analysis.execution.usage.input_bytes = 721
methods.3.outcome.analysis.execution.usage.ir_edges = 27
methods.3.outcome.analysis.execution.usage.ir_items = 424
methods.3.outcome.analysis.execution.usage.method_bodies = 4
methods.3.outcome.analysis.execution.usage.nested_depth = 0
methods.3.outcome.analysis.execution.usage.normalization_clones = 0
methods.3.outcome.analysis.execution.usage.output_bytes = 1664
methods.3.outcome.analysis.execution.usage.read_bytes = 721
methods.3.outcome.analysis.execution.usage.result_items = 26
methods.3.outcome.kind = "recovered"
methods.3.outcome.report.accessors = []
methods.3.outcome.report.aliased_names = []
methods.3.outcome.report.artifact.agreement.state = "not_stated"
methods.3.outcome.report.artifact.binding.engine = "0.1.0"
methods.3.outcome.report.artifact.binding.environment.content = ["ef767155a30e696bcc2a40228170057b6289430c8b0bbb4170228be82dde7182"]
methods.3.outcome.report.artifact.binding.environment.domain_loaders = ["app"]
methods.3.outcome.report.artifact.binding.environment.providers = []
methods.3.outcome.report.artifact.binding.environment.runtime.load_domain.delegation.kind = "parent_first"
methods.3.outcome.report.artifact.binding.environment.runtime.load_domain.external_override = "none"
methods.3.outcome.report.artifact.binding.environment.runtime.load_domain.loader = "app"
methods.3.outcome.report.artifact.binding.environment.runtime.load_domain.module_mode.kind = "class_path"
methods.3.outcome.report.artifact.binding.environment.runtime.load_domain.parent_loader = null
methods.3.outcome.report.artifact.binding.environment.runtime.load_domain.roots.0.kind = "standalone_class"
methods.3.outcome.report.artifact.binding.environment.runtime.load_domain.roots.0.snapshot = "ef767155a30e696bcc2a40228170057b6289430c8b0bbb4170228be82dde7182"
methods.3.outcome.report.artifact.binding.environment.runtime.load_domain.runtime_transformation = "none"
methods.3.outcome.report.artifact.binding.environment.runtime.physical.scope.kind = "snapshot_all"
methods.3.outcome.report.artifact.binding.environment.runtime.physical.snapshot = "ef767155a30e696bcc2a40228170057b6289430c8b0bbb4170228be82dde7182"
methods.3.outcome.report.artifact.binding.environment.runtime.profile.java_release = 8
methods.3.outcome.report.artifact.binding.environment.runtime.profile.layout.kind = "generic"
methods.3.outcome.report.artifact.binding.environment.runtime.profile.multi_release.kind = "disabled"
methods.3.outcome.report.artifact.binding.member_ordinal = 3
methods.3.outcome.report.artifact.binding.method.descriptor = [40,41,73]
methods.3.outcome.report.artifact.binding.method.name = [114,104,115]
methods.3.outcome.report.artifact.binding.method.owner.class_bytes.digest = "ef767155a30e696bcc2a40228170057b6289430c8b0bbb4170228be82dde7182"
methods.3.outcome.report.artifact.binding.method.owner.class_bytes.length = 721
methods.3.outcome.report.artifact.binding.method.owner.location.kind = "standalone_root"
methods.3.outcome.report.artifact.binding.method.owner.location.snapshot = "ef767155a30e696bcc2a40228170057b6289430c8b0bbb4170228be82dde7182"
methods.3.outcome.report.artifact.binding.method.owner.variant.kind = "base"
methods.3.outcome.report.artifact.binding.profile.java_release = 8
methods.3.outcome.report.artifact.binding.profile.layout.kind = "generic"
methods.3.outcome.report.artifact.binding.profile.multi_release.kind = "disabled"
methods.3.outcome.report.artifact.binding.registry = 71
methods.3.outcome.report.artifact.binding.rules = ["straight@1","if@1","loop@1","switch@1","lambda@1","concat@1","bridge@1","accessor@1","new@1","field@1","enumswitch@1","init@1","declaration@1","twr@1","monitor@1"]
methods.3.outcome.report.artifact.binding.schema = 1
methods.3.outcome.report.artifact.binding.text_bytes = 257
methods.3.outcome.report.artifact.binding.text_digest = "2ace2f50d879c45f8c41b4f2b497a877"
methods.3.outcome.report.bridges = []
methods.3.outcome.report.compile_status = "not_attempted"
methods.3.outcome.report.concats = []
methods.3.outcome.report.content = "contains_statements"
methods.3.outcome.report.declaration = null
methods.3.outcome.report.diagnostics.0.code = "jre_recovery_produced"
methods.3.outcome.report.diagnostics.0.message = "1 region(s), 2 statement(s), 8 segment(s), 257 byte(s) written from 1 canonical block(s)"
methods.3.outcome.report.diagnostics.0.provenance = null
methods.3.outcome.report.diagnostics.0.severity = "info"
methods.3.outcome.report.diagnostics.1.code = "jre_field_accesses"
methods.3.outcome.report.diagnostics.1.message = "2 field instruction(s) read under field@1: 2 presented, 0 refused"
methods.3.outcome.report.diagnostics.1.provenance = null
methods.3.outcome.report.diagnostics.1.severity = "info"
methods.3.outcome.report.diagnostics.2.code = "jre_declaration"
methods.3.outcome.report.diagnostics.2.message = "the artifact's envelope states the member's declaration under declaration@1: a static method"
methods.3.outcome.report.diagnostics.2.provenance = null
methods.3.outcome.report.diagnostics.2.severity = "info"
methods.3.outcome.report.enum_switches = []
methods.3.outcome.report.evidence.categories.0.kind = "source_map"
methods.3.outcome.report.evidence.categories.0.state.state = "not_requested"
methods.3.outcome.report.evidence.categories.1.kind = "region_details"
methods.3.outcome.report.evidence.categories.1.state.state = "not_requested"
methods.3.outcome.report.evidence.categories.2.kind = "rule_details"
methods.3.outcome.report.evidence.categories.2.state.state = "not_requested"
methods.3.outcome.report.evidence.categories.3.kind = "name_details"
methods.3.outcome.report.evidence.categories.3.state.state = "not_requested"
methods.3.outcome.report.evidence.categories.4.kind = "read_details"
methods.3.outcome.report.evidence.categories.4.state.state = "not_requested"
methods.3.outcome.report.evidence.requested.driver_bci_range = null
methods.3.outcome.report.evidence.requested.expected_artifact = null
methods.3.outcome.report.evidence.requested.kinds = []
methods.3.outcome.report.execution.status = "complete"
methods.3.outcome.report.execution.usage.analysis_steps = 220
methods.3.outcome.report.execution.usage.archive_entries = 0
methods.3.outcome.report.execution.usage.attribute_bytes = 608
methods.3.outcome.report.execution.usage.class_bytes = 1442
methods.3.outcome.report.execution.usage.class_headers = 1
methods.3.outcome.report.execution.usage.code_bytes = 59
methods.3.outcome.report.execution.usage.dependency_depth = 0
methods.3.outcome.report.execution.usage.elapsed_millis = 4
methods.3.outcome.report.execution.usage.entry_bytes = 0
methods.3.outcome.report.execution.usage.input_bytes = 721
methods.3.outcome.report.execution.usage.ir_edges = 27
methods.3.outcome.report.execution.usage.ir_items = 441
methods.3.outcome.report.execution.usage.method_bodies = 4
methods.3.outcome.report.execution.usage.nested_depth = 0
methods.3.outcome.report.execution.usage.normalization_clones = 0
methods.3.outcome.report.execution.usage.output_bytes = 1921
methods.3.outcome.report.execution.usage.read_bytes = 721
methods.3.outcome.report.execution.usage.result_items = 26
methods.3.outcome.report.fallbacks = []
methods.3.outcome.report.fields = []
methods.3.outcome.report.init = null
methods.3.outcome.report.lambdas = []
methods.3.outcome.report.method = "rhs()I"
methods.3.outcome.report.news = []
methods.3.outcome.report.outcome = "produced"
methods.3.outcome.report.profile.java_release = 8
methods.3.outcome.report.profile.layout.kind = "generic"
methods.3.outcome.report.profile.multi_release.kind = "disabled"
methods.3.outcome.report.quality = "structured"
methods.3.outcome.report.regions = []
methods.3.outcome.report.representation = "java"
methods.3.outcome.report.rules = []
methods.3.outcome.report.semantic_validation = "unproven"
methods.3.outcome.report.source_map.segments = []
methods.3.outcome.report.syntax_status = "unchecked"
methods.3.outcome.report.text = "// @method rhs()I\n// @declaration a static method of `StaticQualifierProbe`, member flags 0x0009\n// recovered from bytecode; presentation is not claimed to compile\n{\n    StaticQualifierProbe.rightCalls = StaticQualifierProbe.rightCalls + 1;\n    return 7;\n}\n"
methods.3.outcome.report.verification = "not_performed"
methods.3.text = "    public static int rhs() {\n        // @method rhs()I\n        // @declaration a static method of `StaticQualifierProbe`, member flags 0x0009\n        // recovered from bytecode; presentation is not claimed to compile\n        StaticQualifierProbe.rightCalls = StaticQualifierProbe.rightCalls + 1;\n        return 7;\n    }\n"
methods.4.declaration = "public static int read()"
methods.4.item.access_flags = 9
methods.4.item.body.content_span.length = 20
methods.4.item.body.content_span.start = 615
methods.4.item.body.kind = "code_attribute"
methods.4.item.descriptor.escaped = "()I"
methods.4.item.descriptor.raw = [40,41,73]
methods.4.item.descriptor.utf16 = [40,41,73]
methods.4.item.identity.descriptor = [40,41,73]
methods.4.item.identity.name = [114,101,97,100]
methods.4.item.identity.owner.class_bytes.digest = "ef767155a30e696bcc2a40228170057b6289430c8b0bbb4170228be82dde7182"
methods.4.item.identity.owner.class_bytes.length = 721
methods.4.item.identity.owner.location.kind = "standalone_root"
methods.4.item.identity.owner.location.snapshot = "ef767155a30e696bcc2a40228170057b6289430c8b0bbb4170228be82dde7182"
methods.4.item.identity.owner.variant.kind = "base"
methods.4.item.index = 4
methods.4.item.name.escaped = "read"
methods.4.item.name.raw = [114,101,97,100]
methods.4.item.name.utf16 = [114,101,97,100]
methods.4.markers = []
methods.4.no_body_kind = null
methods.4.outcome.analysis.diagnostics = 0
methods.4.outcome.analysis.execution.status = "complete"
methods.4.outcome.analysis.execution.usage.analysis_steps = 246
methods.4.outcome.analysis.execution.usage.archive_entries = 0
methods.4.outcome.analysis.execution.usage.attribute_bytes = 634
methods.4.outcome.analysis.execution.usage.class_bytes = 1442
methods.4.outcome.analysis.execution.usage.class_headers = 1
methods.4.outcome.analysis.execution.usage.code_bytes = 67
methods.4.outcome.analysis.execution.usage.dependency_depth = 0
methods.4.outcome.analysis.execution.usage.elapsed_millis = 4
methods.4.outcome.analysis.execution.usage.entry_bytes = 0
methods.4.outcome.analysis.execution.usage.input_bytes = 721
methods.4.outcome.analysis.execution.usage.ir_edges = 29
methods.4.outcome.analysis.execution.usage.ir_items = 484
methods.4.outcome.analysis.execution.usage.method_bodies = 5
methods.4.outcome.analysis.execution.usage.nested_depth = 0
methods.4.outcome.analysis.execution.usage.normalization_clones = 0
methods.4.outcome.analysis.execution.usage.output_bytes = 1921
methods.4.outcome.analysis.execution.usage.read_bytes = 721
methods.4.outcome.analysis.execution.usage.result_items = 27
methods.4.outcome.kind = "recovered"
methods.4.outcome.report.accessors = []
methods.4.outcome.report.aliased_names = []
methods.4.outcome.report.artifact.agreement.state = "not_stated"
methods.4.outcome.report.artifact.binding.engine = "0.1.0"
methods.4.outcome.report.artifact.binding.environment.content = ["ef767155a30e696bcc2a40228170057b6289430c8b0bbb4170228be82dde7182"]
methods.4.outcome.report.artifact.binding.environment.domain_loaders = ["app"]
methods.4.outcome.report.artifact.binding.environment.providers = []
methods.4.outcome.report.artifact.binding.environment.runtime.load_domain.delegation.kind = "parent_first"
methods.4.outcome.report.artifact.binding.environment.runtime.load_domain.external_override = "none"
methods.4.outcome.report.artifact.binding.environment.runtime.load_domain.loader = "app"
methods.4.outcome.report.artifact.binding.environment.runtime.load_domain.module_mode.kind = "class_path"
methods.4.outcome.report.artifact.binding.environment.runtime.load_domain.parent_loader = null
methods.4.outcome.report.artifact.binding.environment.runtime.load_domain.roots.0.kind = "standalone_class"
methods.4.outcome.report.artifact.binding.environment.runtime.load_domain.roots.0.snapshot = "ef767155a30e696bcc2a40228170057b6289430c8b0bbb4170228be82dde7182"
methods.4.outcome.report.artifact.binding.environment.runtime.load_domain.runtime_transformation = "none"
methods.4.outcome.report.artifact.binding.environment.runtime.physical.scope.kind = "snapshot_all"
methods.4.outcome.report.artifact.binding.environment.runtime.physical.snapshot = "ef767155a30e696bcc2a40228170057b6289430c8b0bbb4170228be82dde7182"
methods.4.outcome.report.artifact.binding.environment.runtime.profile.java_release = 8
methods.4.outcome.report.artifact.binding.environment.runtime.profile.layout.kind = "generic"
methods.4.outcome.report.artifact.binding.environment.runtime.profile.multi_release.kind = "disabled"
methods.4.outcome.report.artifact.binding.member_ordinal = 4
methods.4.outcome.report.artifact.binding.method.descriptor = [40,41,73]
methods.4.outcome.report.artifact.binding.method.name = [114,101,97,100]
methods.4.outcome.report.artifact.binding.method.owner.class_bytes.digest = "ef767155a30e696bcc2a40228170057b6289430c8b0bbb4170228be82dde7182"
methods.4.outcome.report.artifact.binding.method.owner.class_bytes.length = 721
methods.4.outcome.report.artifact.binding.method.owner.location.kind = "standalone_root"
methods.4.outcome.report.artifact.binding.method.owner.location.snapshot = "ef767155a30e696bcc2a40228170057b6289430c8b0bbb4170228be82dde7182"
methods.4.outcome.report.artifact.binding.method.owner.variant.kind = "base"
methods.4.outcome.report.artifact.binding.profile.java_release = 8
methods.4.outcome.report.artifact.binding.profile.layout.kind = "generic"
methods.4.outcome.report.artifact.binding.profile.multi_release.kind = "disabled"
methods.4.outcome.report.artifact.binding.registry = 71
methods.4.outcome.report.artifact.binding.rules = ["straight@1","if@1","loop@1","switch@1","lambda@1","concat@1","bridge@1","accessor@1","new@1","field@1","enumswitch@1","init@1","declaration@1","twr@1","monitor@1"]
methods.4.outcome.report.artifact.binding.schema = 1
methods.4.outcome.report.artifact.binding.text_bytes = 224
methods.4.outcome.report.artifact.binding.text_digest = "176465a8d4a605e35ac51a3c1ea51205"
methods.4.outcome.report.bridges = []
methods.4.outcome.report.compile_status = "not_attempted"
methods.4.outcome.report.concats = []
methods.4.outcome.report.content = "contains_statements"
methods.4.outcome.report.declaration = null
methods.4.outcome.report.diagnostics.0.code = "jre_recovery_produced"
methods.4.outcome.report.diagnostics.0.message = "1 region(s), 2 statement(s), 5 segment(s), 224 byte(s) written from 1 canonical block(s)"
methods.4.outcome.report.diagnostics.0.provenance = null
methods.4.outcome.report.diagnostics.0.severity = "info"
methods.4.outcome.report.diagnostics.1.code = "jre_field_accesses"
methods.4.outcome.report.diagnostics.1.message = "1 field instruction(s) read under field@1: 1 presented, 0 refused"
methods.4.outcome.report.diagnostics.1.provenance = null
methods.4.outcome.report.diagnostics.1.severity = "info"
methods.4.outcome.report.diagnostics.2.code = "jre_declaration"
methods.4.outcome.report.diagnostics.2.message = "the artifact's envelope states the member's declaration under declaration@1: a static method"
methods.4.outcome.report.diagnostics.2.provenance = null
methods.4.outcome.report.diagnostics.2.severity = "info"
methods.4.outcome.report.enum_switches = []
methods.4.outcome.report.evidence.categories.0.kind = "source_map"
methods.4.outcome.report.evidence.categories.0.state.state = "not_requested"
methods.4.outcome.report.evidence.categories.1.kind = "region_details"
methods.4.outcome.report.evidence.categories.1.state.state = "not_requested"
methods.4.outcome.report.evidence.categories.2.kind = "rule_details"
methods.4.outcome.report.evidence.categories.2.state.state = "not_requested"
methods.4.outcome.report.evidence.categories.3.kind = "name_details"
methods.4.outcome.report.evidence.categories.3.state.state = "not_requested"
methods.4.outcome.report.evidence.categories.4.kind = "read_details"
methods.4.outcome.report.evidence.categories.4.state.state = "not_requested"
methods.4.outcome.report.evidence.requested.driver_bci_range = null
methods.4.outcome.report.evidence.requested.expected_artifact = null
methods.4.outcome.report.evidence.requested.kinds = []
methods.4.outcome.report.execution.status = "complete"
methods.4.outcome.report.execution.usage.analysis_steps = 251
methods.4.outcome.report.execution.usage.archive_entries = 0
methods.4.outcome.report.execution.usage.attribute_bytes = 634
methods.4.outcome.report.execution.usage.class_bytes = 1442
methods.4.outcome.report.execution.usage.class_headers = 1
methods.4.outcome.report.execution.usage.code_bytes = 67
methods.4.outcome.report.execution.usage.dependency_depth = 0
methods.4.outcome.report.execution.usage.elapsed_millis = 4
methods.4.outcome.report.execution.usage.entry_bytes = 0
methods.4.outcome.report.execution.usage.input_bytes = 721
methods.4.outcome.report.execution.usage.ir_edges = 29
methods.4.outcome.report.execution.usage.ir_items = 496
methods.4.outcome.report.execution.usage.method_bodies = 5
methods.4.outcome.report.execution.usage.nested_depth = 0
methods.4.outcome.report.execution.usage.normalization_clones = 0
methods.4.outcome.report.execution.usage.output_bytes = 2145
methods.4.outcome.report.execution.usage.read_bytes = 721
methods.4.outcome.report.execution.usage.result_items = 27
methods.4.outcome.report.fallbacks = []
methods.4.outcome.report.fields = []
methods.4.outcome.report.init = null
methods.4.outcome.report.lambdas = []
methods.4.outcome.report.method = "read()I"
methods.4.outcome.report.news = []
methods.4.outcome.report.outcome = "produced"
methods.4.outcome.report.profile.java_release = 8
methods.4.outcome.report.profile.layout.kind = "generic"
methods.4.outcome.report.profile.multi_release.kind = "disabled"
methods.4.outcome.report.quality = "structured"
methods.4.outcome.report.regions = []
methods.4.outcome.report.representation = "java"
methods.4.outcome.report.rules = []
methods.4.outcome.report.semantic_validation = "unproven"
methods.4.outcome.report.source_map.segments = []
methods.4.outcome.report.syntax_status = "unchecked"
methods.4.outcome.report.text = "// @method read()I\n// @declaration a static method of `StaticQualifierProbe`, member flags 0x0009\n// recovered from bytecode; presentation is not claimed to compile\n{\n    receiver();\n    return StaticQualifierProbe.value;\n}\n"
methods.4.outcome.report.verification = "not_performed"
methods.4.text = "    public static int read() {\n        // @method read()I\n        // @declaration a static method of `StaticQualifierProbe`, member flags 0x0009\n        // recovered from bytecode; presentation is not claimed to compile\n        receiver();\n        return StaticQualifierProbe.value;\n    }\n"
methods.5.declaration = "public static int write()"
methods.5.item.access_flags = 9
methods.5.item.body.content_span.length = 26
methods.5.item.body.content_span.start = 649
methods.5.item.body.kind = "code_attribute"
methods.5.item.descriptor.escaped = "()I"
methods.5.item.descriptor.raw = [40,41,73]
methods.5.item.descriptor.utf16 = [40,41,73]
methods.5.item.identity.descriptor = [40,41,73]
methods.5.item.identity.name = [119,114,105,116,101]
methods.5.item.identity.owner.class_bytes.digest = "ef767155a30e696bcc2a40228170057b6289430c8b0bbb4170228be82dde7182"
methods.5.item.identity.owner.class_bytes.length = 721
methods.5.item.identity.owner.location.kind = "standalone_root"
methods.5.item.identity.owner.location.snapshot = "ef767155a30e696bcc2a40228170057b6289430c8b0bbb4170228be82dde7182"
methods.5.item.identity.owner.variant.kind = "base"
methods.5.item.index = 5
methods.5.item.name.escaped = "write"
methods.5.item.name.raw = [119,114,105,116,101]
methods.5.item.name.utf16 = [119,114,105,116,101]
methods.5.markers = []
methods.5.no_body_kind = null
methods.5.outcome.analysis.diagnostics = 0
methods.5.outcome.analysis.execution.status = "complete"
methods.5.outcome.analysis.execution.usage.analysis_steps = 287
methods.5.outcome.analysis.execution.usage.archive_entries = 0
methods.5.outcome.analysis.execution.usage.attribute_bytes = 666
methods.5.outcome.analysis.execution.usage.class_bytes = 1442
methods.5.outcome.analysis.execution.usage.class_headers = 1
methods.5.outcome.analysis.execution.usage.code_bytes = 81
methods.5.outcome.analysis.execution.usage.dependency_depth = 0
methods.5.outcome.analysis.execution.usage.elapsed_millis = 4
methods.5.outcome.analysis.execution.usage.entry_bytes = 0
methods.5.outcome.analysis.execution.usage.input_bytes = 721
methods.5.outcome.analysis.execution.usage.ir_edges = 32
methods.5.outcome.analysis.execution.usage.ir_items = 559
methods.5.outcome.analysis.execution.usage.method_bodies = 6
methods.5.outcome.analysis.execution.usage.nested_depth = 0
methods.5.outcome.analysis.execution.usage.normalization_clones = 0
methods.5.outcome.analysis.execution.usage.output_bytes = 2145
methods.5.outcome.analysis.execution.usage.read_bytes = 721
methods.5.outcome.analysis.execution.usage.result_items = 28
methods.5.outcome.kind = "recovered"
methods.5.outcome.report.accessors = []
methods.5.outcome.report.aliased_names = []
methods.5.outcome.report.artifact.agreement.state = "not_stated"
methods.5.outcome.report.artifact.binding.engine = "0.1.0"
methods.5.outcome.report.artifact.binding.environment.content = ["ef767155a30e696bcc2a40228170057b6289430c8b0bbb4170228be82dde7182"]
methods.5.outcome.report.artifact.binding.environment.domain_loaders = ["app"]
methods.5.outcome.report.artifact.binding.environment.providers = []
methods.5.outcome.report.artifact.binding.environment.runtime.load_domain.delegation.kind = "parent_first"
methods.5.outcome.report.artifact.binding.environment.runtime.load_domain.external_override = "none"
methods.5.outcome.report.artifact.binding.environment.runtime.load_domain.loader = "app"
methods.5.outcome.report.artifact.binding.environment.runtime.load_domain.module_mode.kind = "class_path"
methods.5.outcome.report.artifact.binding.environment.runtime.load_domain.parent_loader = null
methods.5.outcome.report.artifact.binding.environment.runtime.load_domain.roots.0.kind = "standalone_class"
methods.5.outcome.report.artifact.binding.environment.runtime.load_domain.roots.0.snapshot = "ef767155a30e696bcc2a40228170057b6289430c8b0bbb4170228be82dde7182"
methods.5.outcome.report.artifact.binding.environment.runtime.load_domain.runtime_transformation = "none"
methods.5.outcome.report.artifact.binding.environment.runtime.physical.scope.kind = "snapshot_all"
methods.5.outcome.report.artifact.binding.environment.runtime.physical.snapshot = "ef767155a30e696bcc2a40228170057b6289430c8b0bbb4170228be82dde7182"
methods.5.outcome.report.artifact.binding.environment.runtime.profile.java_release = 8
methods.5.outcome.report.artifact.binding.environment.runtime.profile.layout.kind = "generic"
methods.5.outcome.report.artifact.binding.environment.runtime.profile.multi_release.kind = "disabled"
methods.5.outcome.report.artifact.binding.member_ordinal = 5
methods.5.outcome.report.artifact.binding.method.descriptor = [40,41,73]
methods.5.outcome.report.artifact.binding.method.name = [119,114,105,116,101]
methods.5.outcome.report.artifact.binding.method.owner.class_bytes.digest = "ef767155a30e696bcc2a40228170057b6289430c8b0bbb4170228be82dde7182"
methods.5.outcome.report.artifact.binding.method.owner.class_bytes.length = 721
methods.5.outcome.report.artifact.binding.method.owner.location.kind = "standalone_root"
methods.5.outcome.report.artifact.binding.method.owner.location.snapshot = "ef767155a30e696bcc2a40228170057b6289430c8b0bbb4170228be82dde7182"
methods.5.outcome.report.artifact.binding.method.owner.variant.kind = "base"
methods.5.outcome.report.artifact.binding.profile.java_release = 8
methods.5.outcome.report.artifact.binding.profile.layout.kind = "generic"
methods.5.outcome.report.artifact.binding.profile.multi_release.kind = "disabled"
methods.5.outcome.report.artifact.binding.registry = 71
methods.5.outcome.report.artifact.binding.rules = ["straight@1","if@1","loop@1","switch@1","lambda@1","concat@1","bridge@1","accessor@1","new@1","field@1","enumswitch@1","init@1","declaration@1","twr@1","monitor@1"]
methods.5.outcome.report.artifact.binding.schema = 1
methods.5.outcome.report.artifact.binding.text_bytes = 265
methods.5.outcome.report.artifact.binding.text_digest = "e119f4ef5ca39de1179984576212f70f"
methods.5.outcome.report.bridges = []
methods.5.outcome.report.compile_status = "not_attempted"
methods.5.outcome.report.concats = []
methods.5.outcome.report.content = "contains_statements"
methods.5.outcome.report.declaration = null
methods.5.outcome.report.diagnostics.0.code = "jre_recovery_produced"
methods.5.outcome.report.diagnostics.0.message = "1 region(s), 3 statement(s), 8 segment(s), 265 byte(s) written from 1 canonical block(s)"
methods.5.outcome.report.diagnostics.0.provenance = null
methods.5.outcome.report.diagnostics.0.severity = "info"
methods.5.outcome.report.diagnostics.1.code = "jre_field_accesses"
methods.5.outcome.report.diagnostics.1.message = "2 field instruction(s) read under field@1: 2 presented, 0 refused"
methods.5.outcome.report.diagnostics.1.provenance = null
methods.5.outcome.report.diagnostics.1.severity = "info"
methods.5.outcome.report.diagnostics.2.code = "jre_declaration"
methods.5.outcome.report.diagnostics.2.message = "the artifact's envelope states the member's declaration under declaration@1: a static method"
methods.5.outcome.report.diagnostics.2.provenance = null
methods.5.outcome.report.diagnostics.2.severity = "info"
methods.5.outcome.report.enum_switches = []
methods.5.outcome.report.evidence.categories.0.kind = "source_map"
methods.5.outcome.report.evidence.categories.0.state.state = "not_requested"
methods.5.outcome.report.evidence.categories.1.kind = "region_details"
methods.5.outcome.report.evidence.categories.1.state.state = "not_requested"
methods.5.outcome.report.evidence.categories.2.kind = "rule_details"
methods.5.outcome.report.evidence.categories.2.state.state = "not_requested"
methods.5.outcome.report.evidence.categories.3.kind = "name_details"
methods.5.outcome.report.evidence.categories.3.state.state = "not_requested"
methods.5.outcome.report.evidence.categories.4.kind = "read_details"
methods.5.outcome.report.evidence.categories.4.state.state = "not_requested"
methods.5.outcome.report.evidence.requested.driver_bci_range = null
methods.5.outcome.report.evidence.requested.expected_artifact = null
methods.5.outcome.report.evidence.requested.kinds = []
methods.5.outcome.report.execution.status = "complete"
methods.5.outcome.report.execution.usage.analysis_steps = 292
methods.5.outcome.report.execution.usage.archive_entries = 0
methods.5.outcome.report.execution.usage.attribute_bytes = 666
methods.5.outcome.report.execution.usage.class_bytes = 1442
methods.5.outcome.report.execution.usage.class_headers = 1
methods.5.outcome.report.execution.usage.code_bytes = 81
methods.5.outcome.report.execution.usage.dependency_depth = 0
methods.5.outcome.report.execution.usage.elapsed_millis = 4
methods.5.outcome.report.execution.usage.entry_bytes = 0
methods.5.outcome.report.execution.usage.input_bytes = 721
methods.5.outcome.report.execution.usage.ir_edges = 32
methods.5.outcome.report.execution.usage.ir_items = 577
methods.5.outcome.report.execution.usage.method_bodies = 6
methods.5.outcome.report.execution.usage.nested_depth = 0
methods.5.outcome.report.execution.usage.normalization_clones = 0
methods.5.outcome.report.execution.usage.output_bytes = 2410
methods.5.outcome.report.execution.usage.read_bytes = 721
methods.5.outcome.report.execution.usage.result_items = 28
methods.5.outcome.report.fallbacks = []
methods.5.outcome.report.fields = []
methods.5.outcome.report.init = null
methods.5.outcome.report.lambdas = []
methods.5.outcome.report.method = "write()I"
methods.5.outcome.report.news = []
methods.5.outcome.report.outcome = "produced"
methods.5.outcome.report.profile.java_release = 8
methods.5.outcome.report.profile.layout.kind = "generic"
methods.5.outcome.report.profile.multi_release.kind = "disabled"
methods.5.outcome.report.quality = "structured"
methods.5.outcome.report.regions = []
methods.5.outcome.report.representation = "java"
methods.5.outcome.report.rules = []
methods.5.outcome.report.semantic_validation = "unproven"
methods.5.outcome.report.source_map.segments = []
methods.5.outcome.report.syntax_status = "unchecked"
methods.5.outcome.report.text = "// @method write()I\n// @declaration a static method of `StaticQualifierProbe`, member flags 0x0009\n// recovered from bytecode; presentation is not claimed to compile\n{\n    receiver();\n    StaticQualifierProbe.value = rhs();\n    return StaticQualifierProbe.value;\n}\n"
methods.5.outcome.report.verification = "not_performed"
methods.5.text = "    public static int write() {\n        // @method write()I\n        // @declaration a static method of `StaticQualifierProbe`, member flags 0x0009\n        // recovered from bytecode; presentation is not claimed to compile\n        receiver();\n        StaticQualifierProbe.value = rhs();\n        return StaticQualifierProbe.value;\n    }\n"
methods.6.declaration = "public static int writeSum()"
methods.6.item.access_flags = 9
methods.6.item.body.content_span.length = 30
methods.6.item.body.content_span.start = 689
methods.6.item.body.kind = "code_attribute"
methods.6.item.descriptor.escaped = "()I"
methods.6.item.descriptor.raw = [40,41,73]
methods.6.item.descriptor.utf16 = [40,41,73]
methods.6.item.identity.descriptor = [40,41,73]
methods.6.item.identity.name = [119,114,105,116,101,83,117,109]
methods.6.item.identity.owner.class_bytes.digest = "ef767155a30e696bcc2a40228170057b6289430c8b0bbb4170228be82dde7182"
methods.6.item.identity.owner.class_bytes.length = 721
methods.6.item.identity.owner.location.kind = "standalone_root"
methods.6.item.identity.owner.location.snapshot = "ef767155a30e696bcc2a40228170057b6289430c8b0bbb4170228be82dde7182"
methods.6.item.identity.owner.variant.kind = "base"
methods.6.item.index = 6
methods.6.item.name.escaped = "writeSum"
methods.6.item.name.raw = [119,114,105,116,101,83,117,109]
methods.6.item.name.utf16 = [119,114,105,116,101,83,117,109]
methods.6.markers = []
methods.6.no_body_kind = null
methods.6.outcome.analysis.diagnostics = 0
methods.6.outcome.analysis.execution.status = "complete"
methods.6.outcome.analysis.execution.usage.analysis_steps = 337
methods.6.outcome.analysis.execution.usage.archive_entries = 0
methods.6.outcome.analysis.execution.usage.attribute_bytes = 702
methods.6.outcome.analysis.execution.usage.class_bytes = 1442
methods.6.outcome.analysis.execution.usage.class_headers = 1
methods.6.outcome.analysis.execution.usage.code_bytes = 99
methods.6.outcome.analysis.execution.usage.dependency_depth = 0
methods.6.outcome.analysis.execution.usage.elapsed_millis = 4
methods.6.outcome.analysis.execution.usage.entry_bytes = 0
methods.6.outcome.analysis.execution.usage.input_bytes = 721
methods.6.outcome.analysis.execution.usage.ir_edges = 37
methods.6.outcome.analysis.execution.usage.ir_items = 666
methods.6.outcome.analysis.execution.usage.method_bodies = 7
methods.6.outcome.analysis.execution.usage.nested_depth = 0
methods.6.outcome.analysis.execution.usage.normalization_clones = 0
methods.6.outcome.analysis.execution.usage.output_bytes = 2410
methods.6.outcome.analysis.execution.usage.read_bytes = 721
methods.6.outcome.analysis.execution.usage.result_items = 29
methods.6.outcome.kind = "recovered"
methods.6.outcome.report.accessors = []
methods.6.outcome.report.aliased_names = []
methods.6.outcome.report.artifact.agreement.state = "not_stated"
methods.6.outcome.report.artifact.binding.engine = "0.1.0"
methods.6.outcome.report.artifact.binding.environment.content = ["ef767155a30e696bcc2a40228170057b6289430c8b0bbb4170228be82dde7182"]
methods.6.outcome.report.artifact.binding.environment.domain_loaders = ["app"]
methods.6.outcome.report.artifact.binding.environment.providers = []
methods.6.outcome.report.artifact.binding.environment.runtime.load_domain.delegation.kind = "parent_first"
methods.6.outcome.report.artifact.binding.environment.runtime.load_domain.external_override = "none"
methods.6.outcome.report.artifact.binding.environment.runtime.load_domain.loader = "app"
methods.6.outcome.report.artifact.binding.environment.runtime.load_domain.module_mode.kind = "class_path"
methods.6.outcome.report.artifact.binding.environment.runtime.load_domain.parent_loader = null
methods.6.outcome.report.artifact.binding.environment.runtime.load_domain.roots.0.kind = "standalone_class"
methods.6.outcome.report.artifact.binding.environment.runtime.load_domain.roots.0.snapshot = "ef767155a30e696bcc2a40228170057b6289430c8b0bbb4170228be82dde7182"
methods.6.outcome.report.artifact.binding.environment.runtime.load_domain.runtime_transformation = "none"
methods.6.outcome.report.artifact.binding.environment.runtime.physical.scope.kind = "snapshot_all"
methods.6.outcome.report.artifact.binding.environment.runtime.physical.snapshot = "ef767155a30e696bcc2a40228170057b6289430c8b0bbb4170228be82dde7182"
methods.6.outcome.report.artifact.binding.environment.runtime.profile.java_release = 8
methods.6.outcome.report.artifact.binding.environment.runtime.profile.layout.kind = "generic"
methods.6.outcome.report.artifact.binding.environment.runtime.profile.multi_release.kind = "disabled"
methods.6.outcome.report.artifact.binding.member_ordinal = 6
methods.6.outcome.report.artifact.binding.method.descriptor = [40,41,73]
methods.6.outcome.report.artifact.binding.method.name = [119,114,105,116,101,83,117,109]
methods.6.outcome.report.artifact.binding.method.owner.class_bytes.digest = "ef767155a30e696bcc2a40228170057b6289430c8b0bbb4170228be82dde7182"
methods.6.outcome.report.artifact.binding.method.owner.class_bytes.length = 721
methods.6.outcome.report.artifact.binding.method.owner.location.kind = "standalone_root"
methods.6.outcome.report.artifact.binding.method.owner.location.snapshot = "ef767155a30e696bcc2a40228170057b6289430c8b0bbb4170228be82dde7182"
methods.6.outcome.report.artifact.binding.method.owner.variant.kind = "base"
methods.6.outcome.report.artifact.binding.profile.java_release = 8
methods.6.outcome.report.artifact.binding.profile.layout.kind = "generic"
methods.6.outcome.report.artifact.binding.profile.multi_release.kind = "disabled"
methods.6.outcome.report.artifact.binding.registry = 71
methods.6.outcome.report.artifact.binding.rules = ["straight@1","if@1","loop@1","switch@1","lambda@1","concat@1","bridge@1","accessor@1","new@1","field@1","enumswitch@1","init@1","declaration@1","twr@1","monitor@1"]
methods.6.outcome.report.artifact.binding.schema = 1
methods.6.outcome.report.artifact.binding.text_bytes = 297
methods.6.outcome.report.artifact.binding.text_digest = "6bbe87953eb450d2b3592fe9c94358ea"
methods.6.outcome.report.bridges = []
methods.6.outcome.report.compile_status = "not_attempted"
methods.6.outcome.report.concats = []
methods.6.outcome.report.content = "contains_statements"
methods.6.outcome.report.declaration = null
methods.6.outcome.report.diagnostics.0.code = "jre_recovery_produced"
methods.6.outcome.report.diagnostics.0.message = "1 region(s), 3 statement(s), 11 segment(s), 297 byte(s) written from 1 canonical block(s)"
methods.6.outcome.report.diagnostics.0.provenance = null
methods.6.outcome.report.diagnostics.0.severity = "info"
methods.6.outcome.report.diagnostics.1.code = "jre_field_accesses"
methods.6.outcome.report.diagnostics.1.message = "3 field instruction(s) read under field@1: 3 presented, 0 refused"
methods.6.outcome.report.diagnostics.1.provenance = null
methods.6.outcome.report.diagnostics.1.severity = "info"
methods.6.outcome.report.diagnostics.2.code = "jre_declaration"
methods.6.outcome.report.diagnostics.2.message = "the artifact's envelope states the member's declaration under declaration@1: a static method"
methods.6.outcome.report.diagnostics.2.provenance = null
methods.6.outcome.report.diagnostics.2.severity = "info"
methods.6.outcome.report.enum_switches = []
methods.6.outcome.report.evidence.categories.0.kind = "source_map"
methods.6.outcome.report.evidence.categories.0.state.state = "not_requested"
methods.6.outcome.report.evidence.categories.1.kind = "region_details"
methods.6.outcome.report.evidence.categories.1.state.state = "not_requested"
methods.6.outcome.report.evidence.categories.2.kind = "rule_details"
methods.6.outcome.report.evidence.categories.2.state.state = "not_requested"
methods.6.outcome.report.evidence.categories.3.kind = "name_details"
methods.6.outcome.report.evidence.categories.3.state.state = "not_requested"
methods.6.outcome.report.evidence.categories.4.kind = "read_details"
methods.6.outcome.report.evidence.categories.4.state.state = "not_requested"
methods.6.outcome.report.evidence.requested.driver_bci_range = null
methods.6.outcome.report.evidence.requested.expected_artifact = null
methods.6.outcome.report.evidence.requested.kinds = []
methods.6.outcome.report.execution.status = "complete"
methods.6.outcome.report.execution.usage.analysis_steps = 342
methods.6.outcome.report.execution.usage.archive_entries = 0
methods.6.outcome.report.execution.usage.attribute_bytes = 702
methods.6.outcome.report.execution.usage.class_bytes = 1442
methods.6.outcome.report.execution.usage.class_headers = 1
methods.6.outcome.report.execution.usage.code_bytes = 99
methods.6.outcome.report.execution.usage.dependency_depth = 0
methods.6.outcome.report.execution.usage.elapsed_millis = 5
methods.6.outcome.report.execution.usage.entry_bytes = 0
methods.6.outcome.report.execution.usage.input_bytes = 721
methods.6.outcome.report.execution.usage.ir_edges = 37
methods.6.outcome.report.execution.usage.ir_items = 699
methods.6.outcome.report.execution.usage.method_bodies = 7
methods.6.outcome.report.execution.usage.nested_depth = 0
methods.6.outcome.report.execution.usage.normalization_clones = 0
methods.6.outcome.report.execution.usage.output_bytes = 2707
methods.6.outcome.report.execution.usage.read_bytes = 721
methods.6.outcome.report.execution.usage.result_items = 29
methods.6.outcome.report.fallbacks = []
methods.6.outcome.report.fields = []
methods.6.outcome.report.init = null
methods.6.outcome.report.lambdas = []
methods.6.outcome.report.method = "writeSum()I"
methods.6.outcome.report.news = []
methods.6.outcome.report.outcome = "produced"
methods.6.outcome.report.profile.java_release = 8
methods.6.outcome.report.profile.layout.kind = "generic"
methods.6.outcome.report.profile.multi_release.kind = "disabled"
methods.6.outcome.report.quality = "structured"
methods.6.outcome.report.regions = []
methods.6.outcome.report.representation = "java"
methods.6.outcome.report.rules = []
methods.6.outcome.report.semantic_validation = "unproven"
methods.6.outcome.report.source_map.segments = []
methods.6.outcome.report.syntax_status = "unchecked"
methods.6.outcome.report.text = "// @method writeSum()I\n// @declaration a static method of `StaticQualifierProbe`, member flags 0x0009\n// recovered from bytecode; presentation is not claimed to compile\n{\n    receiver();\n    StaticQualifierProbe.value = StaticQualifierProbe.value + rhs();\n    return StaticQualifierProbe.value;\n}\n"
methods.6.outcome.report.verification = "not_performed"
methods.6.text = "    public static int writeSum() {\n        // @method writeSum()I\n        // @declaration a static method of `StaticQualifierProbe`, member flags 0x0009\n        // recovered from bytecode; presentation is not claimed to compile\n        receiver();\n        StaticQualifierProbe.value = StaticQualifierProbe.value + rhs();\n        return StaticQualifierProbe.value;\n    }\n"
outcome = "performed"
stages = ["raw_facts","raw_cfg","legacy_normalization","canonical_cfg","frame","ssa"]
usage.analysis_steps = 342
usage.archive_entries = 0
usage.attribute_bytes = 702
usage.class_bytes = 1442
usage.class_headers = 1
usage.code_bytes = 99
usage.dependency_depth = 0
usage.elapsed_millis = 5
usage.entry_bytes = 0
usage.input_bytes = 721
usage.ir_edges = 37
usage.ir_items = 699
usage.method_bodies = 7
usage.nested_depth = 0
usage.normalization_clones = 0
usage.output_bytes = 2707
usage.read_bytes = 721
usage.result_items = 30
view.scope.kind = "snapshot_all"
view.snapshot = "ef767155a30e696bcc2a40228170057b6289430c8b0bbb4170228be82dde7182"
