警告: [options] 源值 8 已过时，将在未来发行版中删除
警告: [options] 目标值 8 已过时，将在未来发行版中删除
警告: [options] 要隐藏有关已过时选项的警告, 请使用 -Xlint:-options。
/var/folders/gm/lzn3ylzx4lz7mx29lftngdz40000gn/T/jarde-narrow-array-stores-jkrh5bkd/jadx/sources/defpackage/NarrowArrayStores.java:6: 错误: 不兼容的类型: 从int转换到byte可能会有损失
        bArr[i] = i2;
                  ^
/var/folders/gm/lzn3ylzx4lz7mx29lftngdz40000gn/T/jarde-narrow-array-stores-jkrh5bkd/jadx/sources/defpackage/NarrowArrayStores.java:10: 错误: 不兼容的类型: 从int转换到char可能会有损失
        cArr[i] = i2;
                  ^
/var/folders/gm/lzn3ylzx4lz7mx29lftngdz40000gn/T/jarde-narrow-array-stores-jkrh5bkd/jadx/sources/defpackage/NarrowArrayStores.java:14: 错误: 不兼容的类型: 从int转换到short可能会有损失
        sArr[i] = i2;
                  ^
/var/folders/gm/lzn3ylzx4lz7mx29lftngdz40000gn/T/jarde-narrow-array-stores-jkrh5bkd/jadx/sources/defpackage/NarrowArrayStores.java:19: 错误: 不兼容的类型: 从int转换到byte可能会有损失
        bArr[i] = NarrowArrayStoreEffects.value(i2, z);
                                               ^
/var/folders/gm/lzn3ylzx4lz7mx29lftngdz40000gn/T/jarde-narrow-array-stores-jkrh5bkd/jadx/sources/defpackage/NarrowArrayStores.java:23: 错误: 不兼容的类型: 从int转换到char可能会有损失
        cArr[i] = NarrowArrayStoreEffects.value(i2, z);
                                               ^
/var/folders/gm/lzn3ylzx4lz7mx29lftngdz40000gn/T/jarde-narrow-array-stores-jkrh5bkd/jadx/sources/defpackage/NarrowArrayStores.java:27: 错误: 不兼容的类型: 从int转换到short可能会有损失
        sArr[i] = NarrowArrayStoreEffects.value(i2, z);
                                               ^
6 个错误
3 个警告
