{
  "source": "/var/folders/gm/lzn3ylzx4lz7mx29lftngdz40000gn/T/jarde-narrow-array-stores-jkrh5bkd/original/NarrowArrayStores.class",
  "output": "/var/folders/gm/lzn3ylzx4lz7mx29lftngdz40000gn/T/jarde-narrow-array-stores-jkrh5bkd/patched/NarrowArrayStores.class",
  "source_sha256": "3a720dffd2907a2d027280a89568368d5e4e14f8b138fc37f3b0a6972aebdb80",
  "methods": [
    {
      "name": "storeByte",
      "source_descriptor": "([III)V",
      "source_descriptor_index": 17,
      "patched_descriptor": "([BII)V",
      "array_type": "[B",
      "code_attribute_offset": 451,
      "code_length": 5,
      "opcode_offset_in_code": 3,
      "opcode_before": "0x4f iastore",
      "opcode_after": "0x54 bastore",
      "code_sha256_before": "29f4891b2b262cb4307009c38fe0fb6972685e8c2b823355dd6e0444fd65fac7",
      "code_sha256_after": "6222703cc15a6ad0513df33dcae5d68366be60dc75b8d492c9658168b611681d",
      "max_stack": 3,
      "max_locals": 3
    },
    {
      "name": "storeChar",
      "source_descriptor": "([III)V",
      "source_descriptor_index": 17,
      "patched_descriptor": "([CII)V",
      "array_type": "[C",
      "code_attribute_offset": 482,
      "code_length": 5,
      "opcode_offset_in_code": 3,
      "opcode_before": "0x4f iastore",
      "opcode_after": "0x55 castore",
      "code_sha256_before": "29f4891b2b262cb4307009c38fe0fb6972685e8c2b823355dd6e0444fd65fac7",
      "code_sha256_after": "4a23d2e81055bb530df8b8ea05711411f0966ab1e3156252351e2fc85cd1fa3a",
      "max_stack": 3,
      "max_locals": 3
    },
    {
      "name": "storeShort",
      "source_descriptor": "([III)V",
      "source_descriptor_index": 17,
      "patched_descriptor": "([SII)V",
      "array_type": "[S",
      "code_attribute_offset": 513,
      "code_length": 5,
      "opcode_offset_in_code": 3,
      "opcode_before": "0x4f iastore",
      "opcode_after": "0x56 sastore",
      "code_sha256_before": "29f4891b2b262cb4307009c38fe0fb6972685e8c2b823355dd6e0444fd65fac7",
      "code_sha256_after": "cb033f95460df08ca31c6ff9bb88f596d113a23244f057a9b057c3e4dee7a7cf",
      "max_stack": 3,
      "max_locals": 3
    },
    {
      "name": "storeByteProduced",
      "source_descriptor": "([IIIZ)V",
      "source_descriptor_index": 21,
      "patched_descriptor": "([BIIZ)V",
      "array_type": "[B",
      "code_attribute_offset": 544,
      "code_length": 9,
      "opcode_offset_in_code": 7,
      "opcode_before": "0x4f iastore",
      "opcode_after": "0x54 bastore",
      "code_sha256_before": "58ac0a13a8f0799b9c24d6b34c0a258a136f78782d91742704ec70e79e3d98e0",
      "code_sha256_after": "3ae80dd5e8d1c75bc3a3904ca8fd4e3c57aab1731af37d3f511a1891496ee1d4",
      "max_stack": 4,
      "max_locals": 4
    },
    {
      "name": "storeCharProduced",
      "source_descriptor": "([IIIZ)V",
      "source_descriptor_index": 21,
      "patched_descriptor": "([CIIZ)V",
      "array_type": "[C",
      "code_attribute_offset": 579,
      "code_length": 9,
      "opcode_offset_in_code": 7,
      "opcode_before": "0x4f iastore",
      "opcode_after": "0x55 castore",
      "code_sha256_before": "58ac0a13a8f0799b9c24d6b34c0a258a136f78782d91742704ec70e79e3d98e0",
      "code_sha256_after": "def83eafdc83646e753ce37beb25af1608c29f8d58f299a18765ce0ddda98e1b",
      "max_stack": 4,
      "max_locals": 4
    },
    {
      "name": "storeShortProduced",
      "source_descriptor": "([IIIZ)V",
      "source_descriptor_index": 21,
      "patched_descriptor": "([SIIZ)V",
      "array_type": "[S",
      "code_attribute_offset": 614,
      "code_length": 9,
      "opcode_offset_in_code": 7,
      "opcode_before": "0x4f iastore",
      "opcode_after": "0x56 sastore",
      "code_sha256_before": "58ac0a13a8f0799b9c24d6b34c0a258a136f78782d91742704ec70e79e3d98e0",
      "code_sha256_after": "4b7b7aa44129057f6e499863e117146344898fcfac022aab19a473cfdd8c70c4",
      "max_stack": 4,
      "max_locals": 4
    }
  ],
  "patched_sha256": "a3464f4b62da257e4cd4ff70970a05360475e51502a938c675392b334b359803",
  "constant_pool_count": 36,
  "method_count": 10
}
