Classfile jar:file:///Users/lordcasser/workspace/projects/jarde/openspec/evidence/same-class-generic-call-consumers-2026-10-09/frozen-inputs-v1/openjdk23/debug/VarargsCall/VarargsCall.jar!/VarargsCall.class
  Last modified 2026年10月9日; size 891 bytes
  SHA-256 checksum 89696ab7bec8656a302a2110be824d4790d0c2ac9296793e132fd94d2e40eb1a
  Compiled from "VarargsCall.java"
public class VarargsCall<T extends java.lang.Object> extends java.lang.Object
  minor version: 0
  major version: 52
  flags: (0x0021) ACC_PUBLIC, ACC_SUPER
  this_class: #8                          // VarargsCall
  super_class: #2                         // java/lang/Object
  interfaces: 0, fields: 0, methods: 3, attributes: 2
Constant pool:
   #1 = Methodref          #2.#3          // java/lang/Object."<init>":()V
   #2 = Class              #4             // java/lang/Object
   #3 = NameAndType        #5:#6          // "<init>":()V
   #4 = Utf8               java/lang/Object
   #5 = Utf8               <init>
   #6 = Utf8               ()V
   #7 = Methodref          #8.#9          // VarargsCall.first:([Ljava/lang/Object;)Ljava/lang/Object;
   #8 = Class              #10            // VarargsCall
   #9 = NameAndType        #11:#12        // first:([Ljava/lang/Object;)Ljava/lang/Object;
  #10 = Utf8               VarargsCall
  #11 = Utf8               first
  #12 = Utf8               ([Ljava/lang/Object;)Ljava/lang/Object;
  #13 = Utf8               Code
  #14 = Utf8               LineNumberTable
  #15 = Utf8               LocalVariableTable
  #16 = Utf8               this
  #17 = Utf8               LVarargsCall;
  #18 = Utf8               LocalVariableTypeTable
  #19 = Utf8               LVarargsCall<TT;>;
  #20 = Utf8               xs
  #21 = Utf8               [Ljava/lang/Object;
  #22 = Utf8               [TU;
  #23 = Utf8               Signature
  #24 = Utf8               <U:Ljava/lang/Object;>([TU;)TU;
  #25 = Utf8               RuntimeVisibleAnnotations
  #26 = Utf8               Ljava/lang/SafeVarargs;
  #27 = Utf8               relay
  #28 = Utf8               (Ljava/lang/Object;)Ljava/lang/Object;
  #29 = Utf8               x
  #30 = Utf8               Ljava/lang/Object;
  #31 = Utf8               TT;
  #32 = Utf8               (TT;)TT;
  #33 = Utf8               <T:Ljava/lang/Object;>Ljava/lang/Object;
  #34 = Utf8               SourceFile
  #35 = Utf8               VarargsCall.java
{
  public VarargsCall();
    descriptor: ()V
    flags: (0x0001) ACC_PUBLIC
    Code:
      stack=1, locals=1, args_size=1
         0: aload_0
         1: invokespecial #1                  // Method java/lang/Object."<init>":()V
         4: return
      LineNumberTable:
        line 1: 0
      LocalVariableTable:
        Start  Length  Slot  Name   Signature
            0       5     0  this   LVarargsCall;
      LocalVariableTypeTable:
        Start  Length  Slot  Name   Signature
            0       5     0  this   LVarargsCall<TT;>;

  public final <U extends java.lang.Object> U first(U...);
    descriptor: ([Ljava/lang/Object;)Ljava/lang/Object;
    flags: (0x0091) ACC_PUBLIC, ACC_FINAL, ACC_VARARGS
    Code:
      stack=2, locals=2, args_size=2
         0: aload_1
         1: iconst_0
         2: aaload
         3: areturn
      LineNumberTable:
        line 1: 0
      LocalVariableTable:
        Start  Length  Slot  Name   Signature
            0       4     0  this   LVarargsCall;
            0       4     1    xs   [Ljava/lang/Object;
      LocalVariableTypeTable:
        Start  Length  Slot  Name   Signature
            0       4     0  this   LVarargsCall<TT;>;
            0       4     1    xs   [TU;
    Signature: #24                          // <U:Ljava/lang/Object;>([TU;)TU;
    RuntimeVisibleAnnotations:
      0: #26()
        java.lang.SafeVarargs

  public T relay(T);
    descriptor: (Ljava/lang/Object;)Ljava/lang/Object;
    flags: (0x0001) ACC_PUBLIC
    Code:
      stack=5, locals=2, args_size=2
         0: aload_0
         1: iconst_1
         2: anewarray     #2                  // class java/lang/Object
         5: dup
         6: iconst_0
         7: aload_1
         8: aastore
         9: invokevirtual #7                  // Method first:([Ljava/lang/Object;)Ljava/lang/Object;
        12: areturn
      LineNumberTable:
        line 1: 0
      LocalVariableTable:
        Start  Length  Slot  Name   Signature
            0      13     0  this   LVarargsCall;
            0      13     1     x   Ljava/lang/Object;
      LocalVariableTypeTable:
        Start  Length  Slot  Name   Signature
            0      13     0  this   LVarargsCall<TT;>;
            0      13     1     x   TT;
    Signature: #32                          // (TT;)TT;
}
Signature: #33                          // <T:Ljava/lang/Object;>Ljava/lang/Object;
SourceFile: "VarargsCall.java"
