Classfile jar:file:///Users/lordcasser/workspace/projects/jarde/openspec/evidence/same-class-generic-call-consumers-2026-10-09/frozen-inputs-v1/openjdk23/nodebug/MethodHandleUse/MethodHandleUse.jar!/MethodHandleUse.class
  Last modified 2026年10月9日; size 909 bytes
  SHA-256 checksum 4deb5fef1a34738c1571b7cf88b8995b0788bffeeb5891fc381a48685da4aa32
public class MethodHandleUse<T extends java.lang.Object> extends java.lang.Object
  minor version: 0
  major version: 52
  flags: (0x0021) ACC_PUBLIC, ACC_SUPER
  this_class: #16                         // MethodHandleUse
  super_class: #2                         // java/lang/Object
  interfaces: 0, fields: 0, methods: 3, attributes: 3
Constant pool:
   #1 = Methodref          #2.#3          // java/lang/Object."<init>":()V
   #2 = Class              #4             // java/lang/Object
   #3 = NameAndType        #5:#6          // "<init>":()V
   #4 = Utf8               java/lang/Object
   #5 = Utf8               <init>
   #6 = Utf8               ()V
   #7 = InvokeDynamic      #0:#8          // #0:apply:(LMethodHandleUse;)Ljava/util/function/Function;
   #8 = NameAndType        #9:#10         // apply:(LMethodHandleUse;)Ljava/util/function/Function;
   #9 = Utf8               apply
  #10 = Utf8               (LMethodHandleUse;)Ljava/util/function/Function;
  #11 = InterfaceMethodref #12.#13        // java/util/function/Function.apply:(Ljava/lang/Object;)Ljava/lang/Object;
  #12 = Class              #14            // java/util/function/Function
  #13 = NameAndType        #9:#15         // apply:(Ljava/lang/Object;)Ljava/lang/Object;
  #14 = Utf8               java/util/function/Function
  #15 = Utf8               (Ljava/lang/Object;)Ljava/lang/Object;
  #16 = Class              #17            // MethodHandleUse
  #17 = Utf8               MethodHandleUse
  #18 = Utf8               Code
  #19 = Utf8               identity
  #20 = Utf8               Signature
  #21 = Utf8               (TT;)TT;
  #22 = Utf8               relay
  #23 = Utf8               <T:Ljava/lang/Object;>Ljava/lang/Object;
  #24 = Utf8               BootstrapMethods
  #25 = MethodType         #15            //  (Ljava/lang/Object;)Ljava/lang/Object;
  #26 = MethodHandle       5:#27          // REF_invokeVirtual MethodHandleUse.identity:(Ljava/lang/Object;)Ljava/lang/Object;
  #27 = Methodref          #16.#28        // MethodHandleUse.identity:(Ljava/lang/Object;)Ljava/lang/Object;
  #28 = NameAndType        #19:#15        // identity:(Ljava/lang/Object;)Ljava/lang/Object;
  #29 = MethodHandle       6:#30          // REF_invokeStatic java/lang/invoke/LambdaMetafactory.metafactory:(Ljava/lang/invoke/MethodHandles$Lookup;Ljava/lang/String;Ljava/lang/invoke/MethodType;Ljava/lang/invoke/MethodType;Ljava/lang/invoke/MethodHandle;Ljava/lang/invoke/MethodType;)Ljava/lang/invoke/CallSite;
  #30 = Methodref          #31.#32        // java/lang/invoke/LambdaMetafactory.metafactory:(Ljava/lang/invoke/MethodHandles$Lookup;Ljava/lang/String;Ljava/lang/invoke/MethodType;Ljava/lang/invoke/MethodType;Ljava/lang/invoke/MethodHandle;Ljava/lang/invoke/MethodType;)Ljava/lang/invoke/CallSite;
  #31 = Class              #33            // java/lang/invoke/LambdaMetafactory
  #32 = NameAndType        #34:#35        // metafactory:(Ljava/lang/invoke/MethodHandles$Lookup;Ljava/lang/String;Ljava/lang/invoke/MethodType;Ljava/lang/invoke/MethodType;Ljava/lang/invoke/MethodHandle;Ljava/lang/invoke/MethodType;)Ljava/lang/invoke/CallSite;
  #33 = Utf8               java/lang/invoke/LambdaMetafactory
  #34 = Utf8               metafactory
  #35 = Utf8               (Ljava/lang/invoke/MethodHandles$Lookup;Ljava/lang/String;Ljava/lang/invoke/MethodType;Ljava/lang/invoke/MethodType;Ljava/lang/invoke/MethodHandle;Ljava/lang/invoke/MethodType;)Ljava/lang/invoke/CallSite;
  #36 = Utf8               InnerClasses
  #37 = Class              #38            // java/lang/invoke/MethodHandles$Lookup
  #38 = Utf8               java/lang/invoke/MethodHandles$Lookup
  #39 = Class              #40            // java/lang/invoke/MethodHandles
  #40 = Utf8               java/lang/invoke/MethodHandles
  #41 = Utf8               Lookup
{
  public MethodHandleUse();
    descriptor: ()V
    flags: (0x0001) ACC_PUBLIC
    Code:
      stack=1, locals=1, args_size=1
         0: aload_0
         1: invokespecial #1                  // Method java/lang/Object."<init>":()V
         4: return

  public T identity(T);
    descriptor: (Ljava/lang/Object;)Ljava/lang/Object;
    flags: (0x0001) ACC_PUBLIC
    Code:
      stack=1, locals=2, args_size=2
         0: aload_1
         1: areturn
    Signature: #21                          // (TT;)TT;

  public T relay(T);
    descriptor: (Ljava/lang/Object;)Ljava/lang/Object;
    flags: (0x0001) ACC_PUBLIC
    Code:
      stack=2, locals=3, args_size=2
         0: aload_0
         1: invokedynamic #7,  0              // InvokeDynamic #0:apply:(LMethodHandleUse;)Ljava/util/function/Function;
         6: astore_2
         7: aload_2
         8: aload_1
         9: invokeinterface #11,  2           // InterfaceMethod java/util/function/Function.apply:(Ljava/lang/Object;)Ljava/lang/Object;
        14: areturn
    Signature: #21                          // (TT;)TT;
}
Signature: #23                          // <T:Ljava/lang/Object;>Ljava/lang/Object;
BootstrapMethods:
  0: #29 REF_invokeStatic java/lang/invoke/LambdaMetafactory.metafactory:(Ljava/lang/invoke/MethodHandles$Lookup;Ljava/lang/String;Ljava/lang/invoke/MethodType;Ljava/lang/invoke/MethodType;Ljava/lang/invoke/MethodHandle;Ljava/lang/invoke/MethodType;)Ljava/lang/invoke/CallSite;
    Method arguments:
      #25 (Ljava/lang/Object;)Ljava/lang/Object;
      #26 REF_invokeVirtual MethodHandleUse.identity:(Ljava/lang/Object;)Ljava/lang/Object;
      #25 (Ljava/lang/Object;)Ljava/lang/Object;
InnerClasses:
  public static final #41= #37 of #39;    // Lookup=class java/lang/invoke/MethodHandles$Lookup of class java/lang/invoke/MethodHandles
