class.class_bytes.digest = "b8581c112dc6dd21275b9805b8860da5de845c9fd74cc5273ca04a15f54de9dc"
class.class_bytes.length = 152
class.location.kind = "standalone_root"
class.location.snapshot = "b8581c112dc6dd21275b9805b8860da5de845c9fd74cc5273ca04a15f54de9dc"
class.variant.kind = "base"
coverage.artifact_structural.scanned.0.end = 1
coverage.artifact_structural.scanned.0.label = "navigation_candidates"
coverage.artifact_structural.scanned.0.start = 0
coverage.artifact_structural.scanned.1.end = 1
coverage.artifact_structural.scanned.1.label = "class_methods"
coverage.artifact_structural.scanned.1.start = 0
coverage.artifact_structural.skipped = []
coverage.artifact_structural.state = "complete_within_schema"
coverage.artifact_structural.uninterpreted_extensions = []
coverage.dynamic_analysis.scanned = []
coverage.dynamic_analysis.skipped = []
coverage.dynamic_analysis.state = "not_requested"
coverage.dynamic_analysis.uninterpreted_extensions = []
coverage.runtime_resolution.scanned = []
coverage.runtime_resolution.skipped = []
coverage.runtime_resolution.state = "not_requested"
coverage.runtime_resolution.uninterpreted_extensions = []
declaration.declaration = "@interface Inner extends java.lang.annotation.Annotation"
declaration.item.binding.kind = "standalone_root"
declaration.item.declaration.access_flags = 9728
declaration.item.declaration.interfaces.0.escaped = "java/lang/annotation/Annotation"
declaration.item.declaration.interfaces.0.raw = [106,97,118,97,47,108,97,110,103,47,97,110,110,111,116,97,116,105,111,110,47,65,110,110,111,116,97,116,105,111,110]
declaration.item.declaration.interfaces.0.utf16 = [106,97,118,97,47,108,97,110,103,47,97,110,110,111,116,97,116,105,111,110,47,65,110,110,111,116,97,116,105,111,110]
declaration.item.declaration.super_class.escaped = "java/lang/Object"
declaration.item.declaration.super_class.raw = [106,97,118,97,47,108,97,110,103,47,79,98,106,101,99,116]
declaration.item.declaration.super_class.utf16 = [106,97,118,97,47,108,97,110,103,47,79,98,106,101,99,116]
declaration.item.declaration.this_class.escaped = "Inner"
declaration.item.declaration.this_class.raw = [73,110,110,101,114]
declaration.item.declaration.this_class.utf16 = [73,110,110,101,114]
declaration.item.definition.class_bytes.digest = "b8581c112dc6dd21275b9805b8860da5de845c9fd74cc5273ca04a15f54de9dc"
declaration.item.definition.class_bytes.length = 152
declaration.item.definition.location.kind = "standalone_root"
declaration.item.definition.location.snapshot = "b8581c112dc6dd21275b9805b8860da5de845c9fd74cc5273ca04a15f54de9dc"
declaration.item.definition.variant.kind = "base"
declaration.item.member_table = null
declaration.name = "Inner"
diagnostics = []
execution.status = "complete"
execution.usage.analysis_steps = 0
execution.usage.archive_entries = 0
execution.usage.attribute_bytes = 18
execution.usage.class_bytes = 152
execution.usage.class_headers = 1
execution.usage.code_bytes = 0
execution.usage.dependency_depth = 0
execution.usage.elapsed_millis = 0
execution.usage.entry_bytes = 0
execution.usage.input_bytes = 152
execution.usage.ir_edges = 0
execution.usage.ir_items = 0
execution.usage.method_bodies = 0
execution.usage.nested_depth = 0
execution.usage.normalization_clones = 0
execution.usage.output_bytes = 152
execution.usage.read_bytes = 152
execution.usage.result_items = 5
fields = []
limits.analysis_steps = 4194304
limits.archive_entries = 65536
limits.attribute_bytes = 67108864
limits.class_bytes = 67108864
limits.class_headers = 4096
limits.code_bytes = 16777216
limits.dependency_depth = 8
limits.elapsed_millis = 30000
limits.entry_bytes = 67108864
limits.input_bytes = 67108864
limits.ir_edges = 4194304
limits.ir_items = 4194304
limits.method_bodies = 4096
limits.nested_depth = 4
limits.normalization_clones = 1048576
limits.output_bytes = 16777216
limits.read_bytes = 67108864
limits.result_items = 65536
methods.0.declaration = "public abstract int count() default 7"
methods.0.item.access_flags = 1025
methods.0.item.body.kind = "no_code_attribute"
methods.0.item.descriptor.escaped = "()I"
methods.0.item.descriptor.raw = [40,41,73]
methods.0.item.descriptor.utf16 = [40,41,73]
methods.0.item.identity.descriptor = [40,41,73]
methods.0.item.identity.name = [99,111,117,110,116]
methods.0.item.identity.owner.class_bytes.digest = "b8581c112dc6dd21275b9805b8860da5de845c9fd74cc5273ca04a15f54de9dc"
methods.0.item.identity.owner.class_bytes.length = 152
methods.0.item.identity.owner.location.kind = "standalone_root"
methods.0.item.identity.owner.location.snapshot = "b8581c112dc6dd21275b9805b8860da5de845c9fd74cc5273ca04a15f54de9dc"
methods.0.item.identity.owner.variant.kind = "base"
methods.0.item.index = 0
methods.0.item.name.escaped = "count"
methods.0.item.name.raw = [99,111,117,110,116]
methods.0.item.name.utf16 = [99,111,117,110,116]
methods.0.markers = ["// jarde: no body: the member `count()I` is declared abstract and its declaration carries no Code attribute"]
methods.0.no_body_kind = "abstract"
methods.0.outcome.kind = "no_body"
methods.0.text = "    // jarde: no body: the member `count()I` is declared abstract and its declaration carries no Code attribute\n    public abstract int count() default 7;\n"
outcome = "performed"
stages = ["raw_facts","raw_cfg","legacy_normalization","canonical_cfg","frame","ssa"]
usage.analysis_steps = 0
usage.archive_entries = 0
usage.attribute_bytes = 18
usage.class_bytes = 152
usage.class_headers = 1
usage.code_bytes = 0
usage.dependency_depth = 0
usage.elapsed_millis = 0
usage.entry_bytes = 0
usage.input_bytes = 152
usage.ir_edges = 0
usage.ir_items = 0
usage.method_bodies = 0
usage.nested_depth = 0
usage.normalization_clones = 0
usage.output_bytes = 152
usage.read_bytes = 152
usage.result_items = 5
view.scope.kind = "snapshot_all"
view.snapshot = "b8581c112dc6dd21275b9805b8860da5de845c9fd74cc5273ca04a15f54de9dc"
