// jarde: presentation of `Defaults` from the class file's own declaration and one recovery run per member.
// jarde: not a compilable project: no imports and no resources are claimed (the `package` line is the class file's own name, not a claim about a directory); every place this text is not a full recovery carries a marker of this prefix.
@interface Defaults extends java.lang.annotation.Annotation {
    // jarde: no body: the member `nested()LInner;` is declared abstract and its declaration carries no Code attribute
    public abstract Inner nested();

    // jarde: no body: the member `nestedArray()[LInner;` is declared abstract and its declaration carries no Code attribute
    public abstract Inner[] nestedArray();

    // jarde: no body: the member `klass()Ljava/lang/Class;` is declared abstract and its declaration carries no Code attribute
    public abstract java.lang.Class klass() default java.lang.String[].class;

    // jarde: no body: the member `tone()LTone;` is declared abstract and its declaration carries no Code attribute
    public abstract Tone tone() default Tone.LOUD;

    // jarde: no body: the member `empty()[I` is declared abstract and its declaration carries no Code attribute
    public abstract int[] empty() default {};

    // jarde: no body: the member `numbers()[I` is declared abstract and its declaration carries no Code attribute
    public abstract int[] numbers() default {3, 5};

    // jarde: no body: the member `negativeZeroFloat()F` is declared abstract and its declaration carries no Code attribute
    public abstract float negativeZeroFloat();

    // jarde: no body: the member `negativeZeroDouble()D` is declared abstract and its declaration carries no Code attribute
    public abstract double negativeZeroDouble();

    // jarde: no body: the member `positiveInfinity()F` is declared abstract and its declaration carries no Code attribute
    public abstract float positiveInfinity();

    // jarde: no body: the member `notANumber()D` is declared abstract and its declaration carries no Code attribute
    public abstract double notANumber();
}
class.class_bytes.digest = "653e95ad1d7a992348a8db06714389555ddabd8f218ffaea7d25395a37cf2caa"
class.class_bytes.length = 684
class.location.kind = "standalone_root"
class.location.snapshot = "653e95ad1d7a992348a8db06714389555ddabd8f218ffaea7d25395a37cf2caa"
class.variant.kind = "base"
coverage.artifact_structural.scanned.0.end = 1
coverage.artifact_structural.scanned.0.label = "navigation_candidates"
coverage.artifact_structural.scanned.0.start = 0
coverage.artifact_structural.scanned.1.end = 10
coverage.artifact_structural.scanned.1.label = "class_methods"
coverage.artifact_structural.scanned.1.start = 0
coverage.artifact_structural.skipped = []
coverage.artifact_structural.state = "complete_within_schema"
coverage.artifact_structural.uninterpreted_extensions = []
coverage.dynamic_analysis.scanned = []
coverage.dynamic_analysis.skipped = []
coverage.dynamic_analysis.state = "not_requested"
coverage.dynamic_analysis.uninterpreted_extensions = []
coverage.runtime_resolution.scanned = []
coverage.runtime_resolution.skipped = []
coverage.runtime_resolution.state = "not_requested"
coverage.runtime_resolution.uninterpreted_extensions = []
declaration.declaration = "@interface Defaults extends java.lang.annotation.Annotation"
declaration.item.binding.kind = "standalone_root"
declaration.item.declaration.access_flags = 9728
declaration.item.declaration.interfaces.0.escaped = "java/lang/annotation/Annotation"
declaration.item.declaration.interfaces.0.raw = [106,97,118,97,47,108,97,110,103,47,97,110,110,111,116,97,116,105,111,110,47,65,110,110,111,116,97,116,105,111,110]
declaration.item.declaration.interfaces.0.utf16 = [106,97,118,97,47,108,97,110,103,47,97,110,110,111,116,97,116,105,111,110,47,65,110,110,111,116,97,116,105,111,110]
declaration.item.declaration.super_class.escaped = "java/lang/Object"
declaration.item.declaration.super_class.raw = [106,97,118,97,47,108,97,110,103,47,79,98,106,101,99,116]
declaration.item.declaration.super_class.utf16 = [106,97,118,97,47,108,97,110,103,47,79,98,106,101,99,116]
declaration.item.declaration.this_class.escaped = "Defaults"
declaration.item.declaration.this_class.raw = [68,101,102,97,117,108,116,115]
declaration.item.declaration.this_class.utf16 = [68,101,102,97,117,108,116,115]
declaration.item.definition.class_bytes.digest = "653e95ad1d7a992348a8db06714389555ddabd8f218ffaea7d25395a37cf2caa"
declaration.item.definition.class_bytes.length = 684
declaration.item.definition.location.kind = "standalone_root"
declaration.item.definition.location.snapshot = "653e95ad1d7a992348a8db06714389555ddabd8f218ffaea7d25395a37cf2caa"
declaration.item.definition.variant.kind = "base"
declaration.item.member_table = null
declaration.name = "Defaults"
diagnostics = []
execution.status = "complete"
execution.usage.analysis_steps = 0
execution.usage.archive_entries = 0
execution.usage.attribute_bytes = 258
execution.usage.class_bytes = 684
execution.usage.class_headers = 1
execution.usage.code_bytes = 0
execution.usage.dependency_depth = 0
execution.usage.elapsed_millis = 0
execution.usage.entry_bytes = 0
execution.usage.input_bytes = 684
execution.usage.ir_edges = 0
execution.usage.ir_items = 0
execution.usage.method_bodies = 0
execution.usage.nested_depth = 0
execution.usage.normalization_clones = 0
execution.usage.output_bytes = 684
execution.usage.read_bytes = 684
execution.usage.result_items = 33
fields = []
limits.analysis_steps = 4194304
limits.archive_entries = 65536
limits.attribute_bytes = 67108864
limits.class_bytes = 67108864
limits.class_headers = 4096
limits.code_bytes = 16777216
limits.dependency_depth = 8
limits.elapsed_millis = 30000
limits.entry_bytes = 67108864
limits.input_bytes = 67108864
limits.ir_edges = 4194304
limits.ir_items = 4194304
limits.method_bodies = 4096
limits.nested_depth = 4
limits.normalization_clones = 1048576
limits.output_bytes = 16777216
limits.read_bytes = 67108864
limits.result_items = 65536
methods.0.declaration = "public abstract Inner nested()"
methods.0.item.access_flags = 1025
methods.0.item.body.kind = "no_code_attribute"
methods.0.item.descriptor.escaped = "()LInner;"
methods.0.item.descriptor.raw = [40,41,76,73,110,110,101,114,59]
methods.0.item.descriptor.utf16 = [40,41,76,73,110,110,101,114,59]
methods.0.item.identity.descriptor = [40,41,76,73,110,110,101,114,59]
methods.0.item.identity.name = [110,101,115,116,101,100]
methods.0.item.identity.owner.class_bytes.digest = "653e95ad1d7a992348a8db06714389555ddabd8f218ffaea7d25395a37cf2caa"
methods.0.item.identity.owner.class_bytes.length = 684
methods.0.item.identity.owner.location.kind = "standalone_root"
methods.0.item.identity.owner.location.snapshot = "653e95ad1d7a992348a8db06714389555ddabd8f218ffaea7d25395a37cf2caa"
methods.0.item.identity.owner.variant.kind = "base"
methods.0.item.index = 0
methods.0.item.name.escaped = "nested"
methods.0.item.name.raw = [110,101,115,116,101,100]
methods.0.item.name.utf16 = [110,101,115,116,101,100]
methods.0.markers = ["// jarde: no body: the member `nested()LInner;` is declared abstract and its declaration carries no Code attribute"]
methods.0.no_body_kind = "abstract"
methods.0.outcome.kind = "no_body"
methods.0.text = "    // jarde: no body: the member `nested()LInner;` is declared abstract and its declaration carries no Code attribute\n    public abstract Inner nested();\n"
methods.1.declaration = "public abstract Inner[] nestedArray()"
methods.1.item.access_flags = 1025
methods.1.item.body.kind = "no_code_attribute"
methods.1.item.descriptor.escaped = "()[LInner;"
methods.1.item.descriptor.raw = [40,41,91,76,73,110,110,101,114,59]
methods.1.item.descriptor.utf16 = [40,41,91,76,73,110,110,101,114,59]
methods.1.item.identity.descriptor = [40,41,91,76,73,110,110,101,114,59]
methods.1.item.identity.name = [110,101,115,116,101,100,65,114,114,97,121]
methods.1.item.identity.owner.class_bytes.digest = "653e95ad1d7a992348a8db06714389555ddabd8f218ffaea7d25395a37cf2caa"
methods.1.item.identity.owner.class_bytes.length = 684
methods.1.item.identity.owner.location.kind = "standalone_root"
methods.1.item.identity.owner.location.snapshot = "653e95ad1d7a992348a8db06714389555ddabd8f218ffaea7d25395a37cf2caa"
methods.1.item.identity.owner.variant.kind = "base"
methods.1.item.index = 1
methods.1.item.name.escaped = "nestedArray"
methods.1.item.name.raw = [110,101,115,116,101,100,65,114,114,97,121]
methods.1.item.name.utf16 = [110,101,115,116,101,100,65,114,114,97,121]
methods.1.markers = ["// jarde: no body: the member `nestedArray()[LInner;` is declared abstract and its declaration carries no Code attribute"]
methods.1.no_body_kind = "abstract"
methods.1.outcome.kind = "no_body"
methods.1.text = "    // jarde: no body: the member `nestedArray()[LInner;` is declared abstract and its declaration carries no Code attribute\n    public abstract Inner[] nestedArray();\n"
methods.2.declaration = "public abstract java.lang.Class klass() default java.lang.String[].class"
methods.2.item.access_flags = 1025
methods.2.item.body.kind = "no_code_attribute"
methods.2.item.descriptor.escaped = "()Ljava/lang/Class;"
methods.2.item.descriptor.raw = [40,41,76,106,97,118,97,47,108,97,110,103,47,67,108,97,115,115,59]
methods.2.item.descriptor.utf16 = [40,41,76,106,97,118,97,47,108,97,110,103,47,67,108,97,115,115,59]
methods.2.item.identity.descriptor = [40,41,76,106,97,118,97,47,108,97,110,103,47,67,108,97,115,115,59]
methods.2.item.identity.name = [107,108,97,115,115]
methods.2.item.identity.owner.class_bytes.digest = "653e95ad1d7a992348a8db06714389555ddabd8f218ffaea7d25395a37cf2caa"
methods.2.item.identity.owner.class_bytes.length = 684
methods.2.item.identity.owner.location.kind = "standalone_root"
methods.2.item.identity.owner.location.snapshot = "653e95ad1d7a992348a8db06714389555ddabd8f218ffaea7d25395a37cf2caa"
methods.2.item.identity.owner.variant.kind = "base"
methods.2.item.index = 2
methods.2.item.name.escaped = "klass"
methods.2.item.name.raw = [107,108,97,115,115]
methods.2.item.name.utf16 = [107,108,97,115,115]
methods.2.markers = ["// jarde: no body: the member `klass()Ljava/lang/Class;` is declared abstract and its declaration carries no Code attribute"]
methods.2.no_body_kind = "abstract"
methods.2.outcome.kind = "no_body"
methods.2.text = "    // jarde: no body: the member `klass()Ljava/lang/Class;` is declared abstract and its declaration carries no Code attribute\n    public abstract java.lang.Class klass() default java.lang.String[].class;\n"
methods.3.declaration = "public abstract Tone tone() default Tone.LOUD"
methods.3.item.access_flags = 1025
methods.3.item.body.kind = "no_code_attribute"
methods.3.item.descriptor.escaped = "()LTone;"
methods.3.item.descriptor.raw = [40,41,76,84,111,110,101,59]
methods.3.item.descriptor.utf16 = [40,41,76,84,111,110,101,59]
methods.3.item.identity.descriptor = [40,41,76,84,111,110,101,59]
methods.3.item.identity.name = [116,111,110,101]
methods.3.item.identity.owner.class_bytes.digest = "653e95ad1d7a992348a8db06714389555ddabd8f218ffaea7d25395a37cf2caa"
methods.3.item.identity.owner.class_bytes.length = 684
methods.3.item.identity.owner.location.kind = "standalone_root"
methods.3.item.identity.owner.location.snapshot = "653e95ad1d7a992348a8db06714389555ddabd8f218ffaea7d25395a37cf2caa"
methods.3.item.identity.owner.variant.kind = "base"
methods.3.item.index = 3
methods.3.item.name.escaped = "tone"
methods.3.item.name.raw = [116,111,110,101]
methods.3.item.name.utf16 = [116,111,110,101]
methods.3.markers = ["// jarde: no body: the member `tone()LTone;` is declared abstract and its declaration carries no Code attribute"]
methods.3.no_body_kind = "abstract"
methods.3.outcome.kind = "no_body"
methods.3.text = "    // jarde: no body: the member `tone()LTone;` is declared abstract and its declaration carries no Code attribute\n    public abstract Tone tone() default Tone.LOUD;\n"
methods.4.declaration = "public abstract int[] empty() default {}"
methods.4.item.access_flags = 1025
methods.4.item.body.kind = "no_code_attribute"
methods.4.item.descriptor.escaped = "()[I"
methods.4.item.descriptor.raw = [40,41,91,73]
methods.4.item.descriptor.utf16 = [40,41,91,73]
methods.4.item.identity.descriptor = [40,41,91,73]
methods.4.item.identity.name = [101,109,112,116,121]
methods.4.item.identity.owner.class_bytes.digest = "653e95ad1d7a992348a8db06714389555ddabd8f218ffaea7d25395a37cf2caa"
methods.4.item.identity.owner.class_bytes.length = 684
methods.4.item.identity.owner.location.kind = "standalone_root"
methods.4.item.identity.owner.location.snapshot = "653e95ad1d7a992348a8db06714389555ddabd8f218ffaea7d25395a37cf2caa"
methods.4.item.identity.owner.variant.kind = "base"
methods.4.item.index = 4
methods.4.item.name.escaped = "empty"
methods.4.item.name.raw = [101,109,112,116,121]
methods.4.item.name.utf16 = [101,109,112,116,121]
methods.4.markers = ["// jarde: no body: the member `empty()[I` is declared abstract and its declaration carries no Code attribute"]
methods.4.no_body_kind = "abstract"
methods.4.outcome.kind = "no_body"
methods.4.text = "    // jarde: no body: the member `empty()[I` is declared abstract and its declaration carries no Code attribute\n    public abstract int[] empty() default {};\n"
methods.5.declaration = "public abstract int[] numbers() default {3, 5}"
methods.5.item.access_flags = 1025
methods.5.item.body.kind = "no_code_attribute"
methods.5.item.descriptor.escaped = "()[I"
methods.5.item.descriptor.raw = [40,41,91,73]
methods.5.item.descriptor.utf16 = [40,41,91,73]
methods.5.item.identity.descriptor = [40,41,91,73]
methods.5.item.identity.name = [110,117,109,98,101,114,115]
methods.5.item.identity.owner.class_bytes.digest = "653e95ad1d7a992348a8db06714389555ddabd8f218ffaea7d25395a37cf2caa"
methods.5.item.identity.owner.class_bytes.length = 684
methods.5.item.identity.owner.location.kind = "standalone_root"
methods.5.item.identity.owner.location.snapshot = "653e95ad1d7a992348a8db06714389555ddabd8f218ffaea7d25395a37cf2caa"
methods.5.item.identity.owner.variant.kind = "base"
methods.5.item.index = 5
methods.5.item.name.escaped = "numbers"
methods.5.item.name.raw = [110,117,109,98,101,114,115]
methods.5.item.name.utf16 = [110,117,109,98,101,114,115]
methods.5.markers = ["// jarde: no body: the member `numbers()[I` is declared abstract and its declaration carries no Code attribute"]
methods.5.no_body_kind = "abstract"
methods.5.outcome.kind = "no_body"
methods.5.text = "    // jarde: no body: the member `numbers()[I` is declared abstract and its declaration carries no Code attribute\n    public abstract int[] numbers() default {3, 5};\n"
methods.6.declaration = "public abstract float negativeZeroFloat()"
methods.6.item.access_flags = 1025
methods.6.item.body.kind = "no_code_attribute"
methods.6.item.descriptor.escaped = "()F"
methods.6.item.descriptor.raw = [40,41,70]
methods.6.item.descriptor.utf16 = [40,41,70]
methods.6.item.identity.descriptor = [40,41,70]
methods.6.item.identity.name = [110,101,103,97,116,105,118,101,90,101,114,111,70,108,111,97,116]
methods.6.item.identity.owner.class_bytes.digest = "653e95ad1d7a992348a8db06714389555ddabd8f218ffaea7d25395a37cf2caa"
methods.6.item.identity.owner.class_bytes.length = 684
methods.6.item.identity.owner.location.kind = "standalone_root"
methods.6.item.identity.owner.location.snapshot = "653e95ad1d7a992348a8db06714389555ddabd8f218ffaea7d25395a37cf2caa"
methods.6.item.identity.owner.variant.kind = "base"
methods.6.item.index = 6
methods.6.item.name.escaped = "negativeZeroFloat"
methods.6.item.name.raw = [110,101,103,97,116,105,118,101,90,101,114,111,70,108,111,97,116]
methods.6.item.name.utf16 = [110,101,103,97,116,105,118,101,90,101,114,111,70,108,111,97,116]
methods.6.markers = ["// jarde: no body: the member `negativeZeroFloat()F` is declared abstract and its declaration carries no Code attribute"]
methods.6.no_body_kind = "abstract"
methods.6.outcome.kind = "no_body"
methods.6.text = "    // jarde: no body: the member `negativeZeroFloat()F` is declared abstract and its declaration carries no Code attribute\n    public abstract float negativeZeroFloat();\n"
methods.7.declaration = "public abstract double negativeZeroDouble()"
methods.7.item.access_flags = 1025
methods.7.item.body.kind = "no_code_attribute"
methods.7.item.descriptor.escaped = "()D"
methods.7.item.descriptor.raw = [40,41,68]
methods.7.item.descriptor.utf16 = [40,41,68]
methods.7.item.identity.descriptor = [40,41,68]
methods.7.item.identity.name = [110,101,103,97,116,105,118,101,90,101,114,111,68,111,117,98,108,101]
methods.7.item.identity.owner.class_bytes.digest = "653e95ad1d7a992348a8db06714389555ddabd8f218ffaea7d25395a37cf2caa"
methods.7.item.identity.owner.class_bytes.length = 684
methods.7.item.identity.owner.location.kind = "standalone_root"
methods.7.item.identity.owner.location.snapshot = "653e95ad1d7a992348a8db06714389555ddabd8f218ffaea7d25395a37cf2caa"
methods.7.item.identity.owner.variant.kind = "base"
methods.7.item.index = 7
methods.7.item.name.escaped = "negativeZeroDouble"
methods.7.item.name.raw = [110,101,103,97,116,105,118,101,90,101,114,111,68,111,117,98,108,101]
methods.7.item.name.utf16 = [110,101,103,97,116,105,118,101,90,101,114,111,68,111,117,98,108,101]
methods.7.markers = ["// jarde: no body: the member `negativeZeroDouble()D` is declared abstract and its declaration carries no Code attribute"]
methods.7.no_body_kind = "abstract"
methods.7.outcome.kind = "no_body"
methods.7.text = "    // jarde: no body: the member `negativeZeroDouble()D` is declared abstract and its declaration carries no Code attribute\n    public abstract double negativeZeroDouble();\n"
methods.8.declaration = "public abstract float positiveInfinity()"
methods.8.item.access_flags = 1025
methods.8.item.body.kind = "no_code_attribute"
methods.8.item.descriptor.escaped = "()F"
methods.8.item.descriptor.raw = [40,41,70]
methods.8.item.descriptor.utf16 = [40,41,70]
methods.8.item.identity.descriptor = [40,41,70]
methods.8.item.identity.name = [112,111,115,105,116,105,118,101,73,110,102,105,110,105,116,121]
methods.8.item.identity.owner.class_bytes.digest = "653e95ad1d7a992348a8db06714389555ddabd8f218ffaea7d25395a37cf2caa"
methods.8.item.identity.owner.class_bytes.length = 684
methods.8.item.identity.owner.location.kind = "standalone_root"
methods.8.item.identity.owner.location.snapshot = "653e95ad1d7a992348a8db06714389555ddabd8f218ffaea7d25395a37cf2caa"
methods.8.item.identity.owner.variant.kind = "base"
methods.8.item.index = 8
methods.8.item.name.escaped = "positiveInfinity"
methods.8.item.name.raw = [112,111,115,105,116,105,118,101,73,110,102,105,110,105,116,121]
methods.8.item.name.utf16 = [112,111,115,105,116,105,118,101,73,110,102,105,110,105,116,121]
methods.8.markers = ["// jarde: no body: the member `positiveInfinity()F` is declared abstract and its declaration carries no Code attribute"]
methods.8.no_body_kind = "abstract"
methods.8.outcome.kind = "no_body"
methods.8.text = "    // jarde: no body: the member `positiveInfinity()F` is declared abstract and its declaration carries no Code attribute\n    public abstract float positiveInfinity();\n"
methods.9.declaration = "public abstract double notANumber()"
methods.9.item.access_flags = 1025
methods.9.item.body.kind = "no_code_attribute"
methods.9.item.descriptor.escaped = "()D"
methods.9.item.descriptor.raw = [40,41,68]
methods.9.item.descriptor.utf16 = [40,41,68]
methods.9.item.identity.descriptor = [40,41,68]
methods.9.item.identity.name = [110,111,116,65,78,117,109,98,101,114]
methods.9.item.identity.owner.class_bytes.digest = "653e95ad1d7a992348a8db06714389555ddabd8f218ffaea7d25395a37cf2caa"
methods.9.item.identity.owner.class_bytes.length = 684
methods.9.item.identity.owner.location.kind = "standalone_root"
methods.9.item.identity.owner.location.snapshot = "653e95ad1d7a992348a8db06714389555ddabd8f218ffaea7d25395a37cf2caa"
methods.9.item.identity.owner.variant.kind = "base"
methods.9.item.index = 9
methods.9.item.name.escaped = "notANumber"
methods.9.item.name.raw = [110,111,116,65,78,117,109,98,101,114]
methods.9.item.name.utf16 = [110,111,116,65,78,117,109,98,101,114]
methods.9.markers = ["// jarde: no body: the member `notANumber()D` is declared abstract and its declaration carries no Code attribute"]
methods.9.no_body_kind = "abstract"
methods.9.outcome.kind = "no_body"
methods.9.text = "    // jarde: no body: the member `notANumber()D` is declared abstract and its declaration carries no Code attribute\n    public abstract double notANumber();\n"
outcome = "performed"
stages = ["raw_facts","raw_cfg","legacy_normalization","canonical_cfg","frame","ssa"]
usage.analysis_steps = 0
usage.archive_entries = 0
usage.attribute_bytes = 258
usage.class_bytes = 684
usage.class_headers = 1
usage.code_bytes = 0
usage.dependency_depth = 0
usage.elapsed_millis = 0
usage.entry_bytes = 0
usage.input_bytes = 684
usage.ir_edges = 0
usage.ir_items = 0
usage.method_bodies = 0
usage.nested_depth = 0
usage.normalization_clones = 0
usage.output_bytes = 684
usage.read_bytes = 684
usage.result_items = 33
view.scope.kind = "snapshot_all"
view.snapshot = "653e95ad1d7a992348a8db06714389555ddabd8f218ffaea7d25395a37cf2caa"
