// jarde: presentation of `Tone` from the class file's own declaration and one recovery run per member.
// jarde: not a compilable project: no imports and no resources are claimed (the `package` line is the class file's own name, not a claim about a directory); every place this text is not a full recovery carries a marker of this prefix.
enum Tone {
    public static final Tone SOFT;

    public static final Tone LOUD;

    private static final Tone[] $VALUES;

    public static Tone[] values() {
        // @method values()[LTone;
        // @declaration a static method of `Tone`, member flags 0x0009
        // recovered from bytecode; presentation is not claimed to compile
        return (Tone[]) Tone.$VALUES.clone();
    }

    public static Tone valueOf(java.lang.String arg0) {
        // @method valueOf(Ljava/lang/String;)LTone;
        // @declaration a static method of `Tone`, member flags 0x0009
        // recovered from bytecode; presentation is not claimed to compile
        return (Tone) java.lang.Enum.valueOf(Tone.class, arg0);
    }

    private Tone(java.lang.String arg1, int arg2) {
        // @method <init>(Ljava/lang/String;I)V
        // @declaration a constructor of `Tone`, member flags 0x0002
        // recovered from bytecode; presentation is not claimed to compile
        super(arg1, arg2);
        return;
    }

    private static Tone[] $values() {
        // jarde: not recovered: the recovery run for `$values()[LTone;` produced no statement (explanation only); the artifact's own comment lines are below
        // @method $values()[LTone;
        // @declaration a static method of `Tone`, member flags 0x100a
        // recovered from bytecode; presentation is not claimed to compile
        // @bytecode 1
        // the array instruction at BCI 1 produces a value nothing in this body reads, so the instruction the bytecode runs has no place in the text
        // @bytecode 4 1
        // the instruction at BCI 4 belongs to no shape this run verified: an allocation, a copy or a cast is presented only where a rule proved what it builds
        // @bytecode 9 1 6
        // the value at BCI 9 comes from an Duplicate at BCI 4, which produces no expression this subset writes
        // @bytecode 10 1
        // the instruction at BCI 10 belongs to no shape this run verified: an allocation, a copy or a cast is presented only where a rule proved what it builds
        // @bytecode 15 1 12
        // the value at BCI 15 comes from an Duplicate at BCI 10, which produces no expression this subset writes
        // @bytecode 16 1
        // the value at BCI 16 comes from an Duplicate at BCI 10, which produces no expression this subset writes
    }

    static {
        // @method <clinit>()V
        // @declaration a static initializer of `Tone`, member flags 0x0008
        // recovered from bytecode; presentation is not claimed to compile
        Tone.SOFT = new Tone("SOFT", 0);
        Tone.LOUD = new Tone("LOUD", 1);
        Tone.$VALUES = $values();
    }
}
class.class_bytes.digest = "38a71b35f4aad2bbfdb6f484cb3f3e3803711f0dabd2639bf000cd190840b9d6"
class.class_bytes.length = 727
class.location.kind = "standalone_root"
class.location.snapshot = "38a71b35f4aad2bbfdb6f484cb3f3e3803711f0dabd2639bf000cd190840b9d6"
class.variant.kind = "base"
coverage.artifact_structural.scanned.0.end = 1
coverage.artifact_structural.scanned.0.label = "navigation_candidates"
coverage.artifact_structural.scanned.0.start = 0
coverage.artifact_structural.scanned.1.end = 3
coverage.artifact_structural.scanned.1.label = "class_fields"
coverage.artifact_structural.scanned.1.start = 0
coverage.artifact_structural.scanned.2.end = 5
coverage.artifact_structural.scanned.2.label = "class_methods"
coverage.artifact_structural.scanned.2.start = 0
coverage.artifact_structural.scanned.3.end = 5
coverage.artifact_structural.scanned.3.label = "class_source_bodies"
coverage.artifact_structural.scanned.3.start = 0
coverage.artifact_structural.skipped = []
coverage.artifact_structural.state = "complete_within_schema"
coverage.artifact_structural.uninterpreted_extensions = []
coverage.dynamic_analysis.scanned = []
coverage.dynamic_analysis.skipped = []
coverage.dynamic_analysis.state = "not_requested"
coverage.dynamic_analysis.uninterpreted_extensions = []
coverage.runtime_resolution.scanned = []
coverage.runtime_resolution.skipped = []
coverage.runtime_resolution.state = "not_requested"
coverage.runtime_resolution.uninterpreted_extensions = []
declaration.declaration = "enum Tone"
declaration.item.binding.kind = "standalone_root"
declaration.item.declaration.access_flags = 16432
declaration.item.declaration.interfaces = []
declaration.item.declaration.super_class.escaped = "java/lang/Enum"
declaration.item.declaration.super_class.raw = [106,97,118,97,47,108,97,110,103,47,69,110,117,109]
declaration.item.declaration.super_class.utf16 = [106,97,118,97,47,108,97,110,103,47,69,110,117,109]
declaration.item.declaration.this_class.escaped = "Tone"
declaration.item.declaration.this_class.raw = [84,111,110,101]
declaration.item.declaration.this_class.utf16 = [84,111,110,101]
declaration.item.definition.class_bytes.digest = "38a71b35f4aad2bbfdb6f484cb3f3e3803711f0dabd2639bf000cd190840b9d6"
declaration.item.definition.class_bytes.length = 727
declaration.item.definition.location.kind = "standalone_root"
declaration.item.definition.location.snapshot = "38a71b35f4aad2bbfdb6f484cb3f3e3803711f0dabd2639bf000cd190840b9d6"
declaration.item.definition.variant.kind = "base"
declaration.item.member_table = null
declaration.name = "Tone"
diagnostics = []
execution.status = "complete"
execution.usage.analysis_steps = 247
execution.usage.archive_entries = 0
execution.usage.attribute_bytes = 577
execution.usage.class_bytes = 1454
execution.usage.class_headers = 1
execution.usage.code_bytes = 77
execution.usage.dependency_depth = 0
execution.usage.elapsed_millis = 2
execution.usage.entry_bytes = 0
execution.usage.input_bytes = 727
execution.usage.ir_edges = 35
execution.usage.ir_items = 707
execution.usage.method_bodies = 5
execution.usage.nested_depth = 0
execution.usage.normalization_clones = 0
execution.usage.output_bytes = 2722
execution.usage.read_bytes = 727
execution.usage.result_items = 25
fields.0.declaration = "public static final Tone SOFT"
fields.0.item.access_flags = 16409
fields.0.item.descriptor.escaped = "LTone;"
fields.0.item.descriptor.raw = [76,84,111,110,101,59]
fields.0.item.descriptor.utf16 = [76,84,111,110,101,59]
fields.0.item.identity.member.descriptor = [76,84,111,110,101,59]
fields.0.item.identity.member.kind = "field"
fields.0.item.identity.member.name = [83,79,70,84]
fields.0.item.identity.owner.class_bytes.digest = "38a71b35f4aad2bbfdb6f484cb3f3e3803711f0dabd2639bf000cd190840b9d6"
fields.0.item.identity.owner.class_bytes.length = 727
fields.0.item.identity.owner.location.kind = "standalone_root"
fields.0.item.identity.owner.location.snapshot = "38a71b35f4aad2bbfdb6f484cb3f3e3803711f0dabd2639bf000cd190840b9d6"
fields.0.item.identity.owner.variant.kind = "base"
fields.0.item.index = 0
fields.0.item.name.escaped = "SOFT"
fields.0.item.name.raw = [83,79,70,84]
fields.0.item.name.utf16 = [83,79,70,84]
fields.0.markers = []
fields.1.declaration = "public static final Tone LOUD"
fields.1.item.access_flags = 16409
fields.1.item.descriptor.escaped = "LTone;"
fields.1.item.descriptor.raw = [76,84,111,110,101,59]
fields.1.item.descriptor.utf16 = [76,84,111,110,101,59]
fields.1.item.identity.member.descriptor = [76,84,111,110,101,59]
fields.1.item.identity.member.kind = "field"
fields.1.item.identity.member.name = [76,79,85,68]
fields.1.item.identity.owner.class_bytes.digest = "38a71b35f4aad2bbfdb6f484cb3f3e3803711f0dabd2639bf000cd190840b9d6"
fields.1.item.identity.owner.class_bytes.length = 727
fields.1.item.identity.owner.location.kind = "standalone_root"
fields.1.item.identity.owner.location.snapshot = "38a71b35f4aad2bbfdb6f484cb3f3e3803711f0dabd2639bf000cd190840b9d6"
fields.1.item.identity.owner.variant.kind = "base"
fields.1.item.index = 1
fields.1.item.name.escaped = "LOUD"
fields.1.item.name.raw = [76,79,85,68]
fields.1.item.name.utf16 = [76,79,85,68]
fields.1.markers = []
fields.2.declaration = "private static final Tone[] $VALUES"
fields.2.item.access_flags = 4122
fields.2.item.descriptor.escaped = "[LTone;"
fields.2.item.descriptor.raw = [91,76,84,111,110,101,59]
fields.2.item.descriptor.utf16 = [91,76,84,111,110,101,59]
fields.2.item.identity.member.descriptor = [91,76,84,111,110,101,59]
fields.2.item.identity.member.kind = "field"
fields.2.item.identity.member.name = [36,86,65,76,85,69,83]
fields.2.item.identity.owner.class_bytes.digest = "38a71b35f4aad2bbfdb6f484cb3f3e3803711f0dabd2639bf000cd190840b9d6"
fields.2.item.identity.owner.class_bytes.length = 727
fields.2.item.identity.owner.location.kind = "standalone_root"
fields.2.item.identity.owner.location.snapshot = "38a71b35f4aad2bbfdb6f484cb3f3e3803711f0dabd2639bf000cd190840b9d6"
fields.2.item.identity.owner.variant.kind = "base"
fields.2.item.index = 2
fields.2.item.name.escaped = "$VALUES"
fields.2.item.name.raw = [36,86,65,76,85,69,83]
fields.2.item.name.utf16 = [36,86,65,76,85,69,83]
fields.2.markers = []
limits.analysis_steps = 4194304
limits.archive_entries = 65536
limits.attribute_bytes = 67108864
limits.class_bytes = 67108864
limits.class_headers = 4096
limits.code_bytes = 16777216
limits.dependency_depth = 8
limits.elapsed_millis = 30000
limits.entry_bytes = 67108864
limits.input_bytes = 67108864
limits.ir_edges = 4194304
limits.ir_items = 4194304
limits.method_bodies = 4096
limits.nested_depth = 4
limits.normalization_clones = 1048576
limits.output_bytes = 16777216
limits.read_bytes = 67108864
limits.result_items = 65536
methods.0.declaration = "public static Tone[] values()"
methods.0.item.access_flags = 9
methods.0.item.body.content_span.length = 22
methods.0.item.body.content_span.start = 490
methods.0.item.body.kind = "code_attribute"
methods.0.item.descriptor.escaped = "()[LTone;"
methods.0.item.descriptor.raw = [40,41,91,76,84,111,110,101,59]
methods.0.item.descriptor.utf16 = [40,41,91,76,84,111,110,101,59]
methods.0.item.identity.descriptor = [40,41,91,76,84,111,110,101,59]
methods.0.item.identity.name = [118,97,108,117,101,115]
methods.0.item.identity.owner.class_bytes.digest = "38a71b35f4aad2bbfdb6f484cb3f3e3803711f0dabd2639bf000cd190840b9d6"
methods.0.item.identity.owner.class_bytes.length = 727
methods.0.item.identity.owner.location.kind = "standalone_root"
methods.0.item.identity.owner.location.snapshot = "38a71b35f4aad2bbfdb6f484cb3f3e3803711f0dabd2639bf000cd190840b9d6"
methods.0.item.identity.owner.variant.kind = "base"
methods.0.item.index = 0
methods.0.item.name.escaped = "values"
methods.0.item.name.raw = [118,97,108,117,101,115]
methods.0.item.name.utf16 = [118,97,108,117,101,115]
methods.0.markers = []
methods.0.no_body_kind = null
methods.0.outcome.analysis.diagnostics = 0
methods.0.outcome.analysis.execution.status = "complete"
methods.0.outcome.analysis.execution.usage.analysis_steps = 27
methods.0.outcome.analysis.execution.usage.archive_entries = 0
methods.0.outcome.analysis.execution.usage.attribute_bytes = 438
methods.0.outcome.analysis.execution.usage.class_bytes = 1454
methods.0.outcome.analysis.execution.usage.class_headers = 1
methods.0.outcome.analysis.execution.usage.code_bytes = 10
methods.0.outcome.analysis.execution.usage.dependency_depth = 0
methods.0.outcome.analysis.execution.usage.elapsed_millis = 0
methods.0.outcome.analysis.execution.usage.entry_bytes = 0
methods.0.outcome.analysis.execution.usage.input_bytes = 727
methods.0.outcome.analysis.execution.usage.ir_edges = 3
methods.0.outcome.analysis.execution.usage.ir_items = 53
methods.0.outcome.analysis.execution.usage.method_bodies = 1
methods.0.outcome.analysis.execution.usage.nested_depth = 0
methods.0.outcome.analysis.execution.usage.normalization_clones = 0
methods.0.outcome.analysis.execution.usage.output_bytes = 727
methods.0.outcome.analysis.execution.usage.read_bytes = 727
methods.0.outcome.analysis.execution.usage.result_items = 20
methods.0.outcome.kind = "recovered"
methods.0.outcome.report.accessors = []
methods.0.outcome.report.aliased_names = []
methods.0.outcome.report.artifact.agreement.state = "not_stated"
methods.0.outcome.report.artifact.binding.engine = "0.1.0"
methods.0.outcome.report.artifact.binding.environment.content = ["38a71b35f4aad2bbfdb6f484cb3f3e3803711f0dabd2639bf000cd190840b9d6"]
methods.0.outcome.report.artifact.binding.environment.domain_loaders = ["app"]
methods.0.outcome.report.artifact.binding.environment.providers = []
methods.0.outcome.report.artifact.binding.environment.runtime.load_domain.delegation.kind = "parent_first"
methods.0.outcome.report.artifact.binding.environment.runtime.load_domain.external_override = "none"
methods.0.outcome.report.artifact.binding.environment.runtime.load_domain.loader = "app"
methods.0.outcome.report.artifact.binding.environment.runtime.load_domain.module_mode.kind = "class_path"
methods.0.outcome.report.artifact.binding.environment.runtime.load_domain.parent_loader = null
methods.0.outcome.report.artifact.binding.environment.runtime.load_domain.roots.0.kind = "standalone_class"
methods.0.outcome.report.artifact.binding.environment.runtime.load_domain.roots.0.snapshot = "38a71b35f4aad2bbfdb6f484cb3f3e3803711f0dabd2639bf000cd190840b9d6"
methods.0.outcome.report.artifact.binding.environment.runtime.load_domain.runtime_transformation = "none"
methods.0.outcome.report.artifact.binding.environment.runtime.physical.scope.kind = "snapshot_all"
methods.0.outcome.report.artifact.binding.environment.runtime.physical.snapshot = "38a71b35f4aad2bbfdb6f484cb3f3e3803711f0dabd2639bf000cd190840b9d6"
methods.0.outcome.report.artifact.binding.environment.runtime.profile.java_release = 8
methods.0.outcome.report.artifact.binding.environment.runtime.profile.layout.kind = "generic"
methods.0.outcome.report.artifact.binding.environment.runtime.profile.multi_release.kind = "disabled"
methods.0.outcome.report.artifact.binding.member_ordinal = 0
methods.0.outcome.report.artifact.binding.method.descriptor = [40,41,91,76,84,111,110,101,59]
methods.0.outcome.report.artifact.binding.method.name = [118,97,108,117,101,115]
methods.0.outcome.report.artifact.binding.method.owner.class_bytes.digest = "38a71b35f4aad2bbfdb6f484cb3f3e3803711f0dabd2639bf000cd190840b9d6"
methods.0.outcome.report.artifact.binding.method.owner.class_bytes.length = 727
methods.0.outcome.report.artifact.binding.method.owner.location.kind = "standalone_root"
methods.0.outcome.report.artifact.binding.method.owner.location.snapshot = "38a71b35f4aad2bbfdb6f484cb3f3e3803711f0dabd2639bf000cd190840b9d6"
methods.0.outcome.report.artifact.binding.method.owner.variant.kind = "base"
methods.0.outcome.report.artifact.binding.profile.java_release = 8
methods.0.outcome.report.artifact.binding.profile.layout.kind = "generic"
methods.0.outcome.report.artifact.binding.profile.multi_release.kind = "disabled"
methods.0.outcome.report.artifact.binding.registry = 71
methods.0.outcome.report.artifact.binding.rules = ["straight@1","if@1","loop@1","switch@1","lambda@1","concat@1","bridge@1","accessor@1","new@1","field@1","enumswitch@1","init@1","declaration@1","twr@1","monitor@1"]
methods.0.outcome.report.artifact.binding.schema = 1
methods.0.outcome.report.artifact.binding.text_bytes = 203
methods.0.outcome.report.artifact.binding.text_digest = "39859636cfea8dff87b9e3eb9b959f47"
methods.0.outcome.report.bridges = []
methods.0.outcome.report.compile_status = "not_attempted"
methods.0.outcome.report.concats = []
methods.0.outcome.report.content = "contains_statements"
methods.0.outcome.report.declaration = null
methods.0.outcome.report.diagnostics.0.code = "jre_recovery_produced"
methods.0.outcome.report.diagnostics.0.message = "1 region(s), 1 statement(s), 5 segment(s), 203 byte(s) written from 1 canonical block(s)"
methods.0.outcome.report.diagnostics.0.provenance = null
methods.0.outcome.report.diagnostics.0.severity = "info"
methods.0.outcome.report.diagnostics.1.code = "jre_field_accesses"
methods.0.outcome.report.diagnostics.1.message = "1 field instruction(s) read under field@1: 1 presented, 0 refused"
methods.0.outcome.report.diagnostics.1.provenance = null
methods.0.outcome.report.diagnostics.1.severity = "info"
methods.0.outcome.report.diagnostics.2.code = "jre_declaration"
methods.0.outcome.report.diagnostics.2.message = "the artifact's envelope states the member's declaration under declaration@1: a static method"
methods.0.outcome.report.diagnostics.2.provenance = null
methods.0.outcome.report.diagnostics.2.severity = "info"
methods.0.outcome.report.enum_switches = []
methods.0.outcome.report.evidence.categories.0.kind = "source_map"
methods.0.outcome.report.evidence.categories.0.state.state = "not_requested"
methods.0.outcome.report.evidence.categories.1.kind = "region_details"
methods.0.outcome.report.evidence.categories.1.state.state = "not_requested"
methods.0.outcome.report.evidence.categories.2.kind = "rule_details"
methods.0.outcome.report.evidence.categories.2.state.state = "not_requested"
methods.0.outcome.report.evidence.categories.3.kind = "name_details"
methods.0.outcome.report.evidence.categories.3.state.state = "not_requested"
methods.0.outcome.report.evidence.categories.4.kind = "read_details"
methods.0.outcome.report.evidence.categories.4.state.state = "not_requested"
methods.0.outcome.report.evidence.requested.driver_bci_range = null
methods.0.outcome.report.evidence.requested.expected_artifact = null
methods.0.outcome.report.evidence.requested.kinds = []
methods.0.outcome.report.execution.status = "complete"
methods.0.outcome.report.execution.usage.analysis_steps = 32
methods.0.outcome.report.execution.usage.archive_entries = 0
methods.0.outcome.report.execution.usage.attribute_bytes = 438
methods.0.outcome.report.execution.usage.class_bytes = 1454
methods.0.outcome.report.execution.usage.class_headers = 1
methods.0.outcome.report.execution.usage.code_bytes = 10
methods.0.outcome.report.execution.usage.dependency_depth = 0
methods.0.outcome.report.execution.usage.elapsed_millis = 1
methods.0.outcome.report.execution.usage.entry_bytes = 0
methods.0.outcome.report.execution.usage.input_bytes = 727
methods.0.outcome.report.execution.usage.ir_edges = 3
methods.0.outcome.report.execution.usage.ir_items = 83
methods.0.outcome.report.execution.usage.method_bodies = 1
methods.0.outcome.report.execution.usage.nested_depth = 0
methods.0.outcome.report.execution.usage.normalization_clones = 0
methods.0.outcome.report.execution.usage.output_bytes = 930
methods.0.outcome.report.execution.usage.read_bytes = 727
methods.0.outcome.report.execution.usage.result_items = 20
methods.0.outcome.report.fallbacks = []
methods.0.outcome.report.fields = []
methods.0.outcome.report.init = null
methods.0.outcome.report.lambdas = []
methods.0.outcome.report.method = "values()[LTone;"
methods.0.outcome.report.news = []
methods.0.outcome.report.outcome = "produced"
methods.0.outcome.report.profile.java_release = 8
methods.0.outcome.report.profile.layout.kind = "generic"
methods.0.outcome.report.profile.multi_release.kind = "disabled"
methods.0.outcome.report.quality = "structured"
methods.0.outcome.report.regions = []
methods.0.outcome.report.representation = "java"
methods.0.outcome.report.rules = []
methods.0.outcome.report.semantic_validation = "unproven"
methods.0.outcome.report.source_map.segments = []
methods.0.outcome.report.syntax_status = "unchecked"
methods.0.outcome.report.text = "// @method values()[LTone;\n// @declaration a static method of `Tone`, member flags 0x0009\n// recovered from bytecode; presentation is not claimed to compile\n{\n    return (Tone[]) Tone.$VALUES.clone();\n}\n"
methods.0.outcome.report.verification = "not_performed"
methods.0.text = "    public static Tone[] values() {\n        // @method values()[LTone;\n        // @declaration a static method of `Tone`, member flags 0x0009\n        // recovered from bytecode; presentation is not claimed to compile\n        return (Tone[]) Tone.$VALUES.clone();\n    }\n"
methods.1.declaration = "public static Tone valueOf(java.lang.String arg0)"
methods.1.item.access_flags = 9
methods.1.item.body.content_span.length = 22
methods.1.item.body.content_span.start = 526
methods.1.item.body.kind = "code_attribute"
methods.1.item.descriptor.escaped = "(Ljava/lang/String;)LTone;"
methods.1.item.descriptor.raw = [40,76,106,97,118,97,47,108,97,110,103,47,83,116,114,105,110,103,59,41,76,84,111,110,101,59]
methods.1.item.descriptor.utf16 = [40,76,106,97,118,97,47,108,97,110,103,47,83,116,114,105,110,103,59,41,76,84,111,110,101,59]
methods.1.item.identity.descriptor = [40,76,106,97,118,97,47,108,97,110,103,47,83,116,114,105,110,103,59,41,76,84,111,110,101,59]
methods.1.item.identity.name = [118,97,108,117,101,79,102]
methods.1.item.identity.owner.class_bytes.digest = "38a71b35f4aad2bbfdb6f484cb3f3e3803711f0dabd2639bf000cd190840b9d6"
methods.1.item.identity.owner.class_bytes.length = 727
methods.1.item.identity.owner.location.kind = "standalone_root"
methods.1.item.identity.owner.location.snapshot = "38a71b35f4aad2bbfdb6f484cb3f3e3803711f0dabd2639bf000cd190840b9d6"
methods.1.item.identity.owner.variant.kind = "base"
methods.1.item.index = 1
methods.1.item.name.escaped = "valueOf"
methods.1.item.name.raw = [118,97,108,117,101,79,102]
methods.1.item.name.utf16 = [118,97,108,117,101,79,102]
methods.1.markers = []
methods.1.no_body_kind = null
methods.1.outcome.analysis.diagnostics = 0
methods.1.outcome.analysis.execution.status = "complete"
methods.1.outcome.analysis.execution.usage.analysis_steps = 63
methods.1.outcome.analysis.execution.usage.archive_entries = 0
methods.1.outcome.analysis.execution.usage.attribute_bytes = 466
methods.1.outcome.analysis.execution.usage.class_bytes = 1454
methods.1.outcome.analysis.execution.usage.class_headers = 1
methods.1.outcome.analysis.execution.usage.code_bytes = 20
methods.1.outcome.analysis.execution.usage.dependency_depth = 0
methods.1.outcome.analysis.execution.usage.elapsed_millis = 1
methods.1.outcome.analysis.execution.usage.entry_bytes = 0
methods.1.outcome.analysis.execution.usage.input_bytes = 727
methods.1.outcome.analysis.execution.usage.ir_edges = 8
methods.1.outcome.analysis.execution.usage.ir_items = 162
methods.1.outcome.analysis.execution.usage.method_bodies = 2
methods.1.outcome.analysis.execution.usage.nested_depth = 0
methods.1.outcome.analysis.execution.usage.normalization_clones = 0
methods.1.outcome.analysis.execution.usage.output_bytes = 930
methods.1.outcome.analysis.execution.usage.read_bytes = 727
methods.1.outcome.analysis.execution.usage.result_items = 21
methods.1.outcome.kind = "recovered"
methods.1.outcome.report.accessors = []
methods.1.outcome.report.aliased_names = []
methods.1.outcome.report.artifact.agreement.state = "not_stated"
methods.1.outcome.report.artifact.binding.engine = "0.1.0"
methods.1.outcome.report.artifact.binding.environment.content = ["38a71b35f4aad2bbfdb6f484cb3f3e3803711f0dabd2639bf000cd190840b9d6"]
methods.1.outcome.report.artifact.binding.environment.domain_loaders = ["app"]
methods.1.outcome.report.artifact.binding.environment.providers = []
methods.1.outcome.report.artifact.binding.environment.runtime.load_domain.delegation.kind = "parent_first"
methods.1.outcome.report.artifact.binding.environment.runtime.load_domain.external_override = "none"
methods.1.outcome.report.artifact.binding.environment.runtime.load_domain.loader = "app"
methods.1.outcome.report.artifact.binding.environment.runtime.load_domain.module_mode.kind = "class_path"
methods.1.outcome.report.artifact.binding.environment.runtime.load_domain.parent_loader = null
methods.1.outcome.report.artifact.binding.environment.runtime.load_domain.roots.0.kind = "standalone_class"
methods.1.outcome.report.artifact.binding.environment.runtime.load_domain.roots.0.snapshot = "38a71b35f4aad2bbfdb6f484cb3f3e3803711f0dabd2639bf000cd190840b9d6"
methods.1.outcome.report.artifact.binding.environment.runtime.load_domain.runtime_transformation = "none"
methods.1.outcome.report.artifact.binding.environment.runtime.physical.scope.kind = "snapshot_all"
methods.1.outcome.report.artifact.binding.environment.runtime.physical.snapshot = "38a71b35f4aad2bbfdb6f484cb3f3e3803711f0dabd2639bf000cd190840b9d6"
methods.1.outcome.report.artifact.binding.environment.runtime.profile.java_release = 8
methods.1.outcome.report.artifact.binding.environment.runtime.profile.layout.kind = "generic"
methods.1.outcome.report.artifact.binding.environment.runtime.profile.multi_release.kind = "disabled"
methods.1.outcome.report.artifact.binding.member_ordinal = 1
methods.1.outcome.report.artifact.binding.method.descriptor = [40,76,106,97,118,97,47,108,97,110,103,47,83,116,114,105,110,103,59,41,76,84,111,110,101,59]
methods.1.outcome.report.artifact.binding.method.name = [118,97,108,117,101,79,102]
methods.1.outcome.report.artifact.binding.method.owner.class_bytes.digest = "38a71b35f4aad2bbfdb6f484cb3f3e3803711f0dabd2639bf000cd190840b9d6"
methods.1.outcome.report.artifact.binding.method.owner.class_bytes.length = 727
methods.1.outcome.report.artifact.binding.method.owner.location.kind = "standalone_root"
methods.1.outcome.report.artifact.binding.method.owner.location.snapshot = "38a71b35f4aad2bbfdb6f484cb3f3e3803711f0dabd2639bf000cd190840b9d6"
methods.1.outcome.report.artifact.binding.method.owner.variant.kind = "base"
methods.1.outcome.report.artifact.binding.profile.java_release = 8
methods.1.outcome.report.artifact.binding.profile.layout.kind = "generic"
methods.1.outcome.report.artifact.binding.profile.multi_release.kind = "disabled"
methods.1.outcome.report.artifact.binding.registry = 71
methods.1.outcome.report.artifact.binding.rules = ["straight@1","if@1","loop@1","switch@1","lambda@1","concat@1","bridge@1","accessor@1","new@1","field@1","enumswitch@1","init@1","declaration@1","twr@1","monitor@1"]
methods.1.outcome.report.artifact.binding.schema = 1
methods.1.outcome.report.artifact.binding.text_bytes = 239
methods.1.outcome.report.artifact.binding.text_digest = "f69dd58c947a4b2a5124b667c77613c6"
methods.1.outcome.report.bridges = []
methods.1.outcome.report.compile_status = "not_attempted"
methods.1.outcome.report.concats = []
methods.1.outcome.report.content = "contains_statements"
methods.1.outcome.report.declaration = null
methods.1.outcome.report.diagnostics.0.code = "jre_recovery_produced"
methods.1.outcome.report.diagnostics.0.message = "1 region(s), 1 statement(s), 6 segment(s), 239 byte(s) written from 1 canonical block(s)"
methods.1.outcome.report.diagnostics.0.provenance = null
methods.1.outcome.report.diagnostics.0.severity = "info"
methods.1.outcome.report.diagnostics.1.code = "jre_declaration"
methods.1.outcome.report.diagnostics.1.message = "the artifact's envelope states the member's declaration under declaration@1: a static method"
methods.1.outcome.report.diagnostics.1.provenance = null
methods.1.outcome.report.diagnostics.1.severity = "info"
methods.1.outcome.report.enum_switches = []
methods.1.outcome.report.evidence.categories.0.kind = "source_map"
methods.1.outcome.report.evidence.categories.0.state.state = "not_requested"
methods.1.outcome.report.evidence.categories.1.kind = "region_details"
methods.1.outcome.report.evidence.categories.1.state.state = "not_requested"
methods.1.outcome.report.evidence.categories.2.kind = "rule_details"
methods.1.outcome.report.evidence.categories.2.state.state = "not_requested"
methods.1.outcome.report.evidence.categories.3.kind = "name_details"
methods.1.outcome.report.evidence.categories.3.state.state = "not_requested"
methods.1.outcome.report.evidence.categories.4.kind = "read_details"
methods.1.outcome.report.evidence.categories.4.state.state = "not_requested"
methods.1.outcome.report.evidence.requested.driver_bci_range = null
methods.1.outcome.report.evidence.requested.expected_artifact = null
methods.1.outcome.report.evidence.requested.kinds = []
methods.1.outcome.report.execution.status = "complete"
methods.1.outcome.report.execution.usage.analysis_steps = 68
methods.1.outcome.report.execution.usage.archive_entries = 0
methods.1.outcome.report.execution.usage.attribute_bytes = 466
methods.1.outcome.report.execution.usage.class_bytes = 1454
methods.1.outcome.report.execution.usage.class_headers = 1
methods.1.outcome.report.execution.usage.code_bytes = 20
methods.1.outcome.report.execution.usage.dependency_depth = 0
methods.1.outcome.report.execution.usage.elapsed_millis = 1
methods.1.outcome.report.execution.usage.entry_bytes = 0
methods.1.outcome.report.execution.usage.input_bytes = 727
methods.1.outcome.report.execution.usage.ir_edges = 8
methods.1.outcome.report.execution.usage.ir_items = 188
methods.1.outcome.report.execution.usage.method_bodies = 2
methods.1.outcome.report.execution.usage.nested_depth = 0
methods.1.outcome.report.execution.usage.normalization_clones = 0
methods.1.outcome.report.execution.usage.output_bytes = 1169
methods.1.outcome.report.execution.usage.read_bytes = 727
methods.1.outcome.report.execution.usage.result_items = 21
methods.1.outcome.report.fallbacks = []
methods.1.outcome.report.fields = []
methods.1.outcome.report.init = null
methods.1.outcome.report.lambdas = []
methods.1.outcome.report.method = "valueOf(Ljava/lang/String;)LTone;"
methods.1.outcome.report.news = []
methods.1.outcome.report.outcome = "produced"
methods.1.outcome.report.profile.java_release = 8
methods.1.outcome.report.profile.layout.kind = "generic"
methods.1.outcome.report.profile.multi_release.kind = "disabled"
methods.1.outcome.report.quality = "structured"
methods.1.outcome.report.regions = []
methods.1.outcome.report.representation = "java"
methods.1.outcome.report.rules = []
methods.1.outcome.report.semantic_validation = "unproven"
methods.1.outcome.report.source_map.segments = []
methods.1.outcome.report.syntax_status = "unchecked"
methods.1.outcome.report.text = "// @method valueOf(Ljava/lang/String;)LTone;\n// @declaration a static method of `Tone`, member flags 0x0009\n// recovered from bytecode; presentation is not claimed to compile\n{\n    return (Tone) java.lang.Enum.valueOf(Tone.class, arg0);\n}\n"
methods.1.outcome.report.verification = "not_performed"
methods.1.text = "    public static Tone valueOf(java.lang.String arg0) {\n        // @method valueOf(Ljava/lang/String;)LTone;\n        // @declaration a static method of `Tone`, member flags 0x0009\n        // recovered from bytecode; presentation is not claimed to compile\n        return (Tone) java.lang.Enum.valueOf(Tone.class, arg0);\n    }\n"
methods.2.declaration = "private Tone(java.lang.String arg1, int arg2)"
methods.2.item.access_flags = 2
methods.2.item.body.content_span.length = 19
methods.2.item.body.content_span.start = 573
methods.2.item.body.kind = "code_attribute"
methods.2.item.descriptor.escaped = "(Ljava/lang/String;I)V"
methods.2.item.descriptor.raw = [40,76,106,97,118,97,47,108,97,110,103,47,83,116,114,105,110,103,59,73,41,86]
methods.2.item.descriptor.utf16 = [40,76,106,97,118,97,47,108,97,110,103,47,83,116,114,105,110,103,59,73,41,86]
methods.2.item.identity.descriptor = [40,76,106,97,118,97,47,108,97,110,103,47,83,116,114,105,110,103,59,73,41,86]
methods.2.item.identity.name = [60,105,110,105,116,62]
methods.2.item.identity.owner.class_bytes.digest = "38a71b35f4aad2bbfdb6f484cb3f3e3803711f0dabd2639bf000cd190840b9d6"
methods.2.item.identity.owner.class_bytes.length = 727
methods.2.item.identity.owner.location.kind = "standalone_root"
methods.2.item.identity.owner.location.snapshot = "38a71b35f4aad2bbfdb6f484cb3f3e3803711f0dabd2639bf000cd190840b9d6"
methods.2.item.identity.owner.variant.kind = "base"
methods.2.item.index = 2
methods.2.item.name.escaped = "<init>"
methods.2.item.name.raw = [60,105,110,105,116,62]
methods.2.item.name.utf16 = [60,105,110,105,116,62]
methods.2.markers = []
methods.2.no_body_kind = null
methods.2.outcome.analysis.diagnostics = 0
methods.2.outcome.analysis.execution.status = "complete"
methods.2.outcome.analysis.execution.usage.analysis_steps = 97
methods.2.outcome.analysis.execution.usage.archive_entries = 0
methods.2.outcome.analysis.execution.usage.attribute_bytes = 491
methods.2.outcome.analysis.execution.usage.class_bytes = 1454
methods.2.outcome.analysis.execution.usage.class_headers = 1
methods.2.outcome.analysis.execution.usage.code_bytes = 27
methods.2.outcome.analysis.execution.usage.dependency_depth = 0
methods.2.outcome.analysis.execution.usage.elapsed_millis = 1
methods.2.outcome.analysis.execution.usage.entry_bytes = 0
methods.2.outcome.analysis.execution.usage.input_bytes = 727
methods.2.outcome.analysis.execution.usage.ir_edges = 14
methods.2.outcome.analysis.execution.usage.ir_items = 286
methods.2.outcome.analysis.execution.usage.method_bodies = 3
methods.2.outcome.analysis.execution.usage.nested_depth = 0
methods.2.outcome.analysis.execution.usage.normalization_clones = 0
methods.2.outcome.analysis.execution.usage.output_bytes = 1169
methods.2.outcome.analysis.execution.usage.read_bytes = 727
methods.2.outcome.analysis.execution.usage.result_items = 22
methods.2.outcome.kind = "recovered"
methods.2.outcome.report.accessors = []
methods.2.outcome.report.aliased_names = []
methods.2.outcome.report.artifact.agreement.state = "not_stated"
methods.2.outcome.report.artifact.binding.engine = "0.1.0"
methods.2.outcome.report.artifact.binding.environment.content = ["38a71b35f4aad2bbfdb6f484cb3f3e3803711f0dabd2639bf000cd190840b9d6"]
methods.2.outcome.report.artifact.binding.environment.domain_loaders = ["app"]
methods.2.outcome.report.artifact.binding.environment.providers = []
methods.2.outcome.report.artifact.binding.environment.runtime.load_domain.delegation.kind = "parent_first"
methods.2.outcome.report.artifact.binding.environment.runtime.load_domain.external_override = "none"
methods.2.outcome.report.artifact.binding.environment.runtime.load_domain.loader = "app"
methods.2.outcome.report.artifact.binding.environment.runtime.load_domain.module_mode.kind = "class_path"
methods.2.outcome.report.artifact.binding.environment.runtime.load_domain.parent_loader = null
methods.2.outcome.report.artifact.binding.environment.runtime.load_domain.roots.0.kind = "standalone_class"
methods.2.outcome.report.artifact.binding.environment.runtime.load_domain.roots.0.snapshot = "38a71b35f4aad2bbfdb6f484cb3f3e3803711f0dabd2639bf000cd190840b9d6"
methods.2.outcome.report.artifact.binding.environment.runtime.load_domain.runtime_transformation = "none"
methods.2.outcome.report.artifact.binding.environment.runtime.physical.scope.kind = "snapshot_all"
methods.2.outcome.report.artifact.binding.environment.runtime.physical.snapshot = "38a71b35f4aad2bbfdb6f484cb3f3e3803711f0dabd2639bf000cd190840b9d6"
methods.2.outcome.report.artifact.binding.environment.runtime.profile.java_release = 8
methods.2.outcome.report.artifact.binding.environment.runtime.profile.layout.kind = "generic"
methods.2.outcome.report.artifact.binding.environment.runtime.profile.multi_release.kind = "disabled"
methods.2.outcome.report.artifact.binding.member_ordinal = 2
methods.2.outcome.report.artifact.binding.method.descriptor = [40,76,106,97,118,97,47,108,97,110,103,47,83,116,114,105,110,103,59,73,41,86]
methods.2.outcome.report.artifact.binding.method.name = [60,105,110,105,116,62]
methods.2.outcome.report.artifact.binding.method.owner.class_bytes.digest = "38a71b35f4aad2bbfdb6f484cb3f3e3803711f0dabd2639bf000cd190840b9d6"
methods.2.outcome.report.artifact.binding.method.owner.class_bytes.length = 727
methods.2.outcome.report.artifact.binding.method.owner.location.kind = "standalone_root"
methods.2.outcome.report.artifact.binding.method.owner.location.snapshot = "38a71b35f4aad2bbfdb6f484cb3f3e3803711f0dabd2639bf000cd190840b9d6"
methods.2.outcome.report.artifact.binding.method.owner.variant.kind = "base"
methods.2.outcome.report.artifact.binding.profile.java_release = 8
methods.2.outcome.report.artifact.binding.profile.layout.kind = "generic"
methods.2.outcome.report.artifact.binding.profile.multi_release.kind = "disabled"
methods.2.outcome.report.artifact.binding.registry = 71
methods.2.outcome.report.artifact.binding.rules = ["straight@1","if@1","loop@1","switch@1","lambda@1","concat@1","bridge@1","accessor@1","new@1","field@1","enumswitch@1","init@1","declaration@1","twr@1","monitor@1"]
methods.2.outcome.report.artifact.binding.schema = 1
methods.2.outcome.report.artifact.binding.text_bytes = 207
methods.2.outcome.report.artifact.binding.text_digest = "90369658179def74287ce27d41068593"
methods.2.outcome.report.bridges = []
methods.2.outcome.report.compile_status = "not_attempted"
methods.2.outcome.report.concats = []
methods.2.outcome.report.content = "contains_statements"
methods.2.outcome.report.declaration = null
methods.2.outcome.report.diagnostics.0.code = "jre_recovery_produced"
methods.2.outcome.report.diagnostics.0.message = "1 region(s), 2 statement(s), 4 segment(s), 207 byte(s) written from 1 canonical block(s)"
methods.2.outcome.report.diagnostics.0.provenance = null
methods.2.outcome.report.diagnostics.0.severity = "info"
methods.2.outcome.report.diagnostics.1.code = "jre_constructor_prologue"
methods.2.outcome.report.diagnostics.1.message = "the body is an instance initializer and its prologue is written under init@1 as `super`: the call at BCI 3 names `java/lang/Enum`, and the class that declares this constructor is `Tone`"
methods.2.outcome.report.diagnostics.1.provenance = null
methods.2.outcome.report.diagnostics.1.severity = "info"
methods.2.outcome.report.diagnostics.2.code = "jre_declaration"
methods.2.outcome.report.diagnostics.2.message = "the artifact's envelope states the member's declaration under declaration@1: a constructor"
methods.2.outcome.report.diagnostics.2.provenance = null
methods.2.outcome.report.diagnostics.2.severity = "info"
methods.2.outcome.report.enum_switches = []
methods.2.outcome.report.evidence.categories.0.kind = "source_map"
methods.2.outcome.report.evidence.categories.0.state.state = "not_requested"
methods.2.outcome.report.evidence.categories.1.kind = "region_details"
methods.2.outcome.report.evidence.categories.1.state.state = "not_requested"
methods.2.outcome.report.evidence.categories.2.kind = "rule_details"
methods.2.outcome.report.evidence.categories.2.state.state = "not_requested"
methods.2.outcome.report.evidence.categories.3.kind = "name_details"
methods.2.outcome.report.evidence.categories.3.state.state = "not_requested"
methods.2.outcome.report.evidence.categories.4.kind = "read_details"
methods.2.outcome.report.evidence.categories.4.state.state = "not_requested"
methods.2.outcome.report.evidence.requested.driver_bci_range = null
methods.2.outcome.report.evidence.requested.expected_artifact = null
methods.2.outcome.report.evidence.requested.kinds = []
methods.2.outcome.report.execution.status = "complete"
methods.2.outcome.report.execution.usage.analysis_steps = 102
methods.2.outcome.report.execution.usage.archive_entries = 0
methods.2.outcome.report.execution.usage.attribute_bytes = 491
methods.2.outcome.report.execution.usage.class_bytes = 1454
methods.2.outcome.report.execution.usage.class_headers = 1
methods.2.outcome.report.execution.usage.code_bytes = 27
methods.2.outcome.report.execution.usage.dependency_depth = 0
methods.2.outcome.report.execution.usage.elapsed_millis = 1
methods.2.outcome.report.execution.usage.entry_bytes = 0
methods.2.outcome.report.execution.usage.input_bytes = 727
methods.2.outcome.report.execution.usage.ir_edges = 14
methods.2.outcome.report.execution.usage.ir_items = 296
methods.2.outcome.report.execution.usage.method_bodies = 3
methods.2.outcome.report.execution.usage.nested_depth = 0
methods.2.outcome.report.execution.usage.normalization_clones = 0
methods.2.outcome.report.execution.usage.output_bytes = 1376
methods.2.outcome.report.execution.usage.read_bytes = 727
methods.2.outcome.report.execution.usage.result_items = 22
methods.2.outcome.report.fallbacks = []
methods.2.outcome.report.fields = []
methods.2.outcome.report.init = null
methods.2.outcome.report.lambdas = []
methods.2.outcome.report.method = "<init>(Ljava/lang/String;I)V"
methods.2.outcome.report.news = []
methods.2.outcome.report.outcome = "produced"
methods.2.outcome.report.profile.java_release = 8
methods.2.outcome.report.profile.layout.kind = "generic"
methods.2.outcome.report.profile.multi_release.kind = "disabled"
methods.2.outcome.report.quality = "structured"
methods.2.outcome.report.regions = []
methods.2.outcome.report.representation = "java"
methods.2.outcome.report.rules = []
methods.2.outcome.report.semantic_validation = "unproven"
methods.2.outcome.report.source_map.segments = []
methods.2.outcome.report.syntax_status = "unchecked"
methods.2.outcome.report.text = "// @method <init>(Ljava/lang/String;I)V\n// @declaration a constructor of `Tone`, member flags 0x0002\n// recovered from bytecode; presentation is not claimed to compile\n{\n    super(arg1, arg2);\n    return;\n}\n"
methods.2.outcome.report.verification = "not_performed"
methods.2.text = "    private Tone(java.lang.String arg1, int arg2) {\n        // @method <init>(Ljava/lang/String;I)V\n        // @declaration a constructor of `Tone`, member flags 0x0002\n        // recovered from bytecode; presentation is not claimed to compile\n        super(arg1, arg2);\n        return;\n    }\n"
methods.3.declaration = "private static Tone[] $values()"
methods.3.item.access_flags = 4106
methods.3.item.body.content_span.length = 29
methods.3.item.body.content_span.start = 629
methods.3.item.body.kind = "code_attribute"
methods.3.item.descriptor.escaped = "()[LTone;"
methods.3.item.descriptor.raw = [40,41,91,76,84,111,110,101,59]
methods.3.item.descriptor.utf16 = [40,41,91,76,84,111,110,101,59]
methods.3.item.identity.descriptor = [40,41,91,76,84,111,110,101,59]
methods.3.item.identity.name = [36,118,97,108,117,101,115]
methods.3.item.identity.owner.class_bytes.digest = "38a71b35f4aad2bbfdb6f484cb3f3e3803711f0dabd2639bf000cd190840b9d6"
methods.3.item.identity.owner.class_bytes.length = 727
methods.3.item.identity.owner.location.kind = "standalone_root"
methods.3.item.identity.owner.location.snapshot = "38a71b35f4aad2bbfdb6f484cb3f3e3803711f0dabd2639bf000cd190840b9d6"
methods.3.item.identity.owner.variant.kind = "base"
methods.3.item.index = 3
methods.3.item.name.escaped = "$values"
methods.3.item.name.raw = [36,118,97,108,117,101,115]
methods.3.item.name.utf16 = [36,118,97,108,117,101,115]
methods.3.markers = ["// jarde: not recovered: the recovery run for `$values()[LTone;` produced no statement (explanation only); the artifact's own comment lines are below"]
methods.3.no_body_kind = null
methods.3.outcome.analysis.diagnostics = 0
methods.3.outcome.analysis.execution.status = "complete"
methods.3.outcome.analysis.execution.usage.analysis_steps = 159
methods.3.outcome.analysis.execution.usage.archive_entries = 0
methods.3.outcome.analysis.execution.usage.attribute_bytes = 526
methods.3.outcome.analysis.execution.usage.class_bytes = 1454
methods.3.outcome.analysis.execution.usage.class_headers = 1
methods.3.outcome.analysis.execution.usage.code_bytes = 44
methods.3.outcome.analysis.execution.usage.dependency_depth = 0
methods.3.outcome.analysis.execution.usage.elapsed_millis = 1
methods.3.outcome.analysis.execution.usage.entry_bytes = 0
methods.3.outcome.analysis.execution.usage.input_bytes = 727
methods.3.outcome.analysis.execution.usage.ir_edges = 24
methods.3.outcome.analysis.execution.usage.ir_items = 437
methods.3.outcome.analysis.execution.usage.method_bodies = 4
methods.3.outcome.analysis.execution.usage.nested_depth = 0
methods.3.outcome.analysis.execution.usage.normalization_clones = 0
methods.3.outcome.analysis.execution.usage.output_bytes = 1376
methods.3.outcome.analysis.execution.usage.read_bytes = 727
methods.3.outcome.analysis.execution.usage.result_items = 23
methods.3.outcome.kind = "recovered"
methods.3.outcome.report.accessors = []
methods.3.outcome.report.aliased_names = []
methods.3.outcome.report.artifact.agreement.state = "not_stated"
methods.3.outcome.report.artifact.binding.engine = "0.1.0"
methods.3.outcome.report.artifact.binding.environment.content = ["38a71b35f4aad2bbfdb6f484cb3f3e3803711f0dabd2639bf000cd190840b9d6"]
methods.3.outcome.report.artifact.binding.environment.domain_loaders = ["app"]
methods.3.outcome.report.artifact.binding.environment.providers = []
methods.3.outcome.report.artifact.binding.environment.runtime.load_domain.delegation.kind = "parent_first"
methods.3.outcome.report.artifact.binding.environment.runtime.load_domain.external_override = "none"
methods.3.outcome.report.artifact.binding.environment.runtime.load_domain.loader = "app"
methods.3.outcome.report.artifact.binding.environment.runtime.load_domain.module_mode.kind = "class_path"
methods.3.outcome.report.artifact.binding.environment.runtime.load_domain.parent_loader = null
methods.3.outcome.report.artifact.binding.environment.runtime.load_domain.roots.0.kind = "standalone_class"
methods.3.outcome.report.artifact.binding.environment.runtime.load_domain.roots.0.snapshot = "38a71b35f4aad2bbfdb6f484cb3f3e3803711f0dabd2639bf000cd190840b9d6"
methods.3.outcome.report.artifact.binding.environment.runtime.load_domain.runtime_transformation = "none"
methods.3.outcome.report.artifact.binding.environment.runtime.physical.scope.kind = "snapshot_all"
methods.3.outcome.report.artifact.binding.environment.runtime.physical.snapshot = "38a71b35f4aad2bbfdb6f484cb3f3e3803711f0dabd2639bf000cd190840b9d6"
methods.3.outcome.report.artifact.binding.environment.runtime.profile.java_release = 8
methods.3.outcome.report.artifact.binding.environment.runtime.profile.layout.kind = "generic"
methods.3.outcome.report.artifact.binding.environment.runtime.profile.multi_release.kind = "disabled"
methods.3.outcome.report.artifact.binding.member_ordinal = 3
methods.3.outcome.report.artifact.binding.method.descriptor = [40,41,91,76,84,111,110,101,59]
methods.3.outcome.report.artifact.binding.method.name = [36,118,97,108,117,101,115]
methods.3.outcome.report.artifact.binding.method.owner.class_bytes.digest = "38a71b35f4aad2bbfdb6f484cb3f3e3803711f0dabd2639bf000cd190840b9d6"
methods.3.outcome.report.artifact.binding.method.owner.class_bytes.length = 727
methods.3.outcome.report.artifact.binding.method.owner.location.kind = "standalone_root"
methods.3.outcome.report.artifact.binding.method.owner.location.snapshot = "38a71b35f4aad2bbfdb6f484cb3f3e3803711f0dabd2639bf000cd190840b9d6"
methods.3.outcome.report.artifact.binding.method.owner.variant.kind = "base"
methods.3.outcome.report.artifact.binding.profile.java_release = 8
methods.3.outcome.report.artifact.binding.profile.layout.kind = "generic"
methods.3.outcome.report.artifact.binding.profile.multi_release.kind = "disabled"
methods.3.outcome.report.artifact.binding.registry = 71
methods.3.outcome.report.artifact.binding.rules = ["straight@1","if@1","loop@1","switch@1","lambda@1","concat@1","bridge@1","accessor@1","new@1","field@1","enumswitch@1","init@1","declaration@1","twr@1","monitor@1"]
methods.3.outcome.report.artifact.binding.schema = 1
methods.3.outcome.report.artifact.binding.text_bytes = 1080
methods.3.outcome.report.artifact.binding.text_digest = "d53deb5938a0a0f39c1585011024d285"
methods.3.outcome.report.bridges = []
methods.3.outcome.report.compile_status = "not_attempted"
methods.3.outcome.report.concats = []
methods.3.outcome.report.content = "explanation_only"
methods.3.outcome.report.declaration = null
methods.3.outcome.report.diagnostics.0.code = "jre_recovery_produced"
methods.3.outcome.report.diagnostics.0.message = "1 region(s), 6 statement(s), 6 segment(s), 1080 byte(s) written from 1 canonical block(s)"
methods.3.outcome.report.diagnostics.0.provenance = null
methods.3.outcome.report.diagnostics.0.severity = "info"
methods.3.outcome.report.diagnostics.1.code = "jre_field_accesses"
methods.3.outcome.report.diagnostics.1.message = "2 field instruction(s) read under field@1: 2 presented, 0 refused"
methods.3.outcome.report.diagnostics.1.provenance = null
methods.3.outcome.report.diagnostics.1.severity = "info"
methods.3.outcome.report.diagnostics.2.code = "jre_declaration"
methods.3.outcome.report.diagnostics.2.message = "the artifact's envelope states the member's declaration under declaration@1: a static method"
methods.3.outcome.report.diagnostics.2.provenance = null
methods.3.outcome.report.diagnostics.2.severity = "info"
methods.3.outcome.report.enum_switches = []
methods.3.outcome.report.evidence.categories.0.kind = "source_map"
methods.3.outcome.report.evidence.categories.0.state.state = "not_requested"
methods.3.outcome.report.evidence.categories.1.kind = "region_details"
methods.3.outcome.report.evidence.categories.1.state.state = "not_requested"
methods.3.outcome.report.evidence.categories.2.kind = "rule_details"
methods.3.outcome.report.evidence.categories.2.state.state = "not_requested"
methods.3.outcome.report.evidence.categories.3.kind = "name_details"
methods.3.outcome.report.evidence.categories.3.state.state = "not_requested"
methods.3.outcome.report.evidence.categories.4.kind = "read_details"
methods.3.outcome.report.evidence.categories.4.state.state = "not_requested"
methods.3.outcome.report.evidence.requested.driver_bci_range = null
methods.3.outcome.report.evidence.requested.expected_artifact = null
methods.3.outcome.report.evidence.requested.kinds = []
methods.3.outcome.report.execution.status = "complete"
methods.3.outcome.report.execution.usage.analysis_steps = 164
methods.3.outcome.report.execution.usage.archive_entries = 0
methods.3.outcome.report.execution.usage.attribute_bytes = 526
methods.3.outcome.report.execution.usage.class_bytes = 1454
methods.3.outcome.report.execution.usage.class_headers = 1
methods.3.outcome.report.execution.usage.code_bytes = 44
methods.3.outcome.report.execution.usage.dependency_depth = 0
methods.3.outcome.report.execution.usage.elapsed_millis = 2
methods.3.outcome.report.execution.usage.entry_bytes = 0
methods.3.outcome.report.execution.usage.input_bytes = 727
methods.3.outcome.report.execution.usage.ir_edges = 24
methods.3.outcome.report.execution.usage.ir_items = 476
methods.3.outcome.report.execution.usage.method_bodies = 4
methods.3.outcome.report.execution.usage.nested_depth = 0
methods.3.outcome.report.execution.usage.normalization_clones = 0
methods.3.outcome.report.execution.usage.output_bytes = 2456
methods.3.outcome.report.execution.usage.read_bytes = 727
methods.3.outcome.report.execution.usage.result_items = 23
methods.3.outcome.report.fallbacks = []
methods.3.outcome.report.fields = []
methods.3.outcome.report.init = null
methods.3.outcome.report.lambdas = []
methods.3.outcome.report.method = "$values()[LTone;"
methods.3.outcome.report.news = []
methods.3.outcome.report.outcome = "produced"
methods.3.outcome.report.profile.java_release = 8
methods.3.outcome.report.profile.layout.kind = "generic"
methods.3.outcome.report.profile.multi_release.kind = "disabled"
methods.3.outcome.report.quality = "fallback"
methods.3.outcome.report.regions = []
methods.3.outcome.report.representation = "mixed"
methods.3.outcome.report.rules = []
methods.3.outcome.report.semantic_validation = "unproven"
methods.3.outcome.report.source_map.segments = []
methods.3.outcome.report.syntax_status = "not_java"
methods.3.outcome.report.text = "// @method $values()[LTone;\n// @declaration a static method of `Tone`, member flags 0x100a\n// recovered from bytecode; presentation is not claimed to compile\n{\n    // @bytecode 1\n    // the array instruction at BCI 1 produces a value nothing in this body reads, so the instruction the bytecode runs has no place in the text\n    // @bytecode 4 1\n    // the instruction at BCI 4 belongs to no shape this run verified: an allocation, a copy or a cast is presented only where a rule proved what it builds\n    // @bytecode 9 1 6\n    // the value at BCI 9 comes from an Duplicate at BCI 4, which produces no expression this subset writes\n    // @bytecode 10 1\n    // the instruction at BCI 10 belongs to no shape this run verified: an allocation, a copy or a cast is presented only where a rule proved what it builds\n    // @bytecode 15 1 12\n    // the value at BCI 15 comes from an Duplicate at BCI 10, which produces no expression this subset writes\n    // @bytecode 16 1\n    // the value at BCI 16 comes from an Duplicate at BCI 10, which produces no expression this subset writes\n}\n"
methods.3.outcome.report.verification = "not_performed"
methods.3.text = "    private static Tone[] $values() {\n        // jarde: not recovered: the recovery run for `$values()[LTone;` produced no statement (explanation only); the artifact's own comment lines are below\n        // @method $values()[LTone;\n        // @declaration a static method of `Tone`, member flags 0x100a\n        // recovered from bytecode; presentation is not claimed to compile\n        // @bytecode 1\n        // the array instruction at BCI 1 produces a value nothing in this body reads, so the instruction the bytecode runs has no place in the text\n        // @bytecode 4 1\n        // the instruction at BCI 4 belongs to no shape this run verified: an allocation, a copy or a cast is presented only where a rule proved what it builds\n        // @bytecode 9 1 6\n        // the value at BCI 9 comes from an Duplicate at BCI 4, which produces no expression this subset writes\n        // @bytecode 10 1\n        // the instruction at BCI 10 belongs to no shape this run verified: an allocation, a copy or a cast is presented only where a rule proved what it builds\n        // @bytecode 15 1 12\n        // the value at BCI 15 comes from an Duplicate at BCI 10, which produces no expression this subset writes\n        // @bytecode 16 1\n        // the value at BCI 16 comes from an Duplicate at BCI 10, which produces no expression this subset writes\n    }\n"
methods.4.declaration = "static"
methods.4.item.access_flags = 8
methods.4.item.body.content_span.length = 45
methods.4.item.body.content_span.start = 672
methods.4.item.body.kind = "code_attribute"
methods.4.item.descriptor.escaped = "()V"
methods.4.item.descriptor.raw = [40,41,86]
methods.4.item.descriptor.utf16 = [40,41,86]
methods.4.item.identity.descriptor = [40,41,86]
methods.4.item.identity.name = [60,99,108,105,110,105,116,62]
methods.4.item.identity.owner.class_bytes.digest = "38a71b35f4aad2bbfdb6f484cb3f3e3803711f0dabd2639bf000cd190840b9d6"
methods.4.item.identity.owner.class_bytes.length = 727
methods.4.item.identity.owner.location.kind = "standalone_root"
methods.4.item.identity.owner.location.snapshot = "38a71b35f4aad2bbfdb6f484cb3f3e3803711f0dabd2639bf000cd190840b9d6"
methods.4.item.identity.owner.variant.kind = "base"
methods.4.item.index = 4
methods.4.item.name.escaped = "<clinit>"
methods.4.item.name.raw = [60,99,108,105,110,105,116,62]
methods.4.item.name.utf16 = [60,99,108,105,110,105,116,62]
methods.4.markers = []
methods.4.no_body_kind = null
methods.4.outcome.analysis.diagnostics = 0
methods.4.outcome.analysis.execution.status = "complete"
methods.4.outcome.analysis.execution.usage.analysis_steps = 242
methods.4.outcome.analysis.execution.usage.archive_entries = 0
methods.4.outcome.analysis.execution.usage.attribute_bytes = 577
methods.4.outcome.analysis.execution.usage.class_bytes = 1454
methods.4.outcome.analysis.execution.usage.class_headers = 1
methods.4.outcome.analysis.execution.usage.code_bytes = 77
methods.4.outcome.analysis.execution.usage.dependency_depth = 0
methods.4.outcome.analysis.execution.usage.elapsed_millis = 2
methods.4.outcome.analysis.execution.usage.entry_bytes = 0
methods.4.outcome.analysis.execution.usage.input_bytes = 727
methods.4.outcome.analysis.execution.usage.ir_edges = 35
methods.4.outcome.analysis.execution.usage.ir_items = 661
methods.4.outcome.analysis.execution.usage.method_bodies = 5
methods.4.outcome.analysis.execution.usage.nested_depth = 0
methods.4.outcome.analysis.execution.usage.normalization_clones = 0
methods.4.outcome.analysis.execution.usage.output_bytes = 2456
methods.4.outcome.analysis.execution.usage.read_bytes = 727
methods.4.outcome.analysis.execution.usage.result_items = 24
methods.4.outcome.kind = "recovered"
methods.4.outcome.report.accessors = []
methods.4.outcome.report.aliased_names = []
methods.4.outcome.report.artifact.agreement.state = "not_stated"
methods.4.outcome.report.artifact.binding.engine = "0.1.0"
methods.4.outcome.report.artifact.binding.environment.content = ["38a71b35f4aad2bbfdb6f484cb3f3e3803711f0dabd2639bf000cd190840b9d6"]
methods.4.outcome.report.artifact.binding.environment.domain_loaders = ["app"]
methods.4.outcome.report.artifact.binding.environment.providers = []
methods.4.outcome.report.artifact.binding.environment.runtime.load_domain.delegation.kind = "parent_first"
methods.4.outcome.report.artifact.binding.environment.runtime.load_domain.external_override = "none"
methods.4.outcome.report.artifact.binding.environment.runtime.load_domain.loader = "app"
methods.4.outcome.report.artifact.binding.environment.runtime.load_domain.module_mode.kind = "class_path"
methods.4.outcome.report.artifact.binding.environment.runtime.load_domain.parent_loader = null
methods.4.outcome.report.artifact.binding.environment.runtime.load_domain.roots.0.kind = "standalone_class"
methods.4.outcome.report.artifact.binding.environment.runtime.load_domain.roots.0.snapshot = "38a71b35f4aad2bbfdb6f484cb3f3e3803711f0dabd2639bf000cd190840b9d6"
methods.4.outcome.report.artifact.binding.environment.runtime.load_domain.runtime_transformation = "none"
methods.4.outcome.report.artifact.binding.environment.runtime.physical.scope.kind = "snapshot_all"
methods.4.outcome.report.artifact.binding.environment.runtime.physical.snapshot = "38a71b35f4aad2bbfdb6f484cb3f3e3803711f0dabd2639bf000cd190840b9d6"
methods.4.outcome.report.artifact.binding.environment.runtime.profile.java_release = 8
methods.4.outcome.report.artifact.binding.environment.runtime.profile.layout.kind = "generic"
methods.4.outcome.report.artifact.binding.environment.runtime.profile.multi_release.kind = "disabled"
methods.4.outcome.report.artifact.binding.member_ordinal = 4
methods.4.outcome.report.artifact.binding.method.descriptor = [40,41,86]
methods.4.outcome.report.artifact.binding.method.name = [60,99,108,105,110,105,116,62]
methods.4.outcome.report.artifact.binding.method.owner.class_bytes.digest = "38a71b35f4aad2bbfdb6f484cb3f3e3803711f0dabd2639bf000cd190840b9d6"
methods.4.outcome.report.artifact.binding.method.owner.class_bytes.length = 727
methods.4.outcome.report.artifact.binding.method.owner.location.kind = "standalone_root"
methods.4.outcome.report.artifact.binding.method.owner.location.snapshot = "38a71b35f4aad2bbfdb6f484cb3f3e3803711f0dabd2639bf000cd190840b9d6"
methods.4.outcome.report.artifact.binding.method.owner.variant.kind = "base"
methods.4.outcome.report.artifact.binding.profile.java_release = 8
methods.4.outcome.report.artifact.binding.profile.layout.kind = "generic"
methods.4.outcome.report.artifact.binding.profile.multi_release.kind = "disabled"
methods.4.outcome.report.artifact.binding.registry = 71
methods.4.outcome.report.artifact.binding.rules = ["straight@1","if@1","loop@1","switch@1","lambda@1","concat@1","bridge@1","accessor@1","new@1","field@1","enumswitch@1","init@1","declaration@1","twr@1","monitor@1"]
methods.4.outcome.report.artifact.binding.schema = 1
methods.4.outcome.report.artifact.binding.text_bytes = 266
methods.4.outcome.report.artifact.binding.text_digest = "fd1bc71d796a962848d719da302c41fa"
methods.4.outcome.report.bridges = []
methods.4.outcome.report.compile_status = "not_attempted"
methods.4.outcome.report.concats = []
methods.4.outcome.report.content = "contains_statements"
methods.4.outcome.report.declaration = null
methods.4.outcome.report.diagnostics.0.code = "jre_recovery_produced"
methods.4.outcome.report.diagnostics.0.message = "1 region(s), 4 statement(s), 14 segment(s), 266 byte(s) written from 1 canonical block(s)"
methods.4.outcome.report.diagnostics.0.provenance = null
methods.4.outcome.report.diagnostics.0.severity = "info"
methods.4.outcome.report.diagnostics.1.code = "jre_new_sites"
methods.4.outcome.report.diagnostics.1.message = "2 construction candidate(s) read under new@1: 2 presented as `new`, 0 refused"
methods.4.outcome.report.diagnostics.1.provenance = null
methods.4.outcome.report.diagnostics.1.severity = "info"
methods.4.outcome.report.diagnostics.2.code = "jre_field_accesses"
methods.4.outcome.report.diagnostics.2.message = "3 field instruction(s) read under field@1: 3 presented, 0 refused"
methods.4.outcome.report.diagnostics.2.provenance = null
methods.4.outcome.report.diagnostics.2.severity = "info"
methods.4.outcome.report.diagnostics.3.code = "jre_declaration"
methods.4.outcome.report.diagnostics.3.message = "the artifact's envelope states the member's declaration under declaration@1: a static initializer"
methods.4.outcome.report.diagnostics.3.provenance = null
methods.4.outcome.report.diagnostics.3.severity = "info"
methods.4.outcome.report.enum_switches = []
methods.4.outcome.report.evidence.categories.0.kind = "source_map"
methods.4.outcome.report.evidence.categories.0.state.state = "not_requested"
methods.4.outcome.report.evidence.categories.1.kind = "region_details"
methods.4.outcome.report.evidence.categories.1.state.state = "not_requested"
methods.4.outcome.report.evidence.categories.2.kind = "rule_details"
methods.4.outcome.report.evidence.categories.2.state.state = "not_requested"
methods.4.outcome.report.evidence.categories.3.kind = "name_details"
methods.4.outcome.report.evidence.categories.3.state.state = "not_requested"
methods.4.outcome.report.evidence.categories.4.kind = "read_details"
methods.4.outcome.report.evidence.categories.4.state.state = "not_requested"
methods.4.outcome.report.evidence.requested.driver_bci_range = null
methods.4.outcome.report.evidence.requested.expected_artifact = null
methods.4.outcome.report.evidence.requested.kinds = []
methods.4.outcome.report.execution.status = "complete"
methods.4.outcome.report.execution.usage.analysis_steps = 247
methods.4.outcome.report.execution.usage.archive_entries = 0
methods.4.outcome.report.execution.usage.attribute_bytes = 577
methods.4.outcome.report.execution.usage.class_bytes = 1454
methods.4.outcome.report.execution.usage.class_headers = 1
methods.4.outcome.report.execution.usage.code_bytes = 77
methods.4.outcome.report.execution.usage.dependency_depth = 0
methods.4.outcome.report.execution.usage.elapsed_millis = 2
methods.4.outcome.report.execution.usage.entry_bytes = 0
methods.4.outcome.report.execution.usage.input_bytes = 727
methods.4.outcome.report.execution.usage.ir_edges = 35
methods.4.outcome.report.execution.usage.ir_items = 707
methods.4.outcome.report.execution.usage.method_bodies = 5
methods.4.outcome.report.execution.usage.nested_depth = 0
methods.4.outcome.report.execution.usage.normalization_clones = 0
methods.4.outcome.report.execution.usage.output_bytes = 2722
methods.4.outcome.report.execution.usage.read_bytes = 727
methods.4.outcome.report.execution.usage.result_items = 24
methods.4.outcome.report.fallbacks = []
methods.4.outcome.report.fields = []
methods.4.outcome.report.init = null
methods.4.outcome.report.lambdas = []
methods.4.outcome.report.method = "<clinit>()V"
methods.4.outcome.report.news = []
methods.4.outcome.report.outcome = "produced"
methods.4.outcome.report.profile.java_release = 8
methods.4.outcome.report.profile.layout.kind = "generic"
methods.4.outcome.report.profile.multi_release.kind = "disabled"
methods.4.outcome.report.quality = "structured"
methods.4.outcome.report.regions = []
methods.4.outcome.report.representation = "java"
methods.4.outcome.report.rules = []
methods.4.outcome.report.semantic_validation = "unproven"
methods.4.outcome.report.source_map.segments = []
methods.4.outcome.report.syntax_status = "unchecked"
methods.4.outcome.report.text = "// @method <clinit>()V\n// @declaration a static initializer of `Tone`, member flags 0x0008\n// recovered from bytecode; presentation is not claimed to compile\n{\n    Tone.SOFT = new Tone(\"SOFT\", 0);\n    Tone.LOUD = new Tone(\"LOUD\", 1);\n    Tone.$VALUES = $values();\n}\n"
methods.4.outcome.report.verification = "not_performed"
methods.4.text = "    static {\n        // @method <clinit>()V\n        // @declaration a static initializer of `Tone`, member flags 0x0008\n        // recovered from bytecode; presentation is not claimed to compile\n        Tone.SOFT = new Tone(\"SOFT\", 0);\n        Tone.LOUD = new Tone(\"LOUD\", 1);\n        Tone.$VALUES = $values();\n    }\n"
outcome = "performed"
stages = ["raw_facts","raw_cfg","legacy_normalization","canonical_cfg","frame","ssa"]
usage.analysis_steps = 247
usage.archive_entries = 0
usage.attribute_bytes = 577
usage.class_bytes = 1454
usage.class_headers = 1
usage.code_bytes = 77
usage.dependency_depth = 0
usage.elapsed_millis = 2
usage.entry_bytes = 0
usage.input_bytes = 727
usage.ir_edges = 35
usage.ir_items = 707
usage.method_bodies = 5
usage.nested_depth = 0
usage.normalization_clones = 0
usage.output_bytes = 2722
usage.read_bytes = 727
usage.result_items = 25
view.scope.kind = "snapshot_all"
view.snapshot = "38a71b35f4aad2bbfdb6f484cb3f3e3803711f0dabd2639bf000cd190840b9d6"
