警告: [options] 源值 8 已过时，将在未来发行版中删除
警告: [options] 目标值 8 已过时，将在未来发行版中删除
警告: [options] 要隐藏有关已过时选项的警告, 请使用 -Xlint:-options。
/Users/lordcasser/workspace/projects/jarde/openspec/evidence/java-syntax-2026-09-22/annotation-default-boundaries/jarde-Defaults.java:14: 错误: 找不到符号
    public abstract Tone tone() default Tone.LOUD;
                    ^
  符号:   类 Tone
  位置: @interface Defaults
/Users/lordcasser/workspace/projects/jarde/openspec/evidence/java-syntax-2026-09-22/annotation-default-boundaries/jarde-Defaults.java:14: 错误: 找不到符号
    public abstract Tone tone() default Tone.LOUD;
                                        ^
  符号:   变量 Tone
  位置: @interface Defaults
/Users/lordcasser/workspace/projects/jarde/openspec/evidence/java-syntax-2026-09-22/annotation-default-boundaries/jarde-Defaults.java:3: 错误: 对于 @interfaces, 不允许 'extends'
@interface Defaults extends java.lang.annotation.Annotation {
                                                ^
/Users/lordcasser/workspace/projects/jarde/openspec/evidence/java-syntax-2026-09-22/annotation-default-boundaries/jarde-Inner.java:3: 错误: 对于 @interfaces, 不允许 'extends'
@interface Inner extends java.lang.annotation.Annotation {
                                             ^
4 个错误
3 个警告
