openspec/changes/compose-constructed-reference-array-elements/results/corpus-gates-v1/fingerprint-regenerate.stdout:6: new blank line at EOF.
openspec/changes/compose-constructed-reference-array-elements/results/corpus-gates-v1/fingerprint-verify.stdout:11: new blank line at EOF.
openspec/changes/compose-constructed-reference-array-elements/results/corpus-gates-v1/p5-benchmark-v1.stdout:25: new blank line at EOF.
openspec/changes/compose-constructed-reference-array-elements/results/corpus-gates-v1/reader-census-v2.stdout:6: new blank line at EOF.
openspec/changes/compose-constructed-reference-array-elements/results/focused-v3/complete-family-integration.stdout:6: new blank line at EOF.
openspec/changes/compose-constructed-reference-array-elements/results/focused-v3/init-focused.stdout:21: new blank line at EOF.
openspec/changes/compose-constructed-reference-array-elements/results/focused-v5/complete-family-integration.stdout:7: new blank line at EOF.
openspec/changes/compose-constructed-reference-array-elements/results/focused-v5/init-focused.stdout:24: new blank line at EOF.
openspec/changes/compose-constructed-reference-array-elements/results/focused-v6/complete-family-integration.stdout:7: new blank line at EOF.
openspec/changes/compose-constructed-reference-array-elements/results/focused-v6/init-focused.stdout:27: new blank line at EOF.
openspec/changes/compose-constructed-reference-array-elements/results/focused-v6/legacy-array-integration.stdout:9: new blank line at EOF.
openspec/changes/compose-constructed-reference-array-elements/results/focused-v6/reader-census.stdout:11: new blank line at EOF.
openspec/changes/compose-constructed-reference-array-elements/results/focused-v7/complete-family-integration.stdout:7: new blank line at EOF.
openspec/changes/compose-constructed-reference-array-elements/results/focused-v7/init-focused.stdout:27: new blank line at EOF.
openspec/changes/compose-constructed-reference-array-elements/results/focused-v7/legacy-array-integration.stdout:9: new blank line at EOF.
openspec/changes/compose-constructed-reference-array-elements/results/focused-v7/local-postfix-array-integration.stdout:10: new blank line at EOF.
openspec/changes/compose-constructed-reference-array-elements/results/focused-v7/reader-census.stdout:6: new blank line at EOF.
openspec/changes/compose-constructed-reference-array-elements/results/focused-v8/complete-family-integration.stdout:7: new blank line at EOF.
openspec/changes/compose-constructed-reference-array-elements/results/focused-v8/init-focused.stdout:28: new blank line at EOF.
openspec/changes/compose-constructed-reference-array-elements/results/focused-v8/legacy-array-integration.stdout:9: new blank line at EOF.
openspec/changes/compose-constructed-reference-array-elements/results/focused-v8/local-postfix-array-integration.stdout:10: new blank line at EOF.
openspec/changes/compose-constructed-reference-array-elements/results/focused-v8/reader-census.stdout:6: new blank line at EOF.
openspec/changes/compose-constructed-reference-array-elements/results/gates-v1/focused-varargs.stdout:8: new blank line at EOF.
openspec/changes/compose-constructed-reference-array-elements/results/gates-v1/workspace-seed1.stdout:5195: new blank line at EOF.
openspec/changes/compose-constructed-reference-array-elements/results/gates-v2/focused-varargs.stdout:8: new blank line at EOF.
openspec/changes/compose-constructed-reference-array-elements/results/gates-v2/ignored-constructor.stdout:6: new blank line at EOF.
openspec/changes/compose-constructed-reference-array-elements/results/gates-v2/ignored-p3.stdout:8: new blank line at EOF.
openspec/changes/compose-constructed-reference-array-elements/results/gates-v2/p5-after-effect-fix.stdout:25: new blank line at EOF.
openspec/changes/compose-constructed-reference-array-elements/results/gates-v2/workspace-seed1.stdout:5176: new blank line at EOF.
openspec/changes/compose-constructed-reference-array-elements/results/gates-v2/workspace-seed2.stdout:5176: new blank line at EOF.
