class.class_bytes.digest = "075d562f553ce01d225bba2c98523dc1e23f762fac6230124e61576aa05cff76"
class.class_bytes.length = 432
class.location.kind = "standalone_root"
class.location.snapshot = "075d562f553ce01d225bba2c98523dc1e23f762fac6230124e61576aa05cff76"
class.variant.kind = "base"
coverage.artifact_structural.scanned.0.end = 1
coverage.artifact_structural.scanned.0.label = "navigation_candidates"
coverage.artifact_structural.scanned.0.start = 0
coverage.artifact_structural.scanned.1.end = 1
coverage.artifact_structural.scanned.1.label = "class_fields"
coverage.artifact_structural.scanned.1.start = 0
coverage.artifact_structural.scanned.2.end = 3
coverage.artifact_structural.scanned.2.label = "class_methods"
coverage.artifact_structural.scanned.2.start = 0
coverage.artifact_structural.scanned.3.end = 3
coverage.artifact_structural.scanned.3.label = "class_source_bodies"
coverage.artifact_structural.scanned.3.start = 0
coverage.artifact_structural.skipped = []
coverage.artifact_structural.state = "complete_within_schema"
coverage.artifact_structural.uninterpreted_extensions = []
coverage.dynamic_analysis.scanned = []
coverage.dynamic_analysis.skipped = []
coverage.dynamic_analysis.state = "not_requested"
coverage.dynamic_analysis.uninterpreted_extensions = []
coverage.runtime_resolution.scanned = []
coverage.runtime_resolution.skipped = []
coverage.runtime_resolution.state = "not_requested"
coverage.runtime_resolution.uninterpreted_extensions = []
declaration.annotation_attributes = []
declaration.annotation_refusals = []
declaration.annotation_uses = []
declaration.declaration = "class HiddenTypeUse extends java.lang.Object"
declaration.item.binding.kind = "standalone_root"
declaration.item.declaration.access_flags = 32
declaration.item.declaration.interfaces = []
declaration.item.declaration.super_class.escaped = "java/lang/Object"
declaration.item.declaration.super_class.raw = [106,97,118,97,47,108,97,110,103,47,79,98,106,101,99,116]
declaration.item.declaration.super_class.utf16 = [106,97,118,97,47,108,97,110,103,47,79,98,106,101,99,116]
declaration.item.declaration.this_class.escaped = "HiddenTypeUse"
declaration.item.declaration.this_class.raw = [72,105,100,100,101,110,84,121,112,101,85,115,101]
declaration.item.declaration.this_class.utf16 = [72,105,100,100,101,110,84,121,112,101,85,115,101]
declaration.item.definition.class_bytes.digest = "075d562f553ce01d225bba2c98523dc1e23f762fac6230124e61576aa05cff76"
declaration.item.definition.class_bytes.length = 432
declaration.item.definition.location.kind = "standalone_root"
declaration.item.definition.location.snapshot = "075d562f553ce01d225bba2c98523dc1e23f762fac6230124e61576aa05cff76"
declaration.item.definition.variant.kind = "base"
declaration.item.member_table = null
declaration.name = "HiddenTypeUse"
diagnostics = []
execution.status = "complete"
execution.usage.analysis_steps = 69
execution.usage.archive_entries = 0
execution.usage.attribute_bytes = 366
execution.usage.class_bytes = 864
execution.usage.class_headers = 1
execution.usage.code_bytes = 10
execution.usage.dependency_depth = 0
execution.usage.elapsed_millis = 1
execution.usage.entry_bytes = 0
execution.usage.input_bytes = 432
execution.usage.ir_edges = 5
execution.usage.ir_items = 167
execution.usage.method_bodies = 3
execution.usage.nested_depth = 0
execution.usage.normalization_clones = 0
execution.usage.output_bytes = 1039
execution.usage.read_bytes = 432
execution.usage.result_items = 15
fields.0.annotations.attributes = []
fields.0.annotations.refusals = []
fields.0.annotations.uses = []
fields.0.declaration = "java.lang.@HiddenMark(value = \"field\") String field"
fields.0.item.access_flags = 0
fields.0.item.descriptor.escaped = "Ljava/lang/String;"
fields.0.item.descriptor.raw = [76,106,97,118,97,47,108,97,110,103,47,83,116,114,105,110,103,59]
fields.0.item.descriptor.utf16 = [76,106,97,118,97,47,108,97,110,103,47,83,116,114,105,110,103,59]
fields.0.item.identity.member.descriptor = [76,106,97,118,97,47,108,97,110,103,47,83,116,114,105,110,103,59]
fields.0.item.identity.member.kind = "field"
fields.0.item.identity.member.name = [102,105,101,108,100]
fields.0.item.identity.owner.class_bytes.digest = "075d562f553ce01d225bba2c98523dc1e23f762fac6230124e61576aa05cff76"
fields.0.item.identity.owner.class_bytes.length = 432
fields.0.item.identity.owner.location.kind = "standalone_root"
fields.0.item.identity.owner.location.snapshot = "075d562f553ce01d225bba2c98523dc1e23f762fac6230124e61576aa05cff76"
fields.0.item.identity.owner.variant.kind = "base"
fields.0.item.index = 0
fields.0.item.name.escaped = "field"
fields.0.item.name.raw = [102,105,101,108,100]
fields.0.item.name.utf16 = [102,105,101,108,100]
fields.0.markers = []
fields.0.type_annotations.attributes.0.annotations.0.annotation.Annotation.elements.0.name = [118,97,108,117,101]
fields.0.type_annotations.attributes.0.annotations.0.annotation.Annotation.elements.0.value.Utf8 = [102,105,101,108,100]
fields.0.type_annotations.attributes.0.annotations.0.annotation.Annotation.type_descriptor = [76,72,105,100,100,101,110,77,97,114,107,59]
fields.0.type_annotations.attributes.0.annotations.0.refusal = null
fields.0.type_annotations.attributes.0.annotations.0.spelling = "@HiddenMark(value = \"field\")"
fields.0.type_annotations.attributes.0.annotations.0.target_info = []
fields.0.type_annotations.attributes.0.annotations.0.target_type = 19
fields.0.type_annotations.attributes.0.annotations.0.type_path = []
fields.0.type_annotations.attributes.0.attribute.content_span.length = 13
fields.0.type_annotations.attributes.0.attribute.content_span.start = 288
fields.0.type_annotations.attributes.0.attribute.name.escaped = "RuntimeInvisibleTypeAnnotations"
fields.0.type_annotations.attributes.0.attribute.name.raw = [82,117,110,116,105,109,101,73,110,118,105,115,105,98,108,101,84,121,112,101,65,110,110,111,116,97,116,105,111,110,115]
fields.0.type_annotations.attributes.0.attribute.name.utf16 = [82,117,110,116,105,109,101,73,110,118,105,115,105,98,108,101,84,121,112,101,65,110,110,111,116,97,116,105,111,110,115]
fields.0.type_annotations.attributes.0.attribute.span.length = 19
fields.0.type_annotations.attributes.0.attribute.span.start = 282
fields.0.type_annotations.field_uses = ["@HiddenMark(value = \"field\")"]
fields.0.type_annotations.parameter_uses = []
fields.0.type_annotations.refusals = []
fields.0.type_annotations.return_uses = []
limits.analysis_steps = 4194304
limits.archive_entries = 65536
limits.attribute_bytes = 67108864
limits.class_bytes = 67108864
limits.class_headers = 4096
limits.code_bytes = 16777216
limits.dependency_depth = 8
limits.elapsed_millis = 30000
limits.entry_bytes = 67108864
limits.input_bytes = 67108864
limits.ir_edges = 4194304
limits.ir_items = 4194304
limits.method_bodies = 4096
limits.nested_depth = 4
limits.normalization_clones = 1048576
limits.output_bytes = 16777216
limits.read_bytes = 67108864
limits.result_items = 65536
methods.0.annotations.attributes = []
methods.0.annotations.refusals = []
methods.0.annotations.uses = []
methods.0.declaration = "HiddenTypeUse()"
methods.0.item.access_flags = 0
methods.0.item.body.content_span.length = 17
methods.0.item.body.content_span.start = 317
methods.0.item.body.kind = "code_attribute"
methods.0.item.descriptor.escaped = "()V"
methods.0.item.descriptor.raw = [40,41,86]
methods.0.item.descriptor.utf16 = [40,41,86]
methods.0.item.identity.descriptor = [40,41,86]
methods.0.item.identity.name = [60,105,110,105,116,62]
methods.0.item.identity.owner.class_bytes.digest = "075d562f553ce01d225bba2c98523dc1e23f762fac6230124e61576aa05cff76"
methods.0.item.identity.owner.class_bytes.length = 432
methods.0.item.identity.owner.location.kind = "standalone_root"
methods.0.item.identity.owner.location.snapshot = "075d562f553ce01d225bba2c98523dc1e23f762fac6230124e61576aa05cff76"
methods.0.item.identity.owner.variant.kind = "base"
methods.0.item.index = 0
methods.0.item.name.escaped = "<init>"
methods.0.item.name.raw = [60,105,110,105,116,62]
methods.0.item.name.utf16 = [60,105,110,105,116,62]
methods.0.markers = []
methods.0.no_body_kind = null
methods.0.outcome.analysis.diagnostics = 0
methods.0.outcome.analysis.execution.status = "complete"
methods.0.outcome.analysis.execution.usage.analysis_steps = 21
methods.0.outcome.analysis.execution.usage.archive_entries = 0
methods.0.outcome.analysis.execution.usage.attribute_bytes = 286
methods.0.outcome.analysis.execution.usage.class_bytes = 864
methods.0.outcome.analysis.execution.usage.class_headers = 1
methods.0.outcome.analysis.execution.usage.code_bytes = 5
methods.0.outcome.analysis.execution.usage.dependency_depth = 0
methods.0.outcome.analysis.execution.usage.elapsed_millis = 0
methods.0.outcome.analysis.execution.usage.entry_bytes = 0
methods.0.outcome.analysis.execution.usage.input_bytes = 432
methods.0.outcome.analysis.execution.usage.ir_edges = 2
methods.0.outcome.analysis.execution.usage.ir_items = 48
methods.0.outcome.analysis.execution.usage.method_bodies = 1
methods.0.outcome.analysis.execution.usage.nested_depth = 0
methods.0.outcome.analysis.execution.usage.normalization_clones = 0
methods.0.outcome.analysis.execution.usage.output_bytes = 432
methods.0.outcome.analysis.execution.usage.read_bytes = 432
methods.0.outcome.analysis.execution.usage.result_items = 12
methods.0.outcome.kind = "recovered"
methods.0.outcome.report.accessors = []
methods.0.outcome.report.aliased_names = []
methods.0.outcome.report.artifact.agreement.state = "not_stated"
methods.0.outcome.report.artifact.binding.engine = "0.1.0"
methods.0.outcome.report.artifact.binding.environment.content = ["075d562f553ce01d225bba2c98523dc1e23f762fac6230124e61576aa05cff76"]
methods.0.outcome.report.artifact.binding.environment.domain_loaders = ["app"]
methods.0.outcome.report.artifact.binding.environment.providers = []
methods.0.outcome.report.artifact.binding.environment.runtime.load_domain.delegation.kind = "parent_first"
methods.0.outcome.report.artifact.binding.environment.runtime.load_domain.external_override = "none"
methods.0.outcome.report.artifact.binding.environment.runtime.load_domain.loader = "app"
methods.0.outcome.report.artifact.binding.environment.runtime.load_domain.module_mode.kind = "class_path"
methods.0.outcome.report.artifact.binding.environment.runtime.load_domain.parent_loader = null
methods.0.outcome.report.artifact.binding.environment.runtime.load_domain.roots.0.kind = "standalone_class"
methods.0.outcome.report.artifact.binding.environment.runtime.load_domain.roots.0.snapshot = "075d562f553ce01d225bba2c98523dc1e23f762fac6230124e61576aa05cff76"
methods.0.outcome.report.artifact.binding.environment.runtime.load_domain.runtime_transformation = "none"
methods.0.outcome.report.artifact.binding.environment.runtime.physical.scope.kind = "snapshot_all"
methods.0.outcome.report.artifact.binding.environment.runtime.physical.snapshot = "075d562f553ce01d225bba2c98523dc1e23f762fac6230124e61576aa05cff76"
methods.0.outcome.report.artifact.binding.environment.runtime.profile.java_release = 8
methods.0.outcome.report.artifact.binding.environment.runtime.profile.layout.kind = "generic"
methods.0.outcome.report.artifact.binding.environment.runtime.profile.multi_release.kind = "disabled"
methods.0.outcome.report.artifact.binding.member_ordinal = 0
methods.0.outcome.report.artifact.binding.method.descriptor = [40,41,86]
methods.0.outcome.report.artifact.binding.method.name = [60,105,110,105,116,62]
methods.0.outcome.report.artifact.binding.method.owner.class_bytes.digest = "075d562f553ce01d225bba2c98523dc1e23f762fac6230124e61576aa05cff76"
methods.0.outcome.report.artifact.binding.method.owner.class_bytes.length = 432
methods.0.outcome.report.artifact.binding.method.owner.location.kind = "standalone_root"
methods.0.outcome.report.artifact.binding.method.owner.location.snapshot = "075d562f553ce01d225bba2c98523dc1e23f762fac6230124e61576aa05cff76"
methods.0.outcome.report.artifact.binding.method.owner.variant.kind = "base"
methods.0.outcome.report.artifact.binding.profile.java_release = 8
methods.0.outcome.report.artifact.binding.profile.layout.kind = "generic"
methods.0.outcome.report.artifact.binding.profile.multi_release.kind = "disabled"
methods.0.outcome.report.artifact.binding.registry = 71
methods.0.outcome.report.artifact.binding.rules = ["straight@1","if@1","loop@1","switch@1","lambda@1","concat@1","bridge@1","accessor@1","new@1","field@1","enumswitch@1","init@1","declaration@1","twr@1","monitor@1"]
methods.0.outcome.report.artifact.binding.schema = 1
methods.0.outcome.report.artifact.binding.text_bytes = 187
methods.0.outcome.report.artifact.binding.text_digest = "40014cae6b720a6c87fb80189eaf8fda"
methods.0.outcome.report.bridges = []
methods.0.outcome.report.compile_status = "not_attempted"
methods.0.outcome.report.concats = []
methods.0.outcome.report.content = "contains_statements"
methods.0.outcome.report.declaration = null
methods.0.outcome.report.diagnostics.0.code = "jre_recovery_produced"
methods.0.outcome.report.diagnostics.0.message = "1 region(s), 2 statement(s), 2 segment(s), 187 byte(s) written from 1 canonical block(s)"
methods.0.outcome.report.diagnostics.0.provenance = null
methods.0.outcome.report.diagnostics.0.severity = "info"
methods.0.outcome.report.diagnostics.1.code = "jre_constructor_prologue"
methods.0.outcome.report.diagnostics.1.message = "the body is an instance initializer and its prologue is written under init@1 as `super`: the call at BCI 1 names `java/lang/Object`, and the class that declares this constructor is `HiddenTypeUse`"
methods.0.outcome.report.diagnostics.1.provenance = null
methods.0.outcome.report.diagnostics.1.severity = "info"
methods.0.outcome.report.diagnostics.2.code = "jre_declaration"
methods.0.outcome.report.diagnostics.2.message = "the artifact's envelope states the member's declaration under declaration@1: a constructor"
methods.0.outcome.report.diagnostics.2.provenance = null
methods.0.outcome.report.diagnostics.2.severity = "info"
methods.0.outcome.report.enum_switches = []
methods.0.outcome.report.evidence.categories.0.kind = "source_map"
methods.0.outcome.report.evidence.categories.0.state.state = "not_requested"
methods.0.outcome.report.evidence.categories.1.kind = "region_details"
methods.0.outcome.report.evidence.categories.1.state.state = "not_requested"
methods.0.outcome.report.evidence.categories.2.kind = "rule_details"
methods.0.outcome.report.evidence.categories.2.state.state = "not_requested"
methods.0.outcome.report.evidence.categories.3.kind = "name_details"
methods.0.outcome.report.evidence.categories.3.state.state = "not_requested"
methods.0.outcome.report.evidence.categories.4.kind = "read_details"
methods.0.outcome.report.evidence.categories.4.state.state = "not_requested"
methods.0.outcome.report.evidence.requested.driver_bci_range = null
methods.0.outcome.report.evidence.requested.expected_artifact = null
methods.0.outcome.report.evidence.requested.kinds = []
methods.0.outcome.report.execution.status = "complete"
methods.0.outcome.report.execution.usage.analysis_steps = 26
methods.0.outcome.report.execution.usage.archive_entries = 0
methods.0.outcome.report.execution.usage.attribute_bytes = 286
methods.0.outcome.report.execution.usage.class_bytes = 864
methods.0.outcome.report.execution.usage.class_headers = 1
methods.0.outcome.report.execution.usage.code_bytes = 5
methods.0.outcome.report.execution.usage.dependency_depth = 0
methods.0.outcome.report.execution.usage.elapsed_millis = 0
methods.0.outcome.report.execution.usage.entry_bytes = 0
methods.0.outcome.report.execution.usage.input_bytes = 432
methods.0.outcome.report.execution.usage.ir_edges = 2
methods.0.outcome.report.execution.usage.ir_items = 63
methods.0.outcome.report.execution.usage.method_bodies = 1
methods.0.outcome.report.execution.usage.nested_depth = 0
methods.0.outcome.report.execution.usage.normalization_clones = 0
methods.0.outcome.report.execution.usage.output_bytes = 619
methods.0.outcome.report.execution.usage.read_bytes = 432
methods.0.outcome.report.execution.usage.result_items = 12
methods.0.outcome.report.fallbacks = []
methods.0.outcome.report.fields = []
methods.0.outcome.report.init = null
methods.0.outcome.report.lambdas = []
methods.0.outcome.report.method = "<init>()V"
methods.0.outcome.report.news = []
methods.0.outcome.report.outcome = "produced"
methods.0.outcome.report.profile.java_release = 8
methods.0.outcome.report.profile.layout.kind = "generic"
methods.0.outcome.report.profile.multi_release.kind = "disabled"
methods.0.outcome.report.quality = "structured"
methods.0.outcome.report.regions = []
methods.0.outcome.report.representation = "java"
methods.0.outcome.report.rules = []
methods.0.outcome.report.semantic_validation = "unproven"
methods.0.outcome.report.source_map.segments = []
methods.0.outcome.report.syntax_status = "unchecked"
methods.0.outcome.report.text = "// @method <init>()V\n// @declaration a constructor of `HiddenTypeUse`, member flags 0x0000\n// recovered from bytecode; presentation is not claimed to compile\n{\n    super();\n    return;\n}\n"
methods.0.outcome.report.verification = "not_performed"
methods.0.parameter_annotations.attributes = []
methods.0.parameter_annotations.refusals = []
methods.0.parameter_annotations.uses_by_position = []
methods.0.text = "    HiddenTypeUse() {\n        // @method <init>()V\n        // @declaration a constructor of `HiddenTypeUse`, member flags 0x0000\n        // recovered from bytecode; presentation is not claimed to compile\n        super();\n        return;\n    }\n"
methods.0.type_annotations.attributes = []
methods.0.type_annotations.field_uses = []
methods.0.type_annotations.parameter_uses = []
methods.0.type_annotations.refusals = []
methods.0.type_annotations.return_uses = []
methods.1.annotations.attributes = []
methods.1.annotations.refusals = []
methods.1.annotations.uses = []
methods.1.declaration = "java.lang.@HiddenMark(value = \"return\") String value()"
methods.1.item.access_flags = 0
methods.1.item.body.content_span.length = 15
methods.1.item.body.content_span.start = 348
methods.1.item.body.kind = "code_attribute"
methods.1.item.descriptor.escaped = "()Ljava/lang/String;"
methods.1.item.descriptor.raw = [40,41,76,106,97,118,97,47,108,97,110,103,47,83,116,114,105,110,103,59]
methods.1.item.descriptor.utf16 = [40,41,76,106,97,118,97,47,108,97,110,103,47,83,116,114,105,110,103,59]
methods.1.item.identity.descriptor = [40,41,76,106,97,118,97,47,108,97,110,103,47,83,116,114,105,110,103,59]
methods.1.item.identity.name = [118,97,108,117,101]
methods.1.item.identity.owner.class_bytes.digest = "075d562f553ce01d225bba2c98523dc1e23f762fac6230124e61576aa05cff76"
methods.1.item.identity.owner.class_bytes.length = 432
methods.1.item.identity.owner.location.kind = "standalone_root"
methods.1.item.identity.owner.location.snapshot = "075d562f553ce01d225bba2c98523dc1e23f762fac6230124e61576aa05cff76"
methods.1.item.identity.owner.variant.kind = "base"
methods.1.item.index = 1
methods.1.item.name.escaped = "value"
methods.1.item.name.raw = [118,97,108,117,101]
methods.1.item.name.utf16 = [118,97,108,117,101]
methods.1.markers = []
methods.1.no_body_kind = null
methods.1.outcome.analysis.diagnostics = 0
methods.1.outcome.analysis.execution.status = "complete"
methods.1.outcome.analysis.execution.usage.analysis_steps = 43
methods.1.outcome.analysis.execution.usage.archive_entries = 0
methods.1.outcome.analysis.execution.usage.attribute_bytes = 326
methods.1.outcome.analysis.execution.usage.class_bytes = 864
methods.1.outcome.analysis.execution.usage.class_headers = 1
methods.1.outcome.analysis.execution.usage.code_bytes = 8
methods.1.outcome.analysis.execution.usage.dependency_depth = 0
methods.1.outcome.analysis.execution.usage.elapsed_millis = 1
methods.1.outcome.analysis.execution.usage.entry_bytes = 0
methods.1.outcome.analysis.execution.usage.input_bytes = 432
methods.1.outcome.analysis.execution.usage.ir_edges = 3
methods.1.outcome.analysis.execution.usage.ir_items = 99
methods.1.outcome.analysis.execution.usage.method_bodies = 2
methods.1.outcome.analysis.execution.usage.nested_depth = 0
methods.1.outcome.analysis.execution.usage.normalization_clones = 0
methods.1.outcome.analysis.execution.usage.output_bytes = 619
methods.1.outcome.analysis.execution.usage.read_bytes = 432
methods.1.outcome.analysis.execution.usage.result_items = 13
methods.1.outcome.kind = "recovered"
methods.1.outcome.report.accessors = []
methods.1.outcome.report.aliased_names = []
methods.1.outcome.report.artifact.agreement.state = "not_stated"
methods.1.outcome.report.artifact.binding.engine = "0.1.0"
methods.1.outcome.report.artifact.binding.environment.content = ["075d562f553ce01d225bba2c98523dc1e23f762fac6230124e61576aa05cff76"]
methods.1.outcome.report.artifact.binding.environment.domain_loaders = ["app"]
methods.1.outcome.report.artifact.binding.environment.providers = []
methods.1.outcome.report.artifact.binding.environment.runtime.load_domain.delegation.kind = "parent_first"
methods.1.outcome.report.artifact.binding.environment.runtime.load_domain.external_override = "none"
methods.1.outcome.report.artifact.binding.environment.runtime.load_domain.loader = "app"
methods.1.outcome.report.artifact.binding.environment.runtime.load_domain.module_mode.kind = "class_path"
methods.1.outcome.report.artifact.binding.environment.runtime.load_domain.parent_loader = null
methods.1.outcome.report.artifact.binding.environment.runtime.load_domain.roots.0.kind = "standalone_class"
methods.1.outcome.report.artifact.binding.environment.runtime.load_domain.roots.0.snapshot = "075d562f553ce01d225bba2c98523dc1e23f762fac6230124e61576aa05cff76"
methods.1.outcome.report.artifact.binding.environment.runtime.load_domain.runtime_transformation = "none"
methods.1.outcome.report.artifact.binding.environment.runtime.physical.scope.kind = "snapshot_all"
methods.1.outcome.report.artifact.binding.environment.runtime.physical.snapshot = "075d562f553ce01d225bba2c98523dc1e23f762fac6230124e61576aa05cff76"
methods.1.outcome.report.artifact.binding.environment.runtime.profile.java_release = 8
methods.1.outcome.report.artifact.binding.environment.runtime.profile.layout.kind = "generic"
methods.1.outcome.report.artifact.binding.environment.runtime.profile.multi_release.kind = "disabled"
methods.1.outcome.report.artifact.binding.member_ordinal = 1
methods.1.outcome.report.artifact.binding.method.descriptor = [40,41,76,106,97,118,97,47,108,97,110,103,47,83,116,114,105,110,103,59]
methods.1.outcome.report.artifact.binding.method.name = [118,97,108,117,101]
methods.1.outcome.report.artifact.binding.method.owner.class_bytes.digest = "075d562f553ce01d225bba2c98523dc1e23f762fac6230124e61576aa05cff76"
methods.1.outcome.report.artifact.binding.method.owner.class_bytes.length = 432
methods.1.outcome.report.artifact.binding.method.owner.location.kind = "standalone_root"
methods.1.outcome.report.artifact.binding.method.owner.location.snapshot = "075d562f553ce01d225bba2c98523dc1e23f762fac6230124e61576aa05cff76"
methods.1.outcome.report.artifact.binding.method.owner.variant.kind = "base"
methods.1.outcome.report.artifact.binding.profile.java_release = 8
methods.1.outcome.report.artifact.binding.profile.layout.kind = "generic"
methods.1.outcome.report.artifact.binding.profile.multi_release.kind = "disabled"
methods.1.outcome.report.artifact.binding.registry = 71
methods.1.outcome.report.artifact.binding.rules = ["straight@1","if@1","loop@1","switch@1","lambda@1","concat@1","bridge@1","accessor@1","new@1","field@1","enumswitch@1","init@1","declaration@1","twr@1","monitor@1"]
methods.1.outcome.report.artifact.binding.schema = 1
methods.1.outcome.report.artifact.binding.text_bytes = 203
methods.1.outcome.report.artifact.binding.text_digest = "f80766a7c1338fe47ab84de00d4601ef"
methods.1.outcome.report.bridges = []
methods.1.outcome.report.compile_status = "not_attempted"
methods.1.outcome.report.concats = []
methods.1.outcome.report.content = "contains_statements"
methods.1.outcome.report.declaration = null
methods.1.outcome.report.diagnostics.0.code = "jre_recovery_produced"
methods.1.outcome.report.diagnostics.0.message = "1 region(s), 1 statement(s), 2 segment(s), 203 byte(s) written from 1 canonical block(s)"
methods.1.outcome.report.diagnostics.0.provenance = null
methods.1.outcome.report.diagnostics.0.severity = "info"
methods.1.outcome.report.diagnostics.1.code = "jre_declaration"
methods.1.outcome.report.diagnostics.1.message = "the artifact's envelope states the member's declaration under declaration@1: an instance method"
methods.1.outcome.report.diagnostics.1.provenance = null
methods.1.outcome.report.diagnostics.1.severity = "info"
methods.1.outcome.report.enum_switches = []
methods.1.outcome.report.evidence.categories.0.kind = "source_map"
methods.1.outcome.report.evidence.categories.0.state.state = "not_requested"
methods.1.outcome.report.evidence.categories.1.kind = "region_details"
methods.1.outcome.report.evidence.categories.1.state.state = "not_requested"
methods.1.outcome.report.evidence.categories.2.kind = "rule_details"
methods.1.outcome.report.evidence.categories.2.state.state = "not_requested"
methods.1.outcome.report.evidence.categories.3.kind = "name_details"
methods.1.outcome.report.evidence.categories.3.state.state = "not_requested"
methods.1.outcome.report.evidence.categories.4.kind = "read_details"
methods.1.outcome.report.evidence.categories.4.state.state = "not_requested"
methods.1.outcome.report.evidence.requested.driver_bci_range = null
methods.1.outcome.report.evidence.requested.expected_artifact = null
methods.1.outcome.report.evidence.requested.kinds = []
methods.1.outcome.report.execution.status = "complete"
methods.1.outcome.report.execution.usage.analysis_steps = 48
methods.1.outcome.report.execution.usage.archive_entries = 0
methods.1.outcome.report.execution.usage.attribute_bytes = 326
methods.1.outcome.report.execution.usage.class_bytes = 864
methods.1.outcome.report.execution.usage.class_headers = 1
methods.1.outcome.report.execution.usage.code_bytes = 8
methods.1.outcome.report.execution.usage.dependency_depth = 0
methods.1.outcome.report.execution.usage.elapsed_millis = 1
methods.1.outcome.report.execution.usage.entry_bytes = 0
methods.1.outcome.report.execution.usage.input_bytes = 432
methods.1.outcome.report.execution.usage.ir_edges = 3
methods.1.outcome.report.execution.usage.ir_items = 109
methods.1.outcome.report.execution.usage.method_bodies = 2
methods.1.outcome.report.execution.usage.nested_depth = 0
methods.1.outcome.report.execution.usage.normalization_clones = 0
methods.1.outcome.report.execution.usage.output_bytes = 822
methods.1.outcome.report.execution.usage.read_bytes = 432
methods.1.outcome.report.execution.usage.result_items = 13
methods.1.outcome.report.fallbacks = []
methods.1.outcome.report.fields = []
methods.1.outcome.report.init = null
methods.1.outcome.report.lambdas = []
methods.1.outcome.report.method = "value()Ljava/lang/String;"
methods.1.outcome.report.news = []
methods.1.outcome.report.outcome = "produced"
methods.1.outcome.report.profile.java_release = 8
methods.1.outcome.report.profile.layout.kind = "generic"
methods.1.outcome.report.profile.multi_release.kind = "disabled"
methods.1.outcome.report.quality = "structured"
methods.1.outcome.report.regions = []
methods.1.outcome.report.representation = "java"
methods.1.outcome.report.rules = []
methods.1.outcome.report.semantic_validation = "unproven"
methods.1.outcome.report.source_map.segments = []
methods.1.outcome.report.syntax_status = "unchecked"
methods.1.outcome.report.text = "// @method value()Ljava/lang/String;\n// @declaration an instance method of `HiddenTypeUse`, member flags 0x0000\n// recovered from bytecode; presentation is not claimed to compile\n{\n    return \"value\";\n}\n"
methods.1.outcome.report.verification = "not_performed"
methods.1.parameter_annotations.attributes = []
methods.1.parameter_annotations.refusals = []
methods.1.parameter_annotations.uses_by_position = []
methods.1.text = "    java.lang.@HiddenMark(value = \"return\") String value() {\n        // @method value()Ljava/lang/String;\n        // @declaration an instance method of `HiddenTypeUse`, member flags 0x0000\n        // recovered from bytecode; presentation is not claimed to compile\n        return \"value\";\n    }\n"
methods.1.type_annotations.attributes.0.annotations.0.annotation.Annotation.elements.0.name = [118,97,108,117,101]
methods.1.type_annotations.attributes.0.annotations.0.annotation.Annotation.elements.0.value.Utf8 = [114,101,116,117,114,110]
methods.1.type_annotations.attributes.0.annotations.0.annotation.Annotation.type_descriptor = [76,72,105,100,100,101,110,77,97,114,107,59]
methods.1.type_annotations.attributes.0.annotations.0.refusal = null
methods.1.type_annotations.attributes.0.annotations.0.spelling = "@HiddenMark(value = \"return\")"
methods.1.type_annotations.attributes.0.annotations.0.target_info = []
methods.1.type_annotations.attributes.0.annotations.0.target_type = 20
methods.1.type_annotations.attributes.0.annotations.0.type_path = []
methods.1.type_annotations.attributes.0.attribute.content_span.length = 13
methods.1.type_annotations.attributes.0.attribute.content_span.start = 369
methods.1.type_annotations.attributes.0.attribute.name.escaped = "RuntimeInvisibleTypeAnnotations"
methods.1.type_annotations.attributes.0.attribute.name.raw = [82,117,110,116,105,109,101,73,110,118,105,115,105,98,108,101,84,121,112,101,65,110,110,111,116,97,116,105,111,110,115]
methods.1.type_annotations.attributes.0.attribute.name.utf16 = [82,117,110,116,105,109,101,73,110,118,105,115,105,98,108,101,84,121,112,101,65,110,110,111,116,97,116,105,111,110,115]
methods.1.type_annotations.attributes.0.attribute.span.length = 19
methods.1.type_annotations.attributes.0.attribute.span.start = 363
methods.1.type_annotations.field_uses = []
methods.1.type_annotations.parameter_uses = []
methods.1.type_annotations.refusals = []
methods.1.type_annotations.return_uses = ["@HiddenMark(value = \"return\")"]
methods.2.annotations.attributes = []
methods.2.annotations.refusals = []
methods.2.annotations.uses = []
methods.2.declaration = "java.lang.String echo(java.lang.@HiddenMark(value = \"parameter\") String arg1)"
methods.2.item.access_flags = 0
methods.2.item.body.content_span.length = 14
methods.2.item.body.content_span.start = 396
methods.2.item.body.kind = "code_attribute"
methods.2.item.descriptor.escaped = "(Ljava/lang/String;)Ljava/lang/String;"
methods.2.item.descriptor.raw = [40,76,106,97,118,97,47,108,97,110,103,47,83,116,114,105,110,103,59,41,76,106,97,118,97,47,108,97,110,103,47,83,116,114,105,110,103,59]
methods.2.item.descriptor.utf16 = [40,76,106,97,118,97,47,108,97,110,103,47,83,116,114,105,110,103,59,41,76,106,97,118,97,47,108,97,110,103,47,83,116,114,105,110,103,59]
methods.2.item.identity.descriptor = [40,76,106,97,118,97,47,108,97,110,103,47,83,116,114,105,110,103,59,41,76,106,97,118,97,47,108,97,110,103,47,83,116,114,105,110,103,59]
methods.2.item.identity.name = [101,99,104,111]
methods.2.item.identity.owner.class_bytes.digest = "075d562f553ce01d225bba2c98523dc1e23f762fac6230124e61576aa05cff76"
methods.2.item.identity.owner.class_bytes.length = 432
methods.2.item.identity.owner.location.kind = "standalone_root"
methods.2.item.identity.owner.location.snapshot = "075d562f553ce01d225bba2c98523dc1e23f762fac6230124e61576aa05cff76"
methods.2.item.identity.owner.variant.kind = "base"
methods.2.item.index = 2
methods.2.item.name.escaped = "echo"
methods.2.item.name.raw = [101,99,104,111]
methods.2.item.name.utf16 = [101,99,104,111]
methods.2.markers = []
methods.2.no_body_kind = null
methods.2.outcome.analysis.diagnostics = 0
methods.2.outcome.analysis.execution.status = "complete"
methods.2.outcome.analysis.execution.usage.analysis_steps = 64
methods.2.outcome.analysis.execution.usage.archive_entries = 0
methods.2.outcome.analysis.execution.usage.attribute_bytes = 366
methods.2.outcome.analysis.execution.usage.class_bytes = 864
methods.2.outcome.analysis.execution.usage.class_headers = 1
methods.2.outcome.analysis.execution.usage.code_bytes = 10
methods.2.outcome.analysis.execution.usage.dependency_depth = 0
methods.2.outcome.analysis.execution.usage.elapsed_millis = 1
methods.2.outcome.analysis.execution.usage.entry_bytes = 0
methods.2.outcome.analysis.execution.usage.input_bytes = 432
methods.2.outcome.analysis.execution.usage.ir_edges = 5
methods.2.outcome.analysis.execution.usage.ir_items = 156
methods.2.outcome.analysis.execution.usage.method_bodies = 3
methods.2.outcome.analysis.execution.usage.nested_depth = 0
methods.2.outcome.analysis.execution.usage.normalization_clones = 0
methods.2.outcome.analysis.execution.usage.output_bytes = 822
methods.2.outcome.analysis.execution.usage.read_bytes = 432
methods.2.outcome.analysis.execution.usage.result_items = 14
methods.2.outcome.kind = "recovered"
methods.2.outcome.report.accessors = []
methods.2.outcome.report.aliased_names = []
methods.2.outcome.report.artifact.agreement.state = "not_stated"
methods.2.outcome.report.artifact.binding.engine = "0.1.0"
methods.2.outcome.report.artifact.binding.environment.content = ["075d562f553ce01d225bba2c98523dc1e23f762fac6230124e61576aa05cff76"]
methods.2.outcome.report.artifact.binding.environment.domain_loaders = ["app"]
methods.2.outcome.report.artifact.binding.environment.providers = []
methods.2.outcome.report.artifact.binding.environment.runtime.load_domain.delegation.kind = "parent_first"
methods.2.outcome.report.artifact.binding.environment.runtime.load_domain.external_override = "none"
methods.2.outcome.report.artifact.binding.environment.runtime.load_domain.loader = "app"
methods.2.outcome.report.artifact.binding.environment.runtime.load_domain.module_mode.kind = "class_path"
methods.2.outcome.report.artifact.binding.environment.runtime.load_domain.parent_loader = null
methods.2.outcome.report.artifact.binding.environment.runtime.load_domain.roots.0.kind = "standalone_class"
methods.2.outcome.report.artifact.binding.environment.runtime.load_domain.roots.0.snapshot = "075d562f553ce01d225bba2c98523dc1e23f762fac6230124e61576aa05cff76"
methods.2.outcome.report.artifact.binding.environment.runtime.load_domain.runtime_transformation = "none"
methods.2.outcome.report.artifact.binding.environment.runtime.physical.scope.kind = "snapshot_all"
methods.2.outcome.report.artifact.binding.environment.runtime.physical.snapshot = "075d562f553ce01d225bba2c98523dc1e23f762fac6230124e61576aa05cff76"
methods.2.outcome.report.artifact.binding.environment.runtime.profile.java_release = 8
methods.2.outcome.report.artifact.binding.environment.runtime.profile.layout.kind = "generic"
methods.2.outcome.report.artifact.binding.environment.runtime.profile.multi_release.kind = "disabled"
methods.2.outcome.report.artifact.binding.member_ordinal = 2
methods.2.outcome.report.artifact.binding.method.descriptor = [40,76,106,97,118,97,47,108,97,110,103,47,83,116,114,105,110,103,59,41,76,106,97,118,97,47,108,97,110,103,47,83,116,114,105,110,103,59]
methods.2.outcome.report.artifact.binding.method.name = [101,99,104,111]
methods.2.outcome.report.artifact.binding.method.owner.class_bytes.digest = "075d562f553ce01d225bba2c98523dc1e23f762fac6230124e61576aa05cff76"
methods.2.outcome.report.artifact.binding.method.owner.class_bytes.length = 432
methods.2.outcome.report.artifact.binding.method.owner.location.kind = "standalone_root"
methods.2.outcome.report.artifact.binding.method.owner.location.snapshot = "075d562f553ce01d225bba2c98523dc1e23f762fac6230124e61576aa05cff76"
methods.2.outcome.report.artifact.binding.method.owner.variant.kind = "base"
methods.2.outcome.report.artifact.binding.profile.java_release = 8
methods.2.outcome.report.artifact.binding.profile.layout.kind = "generic"
methods.2.outcome.report.artifact.binding.profile.multi_release.kind = "disabled"
methods.2.outcome.report.artifact.binding.registry = 71
methods.2.outcome.report.artifact.binding.rules = ["straight@1","if@1","loop@1","switch@1","lambda@1","concat@1","bridge@1","accessor@1","new@1","field@1","enumswitch@1","init@1","declaration@1","twr@1","monitor@1"]
methods.2.outcome.report.artifact.binding.schema = 1
methods.2.outcome.report.artifact.binding.text_bytes = 217
methods.2.outcome.report.artifact.binding.text_digest = "2dfd981a9c486258c9f1f8a0326b22e3"
methods.2.outcome.report.bridges = []
methods.2.outcome.report.compile_status = "not_attempted"
methods.2.outcome.report.concats = []
methods.2.outcome.report.content = "contains_statements"
methods.2.outcome.report.declaration = null
methods.2.outcome.report.diagnostics.0.code = "jre_recovery_produced"
methods.2.outcome.report.diagnostics.0.message = "1 region(s), 1 statement(s), 2 segment(s), 217 byte(s) written from 1 canonical block(s)"
methods.2.outcome.report.diagnostics.0.provenance = null
methods.2.outcome.report.diagnostics.0.severity = "info"
methods.2.outcome.report.diagnostics.1.code = "jre_declaration"
methods.2.outcome.report.diagnostics.1.message = "the artifact's envelope states the member's declaration under declaration@1: an instance method"
methods.2.outcome.report.diagnostics.1.provenance = null
methods.2.outcome.report.diagnostics.1.severity = "info"
methods.2.outcome.report.enum_switches = []
methods.2.outcome.report.evidence.categories.0.kind = "source_map"
methods.2.outcome.report.evidence.categories.0.state.state = "not_requested"
methods.2.outcome.report.evidence.categories.1.kind = "region_details"
methods.2.outcome.report.evidence.categories.1.state.state = "not_requested"
methods.2.outcome.report.evidence.categories.2.kind = "rule_details"
methods.2.outcome.report.evidence.categories.2.state.state = "not_requested"
methods.2.outcome.report.evidence.categories.3.kind = "name_details"
methods.2.outcome.report.evidence.categories.3.state.state = "not_requested"
methods.2.outcome.report.evidence.categories.4.kind = "read_details"
methods.2.outcome.report.evidence.categories.4.state.state = "not_requested"
methods.2.outcome.report.evidence.requested.driver_bci_range = null
methods.2.outcome.report.evidence.requested.expected_artifact = null
methods.2.outcome.report.evidence.requested.kinds = []
methods.2.outcome.report.execution.status = "complete"
methods.2.outcome.report.execution.usage.analysis_steps = 69
methods.2.outcome.report.execution.usage.archive_entries = 0
methods.2.outcome.report.execution.usage.attribute_bytes = 366
methods.2.outcome.report.execution.usage.class_bytes = 864
methods.2.outcome.report.execution.usage.class_headers = 1
methods.2.outcome.report.execution.usage.code_bytes = 10
methods.2.outcome.report.execution.usage.dependency_depth = 0
methods.2.outcome.report.execution.usage.elapsed_millis = 1
methods.2.outcome.report.execution.usage.entry_bytes = 0
methods.2.outcome.report.execution.usage.input_bytes = 432
methods.2.outcome.report.execution.usage.ir_edges = 5
methods.2.outcome.report.execution.usage.ir_items = 167
methods.2.outcome.report.execution.usage.method_bodies = 3
methods.2.outcome.report.execution.usage.nested_depth = 0
methods.2.outcome.report.execution.usage.normalization_clones = 0
methods.2.outcome.report.execution.usage.output_bytes = 1039
methods.2.outcome.report.execution.usage.read_bytes = 432
methods.2.outcome.report.execution.usage.result_items = 14
methods.2.outcome.report.fallbacks = []
methods.2.outcome.report.fields = []
methods.2.outcome.report.init = null
methods.2.outcome.report.lambdas = []
methods.2.outcome.report.method = "echo(Ljava/lang/String;)Ljava/lang/String;"
methods.2.outcome.report.news = []
methods.2.outcome.report.outcome = "produced"
methods.2.outcome.report.profile.java_release = 8
methods.2.outcome.report.profile.layout.kind = "generic"
methods.2.outcome.report.profile.multi_release.kind = "disabled"
methods.2.outcome.report.quality = "structured"
methods.2.outcome.report.regions = []
methods.2.outcome.report.representation = "java"
methods.2.outcome.report.rules = []
methods.2.outcome.report.semantic_validation = "unproven"
methods.2.outcome.report.source_map.segments = []
methods.2.outcome.report.syntax_status = "unchecked"
methods.2.outcome.report.text = "// @method echo(Ljava/lang/String;)Ljava/lang/String;\n// @declaration an instance method of `HiddenTypeUse`, member flags 0x0000\n// recovered from bytecode; presentation is not claimed to compile\n{\n    return arg1;\n}\n"
methods.2.outcome.report.verification = "not_performed"
methods.2.parameter_annotations.attributes = []
methods.2.parameter_annotations.refusals = []
methods.2.parameter_annotations.uses_by_position = [[]]
methods.2.text = "    java.lang.String echo(java.lang.@HiddenMark(value = \"parameter\") String arg1) {\n        // @method echo(Ljava/lang/String;)Ljava/lang/String;\n        // @declaration an instance method of `HiddenTypeUse`, member flags 0x0000\n        // recovered from bytecode; presentation is not claimed to compile\n        return arg1;\n    }\n"
methods.2.type_annotations.attributes.0.annotations.0.annotation.Annotation.elements.0.name = [118,97,108,117,101]
methods.2.type_annotations.attributes.0.annotations.0.annotation.Annotation.elements.0.value.Utf8 = [112,97,114,97,109,101,116,101,114]
methods.2.type_annotations.attributes.0.annotations.0.annotation.Annotation.type_descriptor = [76,72,105,100,100,101,110,77,97,114,107,59]
methods.2.type_annotations.attributes.0.annotations.0.refusal = null
methods.2.type_annotations.attributes.0.annotations.0.spelling = "@HiddenMark(value = \"parameter\")"
methods.2.type_annotations.attributes.0.annotations.0.target_info = [0]
methods.2.type_annotations.attributes.0.annotations.0.target_type = 22
methods.2.type_annotations.attributes.0.annotations.0.type_path = []
methods.2.type_annotations.attributes.0.attribute.content_span.length = 14
methods.2.type_annotations.attributes.0.attribute.content_span.start = 416
methods.2.type_annotations.attributes.0.attribute.name.escaped = "RuntimeInvisibleTypeAnnotations"
methods.2.type_annotations.attributes.0.attribute.name.raw = [82,117,110,116,105,109,101,73,110,118,105,115,105,98,108,101,84,121,112,101,65,110,110,111,116,97,116,105,111,110,115]
methods.2.type_annotations.attributes.0.attribute.name.utf16 = [82,117,110,116,105,109,101,73,110,118,105,115,105,98,108,101,84,121,112,101,65,110,110,111,116,97,116,105,111,110,115]
methods.2.type_annotations.attributes.0.attribute.span.length = 20
methods.2.type_annotations.attributes.0.attribute.span.start = 410
methods.2.type_annotations.field_uses = []
methods.2.type_annotations.parameter_uses = [["@HiddenMark(value = \"parameter\")"]]
methods.2.type_annotations.refusals = []
methods.2.type_annotations.return_uses = []
outcome = "performed"
stages = ["raw_facts","raw_cfg","legacy_normalization","canonical_cfg","frame","ssa"]
usage.analysis_steps = 69
usage.archive_entries = 0
usage.attribute_bytes = 366
usage.class_bytes = 864
usage.class_headers = 1
usage.code_bytes = 10
usage.dependency_depth = 0
usage.elapsed_millis = 1
usage.entry_bytes = 0
usage.input_bytes = 432
usage.ir_edges = 5
usage.ir_items = 167
usage.method_bodies = 3
usage.nested_depth = 0
usage.normalization_clones = 0
usage.output_bytes = 1039
usage.read_bytes = 432
usage.result_items = 15
view.scope.kind = "snapshot_all"
view.snapshot = "075d562f553ce01d225bba2c98523dc1e23f762fac6230124e61576aa05cff76"
