class.class_bytes.digest = "f5ea304e50a8d7605d0649c78239fb3a330125c192599c0a3e663d1cfc25ea00"
class.class_bytes.length = 365
class.location.kind = "standalone_root"
class.location.snapshot = "f5ea304e50a8d7605d0649c78239fb3a330125c192599c0a3e663d1cfc25ea00"
class.variant.kind = "base"
coverage.artifact_structural.scanned.0.end = 1
coverage.artifact_structural.scanned.0.label = "navigation_candidates"
coverage.artifact_structural.scanned.0.start = 0
coverage.artifact_structural.scanned.1.end = 1
coverage.artifact_structural.scanned.1.label = "class_methods"
coverage.artifact_structural.scanned.1.start = 0
coverage.artifact_structural.skipped = []
coverage.artifact_structural.state = "complete_within_schema"
coverage.artifact_structural.uninterpreted_extensions = []
coverage.dynamic_analysis.scanned = []
coverage.dynamic_analysis.skipped = []
coverage.dynamic_analysis.state = "not_requested"
coverage.dynamic_analysis.uninterpreted_extensions = []
coverage.runtime_resolution.scanned = []
coverage.runtime_resolution.skipped = []
coverage.runtime_resolution.state = "not_requested"
coverage.runtime_resolution.uninterpreted_extensions = []
declaration.annotation_attributes.0.annotations.0.Annotation.elements.0.name = [118,97,108,117,101]
declaration.annotation_attributes.0.annotations.0.Annotation.elements.0.value.Enum.constant_name = [82,85,78,84,73,77,69]
declaration.annotation_attributes.0.annotations.0.Annotation.elements.0.value.Enum.type_descriptor = [76,106,97,118,97,47,108,97,110,103,47,97,110,110,111,116,97,116,105,111,110,47,82,101,116,101,110,116,105,111,110,80,111,108,105,99,121,59]
declaration.annotation_attributes.0.annotations.0.Annotation.type_descriptor = [76,106,97,118,97,47,108,97,110,103,47,97,110,110,111,116,97,116,105,111,110,47,82,101,116,101,110,116,105,111,110,59]
declaration.annotation_attributes.0.annotations.1.Annotation.elements.0.name = [118,97,108,117,101]
declaration.annotation_attributes.0.annotations.1.Annotation.elements.0.value.Array.0.Enum.constant_name = [84,89,80,69,95,85,83,69]
declaration.annotation_attributes.0.annotations.1.Annotation.elements.0.value.Array.0.Enum.type_descriptor = [76,106,97,118,97,47,108,97,110,103,47,97,110,110,111,116,97,116,105,111,110,47,69,108,101,109,101,110,116,84,121,112,101,59]
declaration.annotation_attributes.0.annotations.1.Annotation.type_descriptor = [76,106,97,118,97,47,108,97,110,103,47,97,110,110,111,116,97,116,105,111,110,47,84,97,114,103,101,116,59]
declaration.annotation_attributes.0.attribute.content_span.length = 27
declaration.annotation_attributes.0.attribute.content_span.start = 338
declaration.annotation_attributes.0.attribute.name.escaped = "RuntimeVisibleAnnotations"
declaration.annotation_attributes.0.attribute.name.raw = [82,117,110,116,105,109,101,86,105,115,105,98,108,101,65,110,110,111,116,97,116,105,111,110,115]
declaration.annotation_attributes.0.attribute.name.utf16 = [82,117,110,116,105,109,101,86,105,115,105,98,108,101,65,110,110,111,116,97,116,105,111,110,115]
declaration.annotation_attributes.0.attribute.span.length = 33
declaration.annotation_attributes.0.attribute.span.start = 332
declaration.annotation_refusals = []
declaration.annotation_uses = ["@java.lang.annotation.Retention(value = java.lang.annotation.RetentionPolicy.RUNTIME)","@java.lang.annotation.Target(value = {java.lang.annotation.ElementType.TYPE_USE})"]
declaration.declaration = "@interface TypeMark"
declaration.item.binding.kind = "standalone_root"
declaration.item.declaration.access_flags = 9728
declaration.item.declaration.interfaces.0.escaped = "java/lang/annotation/Annotation"
declaration.item.declaration.interfaces.0.raw = [106,97,118,97,47,108,97,110,103,47,97,110,110,111,116,97,116,105,111,110,47,65,110,110,111,116,97,116,105,111,110]
declaration.item.declaration.interfaces.0.utf16 = [106,97,118,97,47,108,97,110,103,47,97,110,110,111,116,97,116,105,111,110,47,65,110,110,111,116,97,116,105,111,110]
declaration.item.declaration.super_class.escaped = "java/lang/Object"
declaration.item.declaration.super_class.raw = [106,97,118,97,47,108,97,110,103,47,79,98,106,101,99,116]
declaration.item.declaration.super_class.utf16 = [106,97,118,97,47,108,97,110,103,47,79,98,106,101,99,116]
declaration.item.declaration.this_class.escaped = "TypeMark"
declaration.item.declaration.this_class.raw = [84,121,112,101,77,97,114,107]
declaration.item.declaration.this_class.utf16 = [84,121,112,101,77,97,114,107]
declaration.item.definition.class_bytes.digest = "f5ea304e50a8d7605d0649c78239fb3a330125c192599c0a3e663d1cfc25ea00"
declaration.item.definition.class_bytes.length = 365
declaration.item.definition.location.kind = "standalone_root"
declaration.item.definition.location.snapshot = "f5ea304e50a8d7605d0649c78239fb3a330125c192599c0a3e663d1cfc25ea00"
declaration.item.definition.variant.kind = "base"
declaration.item.member_table = null
declaration.name = "TypeMark"
diagnostics = []
execution.status = "complete"
execution.usage.analysis_steps = 0
execution.usage.archive_entries = 0
execution.usage.attribute_bytes = 66
execution.usage.class_bytes = 365
execution.usage.class_headers = 1
execution.usage.code_bytes = 0
execution.usage.dependency_depth = 0
execution.usage.elapsed_millis = 1
execution.usage.entry_bytes = 0
execution.usage.input_bytes = 365
execution.usage.ir_edges = 0
execution.usage.ir_items = 0
execution.usage.method_bodies = 0
execution.usage.nested_depth = 0
execution.usage.normalization_clones = 0
execution.usage.output_bytes = 365
execution.usage.read_bytes = 365
execution.usage.result_items = 5
fields = []
limits.analysis_steps = 4194304
limits.archive_entries = 65536
limits.attribute_bytes = 67108864
limits.class_bytes = 67108864
limits.class_headers = 4096
limits.code_bytes = 16777216
limits.dependency_depth = 8
limits.elapsed_millis = 30000
limits.entry_bytes = 67108864
limits.input_bytes = 67108864
limits.ir_edges = 4194304
limits.ir_items = 4194304
limits.method_bodies = 4096
limits.nested_depth = 4
limits.normalization_clones = 1048576
limits.output_bytes = 16777216
limits.read_bytes = 67108864
limits.result_items = 65536
methods.0.annotations.attributes = []
methods.0.annotations.refusals = []
methods.0.annotations.uses = []
methods.0.declaration = "public abstract java.lang.String value()"
methods.0.item.access_flags = 1025
methods.0.item.body.kind = "no_code_attribute"
methods.0.item.descriptor.escaped = "()Ljava/lang/String;"
methods.0.item.descriptor.raw = [40,41,76,106,97,118,97,47,108,97,110,103,47,83,116,114,105,110,103,59]
methods.0.item.descriptor.utf16 = [40,41,76,106,97,118,97,47,108,97,110,103,47,83,116,114,105,110,103,59]
methods.0.item.identity.descriptor = [40,41,76,106,97,118,97,47,108,97,110,103,47,83,116,114,105,110,103,59]
methods.0.item.identity.name = [118,97,108,117,101]
methods.0.item.identity.owner.class_bytes.digest = "f5ea304e50a8d7605d0649c78239fb3a330125c192599c0a3e663d1cfc25ea00"
methods.0.item.identity.owner.class_bytes.length = 365
methods.0.item.identity.owner.location.kind = "standalone_root"
methods.0.item.identity.owner.location.snapshot = "f5ea304e50a8d7605d0649c78239fb3a330125c192599c0a3e663d1cfc25ea00"
methods.0.item.identity.owner.variant.kind = "base"
methods.0.item.index = 0
methods.0.item.name.escaped = "value"
methods.0.item.name.raw = [118,97,108,117,101]
methods.0.item.name.utf16 = [118,97,108,117,101]
methods.0.markers = ["// jarde: no body: the member `value()Ljava/lang/String;` is declared abstract and its declaration carries no Code attribute"]
methods.0.no_body_kind = "abstract"
methods.0.outcome.kind = "no_body"
methods.0.parameter_annotations.attributes = []
methods.0.parameter_annotations.refusals = []
methods.0.parameter_annotations.uses_by_position = []
methods.0.text = "    // jarde: no body: the member `value()Ljava/lang/String;` is declared abstract and its declaration carries no Code attribute\n    public abstract java.lang.String value();\n"
methods.0.type_annotations.attributes = []
methods.0.type_annotations.field_uses = []
methods.0.type_annotations.parameter_uses = []
methods.0.type_annotations.refusals = []
methods.0.type_annotations.return_uses = []
outcome = "performed"
stages = ["raw_facts","raw_cfg","legacy_normalization","canonical_cfg","frame","ssa"]
usage.analysis_steps = 0
usage.archive_entries = 0
usage.attribute_bytes = 66
usage.class_bytes = 365
usage.class_headers = 1
usage.code_bytes = 0
usage.dependency_depth = 0
usage.elapsed_millis = 1
usage.entry_bytes = 0
usage.input_bytes = 365
usage.ir_edges = 0
usage.ir_items = 0
usage.method_bodies = 0
usage.nested_depth = 0
usage.normalization_clones = 0
usage.output_bytes = 365
usage.read_bytes = 365
usage.result_items = 5
view.scope.kind = "snapshot_all"
view.snapshot = "f5ea304e50a8d7605d0649c78239fb3a330125c192599c0a3e663d1cfc25ea00"
