Classfile /Users/lordcasser/workspace/projects/jarde/openspec/evidence/java-syntax-2026-09-22/type-use-annotations/generated/recovered/original/TypeUseSubject.class
  Last modified 2026年9月23日; size 429 bytes
  SHA-256 checksum ca652feaf10023254cb32fef0e2ad07efebfb5ab97fc111bb192bc0b45c5619e
final class TypeUseSubject
  minor version: 0
  major version: 52
  flags: (0x0030) ACC_FINAL, ACC_SUPER
  this_class: #9                          // TypeUseSubject
  super_class: #2                         // java/lang/Object
  interfaces: 0, fields: 1, methods: 3, attributes: 0
Constant pool:
   #1 = Methodref          #2.#3          // java/lang/Object."<init>":()V
   #2 = Class              #4             // java/lang/Object
   #3 = NameAndType        #5:#6          // "<init>":()V
   #4 = Utf8               java/lang/Object
   #5 = Utf8               <init>
   #6 = Utf8               ()V
   #7 = String             #8             // value
   #8 = Utf8               value
   #9 = Class              #10            // TypeUseSubject
  #10 = Utf8               TypeUseSubject
  #11 = Utf8               field
  #12 = Utf8               Ljava/lang/String;
  #13 = Utf8               RuntimeVisibleTypeAnnotations
  #14 = Utf8               LTypeMark;
  #15 = Utf8               Code
  #16 = Utf8               ()Ljava/lang/String;
  #17 = Utf8               return
  #18 = Utf8               echo
  #19 = Utf8               (Ljava/lang/String;)Ljava/lang/String;
  #20 = Utf8               parameter
{
  java.lang.String field;
    descriptor: Ljava/lang/String;
    flags: (0x0000)
    RuntimeVisibleTypeAnnotations:
      0: #14(#8=s#11): FIELD
        TypeMark(
          value="field"
        )

  TypeUseSubject();
    descriptor: ()V
    flags: (0x0000)
    Code:
      stack=1, locals=1, args_size=1
         0: aload_0
         1: invokespecial #1                  // Method java/lang/Object."<init>":()V
         4: return

  java.lang.String value();
    descriptor: ()Ljava/lang/String;
    flags: (0x0000)
    Code:
      stack=1, locals=1, args_size=1
         0: ldc           #7                  // String value
         2: areturn
    RuntimeVisibleTypeAnnotations:
      0: #14(#8=s#17): METHOD_RETURN
        TypeMark(
          value="return"
        )

  java.lang.String echo(java.lang.String);
    descriptor: (Ljava/lang/String;)Ljava/lang/String;
    flags: (0x0000)
    Code:
      stack=1, locals=2, args_size=2
         0: aload_1
         1: areturn
    RuntimeVisibleTypeAnnotations:
      0: #14(#8=s#20): METHOD_FORMAL_PARAMETER, param_index=0
        TypeMark(
          value="parameter"
        )
}
