Classfile /Users/lordcasser/workspace/projects/jarde/openspec/evidence/java-syntax-2026-09-22/type-use-annotations/generated/recovered/placement-jarde/PlacementSubject.class
  Last modified 2026年9月23日; size 935 bytes
  SHA-256 checksum 32d046c8674d258c89c64f6934eed9562a9f1b67b0fd89e9b80718433c9cfeb3
public class PlacementSubject
  minor version: 0
  major version: 52
  flags: (0x0021) ACC_PUBLIC, ACC_SUPER
  this_class: #23                         // PlacementSubject
  super_class: #2                         // java/lang/Object
  interfaces: 0, fields: 2, methods: 3, attributes: 0
Constant pool:
   #1 = Methodref          #2.#3          // java/lang/Object."<init>":()V
   #2 = Class              #4             // java/lang/Object
   #3 = NameAndType        #5:#6          // "<init>":()V
   #4 = Utf8               java/lang/Object
   #5 = Utf8               <init>
   #6 = Utf8               ()V
   #7 = Class              #8             // java/lang/StringBuilder
   #8 = Utf8               java/lang/StringBuilder
   #9 = Methodref          #7.#3          // java/lang/StringBuilder."<init>":()V
  #10 = Methodref          #7.#11         // java/lang/StringBuilder.append:(Ljava/lang/String;)Ljava/lang/StringBuilder;
  #11 = NameAndType        #12:#13        // append:(Ljava/lang/String;)Ljava/lang/StringBuilder;
  #12 = Utf8               append
  #13 = Utf8               (Ljava/lang/String;)Ljava/lang/StringBuilder;
  #14 = Methodref          #7.#15         // java/lang/StringBuilder.append:(I)Ljava/lang/StringBuilder;
  #15 = NameAndType        #12:#16        // append:(I)Ljava/lang/StringBuilder;
  #16 = Utf8               (I)Ljava/lang/StringBuilder;
  #17 = Methodref          #7.#18         // java/lang/StringBuilder.toString:()Ljava/lang/String;
  #18 = NameAndType        #19:#20        // toString:()Ljava/lang/String;
  #19 = Utf8               toString
  #20 = Utf8               ()Ljava/lang/String;
  #21 = String             #22            // qualified
  #22 = Utf8               qualified
  #23 = Class              #24            // PlacementSubject
  #24 = Utf8               PlacementSubject
  #25 = Utf8               scalarField
  #26 = Utf8               I
  #27 = Utf8               RuntimeVisibleAnnotations
  #28 = Utf8               LPlaceMark;
  #29 = Utf8               value
  #30 = Utf8               field-scalar
  #31 = Utf8               RuntimeVisibleTypeAnnotations
  #32 = Utf8               qualifiedField
  #33 = Utf8               Ljava/lang/String;
  #34 = Utf8               field-qualified
  #35 = Utf8               Code
  #36 = Utf8               scalarMethod
  #37 = Utf8               (ILjava/lang/String;)Ljava/lang/String;
  #38 = Utf8               method-scalar
  #39 = Utf8               parameter-scalar
  #40 = Utf8               parameter-qualified
  #41 = Utf8               RuntimeVisibleParameterAnnotations
  #42 = Utf8               qualifiedMethod
  #43 = Utf8               method-qualified
{
  int scalarField;
    descriptor: I
    flags: (0x0000)
    RuntimeVisibleAnnotations:
      0: #28(#29=s#30)
        PlaceMark(
          value="field-scalar"
        )
    RuntimeVisibleTypeAnnotations:
      0: #28(#29=s#30): FIELD
        PlaceMark(
          value="field-scalar"
        )

  java.lang.String qualifiedField;
    descriptor: Ljava/lang/String;
    flags: (0x0000)
    RuntimeVisibleTypeAnnotations:
      0: #28(#29=s#34): FIELD
        PlaceMark(
          value="field-qualified"
        )

  public PlacementSubject();
    descriptor: ()V
    flags: (0x0001) ACC_PUBLIC
    Code:
      stack=1, locals=1, args_size=1
         0: aload_0
         1: invokespecial #1                  // Method java/lang/Object."<init>":()V
         4: return

  java.lang.String scalarMethod(int, java.lang.String);
    descriptor: (ILjava/lang/String;)Ljava/lang/String;
    flags: (0x0000)
    Code:
      stack=2, locals=3, args_size=3
         0: new           #7                  // class java/lang/StringBuilder
         3: dup
         4: invokespecial #9                  // Method java/lang/StringBuilder."<init>":()V
         7: aload_2
         8: invokevirtual #10                 // Method java/lang/StringBuilder.append:(Ljava/lang/String;)Ljava/lang/StringBuilder;
        11: iload_1
        12: invokevirtual #14                 // Method java/lang/StringBuilder.append:(I)Ljava/lang/StringBuilder;
        15: invokevirtual #17                 // Method java/lang/StringBuilder.toString:()Ljava/lang/String;
        18: areturn
    RuntimeVisibleAnnotations:
      0: #28(#29=s#38)
        PlaceMark(
          value="method-scalar"
        )
    RuntimeVisibleTypeAnnotations:
      0: #28(#29=s#38): METHOD_RETURN
        PlaceMark(
          value="method-scalar"
        )
      1: #28(#29=s#39): METHOD_FORMAL_PARAMETER, param_index=0
        PlaceMark(
          value="parameter-scalar"
        )
      2: #28(#29=s#40): METHOD_FORMAL_PARAMETER, param_index=1
        PlaceMark(
          value="parameter-qualified"
        )
    RuntimeVisibleParameterAnnotations:
      parameter 0:
        0: #28(#29=s#39)
          PlaceMark(
            value="parameter-scalar"
          )
      parameter 1:

  java.lang.String qualifiedMethod();
    descriptor: ()Ljava/lang/String;
    flags: (0x0000)
    Code:
      stack=1, locals=1, args_size=1
         0: ldc           #21                 // String qualified
         2: areturn
    RuntimeVisibleTypeAnnotations:
      0: #28(#29=s#43): METHOD_RETURN
        PlaceMark(
          value="method-qualified"
        )
}
