class.class_bytes.digest = "0a29b013d73b85ca4cd660066d850d3f47a1a3c3e29a1b267192066bdd3933ac"
class.class_bytes.length = 935
class.location.kind = "standalone_root"
class.location.snapshot = "0a29b013d73b85ca4cd660066d850d3f47a1a3c3e29a1b267192066bdd3933ac"
class.variant.kind = "base"
coverage.artifact_structural.scanned.0.end = 1
coverage.artifact_structural.scanned.0.label = "navigation_candidates"
coverage.artifact_structural.scanned.0.start = 0
coverage.artifact_structural.scanned.1.end = 2
coverage.artifact_structural.scanned.1.label = "class_fields"
coverage.artifact_structural.scanned.1.start = 0
coverage.artifact_structural.scanned.2.end = 3
coverage.artifact_structural.scanned.2.label = "class_methods"
coverage.artifact_structural.scanned.2.start = 0
coverage.artifact_structural.scanned.3.end = 3
coverage.artifact_structural.scanned.3.label = "class_source_bodies"
coverage.artifact_structural.scanned.3.start = 0
coverage.artifact_structural.skipped = []
coverage.artifact_structural.state = "complete_within_schema"
coverage.artifact_structural.uninterpreted_extensions = []
coverage.dynamic_analysis.scanned = []
coverage.dynamic_analysis.skipped = []
coverage.dynamic_analysis.state = "not_requested"
coverage.dynamic_analysis.uninterpreted_extensions = []
coverage.runtime_resolution.scanned = []
coverage.runtime_resolution.skipped = []
coverage.runtime_resolution.state = "not_requested"
coverage.runtime_resolution.uninterpreted_extensions = []
declaration.annotation_attributes = []
declaration.annotation_refusals = []
declaration.annotation_uses = []
declaration.declaration = "public class PlacementSubject extends java.lang.Object"
declaration.item.binding.kind = "standalone_root"
declaration.item.declaration.access_flags = 33
declaration.item.declaration.interfaces = []
declaration.item.declaration.super_class.escaped = "java/lang/Object"
declaration.item.declaration.super_class.raw = [106,97,118,97,47,108,97,110,103,47,79,98,106,101,99,116]
declaration.item.declaration.super_class.utf16 = [106,97,118,97,47,108,97,110,103,47,79,98,106,101,99,116]
declaration.item.declaration.this_class.escaped = "PlacementSubject"
declaration.item.declaration.this_class.raw = [80,108,97,99,101,109,101,110,116,83,117,98,106,101,99,116]
declaration.item.declaration.this_class.utf16 = [80,108,97,99,101,109,101,110,116,83,117,98,106,101,99,116]
declaration.item.definition.class_bytes.digest = "0a29b013d73b85ca4cd660066d850d3f47a1a3c3e29a1b267192066bdd3933ac"
declaration.item.definition.class_bytes.length = 935
declaration.item.definition.location.kind = "standalone_root"
declaration.item.definition.location.snapshot = "0a29b013d73b85ca4cd660066d850d3f47a1a3c3e29a1b267192066bdd3933ac"
declaration.item.definition.variant.kind = "base"
declaration.item.member_table = null
declaration.name = "PlacementSubject"
diagnostics = []
execution.status = "complete"
execution.usage.analysis_steps = 102
execution.usage.archive_entries = 0
execution.usage.attribute_bytes = 705
execution.usage.class_bytes = 1870
execution.usage.class_headers = 1
execution.usage.code_bytes = 27
execution.usage.dependency_depth = 0
execution.usage.elapsed_millis = 2
execution.usage.entry_bytes = 0
execution.usage.input_bytes = 935
execution.usage.ir_edges = 13
execution.usage.ir_items = 383
execution.usage.method_bodies = 3
execution.usage.nested_depth = 0
execution.usage.normalization_clones = 0
execution.usage.output_bytes = 1581
execution.usage.read_bytes = 935
execution.usage.result_items = 21
fields.0.annotations.attributes.0.annotations.0.Annotation.elements.0.name = [118,97,108,117,101]
fields.0.annotations.attributes.0.annotations.0.Annotation.elements.0.value.Utf8 = [102,105,101,108,100,45,115,99,97,108,97,114]
fields.0.annotations.attributes.0.annotations.0.Annotation.type_descriptor = [76,80,108,97,99,101,77,97,114,107,59]
fields.0.annotations.attributes.0.attribute.content_span.length = 11
fields.0.annotations.attributes.0.attribute.content_span.start = 670
fields.0.annotations.attributes.0.attribute.name.escaped = "RuntimeVisibleAnnotations"
fields.0.annotations.attributes.0.attribute.name.raw = [82,117,110,116,105,109,101,86,105,115,105,98,108,101,65,110,110,111,116,97,116,105,111,110,115]
fields.0.annotations.attributes.0.attribute.name.utf16 = [82,117,110,116,105,109,101,86,105,115,105,98,108,101,65,110,110,111,116,97,116,105,111,110,115]
fields.0.annotations.attributes.0.attribute.span.length = 17
fields.0.annotations.attributes.0.attribute.span.start = 664
fields.0.annotations.refusals = []
fields.0.annotations.uses = ["@PlaceMark(value = \"field-scalar\")"]
fields.0.declaration = "int scalarField"
fields.0.item.access_flags = 0
fields.0.item.descriptor.escaped = "I"
fields.0.item.descriptor.raw = [73]
fields.0.item.descriptor.utf16 = [73]
fields.0.item.identity.member.descriptor = [73]
fields.0.item.identity.member.kind = "field"
fields.0.item.identity.member.name = [115,99,97,108,97,114,70,105,101,108,100]
fields.0.item.identity.owner.class_bytes.digest = "0a29b013d73b85ca4cd660066d850d3f47a1a3c3e29a1b267192066bdd3933ac"
fields.0.item.identity.owner.class_bytes.length = 935
fields.0.item.identity.owner.location.kind = "standalone_root"
fields.0.item.identity.owner.location.snapshot = "0a29b013d73b85ca4cd660066d850d3f47a1a3c3e29a1b267192066bdd3933ac"
fields.0.item.identity.owner.variant.kind = "base"
fields.0.item.index = 0
fields.0.item.name.escaped = "scalarField"
fields.0.item.name.raw = [115,99,97,108,97,114,70,105,101,108,100]
fields.0.item.name.utf16 = [115,99,97,108,97,114,70,105,101,108,100]
fields.0.markers = ["// jarde: type annotation refused: target=0x13 info=[] path=[]: same annotation type is present on the declaration and type target"]
fields.0.type_annotations.attributes.0.annotations.0.annotation.Annotation.elements.0.name = [118,97,108,117,101]
fields.0.type_annotations.attributes.0.annotations.0.annotation.Annotation.elements.0.value.Utf8 = [102,105,101,108,100,45,115,99,97,108,97,114]
fields.0.type_annotations.attributes.0.annotations.0.annotation.Annotation.type_descriptor = [76,80,108,97,99,101,77,97,114,107,59]
fields.0.type_annotations.attributes.0.annotations.0.refusal = "same annotation type is present on the declaration and type target"
fields.0.type_annotations.attributes.0.annotations.0.spelling = null
fields.0.type_annotations.attributes.0.annotations.0.target_info = []
fields.0.type_annotations.attributes.0.annotations.0.target_type = 19
fields.0.type_annotations.attributes.0.annotations.0.type_path = []
fields.0.type_annotations.attributes.0.attribute.content_span.length = 13
fields.0.type_annotations.attributes.0.attribute.content_span.start = 687
fields.0.type_annotations.attributes.0.attribute.name.escaped = "RuntimeVisibleTypeAnnotations"
fields.0.type_annotations.attributes.0.attribute.name.raw = [82,117,110,116,105,109,101,86,105,115,105,98,108,101,84,121,112,101,65,110,110,111,116,97,116,105,111,110,115]
fields.0.type_annotations.attributes.0.attribute.name.utf16 = [82,117,110,116,105,109,101,86,105,115,105,98,108,101,84,121,112,101,65,110,110,111,116,97,116,105,111,110,115]
fields.0.type_annotations.attributes.0.attribute.span.length = 19
fields.0.type_annotations.attributes.0.attribute.span.start = 681
fields.0.type_annotations.field_uses = []
fields.0.type_annotations.parameter_uses = []
fields.0.type_annotations.refusals = ["target=0x13 info=[] path=[]: same annotation type is present on the declaration and type target"]
fields.0.type_annotations.return_uses = []
fields.1.annotations.attributes = []
fields.1.annotations.refusals = []
fields.1.annotations.uses = []
fields.1.declaration = "java.lang.@PlaceMark(value = \"field-qualified\") String qualifiedField"
fields.1.item.access_flags = 0
fields.1.item.descriptor.escaped = "Ljava/lang/String;"
fields.1.item.descriptor.raw = [76,106,97,118,97,47,108,97,110,103,47,83,116,114,105,110,103,59]
fields.1.item.descriptor.utf16 = [76,106,97,118,97,47,108,97,110,103,47,83,116,114,105,110,103,59]
fields.1.item.identity.member.descriptor = [76,106,97,118,97,47,108,97,110,103,47,83,116,114,105,110,103,59]
fields.1.item.identity.member.kind = "field"
fields.1.item.identity.member.name = [113,117,97,108,105,102,105,101,100,70,105,101,108,100]
fields.1.item.identity.owner.class_bytes.digest = "0a29b013d73b85ca4cd660066d850d3f47a1a3c3e29a1b267192066bdd3933ac"
fields.1.item.identity.owner.class_bytes.length = 935
fields.1.item.identity.owner.location.kind = "standalone_root"
fields.1.item.identity.owner.location.snapshot = "0a29b013d73b85ca4cd660066d850d3f47a1a3c3e29a1b267192066bdd3933ac"
fields.1.item.identity.owner.variant.kind = "base"
fields.1.item.index = 1
fields.1.item.name.escaped = "qualifiedField"
fields.1.item.name.raw = [113,117,97,108,105,102,105,101,100,70,105,101,108,100]
fields.1.item.name.utf16 = [113,117,97,108,105,102,105,101,100,70,105,101,108,100]
fields.1.markers = []
fields.1.type_annotations.attributes.0.annotations.0.annotation.Annotation.elements.0.name = [118,97,108,117,101]
fields.1.type_annotations.attributes.0.annotations.0.annotation.Annotation.elements.0.value.Utf8 = [102,105,101,108,100,45,113,117,97,108,105,102,105,101,100]
fields.1.type_annotations.attributes.0.annotations.0.annotation.Annotation.type_descriptor = [76,80,108,97,99,101,77,97,114,107,59]
fields.1.type_annotations.attributes.0.annotations.0.refusal = null
fields.1.type_annotations.attributes.0.annotations.0.spelling = "@PlaceMark(value = \"field-qualified\")"
fields.1.type_annotations.attributes.0.annotations.0.target_info = []
fields.1.type_annotations.attributes.0.annotations.0.target_type = 19
fields.1.type_annotations.attributes.0.annotations.0.type_path = []
fields.1.type_annotations.attributes.0.attribute.content_span.length = 13
fields.1.type_annotations.attributes.0.attribute.content_span.start = 714
fields.1.type_annotations.attributes.0.attribute.name.escaped = "RuntimeVisibleTypeAnnotations"
fields.1.type_annotations.attributes.0.attribute.name.raw = [82,117,110,116,105,109,101,86,105,115,105,98,108,101,84,121,112,101,65,110,110,111,116,97,116,105,111,110,115]
fields.1.type_annotations.attributes.0.attribute.name.utf16 = [82,117,110,116,105,109,101,86,105,115,105,98,108,101,84,121,112,101,65,110,110,111,116,97,116,105,111,110,115]
fields.1.type_annotations.attributes.0.attribute.span.length = 19
fields.1.type_annotations.attributes.0.attribute.span.start = 708
fields.1.type_annotations.field_uses = ["@PlaceMark(value = \"field-qualified\")"]
fields.1.type_annotations.parameter_uses = []
fields.1.type_annotations.refusals = []
fields.1.type_annotations.return_uses = []
limits.analysis_steps = 4194304
limits.archive_entries = 65536
limits.attribute_bytes = 67108864
limits.class_bytes = 67108864
limits.class_headers = 4096
limits.code_bytes = 16777216
limits.dependency_depth = 8
limits.elapsed_millis = 30000
limits.entry_bytes = 67108864
limits.input_bytes = 67108864
limits.ir_edges = 4194304
limits.ir_items = 4194304
limits.method_bodies = 4096
limits.nested_depth = 4
limits.normalization_clones = 1048576
limits.output_bytes = 16777216
limits.read_bytes = 67108864
limits.result_items = 65536
methods.0.annotations.attributes = []
methods.0.annotations.refusals = []
methods.0.annotations.uses = []
methods.0.declaration = "public PlacementSubject()"
methods.0.item.access_flags = 1
methods.0.item.body.content_span.length = 17
methods.0.item.body.content_span.start = 743
methods.0.item.body.kind = "code_attribute"
methods.0.item.descriptor.escaped = "()V"
methods.0.item.descriptor.raw = [40,41,86]
methods.0.item.descriptor.utf16 = [40,41,86]
methods.0.item.identity.descriptor = [40,41,86]
methods.0.item.identity.name = [60,105,110,105,116,62]
methods.0.item.identity.owner.class_bytes.digest = "0a29b013d73b85ca4cd660066d850d3f47a1a3c3e29a1b267192066bdd3933ac"
methods.0.item.identity.owner.class_bytes.length = 935
methods.0.item.identity.owner.location.kind = "standalone_root"
methods.0.item.identity.owner.location.snapshot = "0a29b013d73b85ca4cd660066d850d3f47a1a3c3e29a1b267192066bdd3933ac"
methods.0.item.identity.owner.variant.kind = "base"
methods.0.item.index = 0
methods.0.item.name.escaped = "<init>"
methods.0.item.name.raw = [60,105,110,105,116,62]
methods.0.item.name.utf16 = [60,105,110,105,116,62]
methods.0.markers = []
methods.0.no_body_kind = null
methods.0.outcome.analysis.diagnostics = 0
methods.0.outcome.analysis.execution.status = "complete"
methods.0.outcome.analysis.execution.usage.analysis_steps = 21
methods.0.outcome.analysis.execution.usage.archive_entries = 0
methods.0.outcome.analysis.execution.usage.attribute_bytes = 548
methods.0.outcome.analysis.execution.usage.class_bytes = 1870
methods.0.outcome.analysis.execution.usage.class_headers = 1
methods.0.outcome.analysis.execution.usage.code_bytes = 5
methods.0.outcome.analysis.execution.usage.dependency_depth = 0
methods.0.outcome.analysis.execution.usage.elapsed_millis = 1
methods.0.outcome.analysis.execution.usage.entry_bytes = 0
methods.0.outcome.analysis.execution.usage.input_bytes = 935
methods.0.outcome.analysis.execution.usage.ir_edges = 2
methods.0.outcome.analysis.execution.usage.ir_items = 48
methods.0.outcome.analysis.execution.usage.method_bodies = 1
methods.0.outcome.analysis.execution.usage.nested_depth = 0
methods.0.outcome.analysis.execution.usage.normalization_clones = 0
methods.0.outcome.analysis.execution.usage.output_bytes = 935
methods.0.outcome.analysis.execution.usage.read_bytes = 935
methods.0.outcome.analysis.execution.usage.result_items = 18
methods.0.outcome.kind = "recovered"
methods.0.outcome.report.accessors = []
methods.0.outcome.report.aliased_names = []
methods.0.outcome.report.artifact.agreement.state = "not_stated"
methods.0.outcome.report.artifact.binding.engine = "0.1.0"
methods.0.outcome.report.artifact.binding.environment.content = ["0a29b013d73b85ca4cd660066d850d3f47a1a3c3e29a1b267192066bdd3933ac"]
methods.0.outcome.report.artifact.binding.environment.domain_loaders = ["app"]
methods.0.outcome.report.artifact.binding.environment.providers = []
methods.0.outcome.report.artifact.binding.environment.runtime.load_domain.delegation.kind = "parent_first"
methods.0.outcome.report.artifact.binding.environment.runtime.load_domain.external_override = "none"
methods.0.outcome.report.artifact.binding.environment.runtime.load_domain.loader = "app"
methods.0.outcome.report.artifact.binding.environment.runtime.load_domain.module_mode.kind = "class_path"
methods.0.outcome.report.artifact.binding.environment.runtime.load_domain.parent_loader = null
methods.0.outcome.report.artifact.binding.environment.runtime.load_domain.roots.0.kind = "standalone_class"
methods.0.outcome.report.artifact.binding.environment.runtime.load_domain.roots.0.snapshot = "0a29b013d73b85ca4cd660066d850d3f47a1a3c3e29a1b267192066bdd3933ac"
methods.0.outcome.report.artifact.binding.environment.runtime.load_domain.runtime_transformation = "none"
methods.0.outcome.report.artifact.binding.environment.runtime.physical.scope.kind = "snapshot_all"
methods.0.outcome.report.artifact.binding.environment.runtime.physical.snapshot = "0a29b013d73b85ca4cd660066d850d3f47a1a3c3e29a1b267192066bdd3933ac"
methods.0.outcome.report.artifact.binding.environment.runtime.profile.java_release = 8
methods.0.outcome.report.artifact.binding.environment.runtime.profile.layout.kind = "generic"
methods.0.outcome.report.artifact.binding.environment.runtime.profile.multi_release.kind = "disabled"
methods.0.outcome.report.artifact.binding.member_ordinal = 0
methods.0.outcome.report.artifact.binding.method.descriptor = [40,41,86]
methods.0.outcome.report.artifact.binding.method.name = [60,105,110,105,116,62]
methods.0.outcome.report.artifact.binding.method.owner.class_bytes.digest = "0a29b013d73b85ca4cd660066d850d3f47a1a3c3e29a1b267192066bdd3933ac"
methods.0.outcome.report.artifact.binding.method.owner.class_bytes.length = 935
methods.0.outcome.report.artifact.binding.method.owner.location.kind = "standalone_root"
methods.0.outcome.report.artifact.binding.method.owner.location.snapshot = "0a29b013d73b85ca4cd660066d850d3f47a1a3c3e29a1b267192066bdd3933ac"
methods.0.outcome.report.artifact.binding.method.owner.variant.kind = "base"
methods.0.outcome.report.artifact.binding.profile.java_release = 8
methods.0.outcome.report.artifact.binding.profile.layout.kind = "generic"
methods.0.outcome.report.artifact.binding.profile.multi_release.kind = "disabled"
methods.0.outcome.report.artifact.binding.registry = 71
methods.0.outcome.report.artifact.binding.rules = ["straight@1","if@1","loop@1","switch@1","lambda@1","concat@1","bridge@1","accessor@1","new@1","field@1","enumswitch@1","init@1","declaration@1","twr@1","monitor@1"]
methods.0.outcome.report.artifact.binding.schema = 1
methods.0.outcome.report.artifact.binding.text_bytes = 190
methods.0.outcome.report.artifact.binding.text_digest = "c33abeccc772f1b5b651ed97427d8bf3"
methods.0.outcome.report.bridges = []
methods.0.outcome.report.compile_status = "not_attempted"
methods.0.outcome.report.concats = []
methods.0.outcome.report.content = "contains_statements"
methods.0.outcome.report.declaration = null
methods.0.outcome.report.diagnostics.0.code = "jre_recovery_produced"
methods.0.outcome.report.diagnostics.0.message = "1 region(s), 2 statement(s), 2 segment(s), 190 byte(s) written from 1 canonical block(s)"
methods.0.outcome.report.diagnostics.0.provenance = null
methods.0.outcome.report.diagnostics.0.severity = "info"
methods.0.outcome.report.diagnostics.1.code = "jre_constructor_prologue"
methods.0.outcome.report.diagnostics.1.message = "the body is an instance initializer and its prologue is written under init@1 as `super`: the call at BCI 1 names `java/lang/Object`, and the class that declares this constructor is `PlacementSubject`"
methods.0.outcome.report.diagnostics.1.provenance = null
methods.0.outcome.report.diagnostics.1.severity = "info"
methods.0.outcome.report.diagnostics.2.code = "jre_declaration"
methods.0.outcome.report.diagnostics.2.message = "the artifact's envelope states the member's declaration under declaration@1: a constructor"
methods.0.outcome.report.diagnostics.2.provenance = null
methods.0.outcome.report.diagnostics.2.severity = "info"
methods.0.outcome.report.enum_switches = []
methods.0.outcome.report.evidence.categories.0.kind = "source_map"
methods.0.outcome.report.evidence.categories.0.state.state = "not_requested"
methods.0.outcome.report.evidence.categories.1.kind = "region_details"
methods.0.outcome.report.evidence.categories.1.state.state = "not_requested"
methods.0.outcome.report.evidence.categories.2.kind = "rule_details"
methods.0.outcome.report.evidence.categories.2.state.state = "not_requested"
methods.0.outcome.report.evidence.categories.3.kind = "name_details"
methods.0.outcome.report.evidence.categories.3.state.state = "not_requested"
methods.0.outcome.report.evidence.categories.4.kind = "read_details"
methods.0.outcome.report.evidence.categories.4.state.state = "not_requested"
methods.0.outcome.report.evidence.requested.driver_bci_range = null
methods.0.outcome.report.evidence.requested.expected_artifact = null
methods.0.outcome.report.evidence.requested.kinds = []
methods.0.outcome.report.execution.status = "complete"
methods.0.outcome.report.execution.usage.analysis_steps = 26
methods.0.outcome.report.execution.usage.archive_entries = 0
methods.0.outcome.report.execution.usage.attribute_bytes = 548
methods.0.outcome.report.execution.usage.class_bytes = 1870
methods.0.outcome.report.execution.usage.class_headers = 1
methods.0.outcome.report.execution.usage.code_bytes = 5
methods.0.outcome.report.execution.usage.dependency_depth = 0
methods.0.outcome.report.execution.usage.elapsed_millis = 1
methods.0.outcome.report.execution.usage.entry_bytes = 0
methods.0.outcome.report.execution.usage.input_bytes = 935
methods.0.outcome.report.execution.usage.ir_edges = 2
methods.0.outcome.report.execution.usage.ir_items = 63
methods.0.outcome.report.execution.usage.method_bodies = 1
methods.0.outcome.report.execution.usage.nested_depth = 0
methods.0.outcome.report.execution.usage.normalization_clones = 0
methods.0.outcome.report.execution.usage.output_bytes = 1125
methods.0.outcome.report.execution.usage.read_bytes = 935
methods.0.outcome.report.execution.usage.result_items = 18
methods.0.outcome.report.fallbacks = []
methods.0.outcome.report.fields = []
methods.0.outcome.report.init = null
methods.0.outcome.report.lambdas = []
methods.0.outcome.report.method = "<init>()V"
methods.0.outcome.report.news = []
methods.0.outcome.report.outcome = "produced"
methods.0.outcome.report.profile.java_release = 8
methods.0.outcome.report.profile.layout.kind = "generic"
methods.0.outcome.report.profile.multi_release.kind = "disabled"
methods.0.outcome.report.quality = "structured"
methods.0.outcome.report.regions = []
methods.0.outcome.report.representation = "java"
methods.0.outcome.report.rules = []
methods.0.outcome.report.semantic_validation = "unproven"
methods.0.outcome.report.source_map.segments = []
methods.0.outcome.report.syntax_status = "unchecked"
methods.0.outcome.report.text = "// @method <init>()V\n// @declaration a constructor of `PlacementSubject`, member flags 0x0001\n// recovered from bytecode; presentation is not claimed to compile\n{\n    super();\n    return;\n}\n"
methods.0.outcome.report.verification = "not_performed"
methods.0.parameter_annotations.attributes = []
methods.0.parameter_annotations.refusals = []
methods.0.parameter_annotations.uses_by_position = []
methods.0.text = "    public PlacementSubject() {\n        // @method <init>()V\n        // @declaration a constructor of `PlacementSubject`, member flags 0x0001\n        // recovered from bytecode; presentation is not claimed to compile\n        super();\n        return;\n    }\n"
methods.0.type_annotations.attributes = []
methods.0.type_annotations.field_uses = []
methods.0.type_annotations.parameter_uses = []
methods.0.type_annotations.refusals = []
methods.0.type_annotations.return_uses = []
methods.1.annotations.attributes.0.annotations.0.Annotation.elements.0.name = [118,97,108,117,101]
methods.1.annotations.attributes.0.annotations.0.Annotation.elements.0.value.Utf8 = [109,101,116,104,111,100,45,115,99,97,108,97,114]
methods.1.annotations.attributes.0.annotations.0.Annotation.type_descriptor = [76,80,108,97,99,101,77,97,114,107,59]
methods.1.annotations.attributes.0.attribute.content_span.length = 11
methods.1.annotations.attributes.0.attribute.content_span.start = 811
methods.1.annotations.attributes.0.attribute.name.escaped = "RuntimeVisibleAnnotations"
methods.1.annotations.attributes.0.attribute.name.raw = [82,117,110,116,105,109,101,86,105,115,105,98,108,101,65,110,110,111,116,97,116,105,111,110,115]
methods.1.annotations.attributes.0.attribute.name.utf16 = [82,117,110,116,105,109,101,86,105,115,105,98,108,101,65,110,110,111,116,97,116,105,111,110,115]
methods.1.annotations.attributes.0.attribute.span.length = 17
methods.1.annotations.attributes.0.attribute.span.start = 805
methods.1.annotations.refusals = []
methods.1.annotations.uses = ["@PlaceMark(value = \"method-scalar\")"]
methods.1.declaration = "java.lang.String scalarMethod(@PlaceMark(value = \"parameter-scalar\") int arg1, java.lang.@PlaceMark(value = \"parameter-qualified\") String arg2)"
methods.1.item.access_flags = 0
methods.1.item.body.content_span.length = 31
methods.1.item.body.content_span.start = 774
methods.1.item.body.kind = "code_attribute"
methods.1.item.descriptor.escaped = "(ILjava/lang/String;)Ljava/lang/String;"
methods.1.item.descriptor.raw = [40,73,76,106,97,118,97,47,108,97,110,103,47,83,116,114,105,110,103,59,41,76,106,97,118,97,47,108,97,110,103,47,83,116,114,105,110,103,59]
methods.1.item.descriptor.utf16 = [40,73,76,106,97,118,97,47,108,97,110,103,47,83,116,114,105,110,103,59,41,76,106,97,118,97,47,108,97,110,103,47,83,116,114,105,110,103,59]
methods.1.item.identity.descriptor = [40,73,76,106,97,118,97,47,108,97,110,103,47,83,116,114,105,110,103,59,41,76,106,97,118,97,47,108,97,110,103,47,83,116,114,105,110,103,59]
methods.1.item.identity.name = [115,99,97,108,97,114,77,101,116,104,111,100]
methods.1.item.identity.owner.class_bytes.digest = "0a29b013d73b85ca4cd660066d850d3f47a1a3c3e29a1b267192066bdd3933ac"
methods.1.item.identity.owner.class_bytes.length = 935
methods.1.item.identity.owner.location.kind = "standalone_root"
methods.1.item.identity.owner.location.snapshot = "0a29b013d73b85ca4cd660066d850d3f47a1a3c3e29a1b267192066bdd3933ac"
methods.1.item.identity.owner.variant.kind = "base"
methods.1.item.index = 1
methods.1.item.name.escaped = "scalarMethod"
methods.1.item.name.raw = [115,99,97,108,97,114,77,101,116,104,111,100]
methods.1.item.name.utf16 = [115,99,97,108,97,114,77,101,116,104,111,100]
methods.1.markers = ["// jarde: type annotation refused: target=0x14 info=[] path=[]: same annotation type is present on the declaration and type target","// jarde: type annotation refused: target=0x16 info=[0] path=[]: same annotation type is present on the declaration and type target"]
methods.1.no_body_kind = null
methods.1.outcome.analysis.diagnostics = 0
methods.1.outcome.analysis.execution.status = "complete"
methods.1.outcome.analysis.execution.usage.analysis_steps = 75
methods.1.outcome.analysis.execution.usage.archive_entries = 0
methods.1.outcome.analysis.execution.usage.attribute_bytes = 665
methods.1.outcome.analysis.execution.usage.class_bytes = 1870
methods.1.outcome.analysis.execution.usage.class_headers = 1
methods.1.outcome.analysis.execution.usage.code_bytes = 24
methods.1.outcome.analysis.execution.usage.dependency_depth = 0
methods.1.outcome.analysis.execution.usage.elapsed_millis = 1
methods.1.outcome.analysis.execution.usage.entry_bytes = 0
methods.1.outcome.analysis.execution.usage.input_bytes = 935
methods.1.outcome.analysis.execution.usage.ir_edges = 12
methods.1.outcome.analysis.execution.usage.ir_items = 222
methods.1.outcome.analysis.execution.usage.method_bodies = 2
methods.1.outcome.analysis.execution.usage.nested_depth = 0
methods.1.outcome.analysis.execution.usage.normalization_clones = 0
methods.1.outcome.analysis.execution.usage.output_bytes = 1125
methods.1.outcome.analysis.execution.usage.read_bytes = 935
methods.1.outcome.analysis.execution.usage.result_items = 19
methods.1.outcome.kind = "recovered"
methods.1.outcome.report.accessors = []
methods.1.outcome.report.aliased_names = []
methods.1.outcome.report.artifact.agreement.state = "not_stated"
methods.1.outcome.report.artifact.binding.engine = "0.1.0"
methods.1.outcome.report.artifact.binding.environment.content = ["0a29b013d73b85ca4cd660066d850d3f47a1a3c3e29a1b267192066bdd3933ac"]
methods.1.outcome.report.artifact.binding.environment.domain_loaders = ["app"]
methods.1.outcome.report.artifact.binding.environment.providers = []
methods.1.outcome.report.artifact.binding.environment.runtime.load_domain.delegation.kind = "parent_first"
methods.1.outcome.report.artifact.binding.environment.runtime.load_domain.external_override = "none"
methods.1.outcome.report.artifact.binding.environment.runtime.load_domain.loader = "app"
methods.1.outcome.report.artifact.binding.environment.runtime.load_domain.module_mode.kind = "class_path"
methods.1.outcome.report.artifact.binding.environment.runtime.load_domain.parent_loader = null
methods.1.outcome.report.artifact.binding.environment.runtime.load_domain.roots.0.kind = "standalone_class"
methods.1.outcome.report.artifact.binding.environment.runtime.load_domain.roots.0.snapshot = "0a29b013d73b85ca4cd660066d850d3f47a1a3c3e29a1b267192066bdd3933ac"
methods.1.outcome.report.artifact.binding.environment.runtime.load_domain.runtime_transformation = "none"
methods.1.outcome.report.artifact.binding.environment.runtime.physical.scope.kind = "snapshot_all"
methods.1.outcome.report.artifact.binding.environment.runtime.physical.snapshot = "0a29b013d73b85ca4cd660066d850d3f47a1a3c3e29a1b267192066bdd3933ac"
methods.1.outcome.report.artifact.binding.environment.runtime.profile.java_release = 8
methods.1.outcome.report.artifact.binding.environment.runtime.profile.layout.kind = "generic"
methods.1.outcome.report.artifact.binding.environment.runtime.profile.multi_release.kind = "disabled"
methods.1.outcome.report.artifact.binding.member_ordinal = 1
methods.1.outcome.report.artifact.binding.method.descriptor = [40,73,76,106,97,118,97,47,108,97,110,103,47,83,116,114,105,110,103,59,41,76,106,97,118,97,47,108,97,110,103,47,83,116,114,105,110,103,59]
methods.1.outcome.report.artifact.binding.method.name = [115,99,97,108,97,114,77,101,116,104,111,100]
methods.1.outcome.report.artifact.binding.method.owner.class_bytes.digest = "0a29b013d73b85ca4cd660066d850d3f47a1a3c3e29a1b267192066bdd3933ac"
methods.1.outcome.report.artifact.binding.method.owner.class_bytes.length = 935
methods.1.outcome.report.artifact.binding.method.owner.location.kind = "standalone_root"
methods.1.outcome.report.artifact.binding.method.owner.location.snapshot = "0a29b013d73b85ca4cd660066d850d3f47a1a3c3e29a1b267192066bdd3933ac"
methods.1.outcome.report.artifact.binding.method.owner.variant.kind = "base"
methods.1.outcome.report.artifact.binding.profile.java_release = 8
methods.1.outcome.report.artifact.binding.profile.layout.kind = "generic"
methods.1.outcome.report.artifact.binding.profile.multi_release.kind = "disabled"
methods.1.outcome.report.artifact.binding.registry = 71
methods.1.outcome.report.artifact.binding.rules = ["straight@1","if@1","loop@1","switch@1","lambda@1","concat@1","bridge@1","accessor@1","new@1","field@1","enumswitch@1","init@1","declaration@1","twr@1","monitor@1"]
methods.1.outcome.report.artifact.binding.schema = 1
methods.1.outcome.report.artifact.binding.text_bytes = 236
methods.1.outcome.report.artifact.binding.text_digest = "4b6dd577bdfec531cb33a1e0bcabb2a7"
methods.1.outcome.report.bridges = []
methods.1.outcome.report.compile_status = "not_attempted"
methods.1.outcome.report.concats = []
methods.1.outcome.report.content = "contains_statements"
methods.1.outcome.report.declaration = null
methods.1.outcome.report.diagnostics.0.code = "jre_recovery_produced"
methods.1.outcome.report.diagnostics.0.message = "1 region(s), 1 statement(s), 4 segment(s), 236 byte(s) written from 1 canonical block(s)"
methods.1.outcome.report.diagnostics.0.provenance = null
methods.1.outcome.report.diagnostics.0.severity = "info"
methods.1.outcome.report.diagnostics.1.code = "jre_concat_chains"
methods.1.outcome.report.diagnostics.1.message = "1 concatenation candidate(s) read under concat@1: 1 presented, 0 refused"
methods.1.outcome.report.diagnostics.1.provenance = null
methods.1.outcome.report.diagnostics.1.severity = "info"
methods.1.outcome.report.diagnostics.2.code = "jre_declaration"
methods.1.outcome.report.diagnostics.2.message = "the artifact's envelope states the member's declaration under declaration@1: an instance method"
methods.1.outcome.report.diagnostics.2.provenance = null
methods.1.outcome.report.diagnostics.2.severity = "info"
methods.1.outcome.report.enum_switches = []
methods.1.outcome.report.evidence.categories.0.kind = "source_map"
methods.1.outcome.report.evidence.categories.0.state.state = "not_requested"
methods.1.outcome.report.evidence.categories.1.kind = "region_details"
methods.1.outcome.report.evidence.categories.1.state.state = "not_requested"
methods.1.outcome.report.evidence.categories.2.kind = "rule_details"
methods.1.outcome.report.evidence.categories.2.state.state = "not_requested"
methods.1.outcome.report.evidence.categories.3.kind = "name_details"
methods.1.outcome.report.evidence.categories.3.state.state = "not_requested"
methods.1.outcome.report.evidence.categories.4.kind = "read_details"
methods.1.outcome.report.evidence.categories.4.state.state = "not_requested"
methods.1.outcome.report.evidence.requested.driver_bci_range = null
methods.1.outcome.report.evidence.requested.expected_artifact = null
methods.1.outcome.report.evidence.requested.kinds = []
methods.1.outcome.report.execution.status = "complete"
methods.1.outcome.report.execution.usage.analysis_steps = 80
methods.1.outcome.report.execution.usage.archive_entries = 0
methods.1.outcome.report.execution.usage.attribute_bytes = 665
methods.1.outcome.report.execution.usage.class_bytes = 1870
methods.1.outcome.report.execution.usage.class_headers = 1
methods.1.outcome.report.execution.usage.code_bytes = 24
methods.1.outcome.report.execution.usage.dependency_depth = 0
methods.1.outcome.report.execution.usage.elapsed_millis = 1
methods.1.outcome.report.execution.usage.entry_bytes = 0
methods.1.outcome.report.execution.usage.input_bytes = 935
methods.1.outcome.report.execution.usage.ir_edges = 12
methods.1.outcome.report.execution.usage.ir_items = 337
methods.1.outcome.report.execution.usage.method_bodies = 2
methods.1.outcome.report.execution.usage.nested_depth = 0
methods.1.outcome.report.execution.usage.normalization_clones = 0
methods.1.outcome.report.execution.usage.output_bytes = 1361
methods.1.outcome.report.execution.usage.read_bytes = 935
methods.1.outcome.report.execution.usage.result_items = 19
methods.1.outcome.report.fallbacks = []
methods.1.outcome.report.fields = []
methods.1.outcome.report.init = null
methods.1.outcome.report.lambdas = []
methods.1.outcome.report.method = "scalarMethod(ILjava/lang/String;)Ljava/lang/String;"
methods.1.outcome.report.news = []
methods.1.outcome.report.outcome = "produced"
methods.1.outcome.report.profile.java_release = 8
methods.1.outcome.report.profile.layout.kind = "generic"
methods.1.outcome.report.profile.multi_release.kind = "disabled"
methods.1.outcome.report.quality = "structured"
methods.1.outcome.report.regions = []
methods.1.outcome.report.representation = "java"
methods.1.outcome.report.rules = []
methods.1.outcome.report.semantic_validation = "unproven"
methods.1.outcome.report.source_map.segments = []
methods.1.outcome.report.syntax_status = "unchecked"
methods.1.outcome.report.text = "// @method scalarMethod(ILjava/lang/String;)Ljava/lang/String;\n// @declaration an instance method of `PlacementSubject`, member flags 0x0000\n// recovered from bytecode; presentation is not claimed to compile\n{\n    return arg2 + arg1;\n}\n"
methods.1.outcome.report.verification = "not_performed"
methods.1.parameter_annotations.attributes.0.attribute.content_span.length = 14
methods.1.parameter_annotations.attributes.0.attribute.content_span.start = 871
methods.1.parameter_annotations.attributes.0.attribute.name.escaped = "RuntimeVisibleParameterAnnotations"
methods.1.parameter_annotations.attributes.0.attribute.name.raw = [82,117,110,116,105,109,101,86,105,115,105,98,108,101,80,97,114,97,109,101,116,101,114,65,110,110,111,116,97,116,105,111,110,115]
methods.1.parameter_annotations.attributes.0.attribute.name.utf16 = [82,117,110,116,105,109,101,86,105,115,105,98,108,101,80,97,114,97,109,101,116,101,114,65,110,110,111,116,97,116,105,111,110,115]
methods.1.parameter_annotations.attributes.0.attribute.span.length = 20
methods.1.parameter_annotations.attributes.0.attribute.span.start = 865
methods.1.parameter_annotations.attributes.0.parameter_count = 2
methods.1.parameter_annotations.attributes.0.parameters = [[{"Annotation":{"elements":[{"name":[118,97,108,117,101],"value":{"Utf8":[112,97,114,97,109,101,116,101,114,45,115,99,97,108,97,114]}}],"type_descriptor":[76,80,108,97,99,101,77,97,114,107,59]}}],[]]
methods.1.parameter_annotations.refusals = []
methods.1.parameter_annotations.uses_by_position = [["@PlaceMark(value = \"parameter-scalar\")"],[]]
methods.1.text = "    @PlaceMark(value = \"method-scalar\")\n    java.lang.String scalarMethod(@PlaceMark(value = \"parameter-scalar\") int arg1, java.lang.@PlaceMark(value = \"parameter-qualified\") String arg2) {\n        // jarde: type annotation refused: target=0x14 info=[] path=[]: same annotation type is present on the declaration and type target\n        // jarde: type annotation refused: target=0x16 info=[0] path=[]: same annotation type is present on the declaration and type target\n        // @method scalarMethod(ILjava/lang/String;)Ljava/lang/String;\n        // @declaration an instance method of `PlacementSubject`, member flags 0x0000\n        // recovered from bytecode; presentation is not claimed to compile\n        return arg2 + arg1;\n    }\n"
methods.1.type_annotations.attributes.0.annotations.0.annotation.Annotation.elements.0.name = [118,97,108,117,101]
methods.1.type_annotations.attributes.0.annotations.0.annotation.Annotation.elements.0.value.Utf8 = [109,101,116,104,111,100,45,115,99,97,108,97,114]
methods.1.type_annotations.attributes.0.annotations.0.annotation.Annotation.type_descriptor = [76,80,108,97,99,101,77,97,114,107,59]
methods.1.type_annotations.attributes.0.annotations.0.refusal = "same annotation type is present on the declaration and type target"
methods.1.type_annotations.attributes.0.annotations.0.spelling = null
methods.1.type_annotations.attributes.0.annotations.0.target_info = []
methods.1.type_annotations.attributes.0.annotations.0.target_type = 20
methods.1.type_annotations.attributes.0.annotations.0.type_path = []
methods.1.type_annotations.attributes.0.annotations.1.annotation.Annotation.elements.0.name = [118,97,108,117,101]
methods.1.type_annotations.attributes.0.annotations.1.annotation.Annotation.elements.0.value.Utf8 = [112,97,114,97,109,101,116,101,114,45,115,99,97,108,97,114]
methods.1.type_annotations.attributes.0.annotations.1.annotation.Annotation.type_descriptor = [76,80,108,97,99,101,77,97,114,107,59]
methods.1.type_annotations.attributes.0.annotations.1.refusal = "same annotation type is present on the declaration and type target"
methods.1.type_annotations.attributes.0.annotations.1.spelling = null
methods.1.type_annotations.attributes.0.annotations.1.target_info = [0]
methods.1.type_annotations.attributes.0.annotations.1.target_type = 22
methods.1.type_annotations.attributes.0.annotations.1.type_path = []
methods.1.type_annotations.attributes.0.annotations.2.annotation.Annotation.elements.0.name = [118,97,108,117,101]
methods.1.type_annotations.attributes.0.annotations.2.annotation.Annotation.elements.0.value.Utf8 = [112,97,114,97,109,101,116,101,114,45,113,117,97,108,105,102,105,101,100]
methods.1.type_annotations.attributes.0.annotations.2.annotation.Annotation.type_descriptor = [76,80,108,97,99,101,77,97,114,107,59]
methods.1.type_annotations.attributes.0.annotations.2.refusal = null
methods.1.type_annotations.attributes.0.annotations.2.spelling = "@PlaceMark(value = \"parameter-qualified\")"
methods.1.type_annotations.attributes.0.annotations.2.target_info = [1]
methods.1.type_annotations.attributes.0.annotations.2.target_type = 22
methods.1.type_annotations.attributes.0.annotations.2.type_path = []
methods.1.type_annotations.attributes.0.attribute.content_span.length = 37
methods.1.type_annotations.attributes.0.attribute.content_span.start = 828
methods.1.type_annotations.attributes.0.attribute.name.escaped = "RuntimeVisibleTypeAnnotations"
methods.1.type_annotations.attributes.0.attribute.name.raw = [82,117,110,116,105,109,101,86,105,115,105,98,108,101,84,121,112,101,65,110,110,111,116,97,116,105,111,110,115]
methods.1.type_annotations.attributes.0.attribute.name.utf16 = [82,117,110,116,105,109,101,86,105,115,105,98,108,101,84,121,112,101,65,110,110,111,116,97,116,105,111,110,115]
methods.1.type_annotations.attributes.0.attribute.span.length = 43
methods.1.type_annotations.attributes.0.attribute.span.start = 822
methods.1.type_annotations.field_uses = []
methods.1.type_annotations.parameter_uses = [[],["@PlaceMark(value = \"parameter-qualified\")"]]
methods.1.type_annotations.refusals = ["target=0x14 info=[] path=[]: same annotation type is present on the declaration and type target","target=0x16 info=[0] path=[]: same annotation type is present on the declaration and type target"]
methods.1.type_annotations.return_uses = []
methods.2.annotations.attributes = []
methods.2.annotations.refusals = []
methods.2.annotations.uses = []
methods.2.declaration = "java.lang.@PlaceMark(value = \"method-qualified\") String qualifiedMethod()"
methods.2.item.access_flags = 0
methods.2.item.body.content_span.length = 15
methods.2.item.body.content_span.start = 899
methods.2.item.body.kind = "code_attribute"
methods.2.item.descriptor.escaped = "()Ljava/lang/String;"
methods.2.item.descriptor.raw = [40,41,76,106,97,118,97,47,108,97,110,103,47,83,116,114,105,110,103,59]
methods.2.item.descriptor.utf16 = [40,41,76,106,97,118,97,47,108,97,110,103,47,83,116,114,105,110,103,59]
methods.2.item.identity.descriptor = [40,41,76,106,97,118,97,47,108,97,110,103,47,83,116,114,105,110,103,59]
methods.2.item.identity.name = [113,117,97,108,105,102,105,101,100,77,101,116,104,111,100]
methods.2.item.identity.owner.class_bytes.digest = "0a29b013d73b85ca4cd660066d850d3f47a1a3c3e29a1b267192066bdd3933ac"
methods.2.item.identity.owner.class_bytes.length = 935
methods.2.item.identity.owner.location.kind = "standalone_root"
methods.2.item.identity.owner.location.snapshot = "0a29b013d73b85ca4cd660066d850d3f47a1a3c3e29a1b267192066bdd3933ac"
methods.2.item.identity.owner.variant.kind = "base"
methods.2.item.index = 2
methods.2.item.name.escaped = "qualifiedMethod"
methods.2.item.name.raw = [113,117,97,108,105,102,105,101,100,77,101,116,104,111,100]
methods.2.item.name.utf16 = [113,117,97,108,105,102,105,101,100,77,101,116,104,111,100]
methods.2.markers = []
methods.2.no_body_kind = null
methods.2.outcome.analysis.diagnostics = 0
methods.2.outcome.analysis.execution.status = "complete"
methods.2.outcome.analysis.execution.usage.analysis_steps = 97
methods.2.outcome.analysis.execution.usage.archive_entries = 0
methods.2.outcome.analysis.execution.usage.attribute_bytes = 705
methods.2.outcome.analysis.execution.usage.class_bytes = 1870
methods.2.outcome.analysis.execution.usage.class_headers = 1
methods.2.outcome.analysis.execution.usage.code_bytes = 27
methods.2.outcome.analysis.execution.usage.dependency_depth = 0
methods.2.outcome.analysis.execution.usage.elapsed_millis = 1
methods.2.outcome.analysis.execution.usage.entry_bytes = 0
methods.2.outcome.analysis.execution.usage.input_bytes = 935
methods.2.outcome.analysis.execution.usage.ir_edges = 13
methods.2.outcome.analysis.execution.usage.ir_items = 373
methods.2.outcome.analysis.execution.usage.method_bodies = 3
methods.2.outcome.analysis.execution.usage.nested_depth = 0
methods.2.outcome.analysis.execution.usage.normalization_clones = 0
methods.2.outcome.analysis.execution.usage.output_bytes = 1361
methods.2.outcome.analysis.execution.usage.read_bytes = 935
methods.2.outcome.analysis.execution.usage.result_items = 20
methods.2.outcome.kind = "recovered"
methods.2.outcome.report.accessors = []
methods.2.outcome.report.aliased_names = []
methods.2.outcome.report.artifact.agreement.state = "not_stated"
methods.2.outcome.report.artifact.binding.engine = "0.1.0"
methods.2.outcome.report.artifact.binding.environment.content = ["0a29b013d73b85ca4cd660066d850d3f47a1a3c3e29a1b267192066bdd3933ac"]
methods.2.outcome.report.artifact.binding.environment.domain_loaders = ["app"]
methods.2.outcome.report.artifact.binding.environment.providers = []
methods.2.outcome.report.artifact.binding.environment.runtime.load_domain.delegation.kind = "parent_first"
methods.2.outcome.report.artifact.binding.environment.runtime.load_domain.external_override = "none"
methods.2.outcome.report.artifact.binding.environment.runtime.load_domain.loader = "app"
methods.2.outcome.report.artifact.binding.environment.runtime.load_domain.module_mode.kind = "class_path"
methods.2.outcome.report.artifact.binding.environment.runtime.load_domain.parent_loader = null
methods.2.outcome.report.artifact.binding.environment.runtime.load_domain.roots.0.kind = "standalone_class"
methods.2.outcome.report.artifact.binding.environment.runtime.load_domain.roots.0.snapshot = "0a29b013d73b85ca4cd660066d850d3f47a1a3c3e29a1b267192066bdd3933ac"
methods.2.outcome.report.artifact.binding.environment.runtime.load_domain.runtime_transformation = "none"
methods.2.outcome.report.artifact.binding.environment.runtime.physical.scope.kind = "snapshot_all"
methods.2.outcome.report.artifact.binding.environment.runtime.physical.snapshot = "0a29b013d73b85ca4cd660066d850d3f47a1a3c3e29a1b267192066bdd3933ac"
methods.2.outcome.report.artifact.binding.environment.runtime.profile.java_release = 8
methods.2.outcome.report.artifact.binding.environment.runtime.profile.layout.kind = "generic"
methods.2.outcome.report.artifact.binding.environment.runtime.profile.multi_release.kind = "disabled"
methods.2.outcome.report.artifact.binding.member_ordinal = 2
methods.2.outcome.report.artifact.binding.method.descriptor = [40,41,76,106,97,118,97,47,108,97,110,103,47,83,116,114,105,110,103,59]
methods.2.outcome.report.artifact.binding.method.name = [113,117,97,108,105,102,105,101,100,77,101,116,104,111,100]
methods.2.outcome.report.artifact.binding.method.owner.class_bytes.digest = "0a29b013d73b85ca4cd660066d850d3f47a1a3c3e29a1b267192066bdd3933ac"
methods.2.outcome.report.artifact.binding.method.owner.class_bytes.length = 935
methods.2.outcome.report.artifact.binding.method.owner.location.kind = "standalone_root"
methods.2.outcome.report.artifact.binding.method.owner.location.snapshot = "0a29b013d73b85ca4cd660066d850d3f47a1a3c3e29a1b267192066bdd3933ac"
methods.2.outcome.report.artifact.binding.method.owner.variant.kind = "base"
methods.2.outcome.report.artifact.binding.profile.java_release = 8
methods.2.outcome.report.artifact.binding.profile.layout.kind = "generic"
methods.2.outcome.report.artifact.binding.profile.multi_release.kind = "disabled"
methods.2.outcome.report.artifact.binding.registry = 71
methods.2.outcome.report.artifact.binding.rules = ["straight@1","if@1","loop@1","switch@1","lambda@1","concat@1","bridge@1","accessor@1","new@1","field@1","enumswitch@1","init@1","declaration@1","twr@1","monitor@1"]
methods.2.outcome.report.artifact.binding.schema = 1
methods.2.outcome.report.artifact.binding.text_bytes = 220
methods.2.outcome.report.artifact.binding.text_digest = "35e436c2b301440d356a156282687b3e"
methods.2.outcome.report.bridges = []
methods.2.outcome.report.compile_status = "not_attempted"
methods.2.outcome.report.concats = []
methods.2.outcome.report.content = "contains_statements"
methods.2.outcome.report.declaration = null
methods.2.outcome.report.diagnostics.0.code = "jre_recovery_produced"
methods.2.outcome.report.diagnostics.0.message = "1 region(s), 1 statement(s), 2 segment(s), 220 byte(s) written from 1 canonical block(s)"
methods.2.outcome.report.diagnostics.0.provenance = null
methods.2.outcome.report.diagnostics.0.severity = "info"
methods.2.outcome.report.diagnostics.1.code = "jre_declaration"
methods.2.outcome.report.diagnostics.1.message = "the artifact's envelope states the member's declaration under declaration@1: an instance method"
methods.2.outcome.report.diagnostics.1.provenance = null
methods.2.outcome.report.diagnostics.1.severity = "info"
methods.2.outcome.report.enum_switches = []
methods.2.outcome.report.evidence.categories.0.kind = "source_map"
methods.2.outcome.report.evidence.categories.0.state.state = "not_requested"
methods.2.outcome.report.evidence.categories.1.kind = "region_details"
methods.2.outcome.report.evidence.categories.1.state.state = "not_requested"
methods.2.outcome.report.evidence.categories.2.kind = "rule_details"
methods.2.outcome.report.evidence.categories.2.state.state = "not_requested"
methods.2.outcome.report.evidence.categories.3.kind = "name_details"
methods.2.outcome.report.evidence.categories.3.state.state = "not_requested"
methods.2.outcome.report.evidence.categories.4.kind = "read_details"
methods.2.outcome.report.evidence.categories.4.state.state = "not_requested"
methods.2.outcome.report.evidence.requested.driver_bci_range = null
methods.2.outcome.report.evidence.requested.expected_artifact = null
methods.2.outcome.report.evidence.requested.kinds = []
methods.2.outcome.report.execution.status = "complete"
methods.2.outcome.report.execution.usage.analysis_steps = 102
methods.2.outcome.report.execution.usage.archive_entries = 0
methods.2.outcome.report.execution.usage.attribute_bytes = 705
methods.2.outcome.report.execution.usage.class_bytes = 1870
methods.2.outcome.report.execution.usage.class_headers = 1
methods.2.outcome.report.execution.usage.code_bytes = 27
methods.2.outcome.report.execution.usage.dependency_depth = 0
methods.2.outcome.report.execution.usage.elapsed_millis = 2
methods.2.outcome.report.execution.usage.entry_bytes = 0
methods.2.outcome.report.execution.usage.input_bytes = 935
methods.2.outcome.report.execution.usage.ir_edges = 13
methods.2.outcome.report.execution.usage.ir_items = 383
methods.2.outcome.report.execution.usage.method_bodies = 3
methods.2.outcome.report.execution.usage.nested_depth = 0
methods.2.outcome.report.execution.usage.normalization_clones = 0
methods.2.outcome.report.execution.usage.output_bytes = 1581
methods.2.outcome.report.execution.usage.read_bytes = 935
methods.2.outcome.report.execution.usage.result_items = 20
methods.2.outcome.report.fallbacks = []
methods.2.outcome.report.fields = []
methods.2.outcome.report.init = null
methods.2.outcome.report.lambdas = []
methods.2.outcome.report.method = "qualifiedMethod()Ljava/lang/String;"
methods.2.outcome.report.news = []
methods.2.outcome.report.outcome = "produced"
methods.2.outcome.report.profile.java_release = 8
methods.2.outcome.report.profile.layout.kind = "generic"
methods.2.outcome.report.profile.multi_release.kind = "disabled"
methods.2.outcome.report.quality = "structured"
methods.2.outcome.report.regions = []
methods.2.outcome.report.representation = "java"
methods.2.outcome.report.rules = []
methods.2.outcome.report.semantic_validation = "unproven"
methods.2.outcome.report.source_map.segments = []
methods.2.outcome.report.syntax_status = "unchecked"
methods.2.outcome.report.text = "// @method qualifiedMethod()Ljava/lang/String;\n// @declaration an instance method of `PlacementSubject`, member flags 0x0000\n// recovered from bytecode; presentation is not claimed to compile\n{\n    return \"qualified\";\n}\n"
methods.2.outcome.report.verification = "not_performed"
methods.2.parameter_annotations.attributes = []
methods.2.parameter_annotations.refusals = []
methods.2.parameter_annotations.uses_by_position = []
methods.2.text = "    java.lang.@PlaceMark(value = \"method-qualified\") String qualifiedMethod() {\n        // @method qualifiedMethod()Ljava/lang/String;\n        // @declaration an instance method of `PlacementSubject`, member flags 0x0000\n        // recovered from bytecode; presentation is not claimed to compile\n        return \"qualified\";\n    }\n"
methods.2.type_annotations.attributes.0.annotations.0.annotation.Annotation.elements.0.name = [118,97,108,117,101]
methods.2.type_annotations.attributes.0.annotations.0.annotation.Annotation.elements.0.value.Utf8 = [109,101,116,104,111,100,45,113,117,97,108,105,102,105,101,100]
methods.2.type_annotations.attributes.0.annotations.0.annotation.Annotation.type_descriptor = [76,80,108,97,99,101,77,97,114,107,59]
methods.2.type_annotations.attributes.0.annotations.0.refusal = null
methods.2.type_annotations.attributes.0.annotations.0.spelling = "@PlaceMark(value = \"method-qualified\")"
methods.2.type_annotations.attributes.0.annotations.0.target_info = []
methods.2.type_annotations.attributes.0.annotations.0.target_type = 20
methods.2.type_annotations.attributes.0.annotations.0.type_path = []
methods.2.type_annotations.attributes.0.attribute.content_span.length = 13
methods.2.type_annotations.attributes.0.attribute.content_span.start = 920
methods.2.type_annotations.attributes.0.attribute.name.escaped = "RuntimeVisibleTypeAnnotations"
methods.2.type_annotations.attributes.0.attribute.name.raw = [82,117,110,116,105,109,101,86,105,115,105,98,108,101,84,121,112,101,65,110,110,111,116,97,116,105,111,110,115]
methods.2.type_annotations.attributes.0.attribute.name.utf16 = [82,117,110,116,105,109,101,86,105,115,105,98,108,101,84,121,112,101,65,110,110,111,116,97,116,105,111,110,115]
methods.2.type_annotations.attributes.0.attribute.span.length = 19
methods.2.type_annotations.attributes.0.attribute.span.start = 914
methods.2.type_annotations.field_uses = []
methods.2.type_annotations.parameter_uses = []
methods.2.type_annotations.refusals = []
methods.2.type_annotations.return_uses = ["@PlaceMark(value = \"method-qualified\")"]
outcome = "performed"
stages = ["raw_facts","raw_cfg","legacy_normalization","canonical_cfg","frame","ssa"]
usage.analysis_steps = 102
usage.archive_entries = 0
usage.attribute_bytes = 705
usage.class_bytes = 1870
usage.class_headers = 1
usage.code_bytes = 27
usage.dependency_depth = 0
usage.elapsed_millis = 2
usage.entry_bytes = 0
usage.input_bytes = 935
usage.ir_edges = 13
usage.ir_items = 383
usage.method_bodies = 3
usage.nested_depth = 0
usage.normalization_clones = 0
usage.output_bytes = 1581
usage.read_bytes = 935
usage.result_items = 21
view.scope.kind = "snapshot_all"
view.snapshot = "0a29b013d73b85ca4cd660066d850d3f47a1a3c3e29a1b267192066bdd3933ac"
