Classfile jar:file:///Users/lordcasser/workspace/projects/jarde/openspec/evidence/same-class-generic-call-consumers-2026-10-09/frozen-inputs-v1/openjdk23/nodebug/MethodShadow/MethodShadow.jar!/MethodShadow.class
  Last modified 2026年10月9日; size 402 bytes
  SHA-256 checksum a2b769ea3aecb7a3a715a60ceebe12d0b8b955a9c4ef4a5c202ff21520d94f25
public class MethodShadow<T extends java.lang.Object> extends java.lang.Object
  minor version: 0
  major version: 52
  flags: (0x0021) ACC_PUBLIC, ACC_SUPER
  this_class: #8                          // MethodShadow
  super_class: #2                         // java/lang/Object
  interfaces: 0, fields: 0, methods: 3, attributes: 1
Constant pool:
   #1 = Methodref          #2.#3          // java/lang/Object."<init>":()V
   #2 = Class              #4             // java/lang/Object
   #3 = NameAndType        #5:#6          // "<init>":()V
   #4 = Utf8               java/lang/Object
   #5 = Utf8               <init>
   #6 = Utf8               ()V
   #7 = Methodref          #8.#9          // MethodShadow.identity:(Ljava/lang/Number;)Ljava/lang/Number;
   #8 = Class              #10            // MethodShadow
   #9 = NameAndType        #11:#12        // identity:(Ljava/lang/Number;)Ljava/lang/Number;
  #10 = Utf8               MethodShadow
  #11 = Utf8               identity
  #12 = Utf8               (Ljava/lang/Number;)Ljava/lang/Number;
  #13 = Utf8               Code
  #14 = Utf8               relay
  #15 = Utf8               Signature
  #16 = Utf8               <T:Ljava/lang/Number;>(TT;)TT;
  #17 = Utf8               <U:Ljava/lang/Number;>(TU;)TU;
  #18 = Utf8               <T:Ljava/lang/Object;>Ljava/lang/Object;
{
  public MethodShadow();
    descriptor: ()V
    flags: (0x0001) ACC_PUBLIC
    Code:
      stack=1, locals=1, args_size=1
         0: aload_0
         1: invokespecial #1                  // Method java/lang/Object."<init>":()V
         4: return

  public <T extends java.lang.Number> T relay(T);
    descriptor: (Ljava/lang/Number;)Ljava/lang/Number;
    flags: (0x0001) ACC_PUBLIC
    Code:
      stack=2, locals=2, args_size=2
         0: aload_0
         1: aload_1
         2: invokevirtual #7                  // Method identity:(Ljava/lang/Number;)Ljava/lang/Number;
         5: areturn
    Signature: #16                          // <T:Ljava/lang/Number;>(TT;)TT;

  public <U extends java.lang.Number> U identity(U);
    descriptor: (Ljava/lang/Number;)Ljava/lang/Number;
    flags: (0x0001) ACC_PUBLIC
    Code:
      stack=1, locals=2, args_size=2
         0: aload_1
         1: areturn
    Signature: #17                          // <U:Ljava/lang/Number;>(TU;)TU;
}
Signature: #18                          // <T:Ljava/lang/Object;>Ljava/lang/Object;
