警告: [options] 源值 8 已过时，将在未来发行版中删除
警告: [options] 目标值 8 已过时，将在未来发行版中删除
警告: [options] 要隐藏有关已过时选项的警告, 请使用 -Xlint:-options。
/tmp/jarde-bitwise-root-baseline/jarde/BitwiseProbe.java:21: 错误: 缺少返回语句
    }
    ^
/tmp/jarde-bitwise-root-baseline/jarde/BitwiseProbe.java:32: 错误: 缺少返回语句
    }
    ^
/tmp/jarde-bitwise-root-baseline/jarde/BitwiseProbe.java:43: 错误: 缺少返回语句
    }
    ^
/tmp/jarde-bitwise-root-baseline/jarde/BitwiseProbe.java:54: 错误: 缺少返回语句
    }
    ^
/tmp/jarde-bitwise-root-baseline/jarde/BitwiseProbe.java:65: 错误: 缺少返回语句
    }
    ^
/tmp/jarde-bitwise-root-baseline/jarde/BitwiseProbe.java:76: 错误: 缺少返回语句
    }
    ^
/tmp/jarde-bitwise-root-baseline/jarde/BitwiseProbe.java:91: 错误: 缺少返回语句
    }
    ^
/tmp/jarde-bitwise-root-baseline/jarde/BitwiseProbe.java:102: 错误: 缺少返回语句
    }
    ^
/tmp/jarde-bitwise-root-baseline/jarde/BitwiseProbe.java:113: 错误: 缺少返回语句
    }
    ^
/tmp/jarde-bitwise-root-baseline/jarde/BitwiseProbe.java:124: 错误: 缺少返回语句
    }
    ^
/tmp/jarde-bitwise-root-baseline/jarde/BitwiseProbe.java:135: 错误: 缺少返回语句
    }
    ^
/tmp/jarde-bitwise-root-baseline/jarde/BitwiseProbe.java:146: 错误: 缺少返回语句
    }
    ^
/tmp/jarde-bitwise-root-baseline/jarde/BitwiseProbe.java:157: 错误: 缺少返回语句
    }
    ^
/tmp/jarde-bitwise-root-baseline/jarde/BitwiseProbe.java:169: 错误: 缺少返回语句
    }
    ^
/tmp/jarde-bitwise-root-baseline/jarde/BitwiseProbe.java:180: 错误: 缺少返回语句
    }
    ^
/tmp/jarde-bitwise-root-baseline/jarde/BitwiseProbe.java:195: 错误: 缺少返回语句
    }
    ^
/tmp/jarde-bitwise-root-baseline/jarde/BitwiseProbe.java:214: 错误: 缺少返回语句
    }
    ^
/tmp/jarde-bitwise-root-baseline/jarde/BitwiseProbe.java:233: 错误: 缺少返回语句
    }
    ^
/tmp/jarde-bitwise-root-baseline/jarde/BitwiseProbe.java:246: 错误: 缺少返回语句
    }
    ^
/tmp/jarde-bitwise-root-baseline/jarde/BitwiseProbe.java:261: 错误: 缺少返回语句
    }
    ^
/tmp/jarde-bitwise-root-baseline/jarde/BitwiseProbe.java:272: 错误: 缺少返回语句
    }
    ^
21 个错误
3 个警告
