// jarde: presentation of `em20/LocalScopes` from the class file's own declaration and one recovery run per member.
// jarde: not a compilable project: no imports and no resources are claimed (the `package` line is the class file's own name, not a claim about a directory); every place this text is not a full recovery carries a marker of this prefix.
package em20;

public class LocalScopes extends java.lang.Object {
    public LocalScopes() {
        // @method <init>()V
        // @declaration a constructor of `em20.LocalScopes`, member flags 0x0001
        // recovered from bytecode; presentation is not claimed to compile
        super();
        return;
    }

    public static int joined(boolean arg0, int arg1) {
        // @method joined(ZI)I
        // @declaration a static method of `em20.LocalScopes`, member flags 0x0009
        // recovered from bytecode; presentation is not claimed to compile
        int local2;
        if (arg0) {
            local2 = arg1 + 1;
        } else {
            local2 = arg1 - 1;
        }
        return local2;
    }

    public static int loop(int arg0) {
        // @method loop(I)I
        // @declaration a static method of `em20.LocalScopes`, member flags 0x0009
        // recovered from bytecode; presentation is not claimed to compile
        int local1;
        int local2;
        local1 = 0;
        for (local2 = 0; local2 < arg0; local2 = local2 + 1) {
            int local3 = local2 + 1;
            local1 = local1 + local3;
        }
        return local1;
    }

    public static int synchronizedLoop(int arg0) {
        // @method synchronizedLoop(I)I
        // @declaration a static method of `em20.LocalScopes`, member flags 0x0009
        // recovered from bytecode; presentation is not claimed to compile
        int local1;
        synchronized (em20.LocalScopes.class) {
            local1 = arg0 + 1;
        }
        // @bytecode 20
        // local 2 is treated as one source variable, but BCI 3 writes `Object` and BCI 20 writes `int`; no Java declaration can hold both, so this region is refused instead of publishing a contradictory local
        // @bytecode 22
        // local 3 is treated as one source variable, but BCI 14 writes `Object` and BCI 22 writes `int`; no Java declaration can hold both, so this region is refused instead of publishing a contradictory local
        // @bytecode 23 24 25 31 32
        // the statement at BCI 25 reads `local3`, and no statement of this body declared that local: the write that would have declared it was refused, so its name cannot be read here (P3 2b.2)
        // @bytecode 38 39
        // the statement at BCI 39 reads `local2`, and no statement of this body declared that local: the write that would have declared it was refused, so its name cannot be read here (P3 2b.2)
    }

    public static int caught(boolean arg0) {
        // @method caught(Z)I
        // @declaration a static method of `em20.LocalScopes`, member flags 0x0009
        // recovered from bytecode; presentation is not claimed to compile
        int local1;
        local1 = 1;
        try {
            if (arg0) {
                throw new java.lang.IllegalArgumentException("requested");
            } else {
                local1 = 2;
            }
        } catch (java.lang.IllegalArgumentException local2) {
            local1 = 3;
        }
        return local1;
    }
}
anonymous_interface_projection.state = "absent"
bridge_proofs = []
class.class_bytes.digest = "814fd5c9afd42261cf7c0efd7c796bb895a02efe6ec2ad40eee756c3a5553a68"
class.class_bytes.length = 649
class.location.entry.ordinal = 3
class.location.entry.origin.root_container = "root"
class.location.entry.origin.snapshot = "e5d4af53ab38245a9ae491dadb09981cd6bb0132ddf255da493ed08dccfc5d71"
class.location.entry.origin.steps = []
class.location.entry.raw_name = [101,109,50,48,47,76,111,99,97,108,83,99,111,112,101,115,46,99,108,97,115,115]
class.location.kind = "archive_entry"
class.variant.kind = "base"
coverage.artifact_structural.scanned.0.end = 5
coverage.artifact_structural.scanned.0.label = "central_directory_entries"
coverage.artifact_structural.scanned.0.start = 0
coverage.artifact_structural.scanned.1.end = 1
coverage.artifact_structural.scanned.1.label = "navigation_candidates"
coverage.artifact_structural.scanned.1.start = 0
coverage.artifact_structural.scanned.2.end = 5
coverage.artifact_structural.scanned.2.label = "class_methods"
coverage.artifact_structural.scanned.2.start = 0
coverage.artifact_structural.scanned.3.end = 5
coverage.artifact_structural.scanned.3.label = "class_source_bodies"
coverage.artifact_structural.scanned.3.start = 0
coverage.artifact_structural.skipped = []
coverage.artifact_structural.state = "complete_within_schema"
coverage.artifact_structural.uninterpreted_extensions = []
coverage.dynamic_analysis.scanned = []
coverage.dynamic_analysis.skipped = []
coverage.dynamic_analysis.state = "not_requested"
coverage.dynamic_analysis.uninterpreted_extensions = []
coverage.runtime_resolution.scanned = []
coverage.runtime_resolution.skipped = []
coverage.runtime_resolution.state = "not_requested"
coverage.runtime_resolution.uninterpreted_extensions = []
declaration.annotation_attributes = []
declaration.annotation_refusals = []
declaration.annotation_uses = []
declaration.declaration = "public class LocalScopes extends java.lang.Object"
declaration.generic_refusal = null
declaration.generic_signature = null
declaration.item.binding.kind = "path_name_agrees"
declaration.item.declaration.access_flags = 33
declaration.item.declaration.interfaces = []
declaration.item.declaration.super_class.escaped = "java/lang/Object"
declaration.item.declaration.super_class.raw = [106,97,118,97,47,108,97,110,103,47,79,98,106,101,99,116]
declaration.item.declaration.super_class.utf16 = [106,97,118,97,47,108,97,110,103,47,79,98,106,101,99,116]
declaration.item.declaration.this_class.escaped = "em20/LocalScopes"
declaration.item.declaration.this_class.raw = [101,109,50,48,47,76,111,99,97,108,83,99,111,112,101,115]
declaration.item.declaration.this_class.utf16 = [101,109,50,48,47,76,111,99,97,108,83,99,111,112,101,115]
declaration.item.definition.class_bytes.digest = "814fd5c9afd42261cf7c0efd7c796bb895a02efe6ec2ad40eee756c3a5553a68"
declaration.item.definition.class_bytes.length = 649
declaration.item.definition.location.entry.ordinal = 3
declaration.item.definition.location.entry.origin.root_container = "root"
declaration.item.definition.location.entry.origin.snapshot = "e5d4af53ab38245a9ae491dadb09981cd6bb0132ddf255da493ed08dccfc5d71"
declaration.item.definition.location.entry.origin.steps = []
declaration.item.definition.location.entry.raw_name = [101,109,50,48,47,76,111,99,97,108,83,99,111,112,101,115,46,99,108,97,115,115]
declaration.item.definition.location.kind = "archive_entry"
declaration.item.definition.variant.kind = "base"
declaration.item.member_table = null
declaration.name = "LocalScopes"
diagnostics = []
direct_override_proofs = []
enum_switch_proofs = []
execution.status = "complete"
execution.usage.analysis_steps = 1227
execution.usage.archive_entries = 14
execution.usage.attribute_bytes = 939
execution.usage.class_bytes = 1298
execution.usage.class_headers = 1
execution.usage.code_bytes = 113
execution.usage.dependency_depth = 0
execution.usage.elapsed_millis = 8
execution.usage.entry_bytes = 649
execution.usage.input_bytes = 1495
execution.usage.ir_edges = 191
execution.usage.ir_items = 2393
execution.usage.method_bodies = 5
execution.usage.nested_depth = 0
execution.usage.normalization_clones = 0
execution.usage.output_bytes = 2464
execution.usage.read_bytes = 483
execution.usage.result_items = 26
fields = []
initializer_proof.kind = "not_applicable"
limits.analysis_steps = 4194304
limits.archive_entries = 65536
limits.attribute_bytes = 67108864
limits.class_bytes = 67108864
limits.class_headers = 4096
limits.code_bytes = 16777216
limits.dependency_depth = 8
limits.elapsed_millis = 30000
limits.entry_bytes = 67108864
limits.input_bytes = 67108864
limits.ir_edges = 4194304
limits.ir_items = 4194304
limits.method_bodies = 4096
limits.nested_depth = 4
limits.normalization_clones = 1048576
limits.output_bytes = 16777216
limits.read_bytes = 67108864
limits.result_items = 65536
member_family.state = "absent"
methods.0.annotations.attributes = []
methods.0.annotations.refusals = []
methods.0.annotations.uses = []
methods.0.declaration = "public LocalScopes()"
methods.0.item.access_flags = 1
methods.0.item.body.content_span.length = 17
methods.0.item.body.content_span.start = 308
methods.0.item.body.kind = "code_attribute"
methods.0.item.descriptor.escaped = "()V"
methods.0.item.descriptor.raw = [40,41,86]
methods.0.item.descriptor.utf16 = [40,41,86]
methods.0.item.identity.descriptor = [40,41,86]
methods.0.item.identity.name = [60,105,110,105,116,62]
methods.0.item.identity.owner.class_bytes.digest = "814fd5c9afd42261cf7c0efd7c796bb895a02efe6ec2ad40eee756c3a5553a68"
methods.0.item.identity.owner.class_bytes.length = 649
methods.0.item.identity.owner.location.entry.ordinal = 3
methods.0.item.identity.owner.location.entry.origin.root_container = "root"
methods.0.item.identity.owner.location.entry.origin.snapshot = "e5d4af53ab38245a9ae491dadb09981cd6bb0132ddf255da493ed08dccfc5d71"
methods.0.item.identity.owner.location.entry.origin.steps = []
methods.0.item.identity.owner.location.entry.raw_name = [101,109,50,48,47,76,111,99,97,108,83,99,111,112,101,115,46,99,108,97,115,115]
methods.0.item.identity.owner.location.kind = "archive_entry"
methods.0.item.identity.owner.variant.kind = "base"
methods.0.item.index = 0
methods.0.item.name.escaped = "<init>"
methods.0.item.name.raw = [60,105,110,105,116,62]
methods.0.item.name.utf16 = [60,105,110,105,116,62]
methods.0.markers = []
methods.0.no_body_kind = null
methods.0.outcome.analysis.diagnostics = 0
methods.0.outcome.analysis.execution.status = "complete"
methods.0.outcome.analysis.execution.usage.analysis_steps = 21
methods.0.outcome.analysis.execution.usage.archive_entries = 14
methods.0.outcome.analysis.execution.usage.attribute_bytes = 649
methods.0.outcome.analysis.execution.usage.class_bytes = 1298
methods.0.outcome.analysis.execution.usage.class_headers = 1
methods.0.outcome.analysis.execution.usage.code_bytes = 5
methods.0.outcome.analysis.execution.usage.dependency_depth = 0
methods.0.outcome.analysis.execution.usage.elapsed_millis = 1
methods.0.outcome.analysis.execution.usage.entry_bytes = 649
methods.0.outcome.analysis.execution.usage.input_bytes = 1495
methods.0.outcome.analysis.execution.usage.ir_edges = 2
methods.0.outcome.analysis.execution.usage.ir_items = 48
methods.0.outcome.analysis.execution.usage.method_bodies = 1
methods.0.outcome.analysis.execution.usage.nested_depth = 0
methods.0.outcome.analysis.execution.usage.normalization_clones = 0
methods.0.outcome.analysis.execution.usage.output_bytes = 0
methods.0.outcome.analysis.execution.usage.read_bytes = 483
methods.0.outcome.analysis.execution.usage.result_items = 21
methods.0.outcome.kind = "recovered"
methods.0.outcome.report.accessors = []
methods.0.outcome.report.aliased_names = []
methods.0.outcome.report.artifact.agreement.state = "not_stated"
methods.0.outcome.report.artifact.binding.engine = "0.1.0"
methods.0.outcome.report.artifact.binding.environment.content = ["e5d4af53ab38245a9ae491dadb09981cd6bb0132ddf255da493ed08dccfc5d71"]
methods.0.outcome.report.artifact.binding.environment.domain_loaders = ["app"]
methods.0.outcome.report.artifact.binding.environment.providers = []
methods.0.outcome.report.artifact.binding.environment.runtime.load_domain.delegation.kind = "parent_first"
methods.0.outcome.report.artifact.binding.environment.runtime.load_domain.external_override = "none"
methods.0.outcome.report.artifact.binding.environment.runtime.load_domain.loader = "app"
methods.0.outcome.report.artifact.binding.environment.runtime.load_domain.module_mode.kind = "class_path"
methods.0.outcome.report.artifact.binding.environment.runtime.load_domain.parent_loader = null
methods.0.outcome.report.artifact.binding.environment.runtime.load_domain.roots.0.kind = "container"
methods.0.outcome.report.artifact.binding.environment.runtime.load_domain.roots.0.origin.root_container = "root"
methods.0.outcome.report.artifact.binding.environment.runtime.load_domain.roots.0.origin.snapshot = "e5d4af53ab38245a9ae491dadb09981cd6bb0132ddf255da493ed08dccfc5d71"
methods.0.outcome.report.artifact.binding.environment.runtime.load_domain.roots.0.origin.steps = []
methods.0.outcome.report.artifact.binding.environment.runtime.load_domain.roots.0.prefix = []
methods.0.outcome.report.artifact.binding.environment.runtime.load_domain.runtime_transformation = "none"
methods.0.outcome.report.artifact.binding.environment.runtime.physical.scope.kind = "snapshot_all"
methods.0.outcome.report.artifact.binding.environment.runtime.physical.snapshot = "e5d4af53ab38245a9ae491dadb09981cd6bb0132ddf255da493ed08dccfc5d71"
methods.0.outcome.report.artifact.binding.environment.runtime.profile.java_release = 8
methods.0.outcome.report.artifact.binding.environment.runtime.profile.layout.kind = "generic"
methods.0.outcome.report.artifact.binding.environment.runtime.profile.multi_release.kind = "disabled"
methods.0.outcome.report.artifact.binding.member_ordinal = 0
methods.0.outcome.report.artifact.binding.method.descriptor = [40,41,86]
methods.0.outcome.report.artifact.binding.method.name = [60,105,110,105,116,62]
methods.0.outcome.report.artifact.binding.method.owner.class_bytes.digest = "814fd5c9afd42261cf7c0efd7c796bb895a02efe6ec2ad40eee756c3a5553a68"
methods.0.outcome.report.artifact.binding.method.owner.class_bytes.length = 649
methods.0.outcome.report.artifact.binding.method.owner.location.entry.ordinal = 3
methods.0.outcome.report.artifact.binding.method.owner.location.entry.origin.root_container = "root"
methods.0.outcome.report.artifact.binding.method.owner.location.entry.origin.snapshot = "e5d4af53ab38245a9ae491dadb09981cd6bb0132ddf255da493ed08dccfc5d71"
methods.0.outcome.report.artifact.binding.method.owner.location.entry.origin.steps = []
methods.0.outcome.report.artifact.binding.method.owner.location.entry.raw_name = [101,109,50,48,47,76,111,99,97,108,83,99,111,112,101,115,46,99,108,97,115,115]
methods.0.outcome.report.artifact.binding.method.owner.location.kind = "archive_entry"
methods.0.outcome.report.artifact.binding.method.owner.variant.kind = "base"
methods.0.outcome.report.artifact.binding.profile.java_release = 8
methods.0.outcome.report.artifact.binding.profile.layout.kind = "generic"
methods.0.outcome.report.artifact.binding.profile.multi_release.kind = "disabled"
methods.0.outcome.report.artifact.binding.registry = 71
methods.0.outcome.report.artifact.binding.rules = ["straight@1","if@1","loop@1","switch@1","lambda@1","concat@1","bridge@1","accessor@1","new@1","field@1","enumswitch@1","init@1","declaration@1","twr@1","monitor@1","finally@1"]
methods.0.outcome.report.artifact.binding.schema = 1
methods.0.outcome.report.artifact.binding.text_bytes = 190
methods.0.outcome.report.artifact.binding.text_digest = "27595b06eca911d66e5e76d176e625b8"
methods.0.outcome.report.bridges = []
methods.0.outcome.report.compile_status = "not_attempted"
methods.0.outcome.report.concats = []
methods.0.outcome.report.content = "contains_statements"
methods.0.outcome.report.declaration = null
methods.0.outcome.report.diagnostics.0.code = "jre_recovery_produced"
methods.0.outcome.report.diagnostics.0.message = "1 region(s), 2 statement(s), 2 segment(s), 190 byte(s) written from 1 canonical block(s)"
methods.0.outcome.report.diagnostics.0.provenance = null
methods.0.outcome.report.diagnostics.0.severity = "info"
methods.0.outcome.report.diagnostics.1.code = "jre_constructor_prologue"
methods.0.outcome.report.diagnostics.1.message = "the body is an instance initializer and its prologue is written under init@1 as `super`: the call at BCI 1 names `java/lang/Object`, and the class that declares this constructor is `em20/LocalScopes`"
methods.0.outcome.report.diagnostics.1.provenance = null
methods.0.outcome.report.diagnostics.1.severity = "info"
methods.0.outcome.report.diagnostics.2.code = "jre_declaration"
methods.0.outcome.report.diagnostics.2.message = "the artifact's envelope states the member's declaration under declaration@1: a constructor"
methods.0.outcome.report.diagnostics.2.provenance = null
methods.0.outcome.report.diagnostics.2.severity = "info"
methods.0.outcome.report.enum_switches = []
methods.0.outcome.report.evidence.categories.0.kind = "source_map"
methods.0.outcome.report.evidence.categories.0.state.state = "not_requested"
methods.0.outcome.report.evidence.categories.1.kind = "region_details"
methods.0.outcome.report.evidence.categories.1.state.state = "not_requested"
methods.0.outcome.report.evidence.categories.2.kind = "rule_details"
methods.0.outcome.report.evidence.categories.2.state.state = "not_requested"
methods.0.outcome.report.evidence.categories.3.kind = "name_details"
methods.0.outcome.report.evidence.categories.3.state.state = "not_requested"
methods.0.outcome.report.evidence.categories.4.kind = "read_details"
methods.0.outcome.report.evidence.categories.4.state.state = "not_requested"
methods.0.outcome.report.evidence.requested.driver_bci_range = null
methods.0.outcome.report.evidence.requested.expected_artifact = null
methods.0.outcome.report.evidence.requested.kinds = []
methods.0.outcome.report.execution.status = "complete"
methods.0.outcome.report.execution.usage.analysis_steps = 36
methods.0.outcome.report.execution.usage.archive_entries = 14
methods.0.outcome.report.execution.usage.attribute_bytes = 649
methods.0.outcome.report.execution.usage.class_bytes = 1298
methods.0.outcome.report.execution.usage.class_headers = 1
methods.0.outcome.report.execution.usage.code_bytes = 5
methods.0.outcome.report.execution.usage.dependency_depth = 0
methods.0.outcome.report.execution.usage.elapsed_millis = 2
methods.0.outcome.report.execution.usage.entry_bytes = 649
methods.0.outcome.report.execution.usage.input_bytes = 1495
methods.0.outcome.report.execution.usage.ir_edges = 2
methods.0.outcome.report.execution.usage.ir_items = 63
methods.0.outcome.report.execution.usage.method_bodies = 1
methods.0.outcome.report.execution.usage.nested_depth = 0
methods.0.outcome.report.execution.usage.normalization_clones = 0
methods.0.outcome.report.execution.usage.output_bytes = 190
methods.0.outcome.report.execution.usage.read_bytes = 483
methods.0.outcome.report.execution.usage.result_items = 21
methods.0.outcome.report.fallbacks = []
methods.0.outcome.report.fields = []
methods.0.outcome.report.init = null
methods.0.outcome.report.lambdas = []
methods.0.outcome.report.method = "<init>()V"
methods.0.outcome.report.news = []
methods.0.outcome.report.outcome = "produced"
methods.0.outcome.report.profile.java_release = 8
methods.0.outcome.report.profile.layout.kind = "generic"
methods.0.outcome.report.profile.multi_release.kind = "disabled"
methods.0.outcome.report.quality = "structured"
methods.0.outcome.report.regions = []
methods.0.outcome.report.representation = "java"
methods.0.outcome.report.rules = []
methods.0.outcome.report.semantic_validation = "unproven"
methods.0.outcome.report.source_map.segments = []
methods.0.outcome.report.syntax_status = "unchecked"
methods.0.outcome.report.text = "// @method <init>()V\n// @declaration a constructor of `em20.LocalScopes`, member flags 0x0001\n// recovered from bytecode; presentation is not claimed to compile\n{\n    super();\n    return;\n}\n"
methods.0.outcome.report.verification = "not_performed"
methods.0.parameter_annotations.attributes = []
methods.0.parameter_annotations.refusals = []
methods.0.parameter_annotations.uses_by_position = []
methods.0.text = "    public LocalScopes() {\n        // @method <init>()V\n        // @declaration a constructor of `em20.LocalScopes`, member flags 0x0001\n        // recovered from bytecode; presentation is not claimed to compile\n        super();\n        return;\n    }\n"
methods.0.type_annotations.attributes = []
methods.0.type_annotations.field_uses = []
methods.0.type_annotations.parameter_uses = []
methods.0.type_annotations.refusals = []
methods.0.type_annotations.return_uses = []
methods.1.annotations.attributes = []
methods.1.annotations.refusals = []
methods.1.annotations.uses = []
methods.1.declaration = "public static int joined(boolean arg0, int arg1)"
methods.1.item.access_flags = 9
methods.1.item.body.content_span.length = 42
methods.1.item.body.content_span.start = 339
methods.1.item.body.kind = "code_attribute"
methods.1.item.descriptor.escaped = "(ZI)I"
methods.1.item.descriptor.raw = [40,90,73,41,73]
methods.1.item.descriptor.utf16 = [40,90,73,41,73]
methods.1.item.identity.descriptor = [40,90,73,41,73]
methods.1.item.identity.name = [106,111,105,110,101,100]
methods.1.item.identity.owner.class_bytes.digest = "814fd5c9afd42261cf7c0efd7c796bb895a02efe6ec2ad40eee756c3a5553a68"
methods.1.item.identity.owner.class_bytes.length = 649
methods.1.item.identity.owner.location.entry.ordinal = 3
methods.1.item.identity.owner.location.entry.origin.root_container = "root"
methods.1.item.identity.owner.location.entry.origin.snapshot = "e5d4af53ab38245a9ae491dadb09981cd6bb0132ddf255da493ed08dccfc5d71"
methods.1.item.identity.owner.location.entry.origin.steps = []
methods.1.item.identity.owner.location.entry.raw_name = [101,109,50,48,47,76,111,99,97,108,83,99,111,112,101,115,46,99,108,97,115,115]
methods.1.item.identity.owner.location.kind = "archive_entry"
methods.1.item.identity.owner.variant.kind = "base"
methods.1.item.index = 1
methods.1.item.name.escaped = "joined"
methods.1.item.name.raw = [106,111,105,110,101,100]
methods.1.item.name.utf16 = [106,111,105,110,101,100]
methods.1.markers = []
methods.1.no_body_kind = null
methods.1.outcome.analysis.diagnostics = 0
methods.1.outcome.analysis.execution.status = "complete"
methods.1.outcome.analysis.execution.usage.analysis_steps = 135
methods.1.outcome.analysis.execution.usage.archive_entries = 14
methods.1.outcome.analysis.execution.usage.attribute_bytes = 697
methods.1.outcome.analysis.execution.usage.class_bytes = 1298
methods.1.outcome.analysis.execution.usage.class_headers = 1
methods.1.outcome.analysis.execution.usage.code_bytes = 22
methods.1.outcome.analysis.execution.usage.dependency_depth = 0
methods.1.outcome.analysis.execution.usage.elapsed_millis = 3
methods.1.outcome.analysis.execution.usage.entry_bytes = 649
methods.1.outcome.analysis.execution.usage.input_bytes = 1495
methods.1.outcome.analysis.execution.usage.ir_edges = 32
methods.1.outcome.analysis.execution.usage.ir_items = 371
methods.1.outcome.analysis.execution.usage.method_bodies = 2
methods.1.outcome.analysis.execution.usage.nested_depth = 0
methods.1.outcome.analysis.execution.usage.normalization_clones = 0
methods.1.outcome.analysis.execution.usage.output_bytes = 190
methods.1.outcome.analysis.execution.usage.read_bytes = 483
methods.1.outcome.analysis.execution.usage.result_items = 22
methods.1.outcome.kind = "recovered"
methods.1.outcome.report.accessors = []
methods.1.outcome.report.aliased_names = []
methods.1.outcome.report.artifact.agreement.state = "not_stated"
methods.1.outcome.report.artifact.binding.engine = "0.1.0"
methods.1.outcome.report.artifact.binding.environment.content = ["e5d4af53ab38245a9ae491dadb09981cd6bb0132ddf255da493ed08dccfc5d71"]
methods.1.outcome.report.artifact.binding.environment.domain_loaders = ["app"]
methods.1.outcome.report.artifact.binding.environment.providers = []
methods.1.outcome.report.artifact.binding.environment.runtime.load_domain.delegation.kind = "parent_first"
methods.1.outcome.report.artifact.binding.environment.runtime.load_domain.external_override = "none"
methods.1.outcome.report.artifact.binding.environment.runtime.load_domain.loader = "app"
methods.1.outcome.report.artifact.binding.environment.runtime.load_domain.module_mode.kind = "class_path"
methods.1.outcome.report.artifact.binding.environment.runtime.load_domain.parent_loader = null
methods.1.outcome.report.artifact.binding.environment.runtime.load_domain.roots.0.kind = "container"
methods.1.outcome.report.artifact.binding.environment.runtime.load_domain.roots.0.origin.root_container = "root"
methods.1.outcome.report.artifact.binding.environment.runtime.load_domain.roots.0.origin.snapshot = "e5d4af53ab38245a9ae491dadb09981cd6bb0132ddf255da493ed08dccfc5d71"
methods.1.outcome.report.artifact.binding.environment.runtime.load_domain.roots.0.origin.steps = []
methods.1.outcome.report.artifact.binding.environment.runtime.load_domain.roots.0.prefix = []
methods.1.outcome.report.artifact.binding.environment.runtime.load_domain.runtime_transformation = "none"
methods.1.outcome.report.artifact.binding.environment.runtime.physical.scope.kind = "snapshot_all"
methods.1.outcome.report.artifact.binding.environment.runtime.physical.snapshot = "e5d4af53ab38245a9ae491dadb09981cd6bb0132ddf255da493ed08dccfc5d71"
methods.1.outcome.report.artifact.binding.environment.runtime.profile.java_release = 8
methods.1.outcome.report.artifact.binding.environment.runtime.profile.layout.kind = "generic"
methods.1.outcome.report.artifact.binding.environment.runtime.profile.multi_release.kind = "disabled"
methods.1.outcome.report.artifact.binding.member_ordinal = 1
methods.1.outcome.report.artifact.binding.method.descriptor = [40,90,73,41,73]
methods.1.outcome.report.artifact.binding.method.name = [106,111,105,110,101,100]
methods.1.outcome.report.artifact.binding.method.owner.class_bytes.digest = "814fd5c9afd42261cf7c0efd7c796bb895a02efe6ec2ad40eee756c3a5553a68"
methods.1.outcome.report.artifact.binding.method.owner.class_bytes.length = 649
methods.1.outcome.report.artifact.binding.method.owner.location.entry.ordinal = 3
methods.1.outcome.report.artifact.binding.method.owner.location.entry.origin.root_container = "root"
methods.1.outcome.report.artifact.binding.method.owner.location.entry.origin.snapshot = "e5d4af53ab38245a9ae491dadb09981cd6bb0132ddf255da493ed08dccfc5d71"
methods.1.outcome.report.artifact.binding.method.owner.location.entry.origin.steps = []
methods.1.outcome.report.artifact.binding.method.owner.location.entry.raw_name = [101,109,50,48,47,76,111,99,97,108,83,99,111,112,101,115,46,99,108,97,115,115]
methods.1.outcome.report.artifact.binding.method.owner.location.kind = "archive_entry"
methods.1.outcome.report.artifact.binding.method.owner.variant.kind = "base"
methods.1.outcome.report.artifact.binding.profile.java_release = 8
methods.1.outcome.report.artifact.binding.profile.layout.kind = "generic"
methods.1.outcome.report.artifact.binding.profile.multi_release.kind = "disabled"
methods.1.outcome.report.artifact.binding.registry = 71
methods.1.outcome.report.artifact.binding.rules = ["straight@1","if@1","loop@1","switch@1","lambda@1","concat@1","bridge@1","accessor@1","new@1","field@1","enumswitch@1","init@1","declaration@1","twr@1","monitor@1","finally@1"]
methods.1.outcome.report.artifact.binding.schema = 1
methods.1.outcome.report.artifact.binding.text_bytes = 293
methods.1.outcome.report.artifact.binding.text_digest = "3a8e5203e97cabdda39881b50f26f680"
methods.1.outcome.report.bridges = []
methods.1.outcome.report.compile_status = "not_attempted"
methods.1.outcome.report.concats = []
methods.1.outcome.report.content = "contains_statements"
methods.1.outcome.report.declaration = null
methods.1.outcome.report.diagnostics.0.code = "jre_recovery_produced"
methods.1.outcome.report.diagnostics.0.message = "2 region(s), 5 statement(s), 13 segment(s), 293 byte(s) written from 4 canonical block(s)"
methods.1.outcome.report.diagnostics.0.provenance = null
methods.1.outcome.report.diagnostics.0.severity = "info"
methods.1.outcome.report.diagnostics.1.code = "jre_declaration"
methods.1.outcome.report.diagnostics.1.message = "the artifact's envelope states the member's declaration under declaration@1: a static method"
methods.1.outcome.report.diagnostics.1.provenance = null
methods.1.outcome.report.diagnostics.1.severity = "info"
methods.1.outcome.report.enum_switches = []
methods.1.outcome.report.evidence.categories.0.kind = "source_map"
methods.1.outcome.report.evidence.categories.0.state.state = "not_requested"
methods.1.outcome.report.evidence.categories.1.kind = "region_details"
methods.1.outcome.report.evidence.categories.1.state.state = "not_requested"
methods.1.outcome.report.evidence.categories.2.kind = "rule_details"
methods.1.outcome.report.evidence.categories.2.state.state = "not_requested"
methods.1.outcome.report.evidence.categories.3.kind = "name_details"
methods.1.outcome.report.evidence.categories.3.state.state = "not_requested"
methods.1.outcome.report.evidence.categories.4.kind = "read_details"
methods.1.outcome.report.evidence.categories.4.state.state = "not_requested"
methods.1.outcome.report.evidence.requested.driver_bci_range = null
methods.1.outcome.report.evidence.requested.expected_artifact = null
methods.1.outcome.report.evidence.requested.kinds = []
methods.1.outcome.report.execution.status = "complete"
methods.1.outcome.report.execution.usage.analysis_steps = 259
methods.1.outcome.report.execution.usage.archive_entries = 14
methods.1.outcome.report.execution.usage.attribute_bytes = 697
methods.1.outcome.report.execution.usage.class_bytes = 1298
methods.1.outcome.report.execution.usage.class_headers = 1
methods.1.outcome.report.execution.usage.code_bytes = 22
methods.1.outcome.report.execution.usage.dependency_depth = 0
methods.1.outcome.report.execution.usage.elapsed_millis = 3
methods.1.outcome.report.execution.usage.entry_bytes = 649
methods.1.outcome.report.execution.usage.input_bytes = 1495
methods.1.outcome.report.execution.usage.ir_edges = 36
methods.1.outcome.report.execution.usage.ir_items = 449
methods.1.outcome.report.execution.usage.method_bodies = 2
methods.1.outcome.report.execution.usage.nested_depth = 0
methods.1.outcome.report.execution.usage.normalization_clones = 0
methods.1.outcome.report.execution.usage.output_bytes = 483
methods.1.outcome.report.execution.usage.read_bytes = 483
methods.1.outcome.report.execution.usage.result_items = 22
methods.1.outcome.report.fallbacks = []
methods.1.outcome.report.fields = []
methods.1.outcome.report.init = null
methods.1.outcome.report.lambdas = []
methods.1.outcome.report.method = "joined(ZI)I"
methods.1.outcome.report.news = []
methods.1.outcome.report.outcome = "produced"
methods.1.outcome.report.profile.java_release = 8
methods.1.outcome.report.profile.layout.kind = "generic"
methods.1.outcome.report.profile.multi_release.kind = "disabled"
methods.1.outcome.report.quality = "structured"
methods.1.outcome.report.regions = []
methods.1.outcome.report.representation = "java"
methods.1.outcome.report.rules = []
methods.1.outcome.report.semantic_validation = "unproven"
methods.1.outcome.report.source_map.segments = []
methods.1.outcome.report.syntax_status = "unchecked"
methods.1.outcome.report.text = "// @method joined(ZI)I\n// @declaration a static method of `em20.LocalScopes`, member flags 0x0009\n// recovered from bytecode; presentation is not claimed to compile\n{\n    int local2;\n    if (arg0) {\n        local2 = arg1 + 1;\n    } else {\n        local2 = arg1 - 1;\n    }\n    return local2;\n}\n"
methods.1.outcome.report.verification = "not_performed"
methods.1.parameter_annotations.attributes = []
methods.1.parameter_annotations.refusals = []
methods.1.parameter_annotations.uses_by_position = [[],[]]
methods.1.text = "    public static int joined(boolean arg0, int arg1) {\n        // @method joined(ZI)I\n        // @declaration a static method of `em20.LocalScopes`, member flags 0x0009\n        // recovered from bytecode; presentation is not claimed to compile\n        int local2;\n        if (arg0) {\n            local2 = arg1 + 1;\n        } else {\n            local2 = arg1 - 1;\n        }\n        return local2;\n    }\n"
methods.1.type_annotations.attributes = []
methods.1.type_annotations.field_uses = []
methods.1.type_annotations.parameter_uses = [[],[]]
methods.1.type_annotations.refusals = []
methods.1.type_annotations.return_uses = []
methods.2.annotations.attributes = []
methods.2.annotations.refusals = []
methods.2.annotations.uses = []
methods.2.declaration = "public static int loop(int arg0)"
methods.2.item.access_flags = 9
methods.2.item.body.content_span.length = 53
methods.2.item.body.content_span.start = 395
methods.2.item.body.kind = "code_attribute"
methods.2.item.descriptor.escaped = "(I)I"
methods.2.item.descriptor.raw = [40,73,41,73]
methods.2.item.descriptor.utf16 = [40,73,41,73]
methods.2.item.identity.descriptor = [40,73,41,73]
methods.2.item.identity.name = [108,111,111,112]
methods.2.item.identity.owner.class_bytes.digest = "814fd5c9afd42261cf7c0efd7c796bb895a02efe6ec2ad40eee756c3a5553a68"
methods.2.item.identity.owner.class_bytes.length = 649
methods.2.item.identity.owner.location.entry.ordinal = 3
methods.2.item.identity.owner.location.entry.origin.root_container = "root"
methods.2.item.identity.owner.location.entry.origin.snapshot = "e5d4af53ab38245a9ae491dadb09981cd6bb0132ddf255da493ed08dccfc5d71"
methods.2.item.identity.owner.location.entry.origin.steps = []
methods.2.item.identity.owner.location.entry.raw_name = [101,109,50,48,47,76,111,99,97,108,83,99,111,112,101,115,46,99,108,97,115,115]
methods.2.item.identity.owner.location.kind = "archive_entry"
methods.2.item.identity.owner.variant.kind = "base"
methods.2.item.index = 2
methods.2.item.name.escaped = "loop"
methods.2.item.name.raw = [108,111,111,112]
methods.2.item.name.utf16 = [108,111,111,112]
methods.2.markers = []
methods.2.no_body_kind = null
methods.2.outcome.analysis.diagnostics = 0
methods.2.outcome.analysis.execution.status = "complete"
methods.2.outcome.analysis.execution.usage.analysis_steps = 382
methods.2.outcome.analysis.execution.usage.archive_entries = 14
methods.2.outcome.analysis.execution.usage.attribute_bytes = 756
methods.2.outcome.analysis.execution.usage.class_bytes = 1298
methods.2.outcome.analysis.execution.usage.class_headers = 1
methods.2.outcome.analysis.execution.usage.code_bytes = 47
methods.2.outcome.analysis.execution.usage.dependency_depth = 0
methods.2.outcome.analysis.execution.usage.elapsed_millis = 4
methods.2.outcome.analysis.execution.usage.entry_bytes = 649
methods.2.outcome.analysis.execution.usage.input_bytes = 1495
methods.2.outcome.analysis.execution.usage.ir_edges = 72
methods.2.outcome.analysis.execution.usage.ir_items = 853
methods.2.outcome.analysis.execution.usage.method_bodies = 3
methods.2.outcome.analysis.execution.usage.nested_depth = 0
methods.2.outcome.analysis.execution.usage.normalization_clones = 0
methods.2.outcome.analysis.execution.usage.output_bytes = 483
methods.2.outcome.analysis.execution.usage.read_bytes = 483
methods.2.outcome.analysis.execution.usage.result_items = 23
methods.2.outcome.kind = "recovered"
methods.2.outcome.report.accessors = []
methods.2.outcome.report.aliased_names = []
methods.2.outcome.report.artifact.agreement.state = "not_stated"
methods.2.outcome.report.artifact.binding.engine = "0.1.0"
methods.2.outcome.report.artifact.binding.environment.content = ["e5d4af53ab38245a9ae491dadb09981cd6bb0132ddf255da493ed08dccfc5d71"]
methods.2.outcome.report.artifact.binding.environment.domain_loaders = ["app"]
methods.2.outcome.report.artifact.binding.environment.providers = []
methods.2.outcome.report.artifact.binding.environment.runtime.load_domain.delegation.kind = "parent_first"
methods.2.outcome.report.artifact.binding.environment.runtime.load_domain.external_override = "none"
methods.2.outcome.report.artifact.binding.environment.runtime.load_domain.loader = "app"
methods.2.outcome.report.artifact.binding.environment.runtime.load_domain.module_mode.kind = "class_path"
methods.2.outcome.report.artifact.binding.environment.runtime.load_domain.parent_loader = null
methods.2.outcome.report.artifact.binding.environment.runtime.load_domain.roots.0.kind = "container"
methods.2.outcome.report.artifact.binding.environment.runtime.load_domain.roots.0.origin.root_container = "root"
methods.2.outcome.report.artifact.binding.environment.runtime.load_domain.roots.0.origin.snapshot = "e5d4af53ab38245a9ae491dadb09981cd6bb0132ddf255da493ed08dccfc5d71"
methods.2.outcome.report.artifact.binding.environment.runtime.load_domain.roots.0.origin.steps = []
methods.2.outcome.report.artifact.binding.environment.runtime.load_domain.roots.0.prefix = []
methods.2.outcome.report.artifact.binding.environment.runtime.load_domain.runtime_transformation = "none"
methods.2.outcome.report.artifact.binding.environment.runtime.physical.scope.kind = "snapshot_all"
methods.2.outcome.report.artifact.binding.environment.runtime.physical.snapshot = "e5d4af53ab38245a9ae491dadb09981cd6bb0132ddf255da493ed08dccfc5d71"
methods.2.outcome.report.artifact.binding.environment.runtime.profile.java_release = 8
methods.2.outcome.report.artifact.binding.environment.runtime.profile.layout.kind = "generic"
methods.2.outcome.report.artifact.binding.environment.runtime.profile.multi_release.kind = "disabled"
methods.2.outcome.report.artifact.binding.member_ordinal = 2
methods.2.outcome.report.artifact.binding.method.descriptor = [40,73,41,73]
methods.2.outcome.report.artifact.binding.method.name = [108,111,111,112]
methods.2.outcome.report.artifact.binding.method.owner.class_bytes.digest = "814fd5c9afd42261cf7c0efd7c796bb895a02efe6ec2ad40eee756c3a5553a68"
methods.2.outcome.report.artifact.binding.method.owner.class_bytes.length = 649
methods.2.outcome.report.artifact.binding.method.owner.location.entry.ordinal = 3
methods.2.outcome.report.artifact.binding.method.owner.location.entry.origin.root_container = "root"
methods.2.outcome.report.artifact.binding.method.owner.location.entry.origin.snapshot = "e5d4af53ab38245a9ae491dadb09981cd6bb0132ddf255da493ed08dccfc5d71"
methods.2.outcome.report.artifact.binding.method.owner.location.entry.origin.steps = []
methods.2.outcome.report.artifact.binding.method.owner.location.entry.raw_name = [101,109,50,48,47,76,111,99,97,108,83,99,111,112,101,115,46,99,108,97,115,115]
methods.2.outcome.report.artifact.binding.method.owner.location.kind = "archive_entry"
methods.2.outcome.report.artifact.binding.method.owner.variant.kind = "base"
methods.2.outcome.report.artifact.binding.profile.java_release = 8
methods.2.outcome.report.artifact.binding.profile.layout.kind = "generic"
methods.2.outcome.report.artifact.binding.profile.multi_release.kind = "disabled"
methods.2.outcome.report.artifact.binding.registry = 71
methods.2.outcome.report.artifact.binding.rules = ["straight@1","if@1","loop@1","switch@1","lambda@1","concat@1","bridge@1","accessor@1","new@1","field@1","enumswitch@1","init@1","declaration@1","twr@1","monitor@1","finally@1"]
methods.2.outcome.report.artifact.binding.schema = 1
methods.2.outcome.report.artifact.binding.text_bytes = 365
methods.2.outcome.report.artifact.binding.text_digest = "832a5526c4f361b2fd3ec77b4c913f86"
methods.2.outcome.report.bridges = []
methods.2.outcome.report.compile_status = "not_attempted"
methods.2.outcome.report.concats = []
methods.2.outcome.report.content = "contains_statements"
methods.2.outcome.report.declaration = null
methods.2.outcome.report.diagnostics.0.code = "jre_recovery_produced"
methods.2.outcome.report.diagnostics.0.message = "3 region(s), 7 statement(s), 24 segment(s), 365 byte(s) written from 4 canonical block(s)"
methods.2.outcome.report.diagnostics.0.provenance = null
methods.2.outcome.report.diagnostics.0.severity = "info"
methods.2.outcome.report.diagnostics.1.code = "jre_declaration"
methods.2.outcome.report.diagnostics.1.message = "the artifact's envelope states the member's declaration under declaration@1: a static method"
methods.2.outcome.report.diagnostics.1.provenance = null
methods.2.outcome.report.diagnostics.1.severity = "info"
methods.2.outcome.report.enum_switches = []
methods.2.outcome.report.evidence.categories.0.kind = "source_map"
methods.2.outcome.report.evidence.categories.0.state.state = "not_requested"
methods.2.outcome.report.evidence.categories.1.kind = "region_details"
methods.2.outcome.report.evidence.categories.1.state.state = "not_requested"
methods.2.outcome.report.evidence.categories.2.kind = "rule_details"
methods.2.outcome.report.evidence.categories.2.state.state = "not_requested"
methods.2.outcome.report.evidence.categories.3.kind = "name_details"
methods.2.outcome.report.evidence.categories.3.state.state = "not_requested"
methods.2.outcome.report.evidence.categories.4.kind = "read_details"
methods.2.outcome.report.evidence.categories.4.state.state = "not_requested"
methods.2.outcome.report.evidence.requested.driver_bci_range = null
methods.2.outcome.report.evidence.requested.expected_artifact = null
methods.2.outcome.report.evidence.requested.kinds = []
methods.2.outcome.report.execution.status = "complete"
methods.2.outcome.report.execution.usage.analysis_steps = 546
methods.2.outcome.report.execution.usage.archive_entries = 14
methods.2.outcome.report.execution.usage.attribute_bytes = 756
methods.2.outcome.report.execution.usage.class_bytes = 1298
methods.2.outcome.report.execution.usage.class_headers = 1
methods.2.outcome.report.execution.usage.code_bytes = 47
methods.2.outcome.report.execution.usage.dependency_depth = 0
methods.2.outcome.report.execution.usage.elapsed_millis = 5
methods.2.outcome.report.execution.usage.entry_bytes = 649
methods.2.outcome.report.execution.usage.input_bytes = 1495
methods.2.outcome.report.execution.usage.ir_edges = 76
methods.2.outcome.report.execution.usage.ir_items = 952
methods.2.outcome.report.execution.usage.method_bodies = 3
methods.2.outcome.report.execution.usage.nested_depth = 0
methods.2.outcome.report.execution.usage.normalization_clones = 0
methods.2.outcome.report.execution.usage.output_bytes = 848
methods.2.outcome.report.execution.usage.read_bytes = 483
methods.2.outcome.report.execution.usage.result_items = 23
methods.2.outcome.report.fallbacks = []
methods.2.outcome.report.fields = []
methods.2.outcome.report.init = null
methods.2.outcome.report.lambdas = []
methods.2.outcome.report.method = "loop(I)I"
methods.2.outcome.report.news = []
methods.2.outcome.report.outcome = "produced"
methods.2.outcome.report.profile.java_release = 8
methods.2.outcome.report.profile.layout.kind = "generic"
methods.2.outcome.report.profile.multi_release.kind = "disabled"
methods.2.outcome.report.quality = "structured"
methods.2.outcome.report.regions = []
methods.2.outcome.report.representation = "java"
methods.2.outcome.report.rules = []
methods.2.outcome.report.semantic_validation = "unproven"
methods.2.outcome.report.source_map.segments = []
methods.2.outcome.report.syntax_status = "unchecked"
methods.2.outcome.report.text = "// @method loop(I)I\n// @declaration a static method of `em20.LocalScopes`, member flags 0x0009\n// recovered from bytecode; presentation is not claimed to compile\n{\n    int local1;\n    int local2;\n    local1 = 0;\n    for (local2 = 0; local2 < arg0; local2 = local2 + 1) {\n        int local3 = local2 + 1;\n        local1 = local1 + local3;\n    }\n    return local1;\n}\n"
methods.2.outcome.report.verification = "not_performed"
methods.2.parameter_annotations.attributes = []
methods.2.parameter_annotations.refusals = []
methods.2.parameter_annotations.uses_by_position = [[]]
methods.2.text = "    public static int loop(int arg0) {\n        // @method loop(I)I\n        // @declaration a static method of `em20.LocalScopes`, member flags 0x0009\n        // recovered from bytecode; presentation is not claimed to compile\n        int local1;\n        int local2;\n        local1 = 0;\n        for (local2 = 0; local2 < arg0; local2 = local2 + 1) {\n            int local3 = local2 + 1;\n            local1 = local1 + local3;\n        }\n        return local1;\n    }\n"
methods.2.type_annotations.attributes = []
methods.2.type_annotations.field_uses = []
methods.2.type_annotations.parameter_uses = [[]]
methods.2.type_annotations.refusals = []
methods.2.type_annotations.return_uses = []
methods.3.annotations.attributes = []
methods.3.annotations.refusals = []
methods.3.annotations.uses = []
methods.3.declaration = "public static int synchronizedLoop(int arg0)"
methods.3.item.access_flags = 9
methods.3.item.body.content_span.length = 108
methods.3.item.body.content_span.start = 462
methods.3.item.body.kind = "code_attribute"
methods.3.item.descriptor.escaped = "(I)I"
methods.3.item.descriptor.raw = [40,73,41,73]
methods.3.item.descriptor.utf16 = [40,73,41,73]
methods.3.item.identity.descriptor = [40,73,41,73]
methods.3.item.identity.name = [115,121,110,99,104,114,111,110,105,122,101,100,76,111,111,112]
methods.3.item.identity.owner.class_bytes.digest = "814fd5c9afd42261cf7c0efd7c796bb895a02efe6ec2ad40eee756c3a5553a68"
methods.3.item.identity.owner.class_bytes.length = 649
methods.3.item.identity.owner.location.entry.ordinal = 3
methods.3.item.identity.owner.location.entry.origin.root_container = "root"
methods.3.item.identity.owner.location.entry.origin.snapshot = "e5d4af53ab38245a9ae491dadb09981cd6bb0132ddf255da493ed08dccfc5d71"
methods.3.item.identity.owner.location.entry.origin.steps = []
methods.3.item.identity.owner.location.entry.raw_name = [101,109,50,48,47,76,111,99,97,108,83,99,111,112,101,115,46,99,108,97,115,115]
methods.3.item.identity.owner.location.kind = "archive_entry"
methods.3.item.identity.owner.variant.kind = "base"
methods.3.item.index = 3
methods.3.item.name.escaped = "synchronizedLoop"
methods.3.item.name.raw = [115,121,110,99,104,114,111,110,105,122,101,100,76,111,111,112]
methods.3.item.name.utf16 = [115,121,110,99,104,114,111,110,105,122,101,100,76,111,111,112]
methods.3.markers = []
methods.3.no_body_kind = null
methods.3.outcome.analysis.diagnostics = 0
methods.3.outcome.analysis.execution.status = "complete"
methods.3.outcome.analysis.execution.usage.analysis_steps = 757
methods.3.outcome.analysis.execution.usage.archive_entries = 14
methods.3.outcome.analysis.execution.usage.attribute_bytes = 870
methods.3.outcome.analysis.execution.usage.class_bytes = 1298
methods.3.outcome.analysis.execution.usage.class_headers = 1
methods.3.outcome.analysis.execution.usage.code_bytes = 87
methods.3.outcome.analysis.execution.usage.dependency_depth = 0
methods.3.outcome.analysis.execution.usage.elapsed_millis = 5
methods.3.outcome.analysis.execution.usage.entry_bytes = 649
methods.3.outcome.analysis.execution.usage.input_bytes = 1495
methods.3.outcome.analysis.execution.usage.ir_edges = 138
methods.3.outcome.analysis.execution.usage.ir_items = 1673
methods.3.outcome.analysis.execution.usage.method_bodies = 4
methods.3.outcome.analysis.execution.usage.nested_depth = 0
methods.3.outcome.analysis.execution.usage.normalization_clones = 0
methods.3.outcome.analysis.execution.usage.output_bytes = 848
methods.3.outcome.analysis.execution.usage.read_bytes = 483
methods.3.outcome.analysis.execution.usage.result_items = 24
methods.3.outcome.kind = "recovered"
methods.3.outcome.report.accessors = []
methods.3.outcome.report.aliased_names = []
methods.3.outcome.report.artifact.agreement.state = "not_stated"
methods.3.outcome.report.artifact.binding.engine = "0.1.0"
methods.3.outcome.report.artifact.binding.environment.content = ["e5d4af53ab38245a9ae491dadb09981cd6bb0132ddf255da493ed08dccfc5d71"]
methods.3.outcome.report.artifact.binding.environment.domain_loaders = ["app"]
methods.3.outcome.report.artifact.binding.environment.providers = []
methods.3.outcome.report.artifact.binding.environment.runtime.load_domain.delegation.kind = "parent_first"
methods.3.outcome.report.artifact.binding.environment.runtime.load_domain.external_override = "none"
methods.3.outcome.report.artifact.binding.environment.runtime.load_domain.loader = "app"
methods.3.outcome.report.artifact.binding.environment.runtime.load_domain.module_mode.kind = "class_path"
methods.3.outcome.report.artifact.binding.environment.runtime.load_domain.parent_loader = null
methods.3.outcome.report.artifact.binding.environment.runtime.load_domain.roots.0.kind = "container"
methods.3.outcome.report.artifact.binding.environment.runtime.load_domain.roots.0.origin.root_container = "root"
methods.3.outcome.report.artifact.binding.environment.runtime.load_domain.roots.0.origin.snapshot = "e5d4af53ab38245a9ae491dadb09981cd6bb0132ddf255da493ed08dccfc5d71"
methods.3.outcome.report.artifact.binding.environment.runtime.load_domain.roots.0.origin.steps = []
methods.3.outcome.report.artifact.binding.environment.runtime.load_domain.roots.0.prefix = []
methods.3.outcome.report.artifact.binding.environment.runtime.load_domain.runtime_transformation = "none"
methods.3.outcome.report.artifact.binding.environment.runtime.physical.scope.kind = "snapshot_all"
methods.3.outcome.report.artifact.binding.environment.runtime.physical.snapshot = "e5d4af53ab38245a9ae491dadb09981cd6bb0132ddf255da493ed08dccfc5d71"
methods.3.outcome.report.artifact.binding.environment.runtime.profile.java_release = 8
methods.3.outcome.report.artifact.binding.environment.runtime.profile.layout.kind = "generic"
methods.3.outcome.report.artifact.binding.environment.runtime.profile.multi_release.kind = "disabled"
methods.3.outcome.report.artifact.binding.member_ordinal = 3
methods.3.outcome.report.artifact.binding.method.descriptor = [40,73,41,73]
methods.3.outcome.report.artifact.binding.method.name = [115,121,110,99,104,114,111,110,105,122,101,100,76,111,111,112]
methods.3.outcome.report.artifact.binding.method.owner.class_bytes.digest = "814fd5c9afd42261cf7c0efd7c796bb895a02efe6ec2ad40eee756c3a5553a68"
methods.3.outcome.report.artifact.binding.method.owner.class_bytes.length = 649
methods.3.outcome.report.artifact.binding.method.owner.location.entry.ordinal = 3
methods.3.outcome.report.artifact.binding.method.owner.location.entry.origin.root_container = "root"
methods.3.outcome.report.artifact.binding.method.owner.location.entry.origin.snapshot = "e5d4af53ab38245a9ae491dadb09981cd6bb0132ddf255da493ed08dccfc5d71"
methods.3.outcome.report.artifact.binding.method.owner.location.entry.origin.steps = []
methods.3.outcome.report.artifact.binding.method.owner.location.entry.raw_name = [101,109,50,48,47,76,111,99,97,108,83,99,111,112,101,115,46,99,108,97,115,115]
methods.3.outcome.report.artifact.binding.method.owner.location.kind = "archive_entry"
methods.3.outcome.report.artifact.binding.method.owner.variant.kind = "base"
methods.3.outcome.report.artifact.binding.profile.java_release = 8
methods.3.outcome.report.artifact.binding.profile.layout.kind = "generic"
methods.3.outcome.report.artifact.binding.profile.multi_release.kind = "disabled"
methods.3.outcome.report.artifact.binding.registry = 71
methods.3.outcome.report.artifact.binding.rules = ["straight@1","if@1","loop@1","switch@1","lambda@1","concat@1","bridge@1","accessor@1","new@1","field@1","enumswitch@1","init@1","declaration@1","twr@1","monitor@1","finally@1"]
methods.3.outcome.report.artifact.binding.schema = 1
methods.3.outcome.report.artifact.binding.text_bytes = 1161
methods.3.outcome.report.artifact.binding.text_digest = "5b5850baf7141ca28cea16aaf69f7465"
methods.3.outcome.report.bridges = []
methods.3.outcome.report.compile_status = "not_attempted"
methods.3.outcome.report.concats = []
methods.3.outcome.report.content = "contains_statements"
methods.3.outcome.report.declaration = null
methods.3.outcome.report.diagnostics.0.code = "jre_recovery_produced"
methods.3.outcome.report.diagnostics.0.message = "4 region(s), 9 statement(s), 11 segment(s), 1161 byte(s) written from 6 canonical block(s)"
methods.3.outcome.report.diagnostics.0.provenance = null
methods.3.outcome.report.diagnostics.0.severity = "info"
methods.3.outcome.report.diagnostics.1.code = "jre_declaration"
methods.3.outcome.report.diagnostics.1.message = "the artifact's envelope states the member's declaration under declaration@1: a static method"
methods.3.outcome.report.diagnostics.1.provenance = null
methods.3.outcome.report.diagnostics.1.severity = "info"
methods.3.outcome.report.enum_switches = []
methods.3.outcome.report.evidence.categories.0.kind = "source_map"
methods.3.outcome.report.evidence.categories.0.state.state = "not_requested"
methods.3.outcome.report.evidence.categories.1.kind = "region_details"
methods.3.outcome.report.evidence.categories.1.state.state = "not_requested"
methods.3.outcome.report.evidence.categories.2.kind = "rule_details"
methods.3.outcome.report.evidence.categories.2.state.state = "not_requested"
methods.3.outcome.report.evidence.categories.3.kind = "name_details"
methods.3.outcome.report.evidence.categories.3.state.state = "not_requested"
methods.3.outcome.report.evidence.categories.4.kind = "read_details"
methods.3.outcome.report.evidence.categories.4.state.state = "not_requested"
methods.3.outcome.report.evidence.requested.driver_bci_range = null
methods.3.outcome.report.evidence.requested.expected_artifact = null
methods.3.outcome.report.evidence.requested.kinds = []
methods.3.outcome.report.execution.status = "complete"
methods.3.outcome.report.execution.usage.analysis_steps = 971
methods.3.outcome.report.execution.usage.archive_entries = 14
methods.3.outcome.report.execution.usage.attribute_bytes = 870
methods.3.outcome.report.execution.usage.class_bytes = 1298
methods.3.outcome.report.execution.usage.class_headers = 1
methods.3.outcome.report.execution.usage.code_bytes = 87
methods.3.outcome.report.execution.usage.dependency_depth = 0
methods.3.outcome.report.execution.usage.elapsed_millis = 6
methods.3.outcome.report.execution.usage.entry_bytes = 649
methods.3.outcome.report.execution.usage.input_bytes = 1495
methods.3.outcome.report.execution.usage.ir_edges = 143
methods.3.outcome.report.execution.usage.ir_items = 1801
methods.3.outcome.report.execution.usage.method_bodies = 4
methods.3.outcome.report.execution.usage.nested_depth = 0
methods.3.outcome.report.execution.usage.normalization_clones = 0
methods.3.outcome.report.execution.usage.output_bytes = 2009
methods.3.outcome.report.execution.usage.read_bytes = 483
methods.3.outcome.report.execution.usage.result_items = 24
methods.3.outcome.report.fallbacks = []
methods.3.outcome.report.fields = []
methods.3.outcome.report.init = null
methods.3.outcome.report.lambdas = []
methods.3.outcome.report.method = "synchronizedLoop(I)I"
methods.3.outcome.report.news = []
methods.3.outcome.report.outcome = "produced"
methods.3.outcome.report.profile.java_release = 8
methods.3.outcome.report.profile.layout.kind = "generic"
methods.3.outcome.report.profile.multi_release.kind = "disabled"
methods.3.outcome.report.quality = "fallback"
methods.3.outcome.report.regions = []
methods.3.outcome.report.representation = "mixed"
methods.3.outcome.report.rules = []
methods.3.outcome.report.semantic_validation = "unproven"
methods.3.outcome.report.source_map.segments = []
methods.3.outcome.report.syntax_status = "not_java"
methods.3.outcome.report.text = "// @method synchronizedLoop(I)I\n// @declaration a static method of `em20.LocalScopes`, member flags 0x0009\n// recovered from bytecode; presentation is not claimed to compile\n{\n    int local1;\n    synchronized (em20.LocalScopes.class) {\n        local1 = arg0 + 1;\n    }\n    // @bytecode 20\n    // local 2 is treated as one source variable, but BCI 3 writes `Object` and BCI 20 writes `int`; no Java declaration can hold both, so this region is refused instead of publishing a contradictory local\n    // @bytecode 22\n    // local 3 is treated as one source variable, but BCI 14 writes `Object` and BCI 22 writes `int`; no Java declaration can hold both, so this region is refused instead of publishing a contradictory local\n    // @bytecode 23 24 25 31 32\n    // the statement at BCI 25 reads `local3`, and no statement of this body declared that local: the write that would have declared it was refused, so its name cannot be read here (P3 2b.2)\n    // @bytecode 38 39\n    // the statement at BCI 39 reads `local2`, and no statement of this body declared that local: the write that would have declared it was refused, so its name cannot be read here (P3 2b.2)\n}\n"
methods.3.outcome.report.verification = "not_performed"
methods.3.parameter_annotations.attributes = []
methods.3.parameter_annotations.refusals = []
methods.3.parameter_annotations.uses_by_position = [[]]
methods.3.text = "    public static int synchronizedLoop(int arg0) {\n        // @method synchronizedLoop(I)I\n        // @declaration a static method of `em20.LocalScopes`, member flags 0x0009\n        // recovered from bytecode; presentation is not claimed to compile\n        int local1;\n        synchronized (em20.LocalScopes.class) {\n            local1 = arg0 + 1;\n        }\n        // @bytecode 20\n        // local 2 is treated as one source variable, but BCI 3 writes `Object` and BCI 20 writes `int`; no Java declaration can hold both, so this region is refused instead of publishing a contradictory local\n        // @bytecode 22\n        // local 3 is treated as one source variable, but BCI 14 writes `Object` and BCI 22 writes `int`; no Java declaration can hold both, so this region is refused instead of publishing a contradictory local\n        // @bytecode 23 24 25 31 32\n        // the statement at BCI 25 reads `local3`, and no statement of this body declared that local: the write that would have declared it was refused, so its name cannot be read here (P3 2b.2)\n        // @bytecode 38 39\n        // the statement at BCI 39 reads `local2`, and no statement of this body declared that local: the write that would have declared it was refused, so its name cannot be read here (P3 2b.2)\n    }\n"
methods.3.type_annotations.attributes = []
methods.3.type_annotations.field_uses = []
methods.3.type_annotations.parameter_uses = [[]]
methods.3.type_annotations.refusals = []
methods.3.type_annotations.return_uses = []
methods.4.annotations.attributes = []
methods.4.annotations.refusals = []
methods.4.annotations.uses = []
methods.4.declaration = "public static int caught(boolean arg0)"
methods.4.item.access_flags = 9
methods.4.item.body.content_span.length = 63
methods.4.item.body.content_span.start = 584
methods.4.item.body.kind = "code_attribute"
methods.4.item.descriptor.escaped = "(Z)I"
methods.4.item.descriptor.raw = [40,90,41,73]
methods.4.item.descriptor.utf16 = [40,90,41,73]
methods.4.item.identity.descriptor = [40,90,41,73]
methods.4.item.identity.name = [99,97,117,103,104,116]
methods.4.item.identity.owner.class_bytes.digest = "814fd5c9afd42261cf7c0efd7c796bb895a02efe6ec2ad40eee756c3a5553a68"
methods.4.item.identity.owner.class_bytes.length = 649
methods.4.item.identity.owner.location.entry.ordinal = 3
methods.4.item.identity.owner.location.entry.origin.root_container = "root"
methods.4.item.identity.owner.location.entry.origin.snapshot = "e5d4af53ab38245a9ae491dadb09981cd6bb0132ddf255da493ed08dccfc5d71"
methods.4.item.identity.owner.location.entry.origin.steps = []
methods.4.item.identity.owner.location.entry.raw_name = [101,109,50,48,47,76,111,99,97,108,83,99,111,112,101,115,46,99,108,97,115,115]
methods.4.item.identity.owner.location.kind = "archive_entry"
methods.4.item.identity.owner.variant.kind = "base"
methods.4.item.index = 4
methods.4.item.name.escaped = "caught"
methods.4.item.name.raw = [99,97,117,103,104,116]
methods.4.item.name.utf16 = [99,97,117,103,104,116]
methods.4.markers = []
methods.4.no_body_kind = null
methods.4.outcome.analysis.diagnostics = 0
methods.4.outcome.analysis.execution.status = "complete"
methods.4.outcome.analysis.execution.usage.analysis_steps = 1106
methods.4.outcome.analysis.execution.usage.archive_entries = 14
methods.4.outcome.analysis.execution.usage.attribute_bytes = 939
methods.4.outcome.analysis.execution.usage.class_bytes = 1298
methods.4.outcome.analysis.execution.usage.class_headers = 1
methods.4.outcome.analysis.execution.usage.code_bytes = 113
methods.4.outcome.analysis.execution.usage.dependency_depth = 0
methods.4.outcome.analysis.execution.usage.elapsed_millis = 7
methods.4.outcome.analysis.execution.usage.entry_bytes = 649
methods.4.outcome.analysis.execution.usage.input_bytes = 1495
methods.4.outcome.analysis.execution.usage.ir_edges = 187
methods.4.outcome.analysis.execution.usage.ir_items = 2285
methods.4.outcome.analysis.execution.usage.method_bodies = 5
methods.4.outcome.analysis.execution.usage.nested_depth = 0
methods.4.outcome.analysis.execution.usage.normalization_clones = 0
methods.4.outcome.analysis.execution.usage.output_bytes = 2009
methods.4.outcome.analysis.execution.usage.read_bytes = 483
methods.4.outcome.analysis.execution.usage.result_items = 25
methods.4.outcome.kind = "recovered"
methods.4.outcome.report.accessors = []
methods.4.outcome.report.aliased_names = []
methods.4.outcome.report.artifact.agreement.state = "not_stated"
methods.4.outcome.report.artifact.binding.engine = "0.1.0"
methods.4.outcome.report.artifact.binding.environment.content = ["e5d4af53ab38245a9ae491dadb09981cd6bb0132ddf255da493ed08dccfc5d71"]
methods.4.outcome.report.artifact.binding.environment.domain_loaders = ["app"]
methods.4.outcome.report.artifact.binding.environment.providers = []
methods.4.outcome.report.artifact.binding.environment.runtime.load_domain.delegation.kind = "parent_first"
methods.4.outcome.report.artifact.binding.environment.runtime.load_domain.external_override = "none"
methods.4.outcome.report.artifact.binding.environment.runtime.load_domain.loader = "app"
methods.4.outcome.report.artifact.binding.environment.runtime.load_domain.module_mode.kind = "class_path"
methods.4.outcome.report.artifact.binding.environment.runtime.load_domain.parent_loader = null
methods.4.outcome.report.artifact.binding.environment.runtime.load_domain.roots.0.kind = "container"
methods.4.outcome.report.artifact.binding.environment.runtime.load_domain.roots.0.origin.root_container = "root"
methods.4.outcome.report.artifact.binding.environment.runtime.load_domain.roots.0.origin.snapshot = "e5d4af53ab38245a9ae491dadb09981cd6bb0132ddf255da493ed08dccfc5d71"
methods.4.outcome.report.artifact.binding.environment.runtime.load_domain.roots.0.origin.steps = []
methods.4.outcome.report.artifact.binding.environment.runtime.load_domain.roots.0.prefix = []
methods.4.outcome.report.artifact.binding.environment.runtime.load_domain.runtime_transformation = "none"
methods.4.outcome.report.artifact.binding.environment.runtime.physical.scope.kind = "snapshot_all"
methods.4.outcome.report.artifact.binding.environment.runtime.physical.snapshot = "e5d4af53ab38245a9ae491dadb09981cd6bb0132ddf255da493ed08dccfc5d71"
methods.4.outcome.report.artifact.binding.environment.runtime.profile.java_release = 8
methods.4.outcome.report.artifact.binding.environment.runtime.profile.layout.kind = "generic"
methods.4.outcome.report.artifact.binding.environment.runtime.profile.multi_release.kind = "disabled"
methods.4.outcome.report.artifact.binding.member_ordinal = 4
methods.4.outcome.report.artifact.binding.method.descriptor = [40,90,41,73]
methods.4.outcome.report.artifact.binding.method.name = [99,97,117,103,104,116]
methods.4.outcome.report.artifact.binding.method.owner.class_bytes.digest = "814fd5c9afd42261cf7c0efd7c796bb895a02efe6ec2ad40eee756c3a5553a68"
methods.4.outcome.report.artifact.binding.method.owner.class_bytes.length = 649
methods.4.outcome.report.artifact.binding.method.owner.location.entry.ordinal = 3
methods.4.outcome.report.artifact.binding.method.owner.location.entry.origin.root_container = "root"
methods.4.outcome.report.artifact.binding.method.owner.location.entry.origin.snapshot = "e5d4af53ab38245a9ae491dadb09981cd6bb0132ddf255da493ed08dccfc5d71"
methods.4.outcome.report.artifact.binding.method.owner.location.entry.origin.steps = []
methods.4.outcome.report.artifact.binding.method.owner.location.entry.raw_name = [101,109,50,48,47,76,111,99,97,108,83,99,111,112,101,115,46,99,108,97,115,115]
methods.4.outcome.report.artifact.binding.method.owner.location.kind = "archive_entry"
methods.4.outcome.report.artifact.binding.method.owner.variant.kind = "base"
methods.4.outcome.report.artifact.binding.profile.java_release = 8
methods.4.outcome.report.artifact.binding.profile.layout.kind = "generic"
methods.4.outcome.report.artifact.binding.profile.multi_release.kind = "disabled"
methods.4.outcome.report.artifact.binding.registry = 71
methods.4.outcome.report.artifact.binding.rules = ["straight@1","if@1","loop@1","switch@1","lambda@1","concat@1","bridge@1","accessor@1","new@1","field@1","enumswitch@1","init@1","declaration@1","twr@1","monitor@1","finally@1"]
methods.4.outcome.report.artifact.binding.schema = 1
methods.4.outcome.report.artifact.binding.text_bytes = 455
methods.4.outcome.report.artifact.binding.text_digest = "36984959c4656dc4c41ed2e77be7f41e"
methods.4.outcome.report.bridges = []
methods.4.outcome.report.compile_status = "not_attempted"
methods.4.outcome.report.concats = []
methods.4.outcome.report.content = "contains_statements"
methods.4.outcome.report.declaration = null
methods.4.outcome.report.diagnostics.0.code = "jre_recovery_produced"
methods.4.outcome.report.diagnostics.0.message = "2 region(s), 8 statement(s), 15 segment(s), 455 byte(s) written from 5 canonical block(s)"
methods.4.outcome.report.diagnostics.0.provenance = null
methods.4.outcome.report.diagnostics.0.severity = "info"
methods.4.outcome.report.diagnostics.1.code = "jre_new_sites"
methods.4.outcome.report.diagnostics.1.message = "1 construction candidate(s) read under new@1: 1 presented as `new`, 0 refused"
methods.4.outcome.report.diagnostics.1.provenance = null
methods.4.outcome.report.diagnostics.1.severity = "info"
methods.4.outcome.report.diagnostics.2.code = "jre_declaration"
methods.4.outcome.report.diagnostics.2.message = "the artifact's envelope states the member's declaration under declaration@1: a static method"
methods.4.outcome.report.diagnostics.2.provenance = null
methods.4.outcome.report.diagnostics.2.severity = "info"
methods.4.outcome.report.enum_switches = []
methods.4.outcome.report.evidence.categories.0.kind = "source_map"
methods.4.outcome.report.evidence.categories.0.state.state = "not_requested"
methods.4.outcome.report.evidence.categories.1.kind = "region_details"
methods.4.outcome.report.evidence.categories.1.state.state = "not_requested"
methods.4.outcome.report.evidence.categories.2.kind = "rule_details"
methods.4.outcome.report.evidence.categories.2.state.state = "not_requested"
methods.4.outcome.report.evidence.categories.3.kind = "name_details"
methods.4.outcome.report.evidence.categories.3.state.state = "not_requested"
methods.4.outcome.report.evidence.categories.4.kind = "read_details"
methods.4.outcome.report.evidence.categories.4.state.state = "not_requested"
methods.4.outcome.report.evidence.requested.driver_bci_range = null
methods.4.outcome.report.evidence.requested.expected_artifact = null
methods.4.outcome.report.evidence.requested.kinds = []
methods.4.outcome.report.execution.status = "complete"
methods.4.outcome.report.execution.usage.analysis_steps = 1227
methods.4.outcome.report.execution.usage.archive_entries = 14
methods.4.outcome.report.execution.usage.attribute_bytes = 939
methods.4.outcome.report.execution.usage.class_bytes = 1298
methods.4.outcome.report.execution.usage.class_headers = 1
methods.4.outcome.report.execution.usage.code_bytes = 113
methods.4.outcome.report.execution.usage.dependency_depth = 0
methods.4.outcome.report.execution.usage.elapsed_millis = 7
methods.4.outcome.report.execution.usage.entry_bytes = 649
methods.4.outcome.report.execution.usage.input_bytes = 1495
methods.4.outcome.report.execution.usage.ir_edges = 191
methods.4.outcome.report.execution.usage.ir_items = 2393
methods.4.outcome.report.execution.usage.method_bodies = 5
methods.4.outcome.report.execution.usage.nested_depth = 0
methods.4.outcome.report.execution.usage.normalization_clones = 0
methods.4.outcome.report.execution.usage.output_bytes = 2464
methods.4.outcome.report.execution.usage.read_bytes = 483
methods.4.outcome.report.execution.usage.result_items = 25
methods.4.outcome.report.fallbacks = []
methods.4.outcome.report.fields = []
methods.4.outcome.report.init = null
methods.4.outcome.report.lambdas = []
methods.4.outcome.report.method = "caught(Z)I"
methods.4.outcome.report.news = []
methods.4.outcome.report.outcome = "produced"
methods.4.outcome.report.profile.java_release = 8
methods.4.outcome.report.profile.layout.kind = "generic"
methods.4.outcome.report.profile.multi_release.kind = "disabled"
methods.4.outcome.report.quality = "structured"
methods.4.outcome.report.regions = []
methods.4.outcome.report.representation = "java"
methods.4.outcome.report.rules = []
methods.4.outcome.report.semantic_validation = "unproven"
methods.4.outcome.report.source_map.segments = []
methods.4.outcome.report.syntax_status = "unchecked"
methods.4.outcome.report.text = "// @method caught(Z)I\n// @declaration a static method of `em20.LocalScopes`, member flags 0x0009\n// recovered from bytecode; presentation is not claimed to compile\n{\n    int local1;\n    local1 = 1;\n    try {\n        if (arg0) {\n            throw new java.lang.IllegalArgumentException(\"requested\");\n        } else {\n            local1 = 2;\n        }\n    } catch (java.lang.IllegalArgumentException local2) {\n        local1 = 3;\n    }\n    return local1;\n}\n"
methods.4.outcome.report.verification = "not_performed"
methods.4.parameter_annotations.attributes = []
methods.4.parameter_annotations.refusals = []
methods.4.parameter_annotations.uses_by_position = [[]]
methods.4.text = "    public static int caught(boolean arg0) {\n        // @method caught(Z)I\n        // @declaration a static method of `em20.LocalScopes`, member flags 0x0009\n        // recovered from bytecode; presentation is not claimed to compile\n        int local1;\n        local1 = 1;\n        try {\n            if (arg0) {\n                throw new java.lang.IllegalArgumentException(\"requested\");\n            } else {\n                local1 = 2;\n            }\n        } catch (java.lang.IllegalArgumentException local2) {\n            local1 = 3;\n        }\n        return local1;\n    }\n"
methods.4.type_annotations.attributes = []
methods.4.type_annotations.field_uses = []
methods.4.type_annotations.parameter_uses = [[]]
methods.4.type_annotations.refusals = []
methods.4.type_annotations.return_uses = []
nested_annotation_family.state = "absent"
nested_enum_family.state = "absent"
outcome = "performed"
stages = ["raw_facts","raw_cfg","legacy_normalization","canonical_cfg","frame","ssa"]
usage.analysis_steps = 1227
usage.archive_entries = 14
usage.attribute_bytes = 939
usage.class_bytes = 1298
usage.class_headers = 1
usage.code_bytes = 113
usage.dependency_depth = 0
usage.elapsed_millis = 8
usage.entry_bytes = 649
usage.input_bytes = 1495
usage.ir_edges = 191
usage.ir_items = 2393
usage.method_bodies = 5
usage.nested_depth = 0
usage.normalization_clones = 0
usage.output_bytes = 2464
usage.read_bytes = 483
usage.result_items = 26
view.scope.kind = "snapshot_all"
view.snapshot = "e5d4af53ab38245a9ae491dadb09981cd6bb0132ddf255da493ed08dccfc5d71"
