Classfile <TEMP>/original-classes/IntArgs.class
  SHA-256 checksum 2b8047d88946b349053dee0785e759f806308b4a78fda9fdc23e79337373cef0
  Compiled from "IntArgs.java"
public final class IntArgs extends java.lang.Enum<IntArgs>
  minor version: 0
  major version: 52
  flags: (0x4031) ACC_PUBLIC, ACC_FINAL, ACC_SUPER, ACC_ENUM
  this_class: #1                          // IntArgs
  super_class: #23                        // java/lang/Enum
  interfaces: 0, fields: 5, methods: 6, attributes: 2
Constant pool:
   #1 = Class              #2             // IntArgs
   #2 = Utf8               IntArgs
   #3 = Fieldref           #1.#4          // IntArgs.LITERAL:LIntArgs;
   #4 = NameAndType        #5:#6          // LITERAL:LIntArgs;
   #5 = Utf8               LITERAL
   #6 = Utf8               LIntArgs;
   #7 = Fieldref           #1.#8          // IntArgs.FIELD:LIntArgs;
   #8 = NameAndType        #9:#6          // FIELD:LIntArgs;
   #9 = Utf8               FIELD
  #10 = Fieldref           #1.#11         // IntArgs.EXPR:LIntArgs;
  #11 = NameAndType        #12:#6         // EXPR:LIntArgs;
  #12 = Utf8               EXPR
  #13 = Fieldref           #1.#14         // IntArgs.$VALUES:[LIntArgs;
  #14 = NameAndType        #15:#16        // $VALUES:[LIntArgs;
  #15 = Utf8               $VALUES
  #16 = Utf8               [LIntArgs;
  #17 = Methodref          #18.#19        // "[LIntArgs;".clone:()Ljava/lang/Object;
  #18 = Class              #16            // "[LIntArgs;"
  #19 = NameAndType        #20:#21        // clone:()Ljava/lang/Object;
  #20 = Utf8               clone
  #21 = Utf8               ()Ljava/lang/Object;
  #22 = Methodref          #23.#24        // java/lang/Enum.valueOf:(Ljava/lang/Class;Ljava/lang/String;)Ljava/lang/Enum;
  #23 = Class              #25            // java/lang/Enum
  #24 = NameAndType        #26:#27        // valueOf:(Ljava/lang/Class;Ljava/lang/String;)Ljava/lang/Enum;
  #25 = Utf8               java/lang/Enum
  #26 = Utf8               valueOf
  #27 = Utf8               (Ljava/lang/Class;Ljava/lang/String;)Ljava/lang/Enum;
  #28 = Methodref          #23.#29        // java/lang/Enum."<init>":(Ljava/lang/String;I)V
  #29 = NameAndType        #30:#31        // "<init>":(Ljava/lang/String;I)V
  #30 = Utf8               <init>
  #31 = Utf8               (Ljava/lang/String;I)V
  #32 = Fieldref           #1.#33         // IntArgs.n:I
  #33 = NameAndType        #34:#35        // n:I
  #34 = Utf8               n
  #35 = Utf8               I
  #36 = String             #5             // LITERAL
  #37 = Methodref          #1.#38         // IntArgs."<init>":(Ljava/lang/String;II)V
  #38 = NameAndType        #30:#39        // "<init>":(Ljava/lang/String;II)V
  #39 = Utf8               (Ljava/lang/String;II)V
  #40 = String             #9             // FIELD
  #41 = Fieldref           #42.#43        // Ints.THREE:I
  #42 = Class              #44            // Ints
  #43 = NameAndType        #45:#35        // THREE:I
  #44 = Utf8               Ints
  #45 = Utf8               THREE
  #46 = String             #12            // EXPR
  #47 = Methodref          #1.#48         // IntArgs.$values:()[LIntArgs;
  #48 = NameAndType        #49:#50        // $values:()[LIntArgs;
  #49 = Utf8               $values
  #50 = Utf8               ()[LIntArgs;
  #51 = Utf8               values
  #52 = Utf8               Code
  #53 = Utf8               LineNumberTable
  #54 = Utf8               (Ljava/lang/String;)LIntArgs;
  #55 = Utf8               LocalVariableTable
  #56 = Utf8               name
  #57 = Utf8               Ljava/lang/String;
  #58 = Utf8               MethodParameters
  #59 = Utf8               this
  #60 = Utf8               Signature
  #61 = Utf8               (I)V
  #62 = Utf8               value
  #63 = Utf8               ()I
  #64 = Utf8               <clinit>
  #65 = Utf8               ()V
  #66 = Utf8               Ljava/lang/Enum<LIntArgs;>;
  #67 = Utf8               SourceFile
  #68 = Utf8               IntArgs.java
{
  public static final IntArgs LITERAL;
    descriptor: LIntArgs;
    flags: (0x4019) ACC_PUBLIC, ACC_STATIC, ACC_FINAL, ACC_ENUM

  public static final IntArgs FIELD;
    descriptor: LIntArgs;
    flags: (0x4019) ACC_PUBLIC, ACC_STATIC, ACC_FINAL, ACC_ENUM

  public static final IntArgs EXPR;
    descriptor: LIntArgs;
    flags: (0x4019) ACC_PUBLIC, ACC_STATIC, ACC_FINAL, ACC_ENUM

  private final int n;
    descriptor: I
    flags: (0x0012) ACC_PRIVATE, ACC_FINAL

  private static final IntArgs[] $VALUES;
    descriptor: [LIntArgs;
    flags: (0x101a) ACC_PRIVATE, ACC_STATIC, ACC_FINAL, ACC_SYNTHETIC

  public static IntArgs[] values();
    descriptor: ()[LIntArgs;
    flags: (0x0009) ACC_PUBLIC, ACC_STATIC
    Code:
      stack=1, locals=0, args_size=0
         0: getstatic     #13                 // Field $VALUES:[LIntArgs;
         3: invokevirtual #17                 // Method "[LIntArgs;".clone:()Ljava/lang/Object;
         6: checkcast     #18                 // class "[LIntArgs;"
         9: areturn
      LineNumberTable:
        line 1: 0

  public static IntArgs valueOf(java.lang.String);
    descriptor: (Ljava/lang/String;)LIntArgs;
    flags: (0x0009) ACC_PUBLIC, ACC_STATIC
    Code:
      stack=2, locals=1, args_size=1
         0: ldc           #1                  // class IntArgs
         2: aload_0
         3: invokestatic  #22                 // Method java/lang/Enum.valueOf:(Ljava/lang/Class;Ljava/lang/String;)Ljava/lang/Enum;
         6: checkcast     #1                  // class IntArgs
         9: areturn
      LineNumberTable:
        line 1: 0
      LocalVariableTable:
        Start  Length  Slot  Name   Signature
            0      10     0  name   Ljava/lang/String;
    MethodParameters:
      Name                           Flags
      <no name>                      mandated

  private IntArgs(int);
    descriptor: (Ljava/lang/String;II)V
    flags: (0x0002) ACC_PRIVATE
    Code:
      stack=3, locals=4, args_size=4
         0: aload_0
         1: aload_1
         2: iload_2
         3: invokespecial #28                 // Method java/lang/Enum."<init>":(Ljava/lang/String;I)V
         6: aload_0
         7: iload_3
         8: putfield      #32                 // Field n:I
        11: return
      LineNumberTable:
        line 4: 0
      LocalVariableTable:
        Start  Length  Slot  Name   Signature
            0      12     0  this   LIntArgs;
            0      12     3     n   I
    MethodParameters:
      Name                           Flags
      <no name>                      synthetic
      <no name>                      synthetic
      <no name>
    Signature: #61                          // (I)V

  public int value();
    descriptor: ()I
    flags: (0x0001) ACC_PUBLIC
    Code:
      stack=1, locals=1, args_size=1
         0: aload_0
         1: getfield      #32                 // Field n:I
         4: ireturn
      LineNumberTable:
        line 5: 0
      LocalVariableTable:
        Start  Length  Slot  Name   Signature
            0       5     0  this   LIntArgs;

  private static IntArgs[] $values();
    descriptor: ()[LIntArgs;
    flags: (0x100a) ACC_PRIVATE, ACC_STATIC, ACC_SYNTHETIC
    Code:
      stack=4, locals=0, args_size=0
         0: iconst_3
         1: anewarray     #1                  // class IntArgs
         4: dup
         5: iconst_0
         6: getstatic     #3                  // Field LITERAL:LIntArgs;
         9: aastore
        10: dup
        11: iconst_1
        12: getstatic     #7                  // Field FIELD:LIntArgs;
        15: aastore
        16: dup
        17: iconst_2
        18: getstatic     #10                 // Field EXPR:LIntArgs;
        21: aastore
        22: areturn
      LineNumberTable:
        line 1: 0

  static {};
    descriptor: ()V
    flags: (0x0008) ACC_STATIC
    Code:
      stack=6, locals=0, args_size=0
         0: new           #1                  // class IntArgs
         3: dup
         4: ldc           #36                 // String LITERAL
         6: iconst_0
         7: iconst_1
         8: invokespecial #37                 // Method "<init>":(Ljava/lang/String;II)V
        11: putstatic     #3                  // Field LITERAL:LIntArgs;
        14: new           #1                  // class IntArgs
        17: dup
        18: ldc           #40                 // String FIELD
        20: iconst_1
        21: getstatic     #41                 // Field Ints.THREE:I
        24: invokespecial #37                 // Method "<init>":(Ljava/lang/String;II)V
        27: putstatic     #7                  // Field FIELD:LIntArgs;
        30: new           #1                  // class IntArgs
        33: dup
        34: ldc           #46                 // String EXPR
        36: iconst_2
        37: getstatic     #41                 // Field Ints.THREE:I
        40: iconst_1
        41: iadd
        42: invokespecial #37                 // Method "<init>":(Ljava/lang/String;II)V
        45: putstatic     #10                 // Field EXPR:LIntArgs;
        48: invokestatic  #47                 // Method $values:()[LIntArgs;
        51: putstatic     #13                 // Field $VALUES:[LIntArgs;
        54: return
      LineNumberTable:
        line 2: 0
        line 1: 48
}
Signature: #66                          // Ljava/lang/Enum<LIntArgs;>;
SourceFile: "IntArgs.java"
