Classfile <TEMP>/original-classes/Ints.class
  SHA-256 checksum d9c937bbb4597dd94283d734f7187d74a548411b4c63fe3f107aaa2918fc74b0
  Compiled from "Ints.java"
final class Ints
  minor version: 0
  major version: 52
  flags: (0x0030) ACC_FINAL, ACC_SUPER
  this_class: #8                          // Ints
  super_class: #2                         // java/lang/Object
  interfaces: 0, fields: 1, methods: 2, attributes: 1
Constant pool:
   #1 = Methodref          #2.#3          // java/lang/Object."<init>":()V
   #2 = Class              #4             // java/lang/Object
   #3 = NameAndType        #5:#6          // "<init>":()V
   #4 = Utf8               java/lang/Object
   #5 = Utf8               <init>
   #6 = Utf8               ()V
   #7 = Fieldref           #8.#9          // Ints.THREE:I
   #8 = Class              #10            // Ints
   #9 = NameAndType        #11:#12        // THREE:I
  #10 = Utf8               Ints
  #11 = Utf8               THREE
  #12 = Utf8               I
  #13 = Utf8               Code
  #14 = Utf8               LineNumberTable
  #15 = Utf8               LocalVariableTable
  #16 = Utf8               this
  #17 = Utf8               LInts;
  #18 = Utf8               <clinit>
  #19 = Utf8               SourceFile
  #20 = Utf8               Ints.java
{
  static int THREE;
    descriptor: I
    flags: (0x0008) ACC_STATIC

  Ints();
    descriptor: ()V
    flags: (0x0000)
    Code:
      stack=1, locals=1, args_size=1
         0: aload_0
         1: invokespecial #1                  // Method java/lang/Object."<init>":()V
         4: return
      LineNumberTable:
        line 1: 0
      LocalVariableTable:
        Start  Length  Slot  Name   Signature
            0       5     0  this   LInts;

  static {};
    descriptor: ()V
    flags: (0x0008) ACC_STATIC
    Code:
      stack=1, locals=0, args_size=0
         0: iconst_3
         1: putstatic     #7                  // Field THREE:I
         4: return
      LineNumberTable:
        line 1: 0
}
SourceFile: "Ints.java"
