instance:-2:none:false
static:-2:none:false
instance-produced:-2:none:false:calls:0
static-produced:-2:none:false:calls:0
instance:-1:none:false
static:-1:none:false
instance-produced:-1:none:false:calls:0
static-produced:-1:none:false:calls:0
instance:0:none:false
static:0:none:false
instance-produced:0:none:false:calls:0
static-produced:0:none:false:calls:0
instance:1:none:false
static:1:none:false
instance-produced:1:none:false:calls:0
static-produced:1:none:false:calls:0
instance:2:none:false
static:2:none:false
instance-produced:2:none:false:calls:0
static-produced:2:none:false:calls:0
instance:-2147483648:none:false
static:-2147483648:none:false
instance-produced:-2147483648:none:false:calls:0
static-produced:-2147483648:none:false:calls:0
instance:2147483647:none:false
static:2147483647:none:false
instance-produced:2147483647:none:false:calls:0
static-produced:2147483647:none:false:calls:0
instance-produced:fail:none:true:calls:0
static-produced:fail:none:true:calls:0
null-direct:none
null-produced-fail:none:calls:0
null-produced-normal:none:calls:0
receiver-produced:-1:none:false:calls:0
ordinary-instance:false:false
ordinary-instance:true:true
ordinary-instance:literal:true
ordinary-static:false:false
ordinary-static:true:true
ordinary-static:literal:true
