// jarde: presentation of `em01/Generic` from the class file's own declaration and one recovery run per member.
// jarde: not a compilable project: no imports and no resources are claimed (the `package` line is the class file's own name, not a claim about a directory); every place this text is not a full recovery carries a marker of this prefix.
package em01;

public class Generic extends java.lang.Object {
    public Generic() {
        // @method <init>()V
        // @declaration a constructor of `em01.Generic`, member flags 0x0001
        // recovered from bytecode; presentation is not claimed to compile
        super();
        return;
    }
}
bridge_proofs = []
class.class_bytes.digest = "eb4829a09d70092f59cce92817aa437e77198bec75f47697ac756bd157770d2a"
class.class_bytes.length = 182
class.location.entry.ordinal = 4
class.location.entry.origin.root_container = "root"
class.location.entry.origin.snapshot = "0501b02783282e28a1a14577f3204719b3a5b70d7056db4b3bd0f855d9cc76ff"
class.location.entry.origin.steps = []
class.location.entry.raw_name = [101,109,48,49,47,71,101,110,101,114,105,99,46,99,108,97,115,115]
class.location.kind = "archive_entry"
class.variant.kind = "base"
coverage.artifact_structural.scanned.0.end = 9
coverage.artifact_structural.scanned.0.label = "central_directory_entries"
coverage.artifact_structural.scanned.0.start = 0
coverage.artifact_structural.scanned.1.end = 1
coverage.artifact_structural.scanned.1.label = "navigation_candidates"
coverage.artifact_structural.scanned.1.start = 0
coverage.artifact_structural.scanned.2.end = 1
coverage.artifact_structural.scanned.2.label = "class_methods"
coverage.artifact_structural.scanned.2.start = 0
coverage.artifact_structural.scanned.3.end = 1
coverage.artifact_structural.scanned.3.label = "class_source_bodies"
coverage.artifact_structural.scanned.3.start = 0
coverage.artifact_structural.skipped = []
coverage.artifact_structural.state = "complete_within_schema"
coverage.artifact_structural.uninterpreted_extensions = []
coverage.dynamic_analysis.scanned = []
coverage.dynamic_analysis.skipped = []
coverage.dynamic_analysis.state = "not_requested"
coverage.dynamic_analysis.uninterpreted_extensions = []
coverage.runtime_resolution.scanned = []
coverage.runtime_resolution.skipped = []
coverage.runtime_resolution.state = "not_requested"
coverage.runtime_resolution.uninterpreted_extensions = []
declaration.annotation_attributes = []
declaration.annotation_refusals = []
declaration.annotation_uses = []
declaration.declaration = "public class Generic extends java.lang.Object"
declaration.generic_refusal = null
declaration.generic_signature = null
declaration.item.binding.kind = "path_name_agrees"
declaration.item.declaration.access_flags = 33
declaration.item.declaration.interfaces = []
declaration.item.declaration.super_class.escaped = "java/lang/Object"
declaration.item.declaration.super_class.raw = [106,97,118,97,47,108,97,110,103,47,79,98,106,101,99,116]
declaration.item.declaration.super_class.utf16 = [106,97,118,97,47,108,97,110,103,47,79,98,106,101,99,116]
declaration.item.declaration.this_class.escaped = "em01/Generic"
declaration.item.declaration.this_class.raw = [101,109,48,49,47,71,101,110,101,114,105,99]
declaration.item.declaration.this_class.utf16 = [101,109,48,49,47,71,101,110,101,114,105,99]
declaration.item.definition.class_bytes.digest = "eb4829a09d70092f59cce92817aa437e77198bec75f47697ac756bd157770d2a"
declaration.item.definition.class_bytes.length = 182
declaration.item.definition.location.entry.ordinal = 4
declaration.item.definition.location.entry.origin.root_container = "root"
declaration.item.definition.location.entry.origin.snapshot = "0501b02783282e28a1a14577f3204719b3a5b70d7056db4b3bd0f855d9cc76ff"
declaration.item.definition.location.entry.origin.steps = []
declaration.item.definition.location.entry.raw_name = [101,109,48,49,47,71,101,110,101,114,105,99,46,99,108,97,115,115]
declaration.item.definition.location.kind = "archive_entry"
declaration.item.definition.variant.kind = "base"
declaration.item.member_table = null
declaration.name = "Generic"
diagnostics = []
enum_switch_proofs = []
execution.status = "complete"
execution.usage.analysis_steps = 188
execution.usage.archive_entries = 66
execution.usage.attribute_bytes = 864
execution.usage.class_bytes = 3189
execution.usage.class_headers = 3
execution.usage.code_bytes = 21
execution.usage.dependency_depth = 0
execution.usage.elapsed_millis = 3
execution.usage.entry_bytes = 2442
execution.usage.input_bytes = 2703
execution.usage.ir_edges = 11
execution.usage.ir_items = 320
execution.usage.method_bodies = 4
execution.usage.nested_depth = 0
execution.usage.normalization_clones = 0
execution.usage.output_bytes = 1510
execution.usage.read_bytes = 1483
execution.usage.result_items = 81
fields = []
initializer_proof.kind = "not_applicable"
limits.analysis_steps = 4194304
limits.archive_entries = 65536
limits.attribute_bytes = 67108864
limits.class_bytes = 67108864
limits.class_headers = 4096
limits.code_bytes = 16777216
limits.dependency_depth = 8
limits.elapsed_millis = 30000
limits.entry_bytes = 67108864
limits.input_bytes = 67108864
limits.ir_edges = 4194304
limits.ir_items = 4194304
limits.method_bodies = 4096
limits.nested_depth = 4
limits.normalization_clones = 1048576
limits.output_bytes = 16777216
limits.read_bytes = 67108864
limits.result_items = 65536
member_family.calls.reason = "family relation or capture proof is incomplete"
member_family.calls.refusals = []
member_family.calls.sites = []
member_family.calls.state = "refused"
member_family.capture.reason = "static no-capture target was not proved from the class-level relation"
member_family.capture.state = "refused"
member_family.child.bridge_proofs.0.admitted = false
member_family.child.bridge_proofs.0.call_bci = null
member_family.child.bridge_proofs.0.member.descriptor = [40,76,106,97,118,97,47,108,97,110,103,47,79,98,106,101,99,116,59,41,73]
member_family.child.bridge_proofs.0.member.name = [99,111,109,112,97,114,101,84,111]
member_family.child.bridge_proofs.0.member.owner.class_bytes.digest = "9e001a3b9da7a0d16245a1c5e5e72e315cf630ac44123e5891ac1e453cb4b23a"
member_family.child.bridge_proofs.0.member.owner.class_bytes.length = 565
member_family.child.bridge_proofs.0.member.owner.location.entry.ordinal = 3
member_family.child.bridge_proofs.0.member.owner.location.entry.origin.root_container = "root"
member_family.child.bridge_proofs.0.member.owner.location.entry.origin.snapshot = "0501b02783282e28a1a14577f3204719b3a5b70d7056db4b3bd0f855d9cc76ff"
member_family.child.bridge_proofs.0.member.owner.location.entry.origin.steps = []
member_family.child.bridge_proofs.0.member.owner.location.entry.raw_name = [101,109,48,49,47,71,101,110,101,114,105,99,36,65,46,99,108,97,115,115]
member_family.child.bridge_proofs.0.member.owner.location.kind = "archive_entry"
member_family.child.bridge_proofs.0.member.owner.variant.kind = "base"
member_family.child.bridge_proofs.0.projected = false
member_family.child.bridge_proofs.0.refusal = "bridge@1 did not prove a pure single forward"
member_family.child.bridge_proofs.0.target = null
member_family.child.class.class_bytes.digest = "9e001a3b9da7a0d16245a1c5e5e72e315cf630ac44123e5891ac1e453cb4b23a"
member_family.child.class.class_bytes.length = 565
member_family.child.class.location.entry.ordinal = 3
member_family.child.class.location.entry.origin.root_container = "root"
member_family.child.class.location.entry.origin.snapshot = "0501b02783282e28a1a14577f3204719b3a5b70d7056db4b3bd0f855d9cc76ff"
member_family.child.class.location.entry.origin.steps = []
member_family.child.class.location.entry.raw_name = [101,109,48,49,47,71,101,110,101,114,105,99,36,65,46,99,108,97,115,115]
member_family.child.class.location.kind = "archive_entry"
member_family.child.class.variant.kind = "base"
member_family.child.coverage.artifact_structural.scanned.0.end = 1
member_family.child.coverage.artifact_structural.scanned.0.label = "class_fields"
member_family.child.coverage.artifact_structural.scanned.0.start = 0
member_family.child.coverage.artifact_structural.scanned.1.end = 3
member_family.child.coverage.artifact_structural.scanned.1.label = "class_methods"
member_family.child.coverage.artifact_structural.scanned.1.start = 0
member_family.child.coverage.artifact_structural.scanned.2.end = 3
member_family.child.coverage.artifact_structural.scanned.2.label = "class_source_bodies"
member_family.child.coverage.artifact_structural.scanned.2.start = 0
member_family.child.coverage.artifact_structural.skipped = []
member_family.child.coverage.artifact_structural.state = "complete_within_schema"
member_family.child.coverage.artifact_structural.uninterpreted_extensions = []
member_family.child.coverage.dynamic_analysis.scanned = []
member_family.child.coverage.dynamic_analysis.skipped = []
member_family.child.coverage.dynamic_analysis.state = "not_requested"
member_family.child.coverage.dynamic_analysis.uninterpreted_extensions = []
member_family.child.coverage.runtime_resolution.scanned = []
member_family.child.coverage.runtime_resolution.skipped = []
member_family.child.coverage.runtime_resolution.state = "not_requested"
member_family.child.coverage.runtime_resolution.uninterpreted_extensions = []
member_family.child.declaration.annotation_attributes = []
member_family.child.declaration.annotation_refusals = []
member_family.child.declaration.annotation_uses = []
member_family.child.declaration.declaration = "public abstract class Generic$A extends java.lang.Object implements java.lang.Comparable"
member_family.child.declaration.generic_refusal = "unsupported (class_generic_source_unproved): class kind, nesting, name, or type-use annotations lack a faithful generic header position"
member_family.child.declaration.generic_signature = [60,84,58,76,106,97,118,97,47,108,97,110,103,47,79,98,106,101,99,116,59,62,76,106,97,118,97,47,108,97,110,103,47,79,98,106,101,99,116,59,76,106,97,118,97,47,108,97,110,103,47,67,111,109,112,97,114,97,98,108,101,60,76,101,109,48,49,47,71,101,110,101,114,105,99,36,65,60,84,84,59,62,59,62,59]
member_family.child.declaration.item.binding.kind = "path_name_agrees"
member_family.child.declaration.item.declaration.access_flags = 1057
member_family.child.declaration.item.declaration.interfaces.0.escaped = "java/lang/Comparable"
member_family.child.declaration.item.declaration.interfaces.0.raw = [106,97,118,97,47,108,97,110,103,47,67,111,109,112,97,114,97,98,108,101]
member_family.child.declaration.item.declaration.interfaces.0.utf16 = [106,97,118,97,47,108,97,110,103,47,67,111,109,112,97,114,97,98,108,101]
member_family.child.declaration.item.declaration.super_class.escaped = "java/lang/Object"
member_family.child.declaration.item.declaration.super_class.raw = [106,97,118,97,47,108,97,110,103,47,79,98,106,101,99,116]
member_family.child.declaration.item.declaration.super_class.utf16 = [106,97,118,97,47,108,97,110,103,47,79,98,106,101,99,116]
member_family.child.declaration.item.declaration.this_class.escaped = "em01/Generic$A"
member_family.child.declaration.item.declaration.this_class.raw = [101,109,48,49,47,71,101,110,101,114,105,99,36,65]
member_family.child.declaration.item.declaration.this_class.utf16 = [101,109,48,49,47,71,101,110,101,114,105,99,36,65]
member_family.child.declaration.item.definition.class_bytes.digest = "9e001a3b9da7a0d16245a1c5e5e72e315cf630ac44123e5891ac1e453cb4b23a"
member_family.child.declaration.item.definition.class_bytes.length = 565
member_family.child.declaration.item.definition.location.entry.ordinal = 3
member_family.child.declaration.item.definition.location.entry.origin.root_container = "root"
member_family.child.declaration.item.definition.location.entry.origin.snapshot = "0501b02783282e28a1a14577f3204719b3a5b70d7056db4b3bd0f855d9cc76ff"
member_family.child.declaration.item.definition.location.entry.origin.steps = []
member_family.child.declaration.item.definition.location.entry.raw_name = [101,109,48,49,47,71,101,110,101,114,105,99,36,65,46,99,108,97,115,115]
member_family.child.declaration.item.definition.location.kind = "archive_entry"
member_family.child.declaration.item.definition.variant.kind = "base"
member_family.child.declaration.item.member_table = null
member_family.child.declaration.name = "Generic$A"
member_family.child.diagnostics = []
member_family.child.enum_switch_proofs = []
member_family.child.execution.status = "complete"
member_family.child.execution.usage.analysis_steps = 186
member_family.child.execution.usage.archive_entries = 66
member_family.child.execution.usage.attribute_bytes = 864
member_family.child.execution.usage.class_bytes = 3189
member_family.child.execution.usage.class_headers = 3
member_family.child.execution.usage.code_bytes = 21
member_family.child.execution.usage.dependency_depth = 0
member_family.child.execution.usage.elapsed_millis = 3
member_family.child.execution.usage.entry_bytes = 2442
member_family.child.execution.usage.input_bytes = 2703
member_family.child.execution.usage.ir_edges = 11
member_family.child.execution.usage.ir_items = 320
member_family.child.execution.usage.method_bodies = 4
member_family.child.execution.usage.nested_depth = 0
member_family.child.execution.usage.normalization_clones = 0
member_family.child.execution.usage.output_bytes = 1510
member_family.child.execution.usage.read_bytes = 1483
member_family.child.execution.usage.result_items = 81
member_family.child.fields.0.annotations.attributes = []
member_family.child.fields.0.annotations.refusals = []
member_family.child.fields.0.annotations.uses = []
member_family.child.fields.0.declaration = "java.lang.Object value"
member_family.child.fields.0.item.access_flags = 0
member_family.child.fields.0.item.descriptor.escaped = "Ljava/lang/Object;"
member_family.child.fields.0.item.descriptor.raw = [76,106,97,118,97,47,108,97,110,103,47,79,98,106,101,99,116,59]
member_family.child.fields.0.item.descriptor.utf16 = [76,106,97,118,97,47,108,97,110,103,47,79,98,106,101,99,116,59]
member_family.child.fields.0.item.identity.member.descriptor = [76,106,97,118,97,47,108,97,110,103,47,79,98,106,101,99,116,59]
member_family.child.fields.0.item.identity.member.kind = "field"
member_family.child.fields.0.item.identity.member.name = [118,97,108,117,101]
member_family.child.fields.0.item.identity.owner.class_bytes.digest = "9e001a3b9da7a0d16245a1c5e5e72e315cf630ac44123e5891ac1e453cb4b23a"
member_family.child.fields.0.item.identity.owner.class_bytes.length = 565
member_family.child.fields.0.item.identity.owner.location.entry.ordinal = 3
member_family.child.fields.0.item.identity.owner.location.entry.origin.root_container = "root"
member_family.child.fields.0.item.identity.owner.location.entry.origin.snapshot = "0501b02783282e28a1a14577f3204719b3a5b70d7056db4b3bd0f855d9cc76ff"
member_family.child.fields.0.item.identity.owner.location.entry.origin.steps = []
member_family.child.fields.0.item.identity.owner.location.entry.raw_name = [101,109,48,49,47,71,101,110,101,114,105,99,36,65,46,99,108,97,115,115]
member_family.child.fields.0.item.identity.owner.location.kind = "archive_entry"
member_family.child.fields.0.item.identity.owner.variant.kind = "base"
member_family.child.fields.0.item.index = 0
member_family.child.fields.0.item.name.escaped = "value"
member_family.child.fields.0.item.name.raw = [118,97,108,117,101]
member_family.child.fields.0.item.name.utf16 = [118,97,108,117,101]
member_family.child.fields.0.markers = ["// jarde: field Signature projection refused for `valueLjava/lang/Object;`: unsupported (jvm_signature_scope_unproved): type variable `T` is not declared in the available Signature scope"]
member_family.child.fields.0.type_annotations.attributes = []
member_family.child.fields.0.type_annotations.field_uses = []
member_family.child.fields.0.type_annotations.parameter_uses = []
member_family.child.fields.0.type_annotations.refusals = []
member_family.child.fields.0.type_annotations.return_uses = []
member_family.child.initializer_proof.kind = "not_applicable"
member_family.child.limits.analysis_steps = 4194304
member_family.child.limits.archive_entries = 65536
member_family.child.limits.attribute_bytes = 67108864
member_family.child.limits.class_bytes = 67108864
member_family.child.limits.class_headers = 4096
member_family.child.limits.code_bytes = 16777216
member_family.child.limits.dependency_depth = 8
member_family.child.limits.elapsed_millis = 30000
member_family.child.limits.entry_bytes = 67108864
member_family.child.limits.input_bytes = 67108864
member_family.child.limits.ir_edges = 4194304
member_family.child.limits.ir_items = 4194304
member_family.child.limits.method_bodies = 4096
member_family.child.limits.nested_depth = 4
member_family.child.limits.normalization_clones = 1048576
member_family.child.limits.output_bytes = 16777216
member_family.child.limits.read_bytes = 67108864
member_family.child.limits.result_items = 65536
member_family.child.member_family.state = "absent"
member_family.child.methods.0.annotations.attributes = []
member_family.child.methods.0.annotations.refusals = []
member_family.child.methods.0.annotations.uses = []
member_family.child.methods.0.declaration = "public Generic$A()"
member_family.child.methods.0.item.access_flags = 1
member_family.child.methods.0.item.body.content_span.length = 17
member_family.child.methods.0.item.body.content_span.start = 440
member_family.child.methods.0.item.body.kind = "code_attribute"
member_family.child.methods.0.item.descriptor.escaped = "()V"
member_family.child.methods.0.item.descriptor.raw = [40,41,86]
member_family.child.methods.0.item.descriptor.utf16 = [40,41,86]
member_family.child.methods.0.item.identity.descriptor = [40,41,86]
member_family.child.methods.0.item.identity.name = [60,105,110,105,116,62]
member_family.child.methods.0.item.identity.owner.class_bytes.digest = "9e001a3b9da7a0d16245a1c5e5e72e315cf630ac44123e5891ac1e453cb4b23a"
member_family.child.methods.0.item.identity.owner.class_bytes.length = 565
member_family.child.methods.0.item.identity.owner.location.entry.ordinal = 3
member_family.child.methods.0.item.identity.owner.location.entry.origin.root_container = "root"
member_family.child.methods.0.item.identity.owner.location.entry.origin.snapshot = "0501b02783282e28a1a14577f3204719b3a5b70d7056db4b3bd0f855d9cc76ff"
member_family.child.methods.0.item.identity.owner.location.entry.origin.steps = []
member_family.child.methods.0.item.identity.owner.location.entry.raw_name = [101,109,48,49,47,71,101,110,101,114,105,99,36,65,46,99,108,97,115,115]
member_family.child.methods.0.item.identity.owner.location.kind = "archive_entry"
member_family.child.methods.0.item.identity.owner.variant.kind = "base"
member_family.child.methods.0.item.index = 0
member_family.child.methods.0.item.name.escaped = "<init>"
member_family.child.methods.0.item.name.raw = [60,105,110,105,116,62]
member_family.child.methods.0.item.name.utf16 = [60,105,110,105,116,62]
member_family.child.methods.0.markers = []
member_family.child.methods.0.no_body_kind = null
member_family.child.methods.0.outcome.analysis.diagnostics = 0
member_family.child.methods.0.outcome.analysis.execution.status = "complete"
member_family.child.methods.0.outcome.analysis.execution.usage.analysis_steps = 82
member_family.child.methods.0.outcome.analysis.execution.usage.archive_entries = 66
member_family.child.methods.0.outcome.analysis.execution.usage.attribute_bytes = 809
member_family.child.methods.0.outcome.analysis.execution.usage.class_bytes = 3189
member_family.child.methods.0.outcome.analysis.execution.usage.class_headers = 3
member_family.child.methods.0.outcome.analysis.execution.usage.code_bytes = 10
member_family.child.methods.0.outcome.analysis.execution.usage.dependency_depth = 0
member_family.child.methods.0.outcome.analysis.execution.usage.elapsed_millis = 2
member_family.child.methods.0.outcome.analysis.execution.usage.entry_bytes = 2442
member_family.child.methods.0.outcome.analysis.execution.usage.input_bytes = 2703
member_family.child.methods.0.outcome.analysis.execution.usage.ir_edges = 4
member_family.child.methods.0.outcome.analysis.execution.usage.ir_items = 111
member_family.child.methods.0.outcome.analysis.execution.usage.method_bodies = 2
member_family.child.methods.0.outcome.analysis.execution.usage.nested_depth = 0
member_family.child.methods.0.outcome.analysis.execution.usage.normalization_clones = 0
member_family.child.methods.0.outcome.analysis.execution.usage.output_bytes = 405
member_family.child.methods.0.outcome.analysis.execution.usage.read_bytes = 1483
member_family.child.methods.0.outcome.analysis.execution.usage.result_items = 78
member_family.child.methods.0.outcome.kind = "recovered"
member_family.child.methods.0.outcome.report.accessors = []
member_family.child.methods.0.outcome.report.aliased_names = []
member_family.child.methods.0.outcome.report.artifact.agreement.state = "not_stated"
member_family.child.methods.0.outcome.report.artifact.binding.engine = "0.1.0"
member_family.child.methods.0.outcome.report.artifact.binding.environment.content = ["0501b02783282e28a1a14577f3204719b3a5b70d7056db4b3bd0f855d9cc76ff"]
member_family.child.methods.0.outcome.report.artifact.binding.environment.domain_loaders = ["app"]
member_family.child.methods.0.outcome.report.artifact.binding.environment.providers = []
member_family.child.methods.0.outcome.report.artifact.binding.environment.runtime.load_domain.delegation.kind = "parent_first"
member_family.child.methods.0.outcome.report.artifact.binding.environment.runtime.load_domain.external_override = "none"
member_family.child.methods.0.outcome.report.artifact.binding.environment.runtime.load_domain.loader = "app"
member_family.child.methods.0.outcome.report.artifact.binding.environment.runtime.load_domain.module_mode.kind = "class_path"
member_family.child.methods.0.outcome.report.artifact.binding.environment.runtime.load_domain.parent_loader = null
member_family.child.methods.0.outcome.report.artifact.binding.environment.runtime.load_domain.roots.0.kind = "container"
member_family.child.methods.0.outcome.report.artifact.binding.environment.runtime.load_domain.roots.0.origin.root_container = "root"
member_family.child.methods.0.outcome.report.artifact.binding.environment.runtime.load_domain.roots.0.origin.snapshot = "0501b02783282e28a1a14577f3204719b3a5b70d7056db4b3bd0f855d9cc76ff"
member_family.child.methods.0.outcome.report.artifact.binding.environment.runtime.load_domain.roots.0.origin.steps = []
member_family.child.methods.0.outcome.report.artifact.binding.environment.runtime.load_domain.roots.0.prefix = []
member_family.child.methods.0.outcome.report.artifact.binding.environment.runtime.load_domain.runtime_transformation = "none"
member_family.child.methods.0.outcome.report.artifact.binding.environment.runtime.physical.scope.kind = "snapshot_all"
member_family.child.methods.0.outcome.report.artifact.binding.environment.runtime.physical.snapshot = "0501b02783282e28a1a14577f3204719b3a5b70d7056db4b3bd0f855d9cc76ff"
member_family.child.methods.0.outcome.report.artifact.binding.environment.runtime.profile.java_release = 8
member_family.child.methods.0.outcome.report.artifact.binding.environment.runtime.profile.layout.kind = "generic"
member_family.child.methods.0.outcome.report.artifact.binding.environment.runtime.profile.multi_release.kind = "disabled"
member_family.child.methods.0.outcome.report.artifact.binding.member_ordinal = 0
member_family.child.methods.0.outcome.report.artifact.binding.method.descriptor = [40,41,86]
member_family.child.methods.0.outcome.report.artifact.binding.method.name = [60,105,110,105,116,62]
member_family.child.methods.0.outcome.report.artifact.binding.method.owner.class_bytes.digest = "9e001a3b9da7a0d16245a1c5e5e72e315cf630ac44123e5891ac1e453cb4b23a"
member_family.child.methods.0.outcome.report.artifact.binding.method.owner.class_bytes.length = 565
member_family.child.methods.0.outcome.report.artifact.binding.method.owner.location.entry.ordinal = 3
member_family.child.methods.0.outcome.report.artifact.binding.method.owner.location.entry.origin.root_container = "root"
member_family.child.methods.0.outcome.report.artifact.binding.method.owner.location.entry.origin.snapshot = "0501b02783282e28a1a14577f3204719b3a5b70d7056db4b3bd0f855d9cc76ff"
member_family.child.methods.0.outcome.report.artifact.binding.method.owner.location.entry.origin.steps = []
member_family.child.methods.0.outcome.report.artifact.binding.method.owner.location.entry.raw_name = [101,109,48,49,47,71,101,110,101,114,105,99,36,65,46,99,108,97,115,115]
member_family.child.methods.0.outcome.report.artifact.binding.method.owner.location.kind = "archive_entry"
member_family.child.methods.0.outcome.report.artifact.binding.method.owner.variant.kind = "base"
member_family.child.methods.0.outcome.report.artifact.binding.profile.java_release = 8
member_family.child.methods.0.outcome.report.artifact.binding.profile.layout.kind = "generic"
member_family.child.methods.0.outcome.report.artifact.binding.profile.multi_release.kind = "disabled"
member_family.child.methods.0.outcome.report.artifact.binding.registry = 71
member_family.child.methods.0.outcome.report.artifact.binding.rules = ["straight@1","if@1","loop@1","switch@1","lambda@1","concat@1","bridge@1","accessor@1","new@1","field@1","enumswitch@1","init@1","declaration@1","twr@1","monitor@1","finally@1"]
member_family.child.methods.0.outcome.report.artifact.binding.schema = 1
member_family.child.methods.0.outcome.report.artifact.binding.text_bytes = 188
member_family.child.methods.0.outcome.report.artifact.binding.text_digest = "fb009b6b69a43f89650aa5d84ec360bf"
member_family.child.methods.0.outcome.report.bridges = []
member_family.child.methods.0.outcome.report.compile_status = "not_attempted"
member_family.child.methods.0.outcome.report.concats = []
member_family.child.methods.0.outcome.report.content = "contains_statements"
member_family.child.methods.0.outcome.report.declaration = null
member_family.child.methods.0.outcome.report.diagnostics.0.code = "jre_recovery_produced"
member_family.child.methods.0.outcome.report.diagnostics.0.message = "1 region(s), 2 statement(s), 2 segment(s), 188 byte(s) written from 1 canonical block(s)"
member_family.child.methods.0.outcome.report.diagnostics.0.provenance = null
member_family.child.methods.0.outcome.report.diagnostics.0.severity = "info"
member_family.child.methods.0.outcome.report.diagnostics.1.code = "jre_constructor_prologue"
member_family.child.methods.0.outcome.report.diagnostics.1.message = "the body is an instance initializer and its prologue is written under init@1 as `super`: the call at BCI 1 names `java/lang/Object`, and the class that declares this constructor is `em01/Generic$A`"
member_family.child.methods.0.outcome.report.diagnostics.1.provenance = null
member_family.child.methods.0.outcome.report.diagnostics.1.severity = "info"
member_family.child.methods.0.outcome.report.diagnostics.2.code = "jre_declaration"
member_family.child.methods.0.outcome.report.diagnostics.2.message = "the artifact's envelope states the member's declaration under declaration@1: a constructor"
member_family.child.methods.0.outcome.report.diagnostics.2.provenance = null
member_family.child.methods.0.outcome.report.diagnostics.2.severity = "info"
member_family.child.methods.0.outcome.report.enum_switches = []
member_family.child.methods.0.outcome.report.evidence.categories.0.kind = "source_map"
member_family.child.methods.0.outcome.report.evidence.categories.0.state.state = "not_requested"
member_family.child.methods.0.outcome.report.evidence.categories.1.kind = "region_details"
member_family.child.methods.0.outcome.report.evidence.categories.1.state.state = "not_requested"
member_family.child.methods.0.outcome.report.evidence.categories.2.kind = "rule_details"
member_family.child.methods.0.outcome.report.evidence.categories.2.state.state = "not_requested"
member_family.child.methods.0.outcome.report.evidence.categories.3.kind = "name_details"
member_family.child.methods.0.outcome.report.evidence.categories.3.state.state = "not_requested"
member_family.child.methods.0.outcome.report.evidence.categories.4.kind = "read_details"
member_family.child.methods.0.outcome.report.evidence.categories.4.state.state = "not_requested"
member_family.child.methods.0.outcome.report.evidence.requested.driver_bci_range = null
member_family.child.methods.0.outcome.report.evidence.requested.expected_artifact = null
member_family.child.methods.0.outcome.report.evidence.requested.kinds = []
member_family.child.methods.0.outcome.report.execution.status = "complete"
member_family.child.methods.0.outcome.report.execution.usage.analysis_steps = 97
member_family.child.methods.0.outcome.report.execution.usage.archive_entries = 66
member_family.child.methods.0.outcome.report.execution.usage.attribute_bytes = 809
member_family.child.methods.0.outcome.report.execution.usage.class_bytes = 3189
member_family.child.methods.0.outcome.report.execution.usage.class_headers = 3
member_family.child.methods.0.outcome.report.execution.usage.code_bytes = 10
member_family.child.methods.0.outcome.report.execution.usage.dependency_depth = 0
member_family.child.methods.0.outcome.report.execution.usage.elapsed_millis = 2
member_family.child.methods.0.outcome.report.execution.usage.entry_bytes = 2442
member_family.child.methods.0.outcome.report.execution.usage.input_bytes = 2703
member_family.child.methods.0.outcome.report.execution.usage.ir_edges = 4
member_family.child.methods.0.outcome.report.execution.usage.ir_items = 126
member_family.child.methods.0.outcome.report.execution.usage.method_bodies = 2
member_family.child.methods.0.outcome.report.execution.usage.nested_depth = 0
member_family.child.methods.0.outcome.report.execution.usage.normalization_clones = 0
member_family.child.methods.0.outcome.report.execution.usage.output_bytes = 593
member_family.child.methods.0.outcome.report.execution.usage.read_bytes = 1483
member_family.child.methods.0.outcome.report.execution.usage.result_items = 78
member_family.child.methods.0.outcome.report.fallbacks = []
member_family.child.methods.0.outcome.report.fields = []
member_family.child.methods.0.outcome.report.init = null
member_family.child.methods.0.outcome.report.lambdas = []
member_family.child.methods.0.outcome.report.method = "<init>()V"
member_family.child.methods.0.outcome.report.news = []
member_family.child.methods.0.outcome.report.outcome = "produced"
member_family.child.methods.0.outcome.report.profile.java_release = 8
member_family.child.methods.0.outcome.report.profile.layout.kind = "generic"
member_family.child.methods.0.outcome.report.profile.multi_release.kind = "disabled"
member_family.child.methods.0.outcome.report.quality = "structured"
member_family.child.methods.0.outcome.report.regions = []
member_family.child.methods.0.outcome.report.representation = "java"
member_family.child.methods.0.outcome.report.rules = []
member_family.child.methods.0.outcome.report.semantic_validation = "unproven"
member_family.child.methods.0.outcome.report.source_map.segments = []
member_family.child.methods.0.outcome.report.syntax_status = "unchecked"
member_family.child.methods.0.outcome.report.text = "// @method <init>()V\n// @declaration a constructor of `em01.Generic$A`, member flags 0x0001\n// recovered from bytecode; presentation is not claimed to compile\n{\n    super();\n    return;\n}\n"
member_family.child.methods.0.outcome.report.verification = "not_performed"
member_family.child.methods.0.parameter_annotations.attributes = []
member_family.child.methods.0.parameter_annotations.refusals = []
member_family.child.methods.0.parameter_annotations.uses_by_position = []
member_family.child.methods.0.text = "    public Generic$A() {\n        // @method <init>()V\n        // @declaration a constructor of `em01.Generic$A`, member flags 0x0001\n        // recovered from bytecode; presentation is not claimed to compile\n        super();\n        return;\n    }\n"
member_family.child.methods.0.type_annotations.attributes = []
member_family.child.methods.0.type_annotations.field_uses = []
member_family.child.methods.0.type_annotations.parameter_uses = []
member_family.child.methods.0.type_annotations.refusals = []
member_family.child.methods.0.type_annotations.return_uses = []
member_family.child.methods.1.annotations.attributes = []
member_family.child.methods.1.annotations.refusals = []
member_family.child.methods.1.annotations.uses = []
member_family.child.methods.1.declaration = "public int compareTo(em01.Generic$A arg1)"
member_family.child.methods.1.item.access_flags = 1
member_family.child.methods.1.item.body.content_span.length = 14
member_family.child.methods.1.item.body.content_span.start = 471
member_family.child.methods.1.item.body.kind = "code_attribute"
member_family.child.methods.1.item.descriptor.escaped = "(Lem01/Generic$A;)I"
member_family.child.methods.1.item.descriptor.raw = [40,76,101,109,48,49,47,71,101,110,101,114,105,99,36,65,59,41,73]
member_family.child.methods.1.item.descriptor.utf16 = [40,76,101,109,48,49,47,71,101,110,101,114,105,99,36,65,59,41,73]
member_family.child.methods.1.item.identity.descriptor = [40,76,101,109,48,49,47,71,101,110,101,114,105,99,36,65,59,41,73]
member_family.child.methods.1.item.identity.name = [99,111,109,112,97,114,101,84,111]
member_family.child.methods.1.item.identity.owner.class_bytes.digest = "9e001a3b9da7a0d16245a1c5e5e72e315cf630ac44123e5891ac1e453cb4b23a"
member_family.child.methods.1.item.identity.owner.class_bytes.length = 565
member_family.child.methods.1.item.identity.owner.location.entry.ordinal = 3
member_family.child.methods.1.item.identity.owner.location.entry.origin.root_container = "root"
member_family.child.methods.1.item.identity.owner.location.entry.origin.snapshot = "0501b02783282e28a1a14577f3204719b3a5b70d7056db4b3bd0f855d9cc76ff"
member_family.child.methods.1.item.identity.owner.location.entry.origin.steps = []
member_family.child.methods.1.item.identity.owner.location.entry.raw_name = [101,109,48,49,47,71,101,110,101,114,105,99,36,65,46,99,108,97,115,115]
member_family.child.methods.1.item.identity.owner.location.kind = "archive_entry"
member_family.child.methods.1.item.identity.owner.variant.kind = "base"
member_family.child.methods.1.item.index = 1
member_family.child.methods.1.item.name.escaped = "compareTo"
member_family.child.methods.1.item.name.raw = [99,111,109,112,97,114,101,84,111]
member_family.child.methods.1.item.name.utf16 = [99,111,109,112,97,114,101,84,111]
member_family.child.methods.1.markers = ["// jarde: generic Signature projection refused for `compareTo(Lem01/Generic$A;)I`: unsupported (jvm_signature_scope_unproved): type variable `T` is not declared in the available Signature scope"]
member_family.child.methods.1.no_body_kind = null
member_family.child.methods.1.outcome.analysis.diagnostics = 0
member_family.child.methods.1.outcome.analysis.execution.status = "complete"
member_family.child.methods.1.outcome.analysis.execution.usage.analysis_steps = 113
member_family.child.methods.1.outcome.analysis.execution.usage.archive_entries = 66
member_family.child.methods.1.outcome.analysis.execution.usage.attribute_bytes = 829
member_family.child.methods.1.outcome.analysis.execution.usage.class_bytes = 3189
member_family.child.methods.1.outcome.analysis.execution.usage.class_headers = 3
member_family.child.methods.1.outcome.analysis.execution.usage.code_bytes = 12
member_family.child.methods.1.outcome.analysis.execution.usage.dependency_depth = 0
member_family.child.methods.1.outcome.analysis.execution.usage.elapsed_millis = 2
member_family.child.methods.1.outcome.analysis.execution.usage.entry_bytes = 2442
member_family.child.methods.1.outcome.analysis.execution.usage.input_bytes = 2703
member_family.child.methods.1.outcome.analysis.execution.usage.ir_edges = 5
member_family.child.methods.1.outcome.analysis.execution.usage.ir_items = 170
member_family.child.methods.1.outcome.analysis.execution.usage.method_bodies = 3
member_family.child.methods.1.outcome.analysis.execution.usage.nested_depth = 0
member_family.child.methods.1.outcome.analysis.execution.usage.normalization_clones = 0
member_family.child.methods.1.outcome.analysis.execution.usage.output_bytes = 593
member_family.child.methods.1.outcome.analysis.execution.usage.read_bytes = 1483
member_family.child.methods.1.outcome.analysis.execution.usage.result_items = 79
member_family.child.methods.1.outcome.kind = "recovered"
member_family.child.methods.1.outcome.report.accessors = []
member_family.child.methods.1.outcome.report.aliased_names = []
member_family.child.methods.1.outcome.report.artifact.agreement.state = "not_stated"
member_family.child.methods.1.outcome.report.artifact.binding.engine = "0.1.0"
member_family.child.methods.1.outcome.report.artifact.binding.environment.content = ["0501b02783282e28a1a14577f3204719b3a5b70d7056db4b3bd0f855d9cc76ff"]
member_family.child.methods.1.outcome.report.artifact.binding.environment.domain_loaders = ["app"]
member_family.child.methods.1.outcome.report.artifact.binding.environment.providers = []
member_family.child.methods.1.outcome.report.artifact.binding.environment.runtime.load_domain.delegation.kind = "parent_first"
member_family.child.methods.1.outcome.report.artifact.binding.environment.runtime.load_domain.external_override = "none"
member_family.child.methods.1.outcome.report.artifact.binding.environment.runtime.load_domain.loader = "app"
member_family.child.methods.1.outcome.report.artifact.binding.environment.runtime.load_domain.module_mode.kind = "class_path"
member_family.child.methods.1.outcome.report.artifact.binding.environment.runtime.load_domain.parent_loader = null
member_family.child.methods.1.outcome.report.artifact.binding.environment.runtime.load_domain.roots.0.kind = "container"
member_family.child.methods.1.outcome.report.artifact.binding.environment.runtime.load_domain.roots.0.origin.root_container = "root"
member_family.child.methods.1.outcome.report.artifact.binding.environment.runtime.load_domain.roots.0.origin.snapshot = "0501b02783282e28a1a14577f3204719b3a5b70d7056db4b3bd0f855d9cc76ff"
member_family.child.methods.1.outcome.report.artifact.binding.environment.runtime.load_domain.roots.0.origin.steps = []
member_family.child.methods.1.outcome.report.artifact.binding.environment.runtime.load_domain.roots.0.prefix = []
member_family.child.methods.1.outcome.report.artifact.binding.environment.runtime.load_domain.runtime_transformation = "none"
member_family.child.methods.1.outcome.report.artifact.binding.environment.runtime.physical.scope.kind = "snapshot_all"
member_family.child.methods.1.outcome.report.artifact.binding.environment.runtime.physical.snapshot = "0501b02783282e28a1a14577f3204719b3a5b70d7056db4b3bd0f855d9cc76ff"
member_family.child.methods.1.outcome.report.artifact.binding.environment.runtime.profile.java_release = 8
member_family.child.methods.1.outcome.report.artifact.binding.environment.runtime.profile.layout.kind = "generic"
member_family.child.methods.1.outcome.report.artifact.binding.environment.runtime.profile.multi_release.kind = "disabled"
member_family.child.methods.1.outcome.report.artifact.binding.member_ordinal = 1
member_family.child.methods.1.outcome.report.artifact.binding.method.descriptor = [40,76,101,109,48,49,47,71,101,110,101,114,105,99,36,65,59,41,73]
member_family.child.methods.1.outcome.report.artifact.binding.method.name = [99,111,109,112,97,114,101,84,111]
member_family.child.methods.1.outcome.report.artifact.binding.method.owner.class_bytes.digest = "9e001a3b9da7a0d16245a1c5e5e72e315cf630ac44123e5891ac1e453cb4b23a"
member_family.child.methods.1.outcome.report.artifact.binding.method.owner.class_bytes.length = 565
member_family.child.methods.1.outcome.report.artifact.binding.method.owner.location.entry.ordinal = 3
member_family.child.methods.1.outcome.report.artifact.binding.method.owner.location.entry.origin.root_container = "root"
member_family.child.methods.1.outcome.report.artifact.binding.method.owner.location.entry.origin.snapshot = "0501b02783282e28a1a14577f3204719b3a5b70d7056db4b3bd0f855d9cc76ff"
member_family.child.methods.1.outcome.report.artifact.binding.method.owner.location.entry.origin.steps = []
member_family.child.methods.1.outcome.report.artifact.binding.method.owner.location.entry.raw_name = [101,109,48,49,47,71,101,110,101,114,105,99,36,65,46,99,108,97,115,115]
member_family.child.methods.1.outcome.report.artifact.binding.method.owner.location.kind = "archive_entry"
member_family.child.methods.1.outcome.report.artifact.binding.method.owner.variant.kind = "base"
member_family.child.methods.1.outcome.report.artifact.binding.profile.java_release = 8
member_family.child.methods.1.outcome.report.artifact.binding.profile.layout.kind = "generic"
member_family.child.methods.1.outcome.report.artifact.binding.profile.multi_release.kind = "disabled"
member_family.child.methods.1.outcome.report.artifact.binding.registry = 71
member_family.child.methods.1.outcome.report.artifact.binding.rules = ["straight@1","if@1","loop@1","switch@1","lambda@1","concat@1","bridge@1","accessor@1","new@1","field@1","enumswitch@1","init@1","declaration@1","twr@1","monitor@1","finally@1"]
member_family.child.methods.1.outcome.report.artifact.binding.schema = 1
member_family.child.methods.1.outcome.report.artifact.binding.text_bytes = 201
member_family.child.methods.1.outcome.report.artifact.binding.text_digest = "aeee3d493b59634dfe39addb7fc4e352"
member_family.child.methods.1.outcome.report.bridges = []
member_family.child.methods.1.outcome.report.compile_status = "not_attempted"
member_family.child.methods.1.outcome.report.concats = []
member_family.child.methods.1.outcome.report.content = "contains_statements"
member_family.child.methods.1.outcome.report.declaration = null
member_family.child.methods.1.outcome.report.diagnostics.0.code = "jre_recovery_produced"
member_family.child.methods.1.outcome.report.diagnostics.0.message = "1 region(s), 1 statement(s), 2 segment(s), 201 byte(s) written from 1 canonical block(s)"
member_family.child.methods.1.outcome.report.diagnostics.0.provenance = null
member_family.child.methods.1.outcome.report.diagnostics.0.severity = "info"
member_family.child.methods.1.outcome.report.diagnostics.1.code = "jre_declaration"
member_family.child.methods.1.outcome.report.diagnostics.1.message = "the artifact's envelope states the member's declaration under declaration@1: an instance method"
member_family.child.methods.1.outcome.report.diagnostics.1.provenance = null
member_family.child.methods.1.outcome.report.diagnostics.1.severity = "info"
member_family.child.methods.1.outcome.report.enum_switches = []
member_family.child.methods.1.outcome.report.evidence.categories.0.kind = "source_map"
member_family.child.methods.1.outcome.report.evidence.categories.0.state.state = "not_requested"
member_family.child.methods.1.outcome.report.evidence.categories.1.kind = "region_details"
member_family.child.methods.1.outcome.report.evidence.categories.1.state.state = "not_requested"
member_family.child.methods.1.outcome.report.evidence.categories.2.kind = "rule_details"
member_family.child.methods.1.outcome.report.evidence.categories.2.state.state = "not_requested"
member_family.child.methods.1.outcome.report.evidence.categories.3.kind = "name_details"
member_family.child.methods.1.outcome.report.evidence.categories.3.state.state = "not_requested"
member_family.child.methods.1.outcome.report.evidence.categories.4.kind = "read_details"
member_family.child.methods.1.outcome.report.evidence.categories.4.state.state = "not_requested"
member_family.child.methods.1.outcome.report.evidence.requested.driver_bci_range = null
member_family.child.methods.1.outcome.report.evidence.requested.expected_artifact = null
member_family.child.methods.1.outcome.report.evidence.requested.kinds = []
member_family.child.methods.1.outcome.report.execution.status = "complete"
member_family.child.methods.1.outcome.report.execution.usage.analysis_steps = 127
member_family.child.methods.1.outcome.report.execution.usage.archive_entries = 66
member_family.child.methods.1.outcome.report.execution.usage.attribute_bytes = 829
member_family.child.methods.1.outcome.report.execution.usage.class_bytes = 3189
member_family.child.methods.1.outcome.report.execution.usage.class_headers = 3
member_family.child.methods.1.outcome.report.execution.usage.code_bytes = 12
member_family.child.methods.1.outcome.report.execution.usage.dependency_depth = 0
member_family.child.methods.1.outcome.report.execution.usage.elapsed_millis = 2
member_family.child.methods.1.outcome.report.execution.usage.entry_bytes = 2442
member_family.child.methods.1.outcome.report.execution.usage.input_bytes = 2703
member_family.child.methods.1.outcome.report.execution.usage.ir_edges = 5
member_family.child.methods.1.outcome.report.execution.usage.ir_items = 185
member_family.child.methods.1.outcome.report.execution.usage.method_bodies = 3
member_family.child.methods.1.outcome.report.execution.usage.nested_depth = 0
member_family.child.methods.1.outcome.report.execution.usage.normalization_clones = 0
member_family.child.methods.1.outcome.report.execution.usage.output_bytes = 794
member_family.child.methods.1.outcome.report.execution.usage.read_bytes = 1483
member_family.child.methods.1.outcome.report.execution.usage.result_items = 79
member_family.child.methods.1.outcome.report.fallbacks = []
member_family.child.methods.1.outcome.report.fields = []
member_family.child.methods.1.outcome.report.init = null
member_family.child.methods.1.outcome.report.lambdas = []
member_family.child.methods.1.outcome.report.method = "compareTo(Lem01/Generic$A;)I"
member_family.child.methods.1.outcome.report.news = []
member_family.child.methods.1.outcome.report.outcome = "produced"
member_family.child.methods.1.outcome.report.profile.java_release = 8
member_family.child.methods.1.outcome.report.profile.layout.kind = "generic"
member_family.child.methods.1.outcome.report.profile.multi_release.kind = "disabled"
member_family.child.methods.1.outcome.report.quality = "structured"
member_family.child.methods.1.outcome.report.regions = []
member_family.child.methods.1.outcome.report.representation = "java"
member_family.child.methods.1.outcome.report.rules = []
member_family.child.methods.1.outcome.report.semantic_validation = "unproven"
member_family.child.methods.1.outcome.report.source_map.segments = []
member_family.child.methods.1.outcome.report.syntax_status = "unchecked"
member_family.child.methods.1.outcome.report.text = "// @method compareTo(Lem01/Generic$A;)I\n// @declaration an instance method of `em01.Generic$A`, member flags 0x0001\n// recovered from bytecode; presentation is not claimed to compile\n{\n    return 0;\n}\n"
member_family.child.methods.1.outcome.report.verification = "not_performed"
member_family.child.methods.1.parameter_annotations.attributes = []
member_family.child.methods.1.parameter_annotations.refusals = []
member_family.child.methods.1.parameter_annotations.uses_by_position = [[]]
member_family.child.methods.1.text = "    // jarde: generic Signature projection refused for `compareTo(Lem01/Generic$A;)I`: unsupported (jvm_signature_scope_unproved): type variable `T` is not declared in the available Signature scope\n    public int compareTo(em01.Generic$A arg1) {\n        // @method compareTo(Lem01/Generic$A;)I\n        // @declaration an instance method of `em01.Generic$A`, member flags 0x0001\n        // recovered from bytecode; presentation is not claimed to compile\n        return 0;\n    }\n"
member_family.child.methods.1.type_annotations.attributes = []
member_family.child.methods.1.type_annotations.field_uses = []
member_family.child.methods.1.type_annotations.parameter_uses = [[]]
member_family.child.methods.1.type_annotations.refusals = []
member_family.child.methods.1.type_annotations.return_uses = []
member_family.child.methods.2.annotations.attributes = []
member_family.child.methods.2.annotations.refusals = []
member_family.child.methods.2.annotations.uses = []
member_family.child.methods.2.declaration = "public int compareTo(java.lang.Object arg1)"
member_family.child.methods.2.item.access_flags = 4161
member_family.child.methods.2.item.body.content_span.length = 21
member_family.child.methods.2.item.body.content_span.start = 507
member_family.child.methods.2.item.body.kind = "code_attribute"
member_family.child.methods.2.item.descriptor.escaped = "(Ljava/lang/Object;)I"
member_family.child.methods.2.item.descriptor.raw = [40,76,106,97,118,97,47,108,97,110,103,47,79,98,106,101,99,116,59,41,73]
member_family.child.methods.2.item.descriptor.utf16 = [40,76,106,97,118,97,47,108,97,110,103,47,79,98,106,101,99,116,59,41,73]
member_family.child.methods.2.item.identity.descriptor = [40,76,106,97,118,97,47,108,97,110,103,47,79,98,106,101,99,116,59,41,73]
member_family.child.methods.2.item.identity.name = [99,111,109,112,97,114,101,84,111]
member_family.child.methods.2.item.identity.owner.class_bytes.digest = "9e001a3b9da7a0d16245a1c5e5e72e315cf630ac44123e5891ac1e453cb4b23a"
member_family.child.methods.2.item.identity.owner.class_bytes.length = 565
member_family.child.methods.2.item.identity.owner.location.entry.ordinal = 3
member_family.child.methods.2.item.identity.owner.location.entry.origin.root_container = "root"
member_family.child.methods.2.item.identity.owner.location.entry.origin.snapshot = "0501b02783282e28a1a14577f3204719b3a5b70d7056db4b3bd0f855d9cc76ff"
member_family.child.methods.2.item.identity.owner.location.entry.origin.steps = []
member_family.child.methods.2.item.identity.owner.location.entry.raw_name = [101,109,48,49,47,71,101,110,101,114,105,99,36,65,46,99,108,97,115,115]
member_family.child.methods.2.item.identity.owner.location.kind = "archive_entry"
member_family.child.methods.2.item.identity.owner.variant.kind = "base"
member_family.child.methods.2.item.index = 2
member_family.child.methods.2.item.name.escaped = "compareTo"
member_family.child.methods.2.item.name.raw = [99,111,109,112,97,114,101,84,111]
member_family.child.methods.2.item.name.utf16 = [99,111,109,112,97,114,101,84,111]
member_family.child.methods.2.markers = []
member_family.child.methods.2.no_body_kind = null
member_family.child.methods.2.outcome.analysis.diagnostics = 0
member_family.child.methods.2.outcome.analysis.execution.status = "complete"
member_family.child.methods.2.outcome.analysis.execution.usage.analysis_steps = 166
member_family.child.methods.2.outcome.analysis.execution.usage.archive_entries = 66
member_family.child.methods.2.outcome.analysis.execution.usage.attribute_bytes = 864
member_family.child.methods.2.outcome.analysis.execution.usage.class_bytes = 3189
member_family.child.methods.2.outcome.analysis.execution.usage.class_headers = 3
member_family.child.methods.2.outcome.analysis.execution.usage.code_bytes = 21
member_family.child.methods.2.outcome.analysis.execution.usage.dependency_depth = 0
member_family.child.methods.2.outcome.analysis.execution.usage.elapsed_millis = 3
member_family.child.methods.2.outcome.analysis.execution.usage.entry_bytes = 2442
member_family.child.methods.2.outcome.analysis.execution.usage.input_bytes = 2703
member_family.child.methods.2.outcome.analysis.execution.usage.ir_edges = 11
member_family.child.methods.2.outcome.analysis.execution.usage.ir_items = 275
member_family.child.methods.2.outcome.analysis.execution.usage.method_bodies = 4
member_family.child.methods.2.outcome.analysis.execution.usage.nested_depth = 0
member_family.child.methods.2.outcome.analysis.execution.usage.normalization_clones = 0
member_family.child.methods.2.outcome.analysis.execution.usage.output_bytes = 1271
member_family.child.methods.2.outcome.analysis.execution.usage.read_bytes = 1483
member_family.child.methods.2.outcome.analysis.execution.usage.result_items = 80
member_family.child.methods.2.outcome.kind = "recovered"
member_family.child.methods.2.outcome.report.accessors = []
member_family.child.methods.2.outcome.report.aliased_names = []
member_family.child.methods.2.outcome.report.artifact.agreement.state = "not_stated"
member_family.child.methods.2.outcome.report.artifact.binding.engine = "0.1.0"
member_family.child.methods.2.outcome.report.artifact.binding.environment.content = ["0501b02783282e28a1a14577f3204719b3a5b70d7056db4b3bd0f855d9cc76ff"]
member_family.child.methods.2.outcome.report.artifact.binding.environment.domain_loaders = ["app"]
member_family.child.methods.2.outcome.report.artifact.binding.environment.providers = []
member_family.child.methods.2.outcome.report.artifact.binding.environment.runtime.load_domain.delegation.kind = "parent_first"
member_family.child.methods.2.outcome.report.artifact.binding.environment.runtime.load_domain.external_override = "none"
member_family.child.methods.2.outcome.report.artifact.binding.environment.runtime.load_domain.loader = "app"
member_family.child.methods.2.outcome.report.artifact.binding.environment.runtime.load_domain.module_mode.kind = "class_path"
member_family.child.methods.2.outcome.report.artifact.binding.environment.runtime.load_domain.parent_loader = null
member_family.child.methods.2.outcome.report.artifact.binding.environment.runtime.load_domain.roots.0.kind = "container"
member_family.child.methods.2.outcome.report.artifact.binding.environment.runtime.load_domain.roots.0.origin.root_container = "root"
member_family.child.methods.2.outcome.report.artifact.binding.environment.runtime.load_domain.roots.0.origin.snapshot = "0501b02783282e28a1a14577f3204719b3a5b70d7056db4b3bd0f855d9cc76ff"
member_family.child.methods.2.outcome.report.artifact.binding.environment.runtime.load_domain.roots.0.origin.steps = []
member_family.child.methods.2.outcome.report.artifact.binding.environment.runtime.load_domain.roots.0.prefix = []
member_family.child.methods.2.outcome.report.artifact.binding.environment.runtime.load_domain.runtime_transformation = "none"
member_family.child.methods.2.outcome.report.artifact.binding.environment.runtime.physical.scope.kind = "snapshot_all"
member_family.child.methods.2.outcome.report.artifact.binding.environment.runtime.physical.snapshot = "0501b02783282e28a1a14577f3204719b3a5b70d7056db4b3bd0f855d9cc76ff"
member_family.child.methods.2.outcome.report.artifact.binding.environment.runtime.profile.java_release = 8
member_family.child.methods.2.outcome.report.artifact.binding.environment.runtime.profile.layout.kind = "generic"
member_family.child.methods.2.outcome.report.artifact.binding.environment.runtime.profile.multi_release.kind = "disabled"
member_family.child.methods.2.outcome.report.artifact.binding.member_ordinal = 2
member_family.child.methods.2.outcome.report.artifact.binding.method.descriptor = [40,76,106,97,118,97,47,108,97,110,103,47,79,98,106,101,99,116,59,41,73]
member_family.child.methods.2.outcome.report.artifact.binding.method.name = [99,111,109,112,97,114,101,84,111]
member_family.child.methods.2.outcome.report.artifact.binding.method.owner.class_bytes.digest = "9e001a3b9da7a0d16245a1c5e5e72e315cf630ac44123e5891ac1e453cb4b23a"
member_family.child.methods.2.outcome.report.artifact.binding.method.owner.class_bytes.length = 565
member_family.child.methods.2.outcome.report.artifact.binding.method.owner.location.entry.ordinal = 3
member_family.child.methods.2.outcome.report.artifact.binding.method.owner.location.entry.origin.root_container = "root"
member_family.child.methods.2.outcome.report.artifact.binding.method.owner.location.entry.origin.snapshot = "0501b02783282e28a1a14577f3204719b3a5b70d7056db4b3bd0f855d9cc76ff"
member_family.child.methods.2.outcome.report.artifact.binding.method.owner.location.entry.origin.steps = []
member_family.child.methods.2.outcome.report.artifact.binding.method.owner.location.entry.raw_name = [101,109,48,49,47,71,101,110,101,114,105,99,36,65,46,99,108,97,115,115]
member_family.child.methods.2.outcome.report.artifact.binding.method.owner.location.kind = "archive_entry"
member_family.child.methods.2.outcome.report.artifact.binding.method.owner.variant.kind = "base"
member_family.child.methods.2.outcome.report.artifact.binding.profile.java_release = 8
member_family.child.methods.2.outcome.report.artifact.binding.profile.layout.kind = "generic"
member_family.child.methods.2.outcome.report.artifact.binding.profile.multi_release.kind = "disabled"
member_family.child.methods.2.outcome.report.artifact.binding.registry = 71
member_family.child.methods.2.outcome.report.artifact.binding.rules = ["straight@1","if@1","loop@1","switch@1","lambda@1","concat@1","bridge@1","accessor@1","new@1","field@1","enumswitch@1","init@1","declaration@1","twr@1","monitor@1","finally@1"]
member_family.child.methods.2.outcome.report.artifact.binding.schema = 1
member_family.child.methods.2.outcome.report.artifact.binding.text_bytes = 239
member_family.child.methods.2.outcome.report.artifact.binding.text_digest = "e1c56dd170b942f6d5d7110bcc563bf2"
member_family.child.methods.2.outcome.report.bridges = []
member_family.child.methods.2.outcome.report.compile_status = "not_attempted"
member_family.child.methods.2.outcome.report.concats = []
member_family.child.methods.2.outcome.report.content = "contains_statements"
member_family.child.methods.2.outcome.report.declaration = null
member_family.child.methods.2.outcome.report.diagnostics.0.code = "jre_recovery_produced"
member_family.child.methods.2.outcome.report.diagnostics.0.message = "1 region(s), 1 statement(s), 5 segment(s), 239 byte(s) written from 1 canonical block(s)"
member_family.child.methods.2.outcome.report.diagnostics.0.provenance = null
member_family.child.methods.2.outcome.report.diagnostics.0.severity = "info"
member_family.child.methods.2.outcome.report.diagnostics.1.code = "jre_bridge_cast_not_erasure"
member_family.child.methods.2.outcome.report.diagnostics.1.message = "the bridge body at BCI 0 was not presented as a forward: the bridge casts a parameter to `em01/Generic$A` at BCI 2 before it forwards: a value the erased signature declares as the wider type is not proven to be the narrower one, so that cast is a check that can fail — it is not the erasure of a forwarded value"
member_family.child.methods.2.outcome.report.diagnostics.1.provenance = null
member_family.child.methods.2.outcome.report.diagnostics.1.severity = "warning"
member_family.child.methods.2.outcome.report.diagnostics.2.code = "jre_bridge"
member_family.child.methods.2.outcome.report.diagnostics.2.message = "the body was read under bridge@1: not presented as a forward"
member_family.child.methods.2.outcome.report.diagnostics.2.provenance = null
member_family.child.methods.2.outcome.report.diagnostics.2.severity = "info"
member_family.child.methods.2.outcome.report.diagnostics.3.code = "jre_declaration"
member_family.child.methods.2.outcome.report.diagnostics.3.message = "the artifact's envelope states the member's declaration under declaration@1: an instance method"
member_family.child.methods.2.outcome.report.diagnostics.3.provenance = null
member_family.child.methods.2.outcome.report.diagnostics.3.severity = "info"
member_family.child.methods.2.outcome.report.enum_switches = []
member_family.child.methods.2.outcome.report.evidence.categories.0.kind = "source_map"
member_family.child.methods.2.outcome.report.evidence.categories.0.state.state = "not_requested"
member_family.child.methods.2.outcome.report.evidence.categories.1.kind = "region_details"
member_family.child.methods.2.outcome.report.evidence.categories.1.state.state = "not_requested"
member_family.child.methods.2.outcome.report.evidence.categories.2.kind = "rule_details"
member_family.child.methods.2.outcome.report.evidence.categories.2.state.state = "not_requested"
member_family.child.methods.2.outcome.report.evidence.categories.3.kind = "name_details"
member_family.child.methods.2.outcome.report.evidence.categories.3.state.state = "not_requested"
member_family.child.methods.2.outcome.report.evidence.categories.4.kind = "read_details"
member_family.child.methods.2.outcome.report.evidence.categories.4.state.state = "not_requested"
member_family.child.methods.2.outcome.report.evidence.requested.driver_bci_range = null
member_family.child.methods.2.outcome.report.evidence.requested.expected_artifact = null
member_family.child.methods.2.outcome.report.evidence.requested.kinds = []
member_family.child.methods.2.outcome.report.execution.status = "complete"
member_family.child.methods.2.outcome.report.execution.usage.analysis_steps = 186
member_family.child.methods.2.outcome.report.execution.usage.archive_entries = 66
member_family.child.methods.2.outcome.report.execution.usage.attribute_bytes = 864
member_family.child.methods.2.outcome.report.execution.usage.class_bytes = 3189
member_family.child.methods.2.outcome.report.execution.usage.class_headers = 3
member_family.child.methods.2.outcome.report.execution.usage.code_bytes = 21
member_family.child.methods.2.outcome.report.execution.usage.dependency_depth = 0
member_family.child.methods.2.outcome.report.execution.usage.elapsed_millis = 3
member_family.child.methods.2.outcome.report.execution.usage.entry_bytes = 2442
member_family.child.methods.2.outcome.report.execution.usage.input_bytes = 2703
member_family.child.methods.2.outcome.report.execution.usage.ir_edges = 11
member_family.child.methods.2.outcome.report.execution.usage.ir_items = 320
member_family.child.methods.2.outcome.report.execution.usage.method_bodies = 4
member_family.child.methods.2.outcome.report.execution.usage.nested_depth = 0
member_family.child.methods.2.outcome.report.execution.usage.normalization_clones = 0
member_family.child.methods.2.outcome.report.execution.usage.output_bytes = 1510
member_family.child.methods.2.outcome.report.execution.usage.read_bytes = 1483
member_family.child.methods.2.outcome.report.execution.usage.result_items = 80
member_family.child.methods.2.outcome.report.fallbacks = []
member_family.child.methods.2.outcome.report.fields = []
member_family.child.methods.2.outcome.report.init = null
member_family.child.methods.2.outcome.report.lambdas = []
member_family.child.methods.2.outcome.report.method = "compareTo(Ljava/lang/Object;)I"
member_family.child.methods.2.outcome.report.news = []
member_family.child.methods.2.outcome.report.outcome = "produced"
member_family.child.methods.2.outcome.report.profile.java_release = 8
member_family.child.methods.2.outcome.report.profile.layout.kind = "generic"
member_family.child.methods.2.outcome.report.profile.multi_release.kind = "disabled"
member_family.child.methods.2.outcome.report.quality = "structured"
member_family.child.methods.2.outcome.report.regions = []
member_family.child.methods.2.outcome.report.representation = "java"
member_family.child.methods.2.outcome.report.rules = []
member_family.child.methods.2.outcome.report.semantic_validation = "unproven"
member_family.child.methods.2.outcome.report.source_map.segments = []
member_family.child.methods.2.outcome.report.syntax_status = "unchecked"
member_family.child.methods.2.outcome.report.text = "// @method compareTo(Ljava/lang/Object;)I\n// @declaration an instance method of `em01.Generic$A`, member flags 0x1041\n// recovered from bytecode; presentation is not claimed to compile\n{\n    return this.compareTo((em01.Generic$A) arg1);\n}\n"
member_family.child.methods.2.outcome.report.verification = "not_performed"
member_family.child.methods.2.parameter_annotations.attributes = []
member_family.child.methods.2.parameter_annotations.refusals = []
member_family.child.methods.2.parameter_annotations.uses_by_position = [[]]
member_family.child.methods.2.text = "    public int compareTo(java.lang.Object arg1) {\n        // @method compareTo(Ljava/lang/Object;)I\n        // @declaration an instance method of `em01.Generic$A`, member flags 0x1041\n        // recovered from bytecode; presentation is not claimed to compile\n        return this.compareTo((em01.Generic$A) arg1);\n    }\n"
member_family.child.methods.2.type_annotations.attributes = []
member_family.child.methods.2.type_annotations.field_uses = []
member_family.child.methods.2.type_annotations.parameter_uses = [[]]
member_family.child.methods.2.type_annotations.refusals = []
member_family.child.methods.2.type_annotations.return_uses = []
member_family.child.nested_annotation_family.state = "absent"
member_family.child.nested_enum_family.state = "absent"
member_family.child.stages = ["raw_facts","raw_cfg","legacy_normalization","canonical_cfg","frame","ssa"]
member_family.child.text = "// jarde: presentation of `em01/Generic$A` from the class file's own declaration and one recovery run per member.\n// jarde: not a compilable project: no imports and no resources are claimed (the `package` line is the class file's own name, not a claim about a directory); every place this text is not a full recovery carries a marker of this prefix.\npackage em01;\n\n// jarde: class Signature `<T:Ljava/lang/Object;>Ljava/lang/Object;Ljava/lang/Comparable<Lem01/Generic$A<TT;>;>;` not projected\n// jarde: class Signature projection refused: unsupported (class_generic_source_unproved): class kind, nesting, name, or type-use annotations lack a faithful generic header position\npublic abstract class Generic$A extends java.lang.Object implements java.lang.Comparable {\n    // jarde: field Signature projection refused for `valueLjava/lang/Object;`: unsupported (jvm_signature_scope_unproved): type variable `T` is not declared in the available Signature scope\n    java.lang.Object value;\n\n    public Generic$A() {\n        // @method <init>()V\n        // @declaration a constructor of `em01.Generic$A`, member flags 0x0001\n        // recovered from bytecode; presentation is not claimed to compile\n        super();\n        return;\n    }\n\n    // jarde: generic Signature projection refused for `compareTo(Lem01/Generic$A;)I`: unsupported (jvm_signature_scope_unproved): type variable `T` is not declared in the available Signature scope\n    public int compareTo(em01.Generic$A arg1) {\n        // @method compareTo(Lem01/Generic$A;)I\n        // @declaration an instance method of `em01.Generic$A`, member flags 0x0001\n        // recovered from bytecode; presentation is not claimed to compile\n        return 0;\n    }\n\n    public int compareTo(java.lang.Object arg1) {\n        // @method compareTo(Ljava/lang/Object;)I\n        // @declaration an instance method of `em01.Generic$A`, member flags 0x1041\n        // recovered from bytecode; presentation is not claimed to compile\n        return this.compareTo((em01.Generic$A) arg1);\n    }\n}\n"
member_family.child.usage.analysis_steps = 186
member_family.child.usage.archive_entries = 66
member_family.child.usage.attribute_bytes = 864
member_family.child.usage.class_bytes = 3189
member_family.child.usage.class_headers = 3
member_family.child.usage.code_bytes = 21
member_family.child.usage.dependency_depth = 0
member_family.child.usage.elapsed_millis = 3
member_family.child.usage.entry_bytes = 2442
member_family.child.usage.input_bytes = 2703
member_family.child.usage.ir_edges = 11
member_family.child.usage.ir_items = 320
member_family.child.usage.method_bodies = 4
member_family.child.usage.nested_depth = 0
member_family.child.usage.normalization_clones = 0
member_family.child.usage.output_bytes = 1510
member_family.child.usage.read_bytes = 1483
member_family.child.usage.result_items = 81
member_family.child.view.scope.kind = "snapshot_all"
member_family.child.view.snapshot = "0501b02783282e28a1a14577f3204719b3a5b70d7056db4b3bd0f855d9cc76ff"
member_family.projection.reason = "capture proof is incomplete"
member_family.projection.state = "refused"
member_family.relation.access_flags = 1033
member_family.relation.child.class_bytes.digest = "9e001a3b9da7a0d16245a1c5e5e72e315cf630ac44123e5891ac1e453cb4b23a"
member_family.relation.child.class_bytes.length = 565
member_family.relation.child.location.entry.ordinal = 3
member_family.relation.child.location.entry.origin.root_container = "root"
member_family.relation.child.location.entry.origin.snapshot = "0501b02783282e28a1a14577f3204719b3a5b70d7056db4b3bd0f855d9cc76ff"
member_family.relation.child.location.entry.origin.steps = []
member_family.relation.child.location.entry.raw_name = [101,109,48,49,47,71,101,110,101,114,105,99,36,65,46,99,108,97,115,115]
member_family.relation.child.location.kind = "archive_entry"
member_family.relation.child.variant.kind = "base"
member_family.relation.root.class_bytes.digest = "eb4829a09d70092f59cce92817aa437e77198bec75f47697ac756bd157770d2a"
member_family.relation.root.class_bytes.length = 182
member_family.relation.root.location.entry.ordinal = 4
member_family.relation.root.location.entry.origin.root_container = "root"
member_family.relation.root.location.entry.origin.snapshot = "0501b02783282e28a1a14577f3204719b3a5b70d7056db4b3bd0f855d9cc76ff"
member_family.relation.root.location.entry.origin.steps = []
member_family.relation.root.location.entry.raw_name = [101,109,48,49,47,71,101,110,101,114,105,99,46,99,108,97,115,115]
member_family.relation.root.location.kind = "archive_entry"
member_family.relation.root.variant.kind = "base"
member_family.relation.simple_name = "A"
member_family.state = "prepared"
methods.0.annotations.attributes = []
methods.0.annotations.refusals = []
methods.0.annotations.uses = []
methods.0.declaration = "public Generic()"
methods.0.item.access_flags = 1
methods.0.item.body.content_span.length = 17
methods.0.item.body.content_span.start = 147
methods.0.item.body.kind = "code_attribute"
methods.0.item.descriptor.escaped = "()V"
methods.0.item.descriptor.raw = [40,41,86]
methods.0.item.descriptor.utf16 = [40,41,86]
methods.0.item.identity.descriptor = [40,41,86]
methods.0.item.identity.name = [60,105,110,105,116,62]
methods.0.item.identity.owner.class_bytes.digest = "eb4829a09d70092f59cce92817aa437e77198bec75f47697ac756bd157770d2a"
methods.0.item.identity.owner.class_bytes.length = 182
methods.0.item.identity.owner.location.entry.ordinal = 4
methods.0.item.identity.owner.location.entry.origin.root_container = "root"
methods.0.item.identity.owner.location.entry.origin.snapshot = "0501b02783282e28a1a14577f3204719b3a5b70d7056db4b3bd0f855d9cc76ff"
methods.0.item.identity.owner.location.entry.origin.steps = []
methods.0.item.identity.owner.location.entry.raw_name = [101,109,48,49,47,71,101,110,101,114,105,99,46,99,108,97,115,115]
methods.0.item.identity.owner.location.kind = "archive_entry"
methods.0.item.identity.owner.variant.kind = "base"
methods.0.item.index = 0
methods.0.item.name.escaped = "<init>"
methods.0.item.name.raw = [60,105,110,105,116,62]
methods.0.item.name.utf16 = [60,105,110,105,116,62]
methods.0.markers = []
methods.0.no_body_kind = null
methods.0.outcome.analysis.diagnostics = 0
methods.0.outcome.analysis.execution.status = "complete"
methods.0.outcome.analysis.execution.usage.analysis_steps = 25
methods.0.outcome.analysis.execution.usage.archive_entries = 31
methods.0.outcome.analysis.execution.usage.attribute_bytes = 375
methods.0.outcome.analysis.execution.usage.class_bytes = 1494
methods.0.outcome.analysis.execution.usage.class_headers = 2
methods.0.outcome.analysis.execution.usage.code_bytes = 5
methods.0.outcome.analysis.execution.usage.dependency_depth = 0
methods.0.outcome.analysis.execution.usage.elapsed_millis = 1
methods.0.outcome.analysis.execution.usage.entry_bytes = 1312
methods.0.outcome.analysis.execution.usage.input_bytes = 2703
methods.0.outcome.analysis.execution.usage.ir_edges = 2
methods.0.outcome.analysis.execution.usage.ir_items = 48
methods.0.outcome.analysis.execution.usage.method_bodies = 1
methods.0.outcome.analysis.execution.usage.nested_depth = 0
methods.0.outcome.analysis.execution.usage.normalization_clones = 0
methods.0.outcome.analysis.execution.usage.output_bytes = 0
methods.0.outcome.analysis.execution.usage.read_bytes = 817
methods.0.outcome.analysis.execution.usage.result_items = 35
methods.0.outcome.kind = "recovered"
methods.0.outcome.report.accessors = []
methods.0.outcome.report.aliased_names = []
methods.0.outcome.report.artifact.agreement.state = "not_stated"
methods.0.outcome.report.artifact.binding.engine = "0.1.0"
methods.0.outcome.report.artifact.binding.environment.content = ["0501b02783282e28a1a14577f3204719b3a5b70d7056db4b3bd0f855d9cc76ff"]
methods.0.outcome.report.artifact.binding.environment.domain_loaders = ["app"]
methods.0.outcome.report.artifact.binding.environment.providers = []
methods.0.outcome.report.artifact.binding.environment.runtime.load_domain.delegation.kind = "parent_first"
methods.0.outcome.report.artifact.binding.environment.runtime.load_domain.external_override = "none"
methods.0.outcome.report.artifact.binding.environment.runtime.load_domain.loader = "app"
methods.0.outcome.report.artifact.binding.environment.runtime.load_domain.module_mode.kind = "class_path"
methods.0.outcome.report.artifact.binding.environment.runtime.load_domain.parent_loader = null
methods.0.outcome.report.artifact.binding.environment.runtime.load_domain.roots.0.kind = "container"
methods.0.outcome.report.artifact.binding.environment.runtime.load_domain.roots.0.origin.root_container = "root"
methods.0.outcome.report.artifact.binding.environment.runtime.load_domain.roots.0.origin.snapshot = "0501b02783282e28a1a14577f3204719b3a5b70d7056db4b3bd0f855d9cc76ff"
methods.0.outcome.report.artifact.binding.environment.runtime.load_domain.roots.0.origin.steps = []
methods.0.outcome.report.artifact.binding.environment.runtime.load_domain.roots.0.prefix = []
methods.0.outcome.report.artifact.binding.environment.runtime.load_domain.runtime_transformation = "none"
methods.0.outcome.report.artifact.binding.environment.runtime.physical.scope.kind = "snapshot_all"
methods.0.outcome.report.artifact.binding.environment.runtime.physical.snapshot = "0501b02783282e28a1a14577f3204719b3a5b70d7056db4b3bd0f855d9cc76ff"
methods.0.outcome.report.artifact.binding.environment.runtime.profile.java_release = 8
methods.0.outcome.report.artifact.binding.environment.runtime.profile.layout.kind = "generic"
methods.0.outcome.report.artifact.binding.environment.runtime.profile.multi_release.kind = "disabled"
methods.0.outcome.report.artifact.binding.member_ordinal = 0
methods.0.outcome.report.artifact.binding.method.descriptor = [40,41,86]
methods.0.outcome.report.artifact.binding.method.name = [60,105,110,105,116,62]
methods.0.outcome.report.artifact.binding.method.owner.class_bytes.digest = "eb4829a09d70092f59cce92817aa437e77198bec75f47697ac756bd157770d2a"
methods.0.outcome.report.artifact.binding.method.owner.class_bytes.length = 182
methods.0.outcome.report.artifact.binding.method.owner.location.entry.ordinal = 4
methods.0.outcome.report.artifact.binding.method.owner.location.entry.origin.root_container = "root"
methods.0.outcome.report.artifact.binding.method.owner.location.entry.origin.snapshot = "0501b02783282e28a1a14577f3204719b3a5b70d7056db4b3bd0f855d9cc76ff"
methods.0.outcome.report.artifact.binding.method.owner.location.entry.origin.steps = []
methods.0.outcome.report.artifact.binding.method.owner.location.entry.raw_name = [101,109,48,49,47,71,101,110,101,114,105,99,46,99,108,97,115,115]
methods.0.outcome.report.artifact.binding.method.owner.location.kind = "archive_entry"
methods.0.outcome.report.artifact.binding.method.owner.variant.kind = "base"
methods.0.outcome.report.artifact.binding.profile.java_release = 8
methods.0.outcome.report.artifact.binding.profile.layout.kind = "generic"
methods.0.outcome.report.artifact.binding.profile.multi_release.kind = "disabled"
methods.0.outcome.report.artifact.binding.registry = 71
methods.0.outcome.report.artifact.binding.rules = ["straight@1","if@1","loop@1","switch@1","lambda@1","concat@1","bridge@1","accessor@1","new@1","field@1","enumswitch@1","init@1","declaration@1","twr@1","monitor@1","finally@1"]
methods.0.outcome.report.artifact.binding.schema = 1
methods.0.outcome.report.artifact.binding.text_bytes = 186
methods.0.outcome.report.artifact.binding.text_digest = "9045c26cc2058a2bdbd5fa6edca89442"
methods.0.outcome.report.bridges = []
methods.0.outcome.report.compile_status = "not_attempted"
methods.0.outcome.report.concats = []
methods.0.outcome.report.content = "contains_statements"
methods.0.outcome.report.declaration = null
methods.0.outcome.report.diagnostics.0.code = "jre_recovery_produced"
methods.0.outcome.report.diagnostics.0.message = "1 region(s), 2 statement(s), 2 segment(s), 186 byte(s) written from 1 canonical block(s)"
methods.0.outcome.report.diagnostics.0.provenance = null
methods.0.outcome.report.diagnostics.0.severity = "info"
methods.0.outcome.report.diagnostics.1.code = "jre_constructor_prologue"
methods.0.outcome.report.diagnostics.1.message = "the body is an instance initializer and its prologue is written under init@1 as `super`: the call at BCI 1 names `java/lang/Object`, and the class that declares this constructor is `em01/Generic`"
methods.0.outcome.report.diagnostics.1.provenance = null
methods.0.outcome.report.diagnostics.1.severity = "info"
methods.0.outcome.report.diagnostics.2.code = "jre_declaration"
methods.0.outcome.report.diagnostics.2.message = "the artifact's envelope states the member's declaration under declaration@1: a constructor"
methods.0.outcome.report.diagnostics.2.provenance = null
methods.0.outcome.report.diagnostics.2.severity = "info"
methods.0.outcome.report.enum_switches = []
methods.0.outcome.report.evidence.categories.0.kind = "source_map"
methods.0.outcome.report.evidence.categories.0.state.state = "not_requested"
methods.0.outcome.report.evidence.categories.1.kind = "region_details"
methods.0.outcome.report.evidence.categories.1.state.state = "not_requested"
methods.0.outcome.report.evidence.categories.2.kind = "rule_details"
methods.0.outcome.report.evidence.categories.2.state.state = "not_requested"
methods.0.outcome.report.evidence.categories.3.kind = "name_details"
methods.0.outcome.report.evidence.categories.3.state.state = "not_requested"
methods.0.outcome.report.evidence.categories.4.kind = "read_details"
methods.0.outcome.report.evidence.categories.4.state.state = "not_requested"
methods.0.outcome.report.evidence.requested.driver_bci_range = null
methods.0.outcome.report.evidence.requested.expected_artifact = null
methods.0.outcome.report.evidence.requested.kinds = []
methods.0.outcome.report.execution.status = "complete"
methods.0.outcome.report.execution.usage.analysis_steps = 40
methods.0.outcome.report.execution.usage.archive_entries = 31
methods.0.outcome.report.execution.usage.attribute_bytes = 375
methods.0.outcome.report.execution.usage.class_bytes = 1494
methods.0.outcome.report.execution.usage.class_headers = 2
methods.0.outcome.report.execution.usage.code_bytes = 5
methods.0.outcome.report.execution.usage.dependency_depth = 0
methods.0.outcome.report.execution.usage.elapsed_millis = 1
methods.0.outcome.report.execution.usage.entry_bytes = 1312
methods.0.outcome.report.execution.usage.input_bytes = 2703
methods.0.outcome.report.execution.usage.ir_edges = 2
methods.0.outcome.report.execution.usage.ir_items = 63
methods.0.outcome.report.execution.usage.method_bodies = 1
methods.0.outcome.report.execution.usage.nested_depth = 0
methods.0.outcome.report.execution.usage.normalization_clones = 0
methods.0.outcome.report.execution.usage.output_bytes = 186
methods.0.outcome.report.execution.usage.read_bytes = 817
methods.0.outcome.report.execution.usage.result_items = 35
methods.0.outcome.report.fallbacks = []
methods.0.outcome.report.fields = []
methods.0.outcome.report.init = null
methods.0.outcome.report.lambdas = []
methods.0.outcome.report.method = "<init>()V"
methods.0.outcome.report.news = []
methods.0.outcome.report.outcome = "produced"
methods.0.outcome.report.profile.java_release = 8
methods.0.outcome.report.profile.layout.kind = "generic"
methods.0.outcome.report.profile.multi_release.kind = "disabled"
methods.0.outcome.report.quality = "structured"
methods.0.outcome.report.regions = []
methods.0.outcome.report.representation = "java"
methods.0.outcome.report.rules = []
methods.0.outcome.report.semantic_validation = "unproven"
methods.0.outcome.report.source_map.segments = []
methods.0.outcome.report.syntax_status = "unchecked"
methods.0.outcome.report.text = "// @method <init>()V\n// @declaration a constructor of `em01.Generic`, member flags 0x0001\n// recovered from bytecode; presentation is not claimed to compile\n{\n    super();\n    return;\n}\n"
methods.0.outcome.report.verification = "not_performed"
methods.0.parameter_annotations.attributes = []
methods.0.parameter_annotations.refusals = []
methods.0.parameter_annotations.uses_by_position = []
methods.0.text = "    public Generic() {\n        // @method <init>()V\n        // @declaration a constructor of `em01.Generic`, member flags 0x0001\n        // recovered from bytecode; presentation is not claimed to compile\n        super();\n        return;\n    }\n"
methods.0.type_annotations.attributes = []
methods.0.type_annotations.field_uses = []
methods.0.type_annotations.parameter_uses = []
methods.0.type_annotations.refusals = []
methods.0.type_annotations.return_uses = []
nested_annotation_family.state = "absent"
nested_enum_family.state = "absent"
outcome = "performed"
stages = ["raw_facts","raw_cfg","legacy_normalization","canonical_cfg","frame","ssa"]
usage.analysis_steps = 188
usage.archive_entries = 66
usage.attribute_bytes = 864
usage.class_bytes = 3189
usage.class_headers = 3
usage.code_bytes = 21
usage.dependency_depth = 0
usage.elapsed_millis = 3
usage.entry_bytes = 2442
usage.input_bytes = 2703
usage.ir_edges = 11
usage.ir_items = 320
usage.method_bodies = 4
usage.nested_depth = 0
usage.normalization_clones = 0
usage.output_bytes = 1510
usage.read_bytes = 1483
usage.result_items = 81
view.scope.kind = "snapshot_all"
view.snapshot = "0501b02783282e28a1a14577f3204719b3a5b70d7056db4b3bd0f855d9cc76ff"
