警告: [options] 源值 8 已过时，将在未来发行版中删除
警告: [options] 目标值 8 已过时，将在未来发行版中删除
警告: [options] 要隐藏有关已过时选项的警告, 请使用 -Xlint:-options。
/tmp/jarde-numeric-flow-independent/before/jarde/NumericFlowAudit.java:21: 错误: 缺少返回语句
    }
    ^
/tmp/jarde-numeric-flow-independent/before/jarde/NumericFlowAudit.java:32: 错误: 缺少返回语句
    }
    ^
/tmp/jarde-numeric-flow-independent/before/jarde/NumericFlowAudit.java:43: 错误: 缺少返回语句
    }
    ^
/tmp/jarde-numeric-flow-independent/before/jarde/NumericFlowAudit.java:55: 错误: 缺少返回语句
    }
    ^
/tmp/jarde-numeric-flow-independent/before/jarde/NumericFlowAudit.java:66: 错误: 缺少返回语句
    }
    ^
5 个错误
3 个警告
