Classfile jar:file:///private/tmp/jarde-class-ctor-evidence/frozen/openjdk23/nodebug/RepeatedHold/RepeatedHold.jar!/RepeatedHold.class
  Last modified 2026年10月8日; size 337 bytes
  SHA-256 checksum a4a0bd5b766b71652afe8f2575900e13ed7dfe3786336bbc570f00d5ec7ce5c0
public class RepeatedHold<T extends java.lang.Object> extends java.lang.Object
  minor version: 0
  major version: 52
  flags: (0x0021) ACC_PUBLIC, ACC_SUPER
  this_class: #8                          // RepeatedHold
  super_class: #2                         // java/lang/Object
  interfaces: 0, fields: 2, methods: 1, attributes: 1
Constant pool:
   #1 = Methodref          #2.#3          // java/lang/Object."<init>":()V
   #2 = Class              #4             // java/lang/Object
   #3 = NameAndType        #5:#6          // "<init>":()V
   #4 = Utf8               java/lang/Object
   #5 = Utf8               <init>
   #6 = Utf8               ()V
   #7 = Fieldref           #8.#9          // RepeatedHold.first:Ljava/lang/Object;
   #8 = Class              #10            // RepeatedHold
   #9 = NameAndType        #11:#12        // first:Ljava/lang/Object;
  #10 = Utf8               RepeatedHold
  #11 = Utf8               first
  #12 = Utf8               Ljava/lang/Object;
  #13 = Fieldref           #8.#14         // RepeatedHold.second:Ljava/lang/Object;
  #14 = NameAndType        #15:#12        // second:Ljava/lang/Object;
  #15 = Utf8               second
  #16 = Utf8               Signature
  #17 = Utf8               TT;
  #18 = Utf8               (Ljava/lang/Object;)V
  #19 = Utf8               Code
  #20 = Utf8               (TT;)V
  #21 = Utf8               <T:Ljava/lang/Object;>Ljava/lang/Object;
{
  public T first;
    descriptor: Ljava/lang/Object;
    flags: (0x0001) ACC_PUBLIC
    Signature: #17                          // TT;

  public T second;
    descriptor: Ljava/lang/Object;
    flags: (0x0001) ACC_PUBLIC
    Signature: #17                          // TT;

  public RepeatedHold(T);
    descriptor: (Ljava/lang/Object;)V
    flags: (0x0001) ACC_PUBLIC
    Code:
      stack=2, locals=2, args_size=2
         0: aload_0
         1: invokespecial #1                  // Method java/lang/Object."<init>":()V
         4: aload_0
         5: aload_1
         6: putfield      #7                  // Field first:Ljava/lang/Object;
         9: aload_0
        10: aload_1
        11: putfield      #13                 // Field second:Ljava/lang/Object;
        14: return
    Signature: #20                          // (TT;)V
}
Signature: #21                          // <T:Ljava/lang/Object;>Ljava/lang/Object;
