Classfile /Users/lordcasser/workspace/projects/jarde/openspec/evidence/java-syntax-2026-10-10/instance-field-init-next/baseline-root-v1/cases/javac23-original/classes/ThisDelegatingByteArray.class
  Last modified 2026年10月10日; size 723 bytes
  SHA-256 checksum 6442972d5cede07aa80ff12887961c9af299ca472ffabceb3e09940e504a7d01
public class ThisDelegatingByteArray
  minor version: 0
  major version: 52
  flags: (0x0021) ACC_PUBLIC, ACC_SUPER
  this_class: #8                          // ThisDelegatingByteArray
  super_class: #34                        // java/lang/Object
  interfaces: 0, fields: 2, methods: 4, attributes: 0
Constant pool:
   #1 = Class              #2             // java/lang/StringBuilder
   #2 = Utf8               java/lang/StringBuilder
   #3 = Methodref          #1.#4          // java/lang/StringBuilder."<init>":()V
   #4 = NameAndType        #5:#6          // "<init>":()V
   #5 = Utf8               <init>
   #6 = Utf8               ()V
   #7 = Fieldref           #8.#9          // ThisDelegatingByteArray.trace:Ljava/lang/String;
   #8 = Class              #10            // ThisDelegatingByteArray
   #9 = NameAndType        #11:#12        // trace:Ljava/lang/String;
  #10 = Utf8               ThisDelegatingByteArray
  #11 = Utf8               trace
  #12 = Utf8               Ljava/lang/String;
  #13 = Methodref          #1.#14         // java/lang/StringBuilder.append:(Ljava/lang/String;)Ljava/lang/StringBuilder;
  #14 = NameAndType        #15:#16        // append:(Ljava/lang/String;)Ljava/lang/StringBuilder;
  #15 = Utf8               append
  #16 = Utf8               (Ljava/lang/String;)Ljava/lang/StringBuilder;
  #17 = String             #18            // eval:
  #18 = Utf8               eval:
  #19 = Methodref          #1.#20         // java/lang/StringBuilder.append:(I)Ljava/lang/StringBuilder;
  #20 = NameAndType        #15:#21        // append:(I)Ljava/lang/StringBuilder;
  #21 = Utf8               (I)Ljava/lang/StringBuilder;
  #22 = String             #23            // ;
  #23 = Utf8               ;
  #24 = Methodref          #1.#25         // java/lang/StringBuilder.toString:()Ljava/lang/String;
  #25 = NameAndType        #26:#27        // toString:()Ljava/lang/String;
  #26 = Utf8               toString
  #27 = Utf8               ()Ljava/lang/String;
  #28 = Methodref          #8.#29         // ThisDelegatingByteArray."<init>":(I)V
  #29 = NameAndType        #5:#30         // "<init>":(I)V
  #30 = Utf8               (I)V
  #31 = String             #32            // body:delegate;
  #32 = Utf8               body:delegate;
  #33 = Methodref          #34.#4         // java/lang/Object."<init>":()V
  #34 = Class              #35            // java/lang/Object
  #35 = Utf8               java/lang/Object
  #36 = Methodref          #8.#37         // ThisDelegatingByteArray.mark:(I)B
  #37 = NameAndType        #38:#39        // mark:(I)B
  #38 = Utf8               mark
  #39 = Utf8               (I)B
  #40 = Fieldref           #8.#41         // ThisDelegatingByteArray.bytes:[B
  #41 = NameAndType        #42:#43        // bytes:[B
  #42 = Utf8               bytes
  #43 = Utf8               [B
  #44 = String             #45            // body:target:
  #45 = Utf8               body:target:
  #46 = String             #47            //
  #47 = Utf8
  #48 = Utf8               Code
  #49 = Utf8               <clinit>
{
  static java.lang.String trace;
    descriptor: Ljava/lang/String;
    flags: (0x0008) ACC_STATIC

  byte[] bytes;
    descriptor: [B
    flags: (0x0000)

  static byte mark(int);
    descriptor: (I)B
    flags: (0x0008) ACC_STATIC
    Code:
      stack=2, locals=1, args_size=1
         0: new           #1                  // class java/lang/StringBuilder
         3: dup
         4: invokespecial #3                  // Method java/lang/StringBuilder."<init>":()V
         7: getstatic     #7                  // Field trace:Ljava/lang/String;
        10: invokevirtual #13                 // Method java/lang/StringBuilder.append:(Ljava/lang/String;)Ljava/lang/StringBuilder;
        13: ldc           #17                 // String eval:
        15: invokevirtual #13                 // Method java/lang/StringBuilder.append:(Ljava/lang/String;)Ljava/lang/StringBuilder;
        18: iload_0
        19: invokevirtual #19                 // Method java/lang/StringBuilder.append:(I)Ljava/lang/StringBuilder;
        22: ldc           #22                 // String ;
        24: invokevirtual #13                 // Method java/lang/StringBuilder.append:(Ljava/lang/String;)Ljava/lang/StringBuilder;
        27: invokevirtual #24                 // Method java/lang/StringBuilder.toString:()Ljava/lang/String;
        30: putstatic     #7                  // Field trace:Ljava/lang/String;
        33: iload_0
        34: i2b
        35: ireturn

  public ThisDelegatingByteArray();
    descriptor: ()V
    flags: (0x0001) ACC_PUBLIC
    Code:
      stack=2, locals=1, args_size=1
         0: aload_0
         1: bipush        7
         3: invokespecial #28                 // Method "<init>":(I)V
         6: new           #1                  // class java/lang/StringBuilder
         9: dup
        10: invokespecial #3                  // Method java/lang/StringBuilder."<init>":()V
        13: getstatic     #7                  // Field trace:Ljava/lang/String;
        16: invokevirtual #13                 // Method java/lang/StringBuilder.append:(Ljava/lang/String;)Ljava/lang/StringBuilder;
        19: ldc           #31                 // String body:delegate;
        21: invokevirtual #13                 // Method java/lang/StringBuilder.append:(Ljava/lang/String;)Ljava/lang/StringBuilder;
        24: invokevirtual #24                 // Method java/lang/StringBuilder.toString:()Ljava/lang/String;
        27: putstatic     #7                  // Field trace:Ljava/lang/String;
        30: return

  public ThisDelegatingByteArray(int);
    descriptor: (I)V
    flags: (0x0001) ACC_PUBLIC
    Code:
      stack=5, locals=2, args_size=2
         0: aload_0
         1: invokespecial #33                 // Method java/lang/Object."<init>":()V
         4: aload_0
         5: iconst_2
         6: newarray       byte
         8: dup
         9: iconst_0
        10: bipush        21
        12: invokestatic  #36                 // Method mark:(I)B
        15: bastore
        16: dup
        17: iconst_1
        18: bipush        22
        20: invokestatic  #36                 // Method mark:(I)B
        23: bastore
        24: putfield      #40                 // Field bytes:[B
        27: new           #1                  // class java/lang/StringBuilder
        30: dup
        31: invokespecial #3                  // Method java/lang/StringBuilder."<init>":()V
        34: getstatic     #7                  // Field trace:Ljava/lang/String;
        37: invokevirtual #13                 // Method java/lang/StringBuilder.append:(Ljava/lang/String;)Ljava/lang/StringBuilder;
        40: ldc           #44                 // String body:target:
        42: invokevirtual #13                 // Method java/lang/StringBuilder.append:(Ljava/lang/String;)Ljava/lang/StringBuilder;
        45: iload_1
        46: invokevirtual #19                 // Method java/lang/StringBuilder.append:(I)Ljava/lang/StringBuilder;
        49: ldc           #22                 // String ;
        51: invokevirtual #13                 // Method java/lang/StringBuilder.append:(Ljava/lang/String;)Ljava/lang/StringBuilder;
        54: invokevirtual #24                 // Method java/lang/StringBuilder.toString:()Ljava/lang/String;
        57: putstatic     #7                  // Field trace:Ljava/lang/String;
        60: return

  static {};
    descriptor: ()V
    flags: (0x0008) ACC_STATIC
    Code:
      stack=1, locals=0, args_size=0
         0: ldc           #46                 // String
         2: putstatic     #7                  // Field trace:Ljava/lang/String;
         5: return
}
