Classfile /Users/lordcasser/workspace/projects/jarde/openspec/evidence/java-syntax-2026-10-10/instance-field-init-next/baseline-root-v1/cases/javac8-original/classes/CommonDirectSuperByteArray.class
  Last modified 2026-10-10; size 731 bytes
  MD5 checksum 917a99cb723ef2b387d0b0e21cb11656
public class CommonDirectSuperByteArray
  minor version: 0
  major version: 52
  flags: ACC_PUBLIC, ACC_SUPER
Constant pool:
   #1 = Class              #28            // java/lang/StringBuilder
   #2 = Methodref          #1.#29         // java/lang/StringBuilder."<init>":()V
   #3 = Fieldref           #15.#30        // CommonDirectSuperByteArray.trace:Ljava/lang/String;
   #4 = Methodref          #1.#31         // java/lang/StringBuilder.append:(Ljava/lang/String;)Ljava/lang/StringBuilder;
   #5 = String             #32            // eval:
   #6 = Methodref          #1.#33         // java/lang/StringBuilder.append:(I)Ljava/lang/StringBuilder;
   #7 = String             #34            // ;
   #8 = Methodref          #1.#35         // java/lang/StringBuilder.toString:()Ljava/lang/String;
   #9 = Methodref          #16.#29        // java/lang/Object."<init>":()V
  #10 = Methodref          #15.#36        // CommonDirectSuperByteArray.mark:(I)B
  #11 = Fieldref           #15.#37        // CommonDirectSuperByteArray.bytes:[B
  #12 = String             #38            // body:noarg;
  #13 = String             #39            // body:int:
  #14 = String             #40            //
  #15 = Class              #41            // CommonDirectSuperByteArray
  #16 = Class              #42            // java/lang/Object
  #17 = Utf8               trace
  #18 = Utf8               Ljava/lang/String;
  #19 = Utf8               bytes
  #20 = Utf8               [B
  #21 = Utf8               mark
  #22 = Utf8               (I)B
  #23 = Utf8               Code
  #24 = Utf8               <init>
  #25 = Utf8               ()V
  #26 = Utf8               (I)V
  #27 = Utf8               <clinit>
  #28 = Utf8               java/lang/StringBuilder
  #29 = NameAndType        #24:#25        // "<init>":()V
  #30 = NameAndType        #17:#18        // trace:Ljava/lang/String;
  #31 = NameAndType        #43:#44        // append:(Ljava/lang/String;)Ljava/lang/StringBuilder;
  #32 = Utf8               eval:
  #33 = NameAndType        #43:#45        // append:(I)Ljava/lang/StringBuilder;
  #34 = Utf8               ;
  #35 = NameAndType        #46:#47        // toString:()Ljava/lang/String;
  #36 = NameAndType        #21:#22        // mark:(I)B
  #37 = NameAndType        #19:#20        // bytes:[B
  #38 = Utf8               body:noarg;
  #39 = Utf8               body:int:
  #40 = Utf8
  #41 = Utf8               CommonDirectSuperByteArray
  #42 = Utf8               java/lang/Object
  #43 = Utf8               append
  #44 = Utf8               (Ljava/lang/String;)Ljava/lang/StringBuilder;
  #45 = Utf8               (I)Ljava/lang/StringBuilder;
  #46 = Utf8               toString
  #47 = Utf8               ()Ljava/lang/String;
{
  static java.lang.String trace;
    descriptor: Ljava/lang/String;
    flags: ACC_STATIC

  byte[] bytes;
    descriptor: [B
    flags:

  static byte mark(int);
    descriptor: (I)B
    flags: ACC_STATIC
    Code:
      stack=2, locals=1, args_size=1
         0: new           #1                  // class java/lang/StringBuilder
         3: dup
         4: invokespecial #2                  // Method java/lang/StringBuilder."<init>":()V
         7: getstatic     #3                  // Field trace:Ljava/lang/String;
        10: invokevirtual #4                  // Method java/lang/StringBuilder.append:(Ljava/lang/String;)Ljava/lang/StringBuilder;
        13: ldc           #5                  // String eval:
        15: invokevirtual #4                  // Method java/lang/StringBuilder.append:(Ljava/lang/String;)Ljava/lang/StringBuilder;
        18: iload_0
        19: invokevirtual #6                  // Method java/lang/StringBuilder.append:(I)Ljava/lang/StringBuilder;
        22: ldc           #7                  // String ;
        24: invokevirtual #4                  // Method java/lang/StringBuilder.append:(Ljava/lang/String;)Ljava/lang/StringBuilder;
        27: invokevirtual #8                  // Method java/lang/StringBuilder.toString:()Ljava/lang/String;
        30: putstatic     #3                  // Field trace:Ljava/lang/String;
        33: iload_0
        34: i2b
        35: ireturn

  public CommonDirectSuperByteArray();
    descriptor: ()V
    flags: ACC_PUBLIC
    Code:
      stack=5, locals=1, args_size=1
         0: aload_0
         1: invokespecial #9                  // Method java/lang/Object."<init>":()V
         4: aload_0
         5: iconst_2
         6: newarray       byte
         8: dup
         9: iconst_0
        10: bipush        10
        12: invokestatic  #10                 // Method mark:(I)B
        15: bastore
        16: dup
        17: iconst_1
        18: bipush        20
        20: invokestatic  #10                 // Method mark:(I)B
        23: bastore
        24: putfield      #11                 // Field bytes:[B
        27: new           #1                  // class java/lang/StringBuilder
        30: dup
        31: invokespecial #2                  // Method java/lang/StringBuilder."<init>":()V
        34: getstatic     #3                  // Field trace:Ljava/lang/String;
        37: invokevirtual #4                  // Method java/lang/StringBuilder.append:(Ljava/lang/String;)Ljava/lang/StringBuilder;
        40: ldc           #12                 // String body:noarg;
        42: invokevirtual #4                  // Method java/lang/StringBuilder.append:(Ljava/lang/String;)Ljava/lang/StringBuilder;
        45: invokevirtual #8                  // Method java/lang/StringBuilder.toString:()Ljava/lang/String;
        48: putstatic     #3                  // Field trace:Ljava/lang/String;
        51: return

  public CommonDirectSuperByteArray(int);
    descriptor: (I)V
    flags: ACC_PUBLIC
    Code:
      stack=5, locals=2, args_size=2
         0: aload_0
         1: invokespecial #9                  // Method java/lang/Object."<init>":()V
         4: aload_0
         5: iconst_2
         6: newarray       byte
         8: dup
         9: iconst_0
        10: bipush        10
        12: invokestatic  #10                 // Method mark:(I)B
        15: bastore
        16: dup
        17: iconst_1
        18: bipush        20
        20: invokestatic  #10                 // Method mark:(I)B
        23: bastore
        24: putfield      #11                 // Field bytes:[B
        27: new           #1                  // class java/lang/StringBuilder
        30: dup
        31: invokespecial #2                  // Method java/lang/StringBuilder."<init>":()V
        34: getstatic     #3                  // Field trace:Ljava/lang/String;
        37: invokevirtual #4                  // Method java/lang/StringBuilder.append:(Ljava/lang/String;)Ljava/lang/StringBuilder;
        40: ldc           #13                 // String body:int:
        42: invokevirtual #4                  // Method java/lang/StringBuilder.append:(Ljava/lang/String;)Ljava/lang/StringBuilder;
        45: iload_1
        46: invokevirtual #6                  // Method java/lang/StringBuilder.append:(I)Ljava/lang/StringBuilder;
        49: ldc           #7                  // String ;
        51: invokevirtual #4                  // Method java/lang/StringBuilder.append:(Ljava/lang/String;)Ljava/lang/StringBuilder;
        54: invokevirtual #8                  // Method java/lang/StringBuilder.toString:()Ljava/lang/String;
        57: putstatic     #3                  // Field trace:Ljava/lang/String;
        60: return

  static {};
    descriptor: ()V
    flags: ACC_STATIC
    Code:
      stack=1, locals=0, args_size=0
         0: ldc           #14                 // String
         2: putstatic     #3                  // Field trace:Ljava/lang/String;
         5: return
}
