Classfile jar:file:/Users/lordcasser/workspace/projects/jarde/openspec/evidence/same-class-generic-call-consumers-2026-10-09/frozen-inputs-v1/corretto8/nodebug/UnknownIncoming/UnknownIncoming.jar!/UnknownIncoming.class
  Last modified 2026-10-9; size 472 bytes
  MD5 checksum caac5dd68447eeb70a693e9194a7eaad
public class UnknownIncoming<T extends java.lang.Object> extends java.lang.Object
  minor version: 0
  major version: 52
  flags: ACC_PUBLIC, ACC_SUPER
Constant pool:
   #1 = Methodref          #4.#17         // java/lang/Object."<init>":()V
   #2 = Methodref          #3.#18         // UnknownIncoming.identity:(Ljava/lang/Object;)Ljava/lang/Object;
   #3 = Class              #19            // UnknownIncoming
   #4 = Class              #20            // java/lang/Object
   #5 = Utf8               <init>
   #6 = Utf8               ()V
   #7 = Utf8               Code
   #8 = Utf8               identity
   #9 = Utf8               (Ljava/lang/Object;)Ljava/lang/Object;
  #10 = Utf8               Signature
  #11 = Utf8               (TT;)TT;
  #12 = Utf8               safe
  #13 = Utf8               untouched
  #14 = Utf8               unsafe
  #15 = Utf8               (Ljava/lang/Object;)TT;
  #16 = Utf8               <T:Ljava/lang/Object;>Ljava/lang/Object;
  #17 = NameAndType        #5:#6          // "<init>":()V
  #18 = NameAndType        #8:#9          // identity:(Ljava/lang/Object;)Ljava/lang/Object;
  #19 = Utf8               UnknownIncoming
  #20 = Utf8               java/lang/Object
{
  public UnknownIncoming();
    descriptor: ()V
    flags: ACC_PUBLIC
    Code:
      stack=1, locals=1, args_size=1
         0: aload_0
         1: invokespecial #1                  // Method java/lang/Object."<init>":()V
         4: return

  public T identity(T);
    descriptor: (Ljava/lang/Object;)Ljava/lang/Object;
    flags: ACC_PUBLIC
    Code:
      stack=1, locals=2, args_size=2
         0: aload_1
         1: areturn
    Signature: #11                          // (TT;)TT;

  public T safe(T);
    descriptor: (Ljava/lang/Object;)Ljava/lang/Object;
    flags: ACC_PUBLIC
    Code:
      stack=2, locals=2, args_size=2
         0: aload_0
         1: aload_1
         2: invokevirtual #2                  // Method identity:(Ljava/lang/Object;)Ljava/lang/Object;
         5: areturn
    Signature: #11                          // (TT;)TT;

  public T untouched(T);
    descriptor: (Ljava/lang/Object;)Ljava/lang/Object;
    flags: ACC_PUBLIC
    Code:
      stack=1, locals=2, args_size=2
         0: aload_1
         1: areturn
    Signature: #11                          // (TT;)TT;

  public T unsafe(java.lang.Object);
    descriptor: (Ljava/lang/Object;)Ljava/lang/Object;
    flags: ACC_PUBLIC
    Code:
      stack=2, locals=2, args_size=2
         0: aload_0
         1: aload_1
         2: invokevirtual #2                  // Method identity:(Ljava/lang/Object;)Ljava/lang/Object;
         5: areturn
    Signature: #15                          // (Ljava/lang/Object;)TT;
}
Signature: #16                          // <T:Ljava/lang/Object;>Ljava/lang/Object;
