Classfile jar:file:/Users/lordcasser/workspace/projects/jarde/openspec/evidence/same-class-generic-call-consumers-2026-10-09/frozen-inputs-v1/corretto8/nodebug/CallHold/CallHold.jar!/CallHold.class
  Last modified 2026-10-8; size 402 bytes
  MD5 checksum 350c05d8c11d2e7ab6e3f2c1cf314ddf
public class CallHold<T extends java.lang.Object> extends java.lang.Object
  minor version: 0
  major version: 52
  flags: ACC_PUBLIC, ACC_SUPER
Constant pool:
   #1 = Methodref          #5.#18         // java/lang/Object."<init>":()V
   #2 = Methodref          #4.#19         // CallHold.identity:(Ljava/lang/Object;)Ljava/lang/Object;
   #3 = Fieldref           #4.#20         // CallHold.v:Ljava/lang/Object;
   #4 = Class              #21            // CallHold
   #5 = Class              #22            // java/lang/Object
   #6 = Utf8               v
   #7 = Utf8               Ljava/lang/Object;
   #8 = Utf8               Signature
   #9 = Utf8               TT;
  #10 = Utf8               <init>
  #11 = Utf8               (Ljava/lang/Object;)V
  #12 = Utf8               Code
  #13 = Utf8               (TT;)V
  #14 = Utf8               identity
  #15 = Utf8               (Ljava/lang/Object;)Ljava/lang/Object;
  #16 = Utf8               (TT;)TT;
  #17 = Utf8               <T:Ljava/lang/Object;>Ljava/lang/Object;
  #18 = NameAndType        #10:#23        // "<init>":()V
  #19 = NameAndType        #14:#15        // identity:(Ljava/lang/Object;)Ljava/lang/Object;
  #20 = NameAndType        #6:#7          // v:Ljava/lang/Object;
  #21 = Utf8               CallHold
  #22 = Utf8               java/lang/Object
  #23 = Utf8               ()V
{
  public T v;
    descriptor: Ljava/lang/Object;
    flags: ACC_PUBLIC
    Signature: #9                           // TT;

  public CallHold(T);
    descriptor: (Ljava/lang/Object;)V
    flags: ACC_PUBLIC
    Code:
      stack=3, locals=2, args_size=2
         0: aload_0
         1: invokespecial #1                  // Method java/lang/Object."<init>":()V
         4: aload_0
         5: aload_0
         6: aload_1
         7: invokespecial #2                  // Method identity:(Ljava/lang/Object;)Ljava/lang/Object;
        10: putfield      #3                  // Field v:Ljava/lang/Object;
        13: return
    Signature: #13                          // (TT;)V

  private T identity(T);
    descriptor: (Ljava/lang/Object;)Ljava/lang/Object;
    flags: ACC_PRIVATE
    Code:
      stack=1, locals=2, args_size=2
         0: aload_1
         1: areturn
    Signature: #16                          // (TT;)TT;
}
Signature: #17                          // <T:Ljava/lang/Object;>Ljava/lang/Object;
