Classfile jar:file:///private/tmp/jarde-class-ctor-evidence/frozen/openjdk23/nodebug/WideStoredHold/WideStoredHold.jar!/WideStoredHold.class
  Last modified 2026年10月8日; size 374 bytes
  SHA-256 checksum 3c2568cea6fd0c79d137ca35ab5ce713a3a73c9fd24292058143d50658ac3980
public class WideStoredHold<T extends java.lang.Object> extends java.lang.Object
  minor version: 0
  major version: 52
  flags: (0x0021) ACC_PUBLIC, ACC_SUPER
  this_class: #8                          // WideStoredHold
  super_class: #2                         // java/lang/Object
  interfaces: 0, fields: 3, methods: 1, attributes: 1
Constant pool:
   #1 = Methodref          #2.#3          // java/lang/Object."<init>":()V
   #2 = Class              #4             // java/lang/Object
   #3 = NameAndType        #5:#6          // "<init>":()V
   #4 = Utf8               java/lang/Object
   #5 = Utf8               <init>
   #6 = Utf8               ()V
   #7 = Fieldref           #8.#9          // WideStoredHold.sequence:J
   #8 = Class              #10            // WideStoredHold
   #9 = NameAndType        #11:#12        // sequence:J
  #10 = Utf8               WideStoredHold
  #11 = Utf8               sequence
  #12 = Utf8               J
  #13 = Fieldref           #8.#14         // WideStoredHold.weight:D
  #14 = NameAndType        #15:#16        // weight:D
  #15 = Utf8               weight
  #16 = Utf8               D
  #17 = Fieldref           #8.#18         // WideStoredHold.v:Ljava/lang/Object;
  #18 = NameAndType        #19:#20        // v:Ljava/lang/Object;
  #19 = Utf8               v
  #20 = Utf8               Ljava/lang/Object;
  #21 = Utf8               Signature
  #22 = Utf8               TT;
  #23 = Utf8               (JDLjava/lang/Object;)V
  #24 = Utf8               Code
  #25 = Utf8               (JDTT;)V
  #26 = Utf8               <T:Ljava/lang/Object;>Ljava/lang/Object;
{
  public long sequence;
    descriptor: J
    flags: (0x0001) ACC_PUBLIC

  public double weight;
    descriptor: D
    flags: (0x0001) ACC_PUBLIC

  public T v;
    descriptor: Ljava/lang/Object;
    flags: (0x0001) ACC_PUBLIC
    Signature: #22                          // TT;

  public WideStoredHold(long, double, T);
    descriptor: (JDLjava/lang/Object;)V
    flags: (0x0001) ACC_PUBLIC
    Code:
      stack=3, locals=6, args_size=4
         0: aload_0
         1: invokespecial #1                  // Method java/lang/Object."<init>":()V
         4: aload_0
         5: lload_1
         6: putfield      #7                  // Field sequence:J
         9: aload_0
        10: dload_3
        11: putfield      #13                 // Field weight:D
        14: aload_0
        15: aload         5
        17: putfield      #17                 // Field v:Ljava/lang/Object;
        20: return
    Signature: #25                          // (JDTT;)V
}
Signature: #26                          // <T:Ljava/lang/Object;>Ljava/lang/Object;
