Classfile /Users/lordcasser/workspace/projects/jarde/openspec/changes/preserve-nonfinal-static-initializer-phase/results/unicode-ci-root-v2/cases/javac23-original/classes/UT.class
  Last modified 2026年10月10日; size 955 bytes
  SHA-256 checksum 740d710fa40d72c37989e3a31390ea69a381747eef9c24c13a96ed35214b739d
  Compiled from "UT.java"
public class UT
  minor version: 0
  major version: 52
  flags: (0x0021) ACC_PUBLIC, ACC_SUPER
  this_class: #20                         // UT
  super_class: #2                         // java/lang/Object
  interfaces: 0, fields: 2, methods: 4, attributes: 2
Constant pool:
   #1 = Methodref          #2.#3          // java/lang/Object."<init>":()V
   #2 = Class              #4             // java/lang/Object
   #3 = NameAndType        #5:#6          // "<init>":()V
   #4 = Utf8               java/lang/Object
   #5 = Utf8               <init>
   #6 = Utf8               ()V
   #7 = Class              #8             // UT$内部类
   #8 = Utf8               UT$内部类
   #9 = Methodref          #7.#3          // UT$内部类."<init>":()V
  #10 = Fieldref           #11.#12        // java/lang/System.out:Ljava/io/PrintStream;
  #11 = Class              #13            // java/lang/System
  #12 = NameAndType        #14:#15        // out:Ljava/io/PrintStream;
  #13 = Utf8               java/lang/System
  #14 = Utf8               out
  #15 = Utf8               Ljava/io/PrintStream;
  #16 = Class              #17            // java/lang/StringBuilder
  #17 = Utf8               java/lang/StringBuilder
  #18 = Methodref          #16.#3         // java/lang/StringBuilder."<init>":()V
  #19 = Fieldref           #20.#21        // UT.描述:Ljava/lang/String;
  #20 = Class              #22            // UT
  #21 = NameAndType        #23:#24        // 描述:Ljava/lang/String;
  #22 = Utf8               UT
  #23 = Utf8               描述
  #24 = Utf8               Ljava/lang/String;
  #25 = Methodref          #16.#26        // java/lang/StringBuilder.append:(Ljava/lang/String;)Ljava/lang/StringBuilder;
  #26 = NameAndType        #27:#28        // append:(Ljava/lang/String;)Ljava/lang/StringBuilder;
  #27 = Utf8               append
  #28 = Utf8               (Ljava/lang/String;)Ljava/lang/StringBuilder;
  #29 = String             #30            // /
  #30 = Utf8               /
  #31 = Methodref          #20.#32        // UT.方法:(I)I
  #32 = NameAndType        #33:#34        // 方法:(I)I
  #33 = Utf8               方法
  #34 = Utf8               (I)I
  #35 = Methodref          #16.#36        // java/lang/StringBuilder.append:(I)Ljava/lang/StringBuilder;
  #36 = NameAndType        #27:#37        // append:(I)Ljava/lang/StringBuilder;
  #37 = Utf8               (I)Ljava/lang/StringBuilder;
  #38 = Fieldref           #7.#39         // UT$内部类.名字:Ljava/lang/String;
  #39 = NameAndType        #40:#24        // 名字:Ljava/lang/String;
  #40 = Utf8               名字
  #41 = Methodref          #16.#42        // java/lang/StringBuilder.toString:()Ljava/lang/String;
  #42 = NameAndType        #43:#44        // toString:()Ljava/lang/String;
  #43 = Utf8               toString
  #44 = Utf8               ()Ljava/lang/String;
  #45 = Methodref          #46.#47        // java/io/PrintStream.println:(Ljava/lang/String;)V
  #46 = Class              #48            // java/io/PrintStream
  #47 = NameAndType        #49:#50        // println:(Ljava/lang/String;)V
  #48 = Utf8               java/io/PrintStream
  #49 = Utf8               println
  #50 = Utf8               (Ljava/lang/String;)V
  #51 = Fieldref           #20.#52        // UT.变量:I
  #52 = NameAndType        #53:#54        // 变量:I
  #53 = Utf8               变量
  #54 = Utf8               I
  #55 = String             #56            // 变量=
  #56 = Utf8               变量=
  #57 = Utf8               Code
  #58 = Utf8               LineNumberTable
  #59 = Utf8               main
  #60 = Utf8               ([Ljava/lang/String;)V
  #61 = Utf8               <clinit>
  #62 = Utf8               SourceFile
  #63 = Utf8               UT.java
  #64 = Utf8               InnerClasses
  #65 = Utf8               内部类
{
  static int 变量;
    descriptor: I
    flags: (0x0008) ACC_STATIC

  static java.lang.String 描述;
    descriptor: Ljava/lang/String;
    flags: (0x0008) ACC_STATIC

  public UT();
    descriptor: ()V
    flags: (0x0001) ACC_PUBLIC
    Code:
      stack=1, locals=1, args_size=1
         0: aload_0
         1: invokespecial #1                  // Method java/lang/Object."<init>":()V
         4: return
      LineNumberTable:
        line 1: 0

  static int 方法(int);
    descriptor: (I)I
    flags: (0x0008) ACC_STATIC
    Code:
      stack=2, locals=1, args_size=1
         0: iload_0
         1: iconst_2
         2: imul
         3: ireturn
      LineNumberTable:
        line 3: 0

  public static void main(java.lang.String[]);
    descriptor: ([Ljava/lang/String;)V
    flags: (0x0009) ACC_PUBLIC, ACC_STATIC
    Code:
      stack=3, locals=2, args_size=1
         0: new           #7                  // class UT$内部类
         3: dup
         4: invokespecial #9                  // Method UT$内部类."<init>":()V
         7: astore_1
         8: getstatic     #10                 // Field java/lang/System.out:Ljava/io/PrintStream;
        11: new           #16                 // class java/lang/StringBuilder
        14: dup
        15: invokespecial #18                 // Method java/lang/StringBuilder."<init>":()V
        18: getstatic     #19                 // Field 描述:Ljava/lang/String;
        21: invokevirtual #25                 // Method java/lang/StringBuilder.append:(Ljava/lang/String;)Ljava/lang/StringBuilder;
        24: ldc           #29                 // String /
        26: invokevirtual #25                 // Method java/lang/StringBuilder.append:(Ljava/lang/String;)Ljava/lang/StringBuilder;
        29: bipush        21
        31: invokestatic  #31                 // Method 方法:(I)I
        34: invokevirtual #35                 // Method java/lang/StringBuilder.append:(I)Ljava/lang/StringBuilder;
        37: ldc           #29                 // String /
        39: invokevirtual #25                 // Method java/lang/StringBuilder.append:(Ljava/lang/String;)Ljava/lang/StringBuilder;
        42: aload_1
        43: getfield      #38                 // Field UT$内部类.名字:Ljava/lang/String;
        46: invokevirtual #25                 // Method java/lang/StringBuilder.append:(Ljava/lang/String;)Ljava/lang/StringBuilder;
        49: invokevirtual #41                 // Method java/lang/StringBuilder.toString:()Ljava/lang/String;
        52: invokevirtual #45                 // Method java/io/PrintStream.println:(Ljava/lang/String;)V
        55: return
      LineNumberTable:
        line 6: 0

  static {};
    descriptor: ()V
    flags: (0x0008) ACC_STATIC
    Code:
      stack=2, locals=0, args_size=0
         0: iconst_1
         1: putstatic     #51                 // Field 变量:I
         4: new           #16                 // class java/lang/StringBuilder
         7: dup
         8: invokespecial #18                 // Method java/lang/StringBuilder."<init>":()V
        11: ldc           #55                 // String 变量=
        13: invokevirtual #25                 // Method java/lang/StringBuilder.append:(Ljava/lang/String;)Ljava/lang/StringBuilder;
        16: getstatic     #51                 // Field 变量:I
        19: invokevirtual #35                 // Method java/lang/StringBuilder.append:(I)Ljava/lang/StringBuilder;
        22: invokevirtual #41                 // Method java/lang/StringBuilder.toString:()Ljava/lang/String;
        25: putstatic     #19                 // Field 描述:Ljava/lang/String;
        28: return
      LineNumberTable:
        line 2: 0
        line 5: 4
}
SourceFile: "UT.java"
InnerClasses:
  static #65= #7 of #20;                  // 内部类=class UT$内部类 of class UT
