Classfile /Users/lordcasser/workspace/projects/jarde/openspec/changes/preserve-nonfinal-static-initializer-phase/results/unicode-ci-root-v2/cases/javac23-original/classes/UT$内部类.class
  Last modified 2026年10月10日; size 305 bytes
  SHA-256 checksum 9b050d71f9da38c803a15e4f2ac2694b3ccf2dc89ab5606678f96d8aae45b22a
  Compiled from "UT.java"
class UT$内部类
  minor version: 0
  major version: 52
  flags: (0x0020) ACC_SUPER
  this_class: #10                         // UT$内部类
  super_class: #2                         // java/lang/Object
  interfaces: 0, fields: 1, methods: 1, attributes: 2
Constant pool:
   #1 = Methodref          #2.#3          // java/lang/Object."<init>":()V
   #2 = Class              #4             // java/lang/Object
   #3 = NameAndType        #5:#6          // "<init>":()V
   #4 = Utf8               java/lang/Object
   #5 = Utf8               <init>
   #6 = Utf8               ()V
   #7 = String             #8             // 中文
   #8 = Utf8               中文
   #9 = Fieldref           #10.#11        // UT$内部类.名字:Ljava/lang/String;
  #10 = Class              #12            // UT$内部类
  #11 = NameAndType        #13:#14        // 名字:Ljava/lang/String;
  #12 = Utf8               UT$内部类
  #13 = Utf8               名字
  #14 = Utf8               Ljava/lang/String;
  #15 = Utf8               Code
  #16 = Utf8               LineNumberTable
  #17 = Utf8               SourceFile
  #18 = Utf8               UT.java
  #19 = Utf8               InnerClasses
  #20 = Class              #21            // UT
  #21 = Utf8               UT
  #22 = Utf8               内部类
{
  java.lang.String 名字;
    descriptor: Ljava/lang/String;
    flags: (0x0000)

  UT$内部类();
    descriptor: ()V
    flags: (0x0000)
    Code:
      stack=2, locals=1, args_size=1
         0: aload_0
         1: invokespecial #1                  // Method java/lang/Object."<init>":()V
         4: aload_0
         5: ldc           #7                  // String 中文
         7: putfield      #9                  // Field 名字:Ljava/lang/String;
        10: return
      LineNumberTable:
        line 4: 0
}
SourceFile: "UT.java"
InnerClasses:
  static #22= #10 of #20;                 // 内部类=class UT$内部类 of class UT
