Classfile /Users/lordcasser/workspace/projects/jarde/openspec/changes/preserve-nonfinal-static-initializer-phase/results/unicode-ci-root-v2/cases/javac8-original/classes/UT$内部类.class
  Last modified 2026-10-10; size 305 bytes
  MD5 checksum b6209e1002cbf1311b5fdf1244ad7509
  Compiled from "UT.java"
class UT$内部类
  minor version: 0
  major version: 52
  flags: ACC_SUPER
Constant pool:
   #1 = Methodref          #5.#14         // java/lang/Object."<init>":()V
   #2 = String             #15            // 中文
   #3 = Fieldref           #4.#16         // UT$内部类.名字:Ljava/lang/String;
   #4 = Class              #18            // UT$内部类
   #5 = Class              #21            // java/lang/Object
   #6 = Utf8               名字
   #7 = Utf8               Ljava/lang/String;
   #8 = Utf8               <init>
   #9 = Utf8               ()V
  #10 = Utf8               Code
  #11 = Utf8               LineNumberTable
  #12 = Utf8               SourceFile
  #13 = Utf8               UT.java
  #14 = NameAndType        #8:#9          // "<init>":()V
  #15 = Utf8               中文
  #16 = NameAndType        #6:#7          // 名字:Ljava/lang/String;
  #17 = Class              #22            // UT
  #18 = Utf8               UT$内部类
  #19 = Utf8               内部类
  #20 = Utf8               InnerClasses
  #21 = Utf8               java/lang/Object
  #22 = Utf8               UT
{
  java.lang.String 名字;
    descriptor: Ljava/lang/String;
    flags:

  UT$内部类();
    descriptor: ()V
    flags:
    Code:
      stack=2, locals=1, args_size=1
         0: aload_0
         1: invokespecial #1                  // Method java/lang/Object."<init>":()V
         4: aload_0
         5: ldc           #2                  // String 中文
         7: putfield      #3                  // Field 名字:Ljava/lang/String;
        10: return
      LineNumberTable:
        line 4: 0
}
SourceFile: "UT.java"
InnerClasses:
     static #19= #4 of #17; //内部类=class UT$内部类 of class UT
