Classfile jar:file:///Users/lordcasser/workspace/projects/jarde/openspec/evidence/same-class-generic-call-consumers-2026-10-09/frozen-inputs-v1/openjdk23/debug/UnknownIncoming/UnknownIncoming.jar!/UnknownIncoming.class
  Last modified 2026年10月9日; size 973 bytes
  SHA-256 checksum bf5f48316edefefc6b6848aea570f067de85417938f00f8e338f625c341fa75f
  Compiled from "UnknownIncoming.java"
public class UnknownIncoming<T extends java.lang.Object> extends java.lang.Object
  minor version: 0
  major version: 52
  flags: (0x0021) ACC_PUBLIC, ACC_SUPER
  this_class: #8                          // UnknownIncoming
  super_class: #2                         // java/lang/Object
  interfaces: 0, fields: 0, methods: 5, attributes: 2
Constant pool:
   #1 = Methodref          #2.#3          // java/lang/Object."<init>":()V
   #2 = Class              #4             // java/lang/Object
   #3 = NameAndType        #5:#6          // "<init>":()V
   #4 = Utf8               java/lang/Object
   #5 = Utf8               <init>
   #6 = Utf8               ()V
   #7 = Methodref          #8.#9          // UnknownIncoming.identity:(Ljava/lang/Object;)Ljava/lang/Object;
   #8 = Class              #10            // UnknownIncoming
   #9 = NameAndType        #11:#12        // identity:(Ljava/lang/Object;)Ljava/lang/Object;
  #10 = Utf8               UnknownIncoming
  #11 = Utf8               identity
  #12 = Utf8               (Ljava/lang/Object;)Ljava/lang/Object;
  #13 = Utf8               Code
  #14 = Utf8               LineNumberTable
  #15 = Utf8               LocalVariableTable
  #16 = Utf8               this
  #17 = Utf8               LUnknownIncoming;
  #18 = Utf8               LocalVariableTypeTable
  #19 = Utf8               LUnknownIncoming<TT;>;
  #20 = Utf8               x
  #21 = Utf8               Ljava/lang/Object;
  #22 = Utf8               TT;
  #23 = Utf8               Signature
  #24 = Utf8               (TT;)TT;
  #25 = Utf8               safe
  #26 = Utf8               untouched
  #27 = Utf8               unsafe
  #28 = Utf8               (Ljava/lang/Object;)TT;
  #29 = Utf8               <T:Ljava/lang/Object;>Ljava/lang/Object;
  #30 = Utf8               SourceFile
  #31 = Utf8               UnknownIncoming.java
{
  public UnknownIncoming();
    descriptor: ()V
    flags: (0x0001) ACC_PUBLIC
    Code:
      stack=1, locals=1, args_size=1
         0: aload_0
         1: invokespecial #1                  // Method java/lang/Object."<init>":()V
         4: return
      LineNumberTable:
        line 1: 0
      LocalVariableTable:
        Start  Length  Slot  Name   Signature
            0       5     0  this   LUnknownIncoming;
      LocalVariableTypeTable:
        Start  Length  Slot  Name   Signature
            0       5     0  this   LUnknownIncoming<TT;>;

  public T identity(T);
    descriptor: (Ljava/lang/Object;)Ljava/lang/Object;
    flags: (0x0001) ACC_PUBLIC
    Code:
      stack=1, locals=2, args_size=2
         0: aload_1
         1: areturn
      LineNumberTable:
        line 1: 0
      LocalVariableTable:
        Start  Length  Slot  Name   Signature
            0       2     0  this   LUnknownIncoming;
            0       2     1     x   Ljava/lang/Object;
      LocalVariableTypeTable:
        Start  Length  Slot  Name   Signature
            0       2     0  this   LUnknownIncoming<TT;>;
            0       2     1     x   TT;
    Signature: #24                          // (TT;)TT;

  public T safe(T);
    descriptor: (Ljava/lang/Object;)Ljava/lang/Object;
    flags: (0x0001) ACC_PUBLIC
    Code:
      stack=2, locals=2, args_size=2
         0: aload_0
         1: aload_1
         2: invokevirtual #7                  // Method identity:(Ljava/lang/Object;)Ljava/lang/Object;
         5: areturn
      LineNumberTable:
        line 1: 0
      LocalVariableTable:
        Start  Length  Slot  Name   Signature
            0       6     0  this   LUnknownIncoming;
            0       6     1     x   Ljava/lang/Object;
      LocalVariableTypeTable:
        Start  Length  Slot  Name   Signature
            0       6     0  this   LUnknownIncoming<TT;>;
            0       6     1     x   TT;
    Signature: #24                          // (TT;)TT;

  public T untouched(T);
    descriptor: (Ljava/lang/Object;)Ljava/lang/Object;
    flags: (0x0001) ACC_PUBLIC
    Code:
      stack=1, locals=2, args_size=2
         0: aload_1
         1: areturn
      LineNumberTable:
        line 1: 0
      LocalVariableTable:
        Start  Length  Slot  Name   Signature
            0       2     0  this   LUnknownIncoming;
            0       2     1     x   Ljava/lang/Object;
      LocalVariableTypeTable:
        Start  Length  Slot  Name   Signature
            0       2     0  this   LUnknownIncoming<TT;>;
            0       2     1     x   TT;
    Signature: #24                          // (TT;)TT;

  public T unsafe(java.lang.Object);
    descriptor: (Ljava/lang/Object;)Ljava/lang/Object;
    flags: (0x0001) ACC_PUBLIC
    Code:
      stack=2, locals=2, args_size=2
         0: aload_0
         1: aload_1
         2: invokevirtual #7                  // Method identity:(Ljava/lang/Object;)Ljava/lang/Object;
         5: areturn
      LineNumberTable:
        line 1: 0
      LocalVariableTable:
        Start  Length  Slot  Name   Signature
            0       6     0  this   LUnknownIncoming;
            0       6     1     x   Ljava/lang/Object;
      LocalVariableTypeTable:
        Start  Length  Slot  Name   Signature
            0       6     0  this   LUnknownIncoming<TT;>;
    Signature: #28                          // (Ljava/lang/Object;)TT;
}
Signature: #29                          // <T:Ljava/lang/Object;>Ljava/lang/Object;
SourceFile: "UnknownIncoming.java"
