Classfile /Users/lordcasser/workspace/projects/jarde/openspec/changes/recover-int-array-constant-names/results/candidate-full-class-root-v7/cases/controls-javac8-original/classes/UniqueIntArray.class
  Last modified 2026-10-10; size 384 bytes
  MD5 checksum 37a5b70061c2ec6a9895a192a13ff3de
  Compiled from "UniqueIntArray.java"
public class UniqueIntArray
  minor version: 0
  major version: 52
  flags: ACC_PUBLIC, ACC_SUPER
Constant pool:
   #1 = Methodref          #3.#19         // java/lang/Object."<init>":()V
   #2 = Class              #20            // UniqueIntArray
   #3 = Class              #21            // java/lang/Object
   #4 = Utf8               VALUE
   #5 = Utf8               I
   #6 = Utf8               ConstantValue
   #7 = Integer            7
   #8 = Utf8               <init>
   #9 = Utf8               ()V
  #10 = Utf8               Code
  #11 = Utf8               LineNumberTable
  #12 = Utf8               LocalVariableTable
  #13 = Utf8               this
  #14 = Utf8               LUniqueIntArray;
  #15 = Utf8               values
  #16 = Utf8               ()[I
  #17 = Utf8               SourceFile
  #18 = Utf8               UniqueIntArray.java
  #19 = NameAndType        #8:#9          // "<init>":()V
  #20 = Utf8               UniqueIntArray
  #21 = Utf8               java/lang/Object
{
  static final int VALUE;
    descriptor: I
    flags: ACC_STATIC, ACC_FINAL
    ConstantValue: int 7

  public UniqueIntArray();
    descriptor: ()V
    flags: ACC_PUBLIC
    Code:
      stack=1, locals=1, args_size=1
         0: aload_0
         1: invokespecial #1                  // Method java/lang/Object."<init>":()V
         4: return
      LineNumberTable:
        line 1: 0
      LocalVariableTable:
        Start  Length  Slot  Name   Signature
            0       5     0  this   LUniqueIntArray;

  static int[] values();
    descriptor: ()[I
    flags: ACC_STATIC
    Code:
      stack=4, locals=0, args_size=0
         0: iconst_2
         1: newarray       int
         3: dup
         4: iconst_0
         5: bipush        7
         7: iastore
         8: dup
         9: iconst_1
        10: bipush        7
        12: iastore
        13: areturn
      LineNumberTable:
        line 5: 0
}
SourceFile: "UniqueIntArray.java"
