Classfile /Users/lordcasser/workspace/projects/jarde/openspec/changes/recover-int-array-constant-names/results/candidate-full-class-root-v7/cases/controls-javac23-original/classes/IntArrayControlsRunner.class
  Last modified 2026年10月10日; size 1967 bytes
  SHA-256 checksum 1d4eadc31c79724e1906d4e55b739ab4342159a05fb7ee4547326b22d6671e47
  Compiled from "IntArrayControlsRunner.java"
public class IntArrayControlsRunner
  minor version: 0
  major version: 52
  flags: (0x0021) ACC_PUBLIC, ACC_SUPER
  this_class: #100                        // IntArrayControlsRunner
  super_class: #2                         // java/lang/Object
  interfaces: 0, fields: 0, methods: 2, attributes: 1
Constant pool:
    #1 = Methodref          #2.#3         // java/lang/Object."<init>":()V
    #2 = Class              #4            // java/lang/Object
    #3 = NameAndType        #5:#6         // "<init>":()V
    #4 = Utf8               java/lang/Object
    #5 = Utf8               <init>
    #6 = Utf8               ()V
    #7 = Methodref          #8.#9         // UniqueIntArray.values:()[I
    #8 = Class              #10           // UniqueIntArray
    #9 = NameAndType        #11:#12       // values:()[I
   #10 = Utf8               UniqueIntArray
   #11 = Utf8               values
   #12 = Utf8               ()[I
   #13 = Fieldref           #14.#15       // java/lang/System.out:Ljava/io/PrintStream;
   #14 = Class              #16           // java/lang/System
   #15 = NameAndType        #17:#18       // out:Ljava/io/PrintStream;
   #16 = Utf8               java/lang/System
   #17 = Utf8               out
   #18 = Utf8               Ljava/io/PrintStream;
   #19 = Class              #20           // java/lang/StringBuilder
   #20 = Utf8               java/lang/StringBuilder
   #21 = Methodref          #19.#3        // java/lang/StringBuilder."<init>":()V
   #22 = String             #23           // unique=
   #23 = Utf8               unique=
   #24 = Methodref          #19.#25       // java/lang/StringBuilder.append:(Ljava/lang/String;)Ljava/lang/StringBuilder;
   #25 = NameAndType        #26:#27       // append:(Ljava/lang/String;)Ljava/lang/StringBuilder;
   #26 = Utf8               append
   #27 = Utf8               (Ljava/lang/String;)Ljava/lang/StringBuilder;
   #28 = Methodref          #29.#30       // java/util/Arrays.toString:([I)Ljava/lang/String;
   #29 = Class              #31           // java/util/Arrays
   #30 = NameAndType        #32:#33       // toString:([I)Ljava/lang/String;
   #31 = Utf8               java/util/Arrays
   #32 = Utf8               toString
   #33 = Utf8               ([I)Ljava/lang/String;
   #34 = Methodref          #19.#35       // java/lang/StringBuilder.toString:()Ljava/lang/String;
   #35 = NameAndType        #32:#36       // toString:()Ljava/lang/String;
   #36 = Utf8               ()Ljava/lang/String;
   #37 = Methodref          #38.#39       // java/io/PrintStream.println:(Ljava/lang/String;)V
   #38 = Class              #40           // java/io/PrintStream
   #39 = NameAndType        #41:#42       // println:(Ljava/lang/String;)V
   #40 = Utf8               java/io/PrintStream
   #41 = Utf8               println
   #42 = Utf8               (Ljava/lang/String;)V
   #43 = String             #44           // unique-fresh=
   #44 = Utf8               unique-fresh=
   #45 = Methodref          #19.#46       // java/lang/StringBuilder.append:(Z)Ljava/lang/StringBuilder;
   #46 = NameAndType        #26:#47       // append:(Z)Ljava/lang/StringBuilder;
   #47 = Utf8               (Z)Ljava/lang/StringBuilder;
   #48 = String             #49           // duplicate=
   #49 = Utf8               duplicate=
   #50 = Methodref          #51.#9        // DuplicateIntArray.values:()[I
   #51 = Class              #52           // DuplicateIntArray
   #52 = Utf8               DuplicateIntArray
   #53 = String             #54           // shadow-parameter=
   #54 = Utf8               shadow-parameter=
   #55 = Methodref          #56.#57       // ShadowIntArray.parameter:(I)[I
   #56 = Class              #58           // ShadowIntArray
   #57 = NameAndType        #59:#60       // parameter:(I)[I
   #58 = Utf8               ShadowIntArray
   #59 = Utf8               parameter
   #60 = Utf8               (I)[I
   #61 = String             #62           // shadow-local=
   #62 = Utf8               shadow-local=
   #63 = Methodref          #56.#64       // ShadowIntArray.local:()[I
   #64 = NameAndType        #65:#12       // local:()[I
   #65 = Utf8               local
   #66 = String             #67           // unsupported-nested=
   #67 = Utf8               unsupported-nested=
   #68 = Methodref          #69.#70       // UnsupportedIntArray.nested:()[[I
   #69 = Class              #71           // UnsupportedIntArray
   #70 = NameAndType        #72:#73       // nested:()[[I
   #71 = Utf8               UnsupportedIntArray
   #72 = Utf8               nested
   #73 = Utf8               ()[[I
   #74 = Methodref          #29.#75       // java/util/Arrays.deepToString:([Ljava/lang/Object;)Ljava/lang/String;
   #75 = NameAndType        #76:#77       // deepToString:([Ljava/lang/Object;)Ljava/lang/String;
   #76 = Utf8               deepToString
   #77 = Utf8               ([Ljava/lang/Object;)Ljava/lang/String;
   #78 = String             #79           // unsupported-leaves=
   #79 = Utf8               unsupported-leaves=
   #80 = Long               5l
   #82 = Methodref          #69.#83       // UnsupportedIntArray.unsupportedLeaves:(JI)[I
   #83 = NameAndType        #84:#85       // unsupportedLeaves:(JI)[I
   #84 = Utf8               unsupportedLeaves
   #85 = Utf8               (JI)[I
   #86 = String             #87           // prior-assert-ok=
   #87 = Utf8               prior-assert-ok=
   #88 = Methodref          #89.#90       // PriorAssertIntArray.value:(Z)[I
   #89 = Class              #91           // PriorAssertIntArray
   #90 = NameAndType        #92:#93       // value:(Z)[I
   #91 = Utf8               PriorAssertIntArray
   #92 = Utf8               value
   #93 = Utf8               (Z)[I
   #94 = String             #95           // prior-assert-false=not-thrown
   #95 = Utf8               prior-assert-false=not-thrown
   #96 = Class              #97           // java/lang/AssertionError
   #97 = Utf8               java/lang/AssertionError
   #98 = String             #99           // prior-assert-false=caught
   #99 = Utf8               prior-assert-false=caught
  #100 = Class              #101          // IntArrayControlsRunner
  #101 = Utf8               IntArrayControlsRunner
  #102 = Utf8               Code
  #103 = Utf8               LineNumberTable
  #104 = Utf8               LocalVariableTable
  #105 = Utf8               this
  #106 = Utf8               LIntArrayControlsRunner;
  #107 = Utf8               main
  #108 = Utf8               ([Ljava/lang/String;)V
  #109 = Utf8               expected
  #110 = Utf8               Ljava/lang/AssertionError;
  #111 = Utf8               args
  #112 = Utf8               [Ljava/lang/String;
  #113 = Utf8               uniqueFirst
  #114 = Utf8               [I
  #115 = Utf8               uniqueSecond
  #116 = Utf8               StackMapTable
  #117 = Class              #112          // "[Ljava/lang/String;"
  #118 = Class              #114          // "[I"
  #119 = Utf8               MethodParameters
  #120 = Utf8               SourceFile
  #121 = Utf8               IntArrayControlsRunner.java
{
  public IntArrayControlsRunner();
    descriptor: ()V
    flags: (0x0001) ACC_PUBLIC
    Code:
      stack=1, locals=1, args_size=1
         0: aload_0
         1: invokespecial #1                  // Method java/lang/Object."<init>":()V
         4: return
      LineNumberTable:
        line 3: 0
      LocalVariableTable:
        Start  Length  Slot  Name   Signature
            0       5     0  this   LIntArrayControlsRunner;

  public static void main(java.lang.String[]);
    descriptor: ([Ljava/lang/String;)V
    flags: (0x0009) ACC_PUBLIC, ACC_STATIC
    Code:
      stack=5, locals=4, args_size=1
         0: invokestatic  #7                  // Method UniqueIntArray.values:()[I
         3: astore_1
         4: invokestatic  #7                  // Method UniqueIntArray.values:()[I
         7: astore_2
         8: getstatic     #13                 // Field java/lang/System.out:Ljava/io/PrintStream;
        11: new           #19                 // class java/lang/StringBuilder
        14: dup
        15: invokespecial #21                 // Method java/lang/StringBuilder."<init>":()V
        18: ldc           #22                 // String unique=
        20: invokevirtual #24                 // Method java/lang/StringBuilder.append:(Ljava/lang/String;)Ljava/lang/StringBuilder;
        23: aload_1
        24: invokestatic  #28                 // Method java/util/Arrays.toString:([I)Ljava/lang/String;
        27: invokevirtual #24                 // Method java/lang/StringBuilder.append:(Ljava/lang/String;)Ljava/lang/StringBuilder;
        30: invokevirtual #34                 // Method java/lang/StringBuilder.toString:()Ljava/lang/String;
        33: invokevirtual #37                 // Method java/io/PrintStream.println:(Ljava/lang/String;)V
        36: getstatic     #13                 // Field java/lang/System.out:Ljava/io/PrintStream;
        39: new           #19                 // class java/lang/StringBuilder
        42: dup
        43: invokespecial #21                 // Method java/lang/StringBuilder."<init>":()V
        46: ldc           #43                 // String unique-fresh=
        48: invokevirtual #24                 // Method java/lang/StringBuilder.append:(Ljava/lang/String;)Ljava/lang/StringBuilder;
        51: aload_1
        52: aload_2
        53: if_acmpeq     60
        56: iconst_1
        57: goto          61
        60: iconst_0
        61: invokevirtual #45                 // Method java/lang/StringBuilder.append:(Z)Ljava/lang/StringBuilder;
        64: invokevirtual #34                 // Method java/lang/StringBuilder.toString:()Ljava/lang/String;
        67: invokevirtual #37                 // Method java/io/PrintStream.println:(Ljava/lang/String;)V
        70: getstatic     #13                 // Field java/lang/System.out:Ljava/io/PrintStream;
        73: new           #19                 // class java/lang/StringBuilder
        76: dup
        77: invokespecial #21                 // Method java/lang/StringBuilder."<init>":()V
        80: ldc           #48                 // String duplicate=
        82: invokevirtual #24                 // Method java/lang/StringBuilder.append:(Ljava/lang/String;)Ljava/lang/StringBuilder;
        85: invokestatic  #50                 // Method DuplicateIntArray.values:()[I
        88: invokestatic  #28                 // Method java/util/Arrays.toString:([I)Ljava/lang/String;
        91: invokevirtual #24                 // Method java/lang/StringBuilder.append:(Ljava/lang/String;)Ljava/lang/StringBuilder;
        94: invokevirtual #34                 // Method java/lang/StringBuilder.toString:()Ljava/lang/String;
        97: invokevirtual #37                 // Method java/io/PrintStream.println:(Ljava/lang/String;)V
       100: getstatic     #13                 // Field java/lang/System.out:Ljava/io/PrintStream;
       103: new           #19                 // class java/lang/StringBuilder
       106: dup
       107: invokespecial #21                 // Method java/lang/StringBuilder."<init>":()V
       110: ldc           #53                 // String shadow-parameter=
       112: invokevirtual #24                 // Method java/lang/StringBuilder.append:(Ljava/lang/String;)Ljava/lang/StringBuilder;
       115: bipush        9
       117: invokestatic  #55                 // Method ShadowIntArray.parameter:(I)[I
       120: invokestatic  #28                 // Method java/util/Arrays.toString:([I)Ljava/lang/String;
       123: invokevirtual #24                 // Method java/lang/StringBuilder.append:(Ljava/lang/String;)Ljava/lang/StringBuilder;
       126: invokevirtual #34                 // Method java/lang/StringBuilder.toString:()Ljava/lang/String;
       129: invokevirtual #37                 // Method java/io/PrintStream.println:(Ljava/lang/String;)V
       132: getstatic     #13                 // Field java/lang/System.out:Ljava/io/PrintStream;
       135: new           #19                 // class java/lang/StringBuilder
       138: dup
       139: invokespecial #21                 // Method java/lang/StringBuilder."<init>":()V
       142: ldc           #61                 // String shadow-local=
       144: invokevirtual #24                 // Method java/lang/StringBuilder.append:(Ljava/lang/String;)Ljava/lang/StringBuilder;
       147: invokestatic  #63                 // Method ShadowIntArray.local:()[I
       150: invokestatic  #28                 // Method java/util/Arrays.toString:([I)Ljava/lang/String;
       153: invokevirtual #24                 // Method java/lang/StringBuilder.append:(Ljava/lang/String;)Ljava/lang/StringBuilder;
       156: invokevirtual #34                 // Method java/lang/StringBuilder.toString:()Ljava/lang/String;
       159: invokevirtual #37                 // Method java/io/PrintStream.println:(Ljava/lang/String;)V
       162: getstatic     #13                 // Field java/lang/System.out:Ljava/io/PrintStream;
       165: new           #19                 // class java/lang/StringBuilder
       168: dup
       169: invokespecial #21                 // Method java/lang/StringBuilder."<init>":()V
       172: ldc           #66                 // String unsupported-nested=
       174: invokevirtual #24                 // Method java/lang/StringBuilder.append:(Ljava/lang/String;)Ljava/lang/StringBuilder;
       177: invokestatic  #68                 // Method UnsupportedIntArray.nested:()[[I
       180: invokestatic  #74                 // Method java/util/Arrays.deepToString:([Ljava/lang/Object;)Ljava/lang/String;
       183: invokevirtual #24                 // Method java/lang/StringBuilder.append:(Ljava/lang/String;)Ljava/lang/StringBuilder;
       186: invokevirtual #34                 // Method java/lang/StringBuilder.toString:()Ljava/lang/String;
       189: invokevirtual #37                 // Method java/io/PrintStream.println:(Ljava/lang/String;)V
       192: getstatic     #13                 // Field java/lang/System.out:Ljava/io/PrintStream;
       195: new           #19                 // class java/lang/StringBuilder
       198: dup
       199: invokespecial #21                 // Method java/lang/StringBuilder."<init>":()V
       202: ldc           #78                 // String unsupported-leaves=
       204: invokevirtual #24                 // Method java/lang/StringBuilder.append:(Ljava/lang/String;)Ljava/lang/StringBuilder;
       207: ldc2_w        #80                 // long 5l
       210: iconst_2
       211: invokestatic  #82                 // Method UnsupportedIntArray.unsupportedLeaves:(JI)[I
       214: invokestatic  #28                 // Method java/util/Arrays.toString:([I)Ljava/lang/String;
       217: invokevirtual #24                 // Method java/lang/StringBuilder.append:(Ljava/lang/String;)Ljava/lang/StringBuilder;
       220: invokevirtual #34                 // Method java/lang/StringBuilder.toString:()Ljava/lang/String;
       223: invokevirtual #37                 // Method java/io/PrintStream.println:(Ljava/lang/String;)V
       226: getstatic     #13                 // Field java/lang/System.out:Ljava/io/PrintStream;
       229: new           #19                 // class java/lang/StringBuilder
       232: dup
       233: invokespecial #21                 // Method java/lang/StringBuilder."<init>":()V
       236: ldc           #86                 // String prior-assert-ok=
       238: invokevirtual #24                 // Method java/lang/StringBuilder.append:(Ljava/lang/String;)Ljava/lang/StringBuilder;
       241: iconst_1
       242: invokestatic  #88                 // Method PriorAssertIntArray.value:(Z)[I
       245: invokestatic  #28                 // Method java/util/Arrays.toString:([I)Ljava/lang/String;
       248: invokevirtual #24                 // Method java/lang/StringBuilder.append:(Ljava/lang/String;)Ljava/lang/StringBuilder;
       251: invokevirtual #34                 // Method java/lang/StringBuilder.toString:()Ljava/lang/String;
       254: invokevirtual #37                 // Method java/io/PrintStream.println:(Ljava/lang/String;)V
       257: iconst_0
       258: invokestatic  #88                 // Method PriorAssertIntArray.value:(Z)[I
       261: pop
       262: getstatic     #13                 // Field java/lang/System.out:Ljava/io/PrintStream;
       265: ldc           #94                 // String prior-assert-false=not-thrown
       267: invokevirtual #37                 // Method java/io/PrintStream.println:(Ljava/lang/String;)V
       270: goto          282
       273: astore_3
       274: getstatic     #13                 // Field java/lang/System.out:Ljava/io/PrintStream;
       277: ldc           #98                 // String prior-assert-false=caught
       279: invokevirtual #37                 // Method java/io/PrintStream.println:(Ljava/lang/String;)V
       282: return
      Exception table:
         from    to  target type
           257   270   273   Class java/lang/AssertionError
      LineNumberTable:
        line 5: 0
        line 6: 4
        line 7: 8
        line 8: 36
        line 10: 70
        line 11: 100
        line 12: 132
        line 13: 162
        line 14: 192
        line 15: 226
        line 18: 257
        line 19: 262
        line 22: 270
        line 20: 273
        line 21: 274
        line 23: 282
      LocalVariableTable:
        Start  Length  Slot  Name   Signature
          274       8     3 expected   Ljava/lang/AssertionError;
            0     283     0  args   [Ljava/lang/String;
            4     279     1 uniqueFirst   [I
            8     275     2 uniqueSecond   [I
      StackMapTable: number_of_entries = 4
        frame_type = 255 /* full_frame */
          offset_delta = 60
          locals = [ class "[Ljava/lang/String;", class "[I", class "[I" ]
          stack = [ class java/io/PrintStream, class java/lang/StringBuilder ]
        frame_type = 255 /* full_frame */
          offset_delta = 0
          locals = [ class "[Ljava/lang/String;", class "[I", class "[I" ]
          stack = [ class java/io/PrintStream, class java/lang/StringBuilder, int ]
        frame_type = 247 /* same_locals_1_stack_item_frame_extended */
          offset_delta = 211
          stack = [ class java/lang/AssertionError ]
        frame_type = 8 /* same */
    MethodParameters:
      Name                           Flags
      args
}
SourceFile: "IntArrayControlsRunner.java"
