Classfile jar:file:///Users/lordcasser/workspace/projects/jarde/openspec/evidence/same-class-generic-call-consumers-2026-10-09/frozen-inputs-v1/openjdk23/debug/InheritedUnknown/InheritedUnknown.jar!/InheritedUnknown.class
  Last modified 2026年10月9日; size 583 bytes
  SHA-256 checksum c13a25218a9b386dae9caff4eb2c2337ccbe52c33b9d4c4bad13f008f30e5594
  Compiled from "InheritedUnknown.java"
public class InheritedUnknown<T extends java.lang.Object> extends java.util.ArrayList<T>
  minor version: 0
  major version: 52
  flags: (0x0021) ACC_PUBLIC, ACC_SUPER
  this_class: #8                          // InheritedUnknown
  super_class: #2                         // java/util/ArrayList
  interfaces: 0, fields: 0, methods: 2, attributes: 2
Constant pool:
   #1 = Methodref          #2.#3          // java/util/ArrayList."<init>":()V
   #2 = Class              #4             // java/util/ArrayList
   #3 = NameAndType        #5:#6          // "<init>":()V
   #4 = Utf8               java/util/ArrayList
   #5 = Utf8               <init>
   #6 = Utf8               ()V
   #7 = Methodref          #8.#9          // InheritedUnknown.get:(I)Ljava/lang/Object;
   #8 = Class              #10            // InheritedUnknown
   #9 = NameAndType        #11:#12        // get:(I)Ljava/lang/Object;
  #10 = Utf8               InheritedUnknown
  #11 = Utf8               get
  #12 = Utf8               (I)Ljava/lang/Object;
  #13 = Utf8               Code
  #14 = Utf8               LineNumberTable
  #15 = Utf8               LocalVariableTable
  #16 = Utf8               this
  #17 = Utf8               LInheritedUnknown;
  #18 = Utf8               LocalVariableTypeTable
  #19 = Utf8               LInheritedUnknown<TT;>;
  #20 = Utf8               relay
  #21 = Utf8               index
  #22 = Utf8               I
  #23 = Utf8               Signature
  #24 = Utf8               (I)TT;
  #25 = Utf8               <T:Ljava/lang/Object;>Ljava/util/ArrayList<TT;>;
  #26 = Utf8               SourceFile
  #27 = Utf8               InheritedUnknown.java
{
  public InheritedUnknown();
    descriptor: ()V
    flags: (0x0001) ACC_PUBLIC
    Code:
      stack=1, locals=1, args_size=1
         0: aload_0
         1: invokespecial #1                  // Method java/util/ArrayList."<init>":()V
         4: return
      LineNumberTable:
        line 1: 0
      LocalVariableTable:
        Start  Length  Slot  Name   Signature
            0       5     0  this   LInheritedUnknown;
      LocalVariableTypeTable:
        Start  Length  Slot  Name   Signature
            0       5     0  this   LInheritedUnknown<TT;>;

  public T relay(int);
    descriptor: (I)Ljava/lang/Object;
    flags: (0x0001) ACC_PUBLIC
    Code:
      stack=2, locals=2, args_size=2
         0: aload_0
         1: iload_1
         2: invokevirtual #7                  // Method get:(I)Ljava/lang/Object;
         5: areturn
      LineNumberTable:
        line 1: 0
      LocalVariableTable:
        Start  Length  Slot  Name   Signature
            0       6     0  this   LInheritedUnknown;
            0       6     1 index   I
      LocalVariableTypeTable:
        Start  Length  Slot  Name   Signature
            0       6     0  this   LInheritedUnknown<TT;>;
    Signature: #24                          // (I)TT;
}
Signature: #25                          // <T:Ljava/lang/Object;>Ljava/util/ArrayList<TT;>;
SourceFile: "InheritedUnknown.java"
