Classfile jar:file:/Users/lordcasser/workspace/projects/jarde/openspec/evidence/same-class-generic-call-consumers-2026-10-09/frozen-inputs-v1/corretto8/nodebug/InheritedUnknown/InheritedUnknown.jar!/InheritedUnknown.class
  Last modified 2026-10-9; size 302 bytes
  MD5 checksum 3645dc60f790ef9239c649bf44f965e8
public class InheritedUnknown<T extends java.lang.Object> extends java.util.ArrayList<T>
  minor version: 0
  major version: 52
  flags: ACC_PUBLIC, ACC_SUPER
Constant pool:
   #1 = Methodref          #4.#13         // java/util/ArrayList."<init>":()V
   #2 = Methodref          #3.#14         // InheritedUnknown.get:(I)Ljava/lang/Object;
   #3 = Class              #15            // InheritedUnknown
   #4 = Class              #16            // java/util/ArrayList
   #5 = Utf8               <init>
   #6 = Utf8               ()V
   #7 = Utf8               Code
   #8 = Utf8               relay
   #9 = Utf8               (I)Ljava/lang/Object;
  #10 = Utf8               Signature
  #11 = Utf8               (I)TT;
  #12 = Utf8               <T:Ljava/lang/Object;>Ljava/util/ArrayList<TT;>;
  #13 = NameAndType        #5:#6          // "<init>":()V
  #14 = NameAndType        #17:#9         // get:(I)Ljava/lang/Object;
  #15 = Utf8               InheritedUnknown
  #16 = Utf8               java/util/ArrayList
  #17 = Utf8               get
{
  public InheritedUnknown();
    descriptor: ()V
    flags: ACC_PUBLIC
    Code:
      stack=1, locals=1, args_size=1
         0: aload_0
         1: invokespecial #1                  // Method java/util/ArrayList."<init>":()V
         4: return

  public T relay(int);
    descriptor: (I)Ljava/lang/Object;
    flags: ACC_PUBLIC
    Code:
      stack=2, locals=2, args_size=2
         0: aload_0
         1: iload_1
         2: invokevirtual #2                  // Method get:(I)Ljava/lang/Object;
         5: areturn
    Signature: #11                          // (I)TT;
}
Signature: #12                          // <T:Ljava/lang/Object;>Ljava/util/ArrayList<TT;>;
