Byte:value:-32769:stored:-1
Byte:value:-32768:stored:0
Byte:value:-257:stored:-1
Byte:value:-256:stored:0
Byte:value:-129:stored:127
Byte:value:-128:stored:-128
Byte:value:-2:stored:-2
Byte:value:-1:stored:-1
Byte:value:0:stored:0
Byte:value:1:stored:1
Byte:value:2:stored:2
Byte:value:127:stored:127
Byte:value:128:stored:-128
Byte:value:255:stored:-1
Byte:value:256:stored:0
Byte:value:32767:stored:-1
Byte:value:32768:stored:0
Byte:value:65535:stored:-1
Byte:value:65536:stored:0
Byte:value:-2147483648:stored:0
Byte:value:2147483647:stored:-1
Byte:null:error:java.lang.NullPointerException
Byte:oob:error:java.lang.ArrayIndexOutOfBoundsException
Char:value:-32769:stored:32767
Char:value:-32768:stored:32768
Char:value:-257:stored:65279
Char:value:-256:stored:65280
Char:value:-129:stored:65407
Char:value:-128:stored:65408
Char:value:-2:stored:65534
Char:value:-1:stored:65535
Char:value:0:stored:0
Char:value:1:stored:1
Char:value:2:stored:2
Char:value:127:stored:127
Char:value:128:stored:128
Char:value:255:stored:255
Char:value:256:stored:256
Char:value:32767:stored:32767
Char:value:32768:stored:32768
Char:value:65535:stored:65535
Char:value:65536:stored:0
Char:value:-2147483648:stored:0
Char:value:2147483647:stored:65535
Char:null:error:java.lang.NullPointerException
Char:oob:error:java.lang.ArrayIndexOutOfBoundsException
Short:value:-32769:stored:32767
Short:value:-32768:stored:-32768
Short:value:-257:stored:-257
Short:value:-256:stored:-256
Short:value:-129:stored:-129
Short:value:-128:stored:-128
Short:value:-2:stored:-2
Short:value:-1:stored:-1
Short:value:0:stored:0
Short:value:1:stored:1
Short:value:2:stored:2
Short:value:127:stored:127
Short:value:128:stored:128
Short:value:255:stored:255
Short:value:256:stored:256
Short:value:32767:stored:32767
Short:value:32768:stored:-32768
Short:value:65535:stored:-1
Short:value:65536:stored:0
Short:value:-2147483648:stored:0
Short:value:2147483647:stored:-1
Short:null:error:java.lang.NullPointerException
Short:oob:error:java.lang.ArrayIndexOutOfBoundsException
Boolean:value:-32769:stored:true
Boolean:value:-32768:stored:false
Boolean:value:-257:stored:true
Boolean:value:-256:stored:false
Boolean:value:-129:stored:true
Boolean:value:-128:stored:false
Boolean:value:-2:stored:false
Boolean:value:-1:stored:true
Boolean:value:0:stored:false
Boolean:value:1:stored:true
Boolean:value:2:stored:false
Boolean:value:127:stored:true
Boolean:value:128:stored:false
Boolean:value:255:stored:true
Boolean:value:256:stored:false
Boolean:value:32767:stored:true
Boolean:value:32768:stored:false
Boolean:value:65535:stored:true
Boolean:value:65536:stored:false
Boolean:value:-2147483648:stored:false
Boolean:value:2147483647:stored:true
Boolean:null:error:java.lang.NullPointerException
Boolean:oob:error:java.lang.ArrayIndexOutOfBoundsException
Byte:value:-32769:stored:-1:calls:1
Byte:value:-32768:stored:0:calls:1
Byte:value:-257:stored:-1:calls:1
Byte:value:-256:stored:0:calls:1
Byte:value:-129:stored:127:calls:1
Byte:value:-128:stored:-128:calls:1
Byte:value:-2:stored:-2:calls:1
Byte:value:-1:stored:-1:calls:1
Byte:value:0:stored:0:calls:1
Byte:value:1:stored:1:calls:1
Byte:value:2:stored:2:calls:1
Byte:value:127:stored:127:calls:1
Byte:value:128:stored:-128:calls:1
Byte:value:255:stored:-1:calls:1
Byte:value:256:stored:0:calls:1
Byte:value:32767:stored:-1:calls:1
Byte:value:32768:stored:0:calls:1
Byte:value:65535:stored:-1:calls:1
Byte:value:65536:stored:0:calls:1
Byte:value:-2147483648:stored:0:calls:1
Byte:value:2147483647:stored:-1:calls:1
Byte:producer-fail:error:java.lang.IllegalStateException:stored:-77:calls:1
Byte:null-producer-fail:error:java.lang.IllegalStateException:calls:1
Byte:oob-producer-fail:error:java.lang.IllegalStateException:calls:1
Byte:oob-producer-ok:error:java.lang.ArrayIndexOutOfBoundsException:calls:1
Char:value:-32769:stored:32767:calls:1
Char:value:-32768:stored:32768:calls:1
Char:value:-257:stored:65279:calls:1
Char:value:-256:stored:65280:calls:1
Char:value:-129:stored:65407:calls:1
Char:value:-128:stored:65408:calls:1
Char:value:-2:stored:65534:calls:1
Char:value:-1:stored:65535:calls:1
Char:value:0:stored:0:calls:1
Char:value:1:stored:1:calls:1
Char:value:2:stored:2:calls:1
Char:value:127:stored:127:calls:1
Char:value:128:stored:128:calls:1
Char:value:255:stored:255:calls:1
Char:value:256:stored:256:calls:1
Char:value:32767:stored:32767:calls:1
Char:value:32768:stored:32768:calls:1
Char:value:65535:stored:65535:calls:1
Char:value:65536:stored:0:calls:1
Char:value:-2147483648:stored:0:calls:1
Char:value:2147483647:stored:65535:calls:1
Char:producer-fail:error:java.lang.IllegalStateException:stored:77:calls:1
Char:null-producer-fail:error:java.lang.IllegalStateException:calls:1
Char:oob-producer-fail:error:java.lang.IllegalStateException:calls:1
Char:oob-producer-ok:error:java.lang.ArrayIndexOutOfBoundsException:calls:1
Short:value:-32769:stored:32767:calls:1
Short:value:-32768:stored:-32768:calls:1
Short:value:-257:stored:-257:calls:1
Short:value:-256:stored:-256:calls:1
Short:value:-129:stored:-129:calls:1
Short:value:-128:stored:-128:calls:1
Short:value:-2:stored:-2:calls:1
Short:value:-1:stored:-1:calls:1
Short:value:0:stored:0:calls:1
Short:value:1:stored:1:calls:1
Short:value:2:stored:2:calls:1
Short:value:127:stored:127:calls:1
Short:value:128:stored:128:calls:1
Short:value:255:stored:255:calls:1
Short:value:256:stored:256:calls:1
Short:value:32767:stored:32767:calls:1
Short:value:32768:stored:-32768:calls:1
Short:value:65535:stored:-1:calls:1
Short:value:65536:stored:0:calls:1
Short:value:-2147483648:stored:0:calls:1
Short:value:2147483647:stored:-1:calls:1
Short:producer-fail:error:java.lang.IllegalStateException:stored:-77:calls:1
Short:null-producer-fail:error:java.lang.IllegalStateException:calls:1
Short:oob-producer-fail:error:java.lang.IllegalStateException:calls:1
Short:oob-producer-ok:error:java.lang.ArrayIndexOutOfBoundsException:calls:1
Boolean:value:-32769:stored:true:calls:1
Boolean:value:-32768:stored:false:calls:1
Boolean:value:-257:stored:true:calls:1
Boolean:value:-256:stored:false:calls:1
Boolean:value:-129:stored:true:calls:1
Boolean:value:-128:stored:false:calls:1
Boolean:value:-2:stored:false:calls:1
Boolean:value:-1:stored:true:calls:1
Boolean:value:0:stored:false:calls:1
Boolean:value:1:stored:true:calls:1
Boolean:value:2:stored:false:calls:1
Boolean:value:127:stored:true:calls:1
Boolean:value:128:stored:false:calls:1
Boolean:value:255:stored:true:calls:1
Boolean:value:256:stored:false:calls:1
Boolean:value:32767:stored:true:calls:1
Boolean:value:32768:stored:false:calls:1
Boolean:value:65535:stored:true:calls:1
Boolean:value:65536:stored:false:calls:1
Boolean:value:-2147483648:stored:false:calls:1
Boolean:value:2147483647:stored:true:calls:1
Boolean:producer-fail:error:java.lang.IllegalStateException:stored:true:calls:1
Boolean:null-producer-fail:error:java.lang.IllegalStateException:calls:1
Boolean:oob-producer-fail:error:java.lang.IllegalStateException:calls:1
Boolean:oob-producer-ok:error:java.lang.ArrayIndexOutOfBoundsException:calls:1
ordinary:byte:1,0,1
ordinary:char:1,0,1
ordinary:short:1,0,1
ordinary:boolean:true,false,true
