Classfile jar:file:///Users/lordcasser/workspace/projects/jarde/openspec/changes/recover-same-class-generic-call-consumers/results/candidate/field18-msrv-final/complete-run/permanent-original-inputs/javac23/ParameterShift/ParameterShift.jar!/ParameterShift.class
  Last modified 2026年10月9日; size 333 bytes
  SHA-256 checksum 0fffd1dd0cec68b0cbf23d526c7c4ee0967c6c66215e30275773b44f07ab28af
public class ParameterShift<T extends java.lang.Object> extends java.lang.Object
  minor version: 0
  major version: 52
  flags: (0x0021) ACC_PUBLIC, ACC_SUPER
  this_class: #8                          // ParameterShift
  super_class: #2                         // java/lang/Object
  interfaces: 0, fields: 1, methods: 2, attributes: 1
Constant pool:
   #1 = Methodref          #2.#3          // java/lang/Object."<init>":()V
   #2 = Class              #4             // java/lang/Object
   #3 = NameAndType        #5:#6          // "<init>":()V
   #4 = Utf8               java/lang/Object
   #5 = Utf8               <init>
   #6 = Utf8               ()V
   #7 = Fieldref           #8.#9          // ParameterShift.v:Ljava/lang/Object;
   #8 = Class              #10            // ParameterShift
   #9 = NameAndType        #11:#12        // v:Ljava/lang/Object;
  #10 = Utf8               ParameterShift
  #11 = Utf8               v
  #12 = Utf8               Ljava/lang/Object;
  #13 = Utf8               Signature
  #14 = Utf8               TT;
  #15 = Utf8               Code
  #16 = Utf8               put
  #17 = Utf8               (JDLjava/lang/Object;)V
  #18 = Utf8               (JDTT;)V
  #19 = Utf8               <T:Ljava/lang/Object;>Ljava/lang/Object;
{
  public T v;
    descriptor: Ljava/lang/Object;
    flags: (0x0001) ACC_PUBLIC
    Signature: #14                          // TT;

  public ParameterShift();
    descriptor: ()V
    flags: (0x0001) ACC_PUBLIC
    Code:
      stack=1, locals=1, args_size=1
         0: aload_0
         1: invokespecial #1                  // Method java/lang/Object."<init>":()V
         4: return

  public void put(long, double, T);
    descriptor: (JDLjava/lang/Object;)V
    flags: (0x0001) ACC_PUBLIC
    Code:
      stack=2, locals=6, args_size=4
         0: aload_0
         1: aload         5
         3: putfield      #7                  // Field v:Ljava/lang/Object;
         6: return
    Signature: #18                          // (JDTT;)V
}
Signature: #19                          // <T:Ljava/lang/Object;>Ljava/lang/Object;
