Classfile jar:file:/Users/lordcasser/workspace/projects/jarde/openspec/changes/recover-same-class-generic-call-consumers/results/candidate/field18-msrv-final/complete-run/permanent-original-inputs/javac8/NullLocal/NullLocal.jar!/NullLocal.class
  Last modified 2026-10-9; size 308 bytes
  MD5 checksum a9cc6c0cd69d3b116d9cb0f911ce5ea5
public class NullLocal<T extends java.lang.Object> extends java.lang.Object
  minor version: 0
  major version: 52
  flags: ACC_PUBLIC, ACC_SUPER
Constant pool:
   #1 = Methodref          #4.#15         // java/lang/Object."<init>":()V
   #2 = Fieldref           #3.#16         // NullLocal.v:Ljava/lang/Object;
   #3 = Class              #17            // NullLocal
   #4 = Class              #18            // java/lang/Object
   #5 = Utf8               v
   #6 = Utf8               Ljava/lang/Object;
   #7 = Utf8               Signature
   #8 = Utf8               TT;
   #9 = Utf8               <init>
  #10 = Utf8               ()V
  #11 = Utf8               Code
  #12 = Utf8               put
  #13 = Utf8               (Ljava/lang/Object;)V
  #14 = Utf8               <T:Ljava/lang/Object;>Ljava/lang/Object;
  #15 = NameAndType        #9:#10         // "<init>":()V
  #16 = NameAndType        #5:#6          // v:Ljava/lang/Object;
  #17 = Utf8               NullLocal
  #18 = Utf8               java/lang/Object
{
  public T v;
    descriptor: Ljava/lang/Object;
    flags: ACC_PUBLIC
    Signature: #8                           // TT;

  public NullLocal();
    descriptor: ()V
    flags: ACC_PUBLIC
    Code:
      stack=1, locals=1, args_size=1
         0: aload_0
         1: invokespecial #1                  // Method java/lang/Object."<init>":()V
         4: return

  public void put(java.lang.Object);
    descriptor: (Ljava/lang/Object;)V
    flags: ACC_PUBLIC
    Code:
      stack=2, locals=3, args_size=2
         0: aconst_null
         1: astore_2
         2: aload_0
         3: aload_2
         4: putfield      #2                  // Field v:Ljava/lang/Object;
         7: return
}
Signature: #14                          // <T:Ljava/lang/Object;>Ljava/lang/Object;
