exit=0
stdout_sha256=655bef86ccc333257a21cb661e963fa3ff46c5624fbe7ce4ba1a5aa92ab1fcd1
stderr_sha256=65d2d07302d859fb25b2bfa969c8432e73c64c154fb27ee175f71b72057039a3
member_family.projection.derived.0.anchors.0.bci = 1
member_family.projection.derived.0.anchors.0.kind = "method_point"
member_family.projection.derived.0.anchors.0.method.descriptor = [40,76,79,117,116,101,114,82,101,99,101,105,118,101,114,67,97,115,101,115,59,41,73]
member_family.projection.derived.0.anchors.0.method.name = [97,99,99,101,115,115,36,49,48,49]
member_family.projection.derived.0.anchors.0.method.owner.class_bytes.digest = "16d9e14f7c1e1c4a2ab4a554d597c156b0f31a9c1210df90e2a92058f92c7f96"
member_family.projection.derived.0.anchors.0.method.owner.class_bytes.length = 1038
member_family.projection.derived.0.anchors.0.method.owner.location.entry.ordinal = 4
member_family.projection.derived.0.anchors.0.method.owner.location.entry.origin.root_container = "root"
member_family.projection.derived.0.anchors.0.method.owner.location.entry.origin.snapshot = "524280135d26a2a5b84e61f6024d42125501947eadca45b1f4ff2422f8768303"
member_family.projection.derived.0.anchors.0.method.owner.location.entry.origin.steps = []
member_family.projection.derived.0.anchors.0.method.owner.location.entry.raw_name = [79,117,116,101,114,82,101,99,101,105,118,101,114,67,97,115,101,115,46,99,108,97,115,115]
member_family.projection.derived.0.anchors.0.method.owner.location.kind = "archive_entry"
member_family.projection.derived.0.anchors.0.method.owner.variant.kind = "base"
member_family.projection.derived.0.anchors.1.descriptor = [40,41,73]
member_family.projection.derived.0.anchors.1.kind = "outer_super_target"
member_family.projection.derived.0.anchors.1.method.descriptor = [40,41,73]
member_family.projection.derived.0.anchors.1.method.name = [118,97,108,117,101]
member_family.projection.derived.0.anchors.1.method.owner.class_bytes.digest = "f9393cb76c82fdd0ad648924ba7f5662bccfe2cd119400bd4b6fc1d288fae3c4"
member_family.projection.derived.0.anchors.1.method.owner.class_bytes.length = 258
member_family.projection.derived.0.anchors.1.method.owner.location.entry.ordinal = 5
member_family.projection.derived.0.anchors.1.method.owner.location.entry.origin.root_container = "root"
member_family.projection.derived.0.anchors.1.method.owner.location.entry.origin.snapshot = "524280135d26a2a5b84e61f6024d42125501947eadca45b1f4ff2422f8768303"
member_family.projection.derived.0.anchors.1.method.owner.location.entry.origin.steps = []
member_family.projection.derived.0.anchors.1.method.owner.location.entry.raw_name = [82,101,99,101,105,118,101,114,66,97,115,101,46,99,108,97,115,115]
member_family.projection.derived.0.anchors.1.method.owner.location.kind = "archive_entry"
member_family.projection.derived.0.anchors.1.method.owner.variant.kind = "base"
member_family.projection.derived.0.anchors.1.name = [118,97,108,117,101]
member_family.projection.derived.0.anchors.1.owner = [82,101,99,101,105,118,101,114,66,97,115,101]
member_family.projection.derived.0.end = 408
member_family.projection.derived.0.kind = "hidden_outer_super_bridge"
member_family.projection.derived.0.start = 354
member_family.projection.derived.1.anchors.0.bci = 23
member_family.projection.derived.1.anchors.0.kind = "method_point"
member_family.projection.derived.1.anchors.0.method.descriptor = [40,91,76,106,97,118,97,47,108,97,110,103,47,83,116,114,105,110,103,59,41,86]
member_family.projection.derived.1.anchors.0.method.name = [109,97,105,110]
member_family.projection.derived.1.anchors.0.method.owner.class_bytes.digest = "16d9e14f7c1e1c4a2ab4a554d597c156b0f31a9c1210df90e2a92058f92c7f96"
member_family.projection.derived.1.anchors.0.method.owner.class_bytes.length = 1038
member_family.projection.derived.1.anchors.0.method.owner.location.entry.ordinal = 4
member_family.projection.derived.1.anchors.0.method.owner.location.entry.origin.root_container = "root"
member_family.projection.derived.1.anchors.0.method.owner.location.entry.origin.snapshot = "524280135d26a2a5b84e61f6024d42125501947eadca45b1f4ff2422f8768303"
member_family.projection.derived.1.anchors.0.method.owner.location.entry.origin.steps = []
member_family.projection.derived.1.anchors.0.method.owner.location.entry.raw_name = [79,117,116,101,114,82,101,99,101,105,118,101,114,67,97,115,101,115,46,99,108,97,115,115]
member_family.projection.derived.1.anchors.0.method.owner.location.kind = "archive_entry"
member_family.projection.derived.1.anchors.0.method.owner.variant.kind = "base"
member_family.projection.derived.1.anchors.1.bci = 33
member_family.projection.derived.1.anchors.1.kind = "method_point"
member_family.projection.derived.1.anchors.1.method.descriptor = [40,91,76,106,97,118,97,47,108,97,110,103,47,83,116,114,105,110,103,59,41,86]
member_family.projection.derived.1.anchors.1.method.name = [109,97,105,110]
member_family.projection.derived.1.anchors.1.method.owner.class_bytes.digest = "16d9e14f7c1e1c4a2ab4a554d597c156b0f31a9c1210df90e2a92058f92c7f96"
member_family.projection.derived.1.anchors.1.method.owner.class_bytes.length = 1038
member_family.projection.derived.1.anchors.1.method.owner.location.entry.ordinal = 4
member_family.projection.derived.1.anchors.1.method.owner.location.entry.origin.root_container = "root"
member_family.projection.derived.1.anchors.1.method.owner.location.entry.origin.snapshot = "524280135d26a2a5b84e61f6024d42125501947eadca45b1f4ff2422f8768303"
member_family.projection.derived.1.anchors.1.method.owner.location.entry.origin.steps = []
member_family.projection.derived.1.anchors.1.method.owner.location.entry.raw_name = [79,117,116,101,114,82,101,99,101,105,118,101,114,67,97,115,101,115,46,99,108,97,115,115]
member_family.projection.derived.1.anchors.1.method.owner.location.kind = "archive_entry"
member_family.projection.derived.1.anchors.1.method.owner.variant.kind = "base"
member_family.projection.derived.1.anchors.2.index = 0
member_family.projection.derived.1.anchors.2.kind = "constructor_parameter"
member_family.projection.derived.1.anchors.2.method.descriptor = [40,76,79,117,116,101,114,82,101,99,101,105,118,101,114,67,97,115,101,115,59,41,86]
member_family.projection.derived.1.anchors.2.method.name = [60,105,110,105,116,62]
member_family.projection.derived.1.anchors.2.method.owner.class_bytes.digest = "3452780802c4fa080598b2c4cb8611b4b0dd3cfc97b49365de5bce3b2acb5a9a"
member_family.projection.derived.1.anchors.2.method.owner.class_bytes.length = 842
member_family.projection.derived.1.anchors.2.method.owner.location.entry.ordinal = 2
member_family.projection.derived.1.anchors.2.method.owner.location.entry.origin.root_container = "root"
member_family.projection.derived.1.anchors.2.method.owner.location.entry.origin.snapshot = "524280135d26a2a5b84e61f6024d42125501947eadca45b1f4ff2422f8768303"
member_family.projection.derived.1.anchors.2.method.owner.location.entry.origin.steps = []
member_family.projection.derived.1.anchors.2.method.owner.location.entry.raw_name = [79,117,116,101,114,82,101,99,101,105,118,101,114,67,97,115,101,115,36,77,101,109,98,101,114,46,99,108,97,115,115]
member_family.projection.derived.1.anchors.2.method.owner.location.kind = "archive_entry"
member_family.projection.derived.1.anchors.2.method.owner.variant.kind = "base"
member_family.projection.derived.1.end = 1425
member_family.projection.derived.1.kind = "member_construction"
member_family.projection.derived.1.start = 1415
member_family.projection.derived.2.anchors.0.field.member.descriptor = [76,79,117,116,101,114,82,101,99,101,105,118,101,114,67,97,115,101,115,59]
member_family.projection.derived.2.anchors.0.field.member.kind = "field"
member_family.projection.derived.2.anchors.0.field.member.name = [116,104,105,115,36,48]
member_family.projection.derived.2.anchors.0.field.owner.class_bytes.digest = "3452780802c4fa080598b2c4cb8611b4b0dd3cfc97b49365de5bce3b2acb5a9a"
member_family.projection.derived.2.anchors.0.field.owner.class_bytes.length = 842
member_family.projection.derived.2.anchors.0.field.owner.location.entry.ordinal = 2
member_family.projection.derived.2.anchors.0.field.owner.location.entry.origin.root_container = "root"
member_family.projection.derived.2.anchors.0.field.owner.location.entry.origin.snapshot = "524280135d26a2a5b84e61f6024d42125501947eadca45b1f4ff2422f8768303"
member_family.projection.derived.2.anchors.0.field.owner.location.entry.origin.steps = []
member_family.projection.derived.2.anchors.0.field.owner.location.entry.raw_name = [79,117,116,101,114,82,101,99,101,105,118,101,114,67,97,115,101,115,36,77,101,109,98,101,114,46,99,108,97,115,115]
member_family.projection.derived.2.anchors.0.field.owner.location.kind = "archive_entry"
member_family.projection.derived.2.anchors.0.field.owner.variant.kind = "base"
member_family.projection.derived.2.anchors.0.index = 0
member_family.projection.derived.2.anchors.0.kind = "field"
member_family.projection.derived.2.end = 1814
member_family.projection.derived.2.kind = "hidden_capture_field"
member_family.projection.derived.2.start = 1769
member_family.projection.derived.3.anchors.0.index = 0
member_family.projection.derived.3.anchors.0.kind = "constructor_parameter"
member_family.projection.derived.3.anchors.0.method.descriptor = [40,76,79,117,116,101,114,82,101,99,101,105,118,101,114,67,97,115,101,115,59,41,86]
member_family.projection.derived.3.anchors.0.method.name = [60,105,110,105,116,62]
member_family.projection.derived.3.anchors.0.method.owner.class_bytes.digest = "3452780802c4fa080598b2c4cb8611b4b0dd3cfc97b49365de5bce3b2acb5a9a"
member_family.projection.derived.3.anchors.0.method.owner.class_bytes.length = 842
member_family.projection.derived.3.anchors.0.method.owner.location.entry.ordinal = 2
member_family.projection.derived.3.anchors.0.method.owner.location.entry.origin.root_container = "root"
member_family.projection.derived.3.anchors.0.method.owner.location.entry.origin.snapshot = "524280135d26a2a5b84e61f6024d42125501947eadca45b1f4ff2422f8768303"
member_family.projection.derived.3.anchors.0.method.owner.location.entry.origin.steps = []
member_family.projection.derived.3.anchors.0.method.owner.location.entry.raw_name = [79,117,116,101,114,82,101,99,101,105,118,101,114,67,97,115,101,115,36,77,101,109,98,101,114,46,99,108,97,115,115]
member_family.projection.derived.3.anchors.0.method.owner.location.kind = "archive_entry"
member_family.projection.derived.3.anchors.0.method.owner.variant.kind = "base"
member_family.projection.derived.3.end = 1833
member_family.projection.derived.3.kind = "hidden_constructor_parameter"
member_family.projection.derived.3.start = 1819
member_family.projection.derived.4.anchors.0.bci = 2
member_family.projection.derived.4.anchors.0.kind = "method_point"
member_family.projection.derived.4.anchors.0.method.descriptor = [40,76,79,117,116,101,114,82,101,99,101,105,118,101,114,67,97,115,101,115,59,41,86]
member_family.projection.derived.4.anchors.0.method.name = [60,105,110,105,116,62]
member_family.projection.derived.4.anchors.0.method.owner.class_bytes.digest = "3452780802c4fa080598b2c4cb8611b4b0dd3cfc97b49365de5bce3b2acb5a9a"
member_family.projection.derived.4.anchors.0.method.owner.class_bytes.length = 842
member_family.projection.derived.4.anchors.0.method.owner.location.entry.ordinal = 2
member_family.projection.derived.4.anchors.0.method.owner.location.entry.origin.root_container = "root"
member_family.projection.derived.4.anchors.0.method.owner.location.entry.origin.snapshot = "524280135d26a2a5b84e61f6024d42125501947eadca45b1f4ff2422f8768303"
member_family.projection.derived.4.anchors.0.method.owner.location.entry.origin.steps = []
member_family.projection.derived.4.anchors.0.method.owner.location.entry.raw_name = [79,117,116,101,114,82,101,99,101,105,118,101,114,67,97,115,101,115,36,77,101,109,98,101,114,46,99,108,97,115,115]
member_family.projection.derived.4.anchors.0.method.owner.location.kind = "archive_entry"
member_family.projection.derived.4.anchors.0.method.owner.variant.kind = "base"
member_family.projection.derived.4.end = 1833
member_family.projection.derived.4.kind = "hidden_capture_write"
member_family.projection.derived.4.start = 1819
member_family.projection.derived.5.anchors.0.bci = 38
member_family.projection.derived.5.anchors.0.kind = "method_point"
member_family.projection.derived.5.anchors.0.method.descriptor = [40,76,79,117,116,101,114,82,101,99,101,105,118,101,114,67,97,115,101,115,59,41,76,106,97,118,97,47,108,97,110,103,47,83,116,114,105,110,103,59]
member_family.projection.derived.5.anchors.0.method.name = [99,111,109,112,97,114,101]
member_family.projection.derived.5.anchors.0.method.owner.class_bytes.digest = "3452780802c4fa080598b2c4cb8611b4b0dd3cfc97b49365de5bce3b2acb5a9a"
member_family.projection.derived.5.anchors.0.method.owner.class_bytes.length = 842
member_family.projection.derived.5.anchors.0.method.owner.location.entry.ordinal = 2
member_family.projection.derived.5.anchors.0.method.owner.location.entry.origin.root_container = "root"
member_family.projection.derived.5.anchors.0.method.owner.location.entry.origin.snapshot = "524280135d26a2a5b84e61f6024d42125501947eadca45b1f4ff2422f8768303"
member_family.projection.derived.5.anchors.0.method.owner.location.entry.origin.steps = []
member_family.projection.derived.5.anchors.0.method.owner.location.entry.raw_name = [79,117,116,101,114,82,101,99,101,105,118,101,114,67,97,115,101,115,36,77,101,109,98,101,114,46,99,108,97,115,115]
member_family.projection.derived.5.anchors.0.method.owner.location.kind = "archive_entry"
member_family.projection.derived.5.anchors.0.method.owner.variant.kind = "base"
member_family.projection.derived.5.anchors.1.bci = 35
member_family.projection.derived.5.anchors.1.kind = "method_point"
member_family.projection.derived.5.anchors.1.method.descriptor = [40,76,79,117,116,101,114,82,101,99,101,105,118,101,114,67,97,115,101,115,59,41,76,106,97,118,97,47,108,97,110,103,47,83,116,114,105,110,103,59]
member_family.projection.derived.5.anchors.1.method.name = [99,111,109,112,97,114,101]
member_family.projection.derived.5.anchors.1.method.owner.class_bytes.digest = "3452780802c4fa080598b2c4cb8611b4b0dd3cfc97b49365de5bce3b2acb5a9a"
member_family.projection.derived.5.anchors.1.method.owner.class_bytes.length = 842
member_family.projection.derived.5.anchors.1.method.owner.location.entry.ordinal = 2
member_family.projection.derived.5.anchors.1.method.owner.location.entry.origin.root_container = "root"
member_family.projection.derived.5.anchors.1.method.owner.location.entry.origin.snapshot = "524280135d26a2a5b84e61f6024d42125501947eadca45b1f4ff2422f8768303"
member_family.projection.derived.5.anchors.1.method.owner.location.entry.origin.steps = []
member_family.projection.derived.5.anchors.1.method.owner.location.entry.raw_name = [79,117,116,101,114,82,101,99,101,105,118,101,114,67,97,115,101,115,36,77,101,109,98,101,114,46,99,108,97,115,115]
member_family.projection.derived.5.anchors.1.method.owner.location.kind = "archive_entry"
member_family.projection.derived.5.anchors.1.method.owner.variant.kind = "base"
member_family.projection.derived.5.anchors.2.field.member.descriptor = [76,79,117,116,101,114,82,101,99,101,105,118,101,114,67,97,115,101,115,59]
member_family.projection.derived.5.anchors.2.field.member.kind = "field"
member_family.projection.derived.5.anchors.2.field.member.name = [116,104,105,115,36,48]
member_family.projection.derived.5.anchors.2.field.owner.class_bytes.digest = "3452780802c4fa080598b2c4cb8611b4b0dd3cfc97b49365de5bce3b2acb5a9a"
member_family.projection.derived.5.anchors.2.field.owner.class_bytes.length = 842
member_family.projection.derived.5.anchors.2.field.owner.location.entry.ordinal = 2
member_family.projection.derived.5.anchors.2.field.owner.location.entry.origin.root_container = "root"
member_family.projection.derived.5.anchors.2.field.owner.location.entry.origin.snapshot = "524280135d26a2a5b84e61f6024d42125501947eadca45b1f4ff2422f8768303"
member_family.projection.derived.5.anchors.2.field.owner.location.entry.origin.steps = []
member_family.projection.derived.5.anchors.2.field.owner.location.entry.raw_name = [79,117,116,101,114,82,101,99,101,105,118,101,114,67,97,115,101,115,36,77,101,109,98,101,114,46,99,108,97,115,115]
member_family.projection.derived.5.anchors.2.field.owner.location.kind = "archive_entry"
member_family.projection.derived.5.anchors.2.field.owner.variant.kind = "base"
member_family.projection.derived.5.anchors.2.index = 0
member_family.projection.derived.5.anchors.2.kind = "field"
member_family.projection.derived.5.anchors.3.bci = 2
member_family.projection.derived.5.anchors.3.kind = "method_point"
member_family.projection.derived.5.anchors.3.method.descriptor = [40,76,79,117,116,101,114,82,101,99,101,105,118,101,114,67,97,115,101,115,59,41,86]
member_family.projection.derived.5.anchors.3.method.name = [60,105,110,105,116,62]
member_family.projection.derived.5.anchors.3.method.owner.class_bytes.digest = "3452780802c4fa080598b2c4cb8611b4b0dd3cfc97b49365de5bce3b2acb5a9a"
member_family.projection.derived.5.anchors.3.method.owner.class_bytes.length = 842
member_family.projection.derived.5.anchors.3.method.owner.location.entry.ordinal = 2
member_family.projection.derived.5.anchors.3.method.owner.location.entry.origin.root_container = "root"
member_family.projection.derived.5.anchors.3.method.owner.location.entry.origin.snapshot = "524280135d26a2a5b84e61f6024d42125501947eadca45b1f4ff2422f8768303"
member_family.projection.derived.5.anchors.3.method.owner.location.entry.origin.steps = []
member_family.projection.derived.5.anchors.3.method.owner.location.entry.raw_name = [79,117,116,101,114,82,101,99,101,105,118,101,114,67,97,115,101,115,36,77,101,109,98,101,114,46,99,108,97,115,115]
member_family.projection.derived.5.anchors.3.method.owner.location.kind = "archive_entry"
member_family.projection.derived.5.anchors.3.method.owner.variant.kind = "base"
member_family.projection.derived.5.anchors.4.bci = 1
member_family.projection.derived.5.anchors.4.kind = "method_point"
member_family.projection.derived.5.anchors.4.method.descriptor = [40,76,79,117,116,101,114,82,101,99,101,105,118,101,114,67,97,115,101,115,59,41,73]
member_family.projection.derived.5.anchors.4.method.name = [97,99,99,101,115,115,36,49,48,49]
member_family.projection.derived.5.anchors.4.method.owner.class_bytes.digest = "16d9e14f7c1e1c4a2ab4a554d597c156b0f31a9c1210df90e2a92058f92c7f96"
member_family.projection.derived.5.anchors.4.method.owner.class_bytes.length = 1038
member_family.projection.derived.5.anchors.4.method.owner.location.entry.ordinal = 4
member_family.projection.derived.5.anchors.4.method.owner.location.entry.origin.root_container = "root"
member_family.projection.derived.5.anchors.4.method.owner.location.entry.origin.snapshot = "524280135d26a2a5b84e61f6024d42125501947eadca45b1f4ff2422f8768303"
member_family.projection.derived.5.anchors.4.method.owner.location.entry.origin.steps = []
member_family.projection.derived.5.anchors.4.method.owner.location.entry.raw_name = [79,117,116,101,114,82,101,99,101,105,118,101,114,67,97,115,101,115,46,99,108,97,115,115]
member_family.projection.derived.5.anchors.4.method.owner.location.kind = "archive_entry"
member_family.projection.derived.5.anchors.4.method.owner.variant.kind = "base"
member_family.projection.derived.5.anchors.5.descriptor = [40,41,73]
member_family.projection.derived.5.anchors.5.kind = "outer_super_target"
member_family.projection.derived.5.anchors.5.method.descriptor = [40,41,73]
member_family.projection.derived.5.anchors.5.method.name = [118,97,108,117,101]
member_family.projection.derived.5.anchors.5.method.owner.class_bytes.digest = "f9393cb76c82fdd0ad648924ba7f5662bccfe2cd119400bd4b6fc1d288fae3c4"
member_family.projection.derived.5.anchors.5.method.owner.class_bytes.length = 258
member_family.projection.derived.5.anchors.5.method.owner.location.entry.ordinal = 5
member_family.projection.derived.5.anchors.5.method.owner.location.entry.origin.root_container = "root"
member_family.projection.derived.5.anchors.5.method.owner.location.entry.origin.snapshot = "524280135d26a2a5b84e61f6024d42125501947eadca45b1f4ff2422f8768303"
member_family.projection.derived.5.anchors.5.method.owner.location.entry.origin.steps = []
member_family.projection.derived.5.anchors.5.method.owner.location.entry.raw_name = [82,101,99,101,105,118,101,114,66,97,115,101,46,99,108,97,115,115]
member_family.projection.derived.5.anchors.5.method.owner.location.kind = "archive_entry"
member_family.projection.derived.5.anchors.5.method.owner.variant.kind = "base"
member_family.projection.derived.5.anchors.5.name = [118,97,108,117,101]
member_family.projection.derived.5.anchors.5.owner = [82,101,99,101,105,118,101,114,66,97,115,101]
member_family.projection.derived.5.end = 2412
member_family.projection.derived.5.kind = "outer_super_call"
member_family.projection.derived.5.start = 2382
member_family.projection.derived.6.anchors.0.bci = 20
member_family.projection.derived.6.anchors.0.kind = "method_point"
member_family.projection.derived.6.anchors.0.method.descriptor = [40,76,79,117,116,101,114,82,101,99,101,105,118,101,114,67,97,115,101,115,59,41,76,106,97,118,97,47,108,97,110,103,47,83,116,114,105,110,103,59]
member_family.projection.derived.6.anchors.0.method.name = [99,111,109,112,97,114,101]
member_family.projection.derived.6.anchors.0.method.owner.class_bytes.digest = "3452780802c4fa080598b2c4cb8611b4b0dd3cfc97b49365de5bce3b2acb5a9a"
member_family.projection.derived.6.anchors.0.method.owner.class_bytes.length = 842
member_family.projection.derived.6.anchors.0.method.owner.location.entry.ordinal = 2
member_family.projection.derived.6.anchors.0.method.owner.location.entry.origin.root_container = "root"
member_family.projection.derived.6.anchors.0.method.owner.location.entry.origin.snapshot = "524280135d26a2a5b84e61f6024d42125501947eadca45b1f4ff2422f8768303"
member_family.projection.derived.6.anchors.0.method.owner.location.entry.origin.steps = []
member_family.projection.derived.6.anchors.0.method.owner.location.entry.raw_name = [79,117,116,101,114,82,101,99,101,105,118,101,114,67,97,115,101,115,36,77,101,109,98,101,114,46,99,108,97,115,115]
member_family.projection.derived.6.anchors.0.method.owner.location.kind = "archive_entry"
member_family.projection.derived.6.anchors.0.method.owner.variant.kind = "base"
member_family.projection.derived.6.anchors.1.field.member.descriptor = [76,79,117,116,101,114,82,101,99,101,105,118,101,114,67,97,115,101,115,59]
member_family.projection.derived.6.anchors.1.field.member.kind = "field"
member_family.projection.derived.6.anchors.1.field.member.name = [116,104,105,115,36,48]
member_family.projection.derived.6.anchors.1.field.owner.class_bytes.digest = "3452780802c4fa080598b2c4cb8611b4b0dd3cfc97b49365de5bce3b2acb5a9a"
member_family.projection.derived.6.anchors.1.field.owner.class_bytes.length = 842
member_family.projection.derived.6.anchors.1.field.owner.location.entry.ordinal = 2
member_family.projection.derived.6.anchors.1.field.owner.location.entry.origin.root_container = "root"
member_family.projection.derived.6.anchors.1.field.owner.location.entry.origin.snapshot = "524280135d26a2a5b84e61f6024d42125501947eadca45b1f4ff2422f8768303"
member_family.projection.derived.6.anchors.1.field.owner.location.entry.origin.steps = []
member_family.projection.derived.6.anchors.1.field.owner.location.entry.raw_name = [79,117,116,101,114,82,101,99,101,105,118,101,114,67,97,115,101,115,36,77,101,109,98,101,114,46,99,108,97,115,115]
member_family.projection.derived.6.anchors.1.field.owner.location.kind = "archive_entry"
member_family.projection.derived.6.anchors.1.field.owner.variant.kind = "base"
member_family.projection.derived.6.anchors.1.index = 0
member_family.projection.derived.6.anchors.1.kind = "field"
member_family.projection.derived.6.anchors.2.bci = 2
member_family.projection.derived.6.anchors.2.kind = "method_point"
member_family.projection.derived.6.anchors.2.method.descriptor = [40,76,79,117,116,101,114,82,101,99,101,105,118,101,114,67,97,115,101,115,59,41,86]
member_family.projection.derived.6.anchors.2.method.name = [60,105,110,105,116,62]
member_family.projection.derived.6.anchors.2.method.owner.class_bytes.digest = "3452780802c4fa080598b2c4cb8611b4b0dd3cfc97b49365de5bce3b2acb5a9a"
member_family.projection.derived.6.anchors.2.method.owner.class_bytes.length = 842
member_family.projection.derived.6.anchors.2.method.owner.location.entry.ordinal = 2
member_family.projection.derived.6.anchors.2.method.owner.location.entry.origin.root_container = "root"
member_family.projection.derived.6.anchors.2.method.owner.location.entry.origin.snapshot = "524280135d26a2a5b84e61f6024d42125501947eadca45b1f4ff2422f8768303"
member_family.projection.derived.6.anchors.2.method.owner.location.entry.origin.steps = []
member_family.projection.derived.6.anchors.2.method.owner.location.entry.raw_name = [79,117,116,101,114,82,101,99,101,105,118,101,114,67,97,115,101,115,36,77,101,109,98,101,114,46,99,108,97,115,115]
member_family.projection.derived.6.anchors.2.method.owner.location.kind = "archive_entry"
member_family.projection.derived.6.anchors.2.method.owner.variant.kind = "base"
member_family.projection.derived.6.end = 2360
member_family.projection.derived.6.kind = "captured_outer_read"
member_family.projection.derived.6.start = 2337
member_family.projection.state = "projected"
