警告: [options] 源值 8 已过时，将在未来发行版中删除
警告: [options] 目标值 8 已过时，将在未来发行版中删除
警告: [options] 要隐藏有关已过时选项的警告, 请使用 -Xlint:-options。
/tmp/jarde-comparison-audit/jarde-recompiled/CompareProbe.java:21: 错误: 缺少返回语句
    }
    ^
/tmp/jarde-comparison-audit/jarde-recompiled/CompareProbe.java:32: 错误: 缺少返回语句
    }
    ^
/tmp/jarde-comparison-audit/jarde-recompiled/CompareProbe.java:43: 错误: 缺少返回语句
    }
    ^
/tmp/jarde-comparison-audit/jarde-recompiled/CompareProbe.java:54: 错误: 缺少返回语句
    }
    ^
/tmp/jarde-comparison-audit/jarde-recompiled/CompareProbe.java:65: 错误: 缺少返回语句
    }
    ^
/tmp/jarde-comparison-audit/jarde-recompiled/CompareProbe.java:76: 错误: 缺少返回语句
    }
    ^
/tmp/jarde-comparison-audit/jarde-recompiled/CompareProbe.java:87: 错误: 缺少返回语句
    }
    ^
/tmp/jarde-comparison-audit/jarde-recompiled/CompareProbe.java:98: 错误: 缺少返回语句
    }
    ^
/tmp/jarde-comparison-audit/jarde-recompiled/CompareProbe.java:109: 错误: 缺少返回语句
    }
    ^
/tmp/jarde-comparison-audit/jarde-recompiled/CompareProbe.java:120: 错误: 缺少返回语句
    }
    ^
/tmp/jarde-comparison-audit/jarde-recompiled/CompareProbe.java:131: 错误: 缺少返回语句
    }
    ^
/tmp/jarde-comparison-audit/jarde-recompiled/CompareProbe.java:142: 错误: 缺少返回语句
    }
    ^
/tmp/jarde-comparison-audit/jarde-recompiled/CompareProbe.java:153: 错误: 缺少返回语句
    }
    ^
/tmp/jarde-comparison-audit/jarde-recompiled/CompareProbe.java:164: 错误: 缺少返回语句
    }
    ^
/tmp/jarde-comparison-audit/jarde-recompiled/CompareProbe.java:175: 错误: 缺少返回语句
    }
    ^
/tmp/jarde-comparison-audit/jarde-recompiled/CompareProbe.java:186: 错误: 缺少返回语句
    }
    ^
/tmp/jarde-comparison-audit/jarde-recompiled/CompareProbe.java:197: 错误: 缺少返回语句
    }
    ^
/tmp/jarde-comparison-audit/jarde-recompiled/CompareProbe.java:208: 错误: 缺少返回语句
    }
    ^
/tmp/jarde-comparison-audit/jarde-recompiled/CompareProbe.java:219: 错误: 缺少返回语句
    }
    ^
/tmp/jarde-comparison-audit/jarde-recompiled/CompareProbe.java:230: 错误: 缺少返回语句
    }
    ^
/tmp/jarde-comparison-audit/jarde-recompiled/CompareProbe.java:241: 错误: 缺少返回语句
    }
    ^
/tmp/jarde-comparison-audit/jarde-recompiled/CompareProbe.java:265: 错误: 缺少返回语句
    }
    ^
22 个错误
3 个警告
