Classfile jar:file:/Users/lordcasser/workspace/projects/jarde/openspec/evidence/raw-receiver-field-selection-2026-10-09/jdk8/debug/input/RawOwnerChild.jar!/RawOwnerChild.class
  Last modified 2026-10-9; size 561 bytes
  MD5 checksum 3fff2effc38888877a0917684ea2438b
  Compiled from "RawOwnerChild.java"
public class RawOwnerChild<T extends java.lang.Object> extends RawOwnerBase<T>
  minor version: 0
  major version: 52
  flags: ACC_PUBLIC, ACC_SUPER
Constant pool:
   #1 = Methodref          #4.#23         // RawOwnerBase."<init>":()V
   #2 = Fieldref           #3.#24         // RawOwnerChild.value:Ljava/lang/Object;
   #3 = Class              #25            // RawOwnerChild
   #4 = Class              #26            // RawOwnerBase
   #5 = Utf8               <init>
   #6 = Utf8               ()V
   #7 = Utf8               Code
   #8 = Utf8               LineNumberTable
   #9 = Utf8               LocalVariableTable
  #10 = Utf8               this
  #11 = Utf8               LRawOwnerChild;
  #12 = Utf8               LocalVariableTypeTable
  #13 = Utf8               LRawOwnerChild<TT;>;
  #14 = Utf8               put
  #15 = Utf8               (LRawOwnerChild;Ljava/lang/Object;)V
  #16 = Utf8               receiver
  #17 = Utf8               value
  #18 = Utf8               Ljava/lang/Object;
  #19 = Utf8               Signature
  #20 = Utf8               <T:Ljava/lang/Object;>LRawOwnerBase<TT;>;
  #21 = Utf8               SourceFile
  #22 = Utf8               RawOwnerChild.java
  #23 = NameAndType        #5:#6          // "<init>":()V
  #24 = NameAndType        #17:#18        // value:Ljava/lang/Object;
  #25 = Utf8               RawOwnerChild
  #26 = Utf8               RawOwnerBase
{
  public RawOwnerChild();
    descriptor: ()V
    flags: ACC_PUBLIC
    Code:
      stack=1, locals=1, args_size=1
         0: aload_0
         1: invokespecial #1                  // Method RawOwnerBase."<init>":()V
         4: return
      LineNumberTable:
        line 1: 0
      LocalVariableTable:
        Start  Length  Slot  Name   Signature
            0       5     0  this   LRawOwnerChild;
      LocalVariableTypeTable:
        Start  Length  Slot  Name   Signature
            0       5     0  this   LRawOwnerChild<TT;>;

  public static void put(RawOwnerChild, java.lang.Object);
    descriptor: (LRawOwnerChild;Ljava/lang/Object;)V
    flags: ACC_PUBLIC, ACC_STATIC
    Code:
      stack=2, locals=2, args_size=2
         0: aload_0
         1: aload_1
         2: putfield      #2                  // Field value:Ljava/lang/Object;
         5: return
      LineNumberTable:
        line 3: 0
        line 4: 5
      LocalVariableTable:
        Start  Length  Slot  Name   Signature
            0       6     0 receiver   LRawOwnerChild;
            0       6     1 value   Ljava/lang/Object;
}
Signature: #20                          // <T:Ljava/lang/Object;>LRawOwnerBase<TT;>;
SourceFile: "RawOwnerChild.java"
