Classfile jar:file:///Users/lordcasser/workspace/projects/jarde/openspec/evidence/same-class-generic-call-consumers-2026-10-09/frozen-inputs-v1/openjdk23/nodebug/VarargsCall/VarargsCall.jar!/VarargsCall.class
  Last modified 2026年10月9日; size 494 bytes
  SHA-256 checksum 8498c06324ae9b4b78c4881a0c9b5a8f9a88387861d4ef3ac71c09c5298121f3
public class VarargsCall<T extends java.lang.Object> extends java.lang.Object
  minor version: 0
  major version: 52
  flags: (0x0021) ACC_PUBLIC, ACC_SUPER
  this_class: #8                          // VarargsCall
  super_class: #2                         // java/lang/Object
  interfaces: 0, fields: 0, methods: 3, attributes: 1
Constant pool:
   #1 = Methodref          #2.#3          // java/lang/Object."<init>":()V
   #2 = Class              #4             // java/lang/Object
   #3 = NameAndType        #5:#6          // "<init>":()V
   #4 = Utf8               java/lang/Object
   #5 = Utf8               <init>
   #6 = Utf8               ()V
   #7 = Methodref          #8.#9          // VarargsCall.first:([Ljava/lang/Object;)Ljava/lang/Object;
   #8 = Class              #10            // VarargsCall
   #9 = NameAndType        #11:#12        // first:([Ljava/lang/Object;)Ljava/lang/Object;
  #10 = Utf8               VarargsCall
  #11 = Utf8               first
  #12 = Utf8               ([Ljava/lang/Object;)Ljava/lang/Object;
  #13 = Utf8               Code
  #14 = Utf8               Signature
  #15 = Utf8               <U:Ljava/lang/Object;>([TU;)TU;
  #16 = Utf8               RuntimeVisibleAnnotations
  #17 = Utf8               Ljava/lang/SafeVarargs;
  #18 = Utf8               relay
  #19 = Utf8               (Ljava/lang/Object;)Ljava/lang/Object;
  #20 = Utf8               (TT;)TT;
  #21 = Utf8               <T:Ljava/lang/Object;>Ljava/lang/Object;
{
  public VarargsCall();
    descriptor: ()V
    flags: (0x0001) ACC_PUBLIC
    Code:
      stack=1, locals=1, args_size=1
         0: aload_0
         1: invokespecial #1                  // Method java/lang/Object."<init>":()V
         4: return

  public final <U extends java.lang.Object> U first(U...);
    descriptor: ([Ljava/lang/Object;)Ljava/lang/Object;
    flags: (0x0091) ACC_PUBLIC, ACC_FINAL, ACC_VARARGS
    Code:
      stack=2, locals=2, args_size=2
         0: aload_1
         1: iconst_0
         2: aaload
         3: areturn
    Signature: #15                          // <U:Ljava/lang/Object;>([TU;)TU;
    RuntimeVisibleAnnotations:
      0: #17()
        java.lang.SafeVarargs

  public T relay(T);
    descriptor: (Ljava/lang/Object;)Ljava/lang/Object;
    flags: (0x0001) ACC_PUBLIC
    Code:
      stack=5, locals=2, args_size=2
         0: aload_0
         1: iconst_1
         2: anewarray     #2                  // class java/lang/Object
         5: dup
         6: iconst_0
         7: aload_1
         8: aastore
         9: invokevirtual #7                  // Method first:([Ljava/lang/Object;)Ljava/lang/Object;
        12: areturn
    Signature: #20                          // (TT;)TT;
}
Signature: #21                          // <T:Ljava/lang/Object;>Ljava/lang/Object;
