# The gating experiment: baseline vs each single admission vs both
# columns: input | base | A-only | B-only | A+B | verdict
input|base|A-only|B-only|A+B|verdict
guarded-v8|19dda2dcdce999c048238ea319be1182a70d66ec38cf893004e3df8cf36d96b5|19dda2dcdce999c048238ea319be1182a70d66ec38cf893004e3df8cf36d96b5|19dda2dcdce999c048238ea319be1182a70d66ec38cf893004e3df8cf36d96b5|19dda2dcdce999c048238ea319be1182a70d66ec38cf893004e3df8cf36d96b5|all-identical
io-patrol-jar|aec9a25b67f1475236ae2ab7dce90f8560c8766ec40b1a45df8bf63f249bead5|aec9a25b67f1475236ae2ab7dce90f8560c8766ec40b1a45df8bf63f249bead5|aec9a25b67f1475236ae2ab7dce90f8560c8766ec40b1a45df8bf63f249bead5|aec9a25b67f1475236ae2ab7dce90f8560c8766ec40b1a45df8bf63f249bead5|all-identical
io-v8-javac8|aec9a25b67f1475236ae2ab7dce90f8560c8766ec40b1a45df8bf63f249bead5|aec9a25b67f1475236ae2ab7dce90f8560c8766ec40b1a45df8bf63f249bead5|aec9a25b67f1475236ae2ab7dce90f8560c8766ec40b1a45df8bf63f249bead5|aec9a25b67f1475236ae2ab7dce90f8560c8766ec40b1a45df8bf63f249bead5|all-identical
io-v8|aec9a25b67f1475236ae2ab7dce90f8560c8766ec40b1a45df8bf63f249bead5|aec9a25b67f1475236ae2ab7dce90f8560c8766ec40b1a45df8bf63f249bead5|aec9a25b67f1475236ae2ab7dce90f8560c8766ec40b1a45df8bf63f249bead5|aec9a25b67f1475236ae2ab7dce90f8560c8766ec40b1a45df8bf63f249bead5|all-identical
iomidread-v8-javac8|6f3cdc732893103d94090965db9d787bd25124c773adea34775d980dcc4516d8|6f3cdc732893103d94090965db9d787bd25124c773adea34775d980dcc4516d8|6f3cdc732893103d94090965db9d787bd25124c773adea34775d980dcc4516d8|6f3cdc732893103d94090965db9d787bd25124c773adea34775d980dcc4516d8|all-identical
iomidread-v8|6f3cdc732893103d94090965db9d787bd25124c773adea34775d980dcc4516d8|6f3cdc732893103d94090965db9d787bd25124c773adea34775d980dcc4516d8|6f3cdc732893103d94090965db9d787bd25124c773adea34775d980dcc4516d8|6f3cdc732893103d94090965db9d787bd25124c773adea34775d980dcc4516d8|all-identical
ionegeatives-v8-javac8|afe4725f7a96bdf0e1f8d0f8d1226e24d895350709913ffb89cdaf01ab0f3c14|afe4725f7a96bdf0e1f8d0f8d1226e24d895350709913ffb89cdaf01ab0f3c14|afe4725f7a96bdf0e1f8d0f8d1226e24d895350709913ffb89cdaf01ab0f3c14|afe4725f7a96bdf0e1f8d0f8d1226e24d895350709913ffb89cdaf01ab0f3c14|all-identical
ionegeatives-v8|afe4725f7a96bdf0e1f8d0f8d1226e24d895350709913ffb89cdaf01ab0f3c14|afe4725f7a96bdf0e1f8d0f8d1226e24d895350709913ffb89cdaf01ab0f3c14|afe4725f7a96bdf0e1f8d0f8d1226e24d895350709913ffb89cdaf01ab0f3c14|afe4725f7a96bdf0e1f8d0f8d1226e24d895350709913ffb89cdaf01ab0f3c14|all-identical
lk-patrol-jar|84e6449cf57abb2cdf51ebd9c474e92a97acb8cc12de3deb007d903b51d27b89|84e6449cf57abb2cdf51ebd9c474e92a97acb8cc12de3deb007d903b51d27b89|84e6449cf57abb2cdf51ebd9c474e92a97acb8cc12de3deb007d903b51d27b89|84e6449cf57abb2cdf51ebd9c474e92a97acb8cc12de3deb007d903b51d27b89|all-identical
lk-v8-javac8|84e6449cf57abb2cdf51ebd9c474e92a97acb8cc12de3deb007d903b51d27b89|84e6449cf57abb2cdf51ebd9c474e92a97acb8cc12de3deb007d903b51d27b89|84e6449cf57abb2cdf51ebd9c474e92a97acb8cc12de3deb007d903b51d27b89|84e6449cf57abb2cdf51ebd9c474e92a97acb8cc12de3deb007d903b51d27b89|all-identical
lk-v8|84e6449cf57abb2cdf51ebd9c474e92a97acb8cc12de3deb007d903b51d27b89|84e6449cf57abb2cdf51ebd9c474e92a97acb8cc12de3deb007d903b51d27b89|84e6449cf57abb2cdf51ebd9c474e92a97acb8cc12de3deb007d903b51d27b89|84e6449cf57abb2cdf51ebd9c474e92a97acb8cc12de3deb007d903b51d27b89|all-identical
lknegatives-v8-javac8|a251d11906c229320a364b6e11945a5ae3490e208cf6c075804269edbd923086|a251d11906c229320a364b6e11945a5ae3490e208cf6c075804269edbd923086|a251d11906c229320a364b6e11945a5ae3490e208cf6c075804269edbd923086|a251d11906c229320a364b6e11945a5ae3490e208cf6c075804269edbd923086|all-identical
lknegatives-v8|a251d11906c229320a364b6e11945a5ae3490e208cf6c075804269edbd923086|a251d11906c229320a364b6e11945a5ae3490e208cf6c075804269edbd923086|a251d11906c229320a364b6e11945a5ae3490e208cf6c075804269edbd923086|a251d11906c229320a364b6e11945a5ae3490e208cf6c075804269edbd923086|all-identical
lkprobe-v8-javac8|d1dc05df97cc2651ad98c475f1e1c68b2dc4ad60e53ccbdc1f9dd42c6aa4d4aa|d1dc05df97cc2651ad98c475f1e1c68b2dc4ad60e53ccbdc1f9dd42c6aa4d4aa|d1dc05df97cc2651ad98c475f1e1c68b2dc4ad60e53ccbdc1f9dd42c6aa4d4aa|d1dc05df97cc2651ad98c475f1e1c68b2dc4ad60e53ccbdc1f9dd42c6aa4d4aa|all-identical
lkprobe-v8|d1dc05df97cc2651ad98c475f1e1c68b2dc4ad60e53ccbdc1f9dd42c6aa4d4aa|d1dc05df97cc2651ad98c475f1e1c68b2dc4ad60e53ccbdc1f9dd42c6aa4d4aa|d1dc05df97cc2651ad98c475f1e1c68b2dc4ad60e53ccbdc1f9dd42c6aa4d4aa|d1dc05df97cc2651ad98c475f1e1c68b2dc4ad60e53ccbdc1f9dd42c6aa4d4aa|all-identical
ml-patrol-jar|7349a5d55adf23184b04c1b99a36ea58bb37129b82cea81cacd0d9e6dd993d61|24c1d5ce4ec7a8feccc7a02f229b7a20e2d466b6a27efb362158980e70a25ed7|71f4e91e6b1d3abfbf45bef92e7d734c8fe0c1ef41596fc21cdf22eba6d1a192|3ae307c16a304cacd00e4898f12a98d7c1a3cc4ed204c932c2110c5678936518|A-moved,B-moved,AB-moved
ml-v8-javac8|7349a5d55adf23184b04c1b99a36ea58bb37129b82cea81cacd0d9e6dd993d61|24c1d5ce4ec7a8feccc7a02f229b7a20e2d466b6a27efb362158980e70a25ed7|71f4e91e6b1d3abfbf45bef92e7d734c8fe0c1ef41596fc21cdf22eba6d1a192|3ae307c16a304cacd00e4898f12a98d7c1a3cc4ed204c932c2110c5678936518|A-moved,B-moved,AB-moved
ml-v8|7349a5d55adf23184b04c1b99a36ea58bb37129b82cea81cacd0d9e6dd993d61|24c1d5ce4ec7a8feccc7a02f229b7a20e2d466b6a27efb362158980e70a25ed7|71f4e91e6b1d3abfbf45bef92e7d734c8fe0c1ef41596fc21cdf22eba6d1a192|3ae307c16a304cacd00e4898f12a98d7c1a3cc4ed204c932c2110c5678936518|A-moved,B-moved,AB-moved
mlnegatives-v8-javac8|85306af4115bbd860d4fd06f911f5f914a65114cb38c5beb60874f123ab7f2c7|85306af4115bbd860d4fd06f911f5f914a65114cb38c5beb60874f123ab7f2c7|85306af4115bbd860d4fd06f911f5f914a65114cb38c5beb60874f123ab7f2c7|85306af4115bbd860d4fd06f911f5f914a65114cb38c5beb60874f123ab7f2c7|all-identical
mlnegatives-v8|85306af4115bbd860d4fd06f911f5f914a65114cb38c5beb60874f123ab7f2c7|85306af4115bbd860d4fd06f911f5f914a65114cb38c5beb60874f123ab7f2c7|85306af4115bbd860d4fd06f911f5f914a65114cb38c5beb60874f123ab7f2c7|85306af4115bbd860d4fd06f911f5f914a65114cb38c5beb60874f123ab7f2c7|all-identical
mlorder-v8-javac8|7496e75b0c1a2a9270054961b30f49924fcd0f31b199b45e5a85d4c8532aed34|3e26f06643ed360e705b0358180aba51de959e086dd984d964471e807a349cd7|27c3d13960e4c70f2a258ebfd395f52d6e552e096494c33be5a9035a6526657b|186be69b706b565c50d31d2bcbc0e73269e06b88bfa7a65acfe1f224a9580973|A-moved,B-moved,AB-moved
mlorder-v8|7496e75b0c1a2a9270054961b30f49924fcd0f31b199b45e5a85d4c8532aed34|3e26f06643ed360e705b0358180aba51de959e086dd984d964471e807a349cd7|27c3d13960e4c70f2a258ebfd395f52d6e552e096494c33be5a9035a6526657b|186be69b706b565c50d31d2bcbc0e73269e06b88bfa7a65acfe1f224a9580973|A-moved,B-moved,AB-moved
mlprobe-v8-javac8|f91090af9410d5d2e87f681bed4de8a0d70cba6a03b1b5162083fd66451eda07|f91090af9410d5d2e87f681bed4de8a0d70cba6a03b1b5162083fd66451eda07|f91090af9410d5d2e87f681bed4de8a0d70cba6a03b1b5162083fd66451eda07|f91090af9410d5d2e87f681bed4de8a0d70cba6a03b1b5162083fd66451eda07|all-identical
mlprobe-v8|f91090af9410d5d2e87f681bed4de8a0d70cba6a03b1b5162083fd66451eda07|f91090af9410d5d2e87f681bed4de8a0d70cba6a03b1b5162083fd66451eda07|f91090af9410d5d2e87f681bed4de8a0d70cba6a03b1b5162083fd66451eda07|f91090af9410d5d2e87f681bed4de8a0d70cba6a03b1b5162083fd66451eda07|all-identical
p3-concat-saved|e20fcf2f578ca4675cfb9fcb7da9ea3a9f87302048d056a76cbe2bdc721cca95|e20fcf2f578ca4675cfb9fcb7da9ea3a9f87302048d056a76cbe2bdc721cca95|e20fcf2f578ca4675cfb9fcb7da9ea3a9f87302048d056a76cbe2bdc721cca95|e20fcf2f578ca4675cfb9fcb7da9ea3a9f87302048d056a76cbe2bdc721cca95|all-identical
p3-straight|ef9c83045f8c1b555786548f5a0aad3559770d6a21318e53e5279d071f050c65|ef9c83045f8c1b555786548f5a0aad3559770d6a21318e53e5279d071f050c65|ef9c83045f8c1b555786548f5a0aad3559770d6a21318e53e5279d071f050c65|ef9c83045f8c1b555786548f5a0aad3559770d6a21318e53e5279d071f050c65|all-identical
