   Compiling cfg-if v1.0.4
   Compiling libc v0.2.189
   Compiling bitflags v2.13.2
   Compiling syn v3.0.5
   Compiling hashbrown v0.17.1
   Compiling equivalent v1.0.2
   Compiling indexmap v2.14.2
   Compiling serde_core v1.0.229
   Compiling adler2 v2.0.1
   Compiling simd-adler32 v0.3.10
   Compiling miniz_oxide v0.9.1
   Compiling crc32fast v1.5.2
   Compiling thiserror-impl v2.0.20
   Compiling serde_derive v1.0.229
   Compiling constant_time_eq v0.4.2
   Compiling arrayvec v0.7.8
   Compiling blake3 v1.8.7
   Compiling serde v1.0.229
   Compiling thiserror v2.0.20
   Compiling flate2 v1.1.10
   Compiling getrandom v0.3.4
   Compiling noak v0.7.0
   Compiling foldhash v0.1.5
   Compiling rawzip v0.5.1
   Compiling jarde-reader v0.1.0 (/Users/lordcasser/workspace/projects/jarde/crates/jarde-reader)
   Compiling hashbrown v0.15.5
   Compiling rand_core v0.9.5
   Compiling errno v0.3.14
   Compiling fixedbitset v0.5.7
   Compiling petgraph v0.8.3
   Compiling rustix v1.1.4
   Compiling jarde-query v0.1.0 (/Users/lordcasser/workspace/projects/jarde/crates/jarde-query)
   Compiling zerocopy v0.8.57
   Compiling getrandom v0.4.3
   Compiling fastrand v2.5.0
   Compiling once_cell v1.21.4
   Compiling tempfile v3.27.0
   Compiling ppv-lite86 v0.2.21
   Compiling jarde-jvm v0.1.0 (/Users/lordcasser/workspace/projects/jarde/crates/jarde-jvm)
   Compiling wait-timeout v0.2.1
   Compiling fnv v1.0.7
   Compiling bit-vec v0.8.0
   Compiling quick-error v1.2.3
   Compiling rusty-fork v0.3.1
   Compiling bit-set v0.8.0
   Compiling num-traits v0.2.19
   Compiling jarde-java v0.1.0 (/Users/lordcasser/workspace/projects/jarde/crates/jarde-java)
   Compiling rand_chacha v0.9.0
   Compiling zmij v1.0.23
   Compiling rand v0.9.5
   Compiling rand_xorshift v0.4.0
   Compiling itoa v1.0.18
   Compiling regex-syntax v0.8.11
   Compiling memchr v2.8.3
   Compiling unarray v0.1.4
   Compiling proptest v1.11.0
   Compiling serde_json v1.0.151
   Compiling jarde v0.1.0 (/Users/lordcasser/workspace/projects/jarde)
    Finished `test` profile [unoptimized + debuginfo] target(s) in 50.51s
     Running tests/p3_execution_comparison.rs (target/debug/deps/p3_execution_comparison-0a797ca2b2f1d159)
