Classfile jar:file:///Users/lordcasser/workspace/projects/jarde/openspec/evidence/same-class-generic-call-consumers-2026-10-09/frozen-inputs-v1/openjdk23/nodebug/MultiUseResult/MultiUseResult.jar!/MultiUseResult.class
  Last modified 2026年10月9日; size 482 bytes
  SHA-256 checksum 633ed1aef59f71fa26cd40c3f7b16c328879ae2c2570957d0143df4fa707a956
public class MultiUseResult<T extends java.lang.Object> extends java.lang.Object
  minor version: 0
  major version: 52
  flags: (0x0021) ACC_PUBLIC, ACC_SUPER
  this_class: #8                          // MultiUseResult
  super_class: #2                         // java/lang/Object
  interfaces: 0, fields: 1, methods: 4, attributes: 1
Constant pool:
   #1 = Methodref          #2.#3          // java/lang/Object."<init>":()V
   #2 = Class              #4             // java/lang/Object
   #3 = NameAndType        #5:#6          // "<init>":()V
   #4 = Utf8               java/lang/Object
   #5 = Utf8               <init>
   #6 = Utf8               ()V
   #7 = Fieldref           #8.#9          // MultiUseResult.observed:Ljava/lang/Object;
   #8 = Class              #10            // MultiUseResult
   #9 = NameAndType        #11:#12        // observed:Ljava/lang/Object;
  #10 = Utf8               MultiUseResult
  #11 = Utf8               observed
  #12 = Utf8               Ljava/lang/Object;
  #13 = Methodref          #8.#14         // MultiUseResult.identity:(Ljava/lang/Object;)Ljava/lang/Object;
  #14 = NameAndType        #15:#16        // identity:(Ljava/lang/Object;)Ljava/lang/Object;
  #15 = Utf8               identity
  #16 = Utf8               (Ljava/lang/Object;)Ljava/lang/Object;
  #17 = Methodref          #8.#18         // MultiUseResult.observe:(Ljava/lang/Object;)V
  #18 = NameAndType        #19:#20        // observe:(Ljava/lang/Object;)V
  #19 = Utf8               observe
  #20 = Utf8               (Ljava/lang/Object;)V
  #21 = Utf8               Code
  #22 = Utf8               Signature
  #23 = Utf8               (TT;)TT;
  #24 = Utf8               relay
  #25 = Utf8               <T:Ljava/lang/Object;>Ljava/lang/Object;
{
  public java.lang.Object observed;
    descriptor: Ljava/lang/Object;
    flags: (0x0001) ACC_PUBLIC

  public MultiUseResult();
    descriptor: ()V
    flags: (0x0001) ACC_PUBLIC
    Code:
      stack=1, locals=1, args_size=1
         0: aload_0
         1: invokespecial #1                  // Method java/lang/Object."<init>":()V
         4: return

  public T identity(T);
    descriptor: (Ljava/lang/Object;)Ljava/lang/Object;
    flags: (0x0001) ACC_PUBLIC
    Code:
      stack=1, locals=2, args_size=2
         0: aload_1
         1: areturn
    Signature: #23                          // (TT;)TT;

  public void observe(java.lang.Object);
    descriptor: (Ljava/lang/Object;)V
    flags: (0x0001) ACC_PUBLIC
    Code:
      stack=2, locals=2, args_size=2
         0: aload_0
         1: aload_1
         2: putfield      #7                  // Field observed:Ljava/lang/Object;
         5: return

  public T relay(T);
    descriptor: (Ljava/lang/Object;)Ljava/lang/Object;
    flags: (0x0001) ACC_PUBLIC
    Code:
      stack=2, locals=3, args_size=2
         0: aload_0
         1: aload_1
         2: invokevirtual #13                 // Method identity:(Ljava/lang/Object;)Ljava/lang/Object;
         5: astore_2
         6: aload_0
         7: aload_2
         8: invokevirtual #17                 // Method observe:(Ljava/lang/Object;)V
        11: aload_2
        12: areturn
    Signature: #23                          // (TT;)TT;
}
Signature: #25                          // <T:Ljava/lang/Object;>Ljava/lang/Object;
