Classfile jar:file:///Users/lordcasser/workspace/projects/jarde/openspec/evidence/same-class-generic-call-consumers-2026-10-09/frozen-inputs-v1/openjdk23/nodebug/MultiParam/MultiParam.jar!/MultiParam.class
  Last modified 2026年10月9日; size 364 bytes
  SHA-256 checksum 9598cc4befac8bda9fbe4f7c875a32f5318775643cc08245eba39e6edc942b52
public class MultiParam<T extends java.lang.Object> extends java.lang.Object
  minor version: 0
  major version: 52
  flags: (0x0021) ACC_PUBLIC, ACC_SUPER
  this_class: #8                          // MultiParam
  super_class: #2                         // java/lang/Object
  interfaces: 0, fields: 0, methods: 3, attributes: 1
Constant pool:
   #1 = Methodref          #2.#3          // java/lang/Object."<init>":()V
   #2 = Class              #4             // java/lang/Object
   #3 = NameAndType        #5:#6          // "<init>":()V
   #4 = Utf8               java/lang/Object
   #5 = Utf8               <init>
   #6 = Utf8               ()V
   #7 = Methodref          #8.#9          // MultiParam.first:(Ljava/lang/Object;Ljava/lang/Object;)Ljava/lang/Object;
   #8 = Class              #10            // MultiParam
   #9 = NameAndType        #11:#12        // first:(Ljava/lang/Object;Ljava/lang/Object;)Ljava/lang/Object;
  #10 = Utf8               MultiParam
  #11 = Utf8               first
  #12 = Utf8               (Ljava/lang/Object;Ljava/lang/Object;)Ljava/lang/Object;
  #13 = Utf8               Code
  #14 = Utf8               Signature
  #15 = Utf8               (TT;TT;)TT;
  #16 = Utf8               relay
  #17 = Utf8               <T:Ljava/lang/Object;>Ljava/lang/Object;
{
  public MultiParam();
    descriptor: ()V
    flags: (0x0001) ACC_PUBLIC
    Code:
      stack=1, locals=1, args_size=1
         0: aload_0
         1: invokespecial #1                  // Method java/lang/Object."<init>":()V
         4: return

  public T first(T, T);
    descriptor: (Ljava/lang/Object;Ljava/lang/Object;)Ljava/lang/Object;
    flags: (0x0001) ACC_PUBLIC
    Code:
      stack=1, locals=3, args_size=3
         0: aload_1
         1: areturn
    Signature: #15                          // (TT;TT;)TT;

  public T relay(T, T);
    descriptor: (Ljava/lang/Object;Ljava/lang/Object;)Ljava/lang/Object;
    flags: (0x0001) ACC_PUBLIC
    Code:
      stack=3, locals=3, args_size=3
         0: aload_0
         1: aload_1
         2: aload_2
         3: invokevirtual #7                  // Method first:(Ljava/lang/Object;Ljava/lang/Object;)Ljava/lang/Object;
         6: areturn
    Signature: #15                          // (TT;TT;)TT;
}
Signature: #17                          // <T:Ljava/lang/Object;>Ljava/lang/Object;
