SELF-TEST OK: RC anchors 0 -> 2/1/1; RCN byte-identical; CF/NEG/ICM/ICN byte-identical
pass A loose candidate classes: 2798
MOVED (single-class): tests/fixtures/recover-conditional-rhs-field-compound/v8/BI.class
    55,60c55
    <             // @bytecode 21
    <             // the instruction at BCI 21 belongs to no shape this run verified: an allocation, a copy or a cast is presented only where a rule proved what it builds
    <             // @bytecode 22
    <             // the saved producer at BCI 22 has 3 consumers, so one local binding cannot prove its execution count
    <             // @bytecode 36 35 22
    <             // the copy at BCI 21 has no proved local assignment
    ---
MOVED (single-class): tests/fixtures/recover-conditional-rhs-field-compound/v8/RC.class
    25,30c25
    <             // @bytecode 21
    <             // the instruction at BCI 21 belongs to no shape this run verified: an allocation, a copy or a cast is presented only where a rule proved what it builds
    <             // @bytecode 22
    <             // the saved producer at BCI 22 has 3 consumers, so one local binding cannot prove its execution count
    <             // @bytecode 36 35 22
    <             // the copy at BCI 21 has no proved local assignment
    ---
MOVED (single-class): tests/fixtures/recover-conditional-rhs-field-compound/v8-javac8/BI.class
    55,60c55
    <             // @bytecode 21
    <             // the instruction at BCI 21 belongs to no shape this run verified: an allocation, a copy or a cast is presented only where a rule proved what it builds
    <             // @bytecode 22
    <             // the saved producer at BCI 22 has 3 consumers, so one local binding cannot prove its execution count
    <             // @bytecode 36 35 22
    <             // the copy at BCI 21 has no proved local assignment
    ---
MOVED (single-class): tests/fixtures/recover-conditional-rhs-field-compound/v8-javac8/RC.class
    25,30c25
    <             // @bytecode 21
    <             // the instruction at BCI 21 belongs to no shape this run verified: an allocation, a copy or a cast is presented only where a rule proved what it builds
    <             // @bytecode 22
    <             // the saved producer at BCI 22 has 3 consumers, so one local binding cannot prove its execution count
    <             // @bytecode 36 35 22
    <             // the copy at BCI 21 has no proved local assignment
    ---
UNRENDERED: tests/fixtures/proved-java-structure/package-info-basic/v8/p/package-info.class renders under no name it states
pass A: moved=4 unrendered=1
archive candidate classes: 739
MOVED (jar): openspec/evidence/java-syntax-2026-10-05/boolean-loop-earlyret-patrol/fixture/bi.jar!BI.class
    55,60c55
    <             // @bytecode 21
    <             // the instruction at BCI 21 belongs to no shape this run verified: an allocation, a copy or a cast is presented only where a rule proved what it builds
    <             // @bytecode 22
    <             // the saved producer at BCI 22 has 3 consumers, so one local binding cannot prove its execution count
    <             // @bytecode 36 35 22
    <             // the copy at BCI 21 has no proved local assignment
    ---
UNRENDERED: openspec/evidence/java-syntax-2026-10-05/package-info-patrol/fixture/pi.jar!com/example/package-info.class renders under its own entry name
MOVED (jar): tests/fixtures/recover-conditional-rhs-field-compound/bi.jar!BI.class
    55,60c55
    <             // @bytecode 21
    <             // the instruction at BCI 21 belongs to no shape this run verified: an allocation, a copy or a cast is presented only where a rule proved what it builds
    <             // @bytecode 22
    <             // the saved producer at BCI 22 has 3 consumers, so one local binding cannot prove its execution count
    <             // @bytecode 36 35 22
    <             // the copy at BCI 21 has no proved local assignment
    ---
pass C: moved=2 unrendered=1
moved classes: single-class=4 jar=2 total=6
unrendered candidates: A=1 C=1
