Classfile /Users/lordcasser/workspace/projects/jarde/openspec/evidence/java-syntax-2026-10-10/array-field-store/baseline-root-v1/cases/javac23-original/classes/ArrayFieldStore.class
  Last modified 2026年10月10日; size 893 bytes
  SHA-256 checksum 074a5e284c9e9ff7434559d8254ab546f03f930de53250959f3a4d1f7049f1ac
public final class ArrayFieldStore
  minor version: 0
  major version: 52
  flags: (0x0031) ACC_PUBLIC, ACC_FINAL, ACC_SUPER
  this_class: #8                          // ArrayFieldStore
  super_class: #2                         // java/lang/Object
  interfaces: 0, fields: 2, methods: 7, attributes: 0
Constant pool:
   #1 = Methodref          #2.#3          // java/lang/Object."<init>":()V
   #2 = Class              #4             // java/lang/Object
   #3 = NameAndType        #5:#6          // "<init>":()V
   #4 = Utf8               java/lang/Object
   #5 = Utf8               <init>
   #6 = Utf8               ()V
   #7 = Fieldref           #8.#9          // ArrayFieldStore.values:[B
   #8 = Class              #10            // ArrayFieldStore
   #9 = NameAndType        #11:#12        // values:[B
  #10 = Utf8               ArrayFieldStore
  #11 = Utf8               values
  #12 = Utf8               [B
  #13 = Methodref          #8.#14         // ArrayFieldStore.element:(IBI)B
  #14 = NameAndType        #15:#16        // element:(IBI)B
  #15 = Utf8               element
  #16 = Utf8               (IBI)B
  #17 = Fieldref           #8.#18         // ArrayFieldStore.trace:I
  #18 = NameAndType        #19:#20        // trace:I
  #19 = Utf8               trace
  #20 = Utf8               I
  #21 = Class              #22            // java/lang/IllegalStateException
  #22 = Utf8               java/lang/IllegalStateException
  #23 = Class              #24            // java/lang/StringBuilder
  #24 = Utf8               java/lang/StringBuilder
  #25 = Methodref          #23.#3         // java/lang/StringBuilder."<init>":()V
  #26 = String             #27            // element-
  #27 = Utf8               element-
  #28 = Methodref          #23.#29        // java/lang/StringBuilder.append:(Ljava/lang/String;)Ljava/lang/StringBuilder;
  #29 = NameAndType        #30:#31        // append:(Ljava/lang/String;)Ljava/lang/StringBuilder;
  #30 = Utf8               append
  #31 = Utf8               (Ljava/lang/String;)Ljava/lang/StringBuilder;
  #32 = Methodref          #23.#33        // java/lang/StringBuilder.append:(I)Ljava/lang/StringBuilder;
  #33 = NameAndType        #30:#34        // append:(I)Ljava/lang/StringBuilder;
  #34 = Utf8               (I)Ljava/lang/StringBuilder;
  #35 = Methodref          #23.#36        // java/lang/StringBuilder.toString:()Ljava/lang/String;
  #36 = NameAndType        #37:#38        // toString:()Ljava/lang/String;
  #37 = Utf8               toString
  #38 = Utf8               ()Ljava/lang/String;
  #39 = Methodref          #21.#40        // java/lang/IllegalStateException."<init>":(Ljava/lang/String;)V
  #40 = NameAndType        #5:#41         // "<init>":(Ljava/lang/String;)V
  #41 = Utf8               (Ljava/lang/String;)V
  #42 = Utf8               Code
  #43 = Utf8               storeLiteral
  #44 = Utf8               replace
  #45 = Utf8               (LArrayFieldStore;I)V
  #46 = Utf8               StackMapTable
  #47 = Utf8               readValues
  #48 = Utf8               ()[B
  #49 = Utf8               resetTrace
  #50 = Utf8               readTrace
  #51 = Utf8               ()I
{
  private byte[] values;
    descriptor: [B
    flags: (0x0002) ACC_PRIVATE

  private static int trace;
    descriptor: I
    flags: (0x000a) ACC_PRIVATE, ACC_STATIC

  public ArrayFieldStore();
    descriptor: ()V
    flags: (0x0001) ACC_PUBLIC
    Code:
      stack=1, locals=1, args_size=1
         0: aload_0
         1: invokespecial #1                  // Method java/lang/Object."<init>":()V
         4: return

  public void storeLiteral();
    descriptor: ()V
    flags: (0x0001) ACC_PUBLIC
    Code:
      stack=5, locals=1, args_size=1
         0: aload_0
         1: iconst_3
         2: newarray       byte
         4: dup
         5: iconst_0
         6: bipush        10
         8: bastore
         9: dup
        10: iconst_1
        11: bipush        20
        13: bastore
        14: dup
        15: iconst_2
        16: bipush        30
        18: bastore
        19: putfield      #7                  // Field values:[B
        22: return

  public static void replace(ArrayFieldStore, int);
    descriptor: (LArrayFieldStore;I)V
    flags: (0x0009) ACC_PUBLIC, ACC_STATIC
    Code:
      stack=7, locals=2, args_size=2
         0: aload_0
         1: iconst_3
         2: newarray       byte
         4: dup
         5: iconst_0
         6: iconst_1
         7: bipush        11
         9: iload_1
        10: invokestatic  #13                 // Method element:(IBI)B
        13: bastore
        14: dup
        15: iconst_1
        16: iconst_2
        17: bipush        22
        19: iload_1
        20: invokestatic  #13                 // Method element:(IBI)B
        23: bastore
        24: dup
        25: iconst_2
        26: iconst_3
        27: bipush        33
        29: iload_1
        30: invokestatic  #13                 // Method element:(IBI)B
        33: bastore
        34: putfield      #7                  // Field values:[B
        37: return

  private static byte element(int, byte, int);
    descriptor: (IBI)B
    flags: (0x000a) ACC_PRIVATE, ACC_STATIC
    Code:
      stack=4, locals=3, args_size=3
         0: getstatic     #17                 // Field trace:I
         3: bipush        10
         5: imul
         6: iload_0
         7: iadd
         8: putstatic     #17                 // Field trace:I
        11: iload_0
        12: iload_2
        13: if_icmpne     43
        16: new           #21                 // class java/lang/IllegalStateException
        19: dup
        20: new           #23                 // class java/lang/StringBuilder
        23: dup
        24: invokespecial #25                 // Method java/lang/StringBuilder."<init>":()V
        27: ldc           #26                 // String element-
        29: invokevirtual #28                 // Method java/lang/StringBuilder.append:(Ljava/lang/String;)Ljava/lang/StringBuilder;
        32: iload_0
        33: invokevirtual #32                 // Method java/lang/StringBuilder.append:(I)Ljava/lang/StringBuilder;
        36: invokevirtual #35                 // Method java/lang/StringBuilder.toString:()Ljava/lang/String;
        39: invokespecial #39                 // Method java/lang/IllegalStateException."<init>":(Ljava/lang/String;)V
        42: athrow
        43: iload_1
        44: ireturn
      StackMapTable: number_of_entries = 1
        frame_type = 43 /* same */

  public byte[] readValues();
    descriptor: ()[B
    flags: (0x0001) ACC_PUBLIC
    Code:
      stack=1, locals=1, args_size=1
         0: aload_0
         1: getfield      #7                  // Field values:[B
         4: areturn

  public static void resetTrace();
    descriptor: ()V
    flags: (0x0009) ACC_PUBLIC, ACC_STATIC
    Code:
      stack=1, locals=0, args_size=0
         0: iconst_0
         1: putstatic     #17                 // Field trace:I
         4: return

  public static int readTrace();
    descriptor: ()I
    flags: (0x0009) ACC_PUBLIC, ACC_STATIC
    Code:
      stack=1, locals=0, args_size=0
         0: getstatic     #17                 // Field trace:I
         3: ireturn
}
