Classfile jar:file:/Users/lordcasser/workspace/projects/jarde/openspec/evidence/same-class-generic-call-consumers-2026-10-09/frozen-inputs-v1/corretto8/nodebug/CycleRelay/CycleRelay.jar!/CycleRelay.class
  Last modified 2026-10-9; size 405 bytes
  MD5 checksum d5c1c6e015007e6e4271f31103680085
public class CycleRelay<T extends java.lang.Object> extends java.lang.Object
  minor version: 0
  major version: 52
  flags: ACC_PUBLIC, ACC_SUPER
Constant pool:
   #1 = Methodref          #5.#16         // java/lang/Object."<init>":()V
   #2 = Methodref          #4.#17         // CycleRelay.right:(Ljava/lang/Object;Z)Ljava/lang/Object;
   #3 = Methodref          #4.#18         // CycleRelay.left:(Ljava/lang/Object;Z)Ljava/lang/Object;
   #4 = Class              #19            // CycleRelay
   #5 = Class              #20            // java/lang/Object
   #6 = Utf8               <init>
   #7 = Utf8               ()V
   #8 = Utf8               Code
   #9 = Utf8               left
  #10 = Utf8               (Ljava/lang/Object;Z)Ljava/lang/Object;
  #11 = Utf8               StackMapTable
  #12 = Utf8               Signature
  #13 = Utf8               (TT;Z)TT;
  #14 = Utf8               right
  #15 = Utf8               <T:Ljava/lang/Object;>Ljava/lang/Object;
  #16 = NameAndType        #6:#7          // "<init>":()V
  #17 = NameAndType        #14:#10        // right:(Ljava/lang/Object;Z)Ljava/lang/Object;
  #18 = NameAndType        #9:#10         // left:(Ljava/lang/Object;Z)Ljava/lang/Object;
  #19 = Utf8               CycleRelay
  #20 = Utf8               java/lang/Object
{
  public CycleRelay();
    descriptor: ()V
    flags: ACC_PUBLIC
    Code:
      stack=1, locals=1, args_size=1
         0: aload_0
         1: invokespecial #1                  // Method java/lang/Object."<init>":()V
         4: return

  public T left(T, boolean);
    descriptor: (Ljava/lang/Object;Z)Ljava/lang/Object;
    flags: ACC_PUBLIC
    Code:
      stack=3, locals=3, args_size=3
         0: iload_2
         1: ifeq          11
         4: aload_0
         5: aload_1
         6: iconst_0
         7: invokevirtual #2                  // Method right:(Ljava/lang/Object;Z)Ljava/lang/Object;
        10: areturn
        11: aload_1
        12: areturn
      StackMapTable: number_of_entries = 1
        frame_type = 11 /* same */
    Signature: #13                          // (TT;Z)TT;

  public T right(T, boolean);
    descriptor: (Ljava/lang/Object;Z)Ljava/lang/Object;
    flags: ACC_PUBLIC
    Code:
      stack=3, locals=3, args_size=3
         0: iload_2
         1: ifeq          11
         4: aload_0
         5: aload_1
         6: iconst_0
         7: invokevirtual #3                  // Method left:(Ljava/lang/Object;Z)Ljava/lang/Object;
        10: areturn
        11: aload_1
        12: areturn
      StackMapTable: number_of_entries = 1
        frame_type = 11 /* same */
    Signature: #13                          // (TT;Z)TT;
}
Signature: #15                          // <T:Ljava/lang/Object;>Ljava/lang/Object;
