Classfile jar:file:///Users/lordcasser/workspace/projects/jarde/openspec/evidence/same-class-generic-call-consumers-2026-10-09/frozen-inputs-v1/openjdk23/debug/SameErasureBinder/SameErasureBinder.jar!/SameErasureBinder.class
  Last modified 2026年10月9日; size 922 bytes
  SHA-256 checksum f211e5fe6aaa8c8944abb4bd50f2e8a4abbde5b65faf65490b930fb6e20e1ec3
  Compiled from "SameErasureBinder.java"
public class SameErasureBinder<T extends java.lang.Number> extends java.lang.Object
  minor version: 0
  major version: 52
  flags: (0x0021) ACC_PUBLIC, ACC_SUPER
  this_class: #8                          // SameErasureBinder
  super_class: #2                         // java/lang/Object
  interfaces: 0, fields: 1, methods: 4, attributes: 2
Constant pool:
   #1 = Methodref          #2.#3          // java/lang/Object."<init>":()V
   #2 = Class              #4             // java/lang/Object
   #3 = NameAndType        #5:#6          // "<init>":()V
   #4 = Utf8               java/lang/Object
   #5 = Utf8               <init>
   #6 = Utf8               ()V
   #7 = Fieldref           #8.#9          // SameErasureBinder.calls:I
   #8 = Class              #10            // SameErasureBinder
   #9 = NameAndType        #11:#12        // calls:I
  #10 = Utf8               SameErasureBinder
  #11 = Utf8               calls
  #12 = Utf8               I
  #13 = Methodref          #8.#14         // SameErasureBinder.sink:(Ljava/lang/Number;)Ljava/lang/Number;
  #14 = NameAndType        #15:#16        // sink:(Ljava/lang/Number;)Ljava/lang/Number;
  #15 = Utf8               sink
  #16 = Utf8               (Ljava/lang/Number;)Ljava/lang/Number;
  #17 = Utf8               Code
  #18 = Utf8               LineNumberTable
  #19 = Utf8               LocalVariableTable
  #20 = Utf8               this
  #21 = Utf8               LSameErasureBinder;
  #22 = Utf8               LocalVariableTypeTable
  #23 = Utf8               LSameErasureBinder<TT;>;
  #24 = Utf8               x
  #25 = Utf8               Ljava/lang/Number;
  #26 = Utf8               TU;
  #27 = Utf8               Signature
  #28 = Utf8               <U:Ljava/lang/Number;:Ljava/lang/Runnable;>(TU;)TU;
  #29 = Utf8               independent
  #30 = Utf8               TT;
  #31 = Utf8               (TT;)TT;
  #32 = Utf8               useNull
  #33 = Utf8               <T:Ljava/lang/Number;>Ljava/lang/Object;
  #34 = Utf8               SourceFile
  #35 = Utf8               SameErasureBinder.java
{
  public int calls;
    descriptor: I
    flags: (0x0001) ACC_PUBLIC

  public SameErasureBinder();
    descriptor: ()V
    flags: (0x0001) ACC_PUBLIC
    Code:
      stack=1, locals=1, args_size=1
         0: aload_0
         1: invokespecial #1                  // Method java/lang/Object."<init>":()V
         4: return
      LineNumberTable:
        line 1: 0
      LocalVariableTable:
        Start  Length  Slot  Name   Signature
            0       5     0  this   LSameErasureBinder;
      LocalVariableTypeTable:
        Start  Length  Slot  Name   Signature
            0       5     0  this   LSameErasureBinder<TT;>;

  public <U extends java.lang.Number & java.lang.Runnable> U sink(U);
    descriptor: (Ljava/lang/Number;)Ljava/lang/Number;
    flags: (0x0001) ACC_PUBLIC
    Code:
      stack=3, locals=2, args_size=2
         0: aload_0
         1: dup
         2: getfield      #7                  // Field calls:I
         5: iconst_1
         6: iadd
         7: putfield      #7                  // Field calls:I
        10: aload_1
        11: areturn
      LineNumberTable:
        line 1: 0
      LocalVariableTable:
        Start  Length  Slot  Name   Signature
            0      12     0  this   LSameErasureBinder;
            0      12     1     x   Ljava/lang/Number;
      LocalVariableTypeTable:
        Start  Length  Slot  Name   Signature
            0      12     0  this   LSameErasureBinder<TT;>;
            0      12     1     x   TU;
    Signature: #28                          // <U:Ljava/lang/Number;:Ljava/lang/Runnable;>(TU;)TU;

  public T independent(T);
    descriptor: (Ljava/lang/Number;)Ljava/lang/Number;
    flags: (0x0001) ACC_PUBLIC
    Code:
      stack=1, locals=2, args_size=2
         0: aload_1
         1: areturn
      LineNumberTable:
        line 1: 0
      LocalVariableTable:
        Start  Length  Slot  Name   Signature
            0       2     0  this   LSameErasureBinder;
            0       2     1     x   Ljava/lang/Number;
      LocalVariableTypeTable:
        Start  Length  Slot  Name   Signature
            0       2     0  this   LSameErasureBinder<TT;>;
            0       2     1     x   TT;
    Signature: #31                          // (TT;)TT;

  public void useNull();
    descriptor: ()V
    flags: (0x0001) ACC_PUBLIC
    Code:
      stack=2, locals=1, args_size=1
         0: aload_0
         1: aconst_null
         2: invokevirtual #13                 // Method sink:(Ljava/lang/Number;)Ljava/lang/Number;
         5: pop
         6: return
      LineNumberTable:
        line 1: 0
      LocalVariableTable:
        Start  Length  Slot  Name   Signature
            0       7     0  this   LSameErasureBinder;
      LocalVariableTypeTable:
        Start  Length  Slot  Name   Signature
            0       7     0  this   LSameErasureBinder<TT;>;
}
Signature: #33                          // <T:Ljava/lang/Number;>Ljava/lang/Object;
SourceFile: "SameErasureBinder.java"
