Classfile jar:file:/private/tmp/jarde-generic-call-patrol-v1/v3/MultiParam/MultiParam.jar!/MultiParam.class
  Last modified 2026-10-9; size 768 bytes
  MD5 checksum 961ae802526d5105db99fab4d5576394
  Compiled from "MultiParam.java"
public class MultiParam<T extends java.lang.Object> extends java.lang.Object
  minor version: 0
  major version: 52
  flags: ACC_PUBLIC, ACC_SUPER
Constant pool:
   #1 = Methodref          #4.#26         // java/lang/Object."<init>":()V
   #2 = Methodref          #3.#27         // MultiParam.first:(Ljava/lang/Object;Ljava/lang/Object;)Ljava/lang/Object;
   #3 = Class              #28            // MultiParam
   #4 = Class              #29            // java/lang/Object
   #5 = Utf8               <init>
   #6 = Utf8               ()V
   #7 = Utf8               Code
   #8 = Utf8               LineNumberTable
   #9 = Utf8               LocalVariableTable
  #10 = Utf8               this
  #11 = Utf8               LMultiParam;
  #12 = Utf8               LocalVariableTypeTable
  #13 = Utf8               LMultiParam<TT;>;
  #14 = Utf8               first
  #15 = Utf8               (Ljava/lang/Object;Ljava/lang/Object;)Ljava/lang/Object;
  #16 = Utf8               x
  #17 = Utf8               Ljava/lang/Object;
  #18 = Utf8               y
  #19 = Utf8               TT;
  #20 = Utf8               Signature
  #21 = Utf8               (TT;TT;)TT;
  #22 = Utf8               relay
  #23 = Utf8               <T:Ljava/lang/Object;>Ljava/lang/Object;
  #24 = Utf8               SourceFile
  #25 = Utf8               MultiParam.java
  #26 = NameAndType        #5:#6          // "<init>":()V
  #27 = NameAndType        #14:#15        // first:(Ljava/lang/Object;Ljava/lang/Object;)Ljava/lang/Object;
  #28 = Utf8               MultiParam
  #29 = Utf8               java/lang/Object
{
  public MultiParam();
    descriptor: ()V
    flags: ACC_PUBLIC
    Code:
      stack=1, locals=1, args_size=1
         0: aload_0
         1: invokespecial #1                  // Method java/lang/Object."<init>":()V
         4: return
      LineNumberTable:
        line 1: 0
      LocalVariableTable:
        Start  Length  Slot  Name   Signature
            0       5     0  this   LMultiParam;
      LocalVariableTypeTable:
        Start  Length  Slot  Name   Signature
            0       5     0  this   LMultiParam<TT;>;

  public T first(T, T);
    descriptor: (Ljava/lang/Object;Ljava/lang/Object;)Ljava/lang/Object;
    flags: ACC_PUBLIC
    Code:
      stack=1, locals=3, args_size=3
         0: aload_1
         1: areturn
      LineNumberTable:
        line 2: 0
      LocalVariableTable:
        Start  Length  Slot  Name   Signature
            0       2     0  this   LMultiParam;
            0       2     1     x   Ljava/lang/Object;
            0       2     2     y   Ljava/lang/Object;
      LocalVariableTypeTable:
        Start  Length  Slot  Name   Signature
            0       2     0  this   LMultiParam<TT;>;
            0       2     1     x   TT;
            0       2     2     y   TT;
    Signature: #21                          // (TT;TT;)TT;

  public T relay(T, T);
    descriptor: (Ljava/lang/Object;Ljava/lang/Object;)Ljava/lang/Object;
    flags: ACC_PUBLIC
    Code:
      stack=3, locals=3, args_size=3
         0: aload_0
         1: aload_1
         2: aload_2
         3: invokevirtual #2                  // Method first:(Ljava/lang/Object;Ljava/lang/Object;)Ljava/lang/Object;
         6: areturn
      LineNumberTable:
        line 3: 0
      LocalVariableTable:
        Start  Length  Slot  Name   Signature
            0       7     0  this   LMultiParam;
            0       7     1     x   Ljava/lang/Object;
            0       7     2     y   Ljava/lang/Object;
      LocalVariableTypeTable:
        Start  Length  Slot  Name   Signature
            0       7     0  this   LMultiParam<TT;>;
            0       7     1     x   TT;
            0       7     2     y   TT;
    Signature: #21                          // (TT;TT;)TT;
}
Signature: #23                          // <T:Ljava/lang/Object;>Ljava/lang/Object;
SourceFile: "MultiParam.java"
