Classfile /Users/lordcasser/workspace/projects/jarde/openspec/evidence/java-syntax-2026-10-10/array-literal-boundaries-next/baseline-root-v2/cases/javac8-original/classes/ConstantIntArray.class
  Last modified 2026-10-10; size 244 bytes
  MD5 checksum 85ffe7e8bec6ae123a81c0cda601e5e3
public class ConstantIntArray
  minor version: 0
  major version: 52
  flags: ACC_PUBLIC, ACC_SUPER
Constant pool:
   #1 = Methodref          #4.#13         // java/lang/Object."<init>":()V
   #2 = Class              #14            // ConstantIntArray
   #3 = Integer            65535
   #4 = Class              #15            // java/lang/Object
   #5 = Utf8               CONST_INT
   #6 = Utf8               I
   #7 = Utf8               ConstantValue
   #8 = Utf8               <init>
   #9 = Utf8               ()V
  #10 = Utf8               Code
  #11 = Utf8               test
  #12 = Utf8               ()[I
  #13 = NameAndType        #8:#9          // "<init>":()V
  #14 = Utf8               ConstantIntArray
  #15 = Utf8               java/lang/Object
{
  public static final int CONST_INT;
    descriptor: I
    flags: ACC_PUBLIC, ACC_STATIC, ACC_FINAL
    ConstantValue: int 65535

  public ConstantIntArray();
    descriptor: ()V
    flags: ACC_PUBLIC
    Code:
      stack=1, locals=1, args_size=1
         0: aload_0
         1: invokespecial #1                  // Method java/lang/Object."<init>":()V
         4: return

  public int[] test();
    descriptor: ()[I
    flags: ACC_PUBLIC
    Code:
      stack=4, locals=1, args_size=1
         0: iconst_3
         1: newarray       int
         3: dup
         4: iconst_0
         5: bipush        127
         7: iastore
         8: dup
         9: iconst_1
        10: sipush        129
        13: iastore
        14: dup
        15: iconst_2
        16: ldc           #3                  // int 65535
        18: iastore
        19: areturn
}
