// jarde: package-info projection refused: the only supported package annotation is empty java.lang.Deprecated
// jarde: presentation of `p/package-info` from the class file's own declaration and one recovery run per member.
// jarde: not a compilable project: no imports and no resources are claimed (the `package` line is the class file's own name, not a claim about a directory); every place this text is not a full recovery carries a marker of this prefix.
package p;

@java.lang.Override

interface package-info {
}
bridge_proofs = []
class.class_bytes.digest = "c3f6da308ae3b9c4e28588f72b1213897cde3ae0a43256a5068b9be7d6d85081"
class.class_bytes.length = 129
class.location.entry.ordinal = 1
class.location.entry.origin.root_container = "root"
class.location.entry.origin.snapshot = "2a0a587f022da46533084fed87c8dba1e1a822a2a75794a28c4a065a95413aec"
class.location.entry.origin.steps = []
class.location.entry.raw_name = [112,47,112,97,99,107,97,103,101,45,105,110,102,111,46,99,108,97,115,115]
class.location.kind = "archive_entry"
class.variant.kind = "base"
coverage.artifact_structural.scanned.0.end = 2
coverage.artifact_structural.scanned.0.label = "central_directory_entries"
coverage.artifact_structural.scanned.0.start = 0
coverage.artifact_structural.scanned.1.end = 1
coverage.artifact_structural.scanned.1.label = "navigation_candidates"
coverage.artifact_structural.scanned.1.start = 0
coverage.artifact_structural.skipped = []
coverage.artifact_structural.state = "complete_within_schema"
coverage.artifact_structural.uninterpreted_extensions = []
coverage.dynamic_analysis.scanned = []
coverage.dynamic_analysis.skipped = []
coverage.dynamic_analysis.state = "not_requested"
coverage.dynamic_analysis.uninterpreted_extensions = []
coverage.runtime_resolution.scanned = []
coverage.runtime_resolution.skipped = []
coverage.runtime_resolution.state = "not_requested"
coverage.runtime_resolution.uninterpreted_extensions = []
declaration.annotation_attributes.0.annotations.0.Annotation.elements = []
declaration.annotation_attributes.0.annotations.0.Annotation.type_descriptor = [76,106,97,118,97,47,108,97,110,103,47,79,118,101,114,114,105,100,101,59]
declaration.annotation_attributes.0.attribute.content_span.length = 6
declaration.annotation_attributes.0.attribute.content_span.start = 123
declaration.annotation_attributes.0.attribute.name.escaped = "RuntimeVisibleAnnotations"
declaration.annotation_attributes.0.attribute.name.raw = [82,117,110,116,105,109,101,86,105,115,105,98,108,101,65,110,110,111,116,97,116,105,111,110,115]
declaration.annotation_attributes.0.attribute.name.utf16 = [82,117,110,116,105,109,101,86,105,115,105,98,108,101,65,110,110,111,116,97,116,105,111,110,115]
declaration.annotation_attributes.0.attribute.span.length = 12
declaration.annotation_attributes.0.attribute.span.start = 117
declaration.annotation_refusals = []
declaration.annotation_uses = ["@java.lang.Override"]
declaration.declaration = "interface package-info"
declaration.generic_refusal = null
declaration.generic_signature = null
declaration.item.binding.kind = "path_name_agrees"
declaration.item.declaration.access_flags = 5632
declaration.item.declaration.interfaces = []
declaration.item.declaration.super_class.escaped = "java/lang/Object"
declaration.item.declaration.super_class.raw = [106,97,118,97,47,108,97,110,103,47,79,98,106,101,99,116]
declaration.item.declaration.super_class.utf16 = [106,97,118,97,47,108,97,110,103,47,79,98,106,101,99,116]
declaration.item.declaration.this_class.escaped = "p/package-info"
declaration.item.declaration.this_class.raw = [112,47,112,97,99,107,97,103,101,45,105,110,102,111]
declaration.item.declaration.this_class.utf16 = [112,47,112,97,99,107,97,103,101,45,105,110,102,111]
declaration.item.definition.class_bytes.digest = "c3f6da308ae3b9c4e28588f72b1213897cde3ae0a43256a5068b9be7d6d85081"
declaration.item.definition.class_bytes.length = 129
declaration.item.definition.location.entry.ordinal = 1
declaration.item.definition.location.entry.origin.root_container = "root"
declaration.item.definition.location.entry.origin.snapshot = "2a0a587f022da46533084fed87c8dba1e1a822a2a75794a28c4a065a95413aec"
declaration.item.definition.location.entry.origin.steps = []
declaration.item.definition.location.entry.raw_name = [112,47,112,97,99,107,97,103,101,45,105,110,102,111,46,99,108,97,115,115]
declaration.item.definition.location.kind = "archive_entry"
declaration.item.definition.variant.kind = "base"
declaration.item.member_table = null
declaration.name = "package-info"
diagnostics = []
enum_switch_proofs = []
execution.status = "complete"
execution.usage.analysis_steps = 0
execution.usage.archive_entries = 4
execution.usage.attribute_bytes = 24
execution.usage.class_bytes = 129
execution.usage.class_headers = 1
execution.usage.code_bytes = 0
execution.usage.dependency_depth = 0
execution.usage.elapsed_millis = 0
execution.usage.entry_bytes = 129
execution.usage.input_bytes = 986
execution.usage.ir_edges = 0
execution.usage.ir_items = 0
execution.usage.method_bodies = 0
execution.usage.nested_depth = 0
execution.usage.normalization_clones = 0
execution.usage.output_bytes = 111
execution.usage.read_bytes = 129
execution.usage.result_items = 4
fields = []
initializer_proof.fields = []
initializer_proof.kind = "proved"
limits.analysis_steps = 4194304
limits.archive_entries = 65536
limits.attribute_bytes = 67108864
limits.class_bytes = 67108864
limits.class_headers = 4096
limits.code_bytes = 16777216
limits.dependency_depth = 8
limits.elapsed_millis = 30000
limits.entry_bytes = 67108864
limits.input_bytes = 67108864
limits.ir_edges = 4194304
limits.ir_items = 4194304
limits.method_bodies = 4096
limits.nested_depth = 4
limits.normalization_clones = 1048576
limits.output_bytes = 16777216
limits.read_bytes = 67108864
limits.result_items = 65536
member_family.state = "absent"
methods = []
outcome = "performed"
stages = ["raw_facts","raw_cfg","legacy_normalization","canonical_cfg","frame","ssa"]
usage.analysis_steps = 0
usage.archive_entries = 4
usage.attribute_bytes = 24
usage.class_bytes = 129
usage.class_headers = 1
usage.code_bytes = 0
usage.dependency_depth = 0
usage.elapsed_millis = 0
usage.entry_bytes = 129
usage.input_bytes = 986
usage.ir_edges = 0
usage.ir_items = 0
usage.method_bodies = 0
usage.nested_depth = 0
usage.normalization_clones = 0
usage.output_bytes = 111
usage.read_bytes = 129
usage.result_items = 4
view.scope.kind = "snapshot_all"
view.snapshot = "2a0a587f022da46533084fed87c8dba1e1a822a2a75794a28c4a065a95413aec"
exit=0
