Classfile jar:file:///Users/lordcasser/workspace/projects/jarde/openspec/evidence/same-class-generic-call-consumers-2026-10-09/frozen-inputs-v1/openjdk23/debug/IncompleteSite/IncompleteSite.jar!/IncompleteSite.class
  Last modified 2026年10月9日; size 826 bytes
  SHA-256 checksum 5c312e86810d2d59252dd94505895e6227fa929217c73fecf40a3f242a5f4634
  Compiled from "IncompleteSite.java"
public class IncompleteSite<T extends java.lang.Object> extends java.lang.Object
  minor version: 0
  major version: 52
  flags: (0x0021) ACC_PUBLIC, ACC_SUPER
  this_class: #8                          // IncompleteSite
  super_class: #2                         // java/lang/Object
  interfaces: 0, fields: 0, methods: 3, attributes: 2
Constant pool:
   #1 = Methodref          #2.#3          // java/lang/Object."<init>":()V
   #2 = Class              #4             // java/lang/Object
   #3 = NameAndType        #5:#6          // "<init>":()V
   #4 = Utf8               java/lang/Object
   #5 = Utf8               <init>
   #6 = Utf8               ()V
   #7 = Methodref          #8.#9          // IncompleteSite.identity:(Ljava/lang/Object;)Ljava/lang/Object;
   #8 = Class              #10            // IncompleteSite
   #9 = NameAndType        #11:#12        // identity:(Ljava/lang/Object;)Ljava/lang/Object;
  #10 = Utf8               IncompleteSite
  #11 = Utf8               identity
  #12 = Utf8               (Ljava/lang/Object;)Ljava/lang/Object;
  #13 = Utf8               Code
  #14 = Utf8               LineNumberTable
  #15 = Utf8               LocalVariableTable
  #16 = Utf8               this
  #17 = Utf8               LIncompleteSite;
  #18 = Utf8               LocalVariableTypeTable
  #19 = Utf8               LIncompleteSite<TT;>;
  #20 = Utf8               x
  #21 = Utf8               Ljava/lang/Object;
  #22 = Utf8               TT;
  #23 = Utf8               Signature
  #24 = Utf8               (TT;)TT;
  #25 = Utf8               relay
  #26 = Utf8               (Ljava/lang/Object;Z)Ljava/lang/Object;
  #27 = Utf8               use
  #28 = Utf8               Z
  #29 = Utf8               StackMapTable
  #30 = Utf8               (TT;Z)TT;
  #31 = Utf8               <T:Ljava/lang/Object;>Ljava/lang/Object;
  #32 = Utf8               SourceFile
  #33 = Utf8               IncompleteSite.java
{
  public IncompleteSite();
    descriptor: ()V
    flags: (0x0001) ACC_PUBLIC
    Code:
      stack=1, locals=1, args_size=1
         0: aload_0
         1: invokespecial #1                  // Method java/lang/Object."<init>":()V
         4: return
      LineNumberTable:
        line 1: 0
      LocalVariableTable:
        Start  Length  Slot  Name   Signature
            0       5     0  this   LIncompleteSite;
      LocalVariableTypeTable:
        Start  Length  Slot  Name   Signature
            0       5     0  this   LIncompleteSite<TT;>;

  public T identity(T);
    descriptor: (Ljava/lang/Object;)Ljava/lang/Object;
    flags: (0x0001) ACC_PUBLIC
    Code:
      stack=1, locals=2, args_size=2
         0: aload_1
         1: areturn
      LineNumberTable:
        line 1: 0
      LocalVariableTable:
        Start  Length  Slot  Name   Signature
            0       2     0  this   LIncompleteSite;
            0       2     1     x   Ljava/lang/Object;
      LocalVariableTypeTable:
        Start  Length  Slot  Name   Signature
            0       2     0  this   LIncompleteSite<TT;>;
            0       2     1     x   TT;
    Signature: #24                          // (TT;)TT;

  public T relay(T, boolean);
    descriptor: (Ljava/lang/Object;Z)Ljava/lang/Object;
    flags: (0x0001) ACC_PUBLIC
    Code:
      stack=2, locals=3, args_size=3
         0: iload_2
         1: ifeq          10
         4: aload_0
         5: aload_1
         6: invokevirtual #7                  // Method identity:(Ljava/lang/Object;)Ljava/lang/Object;
         9: areturn
        10: aload_1
        11: areturn
      LineNumberTable:
        line 1: 0
      LocalVariableTable:
        Start  Length  Slot  Name   Signature
            0      12     0  this   LIncompleteSite;
            0      12     1     x   Ljava/lang/Object;
            0      12     2   use   Z
      LocalVariableTypeTable:
        Start  Length  Slot  Name   Signature
            0      12     0  this   LIncompleteSite<TT;>;
            0      12     1     x   TT;
      StackMapTable: number_of_entries = 1
        frame_type = 10 /* same */
    Signature: #30                          // (TT;Z)TT;
}
Signature: #31                          // <T:Ljava/lang/Object;>Ljava/lang/Object;
SourceFile: "IncompleteSite.java"
