Classfile /Users/lordcasser/workspace/projects/jarde/openspec/evidence/java-syntax-2026-09-22/class-annotation-uses/boundaries/generated/original/DuplicateTarget.class
  Last modified 2026年9月23日; size 234 bytes
  SHA-256 checksum 9e4c13bb65c0c0632d4a6dff493b06455696a9a9684d0d3863f49aa71a84d5bb
class DuplicateTarget
  minor version: 0
  major version: 52
  flags: (0x0020) ACC_SUPER
  this_class: #7                          // DuplicateTarget
  super_class: #2                         // java/lang/Object
  interfaces: 0, fields: 0, methods: 1, attributes: 1
Constant pool:
   #1 = Methodref          #2.#3          // java/lang/Object."<init>":()V
   #2 = Class              #4             // java/lang/Object
   #3 = NameAndType        #5:#6          // "<init>":()V
   #4 = Utf8               java/lang/Object
   #5 = Utf8               <init>
   #6 = Utf8               ()V
   #7 = Class              #8             // DuplicateTarget
   #8 = Utf8               DuplicateTarget
   #9 = Utf8               Code
  #10 = Utf8               RuntimeInvisibleAnnotations
  #11 = Utf8               LTags;
  #12 = Utf8               value
  #13 = Utf8               LTag;
  #14 = Utf8               one
  #15 = Utf8               two
{
  DuplicateTarget();
    descriptor: ()V
    flags: (0x0000)
    Code:
      stack=1, locals=1, args_size=1
         0: aload_0
         1: invokespecial #1                  // Method java/lang/Object."<init>":()V
         4: return
}
RuntimeInvisibleAnnotations:
  0: #11(#12=[@#13(#12=s#14),@#13(#12=s#15)])
    Tags(
      value=[@Tag(
        value="one"
      ),@Tag(
        value="two"
      )]
    )
