Classfile jar:file:///Users/lordcasser/workspace/projects/jarde/openspec/evidence/same-class-generic-call-consumers-2026-10-09/frozen-inputs-v1/openjdk23/nodebug/IndependentLeaf/IndependentLeaf.jar!/IndependentLeaf.class
  Last modified 2026年10月9日; size 288 bytes
  SHA-256 checksum d70cd32a8d8313842fbf10500ef235b368b77a4810360f207e0a3427da41e83c
public class IndependentLeaf<T extends java.lang.Object> extends java.lang.Object
  minor version: 0
  major version: 52
  flags: (0x0021) ACC_PUBLIC, ACC_SUPER
  this_class: #7                          // IndependentLeaf
  super_class: #2                         // java/lang/Object
  interfaces: 0, fields: 0, methods: 2, attributes: 1
Constant pool:
   #1 = Methodref          #2.#3          // java/lang/Object."<init>":()V
   #2 = Class              #4             // java/lang/Object
   #3 = NameAndType        #5:#6          // "<init>":()V
   #4 = Utf8               java/lang/Object
   #5 = Utf8               <init>
   #6 = Utf8               ()V
   #7 = Class              #8             // IndependentLeaf
   #8 = Utf8               IndependentLeaf
   #9 = Utf8               Code
  #10 = Utf8               leaf
  #11 = Utf8               (Ljava/lang/Object;)Ljava/lang/Object;
  #12 = Utf8               Signature
  #13 = Utf8               (TT;)TT;
  #14 = Utf8               <T:Ljava/lang/Object;>Ljava/lang/Object;
{
  public IndependentLeaf();
    descriptor: ()V
    flags: (0x0001) ACC_PUBLIC
    Code:
      stack=1, locals=1, args_size=1
         0: aload_0
         1: invokespecial #1                  // Method java/lang/Object."<init>":()V
         4: return

  public T leaf(T);
    descriptor: (Ljava/lang/Object;)Ljava/lang/Object;
    flags: (0x0001) ACC_PUBLIC
    Code:
      stack=1, locals=2, args_size=2
         0: aload_1
         1: areturn
    Signature: #13                          // (TT;)TT;
}
Signature: #14                          // <T:Ljava/lang/Object;>Ljava/lang/Object;
