Classfile jar:file:///Users/lordcasser/workspace/projects/jarde/openspec/evidence/same-class-generic-call-consumers-2026-10-09/frozen-inputs-v1/openjdk23/debug/MultiParam/MultiParam.jar!/MultiParam.class
  Last modified 2026年10月9日; size 768 bytes
  SHA-256 checksum ab77ef1cb1d4f8bd7d437ee4a29fa5efe19ad31abcfea277a779eb3ef68bdacb
  Compiled from "MultiParam.java"
public class MultiParam<T extends java.lang.Object> extends java.lang.Object
  minor version: 0
  major version: 52
  flags: (0x0021) ACC_PUBLIC, ACC_SUPER
  this_class: #8                          // MultiParam
  super_class: #2                         // java/lang/Object
  interfaces: 0, fields: 0, methods: 3, attributes: 2
Constant pool:
   #1 = Methodref          #2.#3          // java/lang/Object."<init>":()V
   #2 = Class              #4             // java/lang/Object
   #3 = NameAndType        #5:#6          // "<init>":()V
   #4 = Utf8               java/lang/Object
   #5 = Utf8               <init>
   #6 = Utf8               ()V
   #7 = Methodref          #8.#9          // MultiParam.first:(Ljava/lang/Object;Ljava/lang/Object;)Ljava/lang/Object;
   #8 = Class              #10            // MultiParam
   #9 = NameAndType        #11:#12        // first:(Ljava/lang/Object;Ljava/lang/Object;)Ljava/lang/Object;
  #10 = Utf8               MultiParam
  #11 = Utf8               first
  #12 = Utf8               (Ljava/lang/Object;Ljava/lang/Object;)Ljava/lang/Object;
  #13 = Utf8               Code
  #14 = Utf8               LineNumberTable
  #15 = Utf8               LocalVariableTable
  #16 = Utf8               this
  #17 = Utf8               LMultiParam;
  #18 = Utf8               LocalVariableTypeTable
  #19 = Utf8               LMultiParam<TT;>;
  #20 = Utf8               x
  #21 = Utf8               Ljava/lang/Object;
  #22 = Utf8               y
  #23 = Utf8               TT;
  #24 = Utf8               Signature
  #25 = Utf8               (TT;TT;)TT;
  #26 = Utf8               relay
  #27 = Utf8               <T:Ljava/lang/Object;>Ljava/lang/Object;
  #28 = Utf8               SourceFile
  #29 = Utf8               MultiParam.java
{
  public MultiParam();
    descriptor: ()V
    flags: (0x0001) ACC_PUBLIC
    Code:
      stack=1, locals=1, args_size=1
         0: aload_0
         1: invokespecial #1                  // Method java/lang/Object."<init>":()V
         4: return
      LineNumberTable:
        line 1: 0
      LocalVariableTable:
        Start  Length  Slot  Name   Signature
            0       5     0  this   LMultiParam;
      LocalVariableTypeTable:
        Start  Length  Slot  Name   Signature
            0       5     0  this   LMultiParam<TT;>;

  public T first(T, T);
    descriptor: (Ljava/lang/Object;Ljava/lang/Object;)Ljava/lang/Object;
    flags: (0x0001) ACC_PUBLIC
    Code:
      stack=1, locals=3, args_size=3
         0: aload_1
         1: areturn
      LineNumberTable:
        line 1: 0
      LocalVariableTable:
        Start  Length  Slot  Name   Signature
            0       2     0  this   LMultiParam;
            0       2     1     x   Ljava/lang/Object;
            0       2     2     y   Ljava/lang/Object;
      LocalVariableTypeTable:
        Start  Length  Slot  Name   Signature
            0       2     0  this   LMultiParam<TT;>;
            0       2     1     x   TT;
            0       2     2     y   TT;
    Signature: #25                          // (TT;TT;)TT;

  public T relay(T, T);
    descriptor: (Ljava/lang/Object;Ljava/lang/Object;)Ljava/lang/Object;
    flags: (0x0001) ACC_PUBLIC
    Code:
      stack=3, locals=3, args_size=3
         0: aload_0
         1: aload_1
         2: aload_2
         3: invokevirtual #7                  // Method first:(Ljava/lang/Object;Ljava/lang/Object;)Ljava/lang/Object;
         6: areturn
      LineNumberTable:
        line 1: 0
      LocalVariableTable:
        Start  Length  Slot  Name   Signature
            0       7     0  this   LMultiParam;
            0       7     1     x   Ljava/lang/Object;
            0       7     2     y   Ljava/lang/Object;
      LocalVariableTypeTable:
        Start  Length  Slot  Name   Signature
            0       7     0  this   LMultiParam<TT;>;
            0       7     1     x   TT;
            0       7     2     y   TT;
    Signature: #25                          // (TT;TT;)TT;
}
Signature: #27                          // <T:Ljava/lang/Object;>Ljava/lang/Object;
SourceFile: "MultiParam.java"
