Classfile jar:file:/Users/lordcasser/workspace/projects/jarde/openspec/evidence/same-class-generic-call-consumers-2026-10-09/frozen-inputs-v1/corretto8/nodebug/VoidDirect/VoidDirect.jar!/VoidDirect.class
  Last modified 2026-10-9; size 412 bytes
  MD5 checksum 70f04a7ac20826032011dd9e89277d60
public class VoidDirect<T extends java.lang.Object> extends java.lang.Object
  minor version: 0
  major version: 52
  flags: ACC_PUBLIC, ACC_SUPER
Constant pool:
   #1 = Methodref          #6.#20         // java/lang/Object."<init>":()V
   #2 = Fieldref           #5.#21         // VoidDirect.seen:Ljava/lang/Object;
   #3 = Fieldref           #5.#22         // VoidDirect.calls:I
   #4 = Methodref          #5.#23         // VoidDirect.sink:(Ljava/lang/Object;)V
   #5 = Class              #24            // VoidDirect
   #6 = Class              #25            // java/lang/Object
   #7 = Utf8               seen
   #8 = Utf8               Ljava/lang/Object;
   #9 = Utf8               calls
  #10 = Utf8               I
  #11 = Utf8               <init>
  #12 = Utf8               ()V
  #13 = Utf8               Code
  #14 = Utf8               sink
  #15 = Utf8               (Ljava/lang/Object;)V
  #16 = Utf8               Signature
  #17 = Utf8               (TT;)V
  #18 = Utf8               relay
  #19 = Utf8               <T:Ljava/lang/Object;>Ljava/lang/Object;
  #20 = NameAndType        #11:#12        // "<init>":()V
  #21 = NameAndType        #7:#8          // seen:Ljava/lang/Object;
  #22 = NameAndType        #9:#10         // calls:I
  #23 = NameAndType        #14:#15        // sink:(Ljava/lang/Object;)V
  #24 = Utf8               VoidDirect
  #25 = Utf8               java/lang/Object
{
  public java.lang.Object seen;
    descriptor: Ljava/lang/Object;
    flags: ACC_PUBLIC

  public int calls;
    descriptor: I
    flags: ACC_PUBLIC

  public VoidDirect();
    descriptor: ()V
    flags: ACC_PUBLIC
    Code:
      stack=1, locals=1, args_size=1
         0: aload_0
         1: invokespecial #1                  // Method java/lang/Object."<init>":()V
         4: return

  public void sink(T);
    descriptor: (Ljava/lang/Object;)V
    flags: ACC_PUBLIC
    Code:
      stack=3, locals=2, args_size=2
         0: aload_0
         1: aload_1
         2: putfield      #2                  // Field seen:Ljava/lang/Object;
         5: aload_0
         6: dup
         7: getfield      #3                  // Field calls:I
        10: iconst_1
        11: iadd
        12: putfield      #3                  // Field calls:I
        15: return
    Signature: #17                          // (TT;)V

  public void relay(T);
    descriptor: (Ljava/lang/Object;)V
    flags: ACC_PUBLIC
    Code:
      stack=2, locals=2, args_size=2
         0: aload_0
         1: aload_1
         2: invokevirtual #4                  // Method sink:(Ljava/lang/Object;)V
         5: return
    Signature: #17                          // (TT;)V
}
Signature: #19                          // <T:Ljava/lang/Object;>Ljava/lang/Object;
