Classfile jar:file:///Users/lordcasser/workspace/projects/jarde/openspec/evidence/same-class-generic-call-consumers-2026-10-09/frozen-inputs-v1/openjdk23/nodebug/VoidDirect/VoidDirect.jar!/VoidDirect.class
  Last modified 2026年10月9日; size 412 bytes
  SHA-256 checksum ea1344ce8595171991bb2520380283d5c1d1c51822a58231468fecb97140ac59
public class VoidDirect<T extends java.lang.Object> extends java.lang.Object
  minor version: 0
  major version: 52
  flags: (0x0021) ACC_PUBLIC, ACC_SUPER
  this_class: #8                          // VoidDirect
  super_class: #2                         // java/lang/Object
  interfaces: 0, fields: 2, methods: 3, attributes: 1
Constant pool:
   #1 = Methodref          #2.#3          // java/lang/Object."<init>":()V
   #2 = Class              #4             // java/lang/Object
   #3 = NameAndType        #5:#6          // "<init>":()V
   #4 = Utf8               java/lang/Object
   #5 = Utf8               <init>
   #6 = Utf8               ()V
   #7 = Fieldref           #8.#9          // VoidDirect.seen:Ljava/lang/Object;
   #8 = Class              #10            // VoidDirect
   #9 = NameAndType        #11:#12        // seen:Ljava/lang/Object;
  #10 = Utf8               VoidDirect
  #11 = Utf8               seen
  #12 = Utf8               Ljava/lang/Object;
  #13 = Fieldref           #8.#14         // VoidDirect.calls:I
  #14 = NameAndType        #15:#16        // calls:I
  #15 = Utf8               calls
  #16 = Utf8               I
  #17 = Methodref          #8.#18         // VoidDirect.sink:(Ljava/lang/Object;)V
  #18 = NameAndType        #19:#20        // sink:(Ljava/lang/Object;)V
  #19 = Utf8               sink
  #20 = Utf8               (Ljava/lang/Object;)V
  #21 = Utf8               Code
  #22 = Utf8               Signature
  #23 = Utf8               (TT;)V
  #24 = Utf8               relay
  #25 = Utf8               <T:Ljava/lang/Object;>Ljava/lang/Object;
{
  public java.lang.Object seen;
    descriptor: Ljava/lang/Object;
    flags: (0x0001) ACC_PUBLIC

  public int calls;
    descriptor: I
    flags: (0x0001) ACC_PUBLIC

  public VoidDirect();
    descriptor: ()V
    flags: (0x0001) ACC_PUBLIC
    Code:
      stack=1, locals=1, args_size=1
         0: aload_0
         1: invokespecial #1                  // Method java/lang/Object."<init>":()V
         4: return

  public void sink(T);
    descriptor: (Ljava/lang/Object;)V
    flags: (0x0001) ACC_PUBLIC
    Code:
      stack=3, locals=2, args_size=2
         0: aload_0
         1: aload_1
         2: putfield      #7                  // Field seen:Ljava/lang/Object;
         5: aload_0
         6: dup
         7: getfield      #13                 // Field calls:I
        10: iconst_1
        11: iadd
        12: putfield      #13                 // Field calls:I
        15: return
    Signature: #23                          // (TT;)V

  public void relay(T);
    descriptor: (Ljava/lang/Object;)V
    flags: (0x0001) ACC_PUBLIC
    Code:
      stack=2, locals=2, args_size=2
         0: aload_0
         1: aload_1
         2: invokevirtual #17                 // Method sink:(Ljava/lang/Object;)V
         5: return
    Signature: #23                          // (TT;)V
}
Signature: #25                          // <T:Ljava/lang/Object;>Ljava/lang/Object;
