Classfile jar:file:///Users/lordcasser/workspace/projects/jarde/openspec/changes/recover-same-class-generic-call-consumers/results/extension/nested-call-argument-v1/openjdk23/nodebug/NestedCallArgument.input.jar!/NestedCallArgument.class
  Last modified 2026年10月9日; size 409 bytes
  SHA-256 checksum ebb75f1cd92163c28a7facebdf6c67919b7bbc936352dbcc00cef8baebe85ba2
public class NestedCallArgument<T extends java.lang.Object> extends java.lang.Object
  minor version: 0
  major version: 52
  flags: (0x0021) ACC_PUBLIC, ACC_SUPER
  this_class: #8                          // NestedCallArgument
  super_class: #2                         // java/lang/Object
  interfaces: 0, fields: 0, methods: 4, attributes: 1
Constant pool:
   #1 = Methodref          #2.#3          // java/lang/Object."<init>":()V
   #2 = Class              #4             // java/lang/Object
   #3 = NameAndType        #5:#6          // "<init>":()V
   #4 = Utf8               java/lang/Object
   #5 = Utf8               <init>
   #6 = Utf8               ()V
   #7 = Methodref          #8.#9          // NestedCallArgument.first:(Ljava/lang/Object;)Ljava/lang/Object;
   #8 = Class              #10            // NestedCallArgument
   #9 = NameAndType        #11:#12        // first:(Ljava/lang/Object;)Ljava/lang/Object;
  #10 = Utf8               NestedCallArgument
  #11 = Utf8               first
  #12 = Utf8               (Ljava/lang/Object;)Ljava/lang/Object;
  #13 = Methodref          #8.#14         // NestedCallArgument.second:(Ljava/lang/Object;)Ljava/lang/Object;
  #14 = NameAndType        #15:#12        // second:(Ljava/lang/Object;)Ljava/lang/Object;
  #15 = Utf8               second
  #16 = Utf8               Code
  #17 = Utf8               Signature
  #18 = Utf8               (TT;)TT;
  #19 = Utf8               relay
  #20 = Utf8               <T:Ljava/lang/Object;>Ljava/lang/Object;
{
  public NestedCallArgument();
    descriptor: ()V
    flags: (0x0001) ACC_PUBLIC
    Code:
      stack=1, locals=1, args_size=1
         0: aload_0
         1: invokespecial #1                  // Method java/lang/Object."<init>":()V
         4: return

  public T first(T);
    descriptor: (Ljava/lang/Object;)Ljava/lang/Object;
    flags: (0x0001) ACC_PUBLIC
    Code:
      stack=1, locals=2, args_size=2
         0: aload_1
         1: areturn
    Signature: #18                          // (TT;)TT;

  public T second(T);
    descriptor: (Ljava/lang/Object;)Ljava/lang/Object;
    flags: (0x0001) ACC_PUBLIC
    Code:
      stack=1, locals=2, args_size=2
         0: aload_1
         1: areturn
    Signature: #18                          // (TT;)TT;

  public T relay(T);
    descriptor: (Ljava/lang/Object;)Ljava/lang/Object;
    flags: (0x0001) ACC_PUBLIC
    Code:
      stack=3, locals=2, args_size=2
         0: aload_0
         1: aload_0
         2: aload_1
         3: invokevirtual #7                  // Method first:(Ljava/lang/Object;)Ljava/lang/Object;
         6: invokevirtual #13                 // Method second:(Ljava/lang/Object;)Ljava/lang/Object;
         9: areturn
    Signature: #18                          // (TT;)TT;
}
Signature: #20                          // <T:Ljava/lang/Object;>Ljava/lang/Object;
