// jarde: presentation of `em01/SingleAbstract` from the class file's own declaration and one recovery run per member.
// jarde: not a compilable project: no imports and no resources are claimed (the `package` line is the class file's own name, not a claim about a directory); every place this text is not a full recovery carries a marker of this prefix.
package em01;

public class SingleAbstract extends java.lang.Object {
    public SingleAbstract() {
        // @method <init>()V
        // @declaration a constructor of `em01.SingleAbstract`, member flags 0x0001
        // recovered from bytecode; presentation is not claimed to compile
        super();
        return;
    }
}
bridge_proofs = []
class.class_bytes.digest = "80afa02fb6f463e17392aa8ac014c65bab7626d5f2d7cb64c04d9783d1d71e05"
class.class_bytes.length = 196
class.location.entry.ordinal = 5
class.location.entry.origin.root_container = "root"
class.location.entry.origin.snapshot = "cfc598f864f1136bcbda894cf63fc2084f1f94ae72f3c983394d4a35718620c6"
class.location.entry.origin.steps = []
class.location.entry.raw_name = [101,109,48,49,47,83,105,110,103,108,101,65,98,115,116,114,97,99,116,46,99,108,97,115,115]
class.location.kind = "archive_entry"
class.variant.kind = "base"
coverage.artifact_structural.scanned.0.end = 6
coverage.artifact_structural.scanned.0.label = "central_directory_entries"
coverage.artifact_structural.scanned.0.start = 0
coverage.artifact_structural.scanned.1.end = 1
coverage.artifact_structural.scanned.1.label = "navigation_candidates"
coverage.artifact_structural.scanned.1.start = 0
coverage.artifact_structural.scanned.2.end = 1
coverage.artifact_structural.scanned.2.label = "class_methods"
coverage.artifact_structural.scanned.2.start = 0
coverage.artifact_structural.scanned.3.end = 1
coverage.artifact_structural.scanned.3.label = "class_source_bodies"
coverage.artifact_structural.scanned.3.start = 0
coverage.artifact_structural.skipped = []
coverage.artifact_structural.state = "complete_within_schema"
coverage.artifact_structural.uninterpreted_extensions = []
coverage.dynamic_analysis.scanned = []
coverage.dynamic_analysis.skipped = []
coverage.dynamic_analysis.state = "not_requested"
coverage.dynamic_analysis.uninterpreted_extensions = []
coverage.runtime_resolution.scanned = []
coverage.runtime_resolution.skipped = []
coverage.runtime_resolution.state = "not_requested"
coverage.runtime_resolution.uninterpreted_extensions = []
declaration.annotation_attributes = []
declaration.annotation_refusals = []
declaration.annotation_uses = []
declaration.declaration = "public class SingleAbstract extends java.lang.Object"
declaration.generic_refusal = null
declaration.generic_signature = null
declaration.item.binding.kind = "path_name_agrees"
declaration.item.declaration.access_flags = 33
declaration.item.declaration.interfaces = []
declaration.item.declaration.super_class.escaped = "java/lang/Object"
declaration.item.declaration.super_class.raw = [106,97,118,97,47,108,97,110,103,47,79,98,106,101,99,116]
declaration.item.declaration.super_class.utf16 = [106,97,118,97,47,108,97,110,103,47,79,98,106,101,99,116]
declaration.item.declaration.this_class.escaped = "em01/SingleAbstract"
declaration.item.declaration.this_class.raw = [101,109,48,49,47,83,105,110,103,108,101,65,98,115,116,114,97,99,116]
declaration.item.declaration.this_class.utf16 = [101,109,48,49,47,83,105,110,103,108,101,65,98,115,116,114,97,99,116]
declaration.item.definition.class_bytes.digest = "80afa02fb6f463e17392aa8ac014c65bab7626d5f2d7cb64c04d9783d1d71e05"
declaration.item.definition.class_bytes.length = 196
declaration.item.definition.location.entry.ordinal = 5
declaration.item.definition.location.entry.origin.root_container = "root"
declaration.item.definition.location.entry.origin.snapshot = "cfc598f864f1136bcbda894cf63fc2084f1f94ae72f3c983394d4a35718620c6"
declaration.item.definition.location.entry.origin.steps = []
declaration.item.definition.location.entry.raw_name = [101,109,48,49,47,83,105,110,103,108,101,65,98,115,116,114,97,99,116,46,99,108,97,115,115]
declaration.item.definition.location.kind = "archive_entry"
declaration.item.definition.variant.kind = "base"
declaration.item.member_table = null
declaration.name = "SingleAbstract"
diagnostics = []
enum_switch_proofs = []
execution.status = "complete"
execution.usage.analysis_steps = 136
execution.usage.archive_entries = 61
execution.usage.attribute_bytes = 445
execution.usage.class_bytes = 1700
execution.usage.class_headers = 4
execution.usage.code_bytes = 15
execution.usage.dependency_depth = 0
execution.usage.elapsed_millis = 4
execution.usage.entry_bytes = 1286
execution.usage.input_bytes = 1648
execution.usage.ir_edges = 6
execution.usage.ir_items = 201
execution.usage.method_bodies = 3
execution.usage.nested_depth = 0
execution.usage.normalization_clones = 0
execution.usage.output_bytes = 583
execution.usage.read_bytes = 1044
execution.usage.result_items = 46
fields = []
initializer_proof.kind = "not_applicable"
limits.analysis_steps = 4194304
limits.archive_entries = 65536
limits.attribute_bytes = 67108864
limits.class_bytes = 67108864
limits.class_headers = 4096
limits.code_bytes = 16777216
limits.dependency_depth = 8
limits.elapsed_millis = 30000
limits.entry_bytes = 67108864
limits.input_bytes = 67108864
limits.ir_edges = 4194304
limits.ir_items = 4194304
limits.method_bodies = 4096
limits.nested_depth = 4
limits.normalization_clones = 1048576
limits.output_bytes = 16777216
limits.read_bytes = 67108864
limits.result_items = 65536
member_family.calls.reason = "root has no same-run direct return of the selected static member"
member_family.calls.refusals = []
member_family.calls.sites = []
member_family.calls.state = "refused"
member_family.capture.state = "static_no_capture"
member_family.child.bridge_proofs = []
member_family.child.class.class_bytes.digest = "4e64118d35124d20b0facf60d9d78dd8e62614058dd4300277b9888e442b7c82"
member_family.child.class.class_bytes.length = 218
member_family.child.class.location.entry.ordinal = 4
member_family.child.class.location.entry.origin.root_container = "root"
member_family.child.class.location.entry.origin.snapshot = "cfc598f864f1136bcbda894cf63fc2084f1f94ae72f3c983394d4a35718620c6"
member_family.child.class.location.entry.origin.steps = []
member_family.child.class.location.entry.raw_name = [101,109,48,49,47,83,105,110,103,108,101,65,98,115,116,114,97,99,116,36,65,46,99,108,97,115,115]
member_family.child.class.location.kind = "archive_entry"
member_family.child.class.variant.kind = "base"
member_family.child.coverage.artifact_structural.scanned.0.end = 2
member_family.child.coverage.artifact_structural.scanned.0.label = "class_methods"
member_family.child.coverage.artifact_structural.scanned.0.start = 0
member_family.child.coverage.artifact_structural.scanned.1.end = 1
member_family.child.coverage.artifact_structural.scanned.1.label = "class_source_bodies"
member_family.child.coverage.artifact_structural.scanned.1.start = 0
member_family.child.coverage.artifact_structural.skipped = []
member_family.child.coverage.artifact_structural.state = "complete_within_schema"
member_family.child.coverage.artifact_structural.uninterpreted_extensions = []
member_family.child.coverage.dynamic_analysis.scanned = []
member_family.child.coverage.dynamic_analysis.skipped = []
member_family.child.coverage.dynamic_analysis.state = "not_requested"
member_family.child.coverage.dynamic_analysis.uninterpreted_extensions = []
member_family.child.coverage.runtime_resolution.scanned = []
member_family.child.coverage.runtime_resolution.skipped = []
member_family.child.coverage.runtime_resolution.state = "not_requested"
member_family.child.coverage.runtime_resolution.uninterpreted_extensions = []
member_family.child.declaration.annotation_attributes = []
member_family.child.declaration.annotation_refusals = []
member_family.child.declaration.annotation_uses = []
member_family.child.declaration.declaration = "public abstract class SingleAbstract$A extends java.lang.Object"
member_family.child.declaration.generic_refusal = null
member_family.child.declaration.generic_signature = null
member_family.child.declaration.item.binding.kind = "path_name_agrees"
member_family.child.declaration.item.declaration.access_flags = 1057
member_family.child.declaration.item.declaration.interfaces = []
member_family.child.declaration.item.declaration.super_class.escaped = "java/lang/Object"
member_family.child.declaration.item.declaration.super_class.raw = [106,97,118,97,47,108,97,110,103,47,79,98,106,101,99,116]
member_family.child.declaration.item.declaration.super_class.utf16 = [106,97,118,97,47,108,97,110,103,47,79,98,106,101,99,116]
member_family.child.declaration.item.declaration.this_class.escaped = "em01/SingleAbstract$A"
member_family.child.declaration.item.declaration.this_class.raw = [101,109,48,49,47,83,105,110,103,108,101,65,98,115,116,114,97,99,116,36,65]
member_family.child.declaration.item.declaration.this_class.utf16 = [101,109,48,49,47,83,105,110,103,108,101,65,98,115,116,114,97,99,116,36,65]
member_family.child.declaration.item.definition.class_bytes.digest = "4e64118d35124d20b0facf60d9d78dd8e62614058dd4300277b9888e442b7c82"
member_family.child.declaration.item.definition.class_bytes.length = 218
member_family.child.declaration.item.definition.location.entry.ordinal = 4
member_family.child.declaration.item.definition.location.entry.origin.root_container = "root"
member_family.child.declaration.item.definition.location.entry.origin.snapshot = "cfc598f864f1136bcbda894cf63fc2084f1f94ae72f3c983394d4a35718620c6"
member_family.child.declaration.item.definition.location.entry.origin.steps = []
member_family.child.declaration.item.definition.location.entry.raw_name = [101,109,48,49,47,83,105,110,103,108,101,65,98,115,116,114,97,99,116,36,65,46,99,108,97,115,115]
member_family.child.declaration.item.definition.location.kind = "archive_entry"
member_family.child.declaration.item.definition.variant.kind = "base"
member_family.child.declaration.item.member_table = null
member_family.child.declaration.name = "SingleAbstract$A"
member_family.child.diagnostics = []
member_family.child.enum_switch_proofs = []
member_family.child.execution.status = "complete"
member_family.child.execution.usage.analysis_steps = 131
member_family.child.execution.usage.archive_entries = 61
member_family.child.execution.usage.attribute_bytes = 445
member_family.child.execution.usage.class_bytes = 1700
member_family.child.execution.usage.class_headers = 4
member_family.child.execution.usage.code_bytes = 15
member_family.child.execution.usage.dependency_depth = 0
member_family.child.execution.usage.elapsed_millis = 4
member_family.child.execution.usage.entry_bytes = 1286
member_family.child.execution.usage.input_bytes = 1648
member_family.child.execution.usage.ir_edges = 6
member_family.child.execution.usage.ir_items = 201
member_family.child.execution.usage.method_bodies = 3
member_family.child.execution.usage.nested_depth = 0
member_family.child.execution.usage.normalization_clones = 0
member_family.child.execution.usage.output_bytes = 583
member_family.child.execution.usage.read_bytes = 1044
member_family.child.execution.usage.result_items = 46
member_family.child.fields = []
member_family.child.initializer_proof.kind = "not_applicable"
member_family.child.limits.analysis_steps = 4194304
member_family.child.limits.archive_entries = 65536
member_family.child.limits.attribute_bytes = 67108864
member_family.child.limits.class_bytes = 67108864
member_family.child.limits.class_headers = 4096
member_family.child.limits.code_bytes = 16777216
member_family.child.limits.dependency_depth = 8
member_family.child.limits.elapsed_millis = 30000
member_family.child.limits.entry_bytes = 67108864
member_family.child.limits.input_bytes = 67108864
member_family.child.limits.ir_edges = 4194304
member_family.child.limits.ir_items = 4194304
member_family.child.limits.method_bodies = 4096
member_family.child.limits.nested_depth = 4
member_family.child.limits.normalization_clones = 1048576
member_family.child.limits.output_bytes = 16777216
member_family.child.limits.read_bytes = 67108864
member_family.child.limits.result_items = 65536
member_family.child.member_family.state = "absent"
member_family.child.methods.0.annotations.attributes = []
member_family.child.methods.0.annotations.refusals = []
member_family.child.methods.0.annotations.uses = []
member_family.child.methods.0.declaration = "public SingleAbstract$A()"
member_family.child.methods.0.item.access_flags = 1
member_family.child.methods.0.item.body.content_span.length = 17
member_family.child.methods.0.item.body.content_span.start = 175
member_family.child.methods.0.item.body.kind = "code_attribute"
member_family.child.methods.0.item.descriptor.escaped = "()V"
member_family.child.methods.0.item.descriptor.raw = [40,41,86]
member_family.child.methods.0.item.descriptor.utf16 = [40,41,86]
member_family.child.methods.0.item.identity.descriptor = [40,41,86]
member_family.child.methods.0.item.identity.name = [60,105,110,105,116,62]
member_family.child.methods.0.item.identity.owner.class_bytes.digest = "4e64118d35124d20b0facf60d9d78dd8e62614058dd4300277b9888e442b7c82"
member_family.child.methods.0.item.identity.owner.class_bytes.length = 218
member_family.child.methods.0.item.identity.owner.location.entry.ordinal = 4
member_family.child.methods.0.item.identity.owner.location.entry.origin.root_container = "root"
member_family.child.methods.0.item.identity.owner.location.entry.origin.snapshot = "cfc598f864f1136bcbda894cf63fc2084f1f94ae72f3c983394d4a35718620c6"
member_family.child.methods.0.item.identity.owner.location.entry.origin.steps = []
member_family.child.methods.0.item.identity.owner.location.entry.raw_name = [101,109,48,49,47,83,105,110,103,108,101,65,98,115,116,114,97,99,116,36,65,46,99,108,97,115,115]
member_family.child.methods.0.item.identity.owner.location.kind = "archive_entry"
member_family.child.methods.0.item.identity.owner.variant.kind = "base"
member_family.child.methods.0.item.index = 0
member_family.child.methods.0.item.name.escaped = "<init>"
member_family.child.methods.0.item.name.raw = [60,105,110,105,116,62]
member_family.child.methods.0.item.name.utf16 = [60,105,110,105,116,62]
member_family.child.methods.0.markers = []
member_family.child.methods.0.no_body_kind = null
member_family.child.methods.0.outcome.analysis.diagnostics = 0
member_family.child.methods.0.outcome.analysis.execution.status = "complete"
member_family.child.methods.0.outcome.analysis.execution.usage.analysis_steps = 116
member_family.child.methods.0.outcome.analysis.execution.usage.archive_entries = 61
member_family.child.methods.0.outcome.analysis.execution.usage.attribute_bytes = 445
member_family.child.methods.0.outcome.analysis.execution.usage.class_bytes = 1700
member_family.child.methods.0.outcome.analysis.execution.usage.class_headers = 4
member_family.child.methods.0.outcome.analysis.execution.usage.code_bytes = 15
member_family.child.methods.0.outcome.analysis.execution.usage.dependency_depth = 0
member_family.child.methods.0.outcome.analysis.execution.usage.elapsed_millis = 4
member_family.child.methods.0.outcome.analysis.execution.usage.entry_bytes = 1286
member_family.child.methods.0.outcome.analysis.execution.usage.input_bytes = 1648
member_family.child.methods.0.outcome.analysis.execution.usage.ir_edges = 6
member_family.child.methods.0.outcome.analysis.execution.usage.ir_items = 186
member_family.child.methods.0.outcome.analysis.execution.usage.method_bodies = 3
member_family.child.methods.0.outcome.analysis.execution.usage.nested_depth = 0
member_family.child.methods.0.outcome.analysis.execution.usage.normalization_clones = 0
member_family.child.methods.0.outcome.analysis.execution.usage.output_bytes = 388
member_family.child.methods.0.outcome.analysis.execution.usage.read_bytes = 1044
member_family.child.methods.0.outcome.analysis.execution.usage.result_items = 44
member_family.child.methods.0.outcome.kind = "recovered"
member_family.child.methods.0.outcome.report.accessors = []
member_family.child.methods.0.outcome.report.aliased_names = []
member_family.child.methods.0.outcome.report.artifact.agreement.state = "not_stated"
member_family.child.methods.0.outcome.report.artifact.binding.engine = "0.1.0"
member_family.child.methods.0.outcome.report.artifact.binding.environment.content = ["cfc598f864f1136bcbda894cf63fc2084f1f94ae72f3c983394d4a35718620c6"]
member_family.child.methods.0.outcome.report.artifact.binding.environment.domain_loaders = ["app"]
member_family.child.methods.0.outcome.report.artifact.binding.environment.providers = []
member_family.child.methods.0.outcome.report.artifact.binding.environment.runtime.load_domain.delegation.kind = "parent_first"
member_family.child.methods.0.outcome.report.artifact.binding.environment.runtime.load_domain.external_override = "none"
member_family.child.methods.0.outcome.report.artifact.binding.environment.runtime.load_domain.loader = "app"
member_family.child.methods.0.outcome.report.artifact.binding.environment.runtime.load_domain.module_mode.kind = "class_path"
member_family.child.methods.0.outcome.report.artifact.binding.environment.runtime.load_domain.parent_loader = null
member_family.child.methods.0.outcome.report.artifact.binding.environment.runtime.load_domain.roots.0.kind = "container"
member_family.child.methods.0.outcome.report.artifact.binding.environment.runtime.load_domain.roots.0.origin.root_container = "root"
member_family.child.methods.0.outcome.report.artifact.binding.environment.runtime.load_domain.roots.0.origin.snapshot = "cfc598f864f1136bcbda894cf63fc2084f1f94ae72f3c983394d4a35718620c6"
member_family.child.methods.0.outcome.report.artifact.binding.environment.runtime.load_domain.roots.0.origin.steps = []
member_family.child.methods.0.outcome.report.artifact.binding.environment.runtime.load_domain.roots.0.prefix = []
member_family.child.methods.0.outcome.report.artifact.binding.environment.runtime.load_domain.runtime_transformation = "none"
member_family.child.methods.0.outcome.report.artifact.binding.environment.runtime.physical.scope.kind = "snapshot_all"
member_family.child.methods.0.outcome.report.artifact.binding.environment.runtime.physical.snapshot = "cfc598f864f1136bcbda894cf63fc2084f1f94ae72f3c983394d4a35718620c6"
member_family.child.methods.0.outcome.report.artifact.binding.environment.runtime.profile.java_release = 8
member_family.child.methods.0.outcome.report.artifact.binding.environment.runtime.profile.layout.kind = "generic"
member_family.child.methods.0.outcome.report.artifact.binding.environment.runtime.profile.multi_release.kind = "disabled"
member_family.child.methods.0.outcome.report.artifact.binding.member_ordinal = 0
member_family.child.methods.0.outcome.report.artifact.binding.method.descriptor = [40,41,86]
member_family.child.methods.0.outcome.report.artifact.binding.method.name = [60,105,110,105,116,62]
member_family.child.methods.0.outcome.report.artifact.binding.method.owner.class_bytes.digest = "4e64118d35124d20b0facf60d9d78dd8e62614058dd4300277b9888e442b7c82"
member_family.child.methods.0.outcome.report.artifact.binding.method.owner.class_bytes.length = 218
member_family.child.methods.0.outcome.report.artifact.binding.method.owner.location.entry.ordinal = 4
member_family.child.methods.0.outcome.report.artifact.binding.method.owner.location.entry.origin.root_container = "root"
member_family.child.methods.0.outcome.report.artifact.binding.method.owner.location.entry.origin.snapshot = "cfc598f864f1136bcbda894cf63fc2084f1f94ae72f3c983394d4a35718620c6"
member_family.child.methods.0.outcome.report.artifact.binding.method.owner.location.entry.origin.steps = []
member_family.child.methods.0.outcome.report.artifact.binding.method.owner.location.entry.raw_name = [101,109,48,49,47,83,105,110,103,108,101,65,98,115,116,114,97,99,116,36,65,46,99,108,97,115,115]
member_family.child.methods.0.outcome.report.artifact.binding.method.owner.location.kind = "archive_entry"
member_family.child.methods.0.outcome.report.artifact.binding.method.owner.variant.kind = "base"
member_family.child.methods.0.outcome.report.artifact.binding.profile.java_release = 8
member_family.child.methods.0.outcome.report.artifact.binding.profile.layout.kind = "generic"
member_family.child.methods.0.outcome.report.artifact.binding.profile.multi_release.kind = "disabled"
member_family.child.methods.0.outcome.report.artifact.binding.registry = 71
member_family.child.methods.0.outcome.report.artifact.binding.rules = ["straight@1","if@1","loop@1","switch@1","lambda@1","concat@1","bridge@1","accessor@1","new@1","field@1","enumswitch@1","init@1","declaration@1","twr@1","monitor@1","finally@1"]
member_family.child.methods.0.outcome.report.artifact.binding.schema = 1
member_family.child.methods.0.outcome.report.artifact.binding.text_bytes = 195
member_family.child.methods.0.outcome.report.artifact.binding.text_digest = "3a77cd4d3386b1ea3e6a4db7829ec616"
member_family.child.methods.0.outcome.report.bridges = []
member_family.child.methods.0.outcome.report.compile_status = "not_attempted"
member_family.child.methods.0.outcome.report.concats = []
member_family.child.methods.0.outcome.report.content = "contains_statements"
member_family.child.methods.0.outcome.report.declaration = null
member_family.child.methods.0.outcome.report.diagnostics.0.code = "jre_recovery_produced"
member_family.child.methods.0.outcome.report.diagnostics.0.message = "1 region(s), 2 statement(s), 2 segment(s), 195 byte(s) written from 1 canonical block(s)"
member_family.child.methods.0.outcome.report.diagnostics.0.provenance = null
member_family.child.methods.0.outcome.report.diagnostics.0.severity = "info"
member_family.child.methods.0.outcome.report.diagnostics.1.code = "jre_constructor_prologue"
member_family.child.methods.0.outcome.report.diagnostics.1.message = "the body is an instance initializer and its prologue is written under init@1 as `super`: the call at BCI 1 names `java/lang/Object`, and the class that declares this constructor is `em01/SingleAbstract$A`"
member_family.child.methods.0.outcome.report.diagnostics.1.provenance = null
member_family.child.methods.0.outcome.report.diagnostics.1.severity = "info"
member_family.child.methods.0.outcome.report.diagnostics.2.code = "jre_declaration"
member_family.child.methods.0.outcome.report.diagnostics.2.message = "the artifact's envelope states the member's declaration under declaration@1: a constructor"
member_family.child.methods.0.outcome.report.diagnostics.2.provenance = null
member_family.child.methods.0.outcome.report.diagnostics.2.severity = "info"
member_family.child.methods.0.outcome.report.enum_switches = []
member_family.child.methods.0.outcome.report.evidence.categories.0.kind = "source_map"
member_family.child.methods.0.outcome.report.evidence.categories.0.state.state = "not_requested"
member_family.child.methods.0.outcome.report.evidence.categories.1.kind = "region_details"
member_family.child.methods.0.outcome.report.evidence.categories.1.state.state = "not_requested"
member_family.child.methods.0.outcome.report.evidence.categories.2.kind = "rule_details"
member_family.child.methods.0.outcome.report.evidence.categories.2.state.state = "not_requested"
member_family.child.methods.0.outcome.report.evidence.categories.3.kind = "name_details"
member_family.child.methods.0.outcome.report.evidence.categories.3.state.state = "not_requested"
member_family.child.methods.0.outcome.report.evidence.categories.4.kind = "read_details"
member_family.child.methods.0.outcome.report.evidence.categories.4.state.state = "not_requested"
member_family.child.methods.0.outcome.report.evidence.requested.driver_bci_range = null
member_family.child.methods.0.outcome.report.evidence.requested.expected_artifact = null
member_family.child.methods.0.outcome.report.evidence.requested.kinds = []
member_family.child.methods.0.outcome.report.execution.status = "complete"
member_family.child.methods.0.outcome.report.execution.usage.analysis_steps = 131
member_family.child.methods.0.outcome.report.execution.usage.archive_entries = 61
member_family.child.methods.0.outcome.report.execution.usage.attribute_bytes = 445
member_family.child.methods.0.outcome.report.execution.usage.class_bytes = 1700
member_family.child.methods.0.outcome.report.execution.usage.class_headers = 4
member_family.child.methods.0.outcome.report.execution.usage.code_bytes = 15
member_family.child.methods.0.outcome.report.execution.usage.dependency_depth = 0
member_family.child.methods.0.outcome.report.execution.usage.elapsed_millis = 4
member_family.child.methods.0.outcome.report.execution.usage.entry_bytes = 1286
member_family.child.methods.0.outcome.report.execution.usage.input_bytes = 1648
member_family.child.methods.0.outcome.report.execution.usage.ir_edges = 6
member_family.child.methods.0.outcome.report.execution.usage.ir_items = 201
member_family.child.methods.0.outcome.report.execution.usage.method_bodies = 3
member_family.child.methods.0.outcome.report.execution.usage.nested_depth = 0
member_family.child.methods.0.outcome.report.execution.usage.normalization_clones = 0
member_family.child.methods.0.outcome.report.execution.usage.output_bytes = 583
member_family.child.methods.0.outcome.report.execution.usage.read_bytes = 1044
member_family.child.methods.0.outcome.report.execution.usage.result_items = 44
member_family.child.methods.0.outcome.report.fallbacks = []
member_family.child.methods.0.outcome.report.fields = []
member_family.child.methods.0.outcome.report.init = null
member_family.child.methods.0.outcome.report.lambdas = []
member_family.child.methods.0.outcome.report.method = "<init>()V"
member_family.child.methods.0.outcome.report.news = []
member_family.child.methods.0.outcome.report.outcome = "produced"
member_family.child.methods.0.outcome.report.profile.java_release = 8
member_family.child.methods.0.outcome.report.profile.layout.kind = "generic"
member_family.child.methods.0.outcome.report.profile.multi_release.kind = "disabled"
member_family.child.methods.0.outcome.report.quality = "structured"
member_family.child.methods.0.outcome.report.regions = []
member_family.child.methods.0.outcome.report.representation = "java"
member_family.child.methods.0.outcome.report.rules = []
member_family.child.methods.0.outcome.report.semantic_validation = "unproven"
member_family.child.methods.0.outcome.report.source_map.segments = []
member_family.child.methods.0.outcome.report.syntax_status = "unchecked"
member_family.child.methods.0.outcome.report.text = "// @method <init>()V\n// @declaration a constructor of `em01.SingleAbstract$A`, member flags 0x0001\n// recovered from bytecode; presentation is not claimed to compile\n{\n    super();\n    return;\n}\n"
member_family.child.methods.0.outcome.report.verification = "not_performed"
member_family.child.methods.0.parameter_annotations.attributes = []
member_family.child.methods.0.parameter_annotations.refusals = []
member_family.child.methods.0.parameter_annotations.uses_by_position = []
member_family.child.methods.0.text = "    public SingleAbstract$A() {\n        // @method <init>()V\n        // @declaration a constructor of `em01.SingleAbstract$A`, member flags 0x0001\n        // recovered from bytecode; presentation is not claimed to compile\n        super();\n        return;\n    }\n"
member_family.child.methods.0.type_annotations.attributes = []
member_family.child.methods.0.type_annotations.field_uses = []
member_family.child.methods.0.type_annotations.parameter_uses = []
member_family.child.methods.0.type_annotations.refusals = []
member_family.child.methods.0.type_annotations.return_uses = []
member_family.child.methods.1.annotations.attributes = []
member_family.child.methods.1.annotations.refusals = []
member_family.child.methods.1.annotations.uses = []
member_family.child.methods.1.declaration = "public abstract int test2()"
member_family.child.methods.1.item.access_flags = 1025
member_family.child.methods.1.item.body.kind = "no_code_attribute"
member_family.child.methods.1.item.descriptor.escaped = "()I"
member_family.child.methods.1.item.descriptor.raw = [40,41,73]
member_family.child.methods.1.item.descriptor.utf16 = [40,41,73]
member_family.child.methods.1.item.identity.descriptor = [40,41,73]
member_family.child.methods.1.item.identity.name = [116,101,115,116,50]
member_family.child.methods.1.item.identity.owner.class_bytes.digest = "4e64118d35124d20b0facf60d9d78dd8e62614058dd4300277b9888e442b7c82"
member_family.child.methods.1.item.identity.owner.class_bytes.length = 218
member_family.child.methods.1.item.identity.owner.location.entry.ordinal = 4
member_family.child.methods.1.item.identity.owner.location.entry.origin.root_container = "root"
member_family.child.methods.1.item.identity.owner.location.entry.origin.snapshot = "cfc598f864f1136bcbda894cf63fc2084f1f94ae72f3c983394d4a35718620c6"
member_family.child.methods.1.item.identity.owner.location.entry.origin.steps = []
member_family.child.methods.1.item.identity.owner.location.entry.raw_name = [101,109,48,49,47,83,105,110,103,108,101,65,98,115,116,114,97,99,116,36,65,46,99,108,97,115,115]
member_family.child.methods.1.item.identity.owner.location.kind = "archive_entry"
member_family.child.methods.1.item.identity.owner.variant.kind = "base"
member_family.child.methods.1.item.index = 1
member_family.child.methods.1.item.name.escaped = "test2"
member_family.child.methods.1.item.name.raw = [116,101,115,116,50]
member_family.child.methods.1.item.name.utf16 = [116,101,115,116,50]
member_family.child.methods.1.markers = ["// jarde: no body: the member `test2()I` is declared abstract and its declaration carries no Code attribute"]
member_family.child.methods.1.no_body_kind = "abstract"
member_family.child.methods.1.outcome.kind = "no_body"
member_family.child.methods.1.parameter_annotations.attributes = []
member_family.child.methods.1.parameter_annotations.refusals = []
member_family.child.methods.1.parameter_annotations.uses_by_position = []
member_family.child.methods.1.text = "    // jarde: no body: the member `test2()I` is declared abstract and its declaration carries no Code attribute\n    public abstract int test2();\n"
member_family.child.methods.1.type_annotations.attributes = []
member_family.child.methods.1.type_annotations.field_uses = []
member_family.child.methods.1.type_annotations.parameter_uses = []
member_family.child.methods.1.type_annotations.refusals = []
member_family.child.methods.1.type_annotations.return_uses = []
member_family.child.nested_annotation_family.state = "absent"
member_family.child.nested_enum_family.state = "absent"
member_family.child.stages = ["raw_facts","raw_cfg","legacy_normalization","canonical_cfg","frame","ssa"]
member_family.child.text = "// jarde: presentation of `em01/SingleAbstract$A` from the class file's own declaration and one recovery run per member.\n// jarde: not a compilable project: no imports and no resources are claimed (the `package` line is the class file's own name, not a claim about a directory); every place this text is not a full recovery carries a marker of this prefix.\npackage em01;\n\npublic abstract class SingleAbstract$A extends java.lang.Object {\n    public SingleAbstract$A() {\n        // @method <init>()V\n        // @declaration a constructor of `em01.SingleAbstract$A`, member flags 0x0001\n        // recovered from bytecode; presentation is not claimed to compile\n        super();\n        return;\n    }\n\n    // jarde: no body: the member `test2()I` is declared abstract and its declaration carries no Code attribute\n    public abstract int test2();\n}\n"
member_family.child.usage.analysis_steps = 131
member_family.child.usage.archive_entries = 61
member_family.child.usage.attribute_bytes = 445
member_family.child.usage.class_bytes = 1700
member_family.child.usage.class_headers = 4
member_family.child.usage.code_bytes = 15
member_family.child.usage.dependency_depth = 0
member_family.child.usage.elapsed_millis = 4
member_family.child.usage.entry_bytes = 1286
member_family.child.usage.input_bytes = 1648
member_family.child.usage.ir_edges = 6
member_family.child.usage.ir_items = 201
member_family.child.usage.method_bodies = 3
member_family.child.usage.nested_depth = 0
member_family.child.usage.normalization_clones = 0
member_family.child.usage.output_bytes = 583
member_family.child.usage.read_bytes = 1044
member_family.child.usage.result_items = 46
member_family.child.view.scope.kind = "snapshot_all"
member_family.child.view.snapshot = "cfc598f864f1136bcbda894cf63fc2084f1f94ae72f3c983394d4a35718620c6"
member_family.projection.reason = "capture proof is incomplete"
member_family.projection.state = "refused"
member_family.relation.access_flags = 1033
member_family.relation.child.class_bytes.digest = "4e64118d35124d20b0facf60d9d78dd8e62614058dd4300277b9888e442b7c82"
member_family.relation.child.class_bytes.length = 218
member_family.relation.child.location.entry.ordinal = 4
member_family.relation.child.location.entry.origin.root_container = "root"
member_family.relation.child.location.entry.origin.snapshot = "cfc598f864f1136bcbda894cf63fc2084f1f94ae72f3c983394d4a35718620c6"
member_family.relation.child.location.entry.origin.steps = []
member_family.relation.child.location.entry.raw_name = [101,109,48,49,47,83,105,110,103,108,101,65,98,115,116,114,97,99,116,36,65,46,99,108,97,115,115]
member_family.relation.child.location.kind = "archive_entry"
member_family.relation.child.variant.kind = "base"
member_family.relation.root.class_bytes.digest = "80afa02fb6f463e17392aa8ac014c65bab7626d5f2d7cb64c04d9783d1d71e05"
member_family.relation.root.class_bytes.length = 196
member_family.relation.root.location.entry.ordinal = 5
member_family.relation.root.location.entry.origin.root_container = "root"
member_family.relation.root.location.entry.origin.snapshot = "cfc598f864f1136bcbda894cf63fc2084f1f94ae72f3c983394d4a35718620c6"
member_family.relation.root.location.entry.origin.steps = []
member_family.relation.root.location.entry.raw_name = [101,109,48,49,47,83,105,110,103,108,101,65,98,115,116,114,97,99,116,46,99,108,97,115,115]
member_family.relation.root.location.kind = "archive_entry"
member_family.relation.root.variant.kind = "base"
member_family.relation.simple_name = "A"
member_family.state = "prepared"
methods.0.annotations.attributes = []
methods.0.annotations.refusals = []
methods.0.annotations.uses = []
methods.0.declaration = "public SingleAbstract()"
methods.0.item.access_flags = 1
methods.0.item.body.content_span.length = 17
methods.0.item.body.content_span.start = 161
methods.0.item.body.kind = "code_attribute"
methods.0.item.descriptor.escaped = "()V"
methods.0.item.descriptor.raw = [40,41,86]
methods.0.item.descriptor.utf16 = [40,41,86]
methods.0.item.identity.descriptor = [40,41,86]
methods.0.item.identity.name = [60,105,110,105,116,62]
methods.0.item.identity.owner.class_bytes.digest = "80afa02fb6f463e17392aa8ac014c65bab7626d5f2d7cb64c04d9783d1d71e05"
methods.0.item.identity.owner.class_bytes.length = 196
methods.0.item.identity.owner.location.entry.ordinal = 5
methods.0.item.identity.owner.location.entry.origin.root_container = "root"
methods.0.item.identity.owner.location.entry.origin.snapshot = "cfc598f864f1136bcbda894cf63fc2084f1f94ae72f3c983394d4a35718620c6"
methods.0.item.identity.owner.location.entry.origin.steps = []
methods.0.item.identity.owner.location.entry.raw_name = [101,109,48,49,47,83,105,110,103,108,101,65,98,115,116,114,97,99,116,46,99,108,97,115,115]
methods.0.item.identity.owner.location.kind = "archive_entry"
methods.0.item.identity.owner.variant.kind = "base"
methods.0.item.index = 0
methods.0.item.name.escaped = "<init>"
methods.0.item.name.raw = [60,105,110,105,116,62]
methods.0.item.name.utf16 = [60,105,110,105,116,62]
methods.0.markers = []
methods.0.no_body_kind = null
methods.0.outcome.analysis.diagnostics = 0
methods.0.outcome.analysis.execution.status = "complete"
methods.0.outcome.analysis.execution.usage.analysis_steps = 67
methods.0.outcome.analysis.execution.usage.archive_entries = 33
methods.0.outcome.analysis.execution.usage.attribute_bytes = 273
methods.0.outcome.analysis.execution.usage.class_bytes = 1046
methods.0.outcome.analysis.execution.usage.class_headers = 3
methods.0.outcome.analysis.execution.usage.code_bytes = 10
methods.0.outcome.analysis.execution.usage.dependency_depth = 0
methods.0.outcome.analysis.execution.usage.elapsed_millis = 3
methods.0.outcome.analysis.execution.usage.entry_bytes = 850
methods.0.outcome.analysis.execution.usage.input_bytes = 1648
methods.0.outcome.analysis.execution.usage.ir_edges = 4
methods.0.outcome.analysis.execution.usage.ir_items = 117
methods.0.outcome.analysis.execution.usage.method_bodies = 2
methods.0.outcome.analysis.execution.usage.nested_depth = 0
methods.0.outcome.analysis.execution.usage.normalization_clones = 0
methods.0.outcome.analysis.execution.usage.output_bytes = 195
methods.0.outcome.analysis.execution.usage.read_bytes = 690
methods.0.outcome.analysis.execution.usage.result_items = 20
methods.0.outcome.kind = "recovered"
methods.0.outcome.report.accessors = []
methods.0.outcome.report.aliased_names = []
methods.0.outcome.report.artifact.agreement.state = "not_stated"
methods.0.outcome.report.artifact.binding.engine = "0.1.0"
methods.0.outcome.report.artifact.binding.environment.content = ["cfc598f864f1136bcbda894cf63fc2084f1f94ae72f3c983394d4a35718620c6"]
methods.0.outcome.report.artifact.binding.environment.domain_loaders = ["app"]
methods.0.outcome.report.artifact.binding.environment.providers = []
methods.0.outcome.report.artifact.binding.environment.runtime.load_domain.delegation.kind = "parent_first"
methods.0.outcome.report.artifact.binding.environment.runtime.load_domain.external_override = "none"
methods.0.outcome.report.artifact.binding.environment.runtime.load_domain.loader = "app"
methods.0.outcome.report.artifact.binding.environment.runtime.load_domain.module_mode.kind = "class_path"
methods.0.outcome.report.artifact.binding.environment.runtime.load_domain.parent_loader = null
methods.0.outcome.report.artifact.binding.environment.runtime.load_domain.roots.0.kind = "container"
methods.0.outcome.report.artifact.binding.environment.runtime.load_domain.roots.0.origin.root_container = "root"
methods.0.outcome.report.artifact.binding.environment.runtime.load_domain.roots.0.origin.snapshot = "cfc598f864f1136bcbda894cf63fc2084f1f94ae72f3c983394d4a35718620c6"
methods.0.outcome.report.artifact.binding.environment.runtime.load_domain.roots.0.origin.steps = []
methods.0.outcome.report.artifact.binding.environment.runtime.load_domain.roots.0.prefix = []
methods.0.outcome.report.artifact.binding.environment.runtime.load_domain.runtime_transformation = "none"
methods.0.outcome.report.artifact.binding.environment.runtime.physical.scope.kind = "snapshot_all"
methods.0.outcome.report.artifact.binding.environment.runtime.physical.snapshot = "cfc598f864f1136bcbda894cf63fc2084f1f94ae72f3c983394d4a35718620c6"
methods.0.outcome.report.artifact.binding.environment.runtime.profile.java_release = 8
methods.0.outcome.report.artifact.binding.environment.runtime.profile.layout.kind = "generic"
methods.0.outcome.report.artifact.binding.environment.runtime.profile.multi_release.kind = "disabled"
methods.0.outcome.report.artifact.binding.member_ordinal = 0
methods.0.outcome.report.artifact.binding.method.descriptor = [40,41,86]
methods.0.outcome.report.artifact.binding.method.name = [60,105,110,105,116,62]
methods.0.outcome.report.artifact.binding.method.owner.class_bytes.digest = "80afa02fb6f463e17392aa8ac014c65bab7626d5f2d7cb64c04d9783d1d71e05"
methods.0.outcome.report.artifact.binding.method.owner.class_bytes.length = 196
methods.0.outcome.report.artifact.binding.method.owner.location.entry.ordinal = 5
methods.0.outcome.report.artifact.binding.method.owner.location.entry.origin.root_container = "root"
methods.0.outcome.report.artifact.binding.method.owner.location.entry.origin.snapshot = "cfc598f864f1136bcbda894cf63fc2084f1f94ae72f3c983394d4a35718620c6"
methods.0.outcome.report.artifact.binding.method.owner.location.entry.origin.steps = []
methods.0.outcome.report.artifact.binding.method.owner.location.entry.raw_name = [101,109,48,49,47,83,105,110,103,108,101,65,98,115,116,114,97,99,116,46,99,108,97,115,115]
methods.0.outcome.report.artifact.binding.method.owner.location.kind = "archive_entry"
methods.0.outcome.report.artifact.binding.method.owner.variant.kind = "base"
methods.0.outcome.report.artifact.binding.profile.java_release = 8
methods.0.outcome.report.artifact.binding.profile.layout.kind = "generic"
methods.0.outcome.report.artifact.binding.profile.multi_release.kind = "disabled"
methods.0.outcome.report.artifact.binding.registry = 71
methods.0.outcome.report.artifact.binding.rules = ["straight@1","if@1","loop@1","switch@1","lambda@1","concat@1","bridge@1","accessor@1","new@1","field@1","enumswitch@1","init@1","declaration@1","twr@1","monitor@1","finally@1"]
methods.0.outcome.report.artifact.binding.schema = 1
methods.0.outcome.report.artifact.binding.text_bytes = 193
methods.0.outcome.report.artifact.binding.text_digest = "5112d83876d47568c8b4a91ee2402beb"
methods.0.outcome.report.bridges = []
methods.0.outcome.report.compile_status = "not_attempted"
methods.0.outcome.report.concats = []
methods.0.outcome.report.content = "contains_statements"
methods.0.outcome.report.declaration = null
methods.0.outcome.report.diagnostics.0.code = "jre_recovery_produced"
methods.0.outcome.report.diagnostics.0.message = "1 region(s), 2 statement(s), 2 segment(s), 193 byte(s) written from 1 canonical block(s)"
methods.0.outcome.report.diagnostics.0.provenance = null
methods.0.outcome.report.diagnostics.0.severity = "info"
methods.0.outcome.report.diagnostics.1.code = "jre_constructor_prologue"
methods.0.outcome.report.diagnostics.1.message = "the body is an instance initializer and its prologue is written under init@1 as `super`: the call at BCI 1 names `java/lang/Object`, and the class that declares this constructor is `em01/SingleAbstract`"
methods.0.outcome.report.diagnostics.1.provenance = null
methods.0.outcome.report.diagnostics.1.severity = "info"
methods.0.outcome.report.diagnostics.2.code = "jre_declaration"
methods.0.outcome.report.diagnostics.2.message = "the artifact's envelope states the member's declaration under declaration@1: a constructor"
methods.0.outcome.report.diagnostics.2.provenance = null
methods.0.outcome.report.diagnostics.2.severity = "info"
methods.0.outcome.report.enum_switches = []
methods.0.outcome.report.evidence.categories.0.kind = "source_map"
methods.0.outcome.report.evidence.categories.0.state.state = "not_requested"
methods.0.outcome.report.evidence.categories.1.kind = "region_details"
methods.0.outcome.report.evidence.categories.1.state.state = "not_requested"
methods.0.outcome.report.evidence.categories.2.kind = "rule_details"
methods.0.outcome.report.evidence.categories.2.state.state = "not_requested"
methods.0.outcome.report.evidence.categories.3.kind = "name_details"
methods.0.outcome.report.evidence.categories.3.state.state = "not_requested"
methods.0.outcome.report.evidence.categories.4.kind = "read_details"
methods.0.outcome.report.evidence.categories.4.state.state = "not_requested"
methods.0.outcome.report.evidence.requested.driver_bci_range = null
methods.0.outcome.report.evidence.requested.expected_artifact = null
methods.0.outcome.report.evidence.requested.kinds = []
methods.0.outcome.report.execution.status = "complete"
methods.0.outcome.report.execution.usage.analysis_steps = 91
methods.0.outcome.report.execution.usage.archive_entries = 33
methods.0.outcome.report.execution.usage.attribute_bytes = 273
methods.0.outcome.report.execution.usage.class_bytes = 1046
methods.0.outcome.report.execution.usage.class_headers = 3
methods.0.outcome.report.execution.usage.code_bytes = 10
methods.0.outcome.report.execution.usage.dependency_depth = 0
methods.0.outcome.report.execution.usage.elapsed_millis = 3
methods.0.outcome.report.execution.usage.entry_bytes = 850
methods.0.outcome.report.execution.usage.input_bytes = 1648
methods.0.outcome.report.execution.usage.ir_edges = 4
methods.0.outcome.report.execution.usage.ir_items = 138
methods.0.outcome.report.execution.usage.method_bodies = 2
methods.0.outcome.report.execution.usage.nested_depth = 0
methods.0.outcome.report.execution.usage.normalization_clones = 0
methods.0.outcome.report.execution.usage.output_bytes = 388
methods.0.outcome.report.execution.usage.read_bytes = 690
methods.0.outcome.report.execution.usage.result_items = 20
methods.0.outcome.report.fallbacks = []
methods.0.outcome.report.fields = []
methods.0.outcome.report.init = null
methods.0.outcome.report.lambdas = []
methods.0.outcome.report.method = "<init>()V"
methods.0.outcome.report.news = []
methods.0.outcome.report.outcome = "produced"
methods.0.outcome.report.profile.java_release = 8
methods.0.outcome.report.profile.layout.kind = "generic"
methods.0.outcome.report.profile.multi_release.kind = "disabled"
methods.0.outcome.report.quality = "structured"
methods.0.outcome.report.regions = []
methods.0.outcome.report.representation = "java"
methods.0.outcome.report.rules = []
methods.0.outcome.report.semantic_validation = "unproven"
methods.0.outcome.report.source_map.segments = []
methods.0.outcome.report.syntax_status = "unchecked"
methods.0.outcome.report.text = "// @method <init>()V\n// @declaration a constructor of `em01.SingleAbstract`, member flags 0x0001\n// recovered from bytecode; presentation is not claimed to compile\n{\n    super();\n    return;\n}\n"
methods.0.outcome.report.verification = "not_performed"
methods.0.parameter_annotations.attributes = []
methods.0.parameter_annotations.refusals = []
methods.0.parameter_annotations.uses_by_position = []
methods.0.text = "    public SingleAbstract() {\n        // @method <init>()V\n        // @declaration a constructor of `em01.SingleAbstract`, member flags 0x0001\n        // recovered from bytecode; presentation is not claimed to compile\n        super();\n        return;\n    }\n"
methods.0.type_annotations.attributes = []
methods.0.type_annotations.field_uses = []
methods.0.type_annotations.parameter_uses = []
methods.0.type_annotations.refusals = []
methods.0.type_annotations.return_uses = []
nested_annotation_family.state = "absent"
nested_enum_family.state = "absent"
outcome = "performed"
stages = ["raw_facts","raw_cfg","legacy_normalization","canonical_cfg","frame","ssa"]
usage.analysis_steps = 136
usage.archive_entries = 61
usage.attribute_bytes = 445
usage.class_bytes = 1700
usage.class_headers = 4
usage.code_bytes = 15
usage.dependency_depth = 0
usage.elapsed_millis = 4
usage.entry_bytes = 1286
usage.input_bytes = 1648
usage.ir_edges = 6
usage.ir_items = 201
usage.method_bodies = 3
usage.nested_depth = 0
usage.normalization_clones = 0
usage.output_bytes = 583
usage.read_bytes = 1044
usage.result_items = 46
view.scope.kind = "snapshot_all"
view.snapshot = "cfc598f864f1136bcbda894cf63fc2084f1f94ae72f3c983394d4a35718620c6"
