// jarde: presentation of `MemberTagged` from the class file's own declaration and one recovery run per member.
// jarde: not a compilable project: no imports and no resources are claimed (the `package` line is the class file's own name, not a claim about a directory); every place this text is not a full recovery carries a marker of this prefix.
public class MemberTagged extends java.lang.Object {
    public int field;

    public MemberTagged() {
        // @method <init>()V
        // @declaration a constructor of `MemberTagged`, member flags 0x0001
        // recovered from bytecode; presentation is not claimed to compile
        super();
        this.field = 3;
        return;
    }

    public int value(int arg1) {
        // @method value(I)I
        // @declaration an instance method of `MemberTagged`, member flags 0x0001
        // recovered from bytecode; presentation is not claimed to compile
        return arg1 + this.field;
    }
}
class.class_bytes.digest = "369cc8b79b896ac5ca787308e00493be346f3810679c4508c2828e13c23ea11e"
class.class_bytes.length = 362
class.location.kind = "standalone_root"
class.location.snapshot = "369cc8b79b896ac5ca787308e00493be346f3810679c4508c2828e13c23ea11e"
class.variant.kind = "base"
coverage.artifact_structural.scanned.0.end = 1
coverage.artifact_structural.scanned.0.label = "navigation_candidates"
coverage.artifact_structural.scanned.0.start = 0
coverage.artifact_structural.scanned.1.end = 1
coverage.artifact_structural.scanned.1.label = "class_fields"
coverage.artifact_structural.scanned.1.start = 0
coverage.artifact_structural.scanned.2.end = 2
coverage.artifact_structural.scanned.2.label = "class_methods"
coverage.artifact_structural.scanned.2.start = 0
coverage.artifact_structural.scanned.3.end = 2
coverage.artifact_structural.scanned.3.label = "class_source_bodies"
coverage.artifact_structural.scanned.3.start = 0
coverage.artifact_structural.skipped = []
coverage.artifact_structural.state = "complete_within_schema"
coverage.artifact_structural.uninterpreted_extensions = []
coverage.dynamic_analysis.scanned = []
coverage.dynamic_analysis.skipped = []
coverage.dynamic_analysis.state = "not_requested"
coverage.dynamic_analysis.uninterpreted_extensions = []
coverage.runtime_resolution.scanned = []
coverage.runtime_resolution.skipped = []
coverage.runtime_resolution.state = "not_requested"
coverage.runtime_resolution.uninterpreted_extensions = []
declaration.declaration = "public class MemberTagged extends java.lang.Object"
declaration.item.binding.kind = "standalone_root"
declaration.item.declaration.access_flags = 33
declaration.item.declaration.interfaces = []
declaration.item.declaration.super_class.escaped = "java/lang/Object"
declaration.item.declaration.super_class.raw = [106,97,118,97,47,108,97,110,103,47,79,98,106,101,99,116]
declaration.item.declaration.super_class.utf16 = [106,97,118,97,47,108,97,110,103,47,79,98,106,101,99,116]
declaration.item.declaration.this_class.escaped = "MemberTagged"
declaration.item.declaration.this_class.raw = [77,101,109,98,101,114,84,97,103,103,101,100]
declaration.item.declaration.this_class.utf16 = [77,101,109,98,101,114,84,97,103,103,101,100]
declaration.item.definition.class_bytes.digest = "369cc8b79b896ac5ca787308e00493be346f3810679c4508c2828e13c23ea11e"
declaration.item.definition.class_bytes.length = 362
declaration.item.definition.location.kind = "standalone_root"
declaration.item.definition.location.snapshot = "369cc8b79b896ac5ca787308e00493be346f3810679c4508c2828e13c23ea11e"
declaration.item.definition.variant.kind = "base"
declaration.item.member_table = null
declaration.name = "MemberTagged"
diagnostics = []
execution.status = "complete"
execution.usage.analysis_steps = 73
execution.usage.archive_entries = 0
execution.usage.attribute_bytes = 257
execution.usage.class_bytes = 724
execution.usage.class_headers = 1
execution.usage.code_bytes = 17
execution.usage.dependency_depth = 0
execution.usage.elapsed_millis = 1
execution.usage.entry_bytes = 0
execution.usage.input_bytes = 362
execution.usage.ir_edges = 11
execution.usage.ir_items = 208
execution.usage.method_bodies = 2
execution.usage.nested_depth = 0
execution.usage.normalization_clones = 0
execution.usage.output_bytes = 764
execution.usage.read_bytes = 362
execution.usage.result_items = 14
fields.0.declaration = "public int field"
fields.0.item.access_flags = 1
fields.0.item.descriptor.escaped = "I"
fields.0.item.descriptor.raw = [73]
fields.0.item.descriptor.utf16 = [73]
fields.0.item.identity.member.descriptor = [73]
fields.0.item.identity.member.kind = "field"
fields.0.item.identity.member.name = [102,105,101,108,100]
fields.0.item.identity.owner.class_bytes.digest = "369cc8b79b896ac5ca787308e00493be346f3810679c4508c2828e13c23ea11e"
fields.0.item.identity.owner.class_bytes.length = 362
fields.0.item.identity.owner.location.kind = "standalone_root"
fields.0.item.identity.owner.location.snapshot = "369cc8b79b896ac5ca787308e00493be346f3810679c4508c2828e13c23ea11e"
fields.0.item.identity.owner.variant.kind = "base"
fields.0.item.index = 0
fields.0.item.name.escaped = "field"
fields.0.item.name.raw = [102,105,101,108,100]
fields.0.item.name.utf16 = [102,105,101,108,100]
fields.0.markers = []
limits.analysis_steps = 4194304
limits.archive_entries = 65536
limits.attribute_bytes = 67108864
limits.class_bytes = 67108864
limits.class_headers = 4096
limits.code_bytes = 16777216
limits.dependency_depth = 8
limits.elapsed_millis = 30000
limits.entry_bytes = 67108864
limits.input_bytes = 67108864
limits.ir_edges = 4194304
limits.ir_items = 4194304
limits.method_bodies = 4096
limits.nested_depth = 4
limits.normalization_clones = 1048576
limits.output_bytes = 16777216
limits.read_bytes = 67108864
limits.result_items = 65536
methods.0.declaration = "public MemberTagged()"
methods.0.item.access_flags = 1
methods.0.item.body.content_span.length = 22
methods.0.item.body.content_span.start = 274
methods.0.item.body.kind = "code_attribute"
methods.0.item.descriptor.escaped = "()V"
methods.0.item.descriptor.raw = [40,41,86]
methods.0.item.descriptor.utf16 = [40,41,86]
methods.0.item.identity.descriptor = [40,41,86]
methods.0.item.identity.name = [60,105,110,105,116,62]
methods.0.item.identity.owner.class_bytes.digest = "369cc8b79b896ac5ca787308e00493be346f3810679c4508c2828e13c23ea11e"
methods.0.item.identity.owner.class_bytes.length = 362
methods.0.item.identity.owner.location.kind = "standalone_root"
methods.0.item.identity.owner.location.snapshot = "369cc8b79b896ac5ca787308e00493be346f3810679c4508c2828e13c23ea11e"
methods.0.item.identity.owner.variant.kind = "base"
methods.0.item.index = 0
methods.0.item.name.escaped = "<init>"
methods.0.item.name.raw = [60,105,110,105,116,62]
methods.0.item.name.utf16 = [60,105,110,105,116,62]
methods.0.markers = []
methods.0.no_body_kind = null
methods.0.outcome.analysis.diagnostics = 0
methods.0.outcome.analysis.execution.status = "complete"
methods.0.outcome.analysis.execution.usage.analysis_steps = 34
methods.0.outcome.analysis.execution.usage.archive_entries = 0
methods.0.outcome.analysis.execution.usage.attribute_bytes = 232
methods.0.outcome.analysis.execution.usage.class_bytes = 724
methods.0.outcome.analysis.execution.usage.class_headers = 1
methods.0.outcome.analysis.execution.usage.code_bytes = 10
methods.0.outcome.analysis.execution.usage.dependency_depth = 0
methods.0.outcome.analysis.execution.usage.elapsed_millis = 0
methods.0.outcome.analysis.execution.usage.entry_bytes = 0
methods.0.outcome.analysis.execution.usage.input_bytes = 362
methods.0.outcome.analysis.execution.usage.ir_edges = 5
methods.0.outcome.analysis.execution.usage.ir_items = 81
methods.0.outcome.analysis.execution.usage.method_bodies = 1
methods.0.outcome.analysis.execution.usage.nested_depth = 0
methods.0.outcome.analysis.execution.usage.normalization_clones = 0
methods.0.outcome.analysis.execution.usage.output_bytes = 362
methods.0.outcome.analysis.execution.usage.read_bytes = 362
methods.0.outcome.analysis.execution.usage.result_items = 12
methods.0.outcome.kind = "recovered"
methods.0.outcome.report.accessors = []
methods.0.outcome.report.aliased_names = []
methods.0.outcome.report.artifact.agreement.state = "not_stated"
methods.0.outcome.report.artifact.binding.engine = "0.1.0"
methods.0.outcome.report.artifact.binding.environment.content = ["369cc8b79b896ac5ca787308e00493be346f3810679c4508c2828e13c23ea11e"]
methods.0.outcome.report.artifact.binding.environment.domain_loaders = ["app"]
methods.0.outcome.report.artifact.binding.environment.providers = []
methods.0.outcome.report.artifact.binding.environment.runtime.load_domain.delegation.kind = "parent_first"
methods.0.outcome.report.artifact.binding.environment.runtime.load_domain.external_override = "none"
methods.0.outcome.report.artifact.binding.environment.runtime.load_domain.loader = "app"
methods.0.outcome.report.artifact.binding.environment.runtime.load_domain.module_mode.kind = "class_path"
methods.0.outcome.report.artifact.binding.environment.runtime.load_domain.parent_loader = null
methods.0.outcome.report.artifact.binding.environment.runtime.load_domain.roots.0.kind = "standalone_class"
methods.0.outcome.report.artifact.binding.environment.runtime.load_domain.roots.0.snapshot = "369cc8b79b896ac5ca787308e00493be346f3810679c4508c2828e13c23ea11e"
methods.0.outcome.report.artifact.binding.environment.runtime.load_domain.runtime_transformation = "none"
methods.0.outcome.report.artifact.binding.environment.runtime.physical.scope.kind = "snapshot_all"
methods.0.outcome.report.artifact.binding.environment.runtime.physical.snapshot = "369cc8b79b896ac5ca787308e00493be346f3810679c4508c2828e13c23ea11e"
methods.0.outcome.report.artifact.binding.environment.runtime.profile.java_release = 8
methods.0.outcome.report.artifact.binding.environment.runtime.profile.layout.kind = "generic"
methods.0.outcome.report.artifact.binding.environment.runtime.profile.multi_release.kind = "disabled"
methods.0.outcome.report.artifact.binding.member_ordinal = 0
methods.0.outcome.report.artifact.binding.method.descriptor = [40,41,86]
methods.0.outcome.report.artifact.binding.method.name = [60,105,110,105,116,62]
methods.0.outcome.report.artifact.binding.method.owner.class_bytes.digest = "369cc8b79b896ac5ca787308e00493be346f3810679c4508c2828e13c23ea11e"
methods.0.outcome.report.artifact.binding.method.owner.class_bytes.length = 362
methods.0.outcome.report.artifact.binding.method.owner.location.kind = "standalone_root"
methods.0.outcome.report.artifact.binding.method.owner.location.snapshot = "369cc8b79b896ac5ca787308e00493be346f3810679c4508c2828e13c23ea11e"
methods.0.outcome.report.artifact.binding.method.owner.variant.kind = "base"
methods.0.outcome.report.artifact.binding.profile.java_release = 8
methods.0.outcome.report.artifact.binding.profile.layout.kind = "generic"
methods.0.outcome.report.artifact.binding.profile.multi_release.kind = "disabled"
methods.0.outcome.report.artifact.binding.registry = 71
methods.0.outcome.report.artifact.binding.rules = ["straight@1","if@1","loop@1","switch@1","lambda@1","concat@1","bridge@1","accessor@1","new@1","field@1","enumswitch@1","init@1","declaration@1","twr@1","monitor@1"]
methods.0.outcome.report.artifact.binding.schema = 1
methods.0.outcome.report.artifact.binding.text_bytes = 206
methods.0.outcome.report.artifact.binding.text_digest = "6b6ab0eb24f872af45339256a3982aff"
methods.0.outcome.report.bridges = []
methods.0.outcome.report.compile_status = "not_attempted"
methods.0.outcome.report.concats = []
methods.0.outcome.report.content = "contains_statements"
methods.0.outcome.report.declaration = null
methods.0.outcome.report.diagnostics.0.code = "jre_recovery_produced"
methods.0.outcome.report.diagnostics.0.message = "1 region(s), 3 statement(s), 5 segment(s), 206 byte(s) written from 1 canonical block(s)"
methods.0.outcome.report.diagnostics.0.provenance = null
methods.0.outcome.report.diagnostics.0.severity = "info"
methods.0.outcome.report.diagnostics.1.code = "jre_field_accesses"
methods.0.outcome.report.diagnostics.1.message = "1 field instruction(s) read under field@1: 1 presented, 0 refused"
methods.0.outcome.report.diagnostics.1.provenance = null
methods.0.outcome.report.diagnostics.1.severity = "info"
methods.0.outcome.report.diagnostics.2.code = "jre_constructor_prologue"
methods.0.outcome.report.diagnostics.2.message = "the body is an instance initializer and its prologue is written under init@1 as `super`: the call at BCI 1 names `java/lang/Object`, and the class that declares this constructor is `MemberTagged`"
methods.0.outcome.report.diagnostics.2.provenance = null
methods.0.outcome.report.diagnostics.2.severity = "info"
methods.0.outcome.report.diagnostics.3.code = "jre_declaration"
methods.0.outcome.report.diagnostics.3.message = "the artifact's envelope states the member's declaration under declaration@1: a constructor"
methods.0.outcome.report.diagnostics.3.provenance = null
methods.0.outcome.report.diagnostics.3.severity = "info"
methods.0.outcome.report.enum_switches = []
methods.0.outcome.report.evidence.categories.0.kind = "source_map"
methods.0.outcome.report.evidence.categories.0.state.state = "not_requested"
methods.0.outcome.report.evidence.categories.1.kind = "region_details"
methods.0.outcome.report.evidence.categories.1.state.state = "not_requested"
methods.0.outcome.report.evidence.categories.2.kind = "rule_details"
methods.0.outcome.report.evidence.categories.2.state.state = "not_requested"
methods.0.outcome.report.evidence.categories.3.kind = "name_details"
methods.0.outcome.report.evidence.categories.3.state.state = "not_requested"
methods.0.outcome.report.evidence.categories.4.kind = "read_details"
methods.0.outcome.report.evidence.categories.4.state.state = "not_requested"
methods.0.outcome.report.evidence.requested.driver_bci_range = null
methods.0.outcome.report.evidence.requested.expected_artifact = null
methods.0.outcome.report.evidence.requested.kinds = []
methods.0.outcome.report.execution.status = "complete"
methods.0.outcome.report.execution.usage.analysis_steps = 39
methods.0.outcome.report.execution.usage.archive_entries = 0
methods.0.outcome.report.execution.usage.attribute_bytes = 232
methods.0.outcome.report.execution.usage.class_bytes = 724
methods.0.outcome.report.execution.usage.class_headers = 1
methods.0.outcome.report.execution.usage.code_bytes = 10
methods.0.outcome.report.execution.usage.dependency_depth = 0
methods.0.outcome.report.execution.usage.elapsed_millis = 0
methods.0.outcome.report.execution.usage.entry_bytes = 0
methods.0.outcome.report.execution.usage.input_bytes = 362
methods.0.outcome.report.execution.usage.ir_edges = 5
methods.0.outcome.report.execution.usage.ir_items = 97
methods.0.outcome.report.execution.usage.method_bodies = 1
methods.0.outcome.report.execution.usage.nested_depth = 0
methods.0.outcome.report.execution.usage.normalization_clones = 0
methods.0.outcome.report.execution.usage.output_bytes = 568
methods.0.outcome.report.execution.usage.read_bytes = 362
methods.0.outcome.report.execution.usage.result_items = 12
methods.0.outcome.report.fallbacks = []
methods.0.outcome.report.fields = []
methods.0.outcome.report.init = null
methods.0.outcome.report.lambdas = []
methods.0.outcome.report.method = "<init>()V"
methods.0.outcome.report.news = []
methods.0.outcome.report.outcome = "produced"
methods.0.outcome.report.profile.java_release = 8
methods.0.outcome.report.profile.layout.kind = "generic"
methods.0.outcome.report.profile.multi_release.kind = "disabled"
methods.0.outcome.report.quality = "structured"
methods.0.outcome.report.regions = []
methods.0.outcome.report.representation = "java"
methods.0.outcome.report.rules = []
methods.0.outcome.report.semantic_validation = "unproven"
methods.0.outcome.report.source_map.segments = []
methods.0.outcome.report.syntax_status = "unchecked"
methods.0.outcome.report.text = "// @method <init>()V\n// @declaration a constructor of `MemberTagged`, member flags 0x0001\n// recovered from bytecode; presentation is not claimed to compile\n{\n    super();\n    this.field = 3;\n    return;\n}\n"
methods.0.outcome.report.verification = "not_performed"
methods.0.text = "    public MemberTagged() {\n        // @method <init>()V\n        // @declaration a constructor of `MemberTagged`, member flags 0x0001\n        // recovered from bytecode; presentation is not claimed to compile\n        super();\n        this.field = 3;\n        return;\n    }\n"
methods.1.declaration = "public int value(int arg1)"
methods.1.item.access_flags = 1
methods.1.item.body.content_span.length = 19
methods.1.item.body.content_span.start = 310
methods.1.item.body.kind = "code_attribute"
methods.1.item.descriptor.escaped = "(I)I"
methods.1.item.descriptor.raw = [40,73,41,73]
methods.1.item.descriptor.utf16 = [40,73,41,73]
methods.1.item.identity.descriptor = [40,73,41,73]
methods.1.item.identity.name = [118,97,108,117,101]
methods.1.item.identity.owner.class_bytes.digest = "369cc8b79b896ac5ca787308e00493be346f3810679c4508c2828e13c23ea11e"
methods.1.item.identity.owner.class_bytes.length = 362
methods.1.item.identity.owner.location.kind = "standalone_root"
methods.1.item.identity.owner.location.snapshot = "369cc8b79b896ac5ca787308e00493be346f3810679c4508c2828e13c23ea11e"
methods.1.item.identity.owner.variant.kind = "base"
methods.1.item.index = 1
methods.1.item.name.escaped = "value"
methods.1.item.name.raw = [118,97,108,117,101]
methods.1.item.name.utf16 = [118,97,108,117,101]
methods.1.markers = []
methods.1.no_body_kind = null
methods.1.outcome.analysis.diagnostics = 0
methods.1.outcome.analysis.execution.status = "complete"
methods.1.outcome.analysis.execution.usage.analysis_steps = 68
methods.1.outcome.analysis.execution.usage.archive_entries = 0
methods.1.outcome.analysis.execution.usage.attribute_bytes = 257
methods.1.outcome.analysis.execution.usage.class_bytes = 724
methods.1.outcome.analysis.execution.usage.class_headers = 1
methods.1.outcome.analysis.execution.usage.code_bytes = 17
methods.1.outcome.analysis.execution.usage.dependency_depth = 0
methods.1.outcome.analysis.execution.usage.elapsed_millis = 1
methods.1.outcome.analysis.execution.usage.entry_bytes = 0
methods.1.outcome.analysis.execution.usage.input_bytes = 362
methods.1.outcome.analysis.execution.usage.ir_edges = 11
methods.1.outcome.analysis.execution.usage.ir_items = 185
methods.1.outcome.analysis.execution.usage.method_bodies = 2
methods.1.outcome.analysis.execution.usage.nested_depth = 0
methods.1.outcome.analysis.execution.usage.normalization_clones = 0
methods.1.outcome.analysis.execution.usage.output_bytes = 568
methods.1.outcome.analysis.execution.usage.read_bytes = 362
methods.1.outcome.analysis.execution.usage.result_items = 13
methods.1.outcome.kind = "recovered"
methods.1.outcome.report.accessors = []
methods.1.outcome.report.aliased_names = []
methods.1.outcome.report.artifact.agreement.state = "not_stated"
methods.1.outcome.report.artifact.binding.engine = "0.1.0"
methods.1.outcome.report.artifact.binding.environment.content = ["369cc8b79b896ac5ca787308e00493be346f3810679c4508c2828e13c23ea11e"]
methods.1.outcome.report.artifact.binding.environment.domain_loaders = ["app"]
methods.1.outcome.report.artifact.binding.environment.providers = []
methods.1.outcome.report.artifact.binding.environment.runtime.load_domain.delegation.kind = "parent_first"
methods.1.outcome.report.artifact.binding.environment.runtime.load_domain.external_override = "none"
methods.1.outcome.report.artifact.binding.environment.runtime.load_domain.loader = "app"
methods.1.outcome.report.artifact.binding.environment.runtime.load_domain.module_mode.kind = "class_path"
methods.1.outcome.report.artifact.binding.environment.runtime.load_domain.parent_loader = null
methods.1.outcome.report.artifact.binding.environment.runtime.load_domain.roots.0.kind = "standalone_class"
methods.1.outcome.report.artifact.binding.environment.runtime.load_domain.roots.0.snapshot = "369cc8b79b896ac5ca787308e00493be346f3810679c4508c2828e13c23ea11e"
methods.1.outcome.report.artifact.binding.environment.runtime.load_domain.runtime_transformation = "none"
methods.1.outcome.report.artifact.binding.environment.runtime.physical.scope.kind = "snapshot_all"
methods.1.outcome.report.artifact.binding.environment.runtime.physical.snapshot = "369cc8b79b896ac5ca787308e00493be346f3810679c4508c2828e13c23ea11e"
methods.1.outcome.report.artifact.binding.environment.runtime.profile.java_release = 8
methods.1.outcome.report.artifact.binding.environment.runtime.profile.layout.kind = "generic"
methods.1.outcome.report.artifact.binding.environment.runtime.profile.multi_release.kind = "disabled"
methods.1.outcome.report.artifact.binding.member_ordinal = 1
methods.1.outcome.report.artifact.binding.method.descriptor = [40,73,41,73]
methods.1.outcome.report.artifact.binding.method.name = [118,97,108,117,101]
methods.1.outcome.report.artifact.binding.method.owner.class_bytes.digest = "369cc8b79b896ac5ca787308e00493be346f3810679c4508c2828e13c23ea11e"
methods.1.outcome.report.artifact.binding.method.owner.class_bytes.length = 362
methods.1.outcome.report.artifact.binding.method.owner.location.kind = "standalone_root"
methods.1.outcome.report.artifact.binding.method.owner.location.snapshot = "369cc8b79b896ac5ca787308e00493be346f3810679c4508c2828e13c23ea11e"
methods.1.outcome.report.artifact.binding.method.owner.variant.kind = "base"
methods.1.outcome.report.artifact.binding.profile.java_release = 8
methods.1.outcome.report.artifact.binding.profile.layout.kind = "generic"
methods.1.outcome.report.artifact.binding.profile.multi_release.kind = "disabled"
methods.1.outcome.report.artifact.binding.registry = 71
methods.1.outcome.report.artifact.binding.rules = ["straight@1","if@1","loop@1","switch@1","lambda@1","concat@1","bridge@1","accessor@1","new@1","field@1","enumswitch@1","init@1","declaration@1","twr@1","monitor@1"]
methods.1.outcome.report.artifact.binding.schema = 1
methods.1.outcome.report.artifact.binding.text_bytes = 196
methods.1.outcome.report.artifact.binding.text_digest = "0dad0ef45748eae251680993f1718fac"
methods.1.outcome.report.bridges = []
methods.1.outcome.report.compile_status = "not_attempted"
methods.1.outcome.report.concats = []
methods.1.outcome.report.content = "contains_statements"
methods.1.outcome.report.declaration = null
methods.1.outcome.report.diagnostics.0.code = "jre_recovery_produced"
methods.1.outcome.report.diagnostics.0.message = "1 region(s), 1 statement(s), 5 segment(s), 196 byte(s) written from 1 canonical block(s)"
methods.1.outcome.report.diagnostics.0.provenance = null
methods.1.outcome.report.diagnostics.0.severity = "info"
methods.1.outcome.report.diagnostics.1.code = "jre_field_accesses"
methods.1.outcome.report.diagnostics.1.message = "1 field instruction(s) read under field@1: 1 presented, 0 refused"
methods.1.outcome.report.diagnostics.1.provenance = null
methods.1.outcome.report.diagnostics.1.severity = "info"
methods.1.outcome.report.diagnostics.2.code = "jre_declaration"
methods.1.outcome.report.diagnostics.2.message = "the artifact's envelope states the member's declaration under declaration@1: an instance method"
methods.1.outcome.report.diagnostics.2.provenance = null
methods.1.outcome.report.diagnostics.2.severity = "info"
methods.1.outcome.report.enum_switches = []
methods.1.outcome.report.evidence.categories.0.kind = "source_map"
methods.1.outcome.report.evidence.categories.0.state.state = "not_requested"
methods.1.outcome.report.evidence.categories.1.kind = "region_details"
methods.1.outcome.report.evidence.categories.1.state.state = "not_requested"
methods.1.outcome.report.evidence.categories.2.kind = "rule_details"
methods.1.outcome.report.evidence.categories.2.state.state = "not_requested"
methods.1.outcome.report.evidence.categories.3.kind = "name_details"
methods.1.outcome.report.evidence.categories.3.state.state = "not_requested"
methods.1.outcome.report.evidence.categories.4.kind = "read_details"
methods.1.outcome.report.evidence.categories.4.state.state = "not_requested"
methods.1.outcome.report.evidence.requested.driver_bci_range = null
methods.1.outcome.report.evidence.requested.expected_artifact = null
methods.1.outcome.report.evidence.requested.kinds = []
methods.1.outcome.report.execution.status = "complete"
methods.1.outcome.report.execution.usage.analysis_steps = 73
methods.1.outcome.report.execution.usage.archive_entries = 0
methods.1.outcome.report.execution.usage.attribute_bytes = 257
methods.1.outcome.report.execution.usage.class_bytes = 724
methods.1.outcome.report.execution.usage.class_headers = 1
methods.1.outcome.report.execution.usage.code_bytes = 17
methods.1.outcome.report.execution.usage.dependency_depth = 0
methods.1.outcome.report.execution.usage.elapsed_millis = 1
methods.1.outcome.report.execution.usage.entry_bytes = 0
methods.1.outcome.report.execution.usage.input_bytes = 362
methods.1.outcome.report.execution.usage.ir_edges = 11
methods.1.outcome.report.execution.usage.ir_items = 208
methods.1.outcome.report.execution.usage.method_bodies = 2
methods.1.outcome.report.execution.usage.nested_depth = 0
methods.1.outcome.report.execution.usage.normalization_clones = 0
methods.1.outcome.report.execution.usage.output_bytes = 764
methods.1.outcome.report.execution.usage.read_bytes = 362
methods.1.outcome.report.execution.usage.result_items = 13
methods.1.outcome.report.fallbacks = []
methods.1.outcome.report.fields = []
methods.1.outcome.report.init = null
methods.1.outcome.report.lambdas = []
methods.1.outcome.report.method = "value(I)I"
methods.1.outcome.report.news = []
methods.1.outcome.report.outcome = "produced"
methods.1.outcome.report.profile.java_release = 8
methods.1.outcome.report.profile.layout.kind = "generic"
methods.1.outcome.report.profile.multi_release.kind = "disabled"
methods.1.outcome.report.quality = "structured"
methods.1.outcome.report.regions = []
methods.1.outcome.report.representation = "java"
methods.1.outcome.report.rules = []
methods.1.outcome.report.semantic_validation = "unproven"
methods.1.outcome.report.source_map.segments = []
methods.1.outcome.report.syntax_status = "unchecked"
methods.1.outcome.report.text = "// @method value(I)I\n// @declaration an instance method of `MemberTagged`, member flags 0x0001\n// recovered from bytecode; presentation is not claimed to compile\n{\n    return arg1 + this.field;\n}\n"
methods.1.outcome.report.verification = "not_performed"
methods.1.text = "    public int value(int arg1) {\n        // @method value(I)I\n        // @declaration an instance method of `MemberTagged`, member flags 0x0001\n        // recovered from bytecode; presentation is not claimed to compile\n        return arg1 + this.field;\n    }\n"
outcome = "performed"
stages = ["raw_facts","raw_cfg","legacy_normalization","canonical_cfg","frame","ssa"]
usage.analysis_steps = 73
usage.archive_entries = 0
usage.attribute_bytes = 257
usage.class_bytes = 724
usage.class_headers = 1
usage.code_bytes = 17
usage.dependency_depth = 0
usage.elapsed_millis = 1
usage.entry_bytes = 0
usage.input_bytes = 362
usage.ir_edges = 11
usage.ir_items = 208
usage.method_bodies = 2
usage.nested_depth = 0
usage.normalization_clones = 0
usage.output_bytes = 764
usage.read_bytes = 362
usage.result_items = 14
view.scope.kind = "snapshot_all"
view.snapshot = "369cc8b79b896ac5ca787308e00493be346f3810679c4508c2828e13c23ea11e"
