exit=0
command=javap -classpath /var/folders/gm/lzn3ylzx4lz7mx29lftngdz40000gn/T/jarde-cf18-453025hj/original-classes -c -p -v ExceptionRegionsAudit
stdout:
Classfile /var/folders/gm/lzn3ylzx4lz7mx29lftngdz40000gn/T/jarde-cf18-453025hj/original-classes/ExceptionRegionsAudit.class
  Last modified 2026年9月27日; size 1018 bytes
  SHA-256 checksum 6ee9f9b11158d95465b7712b522c042eccaecf83e683c51da358a7434ebb7c61
public final class ExceptionRegionsAudit
  minor version: 0
  major version: 52
  flags: (0x0031) ACC_PUBLIC, ACC_FINAL, ACC_SUPER
  this_class: #8                          // ExceptionRegionsAudit
  super_class: #2                         // java/lang/Object
  interfaces: 0, fields: 1, methods: 4, attributes: 0
Constant pool:
   #1 = Methodref          #2.#3          // java/lang/Object."<init>":()V
   #2 = Class              #4             // java/lang/Object
   #3 = NameAndType        #5:#6          // "<init>":()V
   #4 = Utf8               java/lang/Object
   #5 = Utf8               <init>
   #6 = Utf8               ()V
   #7 = Fieldref           #8.#9          // ExceptionRegionsAudit.effects:I
   #8 = Class              #10            // ExceptionRegionsAudit
   #9 = NameAndType        #11:#12        // effects:I
  #10 = Utf8               ExceptionRegionsAudit
  #11 = Utf8               effects
  #12 = Utf8               I
  #13 = Class              #14            // java/lang/NumberFormatException
  #14 = Utf8               java/lang/NumberFormatException
  #15 = String             #16            // zero
  #16 = Utf8               zero
  #17 = Methodref          #13.#18        // java/lang/NumberFormatException."<init>":(Ljava/lang/String;)V
  #18 = NameAndType        #5:#19         // "<init>":(Ljava/lang/String;)V
  #19 = Utf8               (Ljava/lang/String;)V
  #20 = Class              #21            // java/lang/IllegalStateException
  #21 = Utf8               java/lang/IllegalStateException
  #22 = String             #23            // two
  #23 = Utf8               two
  #24 = Methodref          #20.#18        // java/lang/IllegalStateException."<init>":(Ljava/lang/String;)V
  #25 = Methodref          #8.#26         // ExceptionRegionsAudit.work:(I)I
  #26 = NameAndType        #27:#28        // work:(I)I
  #27 = Utf8               work
  #28 = Utf8               (I)I
  #29 = Fieldref           #30.#31        // java/lang/System.out:Ljava/io/PrintStream;
  #30 = Class              #32            // java/lang/System
  #31 = NameAndType        #33:#34        // out:Ljava/io/PrintStream;
  #32 = Utf8               java/lang/System
  #33 = Utf8               out
  #34 = Utf8               Ljava/io/PrintStream;
  #35 = Class              #36            // java/lang/StringBuilder
  #36 = Utf8               java/lang/StringBuilder
  #37 = Methodref          #35.#3         // java/lang/StringBuilder."<init>":()V
  #38 = Methodref          #8.#39         // ExceptionRegionsAudit.run:()I
  #39 = NameAndType        #40:#41        // run:()I
  #40 = Utf8               run
  #41 = Utf8               ()I
  #42 = Methodref          #35.#43        // java/lang/StringBuilder.append:(I)Ljava/lang/StringBuilder;
  #43 = NameAndType        #44:#45        // append:(I)Ljava/lang/StringBuilder;
  #44 = Utf8               append
  #45 = Utf8               (I)Ljava/lang/StringBuilder;
  #46 = String             #47            // :
  #47 = Utf8               :
  #48 = Methodref          #35.#49        // java/lang/StringBuilder.append:(Ljava/lang/String;)Ljava/lang/StringBuilder;
  #49 = NameAndType        #44:#50        // append:(Ljava/lang/String;)Ljava/lang/StringBuilder;
  #50 = Utf8               (Ljava/lang/String;)Ljava/lang/StringBuilder;
  #51 = Methodref          #35.#52        // java/lang/StringBuilder.toString:()Ljava/lang/String;
  #52 = NameAndType        #53:#54        // toString:()Ljava/lang/String;
  #53 = Utf8               toString
  #54 = Utf8               ()Ljava/lang/String;
  #55 = Methodref          #56.#57        // java/io/PrintStream.println:(Ljava/lang/String;)V
  #56 = Class              #58            // java/io/PrintStream
  #57 = NameAndType        #59:#19        // println:(Ljava/lang/String;)V
  #58 = Utf8               java/io/PrintStream
  #59 = Utf8               println
  #60 = Utf8               Code
  #61 = Utf8               StackMapTable
  #62 = Utf8               main
  #63 = Utf8               ([Ljava/lang/String;)V
{
  private static int effects;
    descriptor: I
    flags: (0x000a) ACC_PRIVATE, ACC_STATIC

  public ExceptionRegionsAudit();
    descriptor: ()V
    flags: (0x0001) ACC_PUBLIC
    Code:
      stack=1, locals=1, args_size=1
         0: aload_0
         1: invokespecial #1                  // Method java/lang/Object."<init>":()V
         4: return

  private static int work(int);
    descriptor: (I)I
    flags: (0x000a) ACC_PRIVATE, ACC_STATIC
    Code:
      stack=3, locals=1, args_size=1
         0: getstatic     #7                  // Field effects:I
         3: iconst_1
         4: iadd
         5: putstatic     #7                  // Field effects:I
         8: iload_0
         9: ifne          22
        12: new           #13                 // class java/lang/NumberFormatException
        15: dup
        16: ldc           #15                 // String zero
        18: invokespecial #17                 // Method java/lang/NumberFormatException."<init>":(Ljava/lang/String;)V
        21: athrow
        22: iload_0
        23: iconst_2
        24: if_icmpne     37
        27: new           #20                 // class java/lang/IllegalStateException
        30: dup
        31: ldc           #22                 // String two
        33: invokespecial #24                 // Method java/lang/IllegalStateException."<init>":(Ljava/lang/String;)V
        36: athrow
        37: iload_0
        38: iconst_3
        39: imul
        40: ireturn
      StackMapTable: number_of_entries = 2
        frame_type = 22 /* same */
        frame_type = 14 /* same */

  private static int run();
    descriptor: ()I
    flags: (0x000a) ACC_PRIVATE, ACC_STATIC
    Code:
      stack=2, locals=3, args_size=0
         0: iconst_0
         1: putstatic     #7                  // Field effects:I
         4: iconst_0
         5: istore_0
         6: iconst_m1
         7: istore_1
         8: iload_1
         9: iconst_4
        10: if_icmpge     91
        13: iload_1
        14: ifge          28
        17: getstatic     #7                  // Field effects:I
        20: iconst_1
        21: iadd
        22: putstatic     #7                  // Field effects:I
        25: goto          85
        28: iload_0
        29: iload_1
        30: invokestatic  #25                 // Method work:(I)I
        33: iadd
        34: istore_0
        35: goto          58
        38: astore_2
        39: getstatic     #7                  // Field effects:I
        42: bipush        10
        44: iadd
        45: putstatic     #7                  // Field effects:I
        48: iload_1
        49: ifne          55
        52: goto          85
        55: iinc          0, -1
        58: iload_1
        59: iconst_1
        60: if_icmpne     66
        63: iinc          0, 100
        66: iinc          0, 5
        69: goto          85
        72: astore_2
        73: getstatic     #7                  // Field effects:I
        76: bipush        100
        78: iadd
        79: putstatic     #7                  // Field effects:I
        82: iinc          0, 2
        85: iinc          1, 1
        88: goto          8
        91: iload_0
        92: ireturn
      Exception table:
         from    to  target type
            28    35    38   Class java/lang/NumberFormatException
            13    25    72   Class java/lang/IllegalStateException
            28    52    72   Class java/lang/IllegalStateException
            55    69    72   Class java/lang/IllegalStateException
      StackMapTable: number_of_entries = 9
        frame_type = 253 /* append */
          offset_delta = 8
          locals = [ int, int ]
        frame_type = 19 /* same */
        frame_type = 73 /* same_locals_1_stack_item */
          stack = [ class java/lang/NumberFormatException ]
        frame_type = 252 /* append */
          offset_delta = 16
          locals = [ class java/lang/NumberFormatException ]
        frame_type = 250 /* chop */
          offset_delta = 2
        frame_type = 7 /* same */
        frame_type = 69 /* same_locals_1_stack_item */
          stack = [ class java/lang/IllegalStateException ]
        frame_type = 12 /* same */
        frame_type = 250 /* chop */
          offset_delta = 5

  public static void main(java.lang.String[]);
    descriptor: ([Ljava/lang/String;)V
    flags: (0x0009) ACC_PUBLIC, ACC_STATIC
    Code:
      stack=3, locals=1, args_size=1
         0: getstatic     #29                 // Field java/lang/System.out:Ljava/io/PrintStream;
         3: new           #35                 // class java/lang/StringBuilder
         6: dup
         7: invokespecial #37                 // Method java/lang/StringBuilder."<init>":()V
        10: invokestatic  #38                 // Method run:()I
        13: invokevirtual #42                 // Method java/lang/StringBuilder.append:(I)Ljava/lang/StringBuilder;
        16: ldc           #46                 // String :
        18: invokevirtual #48                 // Method java/lang/StringBuilder.append:(Ljava/lang/String;)Ljava/lang/StringBuilder;
        21: getstatic     #7                  // Field effects:I
        24: invokevirtual #42                 // Method java/lang/StringBuilder.append:(I)Ljava/lang/StringBuilder;
        27: invokevirtual #51                 // Method java/lang/StringBuilder.toString:()Ljava/lang/String;
        30: invokevirtual #55                 // Method java/io/PrintStream.println:(Ljava/lang/String;)V
        33: return
}

stderr:
