警告: [options] 源值 8 已过时，将在未来发行版中删除
警告: [options] 目标值 8 已过时，将在未来发行版中删除
警告: [options] 要隐藏有关已过时选项的警告, 请使用 -Xlint:-options。
/tmp/jarde-shifts-audit/basic/jarde/ShiftAudit.java:21: 错误: 缺少返回语句
    }
    ^
/tmp/jarde-shifts-audit/basic/jarde/ShiftAudit.java:32: 错误: 缺少返回语句
    }
    ^
/tmp/jarde-shifts-audit/basic/jarde/ShiftAudit.java:43: 错误: 缺少返回语句
    }
    ^
/tmp/jarde-shifts-audit/basic/jarde/ShiftAudit.java:54: 错误: 缺少返回语句
    }
    ^
/tmp/jarde-shifts-audit/basic/jarde/ShiftAudit.java:65: 错误: 缺少返回语句
    }
    ^
/tmp/jarde-shifts-audit/basic/jarde/ShiftAudit.java:76: 错误: 缺少返回语句
    }
    ^
/tmp/jarde-shifts-audit/basic/jarde/ShiftAudit.java:89: 错误: 缺少返回语句
    }
    ^
/tmp/jarde-shifts-audit/basic/jarde/ShiftAudit.java:106: 错误: 缺少返回语句
    }
    ^
/tmp/jarde-shifts-audit/basic/jarde/ShiftAudit.java:125: 错误: 缺少返回语句
    }
    ^
/tmp/jarde-shifts-audit/basic/jarde/ShiftAudit.java:140: 错误: 缺少返回语句
    }
    ^
/tmp/jarde-shifts-audit/basic/jarde/ShiftAudit.java:152: 错误: 缺少返回语句
    }
    ^
11 个错误
3 个警告
