class AnonymousSuperMixedDirect$1 extends Base {
  final java.lang.String val$captured;
    descriptor: Ljava/lang/String;

  AnonymousSuperMixedDirect$1(java.lang.String, int, java.lang.String);
    descriptor: (Ljava/lang/String;ILjava/lang/String;)V
    Code:
       0: aload_0
       1: aload_3
       2: putfield      #1                  // Field val$captured:Ljava/lang/String;
       5: aload_0
       6: aload_1
       7: iload_2
       8: invokespecial #7                  // Method Base."<init>":(Ljava/lang/String;I)V
      11: return

  java.lang.String render();
    descriptor: ()Ljava/lang/String;
    Code:
       0: aload_0
       1: getfield      #1                  // Field val$captured:Ljava/lang/String;
       4: invokestatic  #13                 // Method AnonymousSuperMixedDirect.event:(Ljava/lang/String;)V
       7: aload_0
       8: invokespecial #19                 // Method Base.render:()Ljava/lang/String;
      11: areturn
}
