anonymous_interface_projection.state = "absent"
bridge_proofs = []
class.class_bytes.digest = "d01c0f5bd836c979df1f980fe607bdc438f02450daaa9eccd4e432fb5a36ad7e"
class.class_bytes.length = 463
class.location.entry.ordinal = 2
class.location.entry.origin.root_container = "root"
class.location.entry.origin.snapshot = "38864ca647d11034ce66dc355853d45d6b2f0fc1ed7ca1b2c5ce55ba6058731b"
class.location.entry.origin.steps = []
class.location.entry.raw_name = [68,101,101,112,82,101,108,97,121,46,99,108,97,115,115]
class.location.kind = "archive_entry"
class.variant.kind = "base"
coverage.artifact_structural.scanned.0.end = 3
coverage.artifact_structural.scanned.0.label = "central_directory_entries"
coverage.artifact_structural.scanned.0.start = 0
coverage.artifact_structural.scanned.1.end = 1
coverage.artifact_structural.scanned.1.label = "navigation_candidates"
coverage.artifact_structural.scanned.1.start = 0
coverage.artifact_structural.scanned.2.end = 5
coverage.artifact_structural.scanned.2.label = "class_methods"
coverage.artifact_structural.scanned.2.start = 0
coverage.artifact_structural.scanned.3.end = 5
coverage.artifact_structural.scanned.3.label = "class_source_bodies"
coverage.artifact_structural.scanned.3.start = 0
coverage.artifact_structural.skipped = []
coverage.artifact_structural.state = "complete_within_schema"
coverage.artifact_structural.uninterpreted_extensions = []
coverage.dynamic_analysis.scanned = []
coverage.dynamic_analysis.skipped = []
coverage.dynamic_analysis.state = "not_requested"
coverage.dynamic_analysis.uninterpreted_extensions = []
coverage.runtime_resolution.scanned = []
coverage.runtime_resolution.skipped = []
coverage.runtime_resolution.state = "not_requested"
coverage.runtime_resolution.uninterpreted_extensions = []
declaration.annotation_attributes = []
declaration.annotation_refusals = []
declaration.annotation_uses = []
declaration.declaration = "public class DeepRelay<T> extends java.lang.Object"
declaration.generic_refusal = null
declaration.generic_signature = [60,84,58,76,106,97,118,97,47,108,97,110,103,47,79,98,106,101,99,116,59,62,76,106,97,118,97,47,108,97,110,103,47,79,98,106,101,99,116,59]
declaration.item.binding.kind = "path_name_agrees"
declaration.item.declaration.access_flags = 33
declaration.item.declaration.interfaces = []
declaration.item.declaration.super_class.escaped = "java/lang/Object"
declaration.item.declaration.super_class.raw = [106,97,118,97,47,108,97,110,103,47,79,98,106,101,99,116]
declaration.item.declaration.super_class.utf16 = [106,97,118,97,47,108,97,110,103,47,79,98,106,101,99,116]
declaration.item.declaration.this_class.escaped = "DeepRelay"
declaration.item.declaration.this_class.raw = [68,101,101,112,82,101,108,97,121]
declaration.item.declaration.this_class.utf16 = [68,101,101,112,82,101,108,97,121]
declaration.item.definition.class_bytes.digest = "d01c0f5bd836c979df1f980fe607bdc438f02450daaa9eccd4e432fb5a36ad7e"
declaration.item.definition.class_bytes.length = 463
declaration.item.definition.location.entry.ordinal = 2
declaration.item.definition.location.entry.origin.root_container = "root"
declaration.item.definition.location.entry.origin.snapshot = "38864ca647d11034ce66dc355853d45d6b2f0fc1ed7ca1b2c5ce55ba6058731b"
declaration.item.definition.location.entry.origin.steps = []
declaration.item.definition.location.entry.raw_name = [68,101,101,112,82,101,108,97,121,46,99,108,97,115,115]
declaration.item.definition.location.kind = "archive_entry"
declaration.item.definition.variant.kind = "base"
declaration.item.member_table = null
declaration.name = "DeepRelay"
diagnostics = []
direct_override_proofs = []
enum_switch_proofs = []
execution.status = "complete"
execution.usage.analysis_steps = 3342
execution.usage.archive_entries = 9
execution.usage.attribute_bytes = 793
execution.usage.class_bytes = 926
execution.usage.class_headers = 1
execution.usage.code_bytes = 25
execution.usage.dependency_depth = 0
execution.usage.elapsed_millis = 4
execution.usage.entry_bytes = 463
execution.usage.input_bytes = 696
execution.usage.ir_edges = 19
execution.usage.ir_items = 762
execution.usage.method_bodies = 5
execution.usage.nested_depth = 0
execution.usage.normalization_clones = 0
execution.usage.output_bytes = 9475
execution.usage.read_bytes = 251
execution.usage.result_items = 27
fields = []
initializer_proof.kind = "not_applicable"
integer_constant_projections = []
limits.analysis_steps = 4194304
limits.archive_entries = 65536
limits.attribute_bytes = 67108864
limits.class_bytes = 67108864
limits.class_headers = 4096
limits.code_bytes = 16777216
limits.dependency_depth = 8
limits.elapsed_millis = 30000
limits.entry_bytes = 67108864
limits.input_bytes = 67108864
limits.ir_edges = 4194304
limits.ir_items = 4194304
limits.method_bodies = 4096
limits.nested_depth = 4
limits.normalization_clones = 1048576
limits.output_bytes = 16777216
limits.read_bytes = 67108864
limits.result_items = 65536
member_family.state = "absent"
methods.0.annotations.attributes = []
methods.0.annotations.refusals = []
methods.0.annotations.uses = []
methods.0.declaration = "public DeepRelay()"
methods.0.item.access_flags = 1
methods.0.item.body.content_span.length = 17
methods.0.item.body.content_span.start = 280
methods.0.item.body.kind = "code_attribute"
methods.0.item.descriptor.escaped = "()V"
methods.0.item.descriptor.raw = [40,41,86]
methods.0.item.descriptor.utf16 = [40,41,86]
methods.0.item.identity.descriptor = [40,41,86]
methods.0.item.identity.name = [60,105,110,105,116,62]
methods.0.item.identity.owner.class_bytes.digest = "d01c0f5bd836c979df1f980fe607bdc438f02450daaa9eccd4e432fb5a36ad7e"
methods.0.item.identity.owner.class_bytes.length = 463
methods.0.item.identity.owner.location.entry.ordinal = 2
methods.0.item.identity.owner.location.entry.origin.root_container = "root"
methods.0.item.identity.owner.location.entry.origin.snapshot = "38864ca647d11034ce66dc355853d45d6b2f0fc1ed7ca1b2c5ce55ba6058731b"
methods.0.item.identity.owner.location.entry.origin.steps = []
methods.0.item.identity.owner.location.entry.raw_name = [68,101,101,112,82,101,108,97,121,46,99,108,97,115,115]
methods.0.item.identity.owner.location.kind = "archive_entry"
methods.0.item.identity.owner.variant.kind = "base"
methods.0.item.index = 0
methods.0.item.name.escaped = "<init>"
methods.0.item.name.raw = [60,105,110,105,116,62]
methods.0.item.name.utf16 = [60,105,110,105,116,62]
methods.0.markers = []
methods.0.no_body_kind = null
methods.0.outcome.analysis.diagnostics = 0
methods.0.outcome.analysis.execution.status = "complete"
methods.0.outcome.analysis.execution.usage.analysis_steps = 35
methods.0.outcome.analysis.execution.usage.archive_entries = 9
methods.0.outcome.analysis.execution.usage.attribute_bytes = 341
methods.0.outcome.analysis.execution.usage.class_bytes = 926
methods.0.outcome.analysis.execution.usage.class_headers = 1
methods.0.outcome.analysis.execution.usage.code_bytes = 5
methods.0.outcome.analysis.execution.usage.dependency_depth = 0
methods.0.outcome.analysis.execution.usage.elapsed_millis = 1
methods.0.outcome.analysis.execution.usage.entry_bytes = 463
methods.0.outcome.analysis.execution.usage.input_bytes = 696
methods.0.outcome.analysis.execution.usage.ir_edges = 2
methods.0.outcome.analysis.execution.usage.ir_items = 48
methods.0.outcome.analysis.execution.usage.method_bodies = 1
methods.0.outcome.analysis.execution.usage.nested_depth = 0
methods.0.outcome.analysis.execution.usage.normalization_clones = 0
methods.0.outcome.analysis.execution.usage.output_bytes = 50
methods.0.outcome.analysis.execution.usage.read_bytes = 251
methods.0.outcome.analysis.execution.usage.result_items = 22
methods.0.outcome.kind = "recovered"
methods.0.outcome.report.accessors = []
methods.0.outcome.report.aliased_names = []
methods.0.outcome.report.artifact.agreement.state = "not_stated"
methods.0.outcome.report.artifact.binding.engine = "0.1.0"
methods.0.outcome.report.artifact.binding.environment.content = ["38864ca647d11034ce66dc355853d45d6b2f0fc1ed7ca1b2c5ce55ba6058731b"]
methods.0.outcome.report.artifact.binding.environment.domain_loaders = ["app"]
methods.0.outcome.report.artifact.binding.environment.providers = []
methods.0.outcome.report.artifact.binding.environment.runtime.load_domain.delegation.kind = "parent_first"
methods.0.outcome.report.artifact.binding.environment.runtime.load_domain.external_override = "none"
methods.0.outcome.report.artifact.binding.environment.runtime.load_domain.loader = "app"
methods.0.outcome.report.artifact.binding.environment.runtime.load_domain.module_mode.kind = "class_path"
methods.0.outcome.report.artifact.binding.environment.runtime.load_domain.parent_loader = null
methods.0.outcome.report.artifact.binding.environment.runtime.load_domain.roots.0.kind = "container"
methods.0.outcome.report.artifact.binding.environment.runtime.load_domain.roots.0.origin.root_container = "root"
methods.0.outcome.report.artifact.binding.environment.runtime.load_domain.roots.0.origin.snapshot = "38864ca647d11034ce66dc355853d45d6b2f0fc1ed7ca1b2c5ce55ba6058731b"
methods.0.outcome.report.artifact.binding.environment.runtime.load_domain.roots.0.origin.steps = []
methods.0.outcome.report.artifact.binding.environment.runtime.load_domain.roots.0.prefix = []
methods.0.outcome.report.artifact.binding.environment.runtime.load_domain.runtime_transformation = "none"
methods.0.outcome.report.artifact.binding.environment.runtime.physical.scope.kind = "snapshot_all"
methods.0.outcome.report.artifact.binding.environment.runtime.physical.snapshot = "38864ca647d11034ce66dc355853d45d6b2f0fc1ed7ca1b2c5ce55ba6058731b"
methods.0.outcome.report.artifact.binding.environment.runtime.profile.java_release = 8
methods.0.outcome.report.artifact.binding.environment.runtime.profile.layout.kind = "generic"
methods.0.outcome.report.artifact.binding.environment.runtime.profile.multi_release.kind = "disabled"
methods.0.outcome.report.artifact.binding.member_ordinal = 0
methods.0.outcome.report.artifact.binding.method.descriptor = [40,41,86]
methods.0.outcome.report.artifact.binding.method.name = [60,105,110,105,116,62]
methods.0.outcome.report.artifact.binding.method.owner.class_bytes.digest = "d01c0f5bd836c979df1f980fe607bdc438f02450daaa9eccd4e432fb5a36ad7e"
methods.0.outcome.report.artifact.binding.method.owner.class_bytes.length = 463
methods.0.outcome.report.artifact.binding.method.owner.location.entry.ordinal = 2
methods.0.outcome.report.artifact.binding.method.owner.location.entry.origin.root_container = "root"
methods.0.outcome.report.artifact.binding.method.owner.location.entry.origin.snapshot = "38864ca647d11034ce66dc355853d45d6b2f0fc1ed7ca1b2c5ce55ba6058731b"
methods.0.outcome.report.artifact.binding.method.owner.location.entry.origin.steps = []
methods.0.outcome.report.artifact.binding.method.owner.location.entry.raw_name = [68,101,101,112,82,101,108,97,121,46,99,108,97,115,115]
methods.0.outcome.report.artifact.binding.method.owner.location.kind = "archive_entry"
methods.0.outcome.report.artifact.binding.method.owner.variant.kind = "base"
methods.0.outcome.report.artifact.binding.profile.java_release = 8
methods.0.outcome.report.artifact.binding.profile.layout.kind = "generic"
methods.0.outcome.report.artifact.binding.profile.multi_release.kind = "disabled"
methods.0.outcome.report.artifact.binding.registry = 71
methods.0.outcome.report.artifact.binding.rules = ["straight@1","if@1","loop@1","switch@1","lambda@1","concat@1","bridge@1","accessor@1","new@1","field@1","enumswitch@1","init@1","declaration@1","twr@1","monitor@1","finally@1"]
methods.0.outcome.report.artifact.binding.schema = 1
methods.0.outcome.report.artifact.binding.text_bytes = 183
methods.0.outcome.report.artifact.binding.text_digest = "632b749bde3e7d59c8c5d4dca8d38847"
methods.0.outcome.report.bridges = []
methods.0.outcome.report.compile_status = "not_attempted"
methods.0.outcome.report.concats = []
methods.0.outcome.report.content = "contains_statements"
methods.0.outcome.report.declaration = null
methods.0.outcome.report.diagnostics.0.code = "jre_recovery_produced"
methods.0.outcome.report.diagnostics.0.message = "1 region(s), 2 statement(s), 2 segment(s), 183 byte(s) written from 1 canonical block(s)"
methods.0.outcome.report.diagnostics.0.provenance = null
methods.0.outcome.report.diagnostics.0.severity = "info"
methods.0.outcome.report.diagnostics.1.code = "jre_constructor_prologue"
methods.0.outcome.report.diagnostics.1.message = "the body is an instance initializer and its prologue is written under init@1 as `super`: the call at BCI 1 names `java/lang/Object`, and the class that declares this constructor is `DeepRelay`"
methods.0.outcome.report.diagnostics.1.provenance = null
methods.0.outcome.report.diagnostics.1.severity = "info"
methods.0.outcome.report.diagnostics.2.code = "jre_declaration"
methods.0.outcome.report.diagnostics.2.message = "the artifact's envelope states the member's declaration under declaration@1: a constructor"
methods.0.outcome.report.diagnostics.2.provenance = null
methods.0.outcome.report.diagnostics.2.severity = "info"
methods.0.outcome.report.enum_switches = []
methods.0.outcome.report.evidence.categories.0.kind = "source_map"
methods.0.outcome.report.evidence.categories.0.state.state = "complete"
methods.0.outcome.report.evidence.categories.1.kind = "region_details"
methods.0.outcome.report.evidence.categories.1.state.state = "not_requested"
methods.0.outcome.report.evidence.categories.2.kind = "rule_details"
methods.0.outcome.report.evidence.categories.2.state.state = "not_requested"
methods.0.outcome.report.evidence.categories.3.kind = "name_details"
methods.0.outcome.report.evidence.categories.3.state.state = "not_requested"
methods.0.outcome.report.evidence.categories.4.kind = "read_details"
methods.0.outcome.report.evidence.categories.4.state.state = "not_requested"
methods.0.outcome.report.evidence.requested.driver_bci_range = null
methods.0.outcome.report.evidence.requested.expected_artifact = null
methods.0.outcome.report.evidence.requested.kinds = ["source_map"]
methods.0.outcome.report.execution.status = "complete"
methods.0.outcome.report.execution.usage.analysis_steps = 135
methods.0.outcome.report.execution.usage.archive_entries = 9
methods.0.outcome.report.execution.usage.attribute_bytes = 341
methods.0.outcome.report.execution.usage.class_bytes = 926
methods.0.outcome.report.execution.usage.class_headers = 1
methods.0.outcome.report.execution.usage.code_bytes = 5
methods.0.outcome.report.execution.usage.dependency_depth = 0
methods.0.outcome.report.execution.usage.elapsed_millis = 1
methods.0.outcome.report.execution.usage.entry_bytes = 463
methods.0.outcome.report.execution.usage.input_bytes = 696
methods.0.outcome.report.execution.usage.ir_edges = 2
methods.0.outcome.report.execution.usage.ir_items = 77
methods.0.outcome.report.execution.usage.method_bodies = 1
methods.0.outcome.report.execution.usage.nested_depth = 0
methods.0.outcome.report.execution.usage.normalization_clones = 0
methods.0.outcome.report.execution.usage.output_bytes = 233
methods.0.outcome.report.execution.usage.read_bytes = 251
methods.0.outcome.report.execution.usage.result_items = 22
methods.0.outcome.report.fallbacks = []
methods.0.outcome.report.fields = []
methods.0.outcome.report.init = null
methods.0.outcome.report.lambdas = []
methods.0.outcome.report.method = "<init>()V"
methods.0.outcome.report.news = []
methods.0.outcome.report.outcome = "produced"
methods.0.outcome.report.profile.java_release = 8
methods.0.outcome.report.profile.layout.kind = "generic"
methods.0.outcome.report.profile.multi_release.kind = "disabled"
methods.0.outcome.report.quality = "structured"
methods.0.outcome.report.regions = []
methods.0.outcome.report.representation = "java"
methods.0.outcome.report.rules = []
methods.0.outcome.report.semantic_validation = "unproven"
methods.0.outcome.report.source_map.segments.0.end = 169
methods.0.outcome.report.source_map.segments.0.origin.derived.0.bci = 0
methods.0.outcome.report.source_map.segments.0.origin.derived.0.cp = null
methods.0.outcome.report.source_map.segments.0.origin.derived.0.method.descriptor = [40,41,86]
methods.0.outcome.report.source_map.segments.0.origin.derived.0.method.name = [60,105,110,105,116,62]
methods.0.outcome.report.source_map.segments.0.origin.derived.0.method.owner.class_bytes.digest = "d01c0f5bd836c979df1f980fe607bdc438f02450daaa9eccd4e432fb5a36ad7e"
methods.0.outcome.report.source_map.segments.0.origin.derived.0.method.owner.class_bytes.length = 463
methods.0.outcome.report.source_map.segments.0.origin.derived.0.method.owner.location.entry.ordinal = 2
methods.0.outcome.report.source_map.segments.0.origin.derived.0.method.owner.location.entry.origin.root_container = "root"
methods.0.outcome.report.source_map.segments.0.origin.derived.0.method.owner.location.entry.origin.snapshot = "38864ca647d11034ce66dc355853d45d6b2f0fc1ed7ca1b2c5ce55ba6058731b"
methods.0.outcome.report.source_map.segments.0.origin.derived.0.method.owner.location.entry.origin.steps = []
methods.0.outcome.report.source_map.segments.0.origin.derived.0.method.owner.location.entry.raw_name = [68,101,101,112,82,101,108,97,121,46,99,108,97,115,115]
methods.0.outcome.report.source_map.segments.0.origin.derived.0.method.owner.location.kind = "archive_entry"
methods.0.outcome.report.source_map.segments.0.origin.derived.0.method.owner.variant.kind = "base"
methods.0.outcome.report.source_map.segments.0.origin.derived.0.provenance = "Derived"
methods.0.outcome.report.source_map.segments.0.origin.primary.bci = 1
methods.0.outcome.report.source_map.segments.0.origin.primary.cp = null
methods.0.outcome.report.source_map.segments.0.origin.primary.method.descriptor = [40,41,86]
methods.0.outcome.report.source_map.segments.0.origin.primary.method.name = [60,105,110,105,116,62]
methods.0.outcome.report.source_map.segments.0.origin.primary.method.owner.class_bytes.digest = "d01c0f5bd836c979df1f980fe607bdc438f02450daaa9eccd4e432fb5a36ad7e"
methods.0.outcome.report.source_map.segments.0.origin.primary.method.owner.class_bytes.length = 463
methods.0.outcome.report.source_map.segments.0.origin.primary.method.owner.location.entry.ordinal = 2
methods.0.outcome.report.source_map.segments.0.origin.primary.method.owner.location.entry.origin.root_container = "root"
methods.0.outcome.report.source_map.segments.0.origin.primary.method.owner.location.entry.origin.snapshot = "38864ca647d11034ce66dc355853d45d6b2f0fc1ed7ca1b2c5ce55ba6058731b"
methods.0.outcome.report.source_map.segments.0.origin.primary.method.owner.location.entry.origin.steps = []
methods.0.outcome.report.source_map.segments.0.origin.primary.method.owner.location.entry.raw_name = [68,101,101,112,82,101,108,97,121,46,99,108,97,115,115]
methods.0.outcome.report.source_map.segments.0.origin.primary.method.owner.location.kind = "archive_entry"
methods.0.outcome.report.source_map.segments.0.origin.primary.method.owner.variant.kind = "base"
methods.0.outcome.report.source_map.segments.0.origin.primary.provenance = "Direct"
methods.0.outcome.report.source_map.segments.0.start = 156
methods.0.outcome.report.source_map.segments.1.end = 181
methods.0.outcome.report.source_map.segments.1.origin.derived = []
methods.0.outcome.report.source_map.segments.1.origin.primary.bci = 4
methods.0.outcome.report.source_map.segments.1.origin.primary.cp = null
methods.0.outcome.report.source_map.segments.1.origin.primary.method.descriptor = [40,41,86]
methods.0.outcome.report.source_map.segments.1.origin.primary.method.name = [60,105,110,105,116,62]
methods.0.outcome.report.source_map.segments.1.origin.primary.method.owner.class_bytes.digest = "d01c0f5bd836c979df1f980fe607bdc438f02450daaa9eccd4e432fb5a36ad7e"
methods.0.outcome.report.source_map.segments.1.origin.primary.method.owner.class_bytes.length = 463
methods.0.outcome.report.source_map.segments.1.origin.primary.method.owner.location.entry.ordinal = 2
methods.0.outcome.report.source_map.segments.1.origin.primary.method.owner.location.entry.origin.root_container = "root"
methods.0.outcome.report.source_map.segments.1.origin.primary.method.owner.location.entry.origin.snapshot = "38864ca647d11034ce66dc355853d45d6b2f0fc1ed7ca1b2c5ce55ba6058731b"
methods.0.outcome.report.source_map.segments.1.origin.primary.method.owner.location.entry.origin.steps = []
methods.0.outcome.report.source_map.segments.1.origin.primary.method.owner.location.entry.raw_name = [68,101,101,112,82,101,108,97,121,46,99,108,97,115,115]
methods.0.outcome.report.source_map.segments.1.origin.primary.method.owner.location.kind = "archive_entry"
methods.0.outcome.report.source_map.segments.1.origin.primary.method.owner.variant.kind = "base"
methods.0.outcome.report.source_map.segments.1.origin.primary.provenance = "Direct"
methods.0.outcome.report.source_map.segments.1.start = 169
methods.0.outcome.report.syntax_status = "unchecked"
methods.0.outcome.report.text = "// @method <init>()V\n// @declaration a constructor of `DeepRelay`, member flags 0x0001\n// recovered from bytecode; presentation is not claimed to compile\n{\n    super();\n    return;\n}\n"
methods.0.outcome.report.verification = "not_performed"
methods.0.parameter_annotations.attributes = []
methods.0.parameter_annotations.refusals = []
methods.0.parameter_annotations.uses_by_position = []
methods.0.text = "    public DeepRelay() {\n        // @method <init>()V\n        // @declaration a constructor of `DeepRelay`, member flags 0x0001\n        // recovered from bytecode; presentation is not claimed to compile\n        super();\n        return;\n    }\n"
methods.0.type_annotations.attributes = []
methods.0.type_annotations.field_uses = []
methods.0.type_annotations.parameter_uses = []
methods.0.type_annotations.refusals = []
methods.0.type_annotations.return_uses = []
methods.1.annotations.attributes = []
methods.1.annotations.refusals = []
methods.1.annotations.uses = []
methods.1.declaration = "public T relay0(T arg1)"
methods.1.item.access_flags = 1
methods.1.item.body.content_span.length = 18
methods.1.item.body.content_span.start = 311
methods.1.item.body.kind = "code_attribute"
methods.1.item.descriptor.escaped = "(Ljava/lang/Object;)Ljava/lang/Object;"
methods.1.item.descriptor.raw = [40,76,106,97,118,97,47,108,97,110,103,47,79,98,106,101,99,116,59,41,76,106,97,118,97,47,108,97,110,103,47,79,98,106,101,99,116,59]
methods.1.item.descriptor.utf16 = [40,76,106,97,118,97,47,108,97,110,103,47,79,98,106,101,99,116,59,41,76,106,97,118,97,47,108,97,110,103,47,79,98,106,101,99,116,59]
methods.1.item.identity.descriptor = [40,76,106,97,118,97,47,108,97,110,103,47,79,98,106,101,99,116,59,41,76,106,97,118,97,47,108,97,110,103,47,79,98,106,101,99,116,59]
methods.1.item.identity.name = [114,101,108,97,121,48]
methods.1.item.identity.owner.class_bytes.digest = "d01c0f5bd836c979df1f980fe607bdc438f02450daaa9eccd4e432fb5a36ad7e"
methods.1.item.identity.owner.class_bytes.length = 463
methods.1.item.identity.owner.location.entry.ordinal = 2
methods.1.item.identity.owner.location.entry.origin.root_container = "root"
methods.1.item.identity.owner.location.entry.origin.snapshot = "38864ca647d11034ce66dc355853d45d6b2f0fc1ed7ca1b2c5ce55ba6058731b"
methods.1.item.identity.owner.location.entry.origin.steps = []
methods.1.item.identity.owner.location.entry.raw_name = [68,101,101,112,82,101,108,97,121,46,99,108,97,115,115]
methods.1.item.identity.owner.location.kind = "archive_entry"
methods.1.item.identity.owner.variant.kind = "base"
methods.1.item.index = 1
methods.1.item.name.escaped = "relay0"
methods.1.item.name.raw = [114,101,108,97,121,48]
methods.1.item.name.utf16 = [114,101,108,97,121,48]
methods.1.markers = ["// jarde: generic Signature `(TT;)TT;` projected after descriptor erasure and same-run AST/SSA parameter-return proof; same-class call binding proved"]
methods.1.no_body_kind = null
methods.1.outcome.analysis.diagnostics = 0
methods.1.outcome.analysis.execution.status = "complete"
methods.1.outcome.analysis.execution.usage.analysis_steps = 160
methods.1.outcome.analysis.execution.usage.archive_entries = 9
methods.1.outcome.analysis.execution.usage.attribute_bytes = 365
methods.1.outcome.analysis.execution.usage.class_bytes = 926
methods.1.outcome.analysis.execution.usage.class_headers = 1
methods.1.outcome.analysis.execution.usage.code_bytes = 11
methods.1.outcome.analysis.execution.usage.dependency_depth = 0
methods.1.outcome.analysis.execution.usage.elapsed_millis = 1
methods.1.outcome.analysis.execution.usage.entry_bytes = 463
methods.1.outcome.analysis.execution.usage.input_bytes = 696
methods.1.outcome.analysis.execution.usage.ir_edges = 7
methods.1.outcome.analysis.execution.usage.ir_items = 153
methods.1.outcome.analysis.execution.usage.method_bodies = 2
methods.1.outcome.analysis.execution.usage.nested_depth = 0
methods.1.outcome.analysis.execution.usage.normalization_clones = 0
methods.1.outcome.analysis.execution.usage.output_bytes = 233
methods.1.outcome.analysis.execution.usage.read_bytes = 251
methods.1.outcome.analysis.execution.usage.result_items = 23
methods.1.outcome.kind = "recovered"
methods.1.outcome.report.accessors = []
methods.1.outcome.report.aliased_names = []
methods.1.outcome.report.artifact.agreement.state = "not_stated"
methods.1.outcome.report.artifact.binding.engine = "0.1.0"
methods.1.outcome.report.artifact.binding.environment.content = ["38864ca647d11034ce66dc355853d45d6b2f0fc1ed7ca1b2c5ce55ba6058731b"]
methods.1.outcome.report.artifact.binding.environment.domain_loaders = ["app"]
methods.1.outcome.report.artifact.binding.environment.providers = []
methods.1.outcome.report.artifact.binding.environment.runtime.load_domain.delegation.kind = "parent_first"
methods.1.outcome.report.artifact.binding.environment.runtime.load_domain.external_override = "none"
methods.1.outcome.report.artifact.binding.environment.runtime.load_domain.loader = "app"
methods.1.outcome.report.artifact.binding.environment.runtime.load_domain.module_mode.kind = "class_path"
methods.1.outcome.report.artifact.binding.environment.runtime.load_domain.parent_loader = null
methods.1.outcome.report.artifact.binding.environment.runtime.load_domain.roots.0.kind = "container"
methods.1.outcome.report.artifact.binding.environment.runtime.load_domain.roots.0.origin.root_container = "root"
methods.1.outcome.report.artifact.binding.environment.runtime.load_domain.roots.0.origin.snapshot = "38864ca647d11034ce66dc355853d45d6b2f0fc1ed7ca1b2c5ce55ba6058731b"
methods.1.outcome.report.artifact.binding.environment.runtime.load_domain.roots.0.origin.steps = []
methods.1.outcome.report.artifact.binding.environment.runtime.load_domain.roots.0.prefix = []
methods.1.outcome.report.artifact.binding.environment.runtime.load_domain.runtime_transformation = "none"
methods.1.outcome.report.artifact.binding.environment.runtime.physical.scope.kind = "snapshot_all"
methods.1.outcome.report.artifact.binding.environment.runtime.physical.snapshot = "38864ca647d11034ce66dc355853d45d6b2f0fc1ed7ca1b2c5ce55ba6058731b"
methods.1.outcome.report.artifact.binding.environment.runtime.profile.java_release = 8
methods.1.outcome.report.artifact.binding.environment.runtime.profile.layout.kind = "generic"
methods.1.outcome.report.artifact.binding.environment.runtime.profile.multi_release.kind = "disabled"
methods.1.outcome.report.artifact.binding.member_ordinal = 1
methods.1.outcome.report.artifact.binding.method.descriptor = [40,76,106,97,118,97,47,108,97,110,103,47,79,98,106,101,99,116,59,41,76,106,97,118,97,47,108,97,110,103,47,79,98,106,101,99,116,59]
methods.1.outcome.report.artifact.binding.method.name = [114,101,108,97,121,48]
methods.1.outcome.report.artifact.binding.method.owner.class_bytes.digest = "d01c0f5bd836c979df1f980fe607bdc438f02450daaa9eccd4e432fb5a36ad7e"
methods.1.outcome.report.artifact.binding.method.owner.class_bytes.length = 463
methods.1.outcome.report.artifact.binding.method.owner.location.entry.ordinal = 2
methods.1.outcome.report.artifact.binding.method.owner.location.entry.origin.root_container = "root"
methods.1.outcome.report.artifact.binding.method.owner.location.entry.origin.snapshot = "38864ca647d11034ce66dc355853d45d6b2f0fc1ed7ca1b2c5ce55ba6058731b"
methods.1.outcome.report.artifact.binding.method.owner.location.entry.origin.steps = []
methods.1.outcome.report.artifact.binding.method.owner.location.entry.raw_name = [68,101,101,112,82,101,108,97,121,46,99,108,97,115,115]
methods.1.outcome.report.artifact.binding.method.owner.location.kind = "archive_entry"
methods.1.outcome.report.artifact.binding.method.owner.variant.kind = "base"
methods.1.outcome.report.artifact.binding.profile.java_release = 8
methods.1.outcome.report.artifact.binding.profile.layout.kind = "generic"
methods.1.outcome.report.artifact.binding.profile.multi_release.kind = "disabled"
methods.1.outcome.report.artifact.binding.registry = 71
methods.1.outcome.report.artifact.binding.rules = ["straight@1","if@1","loop@1","switch@1","lambda@1","concat@1","bridge@1","accessor@1","new@1","field@1","enumswitch@1","init@1","declaration@1","twr@1","monitor@1","finally@1"]
methods.1.outcome.report.artifact.binding.schema = 1
methods.1.outcome.report.artifact.binding.text_bytes = 228
methods.1.outcome.report.artifact.binding.text_digest = "5078bcd0180433911304c40ad86f7061"
methods.1.outcome.report.bridges = []
methods.1.outcome.report.compile_status = "not_attempted"
methods.1.outcome.report.concats = []
methods.1.outcome.report.content = "contains_statements"
methods.1.outcome.report.declaration = null
methods.1.outcome.report.diagnostics.0.code = "jre_recovery_produced"
methods.1.outcome.report.diagnostics.0.message = "1 region(s), 1 statement(s), 4 segment(s), 228 byte(s) written from 1 canonical block(s)"
methods.1.outcome.report.diagnostics.0.provenance = null
methods.1.outcome.report.diagnostics.0.severity = "info"
methods.1.outcome.report.diagnostics.1.code = "jre_declaration"
methods.1.outcome.report.diagnostics.1.message = "the artifact's envelope states the member's declaration under declaration@1: an instance method"
methods.1.outcome.report.diagnostics.1.provenance = null
methods.1.outcome.report.diagnostics.1.severity = "info"
methods.1.outcome.report.enum_switches = []
methods.1.outcome.report.evidence.categories.0.kind = "source_map"
methods.1.outcome.report.evidence.categories.0.state.state = "complete"
methods.1.outcome.report.evidence.categories.1.kind = "region_details"
methods.1.outcome.report.evidence.categories.1.state.state = "not_requested"
methods.1.outcome.report.evidence.categories.2.kind = "rule_details"
methods.1.outcome.report.evidence.categories.2.state.state = "not_requested"
methods.1.outcome.report.evidence.categories.3.kind = "name_details"
methods.1.outcome.report.evidence.categories.3.state.state = "not_requested"
methods.1.outcome.report.evidence.categories.4.kind = "read_details"
methods.1.outcome.report.evidence.categories.4.state.state = "not_requested"
methods.1.outcome.report.evidence.requested.driver_bci_range = null
methods.1.outcome.report.evidence.requested.expected_artifact = null
methods.1.outcome.report.evidence.requested.kinds = ["source_map"]
methods.1.outcome.report.execution.status = "complete"
methods.1.outcome.report.execution.usage.analysis_steps = 242
methods.1.outcome.report.execution.usage.archive_entries = 9
methods.1.outcome.report.execution.usage.attribute_bytes = 365
methods.1.outcome.report.execution.usage.class_bytes = 926
methods.1.outcome.report.execution.usage.class_headers = 1
methods.1.outcome.report.execution.usage.code_bytes = 11
methods.1.outcome.report.execution.usage.dependency_depth = 0
methods.1.outcome.report.execution.usage.elapsed_millis = 2
methods.1.outcome.report.execution.usage.entry_bytes = 463
methods.1.outcome.report.execution.usage.input_bytes = 696
methods.1.outcome.report.execution.usage.ir_edges = 7
methods.1.outcome.report.execution.usage.ir_items = 205
methods.1.outcome.report.execution.usage.method_bodies = 2
methods.1.outcome.report.execution.usage.nested_depth = 0
methods.1.outcome.report.execution.usage.normalization_clones = 0
methods.1.outcome.report.execution.usage.output_bytes = 461
methods.1.outcome.report.execution.usage.read_bytes = 251
methods.1.outcome.report.execution.usage.result_items = 23
methods.1.outcome.report.fallbacks = []
methods.1.outcome.report.fields = []
methods.1.outcome.report.init = null
methods.1.outcome.report.lambdas = []
methods.1.outcome.report.method = "relay0(Ljava/lang/Object;)Ljava/lang/Object;"
methods.1.outcome.report.news = []
methods.1.outcome.report.outcome = "produced"
methods.1.outcome.report.profile.java_release = 8
methods.1.outcome.report.profile.layout.kind = "generic"
methods.1.outcome.report.profile.multi_release.kind = "disabled"
methods.1.outcome.report.quality = "structured"
methods.1.outcome.report.regions = []
methods.1.outcome.report.representation = "java"
methods.1.outcome.report.rules = []
methods.1.outcome.report.semantic_validation = "unproven"
methods.1.outcome.report.source_map.segments.0.end = 211
methods.1.outcome.report.source_map.segments.0.origin.derived = []
methods.1.outcome.report.source_map.segments.0.origin.primary.bci = 0
methods.1.outcome.report.source_map.segments.0.origin.primary.cp = null
methods.1.outcome.report.source_map.segments.0.origin.primary.method.descriptor = [40,76,106,97,118,97,47,108,97,110,103,47,79,98,106,101,99,116,59,41,76,106,97,118,97,47,108,97,110,103,47,79,98,106,101,99,116,59]
methods.1.outcome.report.source_map.segments.0.origin.primary.method.name = [114,101,108,97,121,48]
methods.1.outcome.report.source_map.segments.0.origin.primary.method.owner.class_bytes.digest = "d01c0f5bd836c979df1f980fe607bdc438f02450daaa9eccd4e432fb5a36ad7e"
methods.1.outcome.report.source_map.segments.0.origin.primary.method.owner.class_bytes.length = 463
methods.1.outcome.report.source_map.segments.0.origin.primary.method.owner.location.entry.ordinal = 2
methods.1.outcome.report.source_map.segments.0.origin.primary.method.owner.location.entry.origin.root_container = "root"
methods.1.outcome.report.source_map.segments.0.origin.primary.method.owner.location.entry.origin.snapshot = "38864ca647d11034ce66dc355853d45d6b2f0fc1ed7ca1b2c5ce55ba6058731b"
methods.1.outcome.report.source_map.segments.0.origin.primary.method.owner.location.entry.origin.steps = []
methods.1.outcome.report.source_map.segments.0.origin.primary.method.owner.location.entry.raw_name = [68,101,101,112,82,101,108,97,121,46,99,108,97,115,115]
methods.1.outcome.report.source_map.segments.0.origin.primary.method.owner.location.kind = "archive_entry"
methods.1.outcome.report.source_map.segments.0.origin.primary.method.owner.variant.kind = "base"
methods.1.outcome.report.source_map.segments.0.origin.primary.provenance = "Direct"
methods.1.outcome.report.source_map.segments.0.start = 207
methods.1.outcome.report.source_map.segments.1.end = 223
methods.1.outcome.report.source_map.segments.1.origin.derived = []
methods.1.outcome.report.source_map.segments.1.origin.primary.bci = 1
methods.1.outcome.report.source_map.segments.1.origin.primary.cp = null
methods.1.outcome.report.source_map.segments.1.origin.primary.method.descriptor = [40,76,106,97,118,97,47,108,97,110,103,47,79,98,106,101,99,116,59,41,76,106,97,118,97,47,108,97,110,103,47,79,98,106,101,99,116,59]
methods.1.outcome.report.source_map.segments.1.origin.primary.method.name = [114,101,108,97,121,48]
methods.1.outcome.report.source_map.segments.1.origin.primary.method.owner.class_bytes.digest = "d01c0f5bd836c979df1f980fe607bdc438f02450daaa9eccd4e432fb5a36ad7e"
methods.1.outcome.report.source_map.segments.1.origin.primary.method.owner.class_bytes.length = 463
methods.1.outcome.report.source_map.segments.1.origin.primary.method.owner.location.entry.ordinal = 2
methods.1.outcome.report.source_map.segments.1.origin.primary.method.owner.location.entry.origin.root_container = "root"
methods.1.outcome.report.source_map.segments.1.origin.primary.method.owner.location.entry.origin.snapshot = "38864ca647d11034ce66dc355853d45d6b2f0fc1ed7ca1b2c5ce55ba6058731b"
methods.1.outcome.report.source_map.segments.1.origin.primary.method.owner.location.entry.origin.steps = []
methods.1.outcome.report.source_map.segments.1.origin.primary.method.owner.location.entry.raw_name = [68,101,101,112,82,101,108,97,121,46,99,108,97,115,115]
methods.1.outcome.report.source_map.segments.1.origin.primary.method.owner.location.kind = "archive_entry"
methods.1.outcome.report.source_map.segments.1.origin.primary.method.owner.variant.kind = "base"
methods.1.outcome.report.source_map.segments.1.origin.primary.provenance = "Direct"
methods.1.outcome.report.source_map.segments.1.start = 219
methods.1.outcome.report.source_map.segments.2.end = 224
methods.1.outcome.report.source_map.segments.2.origin.derived = []
methods.1.outcome.report.source_map.segments.2.origin.primary.bci = 2
methods.1.outcome.report.source_map.segments.2.origin.primary.cp = null
methods.1.outcome.report.source_map.segments.2.origin.primary.method.descriptor = [40,76,106,97,118,97,47,108,97,110,103,47,79,98,106,101,99,116,59,41,76,106,97,118,97,47,108,97,110,103,47,79,98,106,101,99,116,59]
methods.1.outcome.report.source_map.segments.2.origin.primary.method.name = [114,101,108,97,121,48]
methods.1.outcome.report.source_map.segments.2.origin.primary.method.owner.class_bytes.digest = "d01c0f5bd836c979df1f980fe607bdc438f02450daaa9eccd4e432fb5a36ad7e"
methods.1.outcome.report.source_map.segments.2.origin.primary.method.owner.class_bytes.length = 463
methods.1.outcome.report.source_map.segments.2.origin.primary.method.owner.location.entry.ordinal = 2
methods.1.outcome.report.source_map.segments.2.origin.primary.method.owner.location.entry.origin.root_container = "root"
methods.1.outcome.report.source_map.segments.2.origin.primary.method.owner.location.entry.origin.snapshot = "38864ca647d11034ce66dc355853d45d6b2f0fc1ed7ca1b2c5ce55ba6058731b"
methods.1.outcome.report.source_map.segments.2.origin.primary.method.owner.location.entry.origin.steps = []
methods.1.outcome.report.source_map.segments.2.origin.primary.method.owner.location.entry.raw_name = [68,101,101,112,82,101,108,97,121,46,99,108,97,115,115]
methods.1.outcome.report.source_map.segments.2.origin.primary.method.owner.location.kind = "archive_entry"
methods.1.outcome.report.source_map.segments.2.origin.primary.method.owner.variant.kind = "base"
methods.1.outcome.report.source_map.segments.2.origin.primary.provenance = "Direct"
methods.1.outcome.report.source_map.segments.2.start = 207
methods.1.outcome.report.source_map.segments.3.end = 226
methods.1.outcome.report.source_map.segments.3.origin.derived = []
methods.1.outcome.report.source_map.segments.3.origin.primary.bci = 5
methods.1.outcome.report.source_map.segments.3.origin.primary.cp = null
methods.1.outcome.report.source_map.segments.3.origin.primary.method.descriptor = [40,76,106,97,118,97,47,108,97,110,103,47,79,98,106,101,99,116,59,41,76,106,97,118,97,47,108,97,110,103,47,79,98,106,101,99,116,59]
methods.1.outcome.report.source_map.segments.3.origin.primary.method.name = [114,101,108,97,121,48]
methods.1.outcome.report.source_map.segments.3.origin.primary.method.owner.class_bytes.digest = "d01c0f5bd836c979df1f980fe607bdc438f02450daaa9eccd4e432fb5a36ad7e"
methods.1.outcome.report.source_map.segments.3.origin.primary.method.owner.class_bytes.length = 463
methods.1.outcome.report.source_map.segments.3.origin.primary.method.owner.location.entry.ordinal = 2
methods.1.outcome.report.source_map.segments.3.origin.primary.method.owner.location.entry.origin.root_container = "root"
methods.1.outcome.report.source_map.segments.3.origin.primary.method.owner.location.entry.origin.snapshot = "38864ca647d11034ce66dc355853d45d6b2f0fc1ed7ca1b2c5ce55ba6058731b"
methods.1.outcome.report.source_map.segments.3.origin.primary.method.owner.location.entry.origin.steps = []
methods.1.outcome.report.source_map.segments.3.origin.primary.method.owner.location.entry.raw_name = [68,101,101,112,82,101,108,97,121,46,99,108,97,115,115]
methods.1.outcome.report.source_map.segments.3.origin.primary.method.owner.location.kind = "archive_entry"
methods.1.outcome.report.source_map.segments.3.origin.primary.method.owner.variant.kind = "base"
methods.1.outcome.report.source_map.segments.3.origin.primary.provenance = "Direct"
methods.1.outcome.report.source_map.segments.3.start = 196
methods.1.outcome.report.syntax_status = "unchecked"
methods.1.outcome.report.text = "// @method relay0(Ljava/lang/Object;)Ljava/lang/Object;\n// @declaration an instance method of `DeepRelay`, member flags 0x0001\n// recovered from bytecode; presentation is not claimed to compile\n{\n    return this.relay1(arg1);\n}\n"
methods.1.outcome.report.verification = "not_performed"
methods.1.parameter_annotations.attributes = []
methods.1.parameter_annotations.refusals = []
methods.1.parameter_annotations.uses_by_position = [[]]
methods.1.text = "    public T relay0(T arg1) {\n        // jarde: generic Signature `(TT;)TT;` projected after descriptor erasure and same-run AST/SSA parameter-return proof; same-class call binding proved\n        // @method relay0(Ljava/lang/Object;)Ljava/lang/Object;\n        // @declaration an instance method of `DeepRelay`, member flags 0x0001\n        // recovered from bytecode; presentation is not claimed to compile\n        return this.relay1(arg1);\n    }\n"
methods.1.type_annotations.attributes = []
methods.1.type_annotations.field_uses = []
methods.1.type_annotations.parameter_uses = [[]]
methods.1.type_annotations.refusals = []
methods.1.type_annotations.return_uses = []
methods.2.annotations.attributes = []
methods.2.annotations.refusals = []
methods.2.annotations.uses = []
methods.2.declaration = "public T relay1(T arg1)"
methods.2.item.access_flags = 1
methods.2.item.body.content_span.length = 18
methods.2.item.body.content_span.start = 351
methods.2.item.body.kind = "code_attribute"
methods.2.item.descriptor.escaped = "(Ljava/lang/Object;)Ljava/lang/Object;"
methods.2.item.descriptor.raw = [40,76,106,97,118,97,47,108,97,110,103,47,79,98,106,101,99,116,59,41,76,106,97,118,97,47,108,97,110,103,47,79,98,106,101,99,116,59]
methods.2.item.descriptor.utf16 = [40,76,106,97,118,97,47,108,97,110,103,47,79,98,106,101,99,116,59,41,76,106,97,118,97,47,108,97,110,103,47,79,98,106,101,99,116,59]
methods.2.item.identity.descriptor = [40,76,106,97,118,97,47,108,97,110,103,47,79,98,106,101,99,116,59,41,76,106,97,118,97,47,108,97,110,103,47,79,98,106,101,99,116,59]
methods.2.item.identity.name = [114,101,108,97,121,49]
methods.2.item.identity.owner.class_bytes.digest = "d01c0f5bd836c979df1f980fe607bdc438f02450daaa9eccd4e432fb5a36ad7e"
methods.2.item.identity.owner.class_bytes.length = 463
methods.2.item.identity.owner.location.entry.ordinal = 2
methods.2.item.identity.owner.location.entry.origin.root_container = "root"
methods.2.item.identity.owner.location.entry.origin.snapshot = "38864ca647d11034ce66dc355853d45d6b2f0fc1ed7ca1b2c5ce55ba6058731b"
methods.2.item.identity.owner.location.entry.origin.steps = []
methods.2.item.identity.owner.location.entry.raw_name = [68,101,101,112,82,101,108,97,121,46,99,108,97,115,115]
methods.2.item.identity.owner.location.kind = "archive_entry"
methods.2.item.identity.owner.variant.kind = "base"
methods.2.item.index = 2
methods.2.item.name.escaped = "relay1"
methods.2.item.name.raw = [114,101,108,97,121,49]
methods.2.item.name.utf16 = [114,101,108,97,121,49]
methods.2.markers = ["// jarde: generic Signature `(TT;)TT;` projected after descriptor erasure and same-run AST/SSA parameter-return proof; same-class call binding proved"]
methods.2.no_body_kind = null
methods.2.outcome.analysis.diagnostics = 0
methods.2.outcome.analysis.execution.status = "complete"
methods.2.outcome.analysis.execution.usage.analysis_steps = 312
methods.2.outcome.analysis.execution.usage.archive_entries = 9
methods.2.outcome.analysis.execution.usage.attribute_bytes = 397
methods.2.outcome.analysis.execution.usage.class_bytes = 926
methods.2.outcome.analysis.execution.usage.class_headers = 1
methods.2.outcome.analysis.execution.usage.code_bytes = 17
methods.2.outcome.analysis.execution.usage.dependency_depth = 0
methods.2.outcome.analysis.execution.usage.elapsed_millis = 2
methods.2.outcome.analysis.execution.usage.entry_bytes = 463
methods.2.outcome.analysis.execution.usage.input_bytes = 696
methods.2.outcome.analysis.execution.usage.ir_edges = 12
methods.2.outcome.analysis.execution.usage.ir_items = 281
methods.2.outcome.analysis.execution.usage.method_bodies = 3
methods.2.outcome.analysis.execution.usage.nested_depth = 0
methods.2.outcome.analysis.execution.usage.normalization_clones = 0
methods.2.outcome.analysis.execution.usage.output_bytes = 1585
methods.2.outcome.analysis.execution.usage.read_bytes = 251
methods.2.outcome.analysis.execution.usage.result_items = 24
methods.2.outcome.kind = "recovered"
methods.2.outcome.report.accessors = []
methods.2.outcome.report.aliased_names = []
methods.2.outcome.report.artifact.agreement.state = "not_stated"
methods.2.outcome.report.artifact.binding.engine = "0.1.0"
methods.2.outcome.report.artifact.binding.environment.content = ["38864ca647d11034ce66dc355853d45d6b2f0fc1ed7ca1b2c5ce55ba6058731b"]
methods.2.outcome.report.artifact.binding.environment.domain_loaders = ["app"]
methods.2.outcome.report.artifact.binding.environment.providers = []
methods.2.outcome.report.artifact.binding.environment.runtime.load_domain.delegation.kind = "parent_first"
methods.2.outcome.report.artifact.binding.environment.runtime.load_domain.external_override = "none"
methods.2.outcome.report.artifact.binding.environment.runtime.load_domain.loader = "app"
methods.2.outcome.report.artifact.binding.environment.runtime.load_domain.module_mode.kind = "class_path"
methods.2.outcome.report.artifact.binding.environment.runtime.load_domain.parent_loader = null
methods.2.outcome.report.artifact.binding.environment.runtime.load_domain.roots.0.kind = "container"
methods.2.outcome.report.artifact.binding.environment.runtime.load_domain.roots.0.origin.root_container = "root"
methods.2.outcome.report.artifact.binding.environment.runtime.load_domain.roots.0.origin.snapshot = "38864ca647d11034ce66dc355853d45d6b2f0fc1ed7ca1b2c5ce55ba6058731b"
methods.2.outcome.report.artifact.binding.environment.runtime.load_domain.roots.0.origin.steps = []
methods.2.outcome.report.artifact.binding.environment.runtime.load_domain.roots.0.prefix = []
methods.2.outcome.report.artifact.binding.environment.runtime.load_domain.runtime_transformation = "none"
methods.2.outcome.report.artifact.binding.environment.runtime.physical.scope.kind = "snapshot_all"
methods.2.outcome.report.artifact.binding.environment.runtime.physical.snapshot = "38864ca647d11034ce66dc355853d45d6b2f0fc1ed7ca1b2c5ce55ba6058731b"
methods.2.outcome.report.artifact.binding.environment.runtime.profile.java_release = 8
methods.2.outcome.report.artifact.binding.environment.runtime.profile.layout.kind = "generic"
methods.2.outcome.report.artifact.binding.environment.runtime.profile.multi_release.kind = "disabled"
methods.2.outcome.report.artifact.binding.member_ordinal = 2
methods.2.outcome.report.artifact.binding.method.descriptor = [40,76,106,97,118,97,47,108,97,110,103,47,79,98,106,101,99,116,59,41,76,106,97,118,97,47,108,97,110,103,47,79,98,106,101,99,116,59]
methods.2.outcome.report.artifact.binding.method.name = [114,101,108,97,121,49]
methods.2.outcome.report.artifact.binding.method.owner.class_bytes.digest = "d01c0f5bd836c979df1f980fe607bdc438f02450daaa9eccd4e432fb5a36ad7e"
methods.2.outcome.report.artifact.binding.method.owner.class_bytes.length = 463
methods.2.outcome.report.artifact.binding.method.owner.location.entry.ordinal = 2
methods.2.outcome.report.artifact.binding.method.owner.location.entry.origin.root_container = "root"
methods.2.outcome.report.artifact.binding.method.owner.location.entry.origin.snapshot = "38864ca647d11034ce66dc355853d45d6b2f0fc1ed7ca1b2c5ce55ba6058731b"
methods.2.outcome.report.artifact.binding.method.owner.location.entry.origin.steps = []
methods.2.outcome.report.artifact.binding.method.owner.location.entry.raw_name = [68,101,101,112,82,101,108,97,121,46,99,108,97,115,115]
methods.2.outcome.report.artifact.binding.method.owner.location.kind = "archive_entry"
methods.2.outcome.report.artifact.binding.method.owner.variant.kind = "base"
methods.2.outcome.report.artifact.binding.profile.java_release = 8
methods.2.outcome.report.artifact.binding.profile.layout.kind = "generic"
methods.2.outcome.report.artifact.binding.profile.multi_release.kind = "disabled"
methods.2.outcome.report.artifact.binding.registry = 71
methods.2.outcome.report.artifact.binding.rules = ["straight@1","if@1","loop@1","switch@1","lambda@1","concat@1","bridge@1","accessor@1","new@1","field@1","enumswitch@1","init@1","declaration@1","twr@1","monitor@1","finally@1"]
methods.2.outcome.report.artifact.binding.schema = 1
methods.2.outcome.report.artifact.binding.text_bytes = 228
methods.2.outcome.report.artifact.binding.text_digest = "7d97418d2ad2054ad680b30a0212dd41"
methods.2.outcome.report.bridges = []
methods.2.outcome.report.compile_status = "not_attempted"
methods.2.outcome.report.concats = []
methods.2.outcome.report.content = "contains_statements"
methods.2.outcome.report.declaration = null
methods.2.outcome.report.diagnostics.0.code = "jre_recovery_produced"
methods.2.outcome.report.diagnostics.0.message = "1 region(s), 1 statement(s), 4 segment(s), 228 byte(s) written from 1 canonical block(s)"
methods.2.outcome.report.diagnostics.0.provenance = null
methods.2.outcome.report.diagnostics.0.severity = "info"
methods.2.outcome.report.diagnostics.1.code = "jre_declaration"
methods.2.outcome.report.diagnostics.1.message = "the artifact's envelope states the member's declaration under declaration@1: an instance method"
methods.2.outcome.report.diagnostics.1.provenance = null
methods.2.outcome.report.diagnostics.1.severity = "info"
methods.2.outcome.report.enum_switches = []
methods.2.outcome.report.evidence.categories.0.kind = "source_map"
methods.2.outcome.report.evidence.categories.0.state.state = "complete"
methods.2.outcome.report.evidence.categories.1.kind = "region_details"
methods.2.outcome.report.evidence.categories.1.state.state = "not_requested"
methods.2.outcome.report.evidence.categories.2.kind = "rule_details"
methods.2.outcome.report.evidence.categories.2.state.state = "not_requested"
methods.2.outcome.report.evidence.categories.3.kind = "name_details"
methods.2.outcome.report.evidence.categories.3.state.state = "not_requested"
methods.2.outcome.report.evidence.categories.4.kind = "read_details"
methods.2.outcome.report.evidence.categories.4.state.state = "not_requested"
methods.2.outcome.report.evidence.requested.driver_bci_range = null
methods.2.outcome.report.evidence.requested.expected_artifact = null
methods.2.outcome.report.evidence.requested.kinds = ["source_map"]
methods.2.outcome.report.execution.status = "complete"
methods.2.outcome.report.execution.usage.analysis_steps = 394
methods.2.outcome.report.execution.usage.archive_entries = 9
methods.2.outcome.report.execution.usage.attribute_bytes = 397
methods.2.outcome.report.execution.usage.class_bytes = 926
methods.2.outcome.report.execution.usage.class_headers = 1
methods.2.outcome.report.execution.usage.code_bytes = 17
methods.2.outcome.report.execution.usage.dependency_depth = 0
methods.2.outcome.report.execution.usage.elapsed_millis = 2
methods.2.outcome.report.execution.usage.entry_bytes = 463
methods.2.outcome.report.execution.usage.input_bytes = 696
methods.2.outcome.report.execution.usage.ir_edges = 12
methods.2.outcome.report.execution.usage.ir_items = 333
methods.2.outcome.report.execution.usage.method_bodies = 3
methods.2.outcome.report.execution.usage.nested_depth = 0
methods.2.outcome.report.execution.usage.normalization_clones = 0
methods.2.outcome.report.execution.usage.output_bytes = 1813
methods.2.outcome.report.execution.usage.read_bytes = 251
methods.2.outcome.report.execution.usage.result_items = 24
methods.2.outcome.report.fallbacks = []
methods.2.outcome.report.fields = []
methods.2.outcome.report.init = null
methods.2.outcome.report.lambdas = []
methods.2.outcome.report.method = "relay1(Ljava/lang/Object;)Ljava/lang/Object;"
methods.2.outcome.report.news = []
methods.2.outcome.report.outcome = "produced"
methods.2.outcome.report.profile.java_release = 8
methods.2.outcome.report.profile.layout.kind = "generic"
methods.2.outcome.report.profile.multi_release.kind = "disabled"
methods.2.outcome.report.quality = "structured"
methods.2.outcome.report.regions = []
methods.2.outcome.report.representation = "java"
methods.2.outcome.report.rules = []
methods.2.outcome.report.semantic_validation = "unproven"
methods.2.outcome.report.source_map.segments.0.end = 211
methods.2.outcome.report.source_map.segments.0.origin.derived = []
methods.2.outcome.report.source_map.segments.0.origin.primary.bci = 0
methods.2.outcome.report.source_map.segments.0.origin.primary.cp = null
methods.2.outcome.report.source_map.segments.0.origin.primary.method.descriptor = [40,76,106,97,118,97,47,108,97,110,103,47,79,98,106,101,99,116,59,41,76,106,97,118,97,47,108,97,110,103,47,79,98,106,101,99,116,59]
methods.2.outcome.report.source_map.segments.0.origin.primary.method.name = [114,101,108,97,121,49]
methods.2.outcome.report.source_map.segments.0.origin.primary.method.owner.class_bytes.digest = "d01c0f5bd836c979df1f980fe607bdc438f02450daaa9eccd4e432fb5a36ad7e"
methods.2.outcome.report.source_map.segments.0.origin.primary.method.owner.class_bytes.length = 463
methods.2.outcome.report.source_map.segments.0.origin.primary.method.owner.location.entry.ordinal = 2
methods.2.outcome.report.source_map.segments.0.origin.primary.method.owner.location.entry.origin.root_container = "root"
methods.2.outcome.report.source_map.segments.0.origin.primary.method.owner.location.entry.origin.snapshot = "38864ca647d11034ce66dc355853d45d6b2f0fc1ed7ca1b2c5ce55ba6058731b"
methods.2.outcome.report.source_map.segments.0.origin.primary.method.owner.location.entry.origin.steps = []
methods.2.outcome.report.source_map.segments.0.origin.primary.method.owner.location.entry.raw_name = [68,101,101,112,82,101,108,97,121,46,99,108,97,115,115]
methods.2.outcome.report.source_map.segments.0.origin.primary.method.owner.location.kind = "archive_entry"
methods.2.outcome.report.source_map.segments.0.origin.primary.method.owner.variant.kind = "base"
methods.2.outcome.report.source_map.segments.0.origin.primary.provenance = "Direct"
methods.2.outcome.report.source_map.segments.0.start = 207
methods.2.outcome.report.source_map.segments.1.end = 223
methods.2.outcome.report.source_map.segments.1.origin.derived = []
methods.2.outcome.report.source_map.segments.1.origin.primary.bci = 1
methods.2.outcome.report.source_map.segments.1.origin.primary.cp = null
methods.2.outcome.report.source_map.segments.1.origin.primary.method.descriptor = [40,76,106,97,118,97,47,108,97,110,103,47,79,98,106,101,99,116,59,41,76,106,97,118,97,47,108,97,110,103,47,79,98,106,101,99,116,59]
methods.2.outcome.report.source_map.segments.1.origin.primary.method.name = [114,101,108,97,121,49]
methods.2.outcome.report.source_map.segments.1.origin.primary.method.owner.class_bytes.digest = "d01c0f5bd836c979df1f980fe607bdc438f02450daaa9eccd4e432fb5a36ad7e"
methods.2.outcome.report.source_map.segments.1.origin.primary.method.owner.class_bytes.length = 463
methods.2.outcome.report.source_map.segments.1.origin.primary.method.owner.location.entry.ordinal = 2
methods.2.outcome.report.source_map.segments.1.origin.primary.method.owner.location.entry.origin.root_container = "root"
methods.2.outcome.report.source_map.segments.1.origin.primary.method.owner.location.entry.origin.snapshot = "38864ca647d11034ce66dc355853d45d6b2f0fc1ed7ca1b2c5ce55ba6058731b"
methods.2.outcome.report.source_map.segments.1.origin.primary.method.owner.location.entry.origin.steps = []
methods.2.outcome.report.source_map.segments.1.origin.primary.method.owner.location.entry.raw_name = [68,101,101,112,82,101,108,97,121,46,99,108,97,115,115]
methods.2.outcome.report.source_map.segments.1.origin.primary.method.owner.location.kind = "archive_entry"
methods.2.outcome.report.source_map.segments.1.origin.primary.method.owner.variant.kind = "base"
methods.2.outcome.report.source_map.segments.1.origin.primary.provenance = "Direct"
methods.2.outcome.report.source_map.segments.1.start = 219
methods.2.outcome.report.source_map.segments.2.end = 224
methods.2.outcome.report.source_map.segments.2.origin.derived = []
methods.2.outcome.report.source_map.segments.2.origin.primary.bci = 2
methods.2.outcome.report.source_map.segments.2.origin.primary.cp = null
methods.2.outcome.report.source_map.segments.2.origin.primary.method.descriptor = [40,76,106,97,118,97,47,108,97,110,103,47,79,98,106,101,99,116,59,41,76,106,97,118,97,47,108,97,110,103,47,79,98,106,101,99,116,59]
methods.2.outcome.report.source_map.segments.2.origin.primary.method.name = [114,101,108,97,121,49]
methods.2.outcome.report.source_map.segments.2.origin.primary.method.owner.class_bytes.digest = "d01c0f5bd836c979df1f980fe607bdc438f02450daaa9eccd4e432fb5a36ad7e"
methods.2.outcome.report.source_map.segments.2.origin.primary.method.owner.class_bytes.length = 463
methods.2.outcome.report.source_map.segments.2.origin.primary.method.owner.location.entry.ordinal = 2
methods.2.outcome.report.source_map.segments.2.origin.primary.method.owner.location.entry.origin.root_container = "root"
methods.2.outcome.report.source_map.segments.2.origin.primary.method.owner.location.entry.origin.snapshot = "38864ca647d11034ce66dc355853d45d6b2f0fc1ed7ca1b2c5ce55ba6058731b"
methods.2.outcome.report.source_map.segments.2.origin.primary.method.owner.location.entry.origin.steps = []
methods.2.outcome.report.source_map.segments.2.origin.primary.method.owner.location.entry.raw_name = [68,101,101,112,82,101,108,97,121,46,99,108,97,115,115]
methods.2.outcome.report.source_map.segments.2.origin.primary.method.owner.location.kind = "archive_entry"
methods.2.outcome.report.source_map.segments.2.origin.primary.method.owner.variant.kind = "base"
methods.2.outcome.report.source_map.segments.2.origin.primary.provenance = "Direct"
methods.2.outcome.report.source_map.segments.2.start = 207
methods.2.outcome.report.source_map.segments.3.end = 226
methods.2.outcome.report.source_map.segments.3.origin.derived = []
methods.2.outcome.report.source_map.segments.3.origin.primary.bci = 5
methods.2.outcome.report.source_map.segments.3.origin.primary.cp = null
methods.2.outcome.report.source_map.segments.3.origin.primary.method.descriptor = [40,76,106,97,118,97,47,108,97,110,103,47,79,98,106,101,99,116,59,41,76,106,97,118,97,47,108,97,110,103,47,79,98,106,101,99,116,59]
methods.2.outcome.report.source_map.segments.3.origin.primary.method.name = [114,101,108,97,121,49]
methods.2.outcome.report.source_map.segments.3.origin.primary.method.owner.class_bytes.digest = "d01c0f5bd836c979df1f980fe607bdc438f02450daaa9eccd4e432fb5a36ad7e"
methods.2.outcome.report.source_map.segments.3.origin.primary.method.owner.class_bytes.length = 463
methods.2.outcome.report.source_map.segments.3.origin.primary.method.owner.location.entry.ordinal = 2
methods.2.outcome.report.source_map.segments.3.origin.primary.method.owner.location.entry.origin.root_container = "root"
methods.2.outcome.report.source_map.segments.3.origin.primary.method.owner.location.entry.origin.snapshot = "38864ca647d11034ce66dc355853d45d6b2f0fc1ed7ca1b2c5ce55ba6058731b"
methods.2.outcome.report.source_map.segments.3.origin.primary.method.owner.location.entry.origin.steps = []
methods.2.outcome.report.source_map.segments.3.origin.primary.method.owner.location.entry.raw_name = [68,101,101,112,82,101,108,97,121,46,99,108,97,115,115]
methods.2.outcome.report.source_map.segments.3.origin.primary.method.owner.location.kind = "archive_entry"
methods.2.outcome.report.source_map.segments.3.origin.primary.method.owner.variant.kind = "base"
methods.2.outcome.report.source_map.segments.3.origin.primary.provenance = "Direct"
methods.2.outcome.report.source_map.segments.3.start = 196
methods.2.outcome.report.syntax_status = "unchecked"
methods.2.outcome.report.text = "// @method relay1(Ljava/lang/Object;)Ljava/lang/Object;\n// @declaration an instance method of `DeepRelay`, member flags 0x0001\n// recovered from bytecode; presentation is not claimed to compile\n{\n    return this.relay2(arg1);\n}\n"
methods.2.outcome.report.verification = "not_performed"
methods.2.parameter_annotations.attributes = []
methods.2.parameter_annotations.refusals = []
methods.2.parameter_annotations.uses_by_position = [[]]
methods.2.text = "    public T relay1(T arg1) {\n        // jarde: generic Signature `(TT;)TT;` projected after descriptor erasure and same-run AST/SSA parameter-return proof; same-class call binding proved\n        // @method relay1(Ljava/lang/Object;)Ljava/lang/Object;\n        // @declaration an instance method of `DeepRelay`, member flags 0x0001\n        // recovered from bytecode; presentation is not claimed to compile\n        return this.relay2(arg1);\n    }\n"
methods.2.type_annotations.attributes = []
methods.2.type_annotations.field_uses = []
methods.2.type_annotations.parameter_uses = [[]]
methods.2.type_annotations.refusals = []
methods.2.type_annotations.return_uses = []
methods.3.annotations.attributes = []
methods.3.annotations.refusals = []
methods.3.annotations.uses = []
methods.3.declaration = "public T relay2(T arg1)"
methods.3.item.access_flags = 1
methods.3.item.body.content_span.length = 18
methods.3.item.body.content_span.start = 391
methods.3.item.body.kind = "code_attribute"
methods.3.item.descriptor.escaped = "(Ljava/lang/Object;)Ljava/lang/Object;"
methods.3.item.descriptor.raw = [40,76,106,97,118,97,47,108,97,110,103,47,79,98,106,101,99,116,59,41,76,106,97,118,97,47,108,97,110,103,47,79,98,106,101,99,116,59]
methods.3.item.descriptor.utf16 = [40,76,106,97,118,97,47,108,97,110,103,47,79,98,106,101,99,116,59,41,76,106,97,118,97,47,108,97,110,103,47,79,98,106,101,99,116,59]
methods.3.item.identity.descriptor = [40,76,106,97,118,97,47,108,97,110,103,47,79,98,106,101,99,116,59,41,76,106,97,118,97,47,108,97,110,103,47,79,98,106,101,99,116,59]
methods.3.item.identity.name = [114,101,108,97,121,50]
methods.3.item.identity.owner.class_bytes.digest = "d01c0f5bd836c979df1f980fe607bdc438f02450daaa9eccd4e432fb5a36ad7e"
methods.3.item.identity.owner.class_bytes.length = 463
methods.3.item.identity.owner.location.entry.ordinal = 2
methods.3.item.identity.owner.location.entry.origin.root_container = "root"
methods.3.item.identity.owner.location.entry.origin.snapshot = "38864ca647d11034ce66dc355853d45d6b2f0fc1ed7ca1b2c5ce55ba6058731b"
methods.3.item.identity.owner.location.entry.origin.steps = []
methods.3.item.identity.owner.location.entry.raw_name = [68,101,101,112,82,101,108,97,121,46,99,108,97,115,115]
methods.3.item.identity.owner.location.kind = "archive_entry"
methods.3.item.identity.owner.variant.kind = "base"
methods.3.item.index = 3
methods.3.item.name.escaped = "relay2"
methods.3.item.name.raw = [114,101,108,97,121,50]
methods.3.item.name.utf16 = [114,101,108,97,121,50]
methods.3.markers = ["// jarde: generic Signature `(TT;)TT;` projected after descriptor erasure and same-run AST/SSA parameter-return proof; same-class call binding proved"]
methods.3.no_body_kind = null
methods.3.outcome.analysis.diagnostics = 0
methods.3.outcome.analysis.execution.status = "complete"
methods.3.outcome.analysis.execution.usage.analysis_steps = 461
methods.3.outcome.analysis.execution.usage.archive_entries = 9
methods.3.outcome.analysis.execution.usage.attribute_bytes = 429
methods.3.outcome.analysis.execution.usage.class_bytes = 926
methods.3.outcome.analysis.execution.usage.class_headers = 1
methods.3.outcome.analysis.execution.usage.code_bytes = 23
methods.3.outcome.analysis.execution.usage.dependency_depth = 0
methods.3.outcome.analysis.execution.usage.elapsed_millis = 2
methods.3.outcome.analysis.execution.usage.entry_bytes = 463
methods.3.outcome.analysis.execution.usage.input_bytes = 696
methods.3.outcome.analysis.execution.usage.ir_edges = 17
methods.3.outcome.analysis.execution.usage.ir_items = 409
methods.3.outcome.analysis.execution.usage.method_bodies = 4
methods.3.outcome.analysis.execution.usage.nested_depth = 0
methods.3.outcome.analysis.execution.usage.normalization_clones = 0
methods.3.outcome.analysis.execution.usage.output_bytes = 2184
methods.3.outcome.analysis.execution.usage.read_bytes = 251
methods.3.outcome.analysis.execution.usage.result_items = 25
methods.3.outcome.kind = "recovered"
methods.3.outcome.report.accessors = []
methods.3.outcome.report.aliased_names = []
methods.3.outcome.report.artifact.agreement.state = "not_stated"
methods.3.outcome.report.artifact.binding.engine = "0.1.0"
methods.3.outcome.report.artifact.binding.environment.content = ["38864ca647d11034ce66dc355853d45d6b2f0fc1ed7ca1b2c5ce55ba6058731b"]
methods.3.outcome.report.artifact.binding.environment.domain_loaders = ["app"]
methods.3.outcome.report.artifact.binding.environment.providers = []
methods.3.outcome.report.artifact.binding.environment.runtime.load_domain.delegation.kind = "parent_first"
methods.3.outcome.report.artifact.binding.environment.runtime.load_domain.external_override = "none"
methods.3.outcome.report.artifact.binding.environment.runtime.load_domain.loader = "app"
methods.3.outcome.report.artifact.binding.environment.runtime.load_domain.module_mode.kind = "class_path"
methods.3.outcome.report.artifact.binding.environment.runtime.load_domain.parent_loader = null
methods.3.outcome.report.artifact.binding.environment.runtime.load_domain.roots.0.kind = "container"
methods.3.outcome.report.artifact.binding.environment.runtime.load_domain.roots.0.origin.root_container = "root"
methods.3.outcome.report.artifact.binding.environment.runtime.load_domain.roots.0.origin.snapshot = "38864ca647d11034ce66dc355853d45d6b2f0fc1ed7ca1b2c5ce55ba6058731b"
methods.3.outcome.report.artifact.binding.environment.runtime.load_domain.roots.0.origin.steps = []
methods.3.outcome.report.artifact.binding.environment.runtime.load_domain.roots.0.prefix = []
methods.3.outcome.report.artifact.binding.environment.runtime.load_domain.runtime_transformation = "none"
methods.3.outcome.report.artifact.binding.environment.runtime.physical.scope.kind = "snapshot_all"
methods.3.outcome.report.artifact.binding.environment.runtime.physical.snapshot = "38864ca647d11034ce66dc355853d45d6b2f0fc1ed7ca1b2c5ce55ba6058731b"
methods.3.outcome.report.artifact.binding.environment.runtime.profile.java_release = 8
methods.3.outcome.report.artifact.binding.environment.runtime.profile.layout.kind = "generic"
methods.3.outcome.report.artifact.binding.environment.runtime.profile.multi_release.kind = "disabled"
methods.3.outcome.report.artifact.binding.member_ordinal = 3
methods.3.outcome.report.artifact.binding.method.descriptor = [40,76,106,97,118,97,47,108,97,110,103,47,79,98,106,101,99,116,59,41,76,106,97,118,97,47,108,97,110,103,47,79,98,106,101,99,116,59]
methods.3.outcome.report.artifact.binding.method.name = [114,101,108,97,121,50]
methods.3.outcome.report.artifact.binding.method.owner.class_bytes.digest = "d01c0f5bd836c979df1f980fe607bdc438f02450daaa9eccd4e432fb5a36ad7e"
methods.3.outcome.report.artifact.binding.method.owner.class_bytes.length = 463
methods.3.outcome.report.artifact.binding.method.owner.location.entry.ordinal = 2
methods.3.outcome.report.artifact.binding.method.owner.location.entry.origin.root_container = "root"
methods.3.outcome.report.artifact.binding.method.owner.location.entry.origin.snapshot = "38864ca647d11034ce66dc355853d45d6b2f0fc1ed7ca1b2c5ce55ba6058731b"
methods.3.outcome.report.artifact.binding.method.owner.location.entry.origin.steps = []
methods.3.outcome.report.artifact.binding.method.owner.location.entry.raw_name = [68,101,101,112,82,101,108,97,121,46,99,108,97,115,115]
methods.3.outcome.report.artifact.binding.method.owner.location.kind = "archive_entry"
methods.3.outcome.report.artifact.binding.method.owner.variant.kind = "base"
methods.3.outcome.report.artifact.binding.profile.java_release = 8
methods.3.outcome.report.artifact.binding.profile.layout.kind = "generic"
methods.3.outcome.report.artifact.binding.profile.multi_release.kind = "disabled"
methods.3.outcome.report.artifact.binding.registry = 71
methods.3.outcome.report.artifact.binding.rules = ["straight@1","if@1","loop@1","switch@1","lambda@1","concat@1","bridge@1","accessor@1","new@1","field@1","enumswitch@1","init@1","declaration@1","twr@1","monitor@1","finally@1"]
methods.3.outcome.report.artifact.binding.schema = 1
methods.3.outcome.report.artifact.binding.text_bytes = 230
methods.3.outcome.report.artifact.binding.text_digest = "c4c7d28b41ac1a5359b8d366804656b5"
methods.3.outcome.report.bridges = []
methods.3.outcome.report.compile_status = "not_attempted"
methods.3.outcome.report.concats = []
methods.3.outcome.report.content = "contains_statements"
methods.3.outcome.report.declaration = null
methods.3.outcome.report.diagnostics.0.code = "jre_recovery_produced"
methods.3.outcome.report.diagnostics.0.message = "1 region(s), 1 statement(s), 4 segment(s), 230 byte(s) written from 1 canonical block(s)"
methods.3.outcome.report.diagnostics.0.provenance = null
methods.3.outcome.report.diagnostics.0.severity = "info"
methods.3.outcome.report.diagnostics.1.code = "jre_declaration"
methods.3.outcome.report.diagnostics.1.message = "the artifact's envelope states the member's declaration under declaration@1: an instance method"
methods.3.outcome.report.diagnostics.1.provenance = null
methods.3.outcome.report.diagnostics.1.severity = "info"
methods.3.outcome.report.enum_switches = []
methods.3.outcome.report.evidence.categories.0.kind = "source_map"
methods.3.outcome.report.evidence.categories.0.state.state = "complete"
methods.3.outcome.report.evidence.categories.1.kind = "region_details"
methods.3.outcome.report.evidence.categories.1.state.state = "not_requested"
methods.3.outcome.report.evidence.categories.2.kind = "rule_details"
methods.3.outcome.report.evidence.categories.2.state.state = "not_requested"
methods.3.outcome.report.evidence.categories.3.kind = "name_details"
methods.3.outcome.report.evidence.categories.3.state.state = "not_requested"
methods.3.outcome.report.evidence.categories.4.kind = "read_details"
methods.3.outcome.report.evidence.categories.4.state.state = "not_requested"
methods.3.outcome.report.evidence.requested.driver_bci_range = null
methods.3.outcome.report.evidence.requested.expected_artifact = null
methods.3.outcome.report.evidence.requested.kinds = ["source_map"]
methods.3.outcome.report.execution.status = "complete"
methods.3.outcome.report.execution.usage.analysis_steps = 543
methods.3.outcome.report.execution.usage.archive_entries = 9
methods.3.outcome.report.execution.usage.attribute_bytes = 429
methods.3.outcome.report.execution.usage.class_bytes = 926
methods.3.outcome.report.execution.usage.class_headers = 1
methods.3.outcome.report.execution.usage.code_bytes = 23
methods.3.outcome.report.execution.usage.dependency_depth = 0
methods.3.outcome.report.execution.usage.elapsed_millis = 2
methods.3.outcome.report.execution.usage.entry_bytes = 463
methods.3.outcome.report.execution.usage.input_bytes = 696
methods.3.outcome.report.execution.usage.ir_edges = 17
methods.3.outcome.report.execution.usage.ir_items = 461
methods.3.outcome.report.execution.usage.method_bodies = 4
methods.3.outcome.report.execution.usage.nested_depth = 0
methods.3.outcome.report.execution.usage.normalization_clones = 0
methods.3.outcome.report.execution.usage.output_bytes = 2414
methods.3.outcome.report.execution.usage.read_bytes = 251
methods.3.outcome.report.execution.usage.result_items = 25
methods.3.outcome.report.fallbacks = []
methods.3.outcome.report.fields = []
methods.3.outcome.report.init = null
methods.3.outcome.report.lambdas = []
methods.3.outcome.report.method = "relay2(Ljava/lang/Object;)Ljava/lang/Object;"
methods.3.outcome.report.news = []
methods.3.outcome.report.outcome = "produced"
methods.3.outcome.report.profile.java_release = 8
methods.3.outcome.report.profile.layout.kind = "generic"
methods.3.outcome.report.profile.multi_release.kind = "disabled"
methods.3.outcome.report.quality = "structured"
methods.3.outcome.report.regions = []
methods.3.outcome.report.representation = "java"
methods.3.outcome.report.rules = []
methods.3.outcome.report.semantic_validation = "unproven"
methods.3.outcome.report.source_map.segments.0.end = 211
methods.3.outcome.report.source_map.segments.0.origin.derived = []
methods.3.outcome.report.source_map.segments.0.origin.primary.bci = 0
methods.3.outcome.report.source_map.segments.0.origin.primary.cp = null
methods.3.outcome.report.source_map.segments.0.origin.primary.method.descriptor = [40,76,106,97,118,97,47,108,97,110,103,47,79,98,106,101,99,116,59,41,76,106,97,118,97,47,108,97,110,103,47,79,98,106,101,99,116,59]
methods.3.outcome.report.source_map.segments.0.origin.primary.method.name = [114,101,108,97,121,50]
methods.3.outcome.report.source_map.segments.0.origin.primary.method.owner.class_bytes.digest = "d01c0f5bd836c979df1f980fe607bdc438f02450daaa9eccd4e432fb5a36ad7e"
methods.3.outcome.report.source_map.segments.0.origin.primary.method.owner.class_bytes.length = 463
methods.3.outcome.report.source_map.segments.0.origin.primary.method.owner.location.entry.ordinal = 2
methods.3.outcome.report.source_map.segments.0.origin.primary.method.owner.location.entry.origin.root_container = "root"
methods.3.outcome.report.source_map.segments.0.origin.primary.method.owner.location.entry.origin.snapshot = "38864ca647d11034ce66dc355853d45d6b2f0fc1ed7ca1b2c5ce55ba6058731b"
methods.3.outcome.report.source_map.segments.0.origin.primary.method.owner.location.entry.origin.steps = []
methods.3.outcome.report.source_map.segments.0.origin.primary.method.owner.location.entry.raw_name = [68,101,101,112,82,101,108,97,121,46,99,108,97,115,115]
methods.3.outcome.report.source_map.segments.0.origin.primary.method.owner.location.kind = "archive_entry"
methods.3.outcome.report.source_map.segments.0.origin.primary.method.owner.variant.kind = "base"
methods.3.outcome.report.source_map.segments.0.origin.primary.provenance = "Direct"
methods.3.outcome.report.source_map.segments.0.start = 207
methods.3.outcome.report.source_map.segments.1.end = 225
methods.3.outcome.report.source_map.segments.1.origin.derived = []
methods.3.outcome.report.source_map.segments.1.origin.primary.bci = 1
methods.3.outcome.report.source_map.segments.1.origin.primary.cp = null
methods.3.outcome.report.source_map.segments.1.origin.primary.method.descriptor = [40,76,106,97,118,97,47,108,97,110,103,47,79,98,106,101,99,116,59,41,76,106,97,118,97,47,108,97,110,103,47,79,98,106,101,99,116,59]
methods.3.outcome.report.source_map.segments.1.origin.primary.method.name = [114,101,108,97,121,50]
methods.3.outcome.report.source_map.segments.1.origin.primary.method.owner.class_bytes.digest = "d01c0f5bd836c979df1f980fe607bdc438f02450daaa9eccd4e432fb5a36ad7e"
methods.3.outcome.report.source_map.segments.1.origin.primary.method.owner.class_bytes.length = 463
methods.3.outcome.report.source_map.segments.1.origin.primary.method.owner.location.entry.ordinal = 2
methods.3.outcome.report.source_map.segments.1.origin.primary.method.owner.location.entry.origin.root_container = "root"
methods.3.outcome.report.source_map.segments.1.origin.primary.method.owner.location.entry.origin.snapshot = "38864ca647d11034ce66dc355853d45d6b2f0fc1ed7ca1b2c5ce55ba6058731b"
methods.3.outcome.report.source_map.segments.1.origin.primary.method.owner.location.entry.origin.steps = []
methods.3.outcome.report.source_map.segments.1.origin.primary.method.owner.location.entry.raw_name = [68,101,101,112,82,101,108,97,121,46,99,108,97,115,115]
methods.3.outcome.report.source_map.segments.1.origin.primary.method.owner.location.kind = "archive_entry"
methods.3.outcome.report.source_map.segments.1.origin.primary.method.owner.variant.kind = "base"
methods.3.outcome.report.source_map.segments.1.origin.primary.provenance = "Direct"
methods.3.outcome.report.source_map.segments.1.start = 221
methods.3.outcome.report.source_map.segments.2.end = 226
methods.3.outcome.report.source_map.segments.2.origin.derived = []
methods.3.outcome.report.source_map.segments.2.origin.primary.bci = 2
methods.3.outcome.report.source_map.segments.2.origin.primary.cp = null
methods.3.outcome.report.source_map.segments.2.origin.primary.method.descriptor = [40,76,106,97,118,97,47,108,97,110,103,47,79,98,106,101,99,116,59,41,76,106,97,118,97,47,108,97,110,103,47,79,98,106,101,99,116,59]
methods.3.outcome.report.source_map.segments.2.origin.primary.method.name = [114,101,108,97,121,50]
methods.3.outcome.report.source_map.segments.2.origin.primary.method.owner.class_bytes.digest = "d01c0f5bd836c979df1f980fe607bdc438f02450daaa9eccd4e432fb5a36ad7e"
methods.3.outcome.report.source_map.segments.2.origin.primary.method.owner.class_bytes.length = 463
methods.3.outcome.report.source_map.segments.2.origin.primary.method.owner.location.entry.ordinal = 2
methods.3.outcome.report.source_map.segments.2.origin.primary.method.owner.location.entry.origin.root_container = "root"
methods.3.outcome.report.source_map.segments.2.origin.primary.method.owner.location.entry.origin.snapshot = "38864ca647d11034ce66dc355853d45d6b2f0fc1ed7ca1b2c5ce55ba6058731b"
methods.3.outcome.report.source_map.segments.2.origin.primary.method.owner.location.entry.origin.steps = []
methods.3.outcome.report.source_map.segments.2.origin.primary.method.owner.location.entry.raw_name = [68,101,101,112,82,101,108,97,121,46,99,108,97,115,115]
methods.3.outcome.report.source_map.segments.2.origin.primary.method.owner.location.kind = "archive_entry"
methods.3.outcome.report.source_map.segments.2.origin.primary.method.owner.variant.kind = "base"
methods.3.outcome.report.source_map.segments.2.origin.primary.provenance = "Direct"
methods.3.outcome.report.source_map.segments.2.start = 207
methods.3.outcome.report.source_map.segments.3.end = 228
methods.3.outcome.report.source_map.segments.3.origin.derived = []
methods.3.outcome.report.source_map.segments.3.origin.primary.bci = 5
methods.3.outcome.report.source_map.segments.3.origin.primary.cp = null
methods.3.outcome.report.source_map.segments.3.origin.primary.method.descriptor = [40,76,106,97,118,97,47,108,97,110,103,47,79,98,106,101,99,116,59,41,76,106,97,118,97,47,108,97,110,103,47,79,98,106,101,99,116,59]
methods.3.outcome.report.source_map.segments.3.origin.primary.method.name = [114,101,108,97,121,50]
methods.3.outcome.report.source_map.segments.3.origin.primary.method.owner.class_bytes.digest = "d01c0f5bd836c979df1f980fe607bdc438f02450daaa9eccd4e432fb5a36ad7e"
methods.3.outcome.report.source_map.segments.3.origin.primary.method.owner.class_bytes.length = 463
methods.3.outcome.report.source_map.segments.3.origin.primary.method.owner.location.entry.ordinal = 2
methods.3.outcome.report.source_map.segments.3.origin.primary.method.owner.location.entry.origin.root_container = "root"
methods.3.outcome.report.source_map.segments.3.origin.primary.method.owner.location.entry.origin.snapshot = "38864ca647d11034ce66dc355853d45d6b2f0fc1ed7ca1b2c5ce55ba6058731b"
methods.3.outcome.report.source_map.segments.3.origin.primary.method.owner.location.entry.origin.steps = []
methods.3.outcome.report.source_map.segments.3.origin.primary.method.owner.location.entry.raw_name = [68,101,101,112,82,101,108,97,121,46,99,108,97,115,115]
methods.3.outcome.report.source_map.segments.3.origin.primary.method.owner.location.kind = "archive_entry"
methods.3.outcome.report.source_map.segments.3.origin.primary.method.owner.variant.kind = "base"
methods.3.outcome.report.source_map.segments.3.origin.primary.provenance = "Direct"
methods.3.outcome.report.source_map.segments.3.start = 196
methods.3.outcome.report.syntax_status = "unchecked"
methods.3.outcome.report.text = "// @method relay2(Ljava/lang/Object;)Ljava/lang/Object;\n// @declaration an instance method of `DeepRelay`, member flags 0x0001\n// recovered from bytecode; presentation is not claimed to compile\n{\n    return this.identity(arg1);\n}\n"
methods.3.outcome.report.verification = "not_performed"
methods.3.parameter_annotations.attributes = []
methods.3.parameter_annotations.refusals = []
methods.3.parameter_annotations.uses_by_position = [[]]
methods.3.text = "    public T relay2(T arg1) {\n        // jarde: generic Signature `(TT;)TT;` projected after descriptor erasure and same-run AST/SSA parameter-return proof; same-class call binding proved\n        // @method relay2(Ljava/lang/Object;)Ljava/lang/Object;\n        // @declaration an instance method of `DeepRelay`, member flags 0x0001\n        // recovered from bytecode; presentation is not claimed to compile\n        return this.identity(arg1);\n    }\n"
methods.3.type_annotations.attributes = []
methods.3.type_annotations.field_uses = []
methods.3.type_annotations.parameter_uses = [[]]
methods.3.type_annotations.refusals = []
methods.3.type_annotations.return_uses = []
methods.4.annotations.attributes = []
methods.4.annotations.refusals = []
methods.4.annotations.uses = []
methods.4.declaration = "public T identity(T arg1)"
methods.4.item.access_flags = 1
methods.4.item.body.content_span.length = 14
methods.4.item.body.content_span.start = 431
methods.4.item.body.kind = "code_attribute"
methods.4.item.descriptor.escaped = "(Ljava/lang/Object;)Ljava/lang/Object;"
methods.4.item.descriptor.raw = [40,76,106,97,118,97,47,108,97,110,103,47,79,98,106,101,99,116,59,41,76,106,97,118,97,47,108,97,110,103,47,79,98,106,101,99,116,59]
methods.4.item.descriptor.utf16 = [40,76,106,97,118,97,47,108,97,110,103,47,79,98,106,101,99,116,59,41,76,106,97,118,97,47,108,97,110,103,47,79,98,106,101,99,116,59]
methods.4.item.identity.descriptor = [40,76,106,97,118,97,47,108,97,110,103,47,79,98,106,101,99,116,59,41,76,106,97,118,97,47,108,97,110,103,47,79,98,106,101,99,116,59]
methods.4.item.identity.name = [105,100,101,110,116,105,116,121]
methods.4.item.identity.owner.class_bytes.digest = "d01c0f5bd836c979df1f980fe607bdc438f02450daaa9eccd4e432fb5a36ad7e"
methods.4.item.identity.owner.class_bytes.length = 463
methods.4.item.identity.owner.location.entry.ordinal = 2
methods.4.item.identity.owner.location.entry.origin.root_container = "root"
methods.4.item.identity.owner.location.entry.origin.snapshot = "38864ca647d11034ce66dc355853d45d6b2f0fc1ed7ca1b2c5ce55ba6058731b"
methods.4.item.identity.owner.location.entry.origin.steps = []
methods.4.item.identity.owner.location.entry.raw_name = [68,101,101,112,82,101,108,97,121,46,99,108,97,115,115]
methods.4.item.identity.owner.location.kind = "archive_entry"
methods.4.item.identity.owner.variant.kind = "base"
methods.4.item.index = 4
methods.4.item.name.escaped = "identity"
methods.4.item.name.raw = [105,100,101,110,116,105,116,121]
methods.4.item.name.utf16 = [105,100,101,110,116,105,116,121]
methods.4.markers = ["// jarde: generic Signature `(TT;)TT;` projected after descriptor erasure and same-run AST/SSA parameter-return proof; same-class call binding proved"]
methods.4.no_body_kind = null
methods.4.outcome.analysis.diagnostics = 0
methods.4.outcome.analysis.execution.status = "complete"
methods.4.outcome.analysis.execution.usage.analysis_steps = 601
methods.4.outcome.analysis.execution.usage.archive_entries = 9
methods.4.outcome.analysis.execution.usage.attribute_bytes = 457
methods.4.outcome.analysis.execution.usage.class_bytes = 926
methods.4.outcome.analysis.execution.usage.class_headers = 1
methods.4.outcome.analysis.execution.usage.code_bytes = 25
methods.4.outcome.analysis.execution.usage.dependency_depth = 0
methods.4.outcome.analysis.execution.usage.elapsed_millis = 2
methods.4.outcome.analysis.execution.usage.entry_bytes = 463
methods.4.outcome.analysis.execution.usage.input_bytes = 696
methods.4.outcome.analysis.execution.usage.ir_edges = 19
methods.4.outcome.analysis.execution.usage.ir_items = 508
methods.4.outcome.analysis.execution.usage.method_bodies = 5
methods.4.outcome.analysis.execution.usage.nested_depth = 0
methods.4.outcome.analysis.execution.usage.normalization_clones = 0
methods.4.outcome.analysis.execution.usage.output_bytes = 2787
methods.4.outcome.analysis.execution.usage.read_bytes = 251
methods.4.outcome.analysis.execution.usage.result_items = 26
methods.4.outcome.kind = "recovered"
methods.4.outcome.report.accessors = []
methods.4.outcome.report.aliased_names = []
methods.4.outcome.report.artifact.agreement.state = "not_stated"
methods.4.outcome.report.artifact.binding.engine = "0.1.0"
methods.4.outcome.report.artifact.binding.environment.content = ["38864ca647d11034ce66dc355853d45d6b2f0fc1ed7ca1b2c5ce55ba6058731b"]
methods.4.outcome.report.artifact.binding.environment.domain_loaders = ["app"]
methods.4.outcome.report.artifact.binding.environment.providers = []
methods.4.outcome.report.artifact.binding.environment.runtime.load_domain.delegation.kind = "parent_first"
methods.4.outcome.report.artifact.binding.environment.runtime.load_domain.external_override = "none"
methods.4.outcome.report.artifact.binding.environment.runtime.load_domain.loader = "app"
methods.4.outcome.report.artifact.binding.environment.runtime.load_domain.module_mode.kind = "class_path"
methods.4.outcome.report.artifact.binding.environment.runtime.load_domain.parent_loader = null
methods.4.outcome.report.artifact.binding.environment.runtime.load_domain.roots.0.kind = "container"
methods.4.outcome.report.artifact.binding.environment.runtime.load_domain.roots.0.origin.root_container = "root"
methods.4.outcome.report.artifact.binding.environment.runtime.load_domain.roots.0.origin.snapshot = "38864ca647d11034ce66dc355853d45d6b2f0fc1ed7ca1b2c5ce55ba6058731b"
methods.4.outcome.report.artifact.binding.environment.runtime.load_domain.roots.0.origin.steps = []
methods.4.outcome.report.artifact.binding.environment.runtime.load_domain.roots.0.prefix = []
methods.4.outcome.report.artifact.binding.environment.runtime.load_domain.runtime_transformation = "none"
methods.4.outcome.report.artifact.binding.environment.runtime.physical.scope.kind = "snapshot_all"
methods.4.outcome.report.artifact.binding.environment.runtime.physical.snapshot = "38864ca647d11034ce66dc355853d45d6b2f0fc1ed7ca1b2c5ce55ba6058731b"
methods.4.outcome.report.artifact.binding.environment.runtime.profile.java_release = 8
methods.4.outcome.report.artifact.binding.environment.runtime.profile.layout.kind = "generic"
methods.4.outcome.report.artifact.binding.environment.runtime.profile.multi_release.kind = "disabled"
methods.4.outcome.report.artifact.binding.member_ordinal = 4
methods.4.outcome.report.artifact.binding.method.descriptor = [40,76,106,97,118,97,47,108,97,110,103,47,79,98,106,101,99,116,59,41,76,106,97,118,97,47,108,97,110,103,47,79,98,106,101,99,116,59]
methods.4.outcome.report.artifact.binding.method.name = [105,100,101,110,116,105,116,121]
methods.4.outcome.report.artifact.binding.method.owner.class_bytes.digest = "d01c0f5bd836c979df1f980fe607bdc438f02450daaa9eccd4e432fb5a36ad7e"
methods.4.outcome.report.artifact.binding.method.owner.class_bytes.length = 463
methods.4.outcome.report.artifact.binding.method.owner.location.entry.ordinal = 2
methods.4.outcome.report.artifact.binding.method.owner.location.entry.origin.root_container = "root"
methods.4.outcome.report.artifact.binding.method.owner.location.entry.origin.snapshot = "38864ca647d11034ce66dc355853d45d6b2f0fc1ed7ca1b2c5ce55ba6058731b"
methods.4.outcome.report.artifact.binding.method.owner.location.entry.origin.steps = []
methods.4.outcome.report.artifact.binding.method.owner.location.entry.raw_name = [68,101,101,112,82,101,108,97,121,46,99,108,97,115,115]
methods.4.outcome.report.artifact.binding.method.owner.location.kind = "archive_entry"
methods.4.outcome.report.artifact.binding.method.owner.variant.kind = "base"
methods.4.outcome.report.artifact.binding.profile.java_release = 8
methods.4.outcome.report.artifact.binding.profile.layout.kind = "generic"
methods.4.outcome.report.artifact.binding.profile.multi_release.kind = "disabled"
methods.4.outcome.report.artifact.binding.registry = 71
methods.4.outcome.report.artifact.binding.rules = ["straight@1","if@1","loop@1","switch@1","lambda@1","concat@1","bridge@1","accessor@1","new@1","field@1","enumswitch@1","init@1","declaration@1","twr@1","monitor@1","finally@1"]
methods.4.outcome.report.artifact.binding.schema = 1
methods.4.outcome.report.artifact.binding.text_bytes = 217
methods.4.outcome.report.artifact.binding.text_digest = "35d0e7855b4b08e04b9150afd83fc7ad"
methods.4.outcome.report.bridges = []
methods.4.outcome.report.compile_status = "not_attempted"
methods.4.outcome.report.concats = []
methods.4.outcome.report.content = "contains_statements"
methods.4.outcome.report.declaration = null
methods.4.outcome.report.diagnostics.0.code = "jre_recovery_produced"
methods.4.outcome.report.diagnostics.0.message = "1 region(s), 1 statement(s), 2 segment(s), 217 byte(s) written from 1 canonical block(s)"
methods.4.outcome.report.diagnostics.0.provenance = null
methods.4.outcome.report.diagnostics.0.severity = "info"
methods.4.outcome.report.diagnostics.1.code = "jre_declaration"
methods.4.outcome.report.diagnostics.1.message = "the artifact's envelope states the member's declaration under declaration@1: an instance method"
methods.4.outcome.report.diagnostics.1.provenance = null
methods.4.outcome.report.diagnostics.1.severity = "info"
methods.4.outcome.report.enum_switches = []
methods.4.outcome.report.evidence.categories.0.kind = "source_map"
methods.4.outcome.report.evidence.categories.0.state.state = "complete"
methods.4.outcome.report.evidence.categories.1.kind = "region_details"
methods.4.outcome.report.evidence.categories.1.state.state = "not_requested"
methods.4.outcome.report.evidence.categories.2.kind = "rule_details"
methods.4.outcome.report.evidence.categories.2.state.state = "not_requested"
methods.4.outcome.report.evidence.categories.3.kind = "name_details"
methods.4.outcome.report.evidence.categories.3.state.state = "not_requested"
methods.4.outcome.report.evidence.categories.4.kind = "read_details"
methods.4.outcome.report.evidence.categories.4.state.state = "not_requested"
methods.4.outcome.report.evidence.requested.driver_bci_range = null
methods.4.outcome.report.evidence.requested.expected_artifact = null
methods.4.outcome.report.evidence.requested.kinds = ["source_map"]
methods.4.outcome.report.execution.status = "complete"
methods.4.outcome.report.execution.usage.analysis_steps = 638
methods.4.outcome.report.execution.usage.archive_entries = 9
methods.4.outcome.report.execution.usage.attribute_bytes = 457
methods.4.outcome.report.execution.usage.class_bytes = 926
methods.4.outcome.report.execution.usage.class_headers = 1
methods.4.outcome.report.execution.usage.code_bytes = 25
methods.4.outcome.report.execution.usage.dependency_depth = 0
methods.4.outcome.report.execution.usage.elapsed_millis = 3
methods.4.outcome.report.execution.usage.entry_bytes = 463
methods.4.outcome.report.execution.usage.input_bytes = 696
methods.4.outcome.report.execution.usage.ir_edges = 19
methods.4.outcome.report.execution.usage.ir_items = 534
methods.4.outcome.report.execution.usage.method_bodies = 5
methods.4.outcome.report.execution.usage.nested_depth = 0
methods.4.outcome.report.execution.usage.normalization_clones = 0
methods.4.outcome.report.execution.usage.output_bytes = 3004
methods.4.outcome.report.execution.usage.read_bytes = 251
methods.4.outcome.report.execution.usage.result_items = 26
methods.4.outcome.report.fallbacks = []
methods.4.outcome.report.fields = []
methods.4.outcome.report.init = null
methods.4.outcome.report.lambdas = []
methods.4.outcome.report.method = "identity(Ljava/lang/Object;)Ljava/lang/Object;"
methods.4.outcome.report.news = []
methods.4.outcome.report.outcome = "produced"
methods.4.outcome.report.profile.java_release = 8
methods.4.outcome.report.profile.layout.kind = "generic"
methods.4.outcome.report.profile.multi_release.kind = "disabled"
methods.4.outcome.report.quality = "structured"
methods.4.outcome.report.regions = []
methods.4.outcome.report.representation = "java"
methods.4.outcome.report.rules = []
methods.4.outcome.report.semantic_validation = "unproven"
methods.4.outcome.report.source_map.segments.0.end = 213
methods.4.outcome.report.source_map.segments.0.origin.derived = []
methods.4.outcome.report.source_map.segments.0.origin.primary.bci = 0
methods.4.outcome.report.source_map.segments.0.origin.primary.cp = null
methods.4.outcome.report.source_map.segments.0.origin.primary.method.descriptor = [40,76,106,97,118,97,47,108,97,110,103,47,79,98,106,101,99,116,59,41,76,106,97,118,97,47,108,97,110,103,47,79,98,106,101,99,116,59]
methods.4.outcome.report.source_map.segments.0.origin.primary.method.name = [105,100,101,110,116,105,116,121]
methods.4.outcome.report.source_map.segments.0.origin.primary.method.owner.class_bytes.digest = "d01c0f5bd836c979df1f980fe607bdc438f02450daaa9eccd4e432fb5a36ad7e"
methods.4.outcome.report.source_map.segments.0.origin.primary.method.owner.class_bytes.length = 463
methods.4.outcome.report.source_map.segments.0.origin.primary.method.owner.location.entry.ordinal = 2
methods.4.outcome.report.source_map.segments.0.origin.primary.method.owner.location.entry.origin.root_container = "root"
methods.4.outcome.report.source_map.segments.0.origin.primary.method.owner.location.entry.origin.snapshot = "38864ca647d11034ce66dc355853d45d6b2f0fc1ed7ca1b2c5ce55ba6058731b"
methods.4.outcome.report.source_map.segments.0.origin.primary.method.owner.location.entry.origin.steps = []
methods.4.outcome.report.source_map.segments.0.origin.primary.method.owner.location.entry.raw_name = [68,101,101,112,82,101,108,97,121,46,99,108,97,115,115]
methods.4.outcome.report.source_map.segments.0.origin.primary.method.owner.location.kind = "archive_entry"
methods.4.outcome.report.source_map.segments.0.origin.primary.method.owner.variant.kind = "base"
methods.4.outcome.report.source_map.segments.0.origin.primary.provenance = "Direct"
methods.4.outcome.report.source_map.segments.0.start = 209
methods.4.outcome.report.source_map.segments.1.end = 215
methods.4.outcome.report.source_map.segments.1.origin.derived = []
methods.4.outcome.report.source_map.segments.1.origin.primary.bci = 1
methods.4.outcome.report.source_map.segments.1.origin.primary.cp = null
methods.4.outcome.report.source_map.segments.1.origin.primary.method.descriptor = [40,76,106,97,118,97,47,108,97,110,103,47,79,98,106,101,99,116,59,41,76,106,97,118,97,47,108,97,110,103,47,79,98,106,101,99,116,59]
methods.4.outcome.report.source_map.segments.1.origin.primary.method.name = [105,100,101,110,116,105,116,121]
methods.4.outcome.report.source_map.segments.1.origin.primary.method.owner.class_bytes.digest = "d01c0f5bd836c979df1f980fe607bdc438f02450daaa9eccd4e432fb5a36ad7e"
methods.4.outcome.report.source_map.segments.1.origin.primary.method.owner.class_bytes.length = 463
methods.4.outcome.report.source_map.segments.1.origin.primary.method.owner.location.entry.ordinal = 2
methods.4.outcome.report.source_map.segments.1.origin.primary.method.owner.location.entry.origin.root_container = "root"
methods.4.outcome.report.source_map.segments.1.origin.primary.method.owner.location.entry.origin.snapshot = "38864ca647d11034ce66dc355853d45d6b2f0fc1ed7ca1b2c5ce55ba6058731b"
methods.4.outcome.report.source_map.segments.1.origin.primary.method.owner.location.entry.origin.steps = []
methods.4.outcome.report.source_map.segments.1.origin.primary.method.owner.location.entry.raw_name = [68,101,101,112,82,101,108,97,121,46,99,108,97,115,115]
methods.4.outcome.report.source_map.segments.1.origin.primary.method.owner.location.kind = "archive_entry"
methods.4.outcome.report.source_map.segments.1.origin.primary.method.owner.variant.kind = "base"
methods.4.outcome.report.source_map.segments.1.origin.primary.provenance = "Direct"
methods.4.outcome.report.source_map.segments.1.start = 198
methods.4.outcome.report.syntax_status = "unchecked"
methods.4.outcome.report.text = "// @method identity(Ljava/lang/Object;)Ljava/lang/Object;\n// @declaration an instance method of `DeepRelay`, member flags 0x0001\n// recovered from bytecode; presentation is not claimed to compile\n{\n    return arg1;\n}\n"
methods.4.outcome.report.verification = "not_performed"
methods.4.parameter_annotations.attributes = []
methods.4.parameter_annotations.refusals = []
methods.4.parameter_annotations.uses_by_position = [[]]
methods.4.text = "    public T identity(T arg1) {\n        // jarde: generic Signature `(TT;)TT;` projected after descriptor erasure and same-run AST/SSA parameter-return proof; same-class call binding proved\n        // @method identity(Ljava/lang/Object;)Ljava/lang/Object;\n        // @declaration an instance method of `DeepRelay`, member flags 0x0001\n        // recovered from bytecode; presentation is not claimed to compile\n        return arg1;\n    }\n"
methods.4.type_annotations.attributes = []
methods.4.type_annotations.field_uses = []
methods.4.type_annotations.parameter_uses = [[]]
methods.4.type_annotations.refusals = []
methods.4.type_annotations.return_uses = []
nested_annotation_family.state = "absent"
nested_enum_family.state = "absent"
outcome = "performed"
stages = ["raw_facts","raw_cfg","legacy_normalization","canonical_cfg","frame","ssa"]
usage.analysis_steps = 3342
usage.archive_entries = 9
usage.attribute_bytes = 793
usage.class_bytes = 926
usage.class_headers = 1
usage.code_bytes = 25
usage.dependency_depth = 0
usage.elapsed_millis = 4
usage.entry_bytes = 463
usage.input_bytes = 696
usage.ir_edges = 19
usage.ir_items = 762
usage.method_bodies = 5
usage.nested_depth = 0
usage.normalization_clones = 0
usage.output_bytes = 9475
usage.read_bytes = 251
usage.result_items = 27
view.scope.kind = "snapshot_all"
view.snapshot = "38864ca647d11034ce66dc355853d45d6b2f0fc1ed7ca1b2c5ce55ba6058731b"
