Classfile /Users/lordcasser/workspace/projects/jarde/openspec/changes/recover-int-array-constant-names/results/candidate-full-class-root-v4/cases/controls-javac8-original/classes/PriorAssertIntArray.class
  Last modified 2026-10-10; size 712 bytes
  MD5 checksum 20a2f6a3c59d439d91aec2c991401c73
  Compiled from "PriorAssertIntArray.java"
public class PriorAssertIntArray
  minor version: 0
  major version: 52
  flags: ACC_PUBLIC, ACC_SUPER
Constant pool:
   #1 = Methodref          #7.#29         // java/lang/Object."<init>":()V
   #2 = Fieldref           #5.#30         // PriorAssertIntArray.$assertionsDisabled:Z
   #3 = Class              #31            // java/lang/AssertionError
   #4 = Methodref          #3.#29         // java/lang/AssertionError."<init>":()V
   #5 = Class              #32            // PriorAssertIntArray
   #6 = Methodref          #33.#34        // java/lang/Class.desiredAssertionStatus:()Z
   #7 = Class              #35            // java/lang/Object
   #8 = Utf8               VALUE
   #9 = Utf8               I
  #10 = Utf8               ConstantValue
  #11 = Integer            7
  #12 = Utf8               $assertionsDisabled
  #13 = Utf8               Z
  #14 = Utf8               <init>
  #15 = Utf8               ()V
  #16 = Utf8               Code
  #17 = Utf8               LineNumberTable
  #18 = Utf8               LocalVariableTable
  #19 = Utf8               this
  #20 = Utf8               LPriorAssertIntArray;
  #21 = Utf8               value
  #22 = Utf8               (Z)[I
  #23 = Utf8               ok
  #24 = Utf8               StackMapTable
  #25 = Utf8               MethodParameters
  #26 = Utf8               <clinit>
  #27 = Utf8               SourceFile
  #28 = Utf8               PriorAssertIntArray.java
  #29 = NameAndType        #14:#15        // "<init>":()V
  #30 = NameAndType        #12:#13        // $assertionsDisabled:Z
  #31 = Utf8               java/lang/AssertionError
  #32 = Utf8               PriorAssertIntArray
  #33 = Class              #36            // java/lang/Class
  #34 = NameAndType        #37:#38        // desiredAssertionStatus:()Z
  #35 = Utf8               java/lang/Object
  #36 = Utf8               java/lang/Class
  #37 = Utf8               desiredAssertionStatus
  #38 = Utf8               ()Z
{
  static final int VALUE;
    descriptor: I
    flags: ACC_STATIC, ACC_FINAL
    ConstantValue: int 7

  static final boolean $assertionsDisabled;
    descriptor: Z
    flags: ACC_STATIC, ACC_FINAL, ACC_SYNTHETIC

  public PriorAssertIntArray();
    descriptor: ()V
    flags: ACC_PUBLIC
    Code:
      stack=1, locals=1, args_size=1
         0: aload_0
         1: invokespecial #1                  // Method java/lang/Object."<init>":()V
         4: return
      LineNumberTable:
        line 1: 0
      LocalVariableTable:
        Start  Length  Slot  Name   Signature
            0       5     0  this   LPriorAssertIntArray;

  static int[] value(boolean);
    descriptor: (Z)[I
    flags: ACC_STATIC
    Code:
      stack=4, locals=1, args_size=1
         0: getstatic     #2                  // Field $assertionsDisabled:Z
         3: ifne          18
         6: iload_0
         7: ifne          18
        10: new           #3                  // class java/lang/AssertionError
        13: dup
        14: invokespecial #4                  // Method java/lang/AssertionError."<init>":()V
        17: athrow
        18: iconst_1
        19: newarray       int
        21: dup
        22: iconst_0
        23: bipush        7
        25: iastore
        26: areturn
      LineNumberTable:
        line 5: 0
        line 6: 18
      LocalVariableTable:
        Start  Length  Slot  Name   Signature
            0      27     0    ok   Z
      StackMapTable: number_of_entries = 1
        frame_type = 18 /* same */
    MethodParameters:
      Name                           Flags
      ok

  static {};
    descriptor: ()V
    flags: ACC_STATIC
    Code:
      stack=1, locals=0, args_size=0
         0: ldc           #5                  // class PriorAssertIntArray
         2: invokevirtual #6                  // Method java/lang/Class.desiredAssertionStatus:()Z
         5: ifne          12
         8: iconst_1
         9: goto          13
        12: iconst_0
        13: putstatic     #2                  // Field $assertionsDisabled:Z
        16: return
      LineNumberTable:
        line 1: 0
      StackMapTable: number_of_entries = 2
        frame_type = 12 /* same */
        frame_type = 64 /* same_locals_1_stack_item */
          stack = [ int ]
}
SourceFile: "PriorAssertIntArray.java"
