Classfile /Users/lordcasser/workspace/projects/jarde/openspec/changes/recover-int-array-constant-names/results/candidate-full-class-root-v4/cases/controls-javac23-original/classes/DuplicateIntArray.class
  Last modified 2026年10月10日; size 412 bytes
  SHA-256 checksum 0fbe169eeb970b42aa0e0cc633c20607b7948a826dfeaf9fd58edb3d86edbf01
  Compiled from "DuplicateIntArray.java"
public class DuplicateIntArray
  minor version: 0
  major version: 52
  flags: (0x0021) ACC_PUBLIC, ACC_SUPER
  this_class: #7                          // DuplicateIntArray
  super_class: #2                         // java/lang/Object
  interfaces: 0, fields: 2, methods: 2, attributes: 1
Constant pool:
   #1 = Methodref          #2.#3          // java/lang/Object."<init>":()V
   #2 = Class              #4             // java/lang/Object
   #3 = NameAndType        #5:#6          // "<init>":()V
   #4 = Utf8               java/lang/Object
   #5 = Utf8               <init>
   #6 = Utf8               ()V
   #7 = Class              #8             // DuplicateIntArray
   #8 = Utf8               DuplicateIntArray
   #9 = Utf8               VALUE
  #10 = Utf8               I
  #11 = Utf8               ConstantValue
  #12 = Integer            7
  #13 = Utf8               OTHER
  #14 = Utf8               Code
  #15 = Utf8               LineNumberTable
  #16 = Utf8               LocalVariableTable
  #17 = Utf8               this
  #18 = Utf8               LDuplicateIntArray;
  #19 = Utf8               values
  #20 = Utf8               ()[I
  #21 = Utf8               SourceFile
  #22 = Utf8               DuplicateIntArray.java
{
  static final int VALUE;
    descriptor: I
    flags: (0x0018) ACC_STATIC, ACC_FINAL
    ConstantValue: int 7

  static final int OTHER;
    descriptor: I
    flags: (0x0018) ACC_STATIC, ACC_FINAL
    ConstantValue: int 7

  public DuplicateIntArray();
    descriptor: ()V
    flags: (0x0001) ACC_PUBLIC
    Code:
      stack=1, locals=1, args_size=1
         0: aload_0
         1: invokespecial #1                  // Method java/lang/Object."<init>":()V
         4: return
      LineNumberTable:
        line 1: 0
      LocalVariableTable:
        Start  Length  Slot  Name   Signature
            0       5     0  this   LDuplicateIntArray;

  static int[] values();
    descriptor: ()[I
    flags: (0x0008) ACC_STATIC
    Code:
      stack=4, locals=0, args_size=0
         0: iconst_1
         1: newarray       int
         3: dup
         4: iconst_0
         5: bipush        7
         7: iastore
         8: areturn
      LineNumberTable:
        line 6: 0
}
SourceFile: "DuplicateIntArray.java"
