Classfile /Users/lordcasser/workspace/projects/jarde/openspec/evidence/java-syntax-2026-10-10/instance-field-init-next/baseline-root-v3/cases/javac8-original/classes/ThisDelegatingByteArray.class
  Last modified 2026-10-10; size 723 bytes
  MD5 checksum fa780095b2c6ce060aa6b3bde5930c30
public class ThisDelegatingByteArray
  minor version: 0
  major version: 52
  flags: ACC_PUBLIC, ACC_SUPER
Constant pool:
   #1 = Class              #29            // java/lang/StringBuilder
   #2 = Methodref          #1.#30         // java/lang/StringBuilder."<init>":()V
   #3 = Fieldref           #16.#31        // ThisDelegatingByteArray.trace:Ljava/lang/String;
   #4 = Methodref          #1.#32         // java/lang/StringBuilder.append:(Ljava/lang/String;)Ljava/lang/StringBuilder;
   #5 = String             #33            // eval:
   #6 = Methodref          #1.#34         // java/lang/StringBuilder.append:(I)Ljava/lang/StringBuilder;
   #7 = String             #35            // ;
   #8 = Methodref          #1.#36         // java/lang/StringBuilder.toString:()Ljava/lang/String;
   #9 = Methodref          #16.#37        // ThisDelegatingByteArray."<init>":(I)V
  #10 = String             #38            // body:delegate;
  #11 = Methodref          #17.#30        // java/lang/Object."<init>":()V
  #12 = Methodref          #16.#39        // ThisDelegatingByteArray.mark:(I)B
  #13 = Fieldref           #16.#40        // ThisDelegatingByteArray.bytes:[B
  #14 = String             #41            // body:target:
  #15 = String             #42            //
  #16 = Class              #43            // ThisDelegatingByteArray
  #17 = Class              #44            // java/lang/Object
  #18 = Utf8               trace
  #19 = Utf8               Ljava/lang/String;
  #20 = Utf8               bytes
  #21 = Utf8               [B
  #22 = Utf8               mark
  #23 = Utf8               (I)B
  #24 = Utf8               Code
  #25 = Utf8               <init>
  #26 = Utf8               ()V
  #27 = Utf8               (I)V
  #28 = Utf8               <clinit>
  #29 = Utf8               java/lang/StringBuilder
  #30 = NameAndType        #25:#26        // "<init>":()V
  #31 = NameAndType        #18:#19        // trace:Ljava/lang/String;
  #32 = NameAndType        #45:#46        // append:(Ljava/lang/String;)Ljava/lang/StringBuilder;
  #33 = Utf8               eval:
  #34 = NameAndType        #45:#47        // append:(I)Ljava/lang/StringBuilder;
  #35 = Utf8               ;
  #36 = NameAndType        #48:#49        // toString:()Ljava/lang/String;
  #37 = NameAndType        #25:#27        // "<init>":(I)V
  #38 = Utf8               body:delegate;
  #39 = NameAndType        #22:#23        // mark:(I)B
  #40 = NameAndType        #20:#21        // bytes:[B
  #41 = Utf8               body:target:
  #42 = Utf8
  #43 = Utf8               ThisDelegatingByteArray
  #44 = Utf8               java/lang/Object
  #45 = Utf8               append
  #46 = Utf8               (Ljava/lang/String;)Ljava/lang/StringBuilder;
  #47 = Utf8               (I)Ljava/lang/StringBuilder;
  #48 = Utf8               toString
  #49 = Utf8               ()Ljava/lang/String;
{
  static java.lang.String trace;
    descriptor: Ljava/lang/String;
    flags: ACC_STATIC

  byte[] bytes;
    descriptor: [B
    flags:

  static byte mark(int);
    descriptor: (I)B
    flags: ACC_STATIC
    Code:
      stack=2, locals=1, args_size=1
         0: new           #1                  // class java/lang/StringBuilder
         3: dup
         4: invokespecial #2                  // Method java/lang/StringBuilder."<init>":()V
         7: getstatic     #3                  // Field trace:Ljava/lang/String;
        10: invokevirtual #4                  // Method java/lang/StringBuilder.append:(Ljava/lang/String;)Ljava/lang/StringBuilder;
        13: ldc           #5                  // String eval:
        15: invokevirtual #4                  // Method java/lang/StringBuilder.append:(Ljava/lang/String;)Ljava/lang/StringBuilder;
        18: iload_0
        19: invokevirtual #6                  // Method java/lang/StringBuilder.append:(I)Ljava/lang/StringBuilder;
        22: ldc           #7                  // String ;
        24: invokevirtual #4                  // Method java/lang/StringBuilder.append:(Ljava/lang/String;)Ljava/lang/StringBuilder;
        27: invokevirtual #8                  // Method java/lang/StringBuilder.toString:()Ljava/lang/String;
        30: putstatic     #3                  // Field trace:Ljava/lang/String;
        33: iload_0
        34: i2b
        35: ireturn

  public ThisDelegatingByteArray();
    descriptor: ()V
    flags: ACC_PUBLIC
    Code:
      stack=2, locals=1, args_size=1
         0: aload_0
         1: bipush        7
         3: invokespecial #9                  // Method "<init>":(I)V
         6: new           #1                  // class java/lang/StringBuilder
         9: dup
        10: invokespecial #2                  // Method java/lang/StringBuilder."<init>":()V
        13: getstatic     #3                  // Field trace:Ljava/lang/String;
        16: invokevirtual #4                  // Method java/lang/StringBuilder.append:(Ljava/lang/String;)Ljava/lang/StringBuilder;
        19: ldc           #10                 // String body:delegate;
        21: invokevirtual #4                  // Method java/lang/StringBuilder.append:(Ljava/lang/String;)Ljava/lang/StringBuilder;
        24: invokevirtual #8                  // Method java/lang/StringBuilder.toString:()Ljava/lang/String;
        27: putstatic     #3                  // Field trace:Ljava/lang/String;
        30: return

  public ThisDelegatingByteArray(int);
    descriptor: (I)V
    flags: ACC_PUBLIC
    Code:
      stack=5, locals=2, args_size=2
         0: aload_0
         1: invokespecial #11                 // Method java/lang/Object."<init>":()V
         4: aload_0
         5: iconst_2
         6: newarray       byte
         8: dup
         9: iconst_0
        10: bipush        21
        12: invokestatic  #12                 // Method mark:(I)B
        15: bastore
        16: dup
        17: iconst_1
        18: bipush        22
        20: invokestatic  #12                 // Method mark:(I)B
        23: bastore
        24: putfield      #13                 // Field bytes:[B
        27: new           #1                  // class java/lang/StringBuilder
        30: dup
        31: invokespecial #2                  // Method java/lang/StringBuilder."<init>":()V
        34: getstatic     #3                  // Field trace:Ljava/lang/String;
        37: invokevirtual #4                  // Method java/lang/StringBuilder.append:(Ljava/lang/String;)Ljava/lang/StringBuilder;
        40: ldc           #14                 // String body:target:
        42: invokevirtual #4                  // Method java/lang/StringBuilder.append:(Ljava/lang/String;)Ljava/lang/StringBuilder;
        45: iload_1
        46: invokevirtual #6                  // Method java/lang/StringBuilder.append:(I)Ljava/lang/StringBuilder;
        49: ldc           #7                  // String ;
        51: invokevirtual #4                  // Method java/lang/StringBuilder.append:(Ljava/lang/String;)Ljava/lang/StringBuilder;
        54: invokevirtual #8                  // Method java/lang/StringBuilder.toString:()Ljava/lang/String;
        57: putstatic     #3                  // Field trace:Ljava/lang/String;
        60: return

  static {};
    descriptor: ()V
    flags: ACC_STATIC
    Code:
      stack=1, locals=0, args_size=0
         0: ldc           #15                 // String
         2: putstatic     #3                  // Field trace:Ljava/lang/String;
         5: return
}
