Classfile jar:file:/Users/lordcasser/workspace/projects/jarde/openspec/evidence/same-class-generic-call-consumers-2026-10-09/frozen-inputs-v1/corretto8/nodebug/ArrayDimensionRelay/ArrayDimensionRelay.jar!/ArrayDimensionRelay.class
  Last modified 2026-10-9; size 362 bytes
  MD5 checksum 6d9987aa5254eb085cac4dfa7b3cfe34
public class ArrayDimensionRelay<T extends java.lang.Object> extends java.lang.Object
  minor version: 0
  major version: 52
  flags: ACC_PUBLIC, ACC_SUPER
Constant pool:
   #1 = Methodref          #4.#14         // java/lang/Object."<init>":()V
   #2 = Methodref          #3.#15         // ArrayDimensionRelay.identity:([[Ljava/lang/Object;)[[Ljava/lang/Object;
   #3 = Class              #16            // ArrayDimensionRelay
   #4 = Class              #17            // java/lang/Object
   #5 = Utf8               <init>
   #6 = Utf8               ()V
   #7 = Utf8               Code
   #8 = Utf8               identity
   #9 = Utf8               ([[Ljava/lang/Object;)[[Ljava/lang/Object;
  #10 = Utf8               Signature
  #11 = Utf8               ([[TT;)[[TT;
  #12 = Utf8               relay
  #13 = Utf8               <T:Ljava/lang/Object;>Ljava/lang/Object;
  #14 = NameAndType        #5:#6          // "<init>":()V
  #15 = NameAndType        #8:#9          // identity:([[Ljava/lang/Object;)[[Ljava/lang/Object;
  #16 = Utf8               ArrayDimensionRelay
  #17 = Utf8               java/lang/Object
{
  public ArrayDimensionRelay();
    descriptor: ()V
    flags: ACC_PUBLIC
    Code:
      stack=1, locals=1, args_size=1
         0: aload_0
         1: invokespecial #1                  // Method java/lang/Object."<init>":()V
         4: return

  public T[][] identity(T[][]);
    descriptor: ([[Ljava/lang/Object;)[[Ljava/lang/Object;
    flags: ACC_PUBLIC
    Code:
      stack=1, locals=2, args_size=2
         0: aload_1
         1: areturn
    Signature: #11                          // ([[TT;)[[TT;

  public T[][] relay(T[][]);
    descriptor: ([[Ljava/lang/Object;)[[Ljava/lang/Object;
    flags: ACC_PUBLIC
    Code:
      stack=2, locals=2, args_size=2
         0: aload_0
         1: aload_1
         2: invokevirtual #2                  // Method identity:([[Ljava/lang/Object;)[[Ljava/lang/Object;
         5: areturn
    Signature: #11                          // ([[TT;)[[TT;
}
Signature: #13                          // <T:Ljava/lang/Object;>Ljava/lang/Object;
