   Compiling syn v3.0.5
   Compiling thiserror-impl v2.0.20
   Compiling serde_derive v1.0.229
   Compiling serde v1.0.229
   Compiling thiserror v2.0.20
   Compiling jarde-reader v0.1.0 (/Users/lordcasser/workspace/projects/jarde/crates/jarde-reader)
   Compiling utf8parse v0.2.2
   Compiling anstyle-parse v1.0.0
   Compiling jarde-query v0.1.0 (/Users/lordcasser/workspace/projects/jarde/crates/jarde-query)
   Compiling colorchoice v1.0.5
   Compiling anstyle v1.0.14
   Compiling is_terminal_polyfill v1.70.2
   Compiling anstyle-query v1.1.5
   Compiling anstream v1.0.0
   Compiling jarde-jvm v0.1.0 (/Users/lordcasser/workspace/projects/jarde/crates/jarde-jvm)
   Compiling heck v0.5.0
   Compiling strsim v0.11.1
   Compiling clap_lex v1.1.1
   Compiling clap_builder v4.6.7
   Compiling clap_derive v4.6.7
   Compiling jarde-java v0.1.0 (/Users/lordcasser/workspace/projects/jarde/crates/jarde-java)
warning: associated function `unmetered` is never used
   --> crates/jarde-java/src/init.rs:213:19
    |
212 | impl VerifyMeter<'_> {
    | -------------------- associated function in this implementation
213 |     pub(crate) fn unmetered() -> Self {
    |                   ^^^^^^^^^
    |
    = note: `#[warn(dead_code)]` (part of `#[warn(unused)]`) on by default

warning: function `sites` is never used
   --> crates/jarde-java/src/init.rs:481:15
    |
481 | pub(crate) fn sites(
    |               ^^^^^

warning: function `discarded_null_check_tail` is never used
    --> crates/jarde-java/src/init.rs:1816:4
     |
1816 | fn discarded_null_check_tail(
     |    ^^^^^^^^^^^^^^^^^^^^^^^^^

warning: function `verify_concat_arguments` is never used
    --> crates/jarde-java/src/init.rs:2121:4
     |
2121 | fn verify_concat_arguments(
     |    ^^^^^^^^^^^^^^^^^^^^^^^

warning: function `value_dependency_bcis` is never used
    --> crates/jarde-java/src/init.rs:2645:4
     |
2645 | fn value_dependency_bcis(
     |    ^^^^^^^^^^^^^^^^^^^^^

warning: associated items `inline_char_argument_bcis`, `inline_argument_chain_bcis`, and `prove` are never used
     --> crates/jarde-java/src/build.rs:12618:19
      |
12580 | impl ArrayInitializers {
      | ---------------------- associated items in this implementation
...
12618 |     pub(crate) fn inline_char_argument_bcis(
      |                   ^^^^^^^^^^^^^^^^^^^^^^^^^
...
12648 |     pub(crate) fn inline_argument_chain_bcis(
      |                   ^^^^^^^^^^^^^^^^^^^^^^^^^^
...
12685 |     pub(crate) fn prove(
      |                   ^^^^^

warning: methods `inline_char_argument_bcis` and `inline_argument_chain_bcis` are never used
     --> crates/jarde-java/src/build.rs:12864:19
      |
12863 | impl ChildArrayFacts<'_> {
      | ------------------------ methods in this implementation
12864 |     pub(crate) fn inline_char_argument_bcis(
      |                   ^^^^^^^^^^^^^^^^^^^^^^^^^
...
12957 |     pub(crate) fn inline_argument_chain_bcis(
      |                   ^^^^^^^^^^^^^^^^^^^^^^^^^^

warning: `jarde-java` (lib) generated 7 warnings
   Compiling jarde v0.1.0 (/Users/lordcasser/workspace/projects/jarde)
   Compiling clap v4.6.7
   Compiling jarde-cli v0.1.0 (/Users/lordcasser/workspace/projects/jarde/crates/jarde-cli)
    Finished `dev` profile [unoptimized] target(s) in 31.22s
