警告: [options] 源值 8 已过时，将在未来发行版中删除
警告: [options] 目标值 8 已过时，将在未来发行版中删除
警告: [options] 要隐藏有关已过时选项的警告, 请使用 -Xlint:-options。
/tmp/jarde-bitwise-types/recovered/BitwiseAudit.java:25: 错误: 缺少返回语句
    }
    ^
/tmp/jarde-bitwise-types/recovered/BitwiseAudit.java:44: 错误: 缺少返回语句
    }
    ^
/tmp/jarde-bitwise-types/recovered/BitwiseAudit.java:63: 错误: 缺少返回语句
    }
    ^
/tmp/jarde-bitwise-types/recovered/BitwiseAudit.java:76: 错误: 缺少返回语句
    }
    ^
/tmp/jarde-bitwise-types/recovered/BitwiseAudit.java:91: 错误: 缺少返回语句
    }
    ^
/tmp/jarde-bitwise-types/recovered/BitwiseAudit.java:102: 错误: 缺少返回语句
    }
    ^
6 个错误
3 个警告
