public class Main {
  public Main();
    Code:
       0: aload_0
       1: invokespecial #1                  // Method java/lang/Object."<init>":()V
       4: return

  public static void event(java.lang.String, java.lang.String);
    Code:
       0: getstatic     #7                  // Field java/lang/System.out:Ljava/io/PrintStream;
       3: aload_0
       4: invokevirtual #13                 // Method java/io/PrintStream.print:(Ljava/lang/String;)V
       7: getstatic     #7                  // Field java/lang/System.out:Ljava/io/PrintStream;
      10: bipush        58
      12: invokevirtual #19                 // Method java/io/PrintStream.print:(C)V
      15: getstatic     #7                  // Field java/lang/System.out:Ljava/io/PrintStream;
      18: aload_1
      19: invokevirtual #22                 // Method java/io/PrintStream.println:(Ljava/lang/String;)V
      22: return

  public static java.lang.String mark(java.lang.String);
    Code:
       0: ldc           #25                 // String mark
       2: aload_0
       3: invokestatic  #27                 // Method event:(Ljava/lang/String;Ljava/lang/String;)V
       6: aload_0
       7: areturn

  public static java.lang.CharSequence[] sequence();
    Code:
       0: iconst_2
       1: anewarray     #33                 // class java/lang/CharSequence
       4: dup
       5: iconst_0
       6: new           #35                 // class java/lang/StringBuilder
       9: dup
      10: ldc           #37                 // String sequence-first
      12: invokestatic  #39                 // Method mark:(Ljava/lang/String;)Ljava/lang/String;
      15: invokespecial #42                 // Method java/lang/StringBuilder."<init>":(Ljava/lang/String;)V
      18: aastore
      19: dup
      20: iconst_1
      21: new           #44                 // class java/lang/StringBuffer
      24: dup
      25: ldc           #46                 // String sequence-second
      27: invokestatic  #39                 // Method mark:(Ljava/lang/String;)Ljava/lang/String;
      30: invokespecial #48                 // Method java/lang/StringBuffer."<init>":(Ljava/lang/String;)V
      33: aastore
      34: areturn

  public static java.util.Collection<?>[] collections();
    Code:
       0: iconst_2
       1: anewarray     #49                 // class java/util/Collection
       4: dup
       5: iconst_0
       6: new           #51                 // class java/util/ArrayList
       9: dup
      10: iconst_1
      11: anewarray     #53                 // class java/lang/String
      14: dup
      15: iconst_0
      16: ldc           #55                 // String collection-first
      18: invokestatic  #39                 // Method mark:(Ljava/lang/String;)Ljava/lang/String;
      21: aastore
      22: invokestatic  #57                 // Method java/util/Arrays.asList:([Ljava/lang/Object;)Ljava/util/List;
      25: invokespecial #63                 // Method java/util/ArrayList."<init>":(Ljava/util/Collection;)V
      28: aastore
      29: dup
      30: iconst_1
      31: new           #66                 // class java/util/HashSet
      34: dup
      35: iconst_1
      36: anewarray     #53                 // class java/lang/String
      39: dup
      40: iconst_0
      41: ldc           #68                 // String collection-second
      43: invokestatic  #39                 // Method mark:(Ljava/lang/String;)Ljava/lang/String;
      46: aastore
      47: invokestatic  #57                 // Method java/util/Arrays.asList:([Ljava/lang/Object;)Ljava/util/List;
      50: invokespecial #70                 // Method java/util/HashSet."<init>":(Ljava/util/Collection;)V
      53: aastore
      54: areturn

  public static java.lang.Throwable[] failures();
    Code:
       0: iconst_2
       1: anewarray     #71                 // class java/lang/Throwable
       4: dup
       5: iconst_0
       6: new           #73                 // class java/lang/IllegalStateException
       9: dup
      10: ldc           #75                 // String throwable-first
      12: invokestatic  #39                 // Method mark:(Ljava/lang/String;)Ljava/lang/String;
      15: invokespecial #77                 // Method java/lang/IllegalStateException."<init>":(Ljava/lang/String;)V
      18: aastore
      19: dup
      20: iconst_1
      21: new           #78                 // class java/lang/IllegalArgumentException
      24: dup
      25: ldc           #80                 // String throwable-second
      27: invokestatic  #39                 // Method mark:(Ljava/lang/String;)Ljava/lang/String;
      30: invokespecial #82                 // Method java/lang/IllegalArgumentException."<init>":(Ljava/lang/String;)V
      33: aastore
      34: areturn

  public static Base[] ownDirect();
    Code:
       0: iconst_2
       1: anewarray     #83                 // class Base
       4: dup
       5: iconst_0
       6: new           #85                 // class DirectA
       9: dup
      10: ldc           #87                 // String direct-first
      12: invokestatic  #39                 // Method mark:(Ljava/lang/String;)Ljava/lang/String;
      15: invokespecial #89                 // Method DirectA."<init>":(Ljava/lang/String;)V
      18: aastore
      19: dup
      20: iconst_1
      21: new           #90                 // class DirectB
      24: dup
      25: ldc           #92                 // String direct-second
      27: invokestatic  #39                 // Method mark:(Ljava/lang/String;)Ljava/lang/String;
      30: invokespecial #94                 // Method DirectB."<init>":(Ljava/lang/String;)V
      33: aastore
      34: areturn

  public static Base[] ownTwoHop();
    Code:
       0: iconst_2
       1: anewarray     #83                 // class Base
       4: dup
       5: iconst_0
       6: new           #95                 // class TwoHop
       9: dup
      10: ldc           #97                 // String two-hop-first
      12: invokestatic  #39                 // Method mark:(Ljava/lang/String;)Ljava/lang/String;
      15: invokespecial #99                 // Method TwoHop."<init>":(Ljava/lang/String;)V
      18: aastore
      19: dup
      20: iconst_1
      21: new           #90                 // class DirectB
      24: dup
      25: ldc           #100                // String two-hop-second
      27: invokestatic  #39                 // Method mark:(Ljava/lang/String;)Ljava/lang/String;
      30: invokespecial #94                 // Method DirectB."<init>":(Ljava/lang/String;)V
      33: aastore
      34: areturn

  public static LocalInterface[] ownInterface();
    Code:
       0: iconst_2
       1: anewarray     #102                // class LocalInterface
       4: dup
       5: iconst_0
       6: new           #85                 // class DirectA
       9: dup
      10: ldc           #104                // String interface-first
      12: invokestatic  #39                 // Method mark:(Ljava/lang/String;)Ljava/lang/String;
      15: invokespecial #89                 // Method DirectA."<init>":(Ljava/lang/String;)V
      18: aastore
      19: dup
      20: iconst_1
      21: new           #95                 // class TwoHop
      24: dup
      25: ldc           #106                // String interface-second
      27: invokestatic  #39                 // Method mark:(Ljava/lang/String;)Ljava/lang/String;
      30: invokespecial #99                 // Method TwoHop."<init>":(Ljava/lang/String;)V
      33: aastore
      34: areturn

  private static void observe(java.lang.Object[]);
    Code:
       0: aload_0
       1: iconst_0
       2: aaload
       3: astore_1
       4: aload_1
       5: ifnonnull     19
       8: getstatic     #7                  // Field java/lang/System.out:Ljava/io/PrintStream;
      11: ldc           #108                // String null
      13: invokevirtual #22                 // Method java/io/PrintStream.println:(Ljava/lang/String;)V
      16: goto          32
      19: getstatic     #7                  // Field java/lang/System.out:Ljava/io/PrintStream;
      22: aload_1
      23: invokevirtual #110                // Method java/lang/Object.getClass:()Ljava/lang/Class;
      26: invokevirtual #114                // Method java/lang/Class.getName:()Ljava/lang/String;
      29: invokevirtual #22                 // Method java/io/PrintStream.println:(Ljava/lang/String;)V
      32: aload_0
      33: iconst_1
      34: aaload
      35: astore_2
      36: aload_2
      37: ifnonnull     51
      40: getstatic     #7                  // Field java/lang/System.out:Ljava/io/PrintStream;
      43: ldc           #108                // String null
      45: invokevirtual #22                 // Method java/io/PrintStream.println:(Ljava/lang/String;)V
      48: goto          64
      51: getstatic     #7                  // Field java/lang/System.out:Ljava/io/PrintStream;
      54: aload_2
      55: invokevirtual #110                // Method java/lang/Object.getClass:()Ljava/lang/Class;
      58: invokevirtual #114                // Method java/lang/Class.getName:()Ljava/lang/String;
      61: invokevirtual #22                 // Method java/io/PrintStream.println:(Ljava/lang/String;)V
      64: return

  public static void main(java.lang.String[]);
    Code:
       0: invokestatic  #120                // Method sequence:()[Ljava/lang/CharSequence;
       3: invokestatic  #124                // Method observe:([Ljava/lang/Object;)V
       6: invokestatic  #128                // Method collections:()[Ljava/util/Collection;
       9: invokestatic  #124                // Method observe:([Ljava/lang/Object;)V
      12: invokestatic  #132                // Method failures:()[Ljava/lang/Throwable;
      15: invokestatic  #124                // Method observe:([Ljava/lang/Object;)V
      18: invokestatic  #136                // Method ownDirect:()[LBase;
      21: invokestatic  #124                // Method observe:([Ljava/lang/Object;)V
      24: invokestatic  #140                // Method ownTwoHop:()[LBase;
      27: invokestatic  #124                // Method observe:([Ljava/lang/Object;)V
      30: invokestatic  #143                // Method ownInterface:()[LLocalInterface;
      33: invokestatic  #124                // Method observe:([Ljava/lang/Object;)V
      36: return
}
