   Compiling jarde v0.1.0 (/Users/lordcasser/workspace/projects/jarde)
error[E0382]: borrow of partially moved value: `output_stopped`
   --> tests/p3_heterogeneous_array_initializers.rs:744:81
    |
740 |         matches!(output_stopped, OperationOutcome::Incomplete(candidates)
    |                                                               ---------- value partially moved here
...
744 |         "zero output budget must report OutputBytes without publishing source: {output_stopped:?}"
    |                                                                                 ^^^^^^^^^^^^^^ value borrowed here after partial move
    |
    = note: partial move occurs because value has type `Box<TargetCandidates>`, which does not implement the `Copy` trait
help: borrow this binding in the pattern to avoid moving the value
    |
740 |         matches!(output_stopped, OperationOutcome::Incomplete(ref candidates)
    |                                                               +++

error[E0382]: borrow of partially moved value: `analysis_stopped`
   --> tests/p3_heterogeneous_array_initializers.rs:762:84
    |
758 |         matches!(analysis_stopped, OperationOutcome::Incomplete(candidates)
    |                                                                 ---------- value partially moved here
...
762 |         "mid-analysis budget must report AnalysisSteps without publishing source: {analysis_stopped:?}"
    |                                                                                    ^^^^^^^^^^^^^^^^ value borrowed here after partial move
    |
    = note: partial move occurs because value has type `Box<TargetCandidates>`, which does not implement the `Copy` trait
help: borrow this binding in the pattern to avoid moving the value
    |
758 |         matches!(analysis_stopped, OperationOutcome::Incomplete(ref candidates)
    |                                                                 +++

error[E0382]: borrow of partially moved value: `stopped`
   --> tests/p3_heterogeneous_array_initializers.rs:779:85
    |
777 |         matches!(stopped, OperationOutcome::Incomplete(candidates)
    |                                                        ---------- value partially moved here
778 |         if matches!(candidates.execution, ExecutionReport::Cancelled { .. })),
779 |         "pre-cancelled request must report cancellation without publishing source: {stopped:?}"
    |                                                                                     ^^^^^^^ value borrowed here after partial move
    |
    = note: partial move occurs because value has type `Box<TargetCandidates>`, which does not implement the `Copy` trait
help: borrow this binding in the pattern to avoid moving the value
    |
777 |         matches!(stopped, OperationOutcome::Incomplete(ref candidates)
    |                                                        +++

For more information about this error, try `rustc --explain E0382`.
error: could not compile `jarde` (test "p3_heterogeneous_array_initializers") due to 3 previous errors
