baseline/ct-legacy/javac8 0 True True
baseline/ct-legacy/javac23 0 True True
baseline/boxed-number-six/javac8 0 True True
baseline/boxed-number-six/javac23 0 True True
baseline/string-builder-charsequence/javac8 1 False False
baseline/string-builder-charsequence/javac23 1 False False
baseline/arraylist-hashset-collection/javac8 1 False False
baseline/arraylist-hashset-collection/javac23 1 False False
baseline/exceptions-throwable/javac8 1 False False
baseline/exceptions-throwable/javac23 1 False False
baseline/nested-number-array/javac8 0 True True
baseline/nested-number-array/javac23 0 True True
baseline/same-jar-derived-base/javac8 1 False False
baseline/same-jar-derived-base/javac23 1 False False
addendum/ct-legacy-frozen/javac8 0 True True
addendum/ct-legacy-frozen/javac23 0 True True
addendum/bigdecimal-control-corrected/javac8 1 False False
addendum/bigdecimal-control-corrected/javac23 1 False False
fixture/factory/javac8 0 False False
fixture/factory/javac23 0 False False
fixture/direct/javac8 1 False False
fixture/direct/javac23 1 False False
