Classfile jar:file:///Users/lordcasser/workspace/projects/jarde/openspec/evidence/same-class-generic-call-consumers-2026-10-09/frozen-inputs-v1/openjdk23/debug/RawOwnReceiver/RawOwnReceiver.jar!/RawOwnReceiver.class
  Last modified 2026年10月9日; size 739 bytes
  SHA-256 checksum 60b2dedd124b50b9a0fcd59d8010172ecb52bada23ba1ddee10693b84ceef063
  Compiled from "RawOwnReceiver.java"
public class RawOwnReceiver<T extends java.lang.Object> extends java.lang.Object
  minor version: 0
  major version: 52
  flags: (0x0021) ACC_PUBLIC, ACC_SUPER
  this_class: #8                          // RawOwnReceiver
  super_class: #2                         // java/lang/Object
  interfaces: 0, fields: 0, methods: 3, attributes: 2
Constant pool:
   #1 = Methodref          #2.#3          // java/lang/Object."<init>":()V
   #2 = Class              #4             // java/lang/Object
   #3 = NameAndType        #5:#6          // "<init>":()V
   #4 = Utf8               java/lang/Object
   #5 = Utf8               <init>
   #6 = Utf8               ()V
   #7 = Methodref          #8.#9          // RawOwnReceiver.identity:(Ljava/lang/Object;)Ljava/lang/Object;
   #8 = Class              #10            // RawOwnReceiver
   #9 = NameAndType        #11:#12        // identity:(Ljava/lang/Object;)Ljava/lang/Object;
  #10 = Utf8               RawOwnReceiver
  #11 = Utf8               identity
  #12 = Utf8               (Ljava/lang/Object;)Ljava/lang/Object;
  #13 = Utf8               Code
  #14 = Utf8               LineNumberTable
  #15 = Utf8               LocalVariableTable
  #16 = Utf8               this
  #17 = Utf8               LRawOwnReceiver;
  #18 = Utf8               LocalVariableTypeTable
  #19 = Utf8               LRawOwnReceiver<TT;>;
  #20 = Utf8               x
  #21 = Utf8               Ljava/lang/Object;
  #22 = Utf8               TT;
  #23 = Utf8               Signature
  #24 = Utf8               (TT;)TT;
  #25 = Utf8               relay
  #26 = Utf8               raw
  #27 = Utf8               <T:Ljava/lang/Object;>Ljava/lang/Object;
  #28 = Utf8               SourceFile
  #29 = Utf8               RawOwnReceiver.java
{
  public RawOwnReceiver();
    descriptor: ()V
    flags: (0x0001) ACC_PUBLIC
    Code:
      stack=1, locals=1, args_size=1
         0: aload_0
         1: invokespecial #1                  // Method java/lang/Object."<init>":()V
         4: return
      LineNumberTable:
        line 1: 0
      LocalVariableTable:
        Start  Length  Slot  Name   Signature
            0       5     0  this   LRawOwnReceiver;
      LocalVariableTypeTable:
        Start  Length  Slot  Name   Signature
            0       5     0  this   LRawOwnReceiver<TT;>;

  public T identity(T);
    descriptor: (Ljava/lang/Object;)Ljava/lang/Object;
    flags: (0x0001) ACC_PUBLIC
    Code:
      stack=1, locals=2, args_size=2
         0: aload_1
         1: areturn
      LineNumberTable:
        line 1: 0
      LocalVariableTable:
        Start  Length  Slot  Name   Signature
            0       2     0  this   LRawOwnReceiver;
            0       2     1     x   Ljava/lang/Object;
      LocalVariableTypeTable:
        Start  Length  Slot  Name   Signature
            0       2     0  this   LRawOwnReceiver<TT;>;
            0       2     1     x   TT;
    Signature: #24                          // (TT;)TT;

  public T relay(T);
    descriptor: (Ljava/lang/Object;)Ljava/lang/Object;
    flags: (0x0001) ACC_PUBLIC
    Code:
      stack=2, locals=3, args_size=2
         0: aload_0
         1: astore_2
         2: aload_2
         3: aload_1
         4: invokevirtual #7                  // Method identity:(Ljava/lang/Object;)Ljava/lang/Object;
         7: areturn
      LineNumberTable:
        line 1: 0
      LocalVariableTable:
        Start  Length  Slot  Name   Signature
            0       8     0  this   LRawOwnReceiver;
            0       8     1     x   Ljava/lang/Object;
            2       6     2   raw   LRawOwnReceiver;
      LocalVariableTypeTable:
        Start  Length  Slot  Name   Signature
            0       8     0  this   LRawOwnReceiver<TT;>;
            0       8     1     x   TT;
    Signature: #24                          // (TT;)TT;
}
Signature: #27                          // <T:Ljava/lang/Object;>Ljava/lang/Object;
SourceFile: "RawOwnReceiver.java"
