Classfile /Users/lordcasser/workspace/projects/jarde/tests/fixtures/nested-int-array-compound-updates/v23/NestedIntBoundaries.class
  Last modified 2026年10月10日; size 304 bytes
  SHA-256 checksum 75e9fcf66ab6c57b2e77e066b0d2ce3419119b006f776265eeada6614910f69e
public class NestedIntBoundaries
  minor version: 0
  major version: 52
  flags: (0x0021) ACC_PUBLIC, ACC_SUPER
  this_class: #7                          // NestedIntBoundaries
  super_class: #2                         // java/lang/Object
  interfaces: 0, fields: 0, methods: 3, attributes: 0
Constant pool:
   #1 = Methodref          #2.#3          // java/lang/Object."<init>":()V
   #2 = Class              #4             // java/lang/Object
   #3 = NameAndType        #5:#6          // "<init>":()V
   #4 = Utf8               java/lang/Object
   #5 = Utf8               <init>
   #6 = Utf8               ()V
   #7 = Class              #8             // NestedIntBoundaries
   #8 = Utf8               NestedIntBoundaries
   #9 = Utf8               Code
  #10 = Utf8               returned
  #11 = Utf8               ([[IIII)I
  #12 = Utf8               merged
  #13 = Utf8               (Z[[I[[II)V
  #14 = Utf8               StackMapTable
  #15 = Class              #16            // "[I"
  #16 = Utf8               [I
{
  public NestedIntBoundaries();
    descriptor: ()V
    flags: (0x0001) ACC_PUBLIC
    Code:
      stack=1, locals=1, args_size=1
         0: aload_0
         1: invokespecial #1                  // Method java/lang/Object."<init>":()V
         4: return

  public static int returned(int[][], int, int, int);
    descriptor: ([[IIII)I
    flags: (0x0009) ACC_PUBLIC, ACC_STATIC
    Code:
      stack=4, locals=4, args_size=4
         0: aload_0
         1: iload_1
         2: aaload
         3: iload_2
         4: dup2
         5: iaload
         6: iload_3
         7: iadd
         8: dup_x2
         9: iastore
        10: ireturn

  public static void merged(boolean, int[][], int[][], int);
    descriptor: (Z[[I[[II)V
    flags: (0x0009) ACC_PUBLIC, ACC_STATIC
    Code:
      stack=4, locals=5, args_size=4
         0: iload_0
         1: ifeq          10
         4: aload_1
         5: iconst_0
         6: aaload
         7: goto          13
        10: aload_2
        11: iconst_0
        12: aaload
        13: astore        4
        15: aload         4
        17: iconst_0
        18: dup2
        19: iaload
        20: iload_3
        21: iadd
        22: iastore
        23: return
      StackMapTable: number_of_entries = 2
        frame_type = 10 /* same */
        frame_type = 66 /* same_locals_1_stack_item */
          stack = [ class "[I" ]
}
