Classfile /var/folders/gm/lzn3ylzx4lz7mx29lftngdz40000gn/T/jarde-cf20-qk8vdkds/original-classes/BitmaskAudit.class
  Last modified 2026年9月27日; size 1146 bytes
  SHA-256 checksum 4c75489afdf9e128133bb2b777fb42f8576da63124c6ac0acfcff69d54072f7c
public class BitmaskAudit
  minor version: 0
  major version: 52
  flags: (0x0021) ACC_PUBLIC, ACC_SUPER
  this_class: #8                          // BitmaskAudit
  super_class: #2                         // java/lang/Object
  interfaces: 0, fields: 2, methods: 6, attributes: 0
Constant pool:
   #1 = Methodref          #2.#3          // java/lang/Object."<init>":()V
   #2 = Class              #4             // java/lang/Object
   #3 = NameAndType        #5:#6          // "<init>":()V
   #4 = Utf8               java/lang/Object
   #5 = Utf8               <init>
   #6 = Utf8               ()V
   #7 = Fieldref           #8.#9          // BitmaskAudit.reads:I
   #8 = Class              #10            // BitmaskAudit
   #9 = NameAndType        #11:#12        // reads:I
  #10 = Utf8               BitmaskAudit
  #11 = Utf8               reads
  #12 = Utf8               I
  #13 = Methodref          #8.#14         // BitmaskAudit.observe:(I)I
  #14 = NameAndType        #15:#16        // observe:(I)I
  #15 = Utf8               observe
  #16 = Utf8               (I)I
  #17 = Methodref          #8.#18         // BitmaskAudit.select:(I)I
  #18 = NameAndType        #19:#16        // select:(I)I
  #19 = Utf8               select
  #20 = Methodref          #8.#21         // BitmaskAudit.selectZeroMask:(I)I
  #21 = NameAndType        #22:#16        // selectZeroMask:(I)I
  #22 = Utf8               selectZeroMask
  #23 = Class              #24            // java/lang/StringBuilder
  #24 = Utf8               java/lang/StringBuilder
  #25 = Methodref          #23.#3         // java/lang/StringBuilder."<init>":()V
  #26 = Methodref          #23.#27        // java/lang/StringBuilder.append:(I)Ljava/lang/StringBuilder;
  #27 = NameAndType        #28:#29        // append:(I)Ljava/lang/StringBuilder;
  #28 = Utf8               append
  #29 = Utf8               (I)Ljava/lang/StringBuilder;
  #30 = String             #31            // :
  #31 = Utf8               :
  #32 = Methodref          #23.#33        // java/lang/StringBuilder.append:(Ljava/lang/String;)Ljava/lang/StringBuilder;
  #33 = NameAndType        #28:#34        // append:(Ljava/lang/String;)Ljava/lang/StringBuilder;
  #34 = Utf8               (Ljava/lang/String;)Ljava/lang/StringBuilder;
  #35 = String             #36            // ,
  #36 = Utf8               ,
  #37 = Methodref          #23.#38        // java/lang/StringBuilder.toString:()Ljava/lang/String;
  #38 = NameAndType        #39:#40        // toString:()Ljava/lang/String;
  #39 = Utf8               toString
  #40 = Utf8               ()Ljava/lang/String;
  #41 = Class              #42            // java/lang/Integer
  #42 = Utf8               java/lang/Integer
  #43 = Integer            -2147483648
  #44 = Integer            -2147483646
  #45 = Fieldref           #46.#47        // java/lang/System.out:Ljava/io/PrintStream;
  #46 = Class              #48            // java/lang/System
  #47 = NameAndType        #49:#50        // out:Ljava/io/PrintStream;
  #48 = Utf8               java/lang/System
  #49 = Utf8               out
  #50 = Utf8               Ljava/io/PrintStream;
  #51 = String             #52            // =
  #52 = Utf8               =
  #53 = Methodref          #8.#54         // BitmaskAudit.measured:(I)Ljava/lang/String;
  #54 = NameAndType        #55:#56        // measured:(I)Ljava/lang/String;
  #55 = Utf8               measured
  #56 = Utf8               (I)Ljava/lang/String;
  #57 = Methodref          #58.#59        // java/io/PrintStream.println:(Ljava/lang/String;)V
  #58 = Class              #60            // java/io/PrintStream
  #59 = NameAndType        #61:#62        // println:(Ljava/lang/String;)V
  #60 = Utf8               java/io/PrintStream
  #61 = Utf8               println
  #62 = Utf8               (Ljava/lang/String;)V
  #63 = Utf8               MASK
  #64 = Utf8               ConstantValue
  #65 = Integer            2
  #66 = Utf8               Code
  #67 = Utf8               StackMapTable
  #68 = Utf8               main
  #69 = Utf8               ([Ljava/lang/String;)V
  #70 = Class              #71            // "[Ljava/lang/String;"
  #71 = Utf8               [Ljava/lang/String;
  #72 = Class              #73            // "[I"
  #73 = Utf8               [I
{
  private static final int MASK;
    descriptor: I
    flags: (0x001a) ACC_PRIVATE, ACC_STATIC, ACC_FINAL
    ConstantValue: int 2

  private static int reads;
    descriptor: I
    flags: (0x000a) ACC_PRIVATE, ACC_STATIC

  public BitmaskAudit();
    descriptor: ()V
    flags: (0x0001) ACC_PUBLIC
    Code:
      stack=1, locals=1, args_size=1
         0: aload_0
         1: invokespecial #1                  // Method java/lang/Object."<init>":()V
         4: return

  private static int observe(int);
    descriptor: (I)I
    flags: (0x000a) ACC_PRIVATE, ACC_STATIC
    Code:
      stack=2, locals=1, args_size=1
         0: getstatic     #7                  // Field reads:I
         3: iconst_1
         4: iadd
         5: putstatic     #7                  // Field reads:I
         8: iload_0
         9: ireturn

  public static int select(int);
    descriptor: (I)I
    flags: (0x0009) ACC_PUBLIC, ACC_STATIC
    Code:
      stack=2, locals=1, args_size=1
         0: iload_0
         1: invokestatic  #13                 // Method observe:(I)I
         4: iconst_2
         5: iand
         6: ifeq          12
         9: bipush        11
        11: ireturn
        12: bipush        22
        14: ireturn
      StackMapTable: number_of_entries = 1
        frame_type = 12 /* same */

  public static int selectZeroMask(int);
    descriptor: (I)I
    flags: (0x0009) ACC_PUBLIC, ACC_STATIC
    Code:
      stack=2, locals=1, args_size=1
         0: iload_0
         1: invokestatic  #13                 // Method observe:(I)I
         4: iconst_2
         5: iand
         6: ifne          12
         9: bipush        33
        11: ireturn
        12: bipush        44
        14: ireturn
      StackMapTable: number_of_entries = 1
        frame_type = 12 /* same */

  private static java.lang.String measured(int);
    descriptor: (I)Ljava/lang/String;
    flags: (0x000a) ACC_PRIVATE, ACC_STATIC
    Code:
      stack=2, locals=4, args_size=1
         0: iconst_0
         1: putstatic     #7                  // Field reads:I
         4: iload_0
         5: invokestatic  #17                 // Method select:(I)I
         8: istore_1
         9: getstatic     #7                  // Field reads:I
        12: istore_2
        13: iconst_0
        14: putstatic     #7                  // Field reads:I
        17: iload_0
        18: invokestatic  #20                 // Method selectZeroMask:(I)I
        21: istore_3
        22: new           #23                 // class java/lang/StringBuilder
        25: dup
        26: invokespecial #25                 // Method java/lang/StringBuilder."<init>":()V
        29: iload_1
        30: invokevirtual #26                 // Method java/lang/StringBuilder.append:(I)Ljava/lang/StringBuilder;
        33: ldc           #30                 // String :
        35: invokevirtual #32                 // Method java/lang/StringBuilder.append:(Ljava/lang/String;)Ljava/lang/StringBuilder;
        38: iload_2
        39: invokevirtual #26                 // Method java/lang/StringBuilder.append:(I)Ljava/lang/StringBuilder;
        42: ldc           #35                 // String ,
        44: invokevirtual #32                 // Method java/lang/StringBuilder.append:(Ljava/lang/String;)Ljava/lang/StringBuilder;
        47: iload_3
        48: invokevirtual #26                 // Method java/lang/StringBuilder.append:(I)Ljava/lang/StringBuilder;
        51: ldc           #30                 // String :
        53: invokevirtual #32                 // Method java/lang/StringBuilder.append:(Ljava/lang/String;)Ljava/lang/StringBuilder;
        56: getstatic     #7                  // Field reads:I
        59: invokevirtual #26                 // Method java/lang/StringBuilder.append:(I)Ljava/lang/StringBuilder;
        62: invokevirtual #37                 // Method java/lang/StringBuilder.toString:()Ljava/lang/String;
        65: areturn

  public static void main(java.lang.String[]);
    descriptor: ([Ljava/lang/String;)V
    flags: (0x0009) ACC_PUBLIC, ACC_STATIC
    Code:
      stack=4, locals=6, args_size=1
         0: bipush        6
         2: newarray       int
         4: dup
         5: iconst_0
         6: iconst_0
         7: iastore
         8: dup
         9: iconst_1
        10: iconst_1
        11: iastore
        12: dup
        13: iconst_2
        14: iconst_2
        15: iastore
        16: dup
        17: iconst_3
        18: iconst_3
        19: iastore
        20: dup
        21: iconst_4
        22: ldc           #43                 // int -2147483648
        24: iastore
        25: dup
        26: iconst_5
        27: ldc           #44                 // int -2147483646
        29: iastore
        30: astore_1
        31: aload_1
        32: astore_2
        33: aload_2
        34: arraylength
        35: istore_3
        36: iconst_0
        37: istore        4
        39: iload         4
        41: iload_3
        42: if_icmpge     91
        45: aload_2
        46: iload         4
        48: iaload
        49: istore        5
        51: getstatic     #45                 // Field java/lang/System.out:Ljava/io/PrintStream;
        54: new           #23                 // class java/lang/StringBuilder
        57: dup
        58: invokespecial #25                 // Method java/lang/StringBuilder."<init>":()V
        61: iload         5
        63: invokevirtual #26                 // Method java/lang/StringBuilder.append:(I)Ljava/lang/StringBuilder;
        66: ldc           #51                 // String =
        68: invokevirtual #32                 // Method java/lang/StringBuilder.append:(Ljava/lang/String;)Ljava/lang/StringBuilder;
        71: iload         5
        73: invokestatic  #53                 // Method measured:(I)Ljava/lang/String;
        76: invokevirtual #32                 // Method java/lang/StringBuilder.append:(Ljava/lang/String;)Ljava/lang/StringBuilder;
        79: invokevirtual #37                 // Method java/lang/StringBuilder.toString:()Ljava/lang/String;
        82: invokevirtual #57                 // Method java/io/PrintStream.println:(Ljava/lang/String;)V
        85: iinc          4, 1
        88: goto          39
        91: return
      StackMapTable: number_of_entries = 2
        frame_type = 255 /* full_frame */
          offset_delta = 39
          locals = [ class "[Ljava/lang/String;", class "[I", class "[I", int, int ]
          stack = []
        frame_type = 248 /* chop */
          offset_delta = 51
}
