Classfile jar:file:/private/tmp/jarde-generic-call-patrol-v1/v3/VoidDirect/VoidDirect.jar!/VoidDirect.class
  Last modified 2026-10-9; size 711 bytes
  MD5 checksum e8c944853e01417e737bce7a4b8c413d
  Compiled from "VoidDirect.java"
public class VoidDirect<T extends java.lang.Object> extends java.lang.Object
  minor version: 0
  major version: 52
  flags: ACC_PUBLIC, ACC_SUPER
Constant pool:
   #1 = Methodref          #5.#27         // java/lang/Object."<init>":()V
   #2 = Fieldref           #4.#28         // VoidDirect.seen:Ljava/lang/Object;
   #3 = Methodref          #4.#29         // VoidDirect.sink:(Ljava/lang/Object;)V
   #4 = Class              #30            // VoidDirect
   #5 = Class              #31            // java/lang/Object
   #6 = Utf8               seen
   #7 = Utf8               Ljava/lang/Object;
   #8 = Utf8               <init>
   #9 = Utf8               ()V
  #10 = Utf8               Code
  #11 = Utf8               LineNumberTable
  #12 = Utf8               LocalVariableTable
  #13 = Utf8               this
  #14 = Utf8               LVoidDirect;
  #15 = Utf8               LocalVariableTypeTable
  #16 = Utf8               LVoidDirect<TT;>;
  #17 = Utf8               sink
  #18 = Utf8               (Ljava/lang/Object;)V
  #19 = Utf8               x
  #20 = Utf8               TT;
  #21 = Utf8               Signature
  #22 = Utf8               (TT;)V
  #23 = Utf8               relay
  #24 = Utf8               <T:Ljava/lang/Object;>Ljava/lang/Object;
  #25 = Utf8               SourceFile
  #26 = Utf8               VoidDirect.java
  #27 = NameAndType        #8:#9          // "<init>":()V
  #28 = NameAndType        #6:#7          // seen:Ljava/lang/Object;
  #29 = NameAndType        #17:#18        // sink:(Ljava/lang/Object;)V
  #30 = Utf8               VoidDirect
  #31 = Utf8               java/lang/Object
{
  public java.lang.Object seen;
    descriptor: Ljava/lang/Object;
    flags: ACC_PUBLIC

  public VoidDirect();
    descriptor: ()V
    flags: ACC_PUBLIC
    Code:
      stack=1, locals=1, args_size=1
         0: aload_0
         1: invokespecial #1                  // Method java/lang/Object."<init>":()V
         4: return
      LineNumberTable:
        line 1: 0
      LocalVariableTable:
        Start  Length  Slot  Name   Signature
            0       5     0  this   LVoidDirect;
      LocalVariableTypeTable:
        Start  Length  Slot  Name   Signature
            0       5     0  this   LVoidDirect<TT;>;

  public void sink(T);
    descriptor: (Ljava/lang/Object;)V
    flags: ACC_PUBLIC
    Code:
      stack=2, locals=2, args_size=2
         0: aload_0
         1: aload_1
         2: putfield      #2                  // Field seen:Ljava/lang/Object;
         5: return
      LineNumberTable:
        line 3: 0
      LocalVariableTable:
        Start  Length  Slot  Name   Signature
            0       6     0  this   LVoidDirect;
            0       6     1     x   Ljava/lang/Object;
      LocalVariableTypeTable:
        Start  Length  Slot  Name   Signature
            0       6     0  this   LVoidDirect<TT;>;
            0       6     1     x   TT;
    Signature: #22                          // (TT;)V

  public void relay(T);
    descriptor: (Ljava/lang/Object;)V
    flags: ACC_PUBLIC
    Code:
      stack=2, locals=2, args_size=2
         0: aload_0
         1: aload_1
         2: invokevirtual #3                  // Method sink:(Ljava/lang/Object;)V
         5: return
      LineNumberTable:
        line 4: 0
      LocalVariableTable:
        Start  Length  Slot  Name   Signature
            0       6     0  this   LVoidDirect;
            0       6     1     x   Ljava/lang/Object;
      LocalVariableTypeTable:
        Start  Length  Slot  Name   Signature
            0       6     0  this   LVoidDirect<TT;>;
            0       6     1     x   TT;
    Signature: #22                          // (TT;)V
}
Signature: #24                          // <T:Ljava/lang/Object;>Ljava/lang/Object;
SourceFile: "VoidDirect.java"
