Classfile /Users/lordcasser/workspace/projects/jarde/openspec/changes/split-proved-reference-slot-lifetimes/results/nonzero-held-baseline-v1/javac8/original-classes/NonzeroHeldUse.class
  Last modified 2026-10-9; size 879 bytes
  MD5 checksum e59e4c92d13eec0c2d9797ff5967ba6d
public class NonzeroHeldUse
  minor version: 0
  major version: 52
  flags: ACC_PUBLIC, ACC_SUPER
Constant pool:
   #1 = Methodref          #20.#30        // java/lang/Object."<init>":()V
   #2 = Class              #31            // java/lang/StringBuilder
   #3 = String             #32            // old
   #4 = Methodref          #2.#33         // java/lang/StringBuilder."<init>":(Ljava/lang/String;)V
   #5 = String             #34            // prefix
   #6 = Class              #35            // java/util/ArrayList
   #7 = Methodref          #6.#30         // java/util/ArrayList."<init>":()V
   #8 = Methodref          #19.#36        // NonzeroHeldUse.pick:(Ljava/lang/Object;Ljava/lang/Object;Ljava/lang/Object;)Ljava/lang/Object;
   #9 = Methodref          #19.#37        // NonzeroHeldUse.run:()Ljava/lang/Object;
  #10 = Fieldref           #38.#39        // java/lang/System.out:Ljava/io/PrintStream;
  #11 = Methodref          #2.#30         // java/lang/StringBuilder."<init>":()V
  #12 = Methodref          #20.#40        // java/lang/Object.getClass:()Ljava/lang/Class;
  #13 = Methodref          #41.#42        // java/lang/Class.getName:()Ljava/lang/String;
  #14 = Methodref          #2.#43         // java/lang/StringBuilder.append:(Ljava/lang/String;)Ljava/lang/StringBuilder;
  #15 = String             #44            // :
  #16 = Methodref          #20.#45        // java/lang/Object.toString:()Ljava/lang/String;
  #17 = Methodref          #2.#45         // java/lang/StringBuilder.toString:()Ljava/lang/String;
  #18 = Methodref          #46.#47        // java/io/PrintStream.println:(Ljava/lang/String;)V
  #19 = Class              #48            // NonzeroHeldUse
  #20 = Class              #49            // java/lang/Object
  #21 = Utf8               <init>
  #22 = Utf8               ()V
  #23 = Utf8               Code
  #24 = Utf8               pick
  #25 = Utf8               (Ljava/lang/Object;Ljava/lang/Object;Ljava/lang/Object;)Ljava/lang/Object;
  #26 = Utf8               run
  #27 = Utf8               ()Ljava/lang/Object;
  #28 = Utf8               main
  #29 = Utf8               ([Ljava/lang/String;)V
  #30 = NameAndType        #21:#22        // "<init>":()V
  #31 = Utf8               java/lang/StringBuilder
  #32 = Utf8               old
  #33 = NameAndType        #21:#50        // "<init>":(Ljava/lang/String;)V
  #34 = Utf8               prefix
  #35 = Utf8               java/util/ArrayList
  #36 = NameAndType        #24:#25        // pick:(Ljava/lang/Object;Ljava/lang/Object;Ljava/lang/Object;)Ljava/lang/Object;
  #37 = NameAndType        #26:#27        // run:()Ljava/lang/Object;
  #38 = Class              #51            // java/lang/System
  #39 = NameAndType        #52:#53        // out:Ljava/io/PrintStream;
  #40 = NameAndType        #54:#55        // getClass:()Ljava/lang/Class;
  #41 = Class              #56            // java/lang/Class
  #42 = NameAndType        #57:#58        // getName:()Ljava/lang/String;
  #43 = NameAndType        #59:#60        // append:(Ljava/lang/String;)Ljava/lang/StringBuilder;
  #44 = Utf8               :
  #45 = NameAndType        #61:#58        // toString:()Ljava/lang/String;
  #46 = Class              #62            // java/io/PrintStream
  #47 = NameAndType        #63:#50        // println:(Ljava/lang/String;)V
  #48 = Utf8               NonzeroHeldUse
  #49 = Utf8               java/lang/Object
  #50 = Utf8               (Ljava/lang/String;)V
  #51 = Utf8               java/lang/System
  #52 = Utf8               out
  #53 = Utf8               Ljava/io/PrintStream;
  #54 = Utf8               getClass
  #55 = Utf8               ()Ljava/lang/Class;
  #56 = Utf8               java/lang/Class
  #57 = Utf8               getName
  #58 = Utf8               ()Ljava/lang/String;
  #59 = Utf8               append
  #60 = Utf8               (Ljava/lang/String;)Ljava/lang/StringBuilder;
  #61 = Utf8               toString
  #62 = Utf8               java/io/PrintStream
  #63 = Utf8               println
{
  public NonzeroHeldUse();
    descriptor: ()V
    flags: ACC_PUBLIC
    Code:
      stack=1, locals=1, args_size=1
         0: aload_0
         1: invokespecial #1                  // Method java/lang/Object."<init>":()V
         4: return

  static java.lang.Object pick(java.lang.Object, java.lang.Object, java.lang.Object);
    descriptor: (Ljava/lang/Object;Ljava/lang/Object;Ljava/lang/Object;)Ljava/lang/Object;
    flags: ACC_STATIC
    Code:
      stack=1, locals=3, args_size=3
         0: aload_1
         1: areturn

  static java.lang.Object run();
    descriptor: ()Ljava/lang/Object;
    flags: ACC_STATIC
    Code:
      stack=4, locals=1, args_size=0
         0: new           #2                  // class java/lang/StringBuilder
         3: dup
         4: ldc           #3                  // String old
         6: invokespecial #4                  // Method java/lang/StringBuilder."<init>":(Ljava/lang/String;)V
         9: astore_0
        10: ldc           #5                  // String prefix
        12: aload_0
        13: checkcast     #2                  // class java/lang/StringBuilder
        16: new           #6                  // class java/util/ArrayList
        19: dup
        20: invokespecial #7                  // Method java/util/ArrayList."<init>":()V
        23: dup
        24: astore_0
        25: invokestatic  #8                  // Method pick:(Ljava/lang/Object;Ljava/lang/Object;Ljava/lang/Object;)Ljava/lang/Object;
        28: areturn

  public static void main(java.lang.String[]);
    descriptor: ([Ljava/lang/String;)V
    flags: ACC_PUBLIC, ACC_STATIC
    Code:
      stack=3, locals=2, args_size=1
         0: invokestatic  #9                  // Method run:()Ljava/lang/Object;
         3: astore_1
         4: getstatic     #10                 // Field java/lang/System.out:Ljava/io/PrintStream;
         7: new           #2                  // class java/lang/StringBuilder
        10: dup
        11: invokespecial #11                 // Method java/lang/StringBuilder."<init>":()V
        14: aload_1
        15: invokevirtual #12                 // Method java/lang/Object.getClass:()Ljava/lang/Class;
        18: invokevirtual #13                 // Method java/lang/Class.getName:()Ljava/lang/String;
        21: invokevirtual #14                 // Method java/lang/StringBuilder.append:(Ljava/lang/String;)Ljava/lang/StringBuilder;
        24: ldc           #15                 // String :
        26: invokevirtual #14                 // Method java/lang/StringBuilder.append:(Ljava/lang/String;)Ljava/lang/StringBuilder;
        29: aload_1
        30: invokevirtual #16                 // Method java/lang/Object.toString:()Ljava/lang/String;
        33: invokevirtual #14                 // Method java/lang/StringBuilder.append:(Ljava/lang/String;)Ljava/lang/StringBuilder;
        36: invokevirtual #17                 // Method java/lang/StringBuilder.toString:()Ljava/lang/String;
        39: invokevirtual #18                 // Method java/io/PrintStream.println:(Ljava/lang/String;)V
        42: return
}
