Compiled from "P02_multianewarray.java"
public class P02_multianewarray {
  public P02_multianewarray();
    descriptor: ()V
    Code:
       0: aload_0
       1: invokespecial #1                  // Method java/lang/Object."<init>":()V
       4: return

  static int sum(java.util.List<java.lang.Integer>);
    descriptor: (Ljava/util/List;)I
    Code:
       0: iconst_1
       1: anewarray     #7                  // class "[I"
       4: dup
       5: iconst_0
       6: iconst_1
       7: newarray       int
       9: dup
      10: iconst_0
      11: iconst_0
      12: iastore
      13: aastore
      14: astore_1
      15: aload_0
      16: aload_1
      17: invokedynamic #9,  0              // InvokeDynamic #0:accept:([[I)Ljava/util/function/Consumer;
      22: invokeinterface #13,  2           // InterfaceMethod java/util/List.forEach:(Ljava/util/function/Consumer;)V
      27: aload_1
      28: iconst_0
      29: aaload
      30: iconst_0
      31: iaload
      32: ireturn

  public static void main(java.lang.String[]);
    descriptor: ([Ljava/lang/String;)V
    Code:
       0: getstatic     #19                 // Field java/lang/System.out:Ljava/io/PrintStream;
       3: iconst_3
       4: anewarray     #25                 // class java/lang/Integer
       7: dup
       8: iconst_0
       9: iconst_1
      10: invokestatic  #27                 // Method java/lang/Integer.valueOf:(I)Ljava/lang/Integer;
      13: aastore
      14: dup
      15: iconst_1
      16: iconst_2
      17: invokestatic  #27                 // Method java/lang/Integer.valueOf:(I)Ljava/lang/Integer;
      20: aastore
      21: dup
      22: iconst_2
      23: iconst_3
      24: invokestatic  #27                 // Method java/lang/Integer.valueOf:(I)Ljava/lang/Integer;
      27: aastore
      28: invokestatic  #31                 // Method java/util/Arrays.asList:([Ljava/lang/Object;)Ljava/util/List;
      31: invokestatic  #37                 // Method sum:(Ljava/util/List;)I
      34: invokevirtual #43                 // Method java/io/PrintStream.println:(I)V
      37: return

  private static void lambda$sum$0(int[][], java.lang.Integer);
    descriptor: ([[ILjava/lang/Integer;)V
    Code:
       0: aload_0
       1: iconst_0
       2: aaload
       3: iconst_0
       4: dup2
       5: iaload
       6: aload_1
       7: invokevirtual #49                 // Method java/lang/Integer.intValue:()I
      10: iadd
      11: iastore
      12: return
}
