Classfile /Users/lordcasser/workspace/projects/jarde/openspec/changes/split-proved-reference-slot-lifetimes/results/nonzero-held-baseline-v1/javac23/original-classes/NonzeroHeldUse.class
  Last modified 2026年10月9日; size 879 bytes
  SHA-256 checksum aceecfdfe321a467b1d336f6067f4051a795e16b11f450658b111222e93a1c32
public class NonzeroHeldUse
  minor version: 0
  major version: 52
  flags: (0x0021) ACC_PUBLIC, ACC_SUPER
  this_class: #20                         // NonzeroHeldUse
  super_class: #2                         // java/lang/Object
  interfaces: 0, fields: 0, methods: 4, attributes: 0
Constant pool:
   #1 = Methodref          #2.#3          // java/lang/Object."<init>":()V
   #2 = Class              #4             // java/lang/Object
   #3 = NameAndType        #5:#6          // "<init>":()V
   #4 = Utf8               java/lang/Object
   #5 = Utf8               <init>
   #6 = Utf8               ()V
   #7 = Class              #8             // java/lang/StringBuilder
   #8 = Utf8               java/lang/StringBuilder
   #9 = String             #10            // old
  #10 = Utf8               old
  #11 = Methodref          #7.#12         // java/lang/StringBuilder."<init>":(Ljava/lang/String;)V
  #12 = NameAndType        #5:#13         // "<init>":(Ljava/lang/String;)V
  #13 = Utf8               (Ljava/lang/String;)V
  #14 = String             #15            // prefix
  #15 = Utf8               prefix
  #16 = Class              #17            // java/util/ArrayList
  #17 = Utf8               java/util/ArrayList
  #18 = Methodref          #16.#3         // java/util/ArrayList."<init>":()V
  #19 = Methodref          #20.#21        // NonzeroHeldUse.pick:(Ljava/lang/Object;Ljava/lang/Object;Ljava/lang/Object;)Ljava/lang/Object;
  #20 = Class              #22            // NonzeroHeldUse
  #21 = NameAndType        #23:#24        // pick:(Ljava/lang/Object;Ljava/lang/Object;Ljava/lang/Object;)Ljava/lang/Object;
  #22 = Utf8               NonzeroHeldUse
  #23 = Utf8               pick
  #24 = Utf8               (Ljava/lang/Object;Ljava/lang/Object;Ljava/lang/Object;)Ljava/lang/Object;
  #25 = Methodref          #20.#26        // NonzeroHeldUse.run:()Ljava/lang/Object;
  #26 = NameAndType        #27:#28        // run:()Ljava/lang/Object;
  #27 = Utf8               run
  #28 = Utf8               ()Ljava/lang/Object;
  #29 = Fieldref           #30.#31        // java/lang/System.out:Ljava/io/PrintStream;
  #30 = Class              #32            // java/lang/System
  #31 = NameAndType        #33:#34        // out:Ljava/io/PrintStream;
  #32 = Utf8               java/lang/System
  #33 = Utf8               out
  #34 = Utf8               Ljava/io/PrintStream;
  #35 = Methodref          #7.#3          // java/lang/StringBuilder."<init>":()V
  #36 = Methodref          #2.#37         // java/lang/Object.getClass:()Ljava/lang/Class;
  #37 = NameAndType        #38:#39        // getClass:()Ljava/lang/Class;
  #38 = Utf8               getClass
  #39 = Utf8               ()Ljava/lang/Class;
  #40 = Methodref          #41.#42        // java/lang/Class.getName:()Ljava/lang/String;
  #41 = Class              #43            // java/lang/Class
  #42 = NameAndType        #44:#45        // getName:()Ljava/lang/String;
  #43 = Utf8               java/lang/Class
  #44 = Utf8               getName
  #45 = Utf8               ()Ljava/lang/String;
  #46 = Methodref          #7.#47         // java/lang/StringBuilder.append:(Ljava/lang/String;)Ljava/lang/StringBuilder;
  #47 = NameAndType        #48:#49        // append:(Ljava/lang/String;)Ljava/lang/StringBuilder;
  #48 = Utf8               append
  #49 = Utf8               (Ljava/lang/String;)Ljava/lang/StringBuilder;
  #50 = String             #51            // :
  #51 = Utf8               :
  #52 = Methodref          #2.#53         // java/lang/Object.toString:()Ljava/lang/String;
  #53 = NameAndType        #54:#45        // toString:()Ljava/lang/String;
  #54 = Utf8               toString
  #55 = Methodref          #7.#53         // java/lang/StringBuilder.toString:()Ljava/lang/String;
  #56 = Methodref          #57.#58        // java/io/PrintStream.println:(Ljava/lang/String;)V
  #57 = Class              #59            // java/io/PrintStream
  #58 = NameAndType        #60:#13        // println:(Ljava/lang/String;)V
  #59 = Utf8               java/io/PrintStream
  #60 = Utf8               println
  #61 = Utf8               Code
  #62 = Utf8               main
  #63 = Utf8               ([Ljava/lang/String;)V
{
  public NonzeroHeldUse();
    descriptor: ()V
    flags: (0x0001) ACC_PUBLIC
    Code:
      stack=1, locals=1, args_size=1
         0: aload_0
         1: invokespecial #1                  // Method java/lang/Object."<init>":()V
         4: return

  static java.lang.Object pick(java.lang.Object, java.lang.Object, java.lang.Object);
    descriptor: (Ljava/lang/Object;Ljava/lang/Object;Ljava/lang/Object;)Ljava/lang/Object;
    flags: (0x0008) ACC_STATIC
    Code:
      stack=1, locals=3, args_size=3
         0: aload_1
         1: areturn

  static java.lang.Object run();
    descriptor: ()Ljava/lang/Object;
    flags: (0x0008) ACC_STATIC
    Code:
      stack=4, locals=1, args_size=0
         0: new           #7                  // class java/lang/StringBuilder
         3: dup
         4: ldc           #9                  // String old
         6: invokespecial #11                 // Method java/lang/StringBuilder."<init>":(Ljava/lang/String;)V
         9: astore_0
        10: ldc           #14                 // String prefix
        12: aload_0
        13: checkcast     #7                  // class java/lang/StringBuilder
        16: new           #16                 // class java/util/ArrayList
        19: dup
        20: invokespecial #18                 // Method java/util/ArrayList."<init>":()V
        23: dup
        24: astore_0
        25: invokestatic  #19                 // Method pick:(Ljava/lang/Object;Ljava/lang/Object;Ljava/lang/Object;)Ljava/lang/Object;
        28: areturn

  public static void main(java.lang.String[]);
    descriptor: ([Ljava/lang/String;)V
    flags: (0x0009) ACC_PUBLIC, ACC_STATIC
    Code:
      stack=3, locals=2, args_size=1
         0: invokestatic  #25                 // Method run:()Ljava/lang/Object;
         3: astore_1
         4: getstatic     #29                 // Field java/lang/System.out:Ljava/io/PrintStream;
         7: new           #7                  // class java/lang/StringBuilder
        10: dup
        11: invokespecial #35                 // Method java/lang/StringBuilder."<init>":()V
        14: aload_1
        15: invokevirtual #36                 // Method java/lang/Object.getClass:()Ljava/lang/Class;
        18: invokevirtual #40                 // Method java/lang/Class.getName:()Ljava/lang/String;
        21: invokevirtual #46                 // Method java/lang/StringBuilder.append:(Ljava/lang/String;)Ljava/lang/StringBuilder;
        24: ldc           #50                 // String :
        26: invokevirtual #46                 // Method java/lang/StringBuilder.append:(Ljava/lang/String;)Ljava/lang/StringBuilder;
        29: aload_1
        30: invokevirtual #52                 // Method java/lang/Object.toString:()Ljava/lang/String;
        33: invokevirtual #46                 // Method java/lang/StringBuilder.append:(Ljava/lang/String;)Ljava/lang/StringBuilder;
        36: invokevirtual #55                 // Method java/lang/StringBuilder.toString:()Ljava/lang/String;
        39: invokevirtual #56                 // Method java/io/PrintStream.println:(Ljava/lang/String;)V
        42: return
}
