Classfile jar:file:/private/tmp/jarde-class-ctor-evidence/frozen/corretto8/nodebug/WideStoredHold/WideStoredHold.jar!/WideStoredHold.class
  Last modified 2026-10-8; size 374 bytes
  MD5 checksum eebfdd3052430ecfa16d6ecd2d1bf3a4
public class WideStoredHold<T extends java.lang.Object> extends java.lang.Object
  minor version: 0
  major version: 52
  flags: ACC_PUBLIC, ACC_SUPER
Constant pool:
   #1 = Methodref          #6.#20         // java/lang/Object."<init>":()V
   #2 = Fieldref           #5.#21         // WideStoredHold.sequence:J
   #3 = Fieldref           #5.#22         // WideStoredHold.weight:D
   #4 = Fieldref           #5.#23         // WideStoredHold.v:Ljava/lang/Object;
   #5 = Class              #24            // WideStoredHold
   #6 = Class              #25            // java/lang/Object
   #7 = Utf8               sequence
   #8 = Utf8               J
   #9 = Utf8               weight
  #10 = Utf8               D
  #11 = Utf8               v
  #12 = Utf8               Ljava/lang/Object;
  #13 = Utf8               Signature
  #14 = Utf8               TT;
  #15 = Utf8               <init>
  #16 = Utf8               (JDLjava/lang/Object;)V
  #17 = Utf8               Code
  #18 = Utf8               (JDTT;)V
  #19 = Utf8               <T:Ljava/lang/Object;>Ljava/lang/Object;
  #20 = NameAndType        #15:#26        // "<init>":()V
  #21 = NameAndType        #7:#8          // sequence:J
  #22 = NameAndType        #9:#10         // weight:D
  #23 = NameAndType        #11:#12        // v:Ljava/lang/Object;
  #24 = Utf8               WideStoredHold
  #25 = Utf8               java/lang/Object
  #26 = Utf8               ()V
{
  public long sequence;
    descriptor: J
    flags: ACC_PUBLIC

  public double weight;
    descriptor: D
    flags: ACC_PUBLIC

  public T v;
    descriptor: Ljava/lang/Object;
    flags: ACC_PUBLIC
    Signature: #14                          // TT;

  public WideStoredHold(long, double, T);
    descriptor: (JDLjava/lang/Object;)V
    flags: ACC_PUBLIC
    Code:
      stack=3, locals=6, args_size=4
         0: aload_0
         1: invokespecial #1                  // Method java/lang/Object."<init>":()V
         4: aload_0
         5: lload_1
         6: putfield      #2                  // Field sequence:J
         9: aload_0
        10: dload_3
        11: putfield      #3                  // Field weight:D
        14: aload_0
        15: aload         5
        17: putfield      #4                  // Field v:Ljava/lang/Object;
        20: return
    Signature: #18                          // (JDTT;)V
}
Signature: #19                          // <T:Ljava/lang/Object;>Ljava/lang/Object;
