Classfile jar:file:/private/tmp/jarde-generic-call-patrol-v1/v3/MutatedReceiver/MutatedReceiver.jar!/MutatedReceiver.class
  Last modified 2026-10-9; size 864 bytes
  MD5 checksum 2c78049265eb9f40e303f1004f99b123
  Compiled from "MutatedReceiver.java"
public class MutatedReceiver<T extends java.lang.Object> extends java.lang.Object
  minor version: 0
  major version: 52
  flags: ACC_PUBLIC, ACC_SUPER
Constant pool:
   #1 = Methodref          #7.#31         // java/lang/Object."<init>":()V
   #2 = Class              #32            // java/util/ArrayList
   #3 = Methodref          #2.#31         // java/util/ArrayList."<init>":()V
   #4 = InterfaceMethodref #33.#34        // java/util/List.add:(Ljava/lang/Object;)Z
   #5 = InterfaceMethodref #33.#35        // java/util/List.get:(I)Ljava/lang/Object;
   #6 = Class              #36            // MutatedReceiver
   #7 = Class              #37            // java/lang/Object
   #8 = Utf8               <init>
   #9 = Utf8               ()V
  #10 = Utf8               Code
  #11 = Utf8               LineNumberTable
  #12 = Utf8               LocalVariableTable
  #13 = Utf8               this
  #14 = Utf8               LMutatedReceiver;
  #15 = Utf8               LocalVariableTypeTable
  #16 = Utf8               LMutatedReceiver<TT;>;
  #17 = Utf8               relay
  #18 = Utf8               (Ljava/lang/Object;)Ljava/lang/Object;
  #19 = Utf8               x
  #20 = Utf8               Ljava/lang/Object;
  #21 = Utf8               receiver
  #22 = Utf8               Ljava/util/List;
  #23 = Utf8               raw
  #24 = Utf8               TT;
  #25 = Utf8               Ljava/util/List<TT;>;
  #26 = Utf8               Signature
  #27 = Utf8               (TT;)TT;
  #28 = Utf8               <T:Ljava/lang/Object;>Ljava/lang/Object;
  #29 = Utf8               SourceFile
  #30 = Utf8               MutatedReceiver.java
  #31 = NameAndType        #8:#9          // "<init>":()V
  #32 = Utf8               java/util/ArrayList
  #33 = Class              #38            // java/util/List
  #34 = NameAndType        #39:#40        // add:(Ljava/lang/Object;)Z
  #35 = NameAndType        #41:#42        // get:(I)Ljava/lang/Object;
  #36 = Utf8               MutatedReceiver
  #37 = Utf8               java/lang/Object
  #38 = Utf8               java/util/List
  #39 = Utf8               add
  #40 = Utf8               (Ljava/lang/Object;)Z
  #41 = Utf8               get
  #42 = Utf8               (I)Ljava/lang/Object;
{
  public MutatedReceiver();
    descriptor: ()V
    flags: ACC_PUBLIC
    Code:
      stack=1, locals=1, args_size=1
         0: aload_0
         1: invokespecial #1                  // Method java/lang/Object."<init>":()V
         4: return
      LineNumberTable:
        line 1: 0
      LocalVariableTable:
        Start  Length  Slot  Name   Signature
            0       5     0  this   LMutatedReceiver;
      LocalVariableTypeTable:
        Start  Length  Slot  Name   Signature
            0       5     0  this   LMutatedReceiver<TT;>;

  public T relay(T);
    descriptor: (Ljava/lang/Object;)Ljava/lang/Object;
    flags: ACC_PUBLIC
    Code:
      stack=2, locals=4, args_size=2
         0: new           #2                  // class java/util/ArrayList
         3: dup
         4: invokespecial #3                  // Method java/util/ArrayList."<init>":()V
         7: astore_2
         8: new           #2                  // class java/util/ArrayList
        11: dup
        12: invokespecial #3                  // Method java/util/ArrayList."<init>":()V
        15: astore_3
        16: aload_3
        17: aload_1
        18: invokeinterface #4,  2            // InterfaceMethod java/util/List.add:(Ljava/lang/Object;)Z
        23: pop
        24: aload_3
        25: astore_2
        26: aload_2
        27: iconst_0
        28: invokeinterface #5,  2            // InterfaceMethod java/util/List.get:(I)Ljava/lang/Object;
        33: areturn
      LineNumberTable:
        line 3: 0
        line 4: 8
        line 5: 16
        line 6: 24
        line 7: 26
      LocalVariableTable:
        Start  Length  Slot  Name   Signature
            0      34     0  this   LMutatedReceiver;
            0      34     1     x   Ljava/lang/Object;
            8      26     2 receiver   Ljava/util/List;
           16      18     3   raw   Ljava/util/List;
      LocalVariableTypeTable:
        Start  Length  Slot  Name   Signature
            0      34     0  this   LMutatedReceiver<TT;>;
            0      34     1     x   TT;
            8      26     2 receiver   Ljava/util/List<TT;>;
    Signature: #27                          // (TT;)TT;
}
Signature: #28                          // <T:Ljava/lang/Object;>Ljava/lang/Object;
SourceFile: "MutatedReceiver.java"
