class.class_bytes.digest = "88963e021046b4f2c7370435961f0a8fe54bdf14836a82600bc736a939d74404"
class.class_bytes.length = 479
class.location.kind = "standalone_root"
class.location.snapshot = "88963e021046b4f2c7370435961f0a8fe54bdf14836a82600bc736a939d74404"
class.variant.kind = "base"
coverage.artifact_structural.scanned.0.end = 1
coverage.artifact_structural.scanned.0.label = "navigation_candidates"
coverage.artifact_structural.scanned.0.start = 0
coverage.artifact_structural.scanned.1.end = 8
coverage.artifact_structural.scanned.1.label = "class_methods"
coverage.artifact_structural.scanned.1.start = 0
coverage.artifact_structural.skipped = []
coverage.artifact_structural.state = "complete_within_schema"
coverage.artifact_structural.uninterpreted_extensions = []
coverage.dynamic_analysis.scanned = []
coverage.dynamic_analysis.skipped = []
coverage.dynamic_analysis.state = "not_requested"
coverage.dynamic_analysis.uninterpreted_extensions = []
coverage.runtime_resolution.scanned = []
coverage.runtime_resolution.skipped = []
coverage.runtime_resolution.state = "not_requested"
coverage.runtime_resolution.uninterpreted_extensions = []
declaration.declaration = "@interface FloatingBoundary"
declaration.item.binding.kind = "standalone_root"
declaration.item.declaration.access_flags = 9728
declaration.item.declaration.interfaces.0.escaped = "java/lang/annotation/Annotation"
declaration.item.declaration.interfaces.0.raw = [106,97,118,97,47,108,97,110,103,47,97,110,110,111,116,97,116,105,111,110,47,65,110,110,111,116,97,116,105,111,110]
declaration.item.declaration.interfaces.0.utf16 = [106,97,118,97,47,108,97,110,103,47,97,110,110,111,116,97,116,105,111,110,47,65,110,110,111,116,97,116,105,111,110]
declaration.item.declaration.super_class.escaped = "java/lang/Object"
declaration.item.declaration.super_class.raw = [106,97,118,97,47,108,97,110,103,47,79,98,106,101,99,116]
declaration.item.declaration.super_class.utf16 = [106,97,118,97,47,108,97,110,103,47,79,98,106,101,99,116]
declaration.item.declaration.this_class.escaped = "FloatingBoundary"
declaration.item.declaration.this_class.raw = [70,108,111,97,116,105,110,103,66,111,117,110,100,97,114,121]
declaration.item.declaration.this_class.utf16 = [70,108,111,97,116,105,110,103,66,111,117,110,100,97,114,121]
declaration.item.definition.class_bytes.digest = "88963e021046b4f2c7370435961f0a8fe54bdf14836a82600bc736a939d74404"
declaration.item.definition.class_bytes.length = 479
declaration.item.definition.location.kind = "standalone_root"
declaration.item.definition.location.snapshot = "88963e021046b4f2c7370435961f0a8fe54bdf14836a82600bc736a939d74404"
declaration.item.definition.variant.kind = "base"
declaration.item.member_table = null
declaration.name = "FloatingBoundary"
diagnostics = []
execution.status = "complete"
execution.usage.analysis_steps = 0
execution.usage.archive_entries = 0
execution.usage.attribute_bytes = 144
execution.usage.class_bytes = 479
execution.usage.class_headers = 1
execution.usage.code_bytes = 0
execution.usage.dependency_depth = 0
execution.usage.elapsed_millis = 1
execution.usage.entry_bytes = 0
execution.usage.input_bytes = 479
execution.usage.ir_edges = 0
execution.usage.ir_items = 0
execution.usage.method_bodies = 0
execution.usage.nested_depth = 0
execution.usage.normalization_clones = 0
execution.usage.output_bytes = 479
execution.usage.read_bytes = 479
execution.usage.result_items = 26
fields = []
limits.analysis_steps = 4194304
limits.archive_entries = 65536
limits.attribute_bytes = 67108864
limits.class_bytes = 67108864
limits.class_headers = 4096
limits.code_bytes = 16777216
limits.dependency_depth = 8
limits.elapsed_millis = 30000
limits.entry_bytes = 67108864
limits.input_bytes = 67108864
limits.ir_edges = 4194304
limits.ir_items = 4194304
limits.method_bodies = 4096
limits.nested_depth = 4
limits.normalization_clones = 1048576
limits.output_bytes = 16777216
limits.read_bytes = 67108864
limits.result_items = 65536
methods.0.declaration = "public abstract float negativeZero() default -0.0f"
methods.0.item.access_flags = 1025
methods.0.item.body.kind = "no_code_attribute"
methods.0.item.descriptor.escaped = "()F"
methods.0.item.descriptor.raw = [40,41,70]
methods.0.item.descriptor.utf16 = [40,41,70]
methods.0.item.identity.descriptor = [40,41,70]
methods.0.item.identity.name = [110,101,103,97,116,105,118,101,90,101,114,111]
methods.0.item.identity.owner.class_bytes.digest = "88963e021046b4f2c7370435961f0a8fe54bdf14836a82600bc736a939d74404"
methods.0.item.identity.owner.class_bytes.length = 479
methods.0.item.identity.owner.location.kind = "standalone_root"
methods.0.item.identity.owner.location.snapshot = "88963e021046b4f2c7370435961f0a8fe54bdf14836a82600bc736a939d74404"
methods.0.item.identity.owner.variant.kind = "base"
methods.0.item.index = 0
methods.0.item.name.escaped = "negativeZero"
methods.0.item.name.raw = [110,101,103,97,116,105,118,101,90,101,114,111]
methods.0.item.name.utf16 = [110,101,103,97,116,105,118,101,90,101,114,111]
methods.0.markers = ["// jarde: no body: the member `negativeZero()F` is declared abstract and its declaration carries no Code attribute"]
methods.0.no_body_kind = "abstract"
methods.0.outcome.kind = "no_body"
methods.0.text = "    // jarde: no body: the member `negativeZero()F` is declared abstract and its declaration carries no Code attribute\n    public abstract float negativeZero() default -0.0f;\n"
methods.1.declaration = "public abstract float leastSubnormal() default 0x0.000002p-126f"
methods.1.item.access_flags = 1025
methods.1.item.body.kind = "no_code_attribute"
methods.1.item.descriptor.escaped = "()F"
methods.1.item.descriptor.raw = [40,41,70]
methods.1.item.descriptor.utf16 = [40,41,70]
methods.1.item.identity.descriptor = [40,41,70]
methods.1.item.identity.name = [108,101,97,115,116,83,117,98,110,111,114,109,97,108]
methods.1.item.identity.owner.class_bytes.digest = "88963e021046b4f2c7370435961f0a8fe54bdf14836a82600bc736a939d74404"
methods.1.item.identity.owner.class_bytes.length = 479
methods.1.item.identity.owner.location.kind = "standalone_root"
methods.1.item.identity.owner.location.snapshot = "88963e021046b4f2c7370435961f0a8fe54bdf14836a82600bc736a939d74404"
methods.1.item.identity.owner.variant.kind = "base"
methods.1.item.index = 1
methods.1.item.name.escaped = "leastSubnormal"
methods.1.item.name.raw = [108,101,97,115,116,83,117,98,110,111,114,109,97,108]
methods.1.item.name.utf16 = [108,101,97,115,116,83,117,98,110,111,114,109,97,108]
methods.1.markers = ["// jarde: no body: the member `leastSubnormal()F` is declared abstract and its declaration carries no Code attribute"]
methods.1.no_body_kind = "abstract"
methods.1.outcome.kind = "no_body"
methods.1.text = "    // jarde: no body: the member `leastSubnormal()F` is declared abstract and its declaration carries no Code attribute\n    public abstract float leastSubnormal() default 0x0.000002p-126f;\n"
methods.2.declaration = "public abstract float greatestFinite() default 0x1.fffffep127f"
methods.2.item.access_flags = 1025
methods.2.item.body.kind = "no_code_attribute"
methods.2.item.descriptor.escaped = "()F"
methods.2.item.descriptor.raw = [40,41,70]
methods.2.item.descriptor.utf16 = [40,41,70]
methods.2.item.identity.descriptor = [40,41,70]
methods.2.item.identity.name = [103,114,101,97,116,101,115,116,70,105,110,105,116,101]
methods.2.item.identity.owner.class_bytes.digest = "88963e021046b4f2c7370435961f0a8fe54bdf14836a82600bc736a939d74404"
methods.2.item.identity.owner.class_bytes.length = 479
methods.2.item.identity.owner.location.kind = "standalone_root"
methods.2.item.identity.owner.location.snapshot = "88963e021046b4f2c7370435961f0a8fe54bdf14836a82600bc736a939d74404"
methods.2.item.identity.owner.variant.kind = "base"
methods.2.item.index = 2
methods.2.item.name.escaped = "greatestFinite"
methods.2.item.name.raw = [103,114,101,97,116,101,115,116,70,105,110,105,116,101]
methods.2.item.name.utf16 = [103,114,101,97,116,101,115,116,70,105,110,105,116,101]
methods.2.markers = ["// jarde: no body: the member `greatestFinite()F` is declared abstract and its declaration carries no Code attribute"]
methods.2.no_body_kind = "abstract"
methods.2.outcome.kind = "no_body"
methods.2.text = "    // jarde: no body: the member `greatestFinite()F` is declared abstract and its declaration carries no Code attribute\n    public abstract float greatestFinite() default 0x1.fffffep127f;\n"
methods.3.declaration = "public abstract float negativeInfinity() default Float.NEGATIVE_INFINITY"
methods.3.item.access_flags = 1025
methods.3.item.body.kind = "no_code_attribute"
methods.3.item.descriptor.escaped = "()F"
methods.3.item.descriptor.raw = [40,41,70]
methods.3.item.descriptor.utf16 = [40,41,70]
methods.3.item.identity.descriptor = [40,41,70]
methods.3.item.identity.name = [110,101,103,97,116,105,118,101,73,110,102,105,110,105,116,121]
methods.3.item.identity.owner.class_bytes.digest = "88963e021046b4f2c7370435961f0a8fe54bdf14836a82600bc736a939d74404"
methods.3.item.identity.owner.class_bytes.length = 479
methods.3.item.identity.owner.location.kind = "standalone_root"
methods.3.item.identity.owner.location.snapshot = "88963e021046b4f2c7370435961f0a8fe54bdf14836a82600bc736a939d74404"
methods.3.item.identity.owner.variant.kind = "base"
methods.3.item.index = 3
methods.3.item.name.escaped = "negativeInfinity"
methods.3.item.name.raw = [110,101,103,97,116,105,118,101,73,110,102,105,110,105,116,121]
methods.3.item.name.utf16 = [110,101,103,97,116,105,118,101,73,110,102,105,110,105,116,121]
methods.3.markers = ["// jarde: no body: the member `negativeInfinity()F` is declared abstract and its declaration carries no Code attribute"]
methods.3.no_body_kind = "abstract"
methods.3.outcome.kind = "no_body"
methods.3.text = "    // jarde: no body: the member `negativeInfinity()F` is declared abstract and its declaration carries no Code attribute\n    public abstract float negativeInfinity() default Float.NEGATIVE_INFINITY;\n"
methods.4.declaration = "public abstract double leastSubnormalDouble() default 0x0.0000000000001p-1022d"
methods.4.item.access_flags = 1025
methods.4.item.body.kind = "no_code_attribute"
methods.4.item.descriptor.escaped = "()D"
methods.4.item.descriptor.raw = [40,41,68]
methods.4.item.descriptor.utf16 = [40,41,68]
methods.4.item.identity.descriptor = [40,41,68]
methods.4.item.identity.name = [108,101,97,115,116,83,117,98,110,111,114,109,97,108,68,111,117,98,108,101]
methods.4.item.identity.owner.class_bytes.digest = "88963e021046b4f2c7370435961f0a8fe54bdf14836a82600bc736a939d74404"
methods.4.item.identity.owner.class_bytes.length = 479
methods.4.item.identity.owner.location.kind = "standalone_root"
methods.4.item.identity.owner.location.snapshot = "88963e021046b4f2c7370435961f0a8fe54bdf14836a82600bc736a939d74404"
methods.4.item.identity.owner.variant.kind = "base"
methods.4.item.index = 4
methods.4.item.name.escaped = "leastSubnormalDouble"
methods.4.item.name.raw = [108,101,97,115,116,83,117,98,110,111,114,109,97,108,68,111,117,98,108,101]
methods.4.item.name.utf16 = [108,101,97,115,116,83,117,98,110,111,114,109,97,108,68,111,117,98,108,101]
methods.4.markers = ["// jarde: no body: the member `leastSubnormalDouble()D` is declared abstract and its declaration carries no Code attribute"]
methods.4.no_body_kind = "abstract"
methods.4.outcome.kind = "no_body"
methods.4.text = "    // jarde: no body: the member `leastSubnormalDouble()D` is declared abstract and its declaration carries no Code attribute\n    public abstract double leastSubnormalDouble() default 0x0.0000000000001p-1022d;\n"
methods.5.declaration = "public abstract double greatestFiniteDouble() default 0x1.fffffffffffffp1023d"
methods.5.item.access_flags = 1025
methods.5.item.body.kind = "no_code_attribute"
methods.5.item.descriptor.escaped = "()D"
methods.5.item.descriptor.raw = [40,41,68]
methods.5.item.descriptor.utf16 = [40,41,68]
methods.5.item.identity.descriptor = [40,41,68]
methods.5.item.identity.name = [103,114,101,97,116,101,115,116,70,105,110,105,116,101,68,111,117,98,108,101]
methods.5.item.identity.owner.class_bytes.digest = "88963e021046b4f2c7370435961f0a8fe54bdf14836a82600bc736a939d74404"
methods.5.item.identity.owner.class_bytes.length = 479
methods.5.item.identity.owner.location.kind = "standalone_root"
methods.5.item.identity.owner.location.snapshot = "88963e021046b4f2c7370435961f0a8fe54bdf14836a82600bc736a939d74404"
methods.5.item.identity.owner.variant.kind = "base"
methods.5.item.index = 5
methods.5.item.name.escaped = "greatestFiniteDouble"
methods.5.item.name.raw = [103,114,101,97,116,101,115,116,70,105,110,105,116,101,68,111,117,98,108,101]
methods.5.item.name.utf16 = [103,114,101,97,116,101,115,116,70,105,110,105,116,101,68,111,117,98,108,101]
methods.5.markers = ["// jarde: no body: the member `greatestFiniteDouble()D` is declared abstract and its declaration carries no Code attribute"]
methods.5.no_body_kind = "abstract"
methods.5.outcome.kind = "no_body"
methods.5.text = "    // jarde: no body: the member `greatestFiniteDouble()D` is declared abstract and its declaration carries no Code attribute\n    public abstract double greatestFiniteDouble() default 0x1.fffffffffffffp1023d;\n"
methods.6.declaration = "public abstract double positiveInfinity() default Double.POSITIVE_INFINITY"
methods.6.item.access_flags = 1025
methods.6.item.body.kind = "no_code_attribute"
methods.6.item.descriptor.escaped = "()D"
methods.6.item.descriptor.raw = [40,41,68]
methods.6.item.descriptor.utf16 = [40,41,68]
methods.6.item.identity.descriptor = [40,41,68]
methods.6.item.identity.name = [112,111,115,105,116,105,118,101,73,110,102,105,110,105,116,121]
methods.6.item.identity.owner.class_bytes.digest = "88963e021046b4f2c7370435961f0a8fe54bdf14836a82600bc736a939d74404"
methods.6.item.identity.owner.class_bytes.length = 479
methods.6.item.identity.owner.location.kind = "standalone_root"
methods.6.item.identity.owner.location.snapshot = "88963e021046b4f2c7370435961f0a8fe54bdf14836a82600bc736a939d74404"
methods.6.item.identity.owner.variant.kind = "base"
methods.6.item.index = 6
methods.6.item.name.escaped = "positiveInfinity"
methods.6.item.name.raw = [112,111,115,105,116,105,118,101,73,110,102,105,110,105,116,121]
methods.6.item.name.utf16 = [112,111,115,105,116,105,118,101,73,110,102,105,110,105,116,121]
methods.6.markers = ["// jarde: no body: the member `positiveInfinity()D` is declared abstract and its declaration carries no Code attribute"]
methods.6.no_body_kind = "abstract"
methods.6.outcome.kind = "no_body"
methods.6.text = "    // jarde: no body: the member `positiveInfinity()D` is declared abstract and its declaration carries no Code attribute\n    public abstract double positiveInfinity() default Double.POSITIVE_INFINITY;\n"
methods.7.declaration = "public abstract double canonicalNaN() default Double.NaN"
methods.7.item.access_flags = 1025
methods.7.item.body.kind = "no_code_attribute"
methods.7.item.descriptor.escaped = "()D"
methods.7.item.descriptor.raw = [40,41,68]
methods.7.item.descriptor.utf16 = [40,41,68]
methods.7.item.identity.descriptor = [40,41,68]
methods.7.item.identity.name = [99,97,110,111,110,105,99,97,108,78,97,78]
methods.7.item.identity.owner.class_bytes.digest = "88963e021046b4f2c7370435961f0a8fe54bdf14836a82600bc736a939d74404"
methods.7.item.identity.owner.class_bytes.length = 479
methods.7.item.identity.owner.location.kind = "standalone_root"
methods.7.item.identity.owner.location.snapshot = "88963e021046b4f2c7370435961f0a8fe54bdf14836a82600bc736a939d74404"
methods.7.item.identity.owner.variant.kind = "base"
methods.7.item.index = 7
methods.7.item.name.escaped = "canonicalNaN"
methods.7.item.name.raw = [99,97,110,111,110,105,99,97,108,78,97,78]
methods.7.item.name.utf16 = [99,97,110,111,110,105,99,97,108,78,97,78]
methods.7.markers = ["// jarde: no body: the member `canonicalNaN()D` is declared abstract and its declaration carries no Code attribute"]
methods.7.no_body_kind = "abstract"
methods.7.outcome.kind = "no_body"
methods.7.text = "    // jarde: no body: the member `canonicalNaN()D` is declared abstract and its declaration carries no Code attribute\n    public abstract double canonicalNaN() default Double.NaN;\n"
outcome = "performed"
stages = ["raw_facts","raw_cfg","legacy_normalization","canonical_cfg","frame","ssa"]
usage.analysis_steps = 0
usage.archive_entries = 0
usage.attribute_bytes = 144
usage.class_bytes = 479
usage.class_headers = 1
usage.code_bytes = 0
usage.dependency_depth = 0
usage.elapsed_millis = 1
usage.entry_bytes = 0
usage.input_bytes = 479
usage.ir_edges = 0
usage.ir_items = 0
usage.method_bodies = 0
usage.nested_depth = 0
usage.normalization_clones = 0
usage.output_bytes = 479
usage.read_bytes = 479
usage.result_items = 26
view.scope.kind = "snapshot_all"
view.snapshot = "88963e021046b4f2c7370435961f0a8fe54bdf14836a82600bc736a939d74404"
