Classfile jar:file:/Users/lordcasser/workspace/projects/jarde/openspec/evidence/same-class-generic-call-consumers-2026-10-09/frozen-inputs-v1/corretto8/debug/ArrayRelay/ArrayRelay.jar!/ArrayRelay.class
  Last modified 2026-10-9; size 711 bytes
  MD5 checksum 3309607beacc79938c500eb051e4ffcc
  Compiled from "ArrayRelay.java"
public class ArrayRelay<T extends java.lang.Object> extends java.lang.Object
  minor version: 0
  major version: 52
  flags: ACC_PUBLIC, ACC_SUPER
Constant pool:
   #1 = Methodref          #4.#25         // java/lang/Object."<init>":()V
   #2 = Methodref          #3.#26         // ArrayRelay.identity:([Ljava/lang/Object;)[Ljava/lang/Object;
   #3 = Class              #27            // ArrayRelay
   #4 = Class              #28            // java/lang/Object
   #5 = Utf8               <init>
   #6 = Utf8               ()V
   #7 = Utf8               Code
   #8 = Utf8               LineNumberTable
   #9 = Utf8               LocalVariableTable
  #10 = Utf8               this
  #11 = Utf8               LArrayRelay;
  #12 = Utf8               LocalVariableTypeTable
  #13 = Utf8               LArrayRelay<TT;>;
  #14 = Utf8               identity
  #15 = Utf8               ([Ljava/lang/Object;)[Ljava/lang/Object;
  #16 = Utf8               x
  #17 = Utf8               [Ljava/lang/Object;
  #18 = Utf8               [TT;
  #19 = Utf8               Signature
  #20 = Utf8               ([TT;)[TT;
  #21 = Utf8               relay
  #22 = Utf8               <T:Ljava/lang/Object;>Ljava/lang/Object;
  #23 = Utf8               SourceFile
  #24 = Utf8               ArrayRelay.java
  #25 = NameAndType        #5:#6          // "<init>":()V
  #26 = NameAndType        #14:#15        // identity:([Ljava/lang/Object;)[Ljava/lang/Object;
  #27 = Utf8               ArrayRelay
  #28 = Utf8               java/lang/Object
{
  public ArrayRelay();
    descriptor: ()V
    flags: ACC_PUBLIC
    Code:
      stack=1, locals=1, args_size=1
         0: aload_0
         1: invokespecial #1                  // Method java/lang/Object."<init>":()V
         4: return
      LineNumberTable:
        line 1: 0
      LocalVariableTable:
        Start  Length  Slot  Name   Signature
            0       5     0  this   LArrayRelay;
      LocalVariableTypeTable:
        Start  Length  Slot  Name   Signature
            0       5     0  this   LArrayRelay<TT;>;

  public T[] identity(T[]);
    descriptor: ([Ljava/lang/Object;)[Ljava/lang/Object;
    flags: ACC_PUBLIC
    Code:
      stack=1, locals=2, args_size=2
         0: aload_1
         1: areturn
      LineNumberTable:
        line 1: 0
      LocalVariableTable:
        Start  Length  Slot  Name   Signature
            0       2     0  this   LArrayRelay;
            0       2     1     x   [Ljava/lang/Object;
      LocalVariableTypeTable:
        Start  Length  Slot  Name   Signature
            0       2     0  this   LArrayRelay<TT;>;
            0       2     1     x   [TT;
    Signature: #20                          // ([TT;)[TT;

  public T[] relay(T[]);
    descriptor: ([Ljava/lang/Object;)[Ljava/lang/Object;
    flags: ACC_PUBLIC
    Code:
      stack=2, locals=2, args_size=2
         0: aload_0
         1: aload_1
         2: invokevirtual #2                  // Method identity:([Ljava/lang/Object;)[Ljava/lang/Object;
         5: areturn
      LineNumberTable:
        line 1: 0
      LocalVariableTable:
        Start  Length  Slot  Name   Signature
            0       6     0  this   LArrayRelay;
            0       6     1     x   [Ljava/lang/Object;
      LocalVariableTypeTable:
        Start  Length  Slot  Name   Signature
            0       6     0  this   LArrayRelay<TT;>;
            0       6     1     x   [TT;
    Signature: #20                          // ([TT;)[TT;
}
Signature: #22                          // <T:Ljava/lang/Object;>Ljava/lang/Object;
SourceFile: "ArrayRelay.java"
