Classfile jar:file:/Users/lordcasser/workspace/projects/jarde/openspec/evidence/same-class-generic-call-consumers-2026-10-09/frozen-inputs-v1/corretto8/nodebug/BridgeUnknown/BridgeUnknown.jar!/BridgeUnknown.class
  Last modified 2026-10-9; size 405 bytes
  MD5 checksum e7240e0d4d4550c37d2ee503dd7af176
public class BridgeUnknown extends BridgeBase<java.lang.String>
  minor version: 0
  major version: 52
  flags: ACC_PUBLIC, ACC_SUPER
Constant pool:
   #1 = Methodref          #5.#15         // BridgeBase."<init>":()V
   #2 = Class              #16            // java/lang/String
   #3 = Methodref          #4.#17         // BridgeUnknown.apply:(Ljava/lang/String;)Ljava/lang/String;
   #4 = Class              #18            // BridgeUnknown
   #5 = Class              #19            // BridgeBase
   #6 = Utf8               <init>
   #7 = Utf8               ()V
   #8 = Utf8               Code
   #9 = Utf8               apply
  #10 = Utf8               (Ljava/lang/String;)Ljava/lang/String;
  #11 = Utf8               relay
  #12 = Utf8               (Ljava/lang/Object;)Ljava/lang/Object;
  #13 = Utf8               Signature
  #14 = Utf8               LBridgeBase<Ljava/lang/String;>;
  #15 = NameAndType        #6:#7          // "<init>":()V
  #16 = Utf8               java/lang/String
  #17 = NameAndType        #9:#10         // apply:(Ljava/lang/String;)Ljava/lang/String;
  #18 = Utf8               BridgeUnknown
  #19 = Utf8               BridgeBase
{
  public BridgeUnknown();
    descriptor: ()V
    flags: ACC_PUBLIC
    Code:
      stack=1, locals=1, args_size=1
         0: aload_0
         1: invokespecial #1                  // Method BridgeBase."<init>":()V
         4: return

  public java.lang.String apply(java.lang.String);
    descriptor: (Ljava/lang/String;)Ljava/lang/String;
    flags: ACC_PUBLIC
    Code:
      stack=1, locals=2, args_size=2
         0: aload_1
         1: areturn

  public java.lang.Object relay(java.lang.Object);
    descriptor: (Ljava/lang/Object;)Ljava/lang/Object;
    flags: ACC_PUBLIC
    Code:
      stack=2, locals=2, args_size=2
         0: aload_0
         1: aload_1
         2: checkcast     #2                  // class java/lang/String
         5: invokevirtual #3                  // Method apply:(Ljava/lang/String;)Ljava/lang/String;
         8: areturn

  public java.lang.Object apply(java.lang.Object);
    descriptor: (Ljava/lang/Object;)Ljava/lang/Object;
    flags: ACC_PUBLIC, ACC_BRIDGE, ACC_SYNTHETIC
    Code:
      stack=2, locals=2, args_size=2
         0: aload_0
         1: aload_1
         2: checkcast     #2                  // class java/lang/String
         5: invokevirtual #3                  // Method apply:(Ljava/lang/String;)Ljava/lang/String;
         8: areturn
}
Signature: #14                          // LBridgeBase<Ljava/lang/String;>;
