警告: [options] 源值 8 已过时，将在未来发行版中删除
警告: [options] 目标值 8 已过时，将在未来发行版中删除
警告: [options] 要隐藏有关已过时选项的警告, 请使用 -Xlint:-options。
/tmp/jarde-instanceof-audit/jarde/InstanceOfAudit.java:31: 错误: 缺少返回语句
    }
    ^
/tmp/jarde-instanceof-audit/jarde/InstanceOfAudit.java:42: 错误: 缺少返回语句
    }
    ^
/tmp/jarde-instanceof-audit/jarde/InstanceOfAudit.java:53: 错误: 缺少返回语句
    }
    ^
/tmp/jarde-instanceof-audit/jarde/InstanceOfAudit.java:64: 错误: 缺少返回语句
    }
    ^
/tmp/jarde-instanceof-audit/jarde/InstanceOfAudit.java:75: 错误: 缺少返回语句
    }
    ^
/tmp/jarde-instanceof-audit/jarde/InstanceOfAudit.java:86: 错误: 缺少返回语句
    }
    ^
/tmp/jarde-instanceof-audit/jarde/InstanceOfAudit.java:97: 错误: 缺少返回语句
    }
    ^
/tmp/jarde-instanceof-audit/jarde/InstanceOfAudit.java:110: 错误: 缺少返回语句
    }
    ^
/tmp/jarde-instanceof-audit/jarde/InstanceOfAudit.java:121: 错误: 缺少返回语句
    }
    ^
/tmp/jarde-instanceof-audit/jarde/InstanceOfAudit.java:134: 错误: 缺少返回语句
    }
    ^
10 个错误
3 个警告
