Classfile jar:file:/Users/lordcasser/workspace/projects/jarde/openspec/evidence/same-class-generic-call-consumers-2026-10-09/frozen-inputs-v1/corretto8/nodebug/MethodShadow/MethodShadow.jar!/MethodShadow.class
  Last modified 2026-10-9; size 402 bytes
  MD5 checksum b478a55085095b41a5c7cb31660607b3
public class MethodShadow<T extends java.lang.Object> extends java.lang.Object
  minor version: 0
  major version: 52
  flags: ACC_PUBLIC, ACC_SUPER
Constant pool:
   #1 = Methodref          #4.#15         // java/lang/Object."<init>":()V
   #2 = Methodref          #3.#16         // MethodShadow.identity:(Ljava/lang/Number;)Ljava/lang/Number;
   #3 = Class              #17            // MethodShadow
   #4 = Class              #18            // java/lang/Object
   #5 = Utf8               <init>
   #6 = Utf8               ()V
   #7 = Utf8               Code
   #8 = Utf8               relay
   #9 = Utf8               (Ljava/lang/Number;)Ljava/lang/Number;
  #10 = Utf8               Signature
  #11 = Utf8               <T:Ljava/lang/Number;>(TT;)TT;
  #12 = Utf8               identity
  #13 = Utf8               <U:Ljava/lang/Number;>(TU;)TU;
  #14 = Utf8               <T:Ljava/lang/Object;>Ljava/lang/Object;
  #15 = NameAndType        #5:#6          // "<init>":()V
  #16 = NameAndType        #12:#9         // identity:(Ljava/lang/Number;)Ljava/lang/Number;
  #17 = Utf8               MethodShadow
  #18 = Utf8               java/lang/Object
{
  public MethodShadow();
    descriptor: ()V
    flags: ACC_PUBLIC
    Code:
      stack=1, locals=1, args_size=1
         0: aload_0
         1: invokespecial #1                  // Method java/lang/Object."<init>":()V
         4: return

  public <T extends java.lang.Number> T relay(T);
    descriptor: (Ljava/lang/Number;)Ljava/lang/Number;
    flags: ACC_PUBLIC
    Code:
      stack=2, locals=2, args_size=2
         0: aload_0
         1: aload_1
         2: invokevirtual #2                  // Method identity:(Ljava/lang/Number;)Ljava/lang/Number;
         5: areturn
    Signature: #11                          // <T:Ljava/lang/Number;>(TT;)TT;

  public <U extends java.lang.Number> U identity(U);
    descriptor: (Ljava/lang/Number;)Ljava/lang/Number;
    flags: ACC_PUBLIC
    Code:
      stack=1, locals=2, args_size=2
         0: aload_1
         1: areturn
    Signature: #13                          // <U:Ljava/lang/Number;>(TU;)TU;
}
Signature: #14                          // <T:Ljava/lang/Object;>Ljava/lang/Object;
