Classfile jar:file:///Users/lordcasser/workspace/projects/jarde/openspec/changes/recover-same-class-generic-call-consumers/results/candidate/field18-msrv-final/complete-run/permanent-original-inputs/javac23/RawAllocationVariable/RawAllocationVariable.jar!/RawAllocationVariable.class
  Last modified 2026年10月9日; size 330 bytes
  SHA-256 checksum 3198cb1475c3b92bb0b5dd0d2fdf5c33e0c2fd2db410e3fdb587a2634ad92801
public class RawAllocationVariable<T extends java.lang.Object> extends java.lang.Object
  minor version: 0
  major version: 52
  flags: (0x0021) ACC_PUBLIC, ACC_SUPER
  this_class: #11                         // RawAllocationVariable
  super_class: #2                         // java/lang/Object
  interfaces: 0, fields: 1, methods: 2, attributes: 1
Constant pool:
   #1 = Methodref          #2.#3          // java/lang/Object."<init>":()V
   #2 = Class              #4             // java/lang/Object
   #3 = NameAndType        #5:#6          // "<init>":()V
   #4 = Utf8               java/lang/Object
   #5 = Utf8               <init>
   #6 = Utf8               ()V
   #7 = Class              #8             // java/util/ArrayList
   #8 = Utf8               java/util/ArrayList
   #9 = Methodref          #7.#3          // java/util/ArrayList."<init>":()V
  #10 = Fieldref           #11.#12        // RawAllocationVariable.v:Ljava/lang/Object;
  #11 = Class              #13            // RawAllocationVariable
  #12 = NameAndType        #14:#15        // v:Ljava/lang/Object;
  #13 = Utf8               RawAllocationVariable
  #14 = Utf8               v
  #15 = Utf8               Ljava/lang/Object;
  #16 = Utf8               Signature
  #17 = Utf8               TT;
  #18 = Utf8               Code
  #19 = Utf8               put
  #20 = Utf8               <T:Ljava/lang/Object;>Ljava/lang/Object;
{
  public T v;
    descriptor: Ljava/lang/Object;
    flags: (0x0001) ACC_PUBLIC
    Signature: #17                          // TT;

  public RawAllocationVariable();
    descriptor: ()V
    flags: (0x0001) ACC_PUBLIC
    Code:
      stack=1, locals=1, args_size=1
         0: aload_0
         1: invokespecial #1                  // Method java/lang/Object."<init>":()V
         4: return

  public void put();
    descriptor: ()V
    flags: (0x0001) ACC_PUBLIC
    Code:
      stack=3, locals=1, args_size=1
         0: aload_0
         1: new           #7                  // class java/util/ArrayList
         4: dup
         5: invokespecial #9                  // Method java/util/ArrayList."<init>":()V
         8: putfield      #10                 // Field v:Ljava/lang/Object;
        11: return
}
Signature: #20                          // <T:Ljava/lang/Object;>Ljava/lang/Object;
