Classfile jar:file:/Users/lordcasser/workspace/projects/jarde/openspec/evidence/same-class-generic-call-consumers-2026-10-09/frozen-inputs-v1/corretto8/debug/InheritedUnknown/InheritedUnknown.jar!/InheritedUnknown.class
  Last modified 2026-10-9; size 583 bytes
  MD5 checksum 6e96dd22c645037f80361617ddc77bb8
  Compiled from "InheritedUnknown.java"
public class InheritedUnknown<T extends java.lang.Object> extends java.util.ArrayList<T>
  minor version: 0
  major version: 52
  flags: ACC_PUBLIC, ACC_SUPER
Constant pool:
   #1 = Methodref          #4.#23         // java/util/ArrayList."<init>":()V
   #2 = Methodref          #3.#24         // InheritedUnknown.get:(I)Ljava/lang/Object;
   #3 = Class              #25            // InheritedUnknown
   #4 = Class              #26            // java/util/ArrayList
   #5 = Utf8               <init>
   #6 = Utf8               ()V
   #7 = Utf8               Code
   #8 = Utf8               LineNumberTable
   #9 = Utf8               LocalVariableTable
  #10 = Utf8               this
  #11 = Utf8               LInheritedUnknown;
  #12 = Utf8               LocalVariableTypeTable
  #13 = Utf8               LInheritedUnknown<TT;>;
  #14 = Utf8               relay
  #15 = Utf8               (I)Ljava/lang/Object;
  #16 = Utf8               index
  #17 = Utf8               I
  #18 = Utf8               Signature
  #19 = Utf8               (I)TT;
  #20 = Utf8               <T:Ljava/lang/Object;>Ljava/util/ArrayList<TT;>;
  #21 = Utf8               SourceFile
  #22 = Utf8               InheritedUnknown.java
  #23 = NameAndType        #5:#6          // "<init>":()V
  #24 = NameAndType        #27:#15        // get:(I)Ljava/lang/Object;
  #25 = Utf8               InheritedUnknown
  #26 = Utf8               java/util/ArrayList
  #27 = Utf8               get
{
  public InheritedUnknown();
    descriptor: ()V
    flags: ACC_PUBLIC
    Code:
      stack=1, locals=1, args_size=1
         0: aload_0
         1: invokespecial #1                  // Method java/util/ArrayList."<init>":()V
         4: return
      LineNumberTable:
        line 1: 0
      LocalVariableTable:
        Start  Length  Slot  Name   Signature
            0       5     0  this   LInheritedUnknown;
      LocalVariableTypeTable:
        Start  Length  Slot  Name   Signature
            0       5     0  this   LInheritedUnknown<TT;>;

  public T relay(int);
    descriptor: (I)Ljava/lang/Object;
    flags: ACC_PUBLIC
    Code:
      stack=2, locals=2, args_size=2
         0: aload_0
         1: iload_1
         2: invokevirtual #2                  // Method get:(I)Ljava/lang/Object;
         5: areturn
      LineNumberTable:
        line 1: 0
      LocalVariableTable:
        Start  Length  Slot  Name   Signature
            0       6     0  this   LInheritedUnknown;
            0       6     1 index   I
      LocalVariableTypeTable:
        Start  Length  Slot  Name   Signature
            0       6     0  this   LInheritedUnknown<TT;>;
    Signature: #19                          // (I)TT;
}
Signature: #20                          // <T:Ljava/lang/Object;>Ljava/util/ArrayList<TT;>;
SourceFile: "InheritedUnknown.java"
