public class Main {
  public Main();
    Code:
       0: aload_0
       1: invokespecial #1                  // Method java/lang/Object."<init>":()V
       4: return

  public static void event(java.lang.String, java.lang.String);
    Code:
       0: getstatic     #2                  // Field java/lang/System.out:Ljava/io/PrintStream;
       3: aload_0
       4: invokevirtual #3                  // Method java/io/PrintStream.print:(Ljava/lang/String;)V
       7: getstatic     #2                  // Field java/lang/System.out:Ljava/io/PrintStream;
      10: bipush        58
      12: invokevirtual #4                  // Method java/io/PrintStream.print:(C)V
      15: getstatic     #2                  // Field java/lang/System.out:Ljava/io/PrintStream;
      18: aload_1
      19: invokevirtual #5                  // Method java/io/PrintStream.println:(Ljava/lang/String;)V
      22: return

  public static java.lang.String mark(java.lang.String);
    Code:
       0: ldc           #6                  // String mark
       2: aload_0
       3: invokestatic  #7                  // Method event:(Ljava/lang/String;Ljava/lang/String;)V
       6: aload_0
       7: areturn

  public static java.lang.CharSequence[] sequence();
    Code:
       0: iconst_2
       1: anewarray     #8                  // class java/lang/CharSequence
       4: dup
       5: iconst_0
       6: new           #9                  // class java/lang/StringBuilder
       9: dup
      10: ldc           #10                 // String sequence-first
      12: invokestatic  #11                 // Method mark:(Ljava/lang/String;)Ljava/lang/String;
      15: invokespecial #12                 // Method java/lang/StringBuilder."<init>":(Ljava/lang/String;)V
      18: aastore
      19: dup
      20: iconst_1
      21: new           #13                 // class java/lang/StringBuffer
      24: dup
      25: ldc           #14                 // String sequence-second
      27: invokestatic  #11                 // Method mark:(Ljava/lang/String;)Ljava/lang/String;
      30: invokespecial #15                 // Method java/lang/StringBuffer."<init>":(Ljava/lang/String;)V
      33: aastore
      34: areturn

  public static java.util.Collection<?>[] collections();
    Code:
       0: iconst_2
       1: anewarray     #16                 // class java/util/Collection
       4: dup
       5: iconst_0
       6: new           #17                 // class java/util/ArrayList
       9: dup
      10: iconst_1
      11: anewarray     #18                 // class java/lang/String
      14: dup
      15: iconst_0
      16: ldc           #19                 // String collection-first
      18: invokestatic  #11                 // Method mark:(Ljava/lang/String;)Ljava/lang/String;
      21: aastore
      22: invokestatic  #20                 // Method java/util/Arrays.asList:([Ljava/lang/Object;)Ljava/util/List;
      25: invokespecial #21                 // Method java/util/ArrayList."<init>":(Ljava/util/Collection;)V
      28: aastore
      29: dup
      30: iconst_1
      31: new           #22                 // class java/util/HashSet
      34: dup
      35: iconst_1
      36: anewarray     #18                 // class java/lang/String
      39: dup
      40: iconst_0
      41: ldc           #23                 // String collection-second
      43: invokestatic  #11                 // Method mark:(Ljava/lang/String;)Ljava/lang/String;
      46: aastore
      47: invokestatic  #20                 // Method java/util/Arrays.asList:([Ljava/lang/Object;)Ljava/util/List;
      50: invokespecial #24                 // Method java/util/HashSet."<init>":(Ljava/util/Collection;)V
      53: aastore
      54: areturn

  public static java.lang.Throwable[] failures();
    Code:
       0: iconst_2
       1: anewarray     #25                 // class java/lang/Throwable
       4: dup
       5: iconst_0
       6: new           #26                 // class java/lang/IllegalStateException
       9: dup
      10: ldc           #27                 // String throwable-first
      12: invokestatic  #11                 // Method mark:(Ljava/lang/String;)Ljava/lang/String;
      15: invokespecial #28                 // Method java/lang/IllegalStateException."<init>":(Ljava/lang/String;)V
      18: aastore
      19: dup
      20: iconst_1
      21: new           #29                 // class java/lang/IllegalArgumentException
      24: dup
      25: ldc           #30                 // String throwable-second
      27: invokestatic  #11                 // Method mark:(Ljava/lang/String;)Ljava/lang/String;
      30: invokespecial #31                 // Method java/lang/IllegalArgumentException."<init>":(Ljava/lang/String;)V
      33: aastore
      34: areturn

  public static Base[] ownDirect();
    Code:
       0: iconst_2
       1: anewarray     #32                 // class Base
       4: dup
       5: iconst_0
       6: new           #33                 // class DirectA
       9: dup
      10: ldc           #34                 // String direct-first
      12: invokestatic  #11                 // Method mark:(Ljava/lang/String;)Ljava/lang/String;
      15: invokespecial #35                 // Method DirectA."<init>":(Ljava/lang/String;)V
      18: aastore
      19: dup
      20: iconst_1
      21: new           #36                 // class DirectB
      24: dup
      25: ldc           #37                 // String direct-second
      27: invokestatic  #11                 // Method mark:(Ljava/lang/String;)Ljava/lang/String;
      30: invokespecial #38                 // Method DirectB."<init>":(Ljava/lang/String;)V
      33: aastore
      34: areturn

  public static Base[] ownTwoHop();
    Code:
       0: iconst_2
       1: anewarray     #32                 // class Base
       4: dup
       5: iconst_0
       6: new           #39                 // class TwoHop
       9: dup
      10: ldc           #40                 // String two-hop-first
      12: invokestatic  #11                 // Method mark:(Ljava/lang/String;)Ljava/lang/String;
      15: invokespecial #41                 // Method TwoHop."<init>":(Ljava/lang/String;)V
      18: aastore
      19: dup
      20: iconst_1
      21: new           #36                 // class DirectB
      24: dup
      25: ldc           #42                 // String two-hop-second
      27: invokestatic  #11                 // Method mark:(Ljava/lang/String;)Ljava/lang/String;
      30: invokespecial #38                 // Method DirectB."<init>":(Ljava/lang/String;)V
      33: aastore
      34: areturn

  public static LocalInterface[] ownInterface();
    Code:
       0: iconst_2
       1: anewarray     #43                 // class LocalInterface
       4: dup
       5: iconst_0
       6: new           #33                 // class DirectA
       9: dup
      10: ldc           #44                 // String interface-first
      12: invokestatic  #11                 // Method mark:(Ljava/lang/String;)Ljava/lang/String;
      15: invokespecial #35                 // Method DirectA."<init>":(Ljava/lang/String;)V
      18: aastore
      19: dup
      20: iconst_1
      21: new           #39                 // class TwoHop
      24: dup
      25: ldc           #45                 // String interface-second
      27: invokestatic  #11                 // Method mark:(Ljava/lang/String;)Ljava/lang/String;
      30: invokespecial #41                 // Method TwoHop."<init>":(Ljava/lang/String;)V
      33: aastore
      34: areturn

  private static void observe(java.lang.Object[]);
    Code:
       0: aload_0
       1: iconst_0
       2: aaload
       3: astore_1
       4: aload_1
       5: ifnonnull     19
       8: getstatic     #2                  // Field java/lang/System.out:Ljava/io/PrintStream;
      11: ldc           #46                 // String null
      13: invokevirtual #5                  // Method java/io/PrintStream.println:(Ljava/lang/String;)V
      16: goto          32
      19: getstatic     #2                  // Field java/lang/System.out:Ljava/io/PrintStream;
      22: aload_1
      23: invokevirtual #47                 // Method java/lang/Object.getClass:()Ljava/lang/Class;
      26: invokevirtual #48                 // Method java/lang/Class.getName:()Ljava/lang/String;
      29: invokevirtual #5                  // Method java/io/PrintStream.println:(Ljava/lang/String;)V
      32: aload_0
      33: iconst_1
      34: aaload
      35: astore_2
      36: aload_2
      37: ifnonnull     51
      40: getstatic     #2                  // Field java/lang/System.out:Ljava/io/PrintStream;
      43: ldc           #46                 // String null
      45: invokevirtual #5                  // Method java/io/PrintStream.println:(Ljava/lang/String;)V
      48: goto          64
      51: getstatic     #2                  // Field java/lang/System.out:Ljava/io/PrintStream;
      54: aload_2
      55: invokevirtual #47                 // Method java/lang/Object.getClass:()Ljava/lang/Class;
      58: invokevirtual #48                 // Method java/lang/Class.getName:()Ljava/lang/String;
      61: invokevirtual #5                  // Method java/io/PrintStream.println:(Ljava/lang/String;)V
      64: return

  public static void main(java.lang.String[]);
    Code:
       0: invokestatic  #49                 // Method sequence:()[Ljava/lang/CharSequence;
       3: invokestatic  #50                 // Method observe:([Ljava/lang/Object;)V
       6: invokestatic  #51                 // Method collections:()[Ljava/util/Collection;
       9: invokestatic  #50                 // Method observe:([Ljava/lang/Object;)V
      12: invokestatic  #52                 // Method failures:()[Ljava/lang/Throwable;
      15: invokestatic  #50                 // Method observe:([Ljava/lang/Object;)V
      18: invokestatic  #53                 // Method ownDirect:()[LBase;
      21: invokestatic  #50                 // Method observe:([Ljava/lang/Object;)V
      24: invokestatic  #54                 // Method ownTwoHop:()[LBase;
      27: invokestatic  #50                 // Method observe:([Ljava/lang/Object;)V
      30: invokestatic  #55                 // Method ownInterface:()[LLocalInterface;
      33: invokestatic  #50                 // Method observe:([Ljava/lang/Object;)V
      36: return
}
