# shape | leg | side | trace
shape|leg|side|trace
ScopePlan|installed|original|catchOnly false=1
ScopePlan|installed|original|catchOnly true=2
ScopePlan|installed|original|assignedAcrossTry false=3
ScopePlan|installed|original|assignedAcrossTry true=4
ScopePlan|installed|original|assignedAcrossIf false=6
ScopePlan|installed|original|assignedAcrossIf true=5
ScopePlan|installed|original|nestedHandlerOnly null=9
ScopePlan|installed|original|nestedAcross false=10
ScopePlan|installed|original|nestedAcross true=11
ScopePlan|installed|original|nestedHandlerOnly error=java.lang.AssertionError:boom
ScopePlan|installed|jadx|catchOnly false=1
ScopePlan|installed|jadx|catchOnly true=2
ScopePlan|installed|jadx|assignedAcrossTry false=3
ScopePlan|installed|jadx|assignedAcrossTry true=4
ScopePlan|installed|jadx|assignedAcrossIf false=6
ScopePlan|installed|jadx|assignedAcrossIf true=5
ScopePlan|installed|jadx|nestedHandlerOnly null=9
ScopePlan|installed|jadx|nestedAcross false=10
ScopePlan|installed|jadx|nestedAcross true=11
ScopePlan|installed|jadx|nestedHandlerOnly error=java.lang.AssertionError:boom
ScopePlan|installed|jarde|catchOnly false=1
ScopePlan|installed|jarde|catchOnly true=2
ScopePlan|installed|jarde|assignedAcrossTry false=3
ScopePlan|installed|jarde|assignedAcrossTry true=4
ScopePlan|installed|jarde|assignedAcrossIf false=6
ScopePlan|installed|jarde|assignedAcrossIf true=5
ScopePlan|installed|jarde|nestedHandlerOnly null=9
ScopePlan|installed|jarde|nestedAcross false=10
ScopePlan|installed|jarde|nestedAcross true=11
ScopePlan|installed|jarde|nestedHandlerOnly error=java.lang.AssertionError:boom
LoopTryHandlerEntryArgs|installed|original|normal=6
LoopTryHandlerEntryArgs|installed|original|caught=0
LoopTryHandlerEntryArgs|installed|jadx|normal=6
LoopTryHandlerEntryArgs|installed|jadx|caught=0
LoopTryHandlerEntryArgs|installed|jarde|normal=6
LoopTryHandlerEntryArgs|installed|jarde|caught=0
ScopeRefusals|installed|refused|uncompilable as stated
ScopePlan|real|original|catchOnly false=1
ScopePlan|real|original|catchOnly true=2
ScopePlan|real|original|assignedAcrossTry false=3
ScopePlan|real|original|assignedAcrossTry true=4
ScopePlan|real|original|assignedAcrossIf false=6
ScopePlan|real|original|assignedAcrossIf true=5
ScopePlan|real|original|nestedHandlerOnly null=9
ScopePlan|real|original|nestedAcross false=10
ScopePlan|real|original|nestedAcross true=11
ScopePlan|real|original|nestedHandlerOnly error=java.lang.AssertionError:boom
ScopePlan|real|jadx|catchOnly false=1
ScopePlan|real|jadx|catchOnly true=2
ScopePlan|real|jadx|assignedAcrossTry false=3
ScopePlan|real|jadx|assignedAcrossTry true=4
ScopePlan|real|jadx|assignedAcrossIf false=6
ScopePlan|real|jadx|assignedAcrossIf true=5
ScopePlan|real|jadx|nestedHandlerOnly null=9
ScopePlan|real|jadx|nestedAcross false=10
ScopePlan|real|jadx|nestedAcross true=11
ScopePlan|real|jadx|nestedHandlerOnly error=java.lang.AssertionError:boom
ScopePlan|real|jarde|catchOnly false=1
ScopePlan|real|jarde|catchOnly true=2
ScopePlan|real|jarde|assignedAcrossTry false=3
ScopePlan|real|jarde|assignedAcrossTry true=4
ScopePlan|real|jarde|assignedAcrossIf false=6
ScopePlan|real|jarde|assignedAcrossIf true=5
ScopePlan|real|jarde|nestedHandlerOnly null=9
ScopePlan|real|jarde|nestedAcross false=10
ScopePlan|real|jarde|nestedAcross true=11
ScopePlan|real|jarde|nestedHandlerOnly error=java.lang.AssertionError:boom
LoopTryHandlerEntryArgs|real|original|normal=6
LoopTryHandlerEntryArgs|real|original|caught=0
LoopTryHandlerEntryArgs|real|jadx|normal=6
LoopTryHandlerEntryArgs|real|jadx|caught=0
LoopTryHandlerEntryArgs|real|jarde|normal=6
LoopTryHandlerEntryArgs|real|jarde|caught=0
ScopeRefusals|real|refused|uncompilable as stated
