Classfile jar:file:///Users/lordcasser/workspace/projects/jarde/openspec/evidence/same-class-generic-call-consumers-2026-10-09/frozen-inputs-v1/openjdk23/nodebug/PlainUpperBoundOverload/PlainUpperBoundOverload.jar!/PlainUpperBoundOverload.class
  Last modified 2026年10月9日; size 463 bytes
  SHA-256 checksum 31b17f29f607993429f1b5a5b36ea877c958b04e72fe472fd475bb33a6e84bbf
public class PlainUpperBoundOverload<T extends java.lang.Number> extends java.lang.Object
  minor version: 0
  major version: 52
  flags: (0x0021) ACC_PUBLIC, ACC_SUPER
  this_class: #10                         // PlainUpperBoundOverload
  super_class: #2                         // java/lang/Object
  interfaces: 0, fields: 1, methods: 4, attributes: 1
Constant pool:
   #1 = Methodref          #2.#3          // java/lang/Object."<init>":()V
   #2 = Class              #4             // java/lang/Object
   #3 = NameAndType        #5:#6          // "<init>":()V
   #4 = Utf8               java/lang/Object
   #5 = Utf8               <init>
   #6 = Utf8               ()V
   #7 = String             #8             // number
   #8 = Utf8               number
   #9 = Fieldref           #10.#11        // PlainUpperBoundOverload.selected:Ljava/lang/String;
  #10 = Class              #12            // PlainUpperBoundOverload
  #11 = NameAndType        #13:#14        // selected:Ljava/lang/String;
  #12 = Utf8               PlainUpperBoundOverload
  #13 = Utf8               selected
  #14 = Utf8               Ljava/lang/String;
  #15 = String             #16            // object
  #16 = Utf8               object
  #17 = Methodref          #10.#18        // PlainUpperBoundOverload.pick:(Ljava/lang/Number;)V
  #18 = NameAndType        #19:#20        // pick:(Ljava/lang/Number;)V
  #19 = Utf8               pick
  #20 = Utf8               (Ljava/lang/Number;)V
  #21 = Utf8               Code
  #22 = Utf8               (Ljava/lang/Object;)V
  #23 = Utf8               relay
  #24 = Utf8               Signature
  #25 = Utf8               (TT;)V
  #26 = Utf8               <T:Ljava/lang/Number;>Ljava/lang/Object;
{
  public java.lang.String selected;
    descriptor: Ljava/lang/String;
    flags: (0x0001) ACC_PUBLIC

  public PlainUpperBoundOverload();
    descriptor: ()V
    flags: (0x0001) ACC_PUBLIC
    Code:
      stack=1, locals=1, args_size=1
         0: aload_0
         1: invokespecial #1                  // Method java/lang/Object."<init>":()V
         4: return

  public void pick(java.lang.Number);
    descriptor: (Ljava/lang/Number;)V
    flags: (0x0001) ACC_PUBLIC
    Code:
      stack=2, locals=2, args_size=2
         0: aload_0
         1: ldc           #7                  // String number
         3: putfield      #9                  // Field selected:Ljava/lang/String;
         6: return

  public void pick(java.lang.Object);
    descriptor: (Ljava/lang/Object;)V
    flags: (0x0001) ACC_PUBLIC
    Code:
      stack=2, locals=2, args_size=2
         0: aload_0
         1: ldc           #15                 // String object
         3: putfield      #9                  // Field selected:Ljava/lang/String;
         6: return

  public void relay(T);
    descriptor: (Ljava/lang/Number;)V
    flags: (0x0001) ACC_PUBLIC
    Code:
      stack=2, locals=2, args_size=2
         0: aload_0
         1: aload_1
         2: invokevirtual #17                 // Method pick:(Ljava/lang/Number;)V
         5: return
    Signature: #25                          // (TT;)V
}
Signature: #26                          // <T:Ljava/lang/Number;>Ljava/lang/Object;
