   Compiling jarde-java v0.1.0 (/Users/lordcasser/workspace/projects/jarde/crates/jarde-java)
   Compiling jarde v0.1.0 (/Users/lordcasser/workspace/projects/jarde)
    Finished `test` profile [unoptimized + debuginfo] target(s) in 37.76s
     Running tests/class_source.rs (target/debug/deps/class_source-aff6d5682ece5fcc)

running 16 tests
test a_class_in_a_container_is_prepared_from_the_entry_it_lives_in ... ok
test a_class_that_cannot_be_prepared_keeps_its_presentation ... ok
test a_member_table_that_stops_is_stated_and_not_padded ... ok
test a_member_whose_descriptor_cannot_be_read_is_stated_and_not_run ... ok
test a_member_without_a_body_is_a_declaration_and_never_an_empty_body ... ok
test a_method_table_that_stops_keeps_its_prefix_and_claims_no_more ... ok
test a_name_two_definitions_answer_to_presents_nothing ... ok
test a_request_that_cannot_pay_for_its_declaration_publishes_no_text ... ok
test a_request_that_stops_mid_class_states_the_shortfall ... ok
test a_stopped_member_is_marked_and_does_not_stop_the_class ... ok
test an_explanation_only_member_is_marked_and_its_text_is_kept ... ok
test an_identity_of_another_snapshot_is_an_input_error ... ok
test one_preparation_serves_every_member_body ... ok
test one_real_class_is_presented_with_its_declaration_and_its_bodies ... ok
test the_report_serializes_with_the_text_it_publishes ... ok
test the_same_request_twice_is_the_same_text ... ok

test result: ok. 16 passed; 0 failed; 0 ignored; 0 measured; 0 filtered out; finished in 0.01s

