cargo clippy --test bulk_recovery_delivery --test p1_budget_ledger --all-features --locked -- -A clippy::too_many_arguments -A clippy::cloned_ref_to_slice_refs -A clippy::collapsible_if -A clippy::type_complexity -A clippy::len_zero -A clippy::needless_option_as_deref -A clippy::needless_borrow -A clippy::useless_conversion -A clippy::large_enum_variant -A clippy::question_mark -A clippy::comparison_to_empty -A clippy::op_ref -A clippy::manual_range_patterns -A clippy::if_same_then_else -A clippy::filter_map_bool_then -A clippy::filter_next -A clippy::unneeded_struct_pattern -A clippy::redundant_guards -A clippy::map_identity -A clippy::redundant_slicing -A clippy::unnecessary_get_then_check -A clippy::unnecessary_unwrap -A clippy::redundant_locals -A clippy::replace_box -A clippy::map_clone -A clippy::unnecessary_mut_passed -A clippy::single_element_loop -A clippy::unnecessary_to_owned -A clippy::needless_lifetimes -D warnings
    Checking cfg-if v1.0.4
    Checking libc v0.2.189
    Checking bitflags v2.13.2
    Checking equivalent v1.0.2
    Checking hashbrown v0.17.1
    Checking indexmap v2.14.2
    Checking serde_core v1.0.229
    Checking adler2 v2.0.1
    Checking simd-adler32 v0.3.10
    Checking miniz_oxide v0.9.1
    Checking crc32fast v1.5.2
    Checking arrayvec v0.7.8
    Checking constant_time_eq v0.4.2
    Checking blake3 v1.8.7
    Checking thiserror v2.0.20
    Checking serde v1.0.229
    Checking flate2 v1.1.10
    Checking getrandom v0.3.4
    Checking noak v0.7.0
    Checking rawzip v0.5.1
    Checking foldhash v0.1.5
    Checking hashbrown v0.15.5
    Checking jarde-reader v0.1.0 (/Users/lordcasser/workspace/projects/jarde/crates/jarde-reader)
    Checking rand_core v0.9.5
    Checking errno v0.3.14
    Checking fixedbitset v0.5.7
    Checking petgraph v0.8.3
    Checking rustix v1.1.4
    Checking jarde-query v0.1.0 (/Users/lordcasser/workspace/projects/jarde/crates/jarde-query)
    Checking getrandom v0.4.3
    Checking zerocopy v0.8.57
    Checking fastrand v2.5.0
    Checking once_cell v1.21.4
    Checking tempfile v3.27.0
    Checking ppv-lite86 v0.2.21
    Checking jarde-jvm v0.1.0 (/Users/lordcasser/workspace/projects/jarde/crates/jarde-jvm)
    Checking wait-timeout v0.2.1
    Checking quick-error v1.2.3
    Checking fnv v1.0.7
    Checking bit-vec v0.8.0
    Checking bit-set v0.8.0
    Checking rusty-fork v0.3.1
    Checking num-traits v0.2.19
    Checking jarde-java v0.1.0 (/Users/lordcasser/workspace/projects/jarde/crates/jarde-java)
    Checking rand_chacha v0.9.0
    Checking zmij v1.0.23
    Checking rand v0.9.5
    Checking rand_xorshift v0.4.0
    Checking memchr v2.8.3
    Checking regex-syntax v0.8.11
    Checking unarray v0.1.4
    Checking itoa v1.0.18
    Checking serde_json v1.0.151
    Checking proptest v1.11.0
    Checking jarde v0.1.0 (/Users/lordcasser/workspace/projects/jarde)
    Finished `dev` profile [unoptimized + debuginfo] target(s) in 17.81s
