Classfile /Users/lordcasser/workspace/projects/jarde/openspec/changes/recover-bigdecimal-number-widening/results/number-argument-original-v1/javac8/classes/NumberArgument.class
  Last modified 2026-10-10; size 497 bytes
  MD5 checksum 6c426da5fa26ac7d5169d1609fe1d5da
public class NumberArgument
  minor version: 0
  major version: 52
  flags: ACC_PUBLIC, ACC_SUPER
Constant pool:
   #1 = Methodref          #9.#17         // java/lang/Object."<init>":()V
   #2 = Fieldref           #18.#19        // java/lang/System.out:Ljava/io/PrintStream;
   #3 = Class              #20            // java/math/BigDecimal
   #4 = String             #21            // 2.50
   #5 = Methodref          #3.#22         // java/math/BigDecimal."<init>":(Ljava/lang/String;)V
   #6 = Methodref          #8.#23         // NumberArgument.identity:(Ljava/lang/Number;)Ljava/lang/Number;
   #7 = Methodref          #24.#25        // java/io/PrintStream.println:(Ljava/lang/Object;)V
   #8 = Class              #26            // NumberArgument
   #9 = Class              #27            // java/lang/Object
  #10 = Utf8               <init>
  #11 = Utf8               ()V
  #12 = Utf8               Code
  #13 = Utf8               identity
  #14 = Utf8               (Ljava/lang/Number;)Ljava/lang/Number;
  #15 = Utf8               main
  #16 = Utf8               ([Ljava/lang/String;)V
  #17 = NameAndType        #10:#11        // "<init>":()V
  #18 = Class              #28            // java/lang/System
  #19 = NameAndType        #29:#30        // out:Ljava/io/PrintStream;
  #20 = Utf8               java/math/BigDecimal
  #21 = Utf8               2.50
  #22 = NameAndType        #10:#31        // "<init>":(Ljava/lang/String;)V
  #23 = NameAndType        #13:#14        // identity:(Ljava/lang/Number;)Ljava/lang/Number;
  #24 = Class              #32            // java/io/PrintStream
  #25 = NameAndType        #33:#34        // println:(Ljava/lang/Object;)V
  #26 = Utf8               NumberArgument
  #27 = Utf8               java/lang/Object
  #28 = Utf8               java/lang/System
  #29 = Utf8               out
  #30 = Utf8               Ljava/io/PrintStream;
  #31 = Utf8               (Ljava/lang/String;)V
  #32 = Utf8               java/io/PrintStream
  #33 = Utf8               println
  #34 = Utf8               (Ljava/lang/Object;)V
{
  public NumberArgument();
    descriptor: ()V
    flags: ACC_PUBLIC
    Code:
      stack=1, locals=1, args_size=1
         0: aload_0
         1: invokespecial #1                  // Method java/lang/Object."<init>":()V
         4: return

  public static java.lang.Number identity(java.lang.Number);
    descriptor: (Ljava/lang/Number;)Ljava/lang/Number;
    flags: ACC_PUBLIC, ACC_STATIC
    Code:
      stack=1, locals=1, args_size=1
         0: aload_0
         1: areturn

  public static void main(java.lang.String[]);
    descriptor: ([Ljava/lang/String;)V
    flags: ACC_PUBLIC, ACC_STATIC
    Code:
      stack=4, locals=1, args_size=1
         0: getstatic     #2                  // Field java/lang/System.out:Ljava/io/PrintStream;
         3: new           #3                  // class java/math/BigDecimal
         6: dup
         7: ldc           #4                  // String 2.50
         9: invokespecial #5                  // Method java/math/BigDecimal."<init>":(Ljava/lang/String;)V
        12: invokestatic  #6                  // Method identity:(Ljava/lang/Number;)Ljava/lang/Number;
        15: invokevirtual #7                  // Method java/io/PrintStream.println:(Ljava/lang/Object;)V
        18: return
}
