Classfile /Users/lordcasser/workspace/projects/jarde/openspec/changes/recover-constructor-primitive-conversion-arguments/results/handler-controls-build-v1/javac8/classes/ConstructorPrimitiveHandlerControls.class
  Last modified 2026-10-9; size 576 bytes
  MD5 checksum 42d8198a6a9cf63961e562b2d591cca1
public class ConstructorPrimitiveHandlerControls
  minor version: 0
  major version: 52
  flags: ACC_PUBLIC, ACC_SUPER
Constant pool:
   #1 = Methodref          #11.#21        // java/lang/Object."<init>":()V
   #2 = Fieldref           #22.#23        // java/lang/System.out:Ljava/io/PrintStream;
   #3 = String             #24            // handler:
   #4 = Methodref          #25.#26        // java/io/PrintStream.print:(Ljava/lang/String;)V
   #5 = Methodref          #25.#27        // java/io/PrintStream.println:(I)V
   #6 = Class              #28            // java/lang/Long
   #7 = Methodref          #10.#29        // ConstructorPrimitiveHandlerControls.markInt:(I)I
   #8 = Methodref          #6.#30         // java/lang/Long."<init>":(J)V
   #9 = Class              #31            // java/lang/RuntimeException
  #10 = Class              #32            // ConstructorPrimitiveHandlerControls
  #11 = Class              #33            // java/lang/Object
  #12 = Utf8               <init>
  #13 = Utf8               ()V
  #14 = Utf8               Code
  #15 = Utf8               markInt
  #16 = Utf8               (I)I
  #17 = Utf8               sameHandler
  #18 = Utf8               (I)Ljava/lang/Long;
  #19 = Utf8               StackMapTable
  #20 = Class              #31            // java/lang/RuntimeException
  #21 = NameAndType        #12:#13        // "<init>":()V
  #22 = Class              #34            // java/lang/System
  #23 = NameAndType        #35:#36        // out:Ljava/io/PrintStream;
  #24 = Utf8               handler:
  #25 = Class              #37            // java/io/PrintStream
  #26 = NameAndType        #38:#39        // print:(Ljava/lang/String;)V
  #27 = NameAndType        #40:#41        // println:(I)V
  #28 = Utf8               java/lang/Long
  #29 = NameAndType        #15:#16        // markInt:(I)I
  #30 = NameAndType        #12:#42        // "<init>":(J)V
  #31 = Utf8               java/lang/RuntimeException
  #32 = Utf8               ConstructorPrimitiveHandlerControls
  #33 = Utf8               java/lang/Object
  #34 = Utf8               java/lang/System
  #35 = Utf8               out
  #36 = Utf8               Ljava/io/PrintStream;
  #37 = Utf8               java/io/PrintStream
  #38 = Utf8               print
  #39 = Utf8               (Ljava/lang/String;)V
  #40 = Utf8               println
  #41 = Utf8               (I)V
  #42 = Utf8               (J)V
{
  public ConstructorPrimitiveHandlerControls();
    descriptor: ()V
    flags: ACC_PUBLIC
    Code:
      stack=1, locals=1, args_size=1
         0: aload_0
         1: invokespecial #1                  // Method java/lang/Object."<init>":()V
         4: return

  static int markInt(int);
    descriptor: (I)I
    flags: ACC_STATIC
    Code:
      stack=2, locals=1, args_size=1
         0: getstatic     #2                  // Field java/lang/System.out:Ljava/io/PrintStream;
         3: ldc           #3                  // String handler:
         5: invokevirtual #4                  // Method java/io/PrintStream.print:(Ljava/lang/String;)V
         8: getstatic     #2                  // Field java/lang/System.out:Ljava/io/PrintStream;
        11: iload_0
        12: invokevirtual #5                  // Method java/io/PrintStream.println:(I)V
        15: iload_0
        16: ireturn

  static java.lang.Long sameHandler(int);
    descriptor: (I)Ljava/lang/Long;
    flags: ACC_STATIC
    Code:
      stack=4, locals=2, args_size=1
         0: new           #6                  // class java/lang/Long
         3: dup
         4: iload_0
         5: invokestatic  #7                  // Method markInt:(I)I
         8: i2l
         9: invokespecial #8                  // Method java/lang/Long."<init>":(J)V
        12: areturn
        13: astore_1
        14: aconst_null
        15: areturn
      Exception table:
         from    to  target type
             0    12    13   Class java/lang/RuntimeException
      StackMapTable: number_of_entries = 1
        frame_type = 77 /* same_locals_1_stack_item */
          stack = [ class java/lang/RuntimeException ]
}
