Classfile /Users/lordcasser/workspace/projects/jarde/openspec/changes/recover-constructor-primitive-conversion-arguments/results/handler-controls-build-v1/javac23/classes/ConstructorPrimitiveHandlerControls.class
  Last modified 2026年10月9日; size 573 bytes
  SHA-256 checksum ce91ca14f36a81d3ab3121e63ba345b55a8d40f2cb793e92e83cb3bc65936338
public class ConstructorPrimitiveHandlerControls
  minor version: 0
  major version: 52
  flags: (0x0021) ACC_PUBLIC, ACC_SUPER
  this_class: #28                         // ConstructorPrimitiveHandlerControls
  super_class: #2                         // java/lang/Object
  interfaces: 0, fields: 0, methods: 3, attributes: 0
Constant pool:
   #1 = Methodref          #2.#3          // java/lang/Object."<init>":()V
   #2 = Class              #4             // java/lang/Object
   #3 = NameAndType        #5:#6          // "<init>":()V
   #4 = Utf8               java/lang/Object
   #5 = Utf8               <init>
   #6 = Utf8               ()V
   #7 = Fieldref           #8.#9          // java/lang/System.out:Ljava/io/PrintStream;
   #8 = Class              #10            // java/lang/System
   #9 = NameAndType        #11:#12        // out:Ljava/io/PrintStream;
  #10 = Utf8               java/lang/System
  #11 = Utf8               out
  #12 = Utf8               Ljava/io/PrintStream;
  #13 = String             #14            // handler:
  #14 = Utf8               handler:
  #15 = Methodref          #16.#17        // java/io/PrintStream.print:(Ljava/lang/String;)V
  #16 = Class              #18            // java/io/PrintStream
  #17 = NameAndType        #19:#20        // print:(Ljava/lang/String;)V
  #18 = Utf8               java/io/PrintStream
  #19 = Utf8               print
  #20 = Utf8               (Ljava/lang/String;)V
  #21 = Methodref          #16.#22        // java/io/PrintStream.println:(I)V
  #22 = NameAndType        #23:#24        // println:(I)V
  #23 = Utf8               println
  #24 = Utf8               (I)V
  #25 = Class              #26            // java/lang/Long
  #26 = Utf8               java/lang/Long
  #27 = Methodref          #28.#29        // ConstructorPrimitiveHandlerControls.markInt:(I)I
  #28 = Class              #30            // ConstructorPrimitiveHandlerControls
  #29 = NameAndType        #31:#32        // markInt:(I)I
  #30 = Utf8               ConstructorPrimitiveHandlerControls
  #31 = Utf8               markInt
  #32 = Utf8               (I)I
  #33 = Methodref          #25.#34        // java/lang/Long."<init>":(J)V
  #34 = NameAndType        #5:#35         // "<init>":(J)V
  #35 = Utf8               (J)V
  #36 = Class              #37            // java/lang/RuntimeException
  #37 = Utf8               java/lang/RuntimeException
  #38 = Utf8               Code
  #39 = Utf8               sameHandler
  #40 = Utf8               (I)Ljava/lang/Long;
  #41 = Utf8               StackMapTable
{
  public ConstructorPrimitiveHandlerControls();
    descriptor: ()V
    flags: (0x0001) ACC_PUBLIC
    Code:
      stack=1, locals=1, args_size=1
         0: aload_0
         1: invokespecial #1                  // Method java/lang/Object."<init>":()V
         4: return

  static int markInt(int);
    descriptor: (I)I
    flags: (0x0008) ACC_STATIC
    Code:
      stack=2, locals=1, args_size=1
         0: getstatic     #7                  // Field java/lang/System.out:Ljava/io/PrintStream;
         3: ldc           #13                 // String handler:
         5: invokevirtual #15                 // Method java/io/PrintStream.print:(Ljava/lang/String;)V
         8: getstatic     #7                  // Field java/lang/System.out:Ljava/io/PrintStream;
        11: iload_0
        12: invokevirtual #21                 // Method java/io/PrintStream.println:(I)V
        15: iload_0
        16: ireturn

  static java.lang.Long sameHandler(int);
    descriptor: (I)Ljava/lang/Long;
    flags: (0x0008) ACC_STATIC
    Code:
      stack=4, locals=2, args_size=1
         0: new           #25                 // class java/lang/Long
         3: dup
         4: iload_0
         5: invokestatic  #27                 // Method markInt:(I)I
         8: i2l
         9: invokespecial #33                 // Method java/lang/Long."<init>":(J)V
        12: areturn
        13: astore_1
        14: aconst_null
        15: areturn
      Exception table:
         from    to  target type
             0    12    13   Class java/lang/RuntimeException
      StackMapTable: number_of_entries = 1
        frame_type = 77 /* same_locals_1_stack_item */
          stack = [ class java/lang/RuntimeException ]
}
