Classfile /Users/lordcasser/workspace/projects/jarde/openspec/evidence/java-syntax-2026-10-10/primitive-array-branches/baseline-root-v1/cases/javac8-original/classes/PrimitiveArrayBranchesRunner.class
  Last modified 2026-10-10; size 2381 bytes
  MD5 checksum 4e1c8938b207f2c6e7696df9cdc78444
public class PrimitiveArrayBranchesRunner
  minor version: 0
  major version: 52
  flags: ACC_PUBLIC, ACC_SUPER
Constant pool:
    #1 = Methodref          #51.#68       // java/lang/Object."<init>":()V
    #2 = Class              #69           // java/lang/AssertionError
    #3 = Methodref          #2.#70        // java/lang/AssertionError."<init>":(Ljava/lang/Object;)V
    #4 = Methodref          #71.#72       // PrimitiveArrayBranches.choose:(I)Ljava/lang/Object;
    #5 = Class              #73           // java/lang/StringBuilder
    #6 = Methodref          #5.#68        // java/lang/StringBuilder."<init>":()V
    #7 = String             #74           // type
    #8 = Methodref          #5.#75        // java/lang/StringBuilder.append:(Ljava/lang/String;)Ljava/lang/StringBuilder;
    #9 = Methodref          #5.#76        // java/lang/StringBuilder.append:(I)Ljava/lang/StringBuilder;
   #10 = String             #77           //  returned null
   #11 = Methodref          #5.#78        // java/lang/StringBuilder.toString:()Ljava/lang/String;
   #12 = Methodref          #50.#79       // PrimitiveArrayBranchesRunner.require:(ZLjava/lang/String;)V
   #13 = Methodref          #51.#80       // java/lang/Object.getClass:()Ljava/lang/Class;
   #14 = String             #81           //  returned
   #15 = Methodref          #82.#83       // java/lang/Class.getName:()Ljava/lang/String;
   #16 = Class              #84           // "[I"
   #17 = Methodref          #85.#86       // java/util/Arrays.equals:([I[I)Z
   #18 = String             #87           // int values
   #19 = Class              #88           // "[F"
   #20 = Methodref          #85.#89       // java/util/Arrays.equals:([F[F)Z
   #21 = String             #90           // float values
   #22 = Class              #91           // "[S"
   #23 = Methodref          #85.#92       // java/util/Arrays.equals:([S[S)Z
   #24 = String             #93           // short values
   #25 = Class              #94           // "[B"
   #26 = Methodref          #85.#95       // java/util/Arrays.equals:([B[B)Z
   #27 = String             #96           // byte values
   #28 = String             #97           // unexpected primitive branch:
   #29 = Methodref          #85.#98       // java/util/Arrays.toString:([I)Ljava/lang/String;
   #30 = Methodref          #85.#99       // java/util/Arrays.toString:([F)Ljava/lang/String;
   #31 = Methodref          #85.#100      // java/util/Arrays.toString:([S)Ljava/lang/String;
   #32 = Methodref          #85.#101      // java/util/Arrays.toString:([B)Ljava/lang/String;
   #33 = Methodref          #102.#103     // java/lang/String.equals:(Ljava/lang/Object;)Z
   #34 = String             #104          //  rendered
   #35 = Fieldref           #105.#106     // java/lang/System.out:Ljava/io/PrintStream;
   #36 = String             #107          // type=
   #37 = String             #108          // ;class=
   #38 = String             #109          // ;values=
   #39 = Methodref          #110.#111     // java/io/PrintStream.println:(Ljava/lang/String;)V
   #40 = String             #112          //  expected null, got
   #41 = Methodref          #5.#113       // java/lang/StringBuilder.append:(Ljava/lang/Object;)Ljava/lang/StringBuilder;
   #42 = String             #114          // ;null
   #43 = String             #115          // [1, 2]
   #44 = Methodref          #50.#116      // PrimitiveArrayBranchesRunner.checkArray:(ILjava/lang/Class;Ljava/lang/String;)V
   #45 = String             #117          // [1.0, 2.0]
   #46 = Methodref          #50.#118      // PrimitiveArrayBranchesRunner.checkNull:(I)V
   #47 = Class              #119          // java/lang/Integer
   #48 = Integer            -2147483648
   #49 = Integer            2147483647
   #50 = Class              #120          // PrimitiveArrayBranchesRunner
   #51 = Class              #121          // java/lang/Object
   #52 = Utf8               <init>
   #53 = Utf8               ()V
   #54 = Utf8               Code
   #55 = Utf8               require
   #56 = Utf8               (ZLjava/lang/String;)V
   #57 = Utf8               StackMapTable
   #58 = Utf8               checkArray
   #59 = Utf8               (ILjava/lang/Class;Ljava/lang/String;)V
   #60 = Class              #121          // java/lang/Object
   #61 = Class              #122          // java/lang/String
   #62 = Utf8               Signature
   #63 = Utf8               (ILjava/lang/Class<*>;Ljava/lang/String;)V
   #64 = Utf8               checkNull
   #65 = Utf8               (I)V
   #66 = Utf8               main
   #67 = Utf8               ([Ljava/lang/String;)V
   #68 = NameAndType        #52:#53       // "<init>":()V
   #69 = Utf8               java/lang/AssertionError
   #70 = NameAndType        #52:#123      // "<init>":(Ljava/lang/Object;)V
   #71 = Class              #124          // PrimitiveArrayBranches
   #72 = NameAndType        #125:#126     // choose:(I)Ljava/lang/Object;
   #73 = Utf8               java/lang/StringBuilder
   #74 = Utf8               type
   #75 = NameAndType        #127:#128     // append:(Ljava/lang/String;)Ljava/lang/StringBuilder;
   #76 = NameAndType        #127:#129     // append:(I)Ljava/lang/StringBuilder;
   #77 = Utf8                returned null
   #78 = NameAndType        #130:#131     // toString:()Ljava/lang/String;
   #79 = NameAndType        #55:#56       // require:(ZLjava/lang/String;)V
   #80 = NameAndType        #132:#133     // getClass:()Ljava/lang/Class;
   #81 = Utf8                returned
   #82 = Class              #134          // java/lang/Class
   #83 = NameAndType        #135:#131     // getName:()Ljava/lang/String;
   #84 = Utf8               [I
   #85 = Class              #136          // java/util/Arrays
   #86 = NameAndType        #137:#138     // equals:([I[I)Z
   #87 = Utf8               int values
   #88 = Utf8               [F
   #89 = NameAndType        #137:#139     // equals:([F[F)Z
   #90 = Utf8               float values
   #91 = Utf8               [S
   #92 = NameAndType        #137:#140     // equals:([S[S)Z
   #93 = Utf8               short values
   #94 = Utf8               [B
   #95 = NameAndType        #137:#141     // equals:([B[B)Z
   #96 = Utf8               byte values
   #97 = Utf8               unexpected primitive branch:
   #98 = NameAndType        #130:#142     // toString:([I)Ljava/lang/String;
   #99 = NameAndType        #130:#143     // toString:([F)Ljava/lang/String;
  #100 = NameAndType        #130:#144     // toString:([S)Ljava/lang/String;
  #101 = NameAndType        #130:#145     // toString:([B)Ljava/lang/String;
  #102 = Class              #122          // java/lang/String
  #103 = NameAndType        #137:#146     // equals:(Ljava/lang/Object;)Z
  #104 = Utf8                rendered
  #105 = Class              #147          // java/lang/System
  #106 = NameAndType        #148:#149     // out:Ljava/io/PrintStream;
  #107 = Utf8               type=
  #108 = Utf8               ;class=
  #109 = Utf8               ;values=
  #110 = Class              #150          // java/io/PrintStream
  #111 = NameAndType        #151:#152     // println:(Ljava/lang/String;)V
  #112 = Utf8                expected null, got
  #113 = NameAndType        #127:#153     // append:(Ljava/lang/Object;)Ljava/lang/StringBuilder;
  #114 = Utf8               ;null
  #115 = Utf8               [1, 2]
  #116 = NameAndType        #58:#59       // checkArray:(ILjava/lang/Class;Ljava/lang/String;)V
  #117 = Utf8               [1.0, 2.0]
  #118 = NameAndType        #64:#65       // checkNull:(I)V
  #119 = Utf8               java/lang/Integer
  #120 = Utf8               PrimitiveArrayBranchesRunner
  #121 = Utf8               java/lang/Object
  #122 = Utf8               java/lang/String
  #123 = Utf8               (Ljava/lang/Object;)V
  #124 = Utf8               PrimitiveArrayBranches
  #125 = Utf8               choose
  #126 = Utf8               (I)Ljava/lang/Object;
  #127 = Utf8               append
  #128 = Utf8               (Ljava/lang/String;)Ljava/lang/StringBuilder;
  #129 = Utf8               (I)Ljava/lang/StringBuilder;
  #130 = Utf8               toString
  #131 = Utf8               ()Ljava/lang/String;
  #132 = Utf8               getClass
  #133 = Utf8               ()Ljava/lang/Class;
  #134 = Utf8               java/lang/Class
  #135 = Utf8               getName
  #136 = Utf8               java/util/Arrays
  #137 = Utf8               equals
  #138 = Utf8               ([I[I)Z
  #139 = Utf8               ([F[F)Z
  #140 = Utf8               ([S[S)Z
  #141 = Utf8               ([B[B)Z
  #142 = Utf8               ([I)Ljava/lang/String;
  #143 = Utf8               ([F)Ljava/lang/String;
  #144 = Utf8               ([S)Ljava/lang/String;
  #145 = Utf8               ([B)Ljava/lang/String;
  #146 = Utf8               (Ljava/lang/Object;)Z
  #147 = Utf8               java/lang/System
  #148 = Utf8               out
  #149 = Utf8               Ljava/io/PrintStream;
  #150 = Utf8               java/io/PrintStream
  #151 = Utf8               println
  #152 = Utf8               (Ljava/lang/String;)V
  #153 = Utf8               (Ljava/lang/Object;)Ljava/lang/StringBuilder;
{
  public PrimitiveArrayBranchesRunner();
    descriptor: ()V
    flags: ACC_PUBLIC
    Code:
      stack=1, locals=1, args_size=1
         0: aload_0
         1: invokespecial #1                  // Method java/lang/Object."<init>":()V
         4: return

  private static void require(boolean, java.lang.String);
    descriptor: (ZLjava/lang/String;)V
    flags: ACC_PRIVATE, ACC_STATIC
    Code:
      stack=3, locals=2, args_size=2
         0: iload_0
         1: ifne          13
         4: new           #2                  // class java/lang/AssertionError
         7: dup
         8: aload_1
         9: invokespecial #3                  // Method java/lang/AssertionError."<init>":(Ljava/lang/Object;)V
        12: athrow
        13: return
      StackMapTable: number_of_entries = 1
        frame_type = 13 /* same */

  private static void checkArray(int, java.lang.Class<?>, java.lang.String);
    descriptor: (ILjava/lang/Class;Ljava/lang/String;)V
    flags: ACC_PRIVATE, ACC_STATIC
    Code:
      stack=5, locals=5, args_size=3
         0: iload_0
         1: invokestatic  #4                  // Method PrimitiveArrayBranches.choose:(I)Ljava/lang/Object;
         4: astore_3
         5: aload_3
         6: ifnull        13
         9: iconst_1
        10: goto          14
        13: iconst_0
        14: new           #5                  // class java/lang/StringBuilder
        17: dup
        18: invokespecial #6                  // Method java/lang/StringBuilder."<init>":()V
        21: ldc           #7                  // String type
        23: invokevirtual #8                  // Method java/lang/StringBuilder.append:(Ljava/lang/String;)Ljava/lang/StringBuilder;
        26: iload_0
        27: invokevirtual #9                  // Method java/lang/StringBuilder.append:(I)Ljava/lang/StringBuilder;
        30: ldc           #10                 // String  returned null
        32: invokevirtual #8                  // Method java/lang/StringBuilder.append:(Ljava/lang/String;)Ljava/lang/StringBuilder;
        35: invokevirtual #11                 // Method java/lang/StringBuilder.toString:()Ljava/lang/String;
        38: invokestatic  #12                 // Method require:(ZLjava/lang/String;)V
        41: aload_3
        42: invokevirtual #13                 // Method java/lang/Object.getClass:()Ljava/lang/Class;
        45: aload_1
        46: if_acmpne     53
        49: iconst_1
        50: goto          54
        53: iconst_0
        54: new           #5                  // class java/lang/StringBuilder
        57: dup
        58: invokespecial #6                  // Method java/lang/StringBuilder."<init>":()V
        61: ldc           #7                  // String type
        63: invokevirtual #8                  // Method java/lang/StringBuilder.append:(Ljava/lang/String;)Ljava/lang/StringBuilder;
        66: iload_0
        67: invokevirtual #9                  // Method java/lang/StringBuilder.append:(I)Ljava/lang/StringBuilder;
        70: ldc           #14                 // String  returned
        72: invokevirtual #8                  // Method java/lang/StringBuilder.append:(Ljava/lang/String;)Ljava/lang/StringBuilder;
        75: aload_3
        76: invokevirtual #13                 // Method java/lang/Object.getClass:()Ljava/lang/Class;
        79: invokevirtual #15                 // Method java/lang/Class.getName:()Ljava/lang/String;
        82: invokevirtual #8                  // Method java/lang/StringBuilder.append:(Ljava/lang/String;)Ljava/lang/StringBuilder;
        85: invokevirtual #11                 // Method java/lang/StringBuilder.toString:()Ljava/lang/String;
        88: invokestatic  #12                 // Method require:(ZLjava/lang/String;)V
        91: iload_0
        92: tableswitch   { // 1 to 4
                       1: 124
                       2: 153
                       3: 182
                       4: 211
                 default: 240
            }
       124: aload_3
       125: checkcast     #16                 // class "[I"
       128: checkcast     #16                 // class "[I"
       131: iconst_2
       132: newarray       int
       134: dup
       135: iconst_0
       136: iconst_1
       137: iastore
       138: dup
       139: iconst_1
       140: iconst_2
       141: iastore
       142: invokestatic  #17                 // Method java/util/Arrays.equals:([I[I)Z
       145: ldc           #18                 // String int values
       147: invokestatic  #12                 // Method require:(ZLjava/lang/String;)V
       150: goto          267
       153: aload_3
       154: checkcast     #19                 // class "[F"
       157: checkcast     #19                 // class "[F"
       160: iconst_2
       161: newarray       float
       163: dup
       164: iconst_0
       165: fconst_1
       166: fastore
       167: dup
       168: iconst_1
       169: fconst_2
       170: fastore
       171: invokestatic  #20                 // Method java/util/Arrays.equals:([F[F)Z
       174: ldc           #21                 // String float values
       176: invokestatic  #12                 // Method require:(ZLjava/lang/String;)V
       179: goto          267
       182: aload_3
       183: checkcast     #22                 // class "[S"
       186: checkcast     #22                 // class "[S"
       189: iconst_2
       190: newarray       short
       192: dup
       193: iconst_0
       194: iconst_1
       195: sastore
       196: dup
       197: iconst_1
       198: iconst_2
       199: sastore
       200: invokestatic  #23                 // Method java/util/Arrays.equals:([S[S)Z
       203: ldc           #24                 // String short values
       205: invokestatic  #12                 // Method require:(ZLjava/lang/String;)V
       208: goto          267
       211: aload_3
       212: checkcast     #25                 // class "[B"
       215: checkcast     #25                 // class "[B"
       218: iconst_2
       219: newarray       byte
       221: dup
       222: iconst_0
       223: iconst_1
       224: bastore
       225: dup
       226: iconst_1
       227: iconst_2
       228: bastore
       229: invokestatic  #26                 // Method java/util/Arrays.equals:([B[B)Z
       232: ldc           #27                 // String byte values
       234: invokestatic  #12                 // Method require:(ZLjava/lang/String;)V
       237: goto          267
       240: new           #2                  // class java/lang/AssertionError
       243: dup
       244: new           #5                  // class java/lang/StringBuilder
       247: dup
       248: invokespecial #6                  // Method java/lang/StringBuilder."<init>":()V
       251: ldc           #28                 // String unexpected primitive branch:
       253: invokevirtual #8                  // Method java/lang/StringBuilder.append:(Ljava/lang/String;)Ljava/lang/StringBuilder;
       256: iload_0
       257: invokevirtual #9                  // Method java/lang/StringBuilder.append:(I)Ljava/lang/StringBuilder;
       260: invokevirtual #11                 // Method java/lang/StringBuilder.toString:()Ljava/lang/String;
       263: invokespecial #3                  // Method java/lang/AssertionError."<init>":(Ljava/lang/Object;)V
       266: athrow
       267: aload_3
       268: instanceof    #16                 // class "[I"
       271: ifeq          289
       274: aload_3
       275: checkcast     #16                 // class "[I"
       278: checkcast     #16                 // class "[I"
       281: invokestatic  #29                 // Method java/util/Arrays.toString:([I)Ljava/lang/String;
       284: astore        4
       286: goto          345
       289: aload_3
       290: instanceof    #19                 // class "[F"
       293: ifeq          311
       296: aload_3
       297: checkcast     #19                 // class "[F"
       300: checkcast     #19                 // class "[F"
       303: invokestatic  #30                 // Method java/util/Arrays.toString:([F)Ljava/lang/String;
       306: astore        4
       308: goto          345
       311: aload_3
       312: instanceof    #22                 // class "[S"
       315: ifeq          333
       318: aload_3
       319: checkcast     #22                 // class "[S"
       322: checkcast     #22                 // class "[S"
       325: invokestatic  #31                 // Method java/util/Arrays.toString:([S)Ljava/lang/String;
       328: astore        4
       330: goto          345
       333: aload_3
       334: checkcast     #25                 // class "[B"
       337: checkcast     #25                 // class "[B"
       340: invokestatic  #32                 // Method java/util/Arrays.toString:([B)Ljava/lang/String;
       343: astore        4
       345: aload_2
       346: aload         4
       348: invokevirtual #33                 // Method java/lang/String.equals:(Ljava/lang/Object;)Z
       351: new           #5                  // class java/lang/StringBuilder
       354: dup
       355: invokespecial #6                  // Method java/lang/StringBuilder."<init>":()V
       358: ldc           #7                  // String type
       360: invokevirtual #8                  // Method java/lang/StringBuilder.append:(Ljava/lang/String;)Ljava/lang/StringBuilder;
       363: iload_0
       364: invokevirtual #9                  // Method java/lang/StringBuilder.append:(I)Ljava/lang/StringBuilder;
       367: ldc           #34                 // String  rendered
       369: invokevirtual #8                  // Method java/lang/StringBuilder.append:(Ljava/lang/String;)Ljava/lang/StringBuilder;
       372: aload         4
       374: invokevirtual #8                  // Method java/lang/StringBuilder.append:(Ljava/lang/String;)Ljava/lang/StringBuilder;
       377: invokevirtual #11                 // Method java/lang/StringBuilder.toString:()Ljava/lang/String;
       380: invokestatic  #12                 // Method require:(ZLjava/lang/String;)V
       383: getstatic     #35                 // Field java/lang/System.out:Ljava/io/PrintStream;
       386: new           #5                  // class java/lang/StringBuilder
       389: dup
       390: invokespecial #6                  // Method java/lang/StringBuilder."<init>":()V
       393: ldc           #36                 // String type=
       395: invokevirtual #8                  // Method java/lang/StringBuilder.append:(Ljava/lang/String;)Ljava/lang/StringBuilder;
       398: iload_0
       399: invokevirtual #9                  // Method java/lang/StringBuilder.append:(I)Ljava/lang/StringBuilder;
       402: ldc           #37                 // String ;class=
       404: invokevirtual #8                  // Method java/lang/StringBuilder.append:(Ljava/lang/String;)Ljava/lang/StringBuilder;
       407: aload_3
       408: invokevirtual #13                 // Method java/lang/Object.getClass:()Ljava/lang/Class;
       411: invokevirtual #15                 // Method java/lang/Class.getName:()Ljava/lang/String;
       414: invokevirtual #8                  // Method java/lang/StringBuilder.append:(Ljava/lang/String;)Ljava/lang/StringBuilder;
       417: ldc           #38                 // String ;values=
       419: invokevirtual #8                  // Method java/lang/StringBuilder.append:(Ljava/lang/String;)Ljava/lang/StringBuilder;
       422: aload         4
       424: invokevirtual #8                  // Method java/lang/StringBuilder.append:(Ljava/lang/String;)Ljava/lang/StringBuilder;
       427: invokevirtual #11                 // Method java/lang/StringBuilder.toString:()Ljava/lang/String;
       430: invokevirtual #39                 // Method java/io/PrintStream.println:(Ljava/lang/String;)V
       433: return
      StackMapTable: number_of_entries = 14
        frame_type = 252 /* append */
          offset_delta = 13
          locals = [ class java/lang/Object ]
        frame_type = 64 /* same_locals_1_stack_item */
          stack = [ int ]
        frame_type = 38 /* same */
        frame_type = 64 /* same_locals_1_stack_item */
          stack = [ int ]
        frame_type = 251 /* same_frame_extended */
          offset_delta = 69
        frame_type = 28 /* same */
        frame_type = 28 /* same */
        frame_type = 28 /* same */
        frame_type = 28 /* same */
        frame_type = 26 /* same */
        frame_type = 21 /* same */
        frame_type = 21 /* same */
        frame_type = 21 /* same */
        frame_type = 252 /* append */
          offset_delta = 11
          locals = [ class java/lang/String ]
    Signature: #63                          // (ILjava/lang/Class<*>;Ljava/lang/String;)V

  private static void checkNull(int);
    descriptor: (I)V
    flags: ACC_PRIVATE, ACC_STATIC
    Code:
      stack=3, locals=2, args_size=1
         0: iload_0
         1: invokestatic  #4                  // Method PrimitiveArrayBranches.choose:(I)Ljava/lang/Object;
         4: astore_1
         5: aload_1
         6: ifnonnull     13
         9: iconst_1
        10: goto          14
        13: iconst_0
        14: new           #5                  // class java/lang/StringBuilder
        17: dup
        18: invokespecial #6                  // Method java/lang/StringBuilder."<init>":()V
        21: ldc           #7                  // String type
        23: invokevirtual #8                  // Method java/lang/StringBuilder.append:(Ljava/lang/String;)Ljava/lang/StringBuilder;
        26: iload_0
        27: invokevirtual #9                  // Method java/lang/StringBuilder.append:(I)Ljava/lang/StringBuilder;
        30: ldc           #40                 // String  expected null, got
        32: invokevirtual #8                  // Method java/lang/StringBuilder.append:(Ljava/lang/String;)Ljava/lang/StringBuilder;
        35: aload_1
        36: invokevirtual #41                 // Method java/lang/StringBuilder.append:(Ljava/lang/Object;)Ljava/lang/StringBuilder;
        39: invokevirtual #11                 // Method java/lang/StringBuilder.toString:()Ljava/lang/String;
        42: invokestatic  #12                 // Method require:(ZLjava/lang/String;)V
        45: getstatic     #35                 // Field java/lang/System.out:Ljava/io/PrintStream;
        48: new           #5                  // class java/lang/StringBuilder
        51: dup
        52: invokespecial #6                  // Method java/lang/StringBuilder."<init>":()V
        55: ldc           #36                 // String type=
        57: invokevirtual #8                  // Method java/lang/StringBuilder.append:(Ljava/lang/String;)Ljava/lang/StringBuilder;
        60: iload_0
        61: invokevirtual #9                  // Method java/lang/StringBuilder.append:(I)Ljava/lang/StringBuilder;
        64: ldc           #42                 // String ;null
        66: invokevirtual #8                  // Method java/lang/StringBuilder.append:(Ljava/lang/String;)Ljava/lang/StringBuilder;
        69: invokevirtual #11                 // Method java/lang/StringBuilder.toString:()Ljava/lang/String;
        72: invokevirtual #39                 // Method java/io/PrintStream.println:(Ljava/lang/String;)V
        75: return
      StackMapTable: number_of_entries = 2
        frame_type = 252 /* append */
          offset_delta = 13
          locals = [ class java/lang/Object ]
        frame_type = 64 /* same_locals_1_stack_item */
          stack = [ int ]

  public static void main(java.lang.String[]);
    descriptor: ([Ljava/lang/String;)V
    flags: ACC_PUBLIC, ACC_STATIC
    Code:
      stack=3, locals=1, args_size=1
         0: iconst_1
         1: ldc           #16                 // class "[I"
         3: ldc           #43                 // String [1, 2]
         5: invokestatic  #44                 // Method checkArray:(ILjava/lang/Class;Ljava/lang/String;)V
         8: iconst_2
         9: ldc           #19                 // class "[F"
        11: ldc           #45                 // String [1.0, 2.0]
        13: invokestatic  #44                 // Method checkArray:(ILjava/lang/Class;Ljava/lang/String;)V
        16: iconst_3
        17: ldc           #22                 // class "[S"
        19: ldc           #43                 // String [1, 2]
        21: invokestatic  #44                 // Method checkArray:(ILjava/lang/Class;Ljava/lang/String;)V
        24: iconst_4
        25: ldc           #25                 // class "[B"
        27: ldc           #43                 // String [1, 2]
        29: invokestatic  #44                 // Method checkArray:(ILjava/lang/Class;Ljava/lang/String;)V
        32: iconst_0
        33: invokestatic  #46                 // Method checkNull:(I)V
        36: iconst_5
        37: invokestatic  #46                 // Method checkNull:(I)V
        40: iconst_m1
        41: invokestatic  #46                 // Method checkNull:(I)V
        44: ldc           #48                 // int -2147483648
        46: invokestatic  #46                 // Method checkNull:(I)V
        49: ldc           #49                 // int 2147483647
        51: invokestatic  #46                 // Method checkNull:(I)V
        54: return
}
