Classfile jar:file:///Users/lordcasser/workspace/projects/jarde/openspec/changes/recover-same-class-generic-call-consumers/results/candidate/field18-msrv-final/complete-run/permanent-original-inputs/javac23/ListWrong/ListWrong.jar!/ListWrong.class
  Last modified 2026年10月9日; size 370 bytes
  SHA-256 checksum 83b6c5f5db06cead06e43b2370b99bdd753d8b6c062f028c6c4e3eb6c38905e1
public class ListWrong<T extends java.lang.Object> extends java.lang.Object
  minor version: 0
  major version: 52
  flags: (0x0021) ACC_PUBLIC, ACC_SUPER
  this_class: #8                          // ListWrong
  super_class: #2                         // java/lang/Object
  interfaces: 0, fields: 1, methods: 2, attributes: 1
Constant pool:
   #1 = Methodref          #2.#3          // java/lang/Object."<init>":()V
   #2 = Class              #4             // java/lang/Object
   #3 = NameAndType        #5:#6          // "<init>":()V
   #4 = Utf8               java/lang/Object
   #5 = Utf8               <init>
   #6 = Utf8               ()V
   #7 = Fieldref           #8.#9          // ListWrong.v:Ljava/util/List;
   #8 = Class              #10            // ListWrong
   #9 = NameAndType        #11:#12        // v:Ljava/util/List;
  #10 = Utf8               ListWrong
  #11 = Utf8               v
  #12 = Utf8               Ljava/util/List;
  #13 = Utf8               Signature
  #14 = Utf8               Ljava/util/List<TT;>;
  #15 = Utf8               Code
  #16 = Utf8               put
  #17 = Utf8               (Ljava/util/List;)V
  #18 = Utf8               (Ljava/util/List<Ljava/lang/String;>;)V
  #19 = Utf8               <T:Ljava/lang/Object;>Ljava/lang/Object;
{
  public java.util.List<T> v;
    descriptor: Ljava/util/List;
    flags: (0x0001) ACC_PUBLIC
    Signature: #14                          // Ljava/util/List<TT;>;

  public ListWrong();
    descriptor: ()V
    flags: (0x0001) ACC_PUBLIC
    Code:
      stack=1, locals=1, args_size=1
         0: aload_0
         1: invokespecial #1                  // Method java/lang/Object."<init>":()V
         4: return

  public void put(java.util.List<java.lang.String>);
    descriptor: (Ljava/util/List;)V
    flags: (0x0001) ACC_PUBLIC
    Code:
      stack=2, locals=2, args_size=2
         0: aload_0
         1: aload_1
         2: putfield      #7                  // Field v:Ljava/util/List;
         5: return
    Signature: #18                          // (Ljava/util/List<Ljava/lang/String;>;)V
}
Signature: #19                          // <T:Ljava/lang/Object;>Ljava/lang/Object;
