Classfile jar:file:///Users/lordcasser/workspace/projects/jarde/openspec/evidence/same-class-generic-call-consumers-2026-10-09/frozen-inputs-v1/openjdk23/nodebug/IncompleteSite/IncompleteSite.jar!/IncompleteSite.class
  Last modified 2026年10月9日; size 434 bytes
  SHA-256 checksum 257110d510ffb4acf4e43148e80cab502f540a86e0d4ad9af57f91788a3243cb
public class IncompleteSite<T extends java.lang.Object> extends java.lang.Object
  minor version: 0
  major version: 52
  flags: (0x0021) ACC_PUBLIC, ACC_SUPER
  this_class: #8                          // IncompleteSite
  super_class: #2                         // java/lang/Object
  interfaces: 0, fields: 0, methods: 3, attributes: 1
Constant pool:
   #1 = Methodref          #2.#3          // java/lang/Object."<init>":()V
   #2 = Class              #4             // java/lang/Object
   #3 = NameAndType        #5:#6          // "<init>":()V
   #4 = Utf8               java/lang/Object
   #5 = Utf8               <init>
   #6 = Utf8               ()V
   #7 = Methodref          #8.#9          // IncompleteSite.identity:(Ljava/lang/Object;)Ljava/lang/Object;
   #8 = Class              #10            // IncompleteSite
   #9 = NameAndType        #11:#12        // identity:(Ljava/lang/Object;)Ljava/lang/Object;
  #10 = Utf8               IncompleteSite
  #11 = Utf8               identity
  #12 = Utf8               (Ljava/lang/Object;)Ljava/lang/Object;
  #13 = Utf8               Code
  #14 = Utf8               Signature
  #15 = Utf8               (TT;)TT;
  #16 = Utf8               relay
  #17 = Utf8               (Ljava/lang/Object;Z)Ljava/lang/Object;
  #18 = Utf8               StackMapTable
  #19 = Utf8               (TT;Z)TT;
  #20 = Utf8               <T:Ljava/lang/Object;>Ljava/lang/Object;
{
  public IncompleteSite();
    descriptor: ()V
    flags: (0x0001) ACC_PUBLIC
    Code:
      stack=1, locals=1, args_size=1
         0: aload_0
         1: invokespecial #1                  // Method java/lang/Object."<init>":()V
         4: return

  public T identity(T);
    descriptor: (Ljava/lang/Object;)Ljava/lang/Object;
    flags: (0x0001) ACC_PUBLIC
    Code:
      stack=1, locals=2, args_size=2
         0: aload_1
         1: areturn
    Signature: #15                          // (TT;)TT;

  public T relay(T, boolean);
    descriptor: (Ljava/lang/Object;Z)Ljava/lang/Object;
    flags: (0x0001) ACC_PUBLIC
    Code:
      stack=2, locals=3, args_size=3
         0: iload_2
         1: ifeq          10
         4: aload_0
         5: aload_1
         6: invokevirtual #7                  // Method identity:(Ljava/lang/Object;)Ljava/lang/Object;
         9: areturn
        10: aload_1
        11: areturn
      StackMapTable: number_of_entries = 1
        frame_type = 10 /* same */
    Signature: #19                          // (TT;Z)TT;
}
Signature: #20                          // <T:Ljava/lang/Object;>Ljava/lang/Object;
