Classfile jar:file:///Users/lordcasser/workspace/projects/jarde/openspec/evidence/same-class-generic-call-consumers-2026-10-09/frozen-inputs-v1/openjdk23/debug/PlainUpperBoundOverload/PlainUpperBoundOverload.jar!/PlainUpperBoundOverload.class
  Last modified 2026年10月9日; size 931 bytes
  SHA-256 checksum 5b9c82f3dddbaa8b4d04c3183fa0b6ed3930746ede4ea3b2198638d1ad28879b
  Compiled from "PlainUpperBoundOverload.java"
public class PlainUpperBoundOverload<T extends java.lang.Number> extends java.lang.Object
  minor version: 0
  major version: 52
  flags: (0x0021) ACC_PUBLIC, ACC_SUPER
  this_class: #10                         // PlainUpperBoundOverload
  super_class: #2                         // java/lang/Object
  interfaces: 0, fields: 1, methods: 4, attributes: 2
Constant pool:
   #1 = Methodref          #2.#3          // java/lang/Object."<init>":()V
   #2 = Class              #4             // java/lang/Object
   #3 = NameAndType        #5:#6          // "<init>":()V
   #4 = Utf8               java/lang/Object
   #5 = Utf8               <init>
   #6 = Utf8               ()V
   #7 = String             #8             // number
   #8 = Utf8               number
   #9 = Fieldref           #10.#11        // PlainUpperBoundOverload.selected:Ljava/lang/String;
  #10 = Class              #12            // PlainUpperBoundOverload
  #11 = NameAndType        #13:#14        // selected:Ljava/lang/String;
  #12 = Utf8               PlainUpperBoundOverload
  #13 = Utf8               selected
  #14 = Utf8               Ljava/lang/String;
  #15 = String             #16            // object
  #16 = Utf8               object
  #17 = Methodref          #10.#18        // PlainUpperBoundOverload.pick:(Ljava/lang/Number;)V
  #18 = NameAndType        #19:#20        // pick:(Ljava/lang/Number;)V
  #19 = Utf8               pick
  #20 = Utf8               (Ljava/lang/Number;)V
  #21 = Utf8               Code
  #22 = Utf8               LineNumberTable
  #23 = Utf8               LocalVariableTable
  #24 = Utf8               this
  #25 = Utf8               LPlainUpperBoundOverload;
  #26 = Utf8               LocalVariableTypeTable
  #27 = Utf8               LPlainUpperBoundOverload<TT;>;
  #28 = Utf8               x
  #29 = Utf8               Ljava/lang/Number;
  #30 = Utf8               (Ljava/lang/Object;)V
  #31 = Utf8               Ljava/lang/Object;
  #32 = Utf8               relay
  #33 = Utf8               TT;
  #34 = Utf8               Signature
  #35 = Utf8               (TT;)V
  #36 = Utf8               <T:Ljava/lang/Number;>Ljava/lang/Object;
  #37 = Utf8               SourceFile
  #38 = Utf8               PlainUpperBoundOverload.java
{
  public java.lang.String selected;
    descriptor: Ljava/lang/String;
    flags: (0x0001) ACC_PUBLIC

  public PlainUpperBoundOverload();
    descriptor: ()V
    flags: (0x0001) ACC_PUBLIC
    Code:
      stack=1, locals=1, args_size=1
         0: aload_0
         1: invokespecial #1                  // Method java/lang/Object."<init>":()V
         4: return
      LineNumberTable:
        line 1: 0
      LocalVariableTable:
        Start  Length  Slot  Name   Signature
            0       5     0  this   LPlainUpperBoundOverload;
      LocalVariableTypeTable:
        Start  Length  Slot  Name   Signature
            0       5     0  this   LPlainUpperBoundOverload<TT;>;

  public void pick(java.lang.Number);
    descriptor: (Ljava/lang/Number;)V
    flags: (0x0001) ACC_PUBLIC
    Code:
      stack=2, locals=2, args_size=2
         0: aload_0
         1: ldc           #7                  // String number
         3: putfield      #9                  // Field selected:Ljava/lang/String;
         6: return
      LineNumberTable:
        line 1: 0
      LocalVariableTable:
        Start  Length  Slot  Name   Signature
            0       7     0  this   LPlainUpperBoundOverload;
            0       7     1     x   Ljava/lang/Number;
      LocalVariableTypeTable:
        Start  Length  Slot  Name   Signature
            0       7     0  this   LPlainUpperBoundOverload<TT;>;

  public void pick(java.lang.Object);
    descriptor: (Ljava/lang/Object;)V
    flags: (0x0001) ACC_PUBLIC
    Code:
      stack=2, locals=2, args_size=2
         0: aload_0
         1: ldc           #15                 // String object
         3: putfield      #9                  // Field selected:Ljava/lang/String;
         6: return
      LineNumberTable:
        line 1: 0
      LocalVariableTable:
        Start  Length  Slot  Name   Signature
            0       7     0  this   LPlainUpperBoundOverload;
            0       7     1     x   Ljava/lang/Object;
      LocalVariableTypeTable:
        Start  Length  Slot  Name   Signature
            0       7     0  this   LPlainUpperBoundOverload<TT;>;

  public void relay(T);
    descriptor: (Ljava/lang/Number;)V
    flags: (0x0001) ACC_PUBLIC
    Code:
      stack=2, locals=2, args_size=2
         0: aload_0
         1: aload_1
         2: invokevirtual #17                 // Method pick:(Ljava/lang/Number;)V
         5: return
      LineNumberTable:
        line 1: 0
      LocalVariableTable:
        Start  Length  Slot  Name   Signature
            0       6     0  this   LPlainUpperBoundOverload;
            0       6     1     x   Ljava/lang/Number;
      LocalVariableTypeTable:
        Start  Length  Slot  Name   Signature
            0       6     0  this   LPlainUpperBoundOverload<TT;>;
            0       6     1     x   TT;
    Signature: #35                          // (TT;)V
}
Signature: #36                          // <T:Ljava/lang/Number;>Ljava/lang/Object;
SourceFile: "PlainUpperBoundOverload.java"
