exit=0
stdout_sha256=429192f5f6f3b1ecf2f6855f51f7629b67a970fc1a969c8830394c3b269a64c6
stderr_sha256=5795290231aea547b7023f2e8ce754f4b09076c94836f4a35d773c6433c96d93
member_family.projection.derived.0.anchors.0.bci = 2
member_family.projection.derived.0.anchors.0.kind = "method_point"
member_family.projection.derived.0.anchors.0.method.descriptor = [40,76,101,109,49,50,47,67,97,115,101,59,76,101,109,49,50,47,65,114,103,59,41,76,106,97,118,97,47,108,97,110,103,47,83,116,114,105,110,103,59]
member_family.projection.derived.0.anchors.0.method.name = [97,99,99,101,115,115,36,48,48,49]
member_family.projection.derived.0.anchors.0.method.owner.class_bytes.digest = "7be7e8f3ed401d34223fe4cc9dd524a92ebabf4d3343d1bb0bfb06511060ca12"
member_family.projection.derived.0.anchors.0.method.owner.class_bytes.length = 791
member_family.projection.derived.0.anchors.0.method.owner.location.entry.ordinal = 5
member_family.projection.derived.0.anchors.0.method.owner.location.entry.origin.root_container = "root"
member_family.projection.derived.0.anchors.0.method.owner.location.entry.origin.snapshot = "885131c113d707484ef23a7d55007776a95a684b299ec47da2c1d3fe1cacf2d1"
member_family.projection.derived.0.anchors.0.method.owner.location.entry.origin.steps = []
member_family.projection.derived.0.anchors.0.method.owner.location.entry.raw_name = [101,109,49,50,47,67,97,115,101,46,99,108,97,115,115]
member_family.projection.derived.0.anchors.0.method.owner.location.kind = "archive_entry"
member_family.projection.derived.0.anchors.0.method.owner.variant.kind = "base"
member_family.projection.derived.0.anchors.1.descriptor = [40,76,101,109,49,50,47,65,114,103,59,41,76,106,97,118,97,47,108,97,110,103,47,83,116,114,105,110,103,59]
member_family.projection.derived.0.anchors.1.kind = "outer_super_target"
member_family.projection.derived.0.anchors.1.method.descriptor = [40,76,101,109,49,50,47,65,114,103,59,41,76,106,97,118,97,47,108,97,110,103,47,83,116,114,105,110,103,59]
member_family.projection.derived.0.anchors.1.method.name = [112,105,99,107]
member_family.projection.derived.0.anchors.1.method.owner.class_bytes.digest = "d9af268ffac8d91449b777d1cf9f1d20cd4746a6b6e8d73d1acbd3a656673834"
member_family.projection.derived.0.anchors.1.method.owner.class_bytes.length = 377
member_family.projection.derived.0.anchors.1.method.owner.location.entry.ordinal = 7
member_family.projection.derived.0.anchors.1.method.owner.location.entry.origin.root_container = "root"
member_family.projection.derived.0.anchors.1.method.owner.location.entry.origin.snapshot = "885131c113d707484ef23a7d55007776a95a684b299ec47da2c1d3fe1cacf2d1"
member_family.projection.derived.0.anchors.1.method.owner.location.entry.origin.steps = []
member_family.projection.derived.0.anchors.1.method.owner.location.entry.raw_name = [101,109,49,50,47,80,97,114,101,110,116,46,99,108,97,115,115]
member_family.projection.derived.0.anchors.1.method.owner.location.kind = "archive_entry"
member_family.projection.derived.0.anchors.1.method.owner.variant.kind = "base"
member_family.projection.derived.0.anchors.1.name = [112,105,99,107]
member_family.projection.derived.0.anchors.1.owner = [101,109,49,50,47,80,97,114,101,110,116]
member_family.projection.derived.0.end = 399
member_family.projection.derived.0.kind = "hidden_outer_super_bridge"
member_family.projection.derived.0.start = 360
member_family.projection.derived.1.anchors.0.bci = 18
member_family.projection.derived.1.anchors.0.kind = "method_point"
member_family.projection.derived.1.anchors.0.method.descriptor = [40,91,76,106,97,118,97,47,108,97,110,103,47,83,116,114,105,110,103,59,41,86]
member_family.projection.derived.1.anchors.0.method.name = [109,97,105,110]
member_family.projection.derived.1.anchors.0.method.owner.class_bytes.digest = "7be7e8f3ed401d34223fe4cc9dd524a92ebabf4d3343d1bb0bfb06511060ca12"
member_family.projection.derived.1.anchors.0.method.owner.class_bytes.length = 791
member_family.projection.derived.1.anchors.0.method.owner.location.entry.ordinal = 5
member_family.projection.derived.1.anchors.0.method.owner.location.entry.origin.root_container = "root"
member_family.projection.derived.1.anchors.0.method.owner.location.entry.origin.snapshot = "885131c113d707484ef23a7d55007776a95a684b299ec47da2c1d3fe1cacf2d1"
member_family.projection.derived.1.anchors.0.method.owner.location.entry.origin.steps = []
member_family.projection.derived.1.anchors.0.method.owner.location.entry.raw_name = [101,109,49,50,47,67,97,115,101,46,99,108,97,115,115]
member_family.projection.derived.1.anchors.0.method.owner.location.kind = "archive_entry"
member_family.projection.derived.1.anchors.0.method.owner.variant.kind = "base"
member_family.projection.derived.1.anchors.1.bci = 28
member_family.projection.derived.1.anchors.1.kind = "method_point"
member_family.projection.derived.1.anchors.1.method.descriptor = [40,91,76,106,97,118,97,47,108,97,110,103,47,83,116,114,105,110,103,59,41,86]
member_family.projection.derived.1.anchors.1.method.name = [109,97,105,110]
member_family.projection.derived.1.anchors.1.method.owner.class_bytes.digest = "7be7e8f3ed401d34223fe4cc9dd524a92ebabf4d3343d1bb0bfb06511060ca12"
member_family.projection.derived.1.anchors.1.method.owner.class_bytes.length = 791
member_family.projection.derived.1.anchors.1.method.owner.location.entry.ordinal = 5
member_family.projection.derived.1.anchors.1.method.owner.location.entry.origin.root_container = "root"
member_family.projection.derived.1.anchors.1.method.owner.location.entry.origin.snapshot = "885131c113d707484ef23a7d55007776a95a684b299ec47da2c1d3fe1cacf2d1"
member_family.projection.derived.1.anchors.1.method.owner.location.entry.origin.steps = []
member_family.projection.derived.1.anchors.1.method.owner.location.entry.raw_name = [101,109,49,50,47,67,97,115,101,46,99,108,97,115,115]
member_family.projection.derived.1.anchors.1.method.owner.location.kind = "archive_entry"
member_family.projection.derived.1.anchors.1.method.owner.variant.kind = "base"
member_family.projection.derived.1.anchors.2.index = 0
member_family.projection.derived.1.anchors.2.kind = "constructor_parameter"
member_family.projection.derived.1.anchors.2.method.descriptor = [40,76,101,109,49,50,47,67,97,115,101,59,41,86]
member_family.projection.derived.1.anchors.2.method.name = [60,105,110,105,116,62]
member_family.projection.derived.1.anchors.2.method.owner.class_bytes.digest = "7318bcb658a92fc828c158e5cc35fb1265e4ecbe60a899f0fa0179fee548b6d8"
member_family.projection.derived.1.anchors.2.method.owner.class_bytes.length = 496
member_family.projection.derived.1.anchors.2.method.owner.location.entry.ordinal = 4
member_family.projection.derived.1.anchors.2.method.owner.location.entry.origin.root_container = "root"
member_family.projection.derived.1.anchors.2.method.owner.location.entry.origin.snapshot = "885131c113d707484ef23a7d55007776a95a684b299ec47da2c1d3fe1cacf2d1"
member_family.projection.derived.1.anchors.2.method.owner.location.entry.origin.steps = []
member_family.projection.derived.1.anchors.2.method.owner.location.entry.raw_name = [101,109,49,50,47,67,97,115,101,36,77,101,109,98,101,114,46,99,108,97,115,115]
member_family.projection.derived.1.anchors.2.method.owner.location.kind = "archive_entry"
member_family.projection.derived.1.anchors.2.method.owner.variant.kind = "base"
member_family.projection.derived.1.end = 1121
member_family.projection.derived.1.kind = "member_construction"
member_family.projection.derived.1.start = 1111
member_family.projection.derived.2.anchors.0.field.member.descriptor = [76,101,109,49,50,47,67,97,115,101,59]
member_family.projection.derived.2.anchors.0.field.member.kind = "field"
member_family.projection.derived.2.anchors.0.field.member.name = [116,104,105,115,36,48]
member_family.projection.derived.2.anchors.0.field.owner.class_bytes.digest = "7318bcb658a92fc828c158e5cc35fb1265e4ecbe60a899f0fa0179fee548b6d8"
member_family.projection.derived.2.anchors.0.field.owner.class_bytes.length = 496
member_family.projection.derived.2.anchors.0.field.owner.location.entry.ordinal = 4
member_family.projection.derived.2.anchors.0.field.owner.location.entry.origin.root_container = "root"
member_family.projection.derived.2.anchors.0.field.owner.location.entry.origin.snapshot = "885131c113d707484ef23a7d55007776a95a684b299ec47da2c1d3fe1cacf2d1"
member_family.projection.derived.2.anchors.0.field.owner.location.entry.origin.steps = []
member_family.projection.derived.2.anchors.0.field.owner.location.entry.raw_name = [101,109,49,50,47,67,97,115,101,36,77,101,109,98,101,114,46,99,108,97,115,115]
member_family.projection.derived.2.anchors.0.field.owner.location.kind = "archive_entry"
member_family.projection.derived.2.anchors.0.field.owner.variant.kind = "base"
member_family.projection.derived.2.anchors.0.index = 0
member_family.projection.derived.2.anchors.0.kind = "field"
member_family.projection.derived.2.end = 1214
member_family.projection.derived.2.kind = "hidden_capture_field"
member_family.projection.derived.2.start = 1171
member_family.projection.derived.3.anchors.0.index = 0
member_family.projection.derived.3.anchors.0.kind = "constructor_parameter"
member_family.projection.derived.3.anchors.0.method.descriptor = [40,76,101,109,49,50,47,67,97,115,101,59,41,86]
member_family.projection.derived.3.anchors.0.method.name = [60,105,110,105,116,62]
member_family.projection.derived.3.anchors.0.method.owner.class_bytes.digest = "7318bcb658a92fc828c158e5cc35fb1265e4ecbe60a899f0fa0179fee548b6d8"
member_family.projection.derived.3.anchors.0.method.owner.class_bytes.length = 496
member_family.projection.derived.3.anchors.0.method.owner.location.entry.ordinal = 4
member_family.projection.derived.3.anchors.0.method.owner.location.entry.origin.root_container = "root"
member_family.projection.derived.3.anchors.0.method.owner.location.entry.origin.snapshot = "885131c113d707484ef23a7d55007776a95a684b299ec47da2c1d3fe1cacf2d1"
member_family.projection.derived.3.anchors.0.method.owner.location.entry.origin.steps = []
member_family.projection.derived.3.anchors.0.method.owner.location.entry.raw_name = [101,109,49,50,47,67,97,115,101,36,77,101,109,98,101,114,46,99,108,97,115,115]
member_family.projection.derived.3.anchors.0.method.owner.location.kind = "archive_entry"
member_family.projection.derived.3.anchors.0.method.owner.variant.kind = "base"
member_family.projection.derived.3.end = 1233
member_family.projection.derived.3.kind = "hidden_constructor_parameter"
member_family.projection.derived.3.start = 1219
member_family.projection.derived.4.anchors.0.bci = 2
member_family.projection.derived.4.anchors.0.kind = "method_point"
member_family.projection.derived.4.anchors.0.method.descriptor = [40,76,101,109,49,50,47,67,97,115,101,59,41,86]
member_family.projection.derived.4.anchors.0.method.name = [60,105,110,105,116,62]
member_family.projection.derived.4.anchors.0.method.owner.class_bytes.digest = "7318bcb658a92fc828c158e5cc35fb1265e4ecbe60a899f0fa0179fee548b6d8"
member_family.projection.derived.4.anchors.0.method.owner.class_bytes.length = 496
member_family.projection.derived.4.anchors.0.method.owner.location.entry.ordinal = 4
member_family.projection.derived.4.anchors.0.method.owner.location.entry.origin.root_container = "root"
member_family.projection.derived.4.anchors.0.method.owner.location.entry.origin.snapshot = "885131c113d707484ef23a7d55007776a95a684b299ec47da2c1d3fe1cacf2d1"
member_family.projection.derived.4.anchors.0.method.owner.location.entry.origin.steps = []
member_family.projection.derived.4.anchors.0.method.owner.location.entry.raw_name = [101,109,49,50,47,67,97,115,101,36,77,101,109,98,101,114,46,99,108,97,115,115]
member_family.projection.derived.4.anchors.0.method.owner.location.kind = "archive_entry"
member_family.projection.derived.4.anchors.0.method.owner.variant.kind = "base"
member_family.projection.derived.4.end = 1233
member_family.projection.derived.4.kind = "hidden_capture_write"
member_family.projection.derived.4.start = 1219
member_family.projection.derived.5.anchors.0.bci = 5
member_family.projection.derived.5.anchors.0.kind = "method_point"
member_family.projection.derived.5.anchors.0.method.descriptor = [40,76,101,109,49,50,47,65,114,103,59,41,76,106,97,118,97,47,108,97,110,103,47,83,116,114,105,110,103,59]
member_family.projection.derived.5.anchors.0.method.name = [99,97,108,108]
member_family.projection.derived.5.anchors.0.method.owner.class_bytes.digest = "7318bcb658a92fc828c158e5cc35fb1265e4ecbe60a899f0fa0179fee548b6d8"
member_family.projection.derived.5.anchors.0.method.owner.class_bytes.length = 496
member_family.projection.derived.5.anchors.0.method.owner.location.entry.ordinal = 4
member_family.projection.derived.5.anchors.0.method.owner.location.entry.origin.root_container = "root"
member_family.projection.derived.5.anchors.0.method.owner.location.entry.origin.snapshot = "885131c113d707484ef23a7d55007776a95a684b299ec47da2c1d3fe1cacf2d1"
member_family.projection.derived.5.anchors.0.method.owner.location.entry.origin.steps = []
member_family.projection.derived.5.anchors.0.method.owner.location.entry.raw_name = [101,109,49,50,47,67,97,115,101,36,77,101,109,98,101,114,46,99,108,97,115,115]
member_family.projection.derived.5.anchors.0.method.owner.location.kind = "archive_entry"
member_family.projection.derived.5.anchors.0.method.owner.variant.kind = "base"
member_family.projection.derived.5.anchors.1.bci = 1
member_family.projection.derived.5.anchors.1.kind = "method_point"
member_family.projection.derived.5.anchors.1.method.descriptor = [40,76,101,109,49,50,47,65,114,103,59,41,76,106,97,118,97,47,108,97,110,103,47,83,116,114,105,110,103,59]
member_family.projection.derived.5.anchors.1.method.name = [99,97,108,108]
member_family.projection.derived.5.anchors.1.method.owner.class_bytes.digest = "7318bcb658a92fc828c158e5cc35fb1265e4ecbe60a899f0fa0179fee548b6d8"
member_family.projection.derived.5.anchors.1.method.owner.class_bytes.length = 496
member_family.projection.derived.5.anchors.1.method.owner.location.entry.ordinal = 4
member_family.projection.derived.5.anchors.1.method.owner.location.entry.origin.root_container = "root"
member_family.projection.derived.5.anchors.1.method.owner.location.entry.origin.snapshot = "885131c113d707484ef23a7d55007776a95a684b299ec47da2c1d3fe1cacf2d1"
member_family.projection.derived.5.anchors.1.method.owner.location.entry.origin.steps = []
member_family.projection.derived.5.anchors.1.method.owner.location.entry.raw_name = [101,109,49,50,47,67,97,115,101,36,77,101,109,98,101,114,46,99,108,97,115,115]
member_family.projection.derived.5.anchors.1.method.owner.location.kind = "archive_entry"
member_family.projection.derived.5.anchors.1.method.owner.variant.kind = "base"
member_family.projection.derived.5.anchors.2.field.member.descriptor = [76,101,109,49,50,47,67,97,115,101,59]
member_family.projection.derived.5.anchors.2.field.member.kind = "field"
member_family.projection.derived.5.anchors.2.field.member.name = [116,104,105,115,36,48]
member_family.projection.derived.5.anchors.2.field.owner.class_bytes.digest = "7318bcb658a92fc828c158e5cc35fb1265e4ecbe60a899f0fa0179fee548b6d8"
member_family.projection.derived.5.anchors.2.field.owner.class_bytes.length = 496
member_family.projection.derived.5.anchors.2.field.owner.location.entry.ordinal = 4
member_family.projection.derived.5.anchors.2.field.owner.location.entry.origin.root_container = "root"
member_family.projection.derived.5.anchors.2.field.owner.location.entry.origin.snapshot = "885131c113d707484ef23a7d55007776a95a684b299ec47da2c1d3fe1cacf2d1"
member_family.projection.derived.5.anchors.2.field.owner.location.entry.origin.steps = []
member_family.projection.derived.5.anchors.2.field.owner.location.entry.raw_name = [101,109,49,50,47,67,97,115,101,36,77,101,109,98,101,114,46,99,108,97,115,115]
member_family.projection.derived.5.anchors.2.field.owner.location.kind = "archive_entry"
member_family.projection.derived.5.anchors.2.field.owner.variant.kind = "base"
member_family.projection.derived.5.anchors.2.index = 0
member_family.projection.derived.5.anchors.2.kind = "field"
member_family.projection.derived.5.anchors.3.bci = 2
member_family.projection.derived.5.anchors.3.kind = "method_point"
member_family.projection.derived.5.anchors.3.method.descriptor = [40,76,101,109,49,50,47,67,97,115,101,59,41,86]
member_family.projection.derived.5.anchors.3.method.name = [60,105,110,105,116,62]
member_family.projection.derived.5.anchors.3.method.owner.class_bytes.digest = "7318bcb658a92fc828c158e5cc35fb1265e4ecbe60a899f0fa0179fee548b6d8"
member_family.projection.derived.5.anchors.3.method.owner.class_bytes.length = 496
member_family.projection.derived.5.anchors.3.method.owner.location.entry.ordinal = 4
member_family.projection.derived.5.anchors.3.method.owner.location.entry.origin.root_container = "root"
member_family.projection.derived.5.anchors.3.method.owner.location.entry.origin.snapshot = "885131c113d707484ef23a7d55007776a95a684b299ec47da2c1d3fe1cacf2d1"
member_family.projection.derived.5.anchors.3.method.owner.location.entry.origin.steps = []
member_family.projection.derived.5.anchors.3.method.owner.location.entry.raw_name = [101,109,49,50,47,67,97,115,101,36,77,101,109,98,101,114,46,99,108,97,115,115]
member_family.projection.derived.5.anchors.3.method.owner.location.kind = "archive_entry"
member_family.projection.derived.5.anchors.3.method.owner.variant.kind = "base"
member_family.projection.derived.5.anchors.4.bci = 2
member_family.projection.derived.5.anchors.4.kind = "method_point"
member_family.projection.derived.5.anchors.4.method.descriptor = [40,76,101,109,49,50,47,67,97,115,101,59,76,101,109,49,50,47,65,114,103,59,41,76,106,97,118,97,47,108,97,110,103,47,83,116,114,105,110,103,59]
member_family.projection.derived.5.anchors.4.method.name = [97,99,99,101,115,115,36,48,48,49]
member_family.projection.derived.5.anchors.4.method.owner.class_bytes.digest = "7be7e8f3ed401d34223fe4cc9dd524a92ebabf4d3343d1bb0bfb06511060ca12"
member_family.projection.derived.5.anchors.4.method.owner.class_bytes.length = 791
member_family.projection.derived.5.anchors.4.method.owner.location.entry.ordinal = 5
member_family.projection.derived.5.anchors.4.method.owner.location.entry.origin.root_container = "root"
member_family.projection.derived.5.anchors.4.method.owner.location.entry.origin.snapshot = "885131c113d707484ef23a7d55007776a95a684b299ec47da2c1d3fe1cacf2d1"
member_family.projection.derived.5.anchors.4.method.owner.location.entry.origin.steps = []
member_family.projection.derived.5.anchors.4.method.owner.location.entry.raw_name = [101,109,49,50,47,67,97,115,101,46,99,108,97,115,115]
member_family.projection.derived.5.anchors.4.method.owner.location.kind = "archive_entry"
member_family.projection.derived.5.anchors.4.method.owner.variant.kind = "base"
member_family.projection.derived.5.anchors.5.descriptor = [40,76,101,109,49,50,47,65,114,103,59,41,76,106,97,118,97,47,108,97,110,103,47,83,116,114,105,110,103,59]
member_family.projection.derived.5.anchors.5.kind = "outer_super_target"
member_family.projection.derived.5.anchors.5.method.descriptor = [40,76,101,109,49,50,47,65,114,103,59,41,76,106,97,118,97,47,108,97,110,103,47,83,116,114,105,110,103,59]
member_family.projection.derived.5.anchors.5.method.name = [112,105,99,107]
member_family.projection.derived.5.anchors.5.method.owner.class_bytes.digest = "d9af268ffac8d91449b777d1cf9f1d20cd4746a6b6e8d73d1acbd3a656673834"
member_family.projection.derived.5.anchors.5.method.owner.class_bytes.length = 377
member_family.projection.derived.5.anchors.5.method.owner.location.entry.ordinal = 7
member_family.projection.derived.5.anchors.5.method.owner.location.entry.origin.root_container = "root"
member_family.projection.derived.5.anchors.5.method.owner.location.entry.origin.snapshot = "885131c113d707484ef23a7d55007776a95a684b299ec47da2c1d3fe1cacf2d1"
member_family.projection.derived.5.anchors.5.method.owner.location.entry.origin.steps = []
member_family.projection.derived.5.anchors.5.method.owner.location.entry.raw_name = [101,109,49,50,47,80,97,114,101,110,116,46,99,108,97,115,115]
member_family.projection.derived.5.anchors.5.method.owner.location.kind = "archive_entry"
member_family.projection.derived.5.anchors.5.method.owner.variant.kind = "base"
member_family.projection.derived.5.anchors.5.name = [112,105,99,107]
member_family.projection.derived.5.anchors.5.owner = [101,109,49,50,47,80,97,114,101,110,116]
member_family.projection.derived.5.end = 1599
member_family.projection.derived.5.kind = "outer_super_call"
member_family.projection.derived.5.start = 1579
member_family.projection.state = "projected"
