Classfile jar:file:/Users/lordcasser/workspace/projects/jarde/openspec/evidence/same-class-generic-call-consumers-2026-10-09/frozen-inputs-v1/corretto8/debug/NullCall/NullCall.jar!/NullCall.class
  Last modified 2026-10-9; size 708 bytes
  MD5 checksum a6f1d509dd7878684793997a95970df2
  Compiled from "NullCall.java"
public class NullCall<T extends java.lang.Object> extends java.lang.Object
  minor version: 0
  major version: 52
  flags: ACC_PUBLIC, ACC_SUPER
Constant pool:
   #1 = Methodref          #4.#27         // java/lang/Object."<init>":()V
   #2 = Methodref          #3.#28         // NullCall.identity:(Ljava/lang/Object;)Ljava/lang/Object;
   #3 = Class              #29            // NullCall
   #4 = Class              #30            // java/lang/Object
   #5 = Utf8               <init>
   #6 = Utf8               ()V
   #7 = Utf8               Code
   #8 = Utf8               LineNumberTable
   #9 = Utf8               LocalVariableTable
  #10 = Utf8               this
  #11 = Utf8               LNullCall;
  #12 = Utf8               LocalVariableTypeTable
  #13 = Utf8               LNullCall<TT;>;
  #14 = Utf8               identity
  #15 = Utf8               (Ljava/lang/Object;)Ljava/lang/Object;
  #16 = Utf8               x
  #17 = Utf8               Ljava/lang/Object;
  #18 = Utf8               TT;
  #19 = Utf8               Signature
  #20 = Utf8               (TT;)TT;
  #21 = Utf8               relay
  #22 = Utf8               ()Ljava/lang/Object;
  #23 = Utf8               ()TT;
  #24 = Utf8               <T:Ljava/lang/Object;>Ljava/lang/Object;
  #25 = Utf8               SourceFile
  #26 = Utf8               NullCall.java
  #27 = NameAndType        #5:#6          // "<init>":()V
  #28 = NameAndType        #14:#15        // identity:(Ljava/lang/Object;)Ljava/lang/Object;
  #29 = Utf8               NullCall
  #30 = Utf8               java/lang/Object
{
  public NullCall();
    descriptor: ()V
    flags: ACC_PUBLIC
    Code:
      stack=1, locals=1, args_size=1
         0: aload_0
         1: invokespecial #1                  // Method java/lang/Object."<init>":()V
         4: return
      LineNumberTable:
        line 1: 0
      LocalVariableTable:
        Start  Length  Slot  Name   Signature
            0       5     0  this   LNullCall;
      LocalVariableTypeTable:
        Start  Length  Slot  Name   Signature
            0       5     0  this   LNullCall<TT;>;

  public T identity(T);
    descriptor: (Ljava/lang/Object;)Ljava/lang/Object;
    flags: ACC_PUBLIC
    Code:
      stack=1, locals=2, args_size=2
         0: aload_1
         1: areturn
      LineNumberTable:
        line 1: 0
      LocalVariableTable:
        Start  Length  Slot  Name   Signature
            0       2     0  this   LNullCall;
            0       2     1     x   Ljava/lang/Object;
      LocalVariableTypeTable:
        Start  Length  Slot  Name   Signature
            0       2     0  this   LNullCall<TT;>;
            0       2     1     x   TT;
    Signature: #20                          // (TT;)TT;

  public T relay();
    descriptor: ()Ljava/lang/Object;
    flags: ACC_PUBLIC
    Code:
      stack=2, locals=1, args_size=1
         0: aload_0
         1: aconst_null
         2: invokevirtual #2                  // Method identity:(Ljava/lang/Object;)Ljava/lang/Object;
         5: areturn
      LineNumberTable:
        line 1: 0
      LocalVariableTable:
        Start  Length  Slot  Name   Signature
            0       6     0  this   LNullCall;
      LocalVariableTypeTable:
        Start  Length  Slot  Name   Signature
            0       6     0  this   LNullCall<TT;>;
    Signature: #23                          // ()TT;
}
Signature: #24                          // <T:Ljava/lang/Object;>Ljava/lang/Object;
SourceFile: "NullCall.java"
